2026-01-24 19:37:56 - RNN_Baseline - INFO - Logging initialized. Log file: results_rnn_baseline/dataset_alph/logs/training_20260124_193756.log
2026-01-24 19:37:56 - RNN_Baseline - INFO - ======================================================================
2026-01-24 19:37:56 - RNN_Baseline - INFO - RNN BASELINE TRAINING SCRIPT
2026-01-24 19:37:56 - RNN_Baseline - INFO - ======================================================================
2026-01-24 19:37:56 - RNN_Baseline - INFO - Arguments:
2026-01-24 19:37:56 - RNN_Baseline - INFO -   path_csv: /cluster/home/michechi/MIMICIV/data/simulation/tested/
2026-01-24 19:37:56 - RNN_Baseline - INFO -   number_to_use: alph
2026-01-24 19:37:56 - RNN_Baseline - INFO -   sequence_column: Sequences
2026-01-24 19:37:56 - RNN_Baseline - INFO -   label_column: Outcome
2026-01-24 19:37:56 - RNN_Baseline - INFO -   test_rnd: False
2026-01-24 19:37:56 - RNN_Baseline - INFO -   sequence_separator: 
2026-01-24 19:37:56 - RNN_Baseline - INFO -   models: LSTM,Transformer,RNNTransformer
2026-01-24 19:37:56 - RNN_Baseline - INFO -   no_search: False
2026-01-24 19:37:56 - RNN_Baseline - INFO -   search_trials: 5
2026-01-24 19:37:56 - RNN_Baseline - INFO -   batch_size: 64
2026-01-24 19:37:56 - RNN_Baseline - INFO -   final_epochs: 20
2026-01-24 19:37:56 - RNN_Baseline - INFO -   seed: 12345
2026-01-24 19:37:56 - RNN_Baseline - INFO -   save_models: True
2026-01-24 19:37:56 - RNN_Baseline - INFO -   output_dir: results_rnn_baseline
2026-01-24 19:37:56 - RNN_Baseline - INFO - Random seed set to: 12345
2026-01-24 19:37:57 - RNN_Baseline - INFO - Using device: cuda
2026-01-24 19:37:57 - RNN_Baseline - INFO -   GPU: NVIDIA GH200 120GB
2026-01-24 19:37:57 - RNN_Baseline - INFO -   Memory: 102.01 GB
2026-01-24 19:37:57 - RNN_Baseline - INFO - Loading data from: /cluster/home/michechi/MIMICIV/data/simulation/tested/
2026-01-24 19:37:57 - RNN_Baseline - INFO - Using dataset number: alph
2026-01-24 19:37:57 - RNN_Baseline - INFO - Sequence separator: '\x1f'
2026-01-24 19:37:57 - RNN_Baseline - DEBUG - CSV files loaded successfully
2026-01-24 19:37:57 - RNN_Baseline - INFO - Preprocessing sequences (splitting by separator)...
2026-01-24 19:37:57 - RNN_Baseline - DEBUG -   Example raw sequence: 'C\x1fD\x1fG\x1fK\x1fK\x1fK\x1fL\x1fM\x1fM\x1fN\x1fP\x1fP\x1fR\x1fS\x1fS\x1fT\x1fU\x1fU\x1fZ\x1fZ'
2026-01-24 19:37:58 - RNN_Baseline - DEBUG -   Example processed sequence: CDGKKKLMMNPPRSSTUUZZ
2026-01-24 19:37:58 - RNN_Baseline - INFO - Data loaded successfully:
2026-01-24 19:37:58 - RNN_Baseline - INFO -   Train: 320000 sequences
2026-01-24 19:37:58 - RNN_Baseline - INFO -   Val:   40000 sequences
2026-01-24 19:37:58 - RNN_Baseline - INFO -   Test:  40000 sequences
2026-01-24 19:37:58 - RNN_Baseline - INFO -   Class distribution (train): 159973 (label=0) / 160027 (label=1)
2026-01-24 19:37:58 - RNN_Baseline - INFO -   Sequence length: min=20, max=20, mean=20.0
2026-01-24 19:37:58 - RNN_Baseline - INFO - Maximum sequence length in dataset: 20
2026-01-24 19:37:58 - RNN_Baseline - INFO - Creating PyTorch datasets...
2026-01-24 19:37:58 - RNN_Baseline - INFO - Creating dataloaders (batch_size=64)...
2026-01-24 19:37:58 - RNN_Baseline - INFO -   Train batches: 5000
2026-01-24 19:37:58 - RNN_Baseline - INFO -   Val batches:   625
2026-01-24 19:37:58 - RNN_Baseline - INFO -   Test batches:  625
2026-01-24 19:37:58 - RNN_Baseline - INFO - Models to train: LSTM, Transformer, RNNTransformer
2026-01-24 19:37:58 - RNN_Baseline - INFO - 
######################################################################
2026-01-24 19:37:58 - RNN_Baseline - INFO - # TRAINING LSTM
2026-01-24 19:37:58 - RNN_Baseline - INFO - ######################################################################
2026-01-24 19:37:58 - RNN_Baseline - INFO - ============================================================
2026-01-24 19:37:58 - RNN_Baseline - INFO - RANDOM SEARCH for LSTM (5 trials)
2026-01-24 19:37:58 - RNN_Baseline - INFO - ============================================================
2026-01-24 19:37:58 - RNN_Baseline - INFO - 
Trial 1/5:
2026-01-24 19:37:58 - RNN_Baseline - INFO -   Config: {'vocab_size': 26, 'embedding_dim': 32, 'hidden_dim': 128, 'num_layers': 1, 'num_classes': 2, 'dropout': 0.3}
2026-01-24 19:37:58 - RNN_Baseline - INFO -   LR: 0.001
2026-01-24 19:37:58 - RNN_Baseline - DEBUG -   Model parameters: 84,034
2026-01-24 19:37:58 - RNN_Baseline - INFO - Starting training for LSTM_trial0
2026-01-24 19:37:58 - RNN_Baseline - DEBUG -   Device: cuda
2026-01-24 19:37:58 - RNN_Baseline - DEBUG -   Epochs: 15
2026-01-24 19:37:58 - RNN_Baseline - DEBUG -   Learning rate: 0.001
2026-01-24 19:38:11 - RNN_Baseline - DEBUG -   Epoch 1/15: NEW BEST - Train Loss: 0.2864, Val F1: 0.9505, Val AUC: 0.9502
2026-01-24 19:38:23 - RNN_Baseline - DEBUG -   Epoch 2/15: NEW BEST - Train Loss: 0.1758, Val F1: 0.9516, Val AUC: 0.9501
2026-01-24 19:38:34 - RNN_Baseline - DEBUG -   Epoch 3/15: NEW BEST - Train Loss: 0.1729, Val F1: 0.9531, Val AUC: 0.9507
2026-01-24 19:38:45 - RNN_Baseline - DEBUG -   Epoch 4/15: Train Loss: 0.1725, Val F1: 0.9529, Val AUC: 0.9512 (patience: 1/5)
2026-01-24 19:38:57 - RNN_Baseline - DEBUG -   Epoch 5/15: NEW BEST - Train Loss: 0.1707, Val F1: 0.9532, Val AUC: 0.9514
2026-01-24 19:38:57 - RNN_Baseline - INFO -   Epoch [5/15] Train Loss: 0.1707, Val F1: 0.9532, Val AUC: 0.9514
2026-01-24 19:39:08 - RNN_Baseline - DEBUG -   Epoch 6/15: NEW BEST - Train Loss: 0.1692, Val F1: 0.9542, Val AUC: 0.9535
2026-01-24 19:39:20 - RNN_Baseline - DEBUG -   Epoch 7/15: NEW BEST - Train Loss: 0.1661, Val F1: 0.9543, Val AUC: 0.9530
2026-01-24 19:39:31 - RNN_Baseline - DEBUG -   Epoch 8/15: NEW BEST - Train Loss: 0.1669, Val F1: 0.9543, Val AUC: 0.9521
2026-01-24 19:39:43 - RNN_Baseline - DEBUG -   Epoch 9/15: NEW BEST - Train Loss: 0.1657, Val F1: 0.9543, Val AUC: 0.9534
2026-01-24 19:39:55 - RNN_Baseline - DEBUG -   Epoch 10/15: NEW BEST - Train Loss: 0.1655, Val F1: 0.9543, Val AUC: 0.9535
2026-01-24 19:39:55 - RNN_Baseline - INFO -   Epoch [10/15] Train Loss: 0.1655, Val F1: 0.9543, Val AUC: 0.9535
2026-01-24 19:40:06 - RNN_Baseline - DEBUG -   Epoch 11/15: Train Loss: 0.1651, Val F1: 0.9543, Val AUC: 0.9535 (patience: 1/5)
2026-01-24 19:40:18 - RNN_Baseline - DEBUG -   Epoch 12/15: Train Loss: 0.1652, Val F1: 0.9543, Val AUC: 0.9532 (patience: 2/5)
2026-01-24 19:40:30 - RNN_Baseline - DEBUG -   Epoch 13/15: Train Loss: 0.1647, Val F1: 0.9543, Val AUC: 0.9539 (patience: 3/5)
2026-01-24 19:40:41 - RNN_Baseline - DEBUG -   Epoch 14/15: Train Loss: 0.1646, Val F1: 0.9542, Val AUC: 0.9535 (patience: 4/5)
2026-01-24 19:40:53 - RNN_Baseline - DEBUG -   Epoch 15/15: Train Loss: 0.1645, Val F1: 0.9542, Val AUC: 0.9537 (patience: 5/5)
2026-01-24 19:40:53 - RNN_Baseline - INFO -   Epoch [15/15] Train Loss: 0.1645, Val F1: 0.9542, Val AUC: 0.9537
2026-01-24 19:40:53 - RNN_Baseline - INFO -   Early stopping at epoch 15
2026-01-24 19:40:53 - RNN_Baseline - INFO - Training completed. Best epoch: 10, Best Val F1: 0.9543
2026-01-24 19:40:53 - RNN_Baseline - INFO -   → Val F1: 0.9543
2026-01-24 19:40:53 - RNN_Baseline - INFO - 
Trial 2/5:
2026-01-24 19:40:53 - RNN_Baseline - INFO -   Config: {'vocab_size': 26, 'embedding_dim': 16, 'hidden_dim': 64, 'num_layers': 3, 'num_classes': 2, 'dropout': 0.4}
2026-01-24 19:40:53 - RNN_Baseline - INFO -   LR: 0.0005
2026-01-24 19:40:53 - RNN_Baseline - DEBUG -   Model parameters: 88,098
2026-01-24 19:40:53 - RNN_Baseline - INFO - Starting training for LSTM_trial1
2026-01-24 19:40:53 - RNN_Baseline - DEBUG -   Device: cuda
2026-01-24 19:40:53 - RNN_Baseline - DEBUG -   Epochs: 15
2026-01-24 19:40:53 - RNN_Baseline - DEBUG -   Learning rate: 0.0005
2026-01-24 19:41:07 - RNN_Baseline - DEBUG -   Epoch 1/15: NEW BEST - Train Loss: 0.4033, Val F1: 0.9148, Val AUC: 0.9365
2026-01-24 19:41:21 - RNN_Baseline - DEBUG -   Epoch 2/15: NEW BEST - Train Loss: 0.2248, Val F1: 0.9436, Val AUC: 0.9489
2026-01-24 19:41:36 - RNN_Baseline - DEBUG -   Epoch 3/15: NEW BEST - Train Loss: 0.1892, Val F1: 0.9510, Val AUC: 0.9516
2026-01-24 19:41:50 - RNN_Baseline - DEBUG -   Epoch 4/15: NEW BEST - Train Loss: 0.1766, Val F1: 0.9525, Val AUC: 0.9519
2026-01-24 19:42:04 - RNN_Baseline - DEBUG -   Epoch 5/15: NEW BEST - Train Loss: 0.1741, Val F1: 0.9527, Val AUC: 0.9519
2026-01-24 19:42:04 - RNN_Baseline - INFO -   Epoch [5/15] Train Loss: 0.1741, Val F1: 0.9527, Val AUC: 0.9519
2026-01-24 19:42:19 - RNN_Baseline - DEBUG -   Epoch 6/15: Train Loss: 0.1724, Val F1: 0.9509, Val AUC: 0.9507 (patience: 1/5)
2026-01-24 19:42:33 - RNN_Baseline - DEBUG -   Epoch 7/15: NEW BEST - Train Loss: 0.1710, Val F1: 0.9527, Val AUC: 0.9516
2026-01-24 19:42:47 - RNN_Baseline - DEBUG -   Epoch 8/15: NEW BEST - Train Loss: 0.1703, Val F1: 0.9529, Val AUC: 0.9517
2026-01-24 19:43:01 - RNN_Baseline - DEBUG -   Epoch 9/15: Train Loss: 0.1699, Val F1: 0.9529, Val AUC: 0.9518 (patience: 1/5)
2026-01-24 19:43:16 - RNN_Baseline - DEBUG -   Epoch 10/15: NEW BEST - Train Loss: 0.1699, Val F1: 0.9529, Val AUC: 0.9516
2026-01-24 19:43:16 - RNN_Baseline - INFO -   Epoch [10/15] Train Loss: 0.1699, Val F1: 0.9529, Val AUC: 0.9516
2026-01-24 19:43:30 - RNN_Baseline - DEBUG -   Epoch 11/15: Train Loss: 0.1695, Val F1: 0.9528, Val AUC: 0.9514 (patience: 1/5)
2026-01-24 19:43:44 - RNN_Baseline - DEBUG -   Epoch 12/15: Train Loss: 0.1694, Val F1: 0.9528, Val AUC: 0.9512 (patience: 2/5)
2026-01-24 19:43:59 - RNN_Baseline - DEBUG -   Epoch 13/15: NEW BEST - Train Loss: 0.1677, Val F1: 0.9542, Val AUC: 0.9520
2026-01-24 19:44:13 - RNN_Baseline - DEBUG -   Epoch 14/15: Train Loss: 0.1655, Val F1: 0.9541, Val AUC: 0.9523 (patience: 1/5)
2026-01-24 19:44:27 - RNN_Baseline - DEBUG -   Epoch 15/15: NEW BEST - Train Loss: 0.1654, Val F1: 0.9543, Val AUC: 0.9526
2026-01-24 19:44:27 - RNN_Baseline - INFO -   Epoch [15/15] Train Loss: 0.1654, Val F1: 0.9543, Val AUC: 0.9526
2026-01-24 19:44:27 - RNN_Baseline - INFO - Training completed. Best epoch: 15, Best Val F1: 0.9543
2026-01-24 19:44:27 - RNN_Baseline - INFO -   → Val F1: 0.9543
2026-01-24 19:44:27 - RNN_Baseline - INFO - 
Trial 3/5:
2026-01-24 19:44:27 - RNN_Baseline - INFO -   Config: {'vocab_size': 26, 'embedding_dim': 32, 'hidden_dim': 32, 'num_layers': 2, 'num_classes': 2, 'dropout': 0.3}
2026-01-24 19:44:27 - RNN_Baseline - INFO -   LR: 0.0005
2026-01-24 19:44:27 - RNN_Baseline - DEBUG -   Model parameters: 17,794
2026-01-24 19:44:27 - RNN_Baseline - INFO - Starting training for LSTM_trial2
2026-01-24 19:44:27 - RNN_Baseline - DEBUG -   Device: cuda
2026-01-24 19:44:27 - RNN_Baseline - DEBUG -   Epochs: 15
2026-01-24 19:44:27 - RNN_Baseline - DEBUG -   Learning rate: 0.0005
2026-01-24 19:44:40 - RNN_Baseline - DEBUG -   Epoch 1/15: NEW BEST - Train Loss: 0.3513, Val F1: 0.9332, Val AUC: 0.9484
2026-01-24 19:44:53 - RNN_Baseline - DEBUG -   Epoch 2/15: NEW BEST - Train Loss: 0.2107, Val F1: 0.9491, Val AUC: 0.9523
2026-01-24 19:45:06 - RNN_Baseline - DEBUG -   Epoch 3/15: Train Loss: 0.1889, Val F1: 0.9362, Val AUC: 0.9497 (patience: 1/5)
2026-01-24 19:45:20 - RNN_Baseline - DEBUG -   Epoch 4/15: NEW BEST - Train Loss: 0.1796, Val F1: 0.9528, Val AUC: 0.9537
2026-01-24 19:45:33 - RNN_Baseline - DEBUG -   Epoch 5/15: Train Loss: 0.1748, Val F1: 0.9508, Val AUC: 0.9536 (patience: 1/5)
2026-01-24 19:45:33 - RNN_Baseline - INFO -   Epoch [5/15] Train Loss: 0.1748, Val F1: 0.9508, Val AUC: 0.9536
2026-01-24 19:45:46 - RNN_Baseline - DEBUG -   Epoch 6/15: Train Loss: 0.1717, Val F1: 0.9528, Val AUC: 0.9535 (patience: 2/5)
2026-01-24 19:45:59 - RNN_Baseline - DEBUG -   Epoch 7/15: NEW BEST - Train Loss: 0.1698, Val F1: 0.9536, Val AUC: 0.9541
2026-01-24 19:46:12 - RNN_Baseline - DEBUG -   Epoch 8/15: Train Loss: 0.1685, Val F1: 0.9534, Val AUC: 0.9535 (patience: 1/5)
2026-01-24 19:46:25 - RNN_Baseline - DEBUG -   Epoch 9/15: NEW BEST - Train Loss: 0.1681, Val F1: 0.9538, Val AUC: 0.9537
2026-01-24 19:46:39 - RNN_Baseline - DEBUG -   Epoch 10/15: NEW BEST - Train Loss: 0.1668, Val F1: 0.9541, Val AUC: 0.9538
2026-01-24 19:46:39 - RNN_Baseline - INFO -   Epoch [10/15] Train Loss: 0.1668, Val F1: 0.9541, Val AUC: 0.9538
2026-01-24 19:46:52 - RNN_Baseline - DEBUG -   Epoch 11/15: NEW BEST - Train Loss: 0.1670, Val F1: 0.9543, Val AUC: 0.9538
2026-01-24 19:47:05 - RNN_Baseline - DEBUG -   Epoch 12/15: Train Loss: 0.1665, Val F1: 0.9542, Val AUC: 0.9535 (patience: 1/5)
2026-01-24 19:47:18 - RNN_Baseline - DEBUG -   Epoch 13/15: Train Loss: 0.1661, Val F1: 0.9542, Val AUC: 0.9536 (patience: 2/5)
2026-01-24 19:47:31 - RNN_Baseline - DEBUG -   Epoch 14/15: Train Loss: 0.1659, Val F1: 0.9541, Val AUC: 0.9536 (patience: 3/5)
2026-01-24 19:47:45 - RNN_Baseline - DEBUG -   Epoch 15/15: NEW BEST - Train Loss: 0.1658, Val F1: 0.9543, Val AUC: 0.9543
2026-01-24 19:47:45 - RNN_Baseline - INFO -   Epoch [15/15] Train Loss: 0.1658, Val F1: 0.9543, Val AUC: 0.9543
2026-01-24 19:47:45 - RNN_Baseline - INFO - Training completed. Best epoch: 15, Best Val F1: 0.9543
2026-01-24 19:47:45 - RNN_Baseline - INFO -   → Val F1: 0.9543
2026-01-24 19:47:45 - RNN_Baseline - INFO - 
Trial 4/5:
2026-01-24 19:47:45 - RNN_Baseline - INFO -   Config: {'vocab_size': 26, 'embedding_dim': 64, 'hidden_dim': 128, 'num_layers': 1, 'num_classes': 2, 'dropout': 0.3}
2026-01-24 19:47:45 - RNN_Baseline - INFO -   LR: 0.0001
2026-01-24 19:47:45 - RNN_Baseline - DEBUG -   Model parameters: 101,250
2026-01-24 19:47:45 - RNN_Baseline - INFO - Starting training for LSTM_trial3
2026-01-24 19:47:45 - RNN_Baseline - DEBUG -   Device: cuda
2026-01-24 19:47:45 - RNN_Baseline - DEBUG -   Epochs: 15
2026-01-24 19:47:45 - RNN_Baseline - DEBUG -   Learning rate: 0.0001
2026-01-24 19:47:57 - RNN_Baseline - DEBUG -   Epoch 1/15: NEW BEST - Train Loss: 0.4111, Val F1: 0.9307, Val AUC: 0.9489
2026-01-24 19:48:09 - RNN_Baseline - DEBUG -   Epoch 2/15: NEW BEST - Train Loss: 0.2181, Val F1: 0.9469, Val AUC: 0.9517
2026-01-24 19:48:21 - RNN_Baseline - DEBUG -   Epoch 3/15: Train Loss: 0.2002, Val F1: 0.9355, Val AUC: 0.9514 (patience: 1/5)
2026-01-24 19:48:33 - RNN_Baseline - DEBUG -   Epoch 4/15: Train Loss: 0.1906, Val F1: 0.9411, Val AUC: 0.9518 (patience: 2/5)
2026-01-24 19:48:45 - RNN_Baseline - DEBUG -   Epoch 5/15: NEW BEST - Train Loss: 0.1845, Val F1: 0.9512, Val AUC: 0.9520
2026-01-24 19:48:45 - RNN_Baseline - INFO -   Epoch [5/15] Train Loss: 0.1845, Val F1: 0.9512, Val AUC: 0.9520
2026-01-24 19:48:57 - RNN_Baseline - DEBUG -   Epoch 6/15: NEW BEST - Train Loss: 0.1809, Val F1: 0.9534, Val AUC: 0.9523
2026-01-24 19:49:09 - RNN_Baseline - DEBUG -   Epoch 7/15: NEW BEST - Train Loss: 0.1797, Val F1: 0.9538, Val AUC: 0.9521
2026-01-24 19:49:21 - RNN_Baseline - DEBUG -   Epoch 8/15: NEW BEST - Train Loss: 0.1773, Val F1: 0.9538, Val AUC: 0.9518
2026-01-24 19:49:33 - RNN_Baseline - DEBUG -   Epoch 9/15: Train Loss: 0.1766, Val F1: 0.9502, Val AUC: 0.9532 (patience: 1/5)
2026-01-24 19:49:45 - RNN_Baseline - DEBUG -   Epoch 10/15: Train Loss: 0.1744, Val F1: 0.9533, Val AUC: 0.9526 (patience: 2/5)
2026-01-24 19:49:45 - RNN_Baseline - INFO -   Epoch [10/15] Train Loss: 0.1744, Val F1: 0.9533, Val AUC: 0.9526
2026-01-24 19:49:58 - RNN_Baseline - DEBUG -   Epoch 11/15: NEW BEST - Train Loss: 0.1739, Val F1: 0.9539, Val AUC: 0.9530
2026-01-24 19:50:10 - RNN_Baseline - DEBUG -   Epoch 12/15: Train Loss: 0.1730, Val F1: 0.9374, Val AUC: 0.9396 (patience: 1/5)
2026-01-24 19:50:22 - RNN_Baseline - DEBUG -   Epoch 13/15: NEW BEST - Train Loss: 0.1720, Val F1: 0.9542, Val AUC: 0.9519
2026-01-24 19:50:34 - RNN_Baseline - DEBUG -   Epoch 14/15: Train Loss: 0.1723, Val F1: 0.9513, Val AUC: 0.9513 (patience: 1/5)
2026-01-24 19:50:46 - RNN_Baseline - DEBUG -   Epoch 15/15: Train Loss: 0.1707, Val F1: 0.9540, Val AUC: 0.9523 (patience: 2/5)
2026-01-24 19:50:46 - RNN_Baseline - INFO -   Epoch [15/15] Train Loss: 0.1707, Val F1: 0.9540, Val AUC: 0.9523
2026-01-24 19:50:46 - RNN_Baseline - INFO - Training completed. Best epoch: 13, Best Val F1: 0.9542
2026-01-24 19:50:46 - RNN_Baseline - INFO -   → Val F1: 0.9542
2026-01-24 19:50:46 - RNN_Baseline - INFO - 
Trial 5/5:
2026-01-24 19:50:46 - RNN_Baseline - INFO -   Config: {'vocab_size': 26, 'embedding_dim': 64, 'hidden_dim': 128, 'num_layers': 2, 'num_classes': 2, 'dropout': 0.5}
2026-01-24 19:50:46 - RNN_Baseline - INFO -   LR: 0.0005
2026-01-24 19:50:46 - RNN_Baseline - DEBUG -   Model parameters: 233,346
2026-01-24 19:50:46 - RNN_Baseline - INFO - Starting training for LSTM_trial4
2026-01-24 19:50:46 - RNN_Baseline - DEBUG -   Device: cuda
2026-01-24 19:50:46 - RNN_Baseline - DEBUG -   Epochs: 15
2026-01-24 19:50:46 - RNN_Baseline - DEBUG -   Learning rate: 0.0005
2026-01-24 19:50:59 - RNN_Baseline - DEBUG -   Epoch 1/15: NEW BEST - Train Loss: 0.2816, Val F1: 0.9520, Val AUC: 0.9524
2026-01-24 19:51:12 - RNN_Baseline - DEBUG -   Epoch 2/15: NEW BEST - Train Loss: 0.1732, Val F1: 0.9540, Val AUC: 0.9530
2026-01-24 19:51:26 - RNN_Baseline - DEBUG -   Epoch 3/15: NEW BEST - Train Loss: 0.1695, Val F1: 0.9543, Val AUC: 0.9530
2026-01-24 19:51:39 - RNN_Baseline - DEBUG -   Epoch 4/15: Train Loss: 0.1675, Val F1: 0.9543, Val AUC: 0.9528 (patience: 1/5)
2026-01-24 19:51:53 - RNN_Baseline - DEBUG -   Epoch 5/15: Train Loss: 0.1669, Val F1: 0.9543, Val AUC: 0.9528 (patience: 2/5)
2026-01-24 19:51:53 - RNN_Baseline - INFO -   Epoch [5/15] Train Loss: 0.1669, Val F1: 0.9543, Val AUC: 0.9528
2026-01-24 19:52:06 - RNN_Baseline - DEBUG -   Epoch 6/15: NEW BEST - Train Loss: 0.1660, Val F1: 0.9544, Val AUC: 0.9533
2026-01-24 19:52:19 - RNN_Baseline - DEBUG -   Epoch 7/15: Train Loss: 0.1661, Val F1: 0.9543, Val AUC: 0.9526 (patience: 1/5)
2026-01-24 19:52:33 - RNN_Baseline - DEBUG -   Epoch 8/15: Train Loss: 0.1657, Val F1: 0.9543, Val AUC: 0.9532 (patience: 2/5)
2026-01-24 19:52:46 - RNN_Baseline - DEBUG -   Epoch 9/15: Train Loss: 0.1656, Val F1: 0.9543, Val AUC: 0.9530 (patience: 3/5)
2026-01-24 19:52:59 - RNN_Baseline - DEBUG -   Epoch 10/15: Train Loss: 0.1653, Val F1: 0.9544, Val AUC: 0.9536 (patience: 4/5)
2026-01-24 19:52:59 - RNN_Baseline - INFO -   Epoch [10/15] Train Loss: 0.1653, Val F1: 0.9544, Val AUC: 0.9536
2026-01-24 19:53:13 - RNN_Baseline - DEBUG -   Epoch 11/15: Train Loss: 0.1652, Val F1: 0.9543, Val AUC: 0.9534 (patience: 5/5)
2026-01-24 19:53:13 - RNN_Baseline - INFO -   Early stopping at epoch 11
2026-01-24 19:53:13 - RNN_Baseline - INFO - Training completed. Best epoch: 6, Best Val F1: 0.9544
2026-01-24 19:53:13 - RNN_Baseline - INFO -   → Val F1: 0.9544
2026-01-24 19:53:13 - RNN_Baseline - INFO - 
============================================================
2026-01-24 19:53:13 - RNN_Baseline - INFO - BEST CONFIGURATION (Trial 5):
2026-01-24 19:53:13 - RNN_Baseline - INFO - ============================================================
2026-01-24 19:53:13 - RNN_Baseline - INFO - Val F1: 0.9544
2026-01-24 19:53:13 - RNN_Baseline - INFO - Parameters: 233,346
2026-01-24 19:53:13 - RNN_Baseline - INFO - Config:
2026-01-24 19:53:13 - RNN_Baseline - INFO -   embedding_dim: 64
2026-01-24 19:53:13 - RNN_Baseline - INFO -   hidden_dim: 128
2026-01-24 19:53:13 - RNN_Baseline - INFO -   num_layers: 2
2026-01-24 19:53:13 - RNN_Baseline - INFO -   dropout: 0.5
2026-01-24 19:53:13 - RNN_Baseline - INFO -   lr: 0.0005
2026-01-24 19:53:13 - RNN_Baseline - INFO - 
============================================================
2026-01-24 19:53:13 - RNN_Baseline - INFO - FINAL TRAINING with best configuration
2026-01-24 19:53:13 - RNN_Baseline - INFO - ============================================================
2026-01-24 19:53:13 - RNN_Baseline - INFO - Model parameters: 233,346
2026-01-24 19:53:13 - RNN_Baseline - INFO - Starting training for LSTM
2026-01-24 19:53:13 - RNN_Baseline - DEBUG -   Device: cuda
2026-01-24 19:53:13 - RNN_Baseline - DEBUG -   Epochs: 20
2026-01-24 19:53:13 - RNN_Baseline - DEBUG -   Learning rate: 0.0005
2026-01-24 19:53:26 - RNN_Baseline - DEBUG -   Epoch 1/20: NEW BEST - Train Loss: 0.2848, Val F1: 0.9524, Val AUC: 0.9520
2026-01-24 19:53:40 - RNN_Baseline - DEBUG -   Epoch 2/20: NEW BEST - Train Loss: 0.1727, Val F1: 0.9538, Val AUC: 0.9534
2026-01-24 19:53:53 - RNN_Baseline - DEBUG -   Epoch 3/20: Train Loss: 0.1695, Val F1: 0.9532, Val AUC: 0.9528 (patience: 1/5)
2026-01-24 19:54:06 - RNN_Baseline - DEBUG -   Epoch 4/20: NEW BEST - Train Loss: 0.1674, Val F1: 0.9542, Val AUC: 0.9524
2026-01-24 19:54:20 - RNN_Baseline - DEBUG -   Epoch 5/20: NEW BEST - Train Loss: 0.1670, Val F1: 0.9544, Val AUC: 0.9528
2026-01-24 19:54:20 - RNN_Baseline - INFO -   Epoch [5/20] Train Loss: 0.1670, Val F1: 0.9544, Val AUC: 0.9528
2026-01-24 19:54:33 - RNN_Baseline - DEBUG -   Epoch 6/20: Train Loss: 0.1664, Val F1: 0.9543, Val AUC: 0.9534 (patience: 1/5)
2026-01-24 19:54:47 - RNN_Baseline - DEBUG -   Epoch 7/20: Train Loss: 0.1661, Val F1: 0.9543, Val AUC: 0.9529 (patience: 2/5)
2026-01-24 19:55:00 - RNN_Baseline - DEBUG -   Epoch 8/20: Train Loss: 0.1658, Val F1: 0.9543, Val AUC: 0.9535 (patience: 3/5)
2026-01-24 19:55:13 - RNN_Baseline - DEBUG -   Epoch 9/20: Train Loss: 0.1654, Val F1: 0.9540, Val AUC: 0.9539 (patience: 4/5)
2026-01-24 19:55:27 - RNN_Baseline - DEBUG -   Epoch 10/20: NEW BEST - Train Loss: 0.1653, Val F1: 0.9544, Val AUC: 0.9538
2026-01-24 19:55:27 - RNN_Baseline - INFO -   Epoch [10/20] Train Loss: 0.1653, Val F1: 0.9544, Val AUC: 0.9538
2026-01-24 19:55:40 - RNN_Baseline - DEBUG -   Epoch 11/20: Train Loss: 0.1654, Val F1: 0.9544, Val AUC: 0.9540 (patience: 1/5)
2026-01-24 19:55:54 - RNN_Baseline - DEBUG -   Epoch 12/20: Train Loss: 0.1650, Val F1: 0.9543, Val AUC: 0.9530 (patience: 2/5)
2026-01-24 19:56:07 - RNN_Baseline - DEBUG -   Epoch 13/20: Train Loss: 0.1651, Val F1: 0.9543, Val AUC: 0.9535 (patience: 3/5)
2026-01-24 19:56:20 - RNN_Baseline - DEBUG -   Epoch 14/20: Train Loss: 0.1650, Val F1: 0.9544, Val AUC: 0.9539 (patience: 4/5)
2026-01-24 19:56:34 - RNN_Baseline - DEBUG -   Epoch 15/20: Train Loss: 0.1649, Val F1: 0.9544, Val AUC: 0.9535 (patience: 5/5)
2026-01-24 19:56:34 - RNN_Baseline - INFO -   Epoch [15/20] Train Loss: 0.1649, Val F1: 0.9544, Val AUC: 0.9535
2026-01-24 19:56:34 - RNN_Baseline - INFO -   Early stopping at epoch 15
2026-01-24 19:56:34 - RNN_Baseline - INFO - Training completed. Best epoch: 10, Best Val F1: 0.9544
2026-01-24 19:56:34 - RNN_Baseline - INFO - Final Validation F1: 0.9544
2026-01-24 19:56:34 - RNN_Baseline - INFO - 
============================================================
2026-01-24 19:56:34 - RNN_Baseline - INFO - TEST SET EVALUATION
2026-01-24 19:56:34 - RNN_Baseline - INFO - ============================================================
2026-01-24 19:56:35 - RNN_Baseline - INFO - 
Test Results for LSTM:
2026-01-24 19:56:35 - RNN_Baseline - INFO -   Accuracy:  0.9512
2026-01-24 19:56:35 - RNN_Baseline - INFO -   Precision: 0.9110
2026-01-24 19:56:35 - RNN_Baseline - INFO -   Recall:    1.0000
2026-01-24 19:56:35 - RNN_Baseline - INFO -   F1 Score:  0.9534
2026-01-24 19:56:35 - RNN_Baseline - INFO -   AUC:       0.9527
2026-01-24 19:56:35 - RNN_Baseline - INFO -   Confusion Matrix:
2026-01-24 19:56:35 - RNN_Baseline - INFO -     [[18067, 1953], [0, 19980]]
2026-01-24 19:56:35 - RNN_Baseline - DEBUG - Predictions saved to: results_rnn_baseline/dataset_alph/LSTM_predictions_datasetalph.csv
2026-01-24 19:56:35 - RNN_Baseline - INFO - Results saved:
2026-01-24 19:56:35 - RNN_Baseline - INFO -   Predictions: results_rnn_baseline/dataset_alph/LSTM_predictions_datasetalph.csv
2026-01-24 19:56:35 - RNN_Baseline - INFO -   Summary:     results_rnn_baseline/dataset_alph/LSTM_summary_datasetalph.json
2026-01-24 19:56:35 - RNN_Baseline - INFO -   Model checkpoint: results_rnn_baseline/dataset_alph/models/LSTM_best.pt
2026-01-24 19:56:35 - RNN_Baseline - INFO - 
######################################################################
2026-01-24 19:56:35 - RNN_Baseline - INFO - # TRAINING Transformer
2026-01-24 19:56:35 - RNN_Baseline - INFO - ######################################################################
2026-01-24 19:56:35 - RNN_Baseline - INFO - ============================================================
2026-01-24 19:56:35 - RNN_Baseline - INFO - RANDOM SEARCH for Transformer (5 trials)
2026-01-24 19:56:35 - RNN_Baseline - INFO - ============================================================
2026-01-24 19:56:35 - RNN_Baseline - INFO - 
Trial 1/5:
2026-01-24 19:56:35 - RNN_Baseline - INFO -   Config: {'vocab_size': 26, 'embedding_dim': 64, 'num_heads': 4, 'num_layers': 4, 'dim_feedforward': 128, 'num_classes': 2, 'dropout': 0.1, 'max_seq_length': 30}
2026-01-24 19:56:35 - RNN_Baseline - INFO -   LR: 0.0005
2026-01-24 19:56:35 - RNN_Baseline - DEBUG -   Model parameters: 137,730
2026-01-24 19:56:35 - RNN_Baseline - INFO - Starting training for Transformer_trial0
2026-01-24 19:56:35 - RNN_Baseline - DEBUG -   Device: cuda
2026-01-24 19:56:35 - RNN_Baseline - DEBUG -   Epochs: 15
2026-01-24 19:56:35 - RNN_Baseline - DEBUG -   Learning rate: 0.0005
2026-01-24 19:57:24 - RNN_Baseline - DEBUG -   Epoch 1/15: NEW BEST - Train Loss: 0.4228, Val F1: 0.9289, Val AUC: 0.9312
2026-01-24 19:58:13 - RNN_Baseline - DEBUG -   Epoch 2/15: NEW BEST - Train Loss: 0.2286, Val F1: 0.9361, Val AUC: 0.9341
2026-01-24 19:59:03 - RNN_Baseline - DEBUG -   Epoch 3/15: NEW BEST - Train Loss: 0.2161, Val F1: 0.9368, Val AUC: 0.9337
2026-01-24 19:59:54 - RNN_Baseline - DEBUG -   Epoch 4/15: Train Loss: 0.2141, Val F1: 0.9362, Val AUC: 0.9331 (patience: 1/5)
2026-01-24 20:00:44 - RNN_Baseline - DEBUG -   Epoch 5/15: NEW BEST - Train Loss: 0.2126, Val F1: 0.9371, Val AUC: 0.9336
2026-01-24 20:00:44 - RNN_Baseline - INFO -   Epoch [5/15] Train Loss: 0.2126, Val F1: 0.9371, Val AUC: 0.9336
2026-01-24 20:01:34 - RNN_Baseline - DEBUG -   Epoch 6/15: Train Loss: 0.2122, Val F1: 0.9370, Val AUC: 0.9343 (patience: 1/5)
2026-01-24 20:02:24 - RNN_Baseline - DEBUG -   Epoch 7/15: Train Loss: 0.2110, Val F1: 0.9371, Val AUC: 0.9342 (patience: 2/5)
2026-01-24 20:03:14 - RNN_Baseline - DEBUG -   Epoch 8/15: NEW BEST - Train Loss: 0.2109, Val F1: 0.9372, Val AUC: 0.9343
2026-01-24 20:04:04 - RNN_Baseline - DEBUG -   Epoch 9/15: NEW BEST - Train Loss: 0.2107, Val F1: 0.9372, Val AUC: 0.9335
2026-01-24 20:04:54 - RNN_Baseline - DEBUG -   Epoch 10/15: Train Loss: 0.2106, Val F1: 0.9369, Val AUC: 0.9338 (patience: 1/5)
2026-01-24 20:04:54 - RNN_Baseline - INFO -   Epoch [10/15] Train Loss: 0.2106, Val F1: 0.9369, Val AUC: 0.9338
2026-01-24 20:05:44 - RNN_Baseline - DEBUG -   Epoch 11/15: Train Loss: 0.2105, Val F1: 0.9372, Val AUC: 0.9338 (patience: 2/5)
2026-01-24 20:06:34 - RNN_Baseline - DEBUG -   Epoch 12/15: Train Loss: 0.2103, Val F1: 0.9367, Val AUC: 0.9325 (patience: 3/5)
2026-01-24 20:07:25 - RNN_Baseline - DEBUG -   Epoch 13/15: Train Loss: 0.2099, Val F1: 0.9372, Val AUC: 0.9339 (patience: 4/5)
2026-01-24 20:08:15 - RNN_Baseline - DEBUG -   Epoch 14/15: Train Loss: 0.2099, Val F1: 0.9372, Val AUC: 0.9336 (patience: 5/5)
2026-01-24 20:08:15 - RNN_Baseline - INFO -   Early stopping at epoch 14
2026-01-24 20:08:15 - RNN_Baseline - INFO - Training completed. Best epoch: 9, Best Val F1: 0.9372
2026-01-24 20:08:15 - RNN_Baseline - INFO -   → Val F1: 0.9372
2026-01-24 20:08:15 - RNN_Baseline - INFO - 
Trial 2/5:
2026-01-24 20:08:15 - RNN_Baseline - INFO -   Config: {'vocab_size': 26, 'embedding_dim': 128, 'num_heads': 4, 'num_layers': 3, 'dim_feedforward': 256, 'num_classes': 2, 'dropout': 0.1, 'max_seq_length': 30}
2026-01-24 20:08:15 - RNN_Baseline - INFO -   LR: 0.001
2026-01-24 20:08:15 - RNN_Baseline - DEBUG -   Model parameters: 405,122
2026-01-24 20:08:15 - RNN_Baseline - INFO - Starting training for Transformer_trial1
2026-01-24 20:08:15 - RNN_Baseline - DEBUG -   Device: cuda
2026-01-24 20:08:15 - RNN_Baseline - DEBUG -   Epochs: 15
2026-01-24 20:08:15 - RNN_Baseline - DEBUG -   Learning rate: 0.001
2026-01-24 20:08:56 - RNN_Baseline - DEBUG -   Epoch 1/15: NEW BEST - Train Loss: 0.4989, Val F1: 0.8790, Val AUC: 0.8879
2026-01-24 20:09:36 - RNN_Baseline - DEBUG -   Epoch 2/15: NEW BEST - Train Loss: 0.3818, Val F1: 0.9072, Val AUC: 0.9072
2026-01-24 20:10:17 - RNN_Baseline - DEBUG -   Epoch 3/15: Train Loss: 0.2934, Val F1: 0.8699, Val AUC: 0.8938 (patience: 1/5)
2026-01-24 20:10:58 - RNN_Baseline - DEBUG -   Epoch 4/15: NEW BEST - Train Loss: 0.2924, Val F1: 0.9190, Val AUC: 0.9237
2026-01-24 20:11:38 - RNN_Baseline - DEBUG -   Epoch 5/15: NEW BEST - Train Loss: 0.2733, Val F1: 0.9257, Val AUC: 0.9235
2026-01-24 20:11:38 - RNN_Baseline - INFO -   Epoch [5/15] Train Loss: 0.2733, Val F1: 0.9257, Val AUC: 0.9235
2026-01-24 20:12:19 - RNN_Baseline - DEBUG -   Epoch 6/15: NEW BEST - Train Loss: 0.2634, Val F1: 0.9293, Val AUC: 0.9268
2026-01-24 20:13:00 - RNN_Baseline - DEBUG -   Epoch 7/15: Train Loss: 0.2997, Val F1: 0.9257, Val AUC: 0.9259 (patience: 1/5)
2026-01-24 20:13:40 - RNN_Baseline - DEBUG -   Epoch 8/15: NEW BEST - Train Loss: 0.2680, Val F1: 0.9296, Val AUC: 0.9272
2026-01-24 20:14:21 - RNN_Baseline - DEBUG -   Epoch 9/15: Train Loss: 0.2760, Val F1: 0.9235, Val AUC: 0.9226 (patience: 1/5)
2026-01-24 20:15:02 - RNN_Baseline - DEBUG -   Epoch 10/15: Train Loss: 0.2863, Val F1: 0.9272, Val AUC: 0.9241 (patience: 2/5)
2026-01-24 20:15:02 - RNN_Baseline - INFO -   Epoch [10/15] Train Loss: 0.2863, Val F1: 0.9272, Val AUC: 0.9241
2026-01-24 20:15:43 - RNN_Baseline - DEBUG -   Epoch 11/15: Train Loss: 0.3339, Val F1: 0.8725, Val AUC: 0.9003 (patience: 3/5)
2026-01-24 20:16:24 - RNN_Baseline - DEBUG -   Epoch 12/15: Train Loss: 0.3606, Val F1: 0.8997, Val AUC: 0.9112 (patience: 4/5)
2026-01-24 20:17:05 - RNN_Baseline - DEBUG -   Epoch 13/15: Train Loss: 0.3504, Val F1: 0.7179, Val AUC: 0.6951 (patience: 5/5)
2026-01-24 20:17:05 - RNN_Baseline - INFO -   Early stopping at epoch 13
2026-01-24 20:17:05 - RNN_Baseline - INFO - Training completed. Best epoch: 8, Best Val F1: 0.9296
2026-01-24 20:17:05 - RNN_Baseline - INFO -   → Val F1: 0.9296
2026-01-24 20:17:05 - RNN_Baseline - INFO - 
Trial 3/5:
2026-01-24 20:17:05 - RNN_Baseline - INFO -   Config: {'vocab_size': 26, 'embedding_dim': 128, 'num_heads': 4, 'num_layers': 2, 'dim_feedforward': 512, 'num_classes': 2, 'dropout': 0.1, 'max_seq_length': 30}
2026-01-24 20:17:05 - RNN_Baseline - INFO -   LR: 0.001
2026-01-24 20:17:05 - RNN_Baseline - DEBUG -   Model parameters: 404,226
2026-01-24 20:17:05 - RNN_Baseline - INFO - Starting training for Transformer_trial2
2026-01-24 20:17:05 - RNN_Baseline - DEBUG -   Device: cuda
2026-01-24 20:17:05 - RNN_Baseline - DEBUG -   Epochs: 15
2026-01-24 20:17:05 - RNN_Baseline - DEBUG -   Learning rate: 0.001
2026-01-24 20:17:36 - RNN_Baseline - DEBUG -   Epoch 1/15: NEW BEST - Train Loss: 0.5534, Val F1: 0.8534, Val AUC: 0.8744
2026-01-24 20:18:08 - RNN_Baseline - DEBUG -   Epoch 2/15: NEW BEST - Train Loss: 0.3459, Val F1: 0.8920, Val AUC: 0.9018
2026-01-24 20:18:39 - RNN_Baseline - DEBUG -   Epoch 3/15: NEW BEST - Train Loss: 0.3153, Val F1: 0.8948, Val AUC: 0.9051
2026-01-24 20:19:10 - RNN_Baseline - DEBUG -   Epoch 4/15: Train Loss: 0.2906, Val F1: 0.8927, Val AUC: 0.9086 (patience: 1/5)
2026-01-24 20:19:42 - RNN_Baseline - DEBUG -   Epoch 5/15: NEW BEST - Train Loss: 0.2848, Val F1: 0.9156, Val AUC: 0.9217
2026-01-24 20:19:42 - RNN_Baseline - INFO -   Epoch [5/15] Train Loss: 0.2848, Val F1: 0.9156, Val AUC: 0.9217
2026-01-24 20:20:13 - RNN_Baseline - DEBUG -   Epoch 6/15: Train Loss: 0.2792, Val F1: 0.9047, Val AUC: 0.9170 (patience: 1/5)
2026-01-24 20:20:44 - RNN_Baseline - DEBUG -   Epoch 7/15: NEW BEST - Train Loss: 0.2786, Val F1: 0.9164, Val AUC: 0.9221
2026-01-24 20:21:16 - RNN_Baseline - DEBUG -   Epoch 8/15: Train Loss: 0.2746, Val F1: 0.9104, Val AUC: 0.9182 (patience: 1/5)
2026-01-24 20:21:47 - RNN_Baseline - DEBUG -   Epoch 9/15: Train Loss: 0.2759, Val F1: 0.9162, Val AUC: 0.9236 (patience: 2/5)
2026-01-24 20:22:18 - RNN_Baseline - DEBUG -   Epoch 10/15: Train Loss: 0.2784, Val F1: 0.9160, Val AUC: 0.9181 (patience: 3/5)
2026-01-24 20:22:18 - RNN_Baseline - INFO -   Epoch [10/15] Train Loss: 0.2784, Val F1: 0.9160, Val AUC: 0.9181
2026-01-24 20:22:50 - RNN_Baseline - DEBUG -   Epoch 11/15: NEW BEST - Train Loss: 0.2684, Val F1: 0.9211, Val AUC: 0.9266
2026-01-24 20:23:21 - RNN_Baseline - DEBUG -   Epoch 12/15: NEW BEST - Train Loss: 0.2599, Val F1: 0.9212, Val AUC: 0.9225
2026-01-24 20:23:53 - RNN_Baseline - DEBUG -   Epoch 13/15: Train Loss: 0.2587, Val F1: 0.9188, Val AUC: 0.9241 (patience: 1/5)
2026-01-24 20:24:24 - RNN_Baseline - DEBUG -   Epoch 14/15: NEW BEST - Train Loss: 0.2514, Val F1: 0.9251, Val AUC: 0.9266
2026-01-24 20:24:56 - RNN_Baseline - DEBUG -   Epoch 15/15: Train Loss: 0.2576, Val F1: 0.9152, Val AUC: 0.9205 (patience: 1/5)
2026-01-24 20:24:56 - RNN_Baseline - INFO -   Epoch [15/15] Train Loss: 0.2576, Val F1: 0.9152, Val AUC: 0.9205
2026-01-24 20:24:56 - RNN_Baseline - INFO - Training completed. Best epoch: 14, Best Val F1: 0.9251
2026-01-24 20:24:56 - RNN_Baseline - INFO -   → Val F1: 0.9251
2026-01-24 20:24:56 - RNN_Baseline - INFO - 
Trial 4/5:
2026-01-24 20:24:56 - RNN_Baseline - INFO -   Config: {'vocab_size': 26, 'embedding_dim': 64, 'num_heads': 8, 'num_layers': 2, 'dim_feedforward': 512, 'num_classes': 2, 'dropout': 0.2, 'max_seq_length': 30}
2026-01-24 20:24:56 - RNN_Baseline - INFO -   LR: 0.0001
2026-01-24 20:24:56 - RNN_Baseline - DEBUG -   Model parameters: 169,858
2026-01-24 20:24:56 - RNN_Baseline - INFO - Starting training for Transformer_trial3
2026-01-24 20:24:56 - RNN_Baseline - DEBUG -   Device: cuda
2026-01-24 20:24:56 - RNN_Baseline - DEBUG -   Epochs: 15
2026-01-24 20:24:56 - RNN_Baseline - DEBUG -   Learning rate: 0.0001
2026-01-24 20:25:27 - RNN_Baseline - DEBUG -   Epoch 1/15: NEW BEST - Train Loss: 0.6719, Val F1: 0.7832, Val AUC: 0.7971
2026-01-24 20:25:59 - RNN_Baseline - DEBUG -   Epoch 2/15: NEW BEST - Train Loss: 0.4378, Val F1: 0.8430, Val AUC: 0.8802
2026-01-24 20:26:30 - RNN_Baseline - DEBUG -   Epoch 3/15: NEW BEST - Train Loss: 0.3795, Val F1: 0.8697, Val AUC: 0.8994
2026-01-24 20:27:01 - RNN_Baseline - DEBUG -   Epoch 4/15: NEW BEST - Train Loss: 0.3446, Val F1: 0.8828, Val AUC: 0.9135
2026-01-24 20:27:33 - RNN_Baseline - DEBUG -   Epoch 5/15: NEW BEST - Train Loss: 0.3155, Val F1: 0.8936, Val AUC: 0.9215
2026-01-24 20:27:33 - RNN_Baseline - INFO -   Epoch [5/15] Train Loss: 0.3155, Val F1: 0.8936, Val AUC: 0.9215
2026-01-24 20:28:04 - RNN_Baseline - DEBUG -   Epoch 6/15: NEW BEST - Train Loss: 0.2935, Val F1: 0.9040, Val AUC: 0.9271
2026-01-24 20:28:35 - RNN_Baseline - DEBUG -   Epoch 7/15: NEW BEST - Train Loss: 0.2753, Val F1: 0.9134, Val AUC: 0.9295
2026-01-24 20:29:07 - RNN_Baseline - DEBUG -   Epoch 8/15: NEW BEST - Train Loss: 0.2601, Val F1: 0.9189, Val AUC: 0.9322
2026-01-24 20:29:38 - RNN_Baseline - DEBUG -   Epoch 9/15: NEW BEST - Train Loss: 0.2500, Val F1: 0.9243, Val AUC: 0.9329
2026-01-24 20:30:09 - RNN_Baseline - DEBUG -   Epoch 10/15: NEW BEST - Train Loss: 0.2421, Val F1: 0.9276, Val AUC: 0.9343
2026-01-24 20:30:09 - RNN_Baseline - INFO -   Epoch [10/15] Train Loss: 0.2421, Val F1: 0.9276, Val AUC: 0.9343
2026-01-24 20:30:41 - RNN_Baseline - DEBUG -   Epoch 11/15: NEW BEST - Train Loss: 0.2359, Val F1: 0.9306, Val AUC: 0.9350
2026-01-24 20:31:12 - RNN_Baseline - DEBUG -   Epoch 12/15: NEW BEST - Train Loss: 0.2320, Val F1: 0.9325, Val AUC: 0.9357
2026-01-24 20:31:43 - RNN_Baseline - DEBUG -   Epoch 13/15: NEW BEST - Train Loss: 0.2283, Val F1: 0.9338, Val AUC: 0.9365
2026-01-24 20:32:15 - RNN_Baseline - DEBUG -   Epoch 14/15: NEW BEST - Train Loss: 0.2252, Val F1: 0.9341, Val AUC: 0.9363
2026-01-24 20:32:46 - RNN_Baseline - DEBUG -   Epoch 15/15: NEW BEST - Train Loss: 0.2232, Val F1: 0.9356, Val AUC: 0.9377
2026-01-24 20:32:46 - RNN_Baseline - INFO -   Epoch [15/15] Train Loss: 0.2232, Val F1: 0.9356, Val AUC: 0.9377
2026-01-24 20:32:46 - RNN_Baseline - INFO - Training completed. Best epoch: 15, Best Val F1: 0.9356
2026-01-24 20:32:46 - RNN_Baseline - INFO -   → Val F1: 0.9356
2026-01-24 20:32:46 - RNN_Baseline - INFO - 
Trial 5/5:
2026-01-24 20:32:46 - RNN_Baseline - INFO -   Config: {'vocab_size': 26, 'embedding_dim': 64, 'num_heads': 8, 'num_layers': 2, 'dim_feedforward': 512, 'num_classes': 2, 'dropout': 0.3, 'max_seq_length': 30}
2026-01-24 20:32:46 - RNN_Baseline - INFO -   LR: 0.001
2026-01-24 20:32:46 - RNN_Baseline - DEBUG -   Model parameters: 169,858
2026-01-24 20:32:46 - RNN_Baseline - INFO - Starting training for Transformer_trial4
2026-01-24 20:32:46 - RNN_Baseline - DEBUG -   Device: cuda
2026-01-24 20:32:46 - RNN_Baseline - DEBUG -   Epochs: 15
2026-01-24 20:32:46 - RNN_Baseline - DEBUG -   Learning rate: 0.001
2026-01-24 20:33:18 - RNN_Baseline - DEBUG -   Epoch 1/15: NEW BEST - Train Loss: 0.5453, Val F1: 0.8715, Val AUC: 0.8950
2026-01-24 20:33:50 - RNN_Baseline - DEBUG -   Epoch 2/15: NEW BEST - Train Loss: 0.2997, Val F1: 0.9183, Val AUC: 0.9274
2026-01-24 20:34:21 - RNN_Baseline - DEBUG -   Epoch 3/15: NEW BEST - Train Loss: 0.2543, Val F1: 0.9286, Val AUC: 0.9296
2026-01-24 20:34:53 - RNN_Baseline - DEBUG -   Epoch 4/15: NEW BEST - Train Loss: 0.2388, Val F1: 0.9339, Val AUC: 0.9336
2026-01-24 20:35:25 - RNN_Baseline - DEBUG -   Epoch 5/15: Train Loss: 0.2311, Val F1: 0.9338, Val AUC: 0.9336 (patience: 1/5)
2026-01-24 20:35:25 - RNN_Baseline - INFO -   Epoch [5/15] Train Loss: 0.2311, Val F1: 0.9338, Val AUC: 0.9336
2026-01-24 20:35:56 - RNN_Baseline - DEBUG -   Epoch 6/15: NEW BEST - Train Loss: 0.2268, Val F1: 0.9362, Val AUC: 0.9336
2026-01-24 20:36:27 - RNN_Baseline - DEBUG -   Epoch 7/15: Train Loss: 0.2230, Val F1: 0.9355, Val AUC: 0.9340 (patience: 1/5)
2026-01-24 20:36:59 - RNN_Baseline - DEBUG -   Epoch 8/15: NEW BEST - Train Loss: 0.2212, Val F1: 0.9367, Val AUC: 0.9329
2026-01-24 20:37:30 - RNN_Baseline - DEBUG -   Epoch 9/15: Train Loss: 0.2197, Val F1: 0.9365, Val AUC: 0.9332 (patience: 1/5)
2026-01-24 20:38:02 - RNN_Baseline - DEBUG -   Epoch 10/15: Train Loss: 0.2187, Val F1: 0.9361, Val AUC: 0.9338 (patience: 2/5)
2026-01-24 20:38:02 - RNN_Baseline - INFO -   Epoch [10/15] Train Loss: 0.2187, Val F1: 0.9361, Val AUC: 0.9338
2026-01-24 20:38:33 - RNN_Baseline - DEBUG -   Epoch 11/15: NEW BEST - Train Loss: 0.2175, Val F1: 0.9373, Val AUC: 0.9338
2026-01-24 20:39:05 - RNN_Baseline - DEBUG -   Epoch 12/15: Train Loss: 0.2179, Val F1: 0.9353, Val AUC: 0.9338 (patience: 1/5)
2026-01-24 20:39:36 - RNN_Baseline - DEBUG -   Epoch 13/15: Train Loss: 0.2170, Val F1: 0.9370, Val AUC: 0.9339 (patience: 2/5)
2026-01-24 20:40:08 - RNN_Baseline - DEBUG -   Epoch 14/15: Train Loss: 0.2163, Val F1: 0.9367, Val AUC: 0.9338 (patience: 3/5)
2026-01-24 20:40:39 - RNN_Baseline - DEBUG -   Epoch 15/15: Train Loss: 0.2155, Val F1: 0.9373, Val AUC: 0.9341 (patience: 4/5)
2026-01-24 20:40:39 - RNN_Baseline - INFO -   Epoch [15/15] Train Loss: 0.2155, Val F1: 0.9373, Val AUC: 0.9341
2026-01-24 20:40:39 - RNN_Baseline - INFO - Training completed. Best epoch: 11, Best Val F1: 0.9373
2026-01-24 20:40:39 - RNN_Baseline - INFO -   → Val F1: 0.9373
2026-01-24 20:40:39 - RNN_Baseline - INFO - 
============================================================
2026-01-24 20:40:39 - RNN_Baseline - INFO - BEST CONFIGURATION (Trial 5):
2026-01-24 20:40:39 - RNN_Baseline - INFO - ============================================================
2026-01-24 20:40:39 - RNN_Baseline - INFO - Val F1: 0.9373
2026-01-24 20:40:39 - RNN_Baseline - INFO - Parameters: 169,858
2026-01-24 20:40:39 - RNN_Baseline - INFO - Config:
2026-01-24 20:40:39 - RNN_Baseline - INFO -   embedding_dim: 64
2026-01-24 20:40:39 - RNN_Baseline - INFO -   num_heads: 8
2026-01-24 20:40:39 - RNN_Baseline - INFO -   num_layers: 2
2026-01-24 20:40:39 - RNN_Baseline - INFO -   dim_feedforward: 512
2026-01-24 20:40:39 - RNN_Baseline - INFO -   dropout: 0.3
2026-01-24 20:40:39 - RNN_Baseline - INFO -   max_seq_length: 30
2026-01-24 20:40:39 - RNN_Baseline - INFO -   lr: 0.001
2026-01-24 20:40:39 - RNN_Baseline - INFO - 
============================================================
2026-01-24 20:40:39 - RNN_Baseline - INFO - FINAL TRAINING with best configuration
2026-01-24 20:40:39 - RNN_Baseline - INFO - ============================================================
2026-01-24 20:40:39 - RNN_Baseline - INFO - Model parameters: 169,858
2026-01-24 20:40:39 - RNN_Baseline - INFO - Starting training for Transformer
2026-01-24 20:40:39 - RNN_Baseline - DEBUG -   Device: cuda
2026-01-24 20:40:39 - RNN_Baseline - DEBUG -   Epochs: 20
2026-01-24 20:40:39 - RNN_Baseline - DEBUG -   Learning rate: 0.001
2026-01-24 20:41:11 - RNN_Baseline - DEBUG -   Epoch 1/20: NEW BEST - Train Loss: 0.5087, Val F1: 0.8870, Val AUC: 0.9060
2026-01-24 20:41:42 - RNN_Baseline - DEBUG -   Epoch 2/20: NEW BEST - Train Loss: 0.2815, Val F1: 0.9260, Val AUC: 0.9292
2026-01-24 20:42:13 - RNN_Baseline - DEBUG -   Epoch 3/20: NEW BEST - Train Loss: 0.2400, Val F1: 0.9355, Val AUC: 0.9326
2026-01-24 20:42:45 - RNN_Baseline - DEBUG -   Epoch 4/20: Train Loss: 0.2299, Val F1: 0.9344, Val AUC: 0.9346 (patience: 1/5)
2026-01-24 20:43:16 - RNN_Baseline - DEBUG -   Epoch 5/20: NEW BEST - Train Loss: 0.2240, Val F1: 0.9358, Val AUC: 0.9339
2026-01-24 20:43:16 - RNN_Baseline - INFO -   Epoch [5/20] Train Loss: 0.2240, Val F1: 0.9358, Val AUC: 0.9339
2026-01-24 20:43:47 - RNN_Baseline - DEBUG -   Epoch 6/20: NEW BEST - Train Loss: 0.2203, Val F1: 0.9372, Val AUC: 0.9353
2026-01-24 20:44:19 - RNN_Baseline - DEBUG -   Epoch 7/20: NEW BEST - Train Loss: 0.2173, Val F1: 0.9386, Val AUC: 0.9367
2026-01-24 20:44:50 - RNN_Baseline - DEBUG -   Epoch 8/20: NEW BEST - Train Loss: 0.2150, Val F1: 0.9388, Val AUC: 0.9368
2026-01-24 20:45:21 - RNN_Baseline - DEBUG -   Epoch 9/20: NEW BEST - Train Loss: 0.2147, Val F1: 0.9388, Val AUC: 0.9370
2026-01-24 20:45:52 - RNN_Baseline - DEBUG -   Epoch 10/20: Train Loss: 0.2131, Val F1: 0.9381, Val AUC: 0.9359 (patience: 1/5)
2026-01-24 20:45:52 - RNN_Baseline - INFO -   Epoch [10/20] Train Loss: 0.2131, Val F1: 0.9381, Val AUC: 0.9359
2026-01-24 20:46:24 - RNN_Baseline - DEBUG -   Epoch 11/20: Train Loss: 0.2123, Val F1: 0.9379, Val AUC: 0.9351 (patience: 2/5)
2026-01-24 20:46:55 - RNN_Baseline - DEBUG -   Epoch 12/20: NEW BEST - Train Loss: 0.2129, Val F1: 0.9393, Val AUC: 0.9367
2026-01-24 20:47:26 - RNN_Baseline - DEBUG -   Epoch 13/20: Train Loss: 0.2123, Val F1: 0.9379, Val AUC: 0.9358 (patience: 1/5)
2026-01-24 20:47:57 - RNN_Baseline - DEBUG -   Epoch 14/20: Train Loss: 0.2099, Val F1: 0.9392, Val AUC: 0.9371 (patience: 2/5)
2026-01-24 20:48:29 - RNN_Baseline - DEBUG -   Epoch 15/20: NEW BEST - Train Loss: 0.2115, Val F1: 0.9402, Val AUC: 0.9371
2026-01-24 20:48:29 - RNN_Baseline - INFO -   Epoch [15/20] Train Loss: 0.2115, Val F1: 0.9402, Val AUC: 0.9371
2026-01-24 20:49:00 - RNN_Baseline - DEBUG -   Epoch 16/20: Train Loss: 0.2088, Val F1: 0.9401, Val AUC: 0.9374 (patience: 1/5)
2026-01-24 20:49:32 - RNN_Baseline - DEBUG -   Epoch 17/20: Train Loss: 0.2100, Val F1: 0.9398, Val AUC: 0.9375 (patience: 2/5)
2026-01-24 20:50:03 - RNN_Baseline - DEBUG -   Epoch 18/20: Train Loss: 0.2098, Val F1: 0.9398, Val AUC: 0.9371 (patience: 3/5)
2026-01-24 20:50:35 - RNN_Baseline - DEBUG -   Epoch 19/20: NEW BEST - Train Loss: 0.2101, Val F1: 0.9402, Val AUC: 0.9388
2026-01-24 20:51:06 - RNN_Baseline - DEBUG -   Epoch 20/20: NEW BEST - Train Loss: 0.2088, Val F1: 0.9407, Val AUC: 0.9397
2026-01-24 20:51:06 - RNN_Baseline - INFO -   Epoch [20/20] Train Loss: 0.2088, Val F1: 0.9407, Val AUC: 0.9397
2026-01-24 20:51:06 - RNN_Baseline - INFO - Training completed. Best epoch: 20, Best Val F1: 0.9407
2026-01-24 20:51:06 - RNN_Baseline - INFO - Final Validation F1: 0.9407
2026-01-24 20:51:06 - RNN_Baseline - INFO - 
============================================================
2026-01-24 20:51:06 - RNN_Baseline - INFO - TEST SET EVALUATION
2026-01-24 20:51:06 - RNN_Baseline - INFO - ============================================================
2026-01-24 20:51:08 - RNN_Baseline - INFO - 
Test Results for Transformer:
2026-01-24 20:51:08 - RNN_Baseline - INFO -   Accuracy:  0.9364
2026-01-24 20:51:08 - RNN_Baseline - INFO -   Precision: 0.8870
2026-01-24 20:51:08 - RNN_Baseline - INFO -   Recall:    1.0000
2026-01-24 20:51:08 - RNN_Baseline - INFO -   F1 Score:  0.9401
2026-01-24 20:51:08 - RNN_Baseline - INFO -   AUC:       0.9371
2026-01-24 20:51:08 - RNN_Baseline - INFO -   Confusion Matrix:
2026-01-24 20:51:08 - RNN_Baseline - INFO -     [[17475, 2545], [0, 19980]]
2026-01-24 20:51:08 - RNN_Baseline - DEBUG - Predictions saved to: results_rnn_baseline/dataset_alph/Transformer_predictions_datasetalph.csv
2026-01-24 20:51:08 - RNN_Baseline - INFO - Results saved:
2026-01-24 20:51:08 - RNN_Baseline - INFO -   Predictions: results_rnn_baseline/dataset_alph/Transformer_predictions_datasetalph.csv
2026-01-24 20:51:08 - RNN_Baseline - INFO -   Summary:     results_rnn_baseline/dataset_alph/Transformer_summary_datasetalph.json
2026-01-24 20:51:08 - RNN_Baseline - INFO -   Model checkpoint: results_rnn_baseline/dataset_alph/models/Transformer_best.pt
2026-01-24 20:51:08 - RNN_Baseline - INFO - 
######################################################################
2026-01-24 20:51:08 - RNN_Baseline - INFO - # TRAINING RNNTransformer
2026-01-24 20:51:08 - RNN_Baseline - INFO - ######################################################################
2026-01-24 20:51:08 - RNN_Baseline - INFO - ============================================================
2026-01-24 20:51:08 - RNN_Baseline - INFO - RANDOM SEARCH for RNNTransformer (5 trials)
2026-01-24 20:51:08 - RNN_Baseline - INFO - ============================================================
2026-01-24 20:51:08 - RNN_Baseline - INFO - 
Trial 1/5:
2026-01-24 20:51:08 - RNN_Baseline - INFO -   Config: {'vocab_size': 26, 'embedding_dim': 64, 'rnn_hidden_dim': 32, 'num_heads': 2, 'num_transformer_layers': 1, 'dim_feedforward': 256, 'num_classes': 2, 'dropout': 0.1, 'max_seq_length': 30}
2026-01-24 20:51:08 - RNN_Baseline - INFO -   LR: 0.001
2026-01-24 20:51:08 - RNN_Baseline - DEBUG -   Model parameters: 83,074
2026-01-24 20:51:08 - RNN_Baseline - INFO - Starting training for RNNTransformer_trial0
2026-01-24 20:51:08 - RNN_Baseline - DEBUG -   Device: cuda
2026-01-24 20:51:08 - RNN_Baseline - DEBUG -   Epochs: 15
2026-01-24 20:51:08 - RNN_Baseline - DEBUG -   Learning rate: 0.001
2026-01-24 20:51:36 - RNN_Baseline - DEBUG -   Epoch 1/15: NEW BEST - Train Loss: 0.2394, Val F1: 0.9530, Val AUC: 0.9514
2026-01-24 20:52:04 - RNN_Baseline - DEBUG -   Epoch 2/15: NEW BEST - Train Loss: 0.1700, Val F1: 0.9540, Val AUC: 0.9507
2026-01-24 20:52:31 - RNN_Baseline - DEBUG -   Epoch 3/15: Train Loss: 0.1695, Val F1: 0.9496, Val AUC: 0.9481 (patience: 1/5)
2026-01-24 20:52:59 - RNN_Baseline - DEBUG -   Epoch 4/15: NEW BEST - Train Loss: 0.1680, Val F1: 0.9542, Val AUC: 0.9515
2026-01-24 20:53:27 - RNN_Baseline - DEBUG -   Epoch 5/15: NEW BEST - Train Loss: 0.1667, Val F1: 0.9543, Val AUC: 0.9517
2026-01-24 20:53:27 - RNN_Baseline - INFO -   Epoch [5/15] Train Loss: 0.1667, Val F1: 0.9543, Val AUC: 0.9517
2026-01-24 20:53:55 - RNN_Baseline - DEBUG -   Epoch 6/15: Train Loss: 0.1673, Val F1: 0.9543, Val AUC: 0.9525 (patience: 1/5)
2026-01-24 20:54:22 - RNN_Baseline - DEBUG -   Epoch 7/15: NEW BEST - Train Loss: 0.1658, Val F1: 0.9543, Val AUC: 0.9522
2026-01-24 20:54:49 - RNN_Baseline - DEBUG -   Epoch 8/15: Train Loss: 0.1663, Val F1: 0.9543, Val AUC: 0.9519 (patience: 1/5)
2026-01-24 20:55:16 - RNN_Baseline - DEBUG -   Epoch 9/15: NEW BEST - Train Loss: 0.1657, Val F1: 0.9543, Val AUC: 0.9527
2026-01-24 20:55:43 - RNN_Baseline - DEBUG -   Epoch 10/15: NEW BEST - Train Loss: 0.1658, Val F1: 0.9543, Val AUC: 0.9535
2026-01-24 20:55:43 - RNN_Baseline - INFO -   Epoch [10/15] Train Loss: 0.1658, Val F1: 0.9543, Val AUC: 0.9535
2026-01-24 20:56:10 - RNN_Baseline - DEBUG -   Epoch 11/15: Train Loss: 0.1658, Val F1: 0.9543, Val AUC: 0.9525 (patience: 1/5)
2026-01-24 20:56:37 - RNN_Baseline - DEBUG -   Epoch 12/15: Train Loss: 0.1657, Val F1: 0.9543, Val AUC: 0.9515 (patience: 2/5)
2026-01-24 20:57:04 - RNN_Baseline - DEBUG -   Epoch 13/15: Train Loss: 0.1654, Val F1: 0.9542, Val AUC: 0.9515 (patience: 3/5)
2026-01-24 20:57:31 - RNN_Baseline - DEBUG -   Epoch 14/15: Train Loss: 0.1652, Val F1: 0.9543, Val AUC: 0.9523 (patience: 4/5)
2026-01-24 20:57:58 - RNN_Baseline - DEBUG -   Epoch 15/15: NEW BEST - Train Loss: 0.1653, Val F1: 0.9543, Val AUC: 0.9537
2026-01-24 20:57:58 - RNN_Baseline - INFO -   Epoch [15/15] Train Loss: 0.1653, Val F1: 0.9543, Val AUC: 0.9537
2026-01-24 20:57:58 - RNN_Baseline - INFO - Training completed. Best epoch: 15, Best Val F1: 0.9543
2026-01-24 20:57:58 - RNN_Baseline - INFO -   → Val F1: 0.9543
2026-01-24 20:57:58 - RNN_Baseline - INFO - 
Trial 2/5:
2026-01-24 20:57:58 - RNN_Baseline - INFO -   Config: {'vocab_size': 26, 'embedding_dim': 128, 'rnn_hidden_dim': 32, 'num_heads': 8, 'num_transformer_layers': 2, 'dim_feedforward': 512, 'num_classes': 2, 'dropout': 0.2, 'max_seq_length': 30}
2026-01-24 20:57:58 - RNN_Baseline - INFO -   LR: 0.001
2026-01-24 20:57:58 - RNN_Baseline - DEBUG -   Model parameters: 454,018
2026-01-24 20:57:58 - RNN_Baseline - INFO - Starting training for RNNTransformer_trial1
2026-01-24 20:57:58 - RNN_Baseline - DEBUG -   Device: cuda
2026-01-24 20:57:58 - RNN_Baseline - DEBUG -   Epochs: 15
2026-01-24 20:57:58 - RNN_Baseline - DEBUG -   Learning rate: 0.001
2026-01-24 20:58:35 - RNN_Baseline - DEBUG -   Epoch 1/15: NEW BEST - Train Loss: 0.2434, Val F1: 0.9496, Val AUC: 0.9523
2026-01-24 20:59:12 - RNN_Baseline - DEBUG -   Epoch 2/15: NEW BEST - Train Loss: 0.2053, Val F1: 0.9516, Val AUC: 0.9504
2026-01-24 20:59:50 - RNN_Baseline - DEBUG -   Epoch 3/15: Train Loss: 0.1786, Val F1: 0.9508, Val AUC: 0.9500 (patience: 1/5)
2026-01-24 21:00:27 - RNN_Baseline - DEBUG -   Epoch 4/15: Train Loss: 0.1850, Val F1: 0.9479, Val AUC: 0.9462 (patience: 2/5)
2026-01-24 21:01:04 - RNN_Baseline - DEBUG -   Epoch 5/15: NEW BEST - Train Loss: 0.1722, Val F1: 0.9541, Val AUC: 0.9529
2026-01-24 21:01:04 - RNN_Baseline - INFO -   Epoch [5/15] Train Loss: 0.1722, Val F1: 0.9541, Val AUC: 0.9529
2026-01-24 21:01:42 - RNN_Baseline - DEBUG -   Epoch 6/15: Train Loss: 0.1758, Val F1: 0.9531, Val AUC: 0.9522 (patience: 1/5)
2026-01-24 21:02:19 - RNN_Baseline - DEBUG -   Epoch 7/15: Train Loss: 0.1749, Val F1: 0.9532, Val AUC: 0.9521 (patience: 2/5)
2026-01-24 21:02:56 - RNN_Baseline - DEBUG -   Epoch 8/15: Train Loss: 0.1717, Val F1: 0.9510, Val AUC: 0.9515 (patience: 3/5)
2026-01-24 21:03:33 - RNN_Baseline - DEBUG -   Epoch 9/15: Train Loss: 0.1741, Val F1: 0.9499, Val AUC: 0.9469 (patience: 4/5)
2026-01-24 21:04:11 - RNN_Baseline - DEBUG -   Epoch 10/15: Train Loss: 0.1790, Val F1: 0.9496, Val AUC: 0.9472 (patience: 5/5)
2026-01-24 21:04:11 - RNN_Baseline - INFO -   Epoch [10/15] Train Loss: 0.1790, Val F1: 0.9496, Val AUC: 0.9472
2026-01-24 21:04:11 - RNN_Baseline - INFO -   Early stopping at epoch 10
2026-01-24 21:04:11 - RNN_Baseline - INFO - Training completed. Best epoch: 5, Best Val F1: 0.9541
2026-01-24 21:04:11 - RNN_Baseline - INFO -   → Val F1: 0.9541
2026-01-24 21:04:11 - RNN_Baseline - INFO - 
Trial 3/5:
2026-01-24 21:04:11 - RNN_Baseline - INFO -   Config: {'vocab_size': 26, 'embedding_dim': 32, 'rnn_hidden_dim': 32, 'num_heads': 2, 'num_transformer_layers': 2, 'dim_feedforward': 128, 'num_classes': 2, 'dropout': 0.1, 'max_seq_length': 30}
2026-01-24 21:04:11 - RNN_Baseline - INFO -   LR: 0.0001
2026-01-24 21:04:11 - RNN_Baseline - DEBUG -   Model parameters: 46,306
2026-01-24 21:04:11 - RNN_Baseline - INFO - Starting training for RNNTransformer_trial2
2026-01-24 21:04:11 - RNN_Baseline - DEBUG -   Device: cuda
2026-01-24 21:04:11 - RNN_Baseline - DEBUG -   Epochs: 15
2026-01-24 21:04:11 - RNN_Baseline - DEBUG -   Learning rate: 0.0001
2026-01-24 21:04:48 - RNN_Baseline - DEBUG -   Epoch 1/15: NEW BEST - Train Loss: 0.5607, Val F1: 0.9159, Val AUC: 0.9415
2026-01-24 21:05:26 - RNN_Baseline - DEBUG -   Epoch 2/15: NEW BEST - Train Loss: 0.2394, Val F1: 0.9397, Val AUC: 0.9517
2026-01-24 21:06:03 - RNN_Baseline - DEBUG -   Epoch 3/15: Train Loss: 0.2028, Val F1: 0.9341, Val AUC: 0.9528 (patience: 1/5)
2026-01-24 21:06:41 - RNN_Baseline - DEBUG -   Epoch 4/15: NEW BEST - Train Loss: 0.1907, Val F1: 0.9505, Val AUC: 0.9529
2026-01-24 21:07:19 - RNN_Baseline - DEBUG -   Epoch 5/15: Train Loss: 0.1846, Val F1: 0.9474, Val AUC: 0.9533 (patience: 1/5)
2026-01-24 21:07:19 - RNN_Baseline - INFO -   Epoch [5/15] Train Loss: 0.1846, Val F1: 0.9474, Val AUC: 0.9533
2026-01-24 21:07:57 - RNN_Baseline - DEBUG -   Epoch 6/15: NEW BEST - Train Loss: 0.1798, Val F1: 0.9519, Val AUC: 0.9531
2026-01-24 21:08:34 - RNN_Baseline - DEBUG -   Epoch 7/15: Train Loss: 0.1768, Val F1: 0.9518, Val AUC: 0.9524 (patience: 1/5)
2026-01-24 21:09:12 - RNN_Baseline - DEBUG -   Epoch 8/15: Train Loss: 0.1758, Val F1: 0.9484, Val AUC: 0.9527 (patience: 2/5)
2026-01-24 21:09:49 - RNN_Baseline - DEBUG -   Epoch 9/15: NEW BEST - Train Loss: 0.1734, Val F1: 0.9529, Val AUC: 0.9538
2026-01-24 21:10:26 - RNN_Baseline - DEBUG -   Epoch 10/15: Train Loss: 0.1731, Val F1: 0.9520, Val AUC: 0.9535 (patience: 1/5)
2026-01-24 21:10:26 - RNN_Baseline - INFO -   Epoch [10/15] Train Loss: 0.1731, Val F1: 0.9520, Val AUC: 0.9535
2026-01-24 21:11:03 - RNN_Baseline - DEBUG -   Epoch 11/15: Train Loss: 0.1726, Val F1: 0.9516, Val AUC: 0.9522 (patience: 2/5)
2026-01-24 21:11:41 - RNN_Baseline - DEBUG -   Epoch 12/15: NEW BEST - Train Loss: 0.1714, Val F1: 0.9535, Val AUC: 0.9528
2026-01-24 21:12:18 - RNN_Baseline - DEBUG -   Epoch 13/15: Train Loss: 0.1712, Val F1: 0.9435, Val AUC: 0.9505 (patience: 1/5)
2026-01-24 21:12:56 - RNN_Baseline - DEBUG -   Epoch 14/15: Train Loss: 0.1705, Val F1: 0.9467, Val AUC: 0.9527 (patience: 2/5)
2026-01-24 21:13:34 - RNN_Baseline - DEBUG -   Epoch 15/15: NEW BEST - Train Loss: 0.1704, Val F1: 0.9535, Val AUC: 0.9528
2026-01-24 21:13:34 - RNN_Baseline - INFO -   Epoch [15/15] Train Loss: 0.1704, Val F1: 0.9535, Val AUC: 0.9528
2026-01-24 21:13:34 - RNN_Baseline - INFO - Training completed. Best epoch: 15, Best Val F1: 0.9535
2026-01-24 21:13:34 - RNN_Baseline - INFO -   → Val F1: 0.9535
2026-01-24 21:13:34 - RNN_Baseline - INFO - 
Trial 4/5:
2026-01-24 21:13:34 - RNN_Baseline - INFO -   Config: {'vocab_size': 26, 'embedding_dim': 64, 'rnn_hidden_dim': 64, 'num_heads': 8, 'num_transformer_layers': 1, 'dim_feedforward': 256, 'num_classes': 2, 'dropout': 0.2, 'max_seq_length': 30}
2026-01-24 21:13:34 - RNN_Baseline - INFO -   LR: 0.0001
2026-01-24 21:13:34 - RNN_Baseline - DEBUG -   Model parameters: 128,642
2026-01-24 21:13:34 - RNN_Baseline - INFO - Starting training for RNNTransformer_trial3
2026-01-24 21:13:34 - RNN_Baseline - DEBUG -   Device: cuda
2026-01-24 21:13:34 - RNN_Baseline - DEBUG -   Epochs: 15
2026-01-24 21:13:34 - RNN_Baseline - DEBUG -   Learning rate: 0.0001
2026-01-24 21:14:01 - RNN_Baseline - DEBUG -   Epoch 1/15: NEW BEST - Train Loss: 0.3942, Val F1: 0.9420, Val AUC: 0.9512
2026-01-24 21:14:28 - RNN_Baseline - DEBUG -   Epoch 2/15: NEW BEST - Train Loss: 0.1937, Val F1: 0.9508, Val AUC: 0.9521
2026-01-24 21:14:55 - RNN_Baseline - DEBUG -   Epoch 3/15: Train Loss: 0.1816, Val F1: 0.9034, Val AUC: 0.9523 (patience: 1/5)
2026-01-24 21:15:22 - RNN_Baseline - DEBUG -   Epoch 4/15: NEW BEST - Train Loss: 0.1781, Val F1: 0.9514, Val AUC: 0.9525
2026-01-24 21:15:49 - RNN_Baseline - DEBUG -   Epoch 5/15: NEW BEST - Train Loss: 0.1756, Val F1: 0.9536, Val AUC: 0.9525
2026-01-24 21:15:49 - RNN_Baseline - INFO -   Epoch [5/15] Train Loss: 0.1756, Val F1: 0.9536, Val AUC: 0.9525
2026-01-24 21:16:15 - RNN_Baseline - DEBUG -   Epoch 6/15: Train Loss: 0.1728, Val F1: 0.9522, Val AUC: 0.9529 (patience: 1/5)
2026-01-24 21:16:42 - RNN_Baseline - DEBUG -   Epoch 7/15: Train Loss: 0.1723, Val F1: 0.9514, Val AUC: 0.9528 (patience: 2/5)
2026-01-24 21:17:09 - RNN_Baseline - DEBUG -   Epoch 8/15: Train Loss: 0.1718, Val F1: 0.9534, Val AUC: 0.9538 (patience: 3/5)
2026-01-24 21:17:36 - RNN_Baseline - DEBUG -   Epoch 9/15: NEW BEST - Train Loss: 0.1704, Val F1: 0.9538, Val AUC: 0.9531
2026-01-24 21:18:02 - RNN_Baseline - DEBUG -   Epoch 10/15: NEW BEST - Train Loss: 0.1702, Val F1: 0.9540, Val AUC: 0.9535
2026-01-24 21:18:02 - RNN_Baseline - INFO -   Epoch [10/15] Train Loss: 0.1702, Val F1: 0.9540, Val AUC: 0.9535
2026-01-24 21:18:29 - RNN_Baseline - DEBUG -   Epoch 11/15: Train Loss: 0.1695, Val F1: 0.9539, Val AUC: 0.9534 (patience: 1/5)
2026-01-24 21:18:56 - RNN_Baseline - DEBUG -   Epoch 12/15: Train Loss: 0.1690, Val F1: 0.9538, Val AUC: 0.9536 (patience: 2/5)
2026-01-24 21:19:23 - RNN_Baseline - DEBUG -   Epoch 13/15: Train Loss: 0.1691, Val F1: 0.9538, Val AUC: 0.9529 (patience: 3/5)
2026-01-24 21:19:50 - RNN_Baseline - DEBUG -   Epoch 14/15: NEW BEST - Train Loss: 0.1685, Val F1: 0.9541, Val AUC: 0.9535
2026-01-24 21:20:16 - RNN_Baseline - DEBUG -   Epoch 15/15: Train Loss: 0.1682, Val F1: 0.9525, Val AUC: 0.9520 (patience: 1/5)
2026-01-24 21:20:16 - RNN_Baseline - INFO -   Epoch [15/15] Train Loss: 0.1682, Val F1: 0.9525, Val AUC: 0.9520
2026-01-24 21:20:16 - RNN_Baseline - INFO - Training completed. Best epoch: 14, Best Val F1: 0.9541
2026-01-24 21:20:16 - RNN_Baseline - INFO -   → Val F1: 0.9541
2026-01-24 21:20:16 - RNN_Baseline - INFO - 
Trial 5/5:
2026-01-24 21:20:16 - RNN_Baseline - INFO -   Config: {'vocab_size': 26, 'embedding_dim': 32, 'rnn_hidden_dim': 128, 'num_heads': 2, 'num_transformer_layers': 2, 'dim_feedforward': 128, 'num_classes': 2, 'dropout': 0.2, 'max_seq_length': 30}
2026-01-24 21:20:16 - RNN_Baseline - INFO -   LR: 0.0001
2026-01-24 21:20:16 - RNN_Baseline - DEBUG -   Model parameters: 201,442
2026-01-24 21:20:16 - RNN_Baseline - INFO - Starting training for RNNTransformer_trial4
2026-01-24 21:20:16 - RNN_Baseline - DEBUG -   Device: cuda
2026-01-24 21:20:16 - RNN_Baseline - DEBUG -   Epochs: 15
2026-01-24 21:20:16 - RNN_Baseline - DEBUG -   Learning rate: 0.0001
2026-01-24 21:20:54 - RNN_Baseline - DEBUG -   Epoch 1/15: NEW BEST - Train Loss: 0.4166, Val F1: 0.9384, Val AUC: 0.9501
2026-01-24 21:21:31 - RNN_Baseline - DEBUG -   Epoch 2/15: NEW BEST - Train Loss: 0.2157, Val F1: 0.9415, Val AUC: 0.9516
2026-01-24 21:22:08 - RNN_Baseline - DEBUG -   Epoch 3/15: NEW BEST - Train Loss: 0.1958, Val F1: 0.9524, Val AUC: 0.9519
2026-01-24 21:22:46 - RNN_Baseline - DEBUG -   Epoch 4/15: Train Loss: 0.1861, Val F1: 0.9477, Val AUC: 0.9533 (patience: 1/5)
2026-01-24 21:23:23 - RNN_Baseline - DEBUG -   Epoch 5/15: Train Loss: 0.1823, Val F1: 0.9472, Val AUC: 0.9537 (patience: 2/5)
2026-01-24 21:23:23 - RNN_Baseline - INFO -   Epoch [5/15] Train Loss: 0.1823, Val F1: 0.9472, Val AUC: 0.9537
2026-01-24 21:24:01 - RNN_Baseline - DEBUG -   Epoch 6/15: NEW BEST - Train Loss: 0.1783, Val F1: 0.9537, Val AUC: 0.9533
2026-01-24 21:24:38 - RNN_Baseline - DEBUG -   Epoch 7/15: Train Loss: 0.1759, Val F1: 0.9534, Val AUC: 0.9521 (patience: 1/5)
2026-01-24 21:25:16 - RNN_Baseline - DEBUG -   Epoch 8/15: Train Loss: 0.1746, Val F1: 0.9532, Val AUC: 0.9534 (patience: 2/5)
2026-01-24 21:25:54 - RNN_Baseline - DEBUG -   Epoch 9/15: NEW BEST - Train Loss: 0.1737, Val F1: 0.9540, Val AUC: 0.9529
2026-01-24 21:26:31 - RNN_Baseline - DEBUG -   Epoch 10/15: Train Loss: 0.1724, Val F1: 0.9531, Val AUC: 0.9526 (patience: 1/5)
2026-01-24 21:26:31 - RNN_Baseline - INFO -   Epoch [10/15] Train Loss: 0.1724, Val F1: 0.9531, Val AUC: 0.9526
2026-01-24 21:27:08 - RNN_Baseline - DEBUG -   Epoch 11/15: Train Loss: 0.1719, Val F1: 0.9528, Val AUC: 0.9530 (patience: 2/5)
2026-01-24 21:27:46 - RNN_Baseline - DEBUG -   Epoch 12/15: Train Loss: 0.1710, Val F1: 0.9472, Val AUC: 0.9529 (patience: 3/5)
2026-01-24 21:28:24 - RNN_Baseline - DEBUG -   Epoch 13/15: Train Loss: 0.1704, Val F1: 0.9539, Val AUC: 0.9528 (patience: 4/5)
2026-01-24 21:29:01 - RNN_Baseline - DEBUG -   Epoch 14/15: NEW BEST - Train Loss: 0.1698, Val F1: 0.9542, Val AUC: 0.9531
2026-01-24 21:29:38 - RNN_Baseline - DEBUG -   Epoch 15/15: Train Loss: 0.1691, Val F1: 0.9538, Val AUC: 0.9534 (patience: 1/5)
2026-01-24 21:29:38 - RNN_Baseline - INFO -   Epoch [15/15] Train Loss: 0.1691, Val F1: 0.9538, Val AUC: 0.9534
2026-01-24 21:29:38 - RNN_Baseline - INFO - Training completed. Best epoch: 14, Best Val F1: 0.9542
2026-01-24 21:29:38 - RNN_Baseline - INFO -   → Val F1: 0.9542
2026-01-24 21:29:38 - RNN_Baseline - INFO - 
============================================================
2026-01-24 21:29:38 - RNN_Baseline - INFO - BEST CONFIGURATION (Trial 1):
2026-01-24 21:29:38 - RNN_Baseline - INFO - ============================================================
2026-01-24 21:29:38 - RNN_Baseline - INFO - Val F1: 0.9543
2026-01-24 21:29:38 - RNN_Baseline - INFO - Parameters: 83,074
2026-01-24 21:29:38 - RNN_Baseline - INFO - Config:
2026-01-24 21:29:39 - RNN_Baseline - INFO -   embedding_dim: 64
2026-01-24 21:29:39 - RNN_Baseline - INFO -   rnn_hidden_dim: 32
2026-01-24 21:29:39 - RNN_Baseline - INFO -   num_heads: 2
2026-01-24 21:29:39 - RNN_Baseline - INFO -   num_transformer_layers: 1
2026-01-24 21:29:39 - RNN_Baseline - INFO -   dim_feedforward: 256
2026-01-24 21:29:39 - RNN_Baseline - INFO -   dropout: 0.1
2026-01-24 21:29:39 - RNN_Baseline - INFO -   max_seq_length: 30
2026-01-24 21:29:39 - RNN_Baseline - INFO -   lr: 0.001
2026-01-24 21:29:39 - RNN_Baseline - INFO - 
============================================================
2026-01-24 21:29:39 - RNN_Baseline - INFO - FINAL TRAINING with best configuration
2026-01-24 21:29:39 - RNN_Baseline - INFO - ============================================================
2026-01-24 21:29:39 - RNN_Baseline - INFO - Model parameters: 83,074
2026-01-24 21:29:39 - RNN_Baseline - INFO - Starting training for RNNTransformer
2026-01-24 21:29:39 - RNN_Baseline - DEBUG -   Device: cuda
2026-01-24 21:29:39 - RNN_Baseline - DEBUG -   Epochs: 20
2026-01-24 21:29:39 - RNN_Baseline - DEBUG -   Learning rate: 0.001
2026-01-24 21:30:06 - RNN_Baseline - DEBUG -   Epoch 1/20: NEW BEST - Train Loss: 0.2502, Val F1: 0.9533, Val AUC: 0.9521
2026-01-24 21:30:33 - RNN_Baseline - DEBUG -   Epoch 2/20: NEW BEST - Train Loss: 0.1703, Val F1: 0.9534, Val AUC: 0.9527
2026-01-24 21:31:00 - RNN_Baseline - DEBUG -   Epoch 3/20: NEW BEST - Train Loss: 0.1682, Val F1: 0.9542, Val AUC: 0.9532
2026-01-24 21:31:27 - RNN_Baseline - DEBUG -   Epoch 4/20: NEW BEST - Train Loss: 0.1667, Val F1: 0.9542, Val AUC: 0.9533
2026-01-24 21:31:54 - RNN_Baseline - DEBUG -   Epoch 5/20: NEW BEST - Train Loss: 0.1670, Val F1: 0.9542, Val AUC: 0.9519
2026-01-24 21:31:54 - RNN_Baseline - INFO -   Epoch [5/20] Train Loss: 0.1670, Val F1: 0.9542, Val AUC: 0.9519
2026-01-24 21:32:21 - RNN_Baseline - DEBUG -   Epoch 6/20: Train Loss: 0.1661, Val F1: 0.9526, Val AUC: 0.9519 (patience: 1/5)
2026-01-24 21:32:48 - RNN_Baseline - DEBUG -   Epoch 7/20: NEW BEST - Train Loss: 0.1666, Val F1: 0.9543, Val AUC: 0.9523
2026-01-24 21:33:15 - RNN_Baseline - DEBUG -   Epoch 8/20: NEW BEST - Train Loss: 0.1660, Val F1: 0.9543, Val AUC: 0.9521
2026-01-24 21:33:42 - RNN_Baseline - DEBUG -   Epoch 9/20: Train Loss: 0.1659, Val F1: 0.9542, Val AUC: 0.9518 (patience: 1/5)
2026-01-24 21:34:09 - RNN_Baseline - DEBUG -   Epoch 10/20: NEW BEST - Train Loss: 0.1654, Val F1: 0.9544, Val AUC: 0.9526
2026-01-24 21:34:09 - RNN_Baseline - INFO -   Epoch [10/20] Train Loss: 0.1654, Val F1: 0.9544, Val AUC: 0.9526
2026-01-24 21:34:36 - RNN_Baseline - DEBUG -   Epoch 11/20: Train Loss: 0.1660, Val F1: 0.9543, Val AUC: 0.9526 (patience: 1/5)
2026-01-24 21:35:03 - RNN_Baseline - DEBUG -   Epoch 12/20: Train Loss: 0.1655, Val F1: 0.9542, Val AUC: 0.9525 (patience: 2/5)
2026-01-24 21:35:30 - RNN_Baseline - DEBUG -   Epoch 13/20: Train Loss: 0.1656, Val F1: 0.9544, Val AUC: 0.9517 (patience: 3/5)
2026-01-24 21:35:57 - RNN_Baseline - DEBUG -   Epoch 14/20: Train Loss: 0.1653, Val F1: 0.9543, Val AUC: 0.9531 (patience: 4/5)
2026-01-24 21:36:24 - RNN_Baseline - DEBUG -   Epoch 15/20: Train Loss: 0.1654, Val F1: 0.9544, Val AUC: 0.9518 (patience: 5/5)
2026-01-24 21:36:24 - RNN_Baseline - INFO -   Epoch [15/20] Train Loss: 0.1654, Val F1: 0.9544, Val AUC: 0.9518
2026-01-24 21:36:24 - RNN_Baseline - INFO -   Early stopping at epoch 15
2026-01-24 21:36:24 - RNN_Baseline - INFO - Training completed. Best epoch: 10, Best Val F1: 0.9544
2026-01-24 21:36:24 - RNN_Baseline - INFO - Final Validation F1: 0.9544
2026-01-24 21:36:24 - RNN_Baseline - INFO - 
============================================================
2026-01-24 21:36:24 - RNN_Baseline - INFO - TEST SET EVALUATION
2026-01-24 21:36:24 - RNN_Baseline - INFO - ============================================================
2026-01-24 21:36:25 - RNN_Baseline - INFO - 
Test Results for RNNTransformer:
2026-01-24 21:36:25 - RNN_Baseline - INFO -   Accuracy:  0.9499
2026-01-24 21:36:25 - RNN_Baseline - INFO -   Precision: 0.9090
2026-01-24 21:36:25 - RNN_Baseline - INFO -   Recall:    0.9999
2026-01-24 21:36:25 - RNN_Baseline - INFO -   F1 Score:  0.9523
2026-01-24 21:36:25 - RNN_Baseline - INFO -   AUC:       0.9511
2026-01-24 21:36:25 - RNN_Baseline - INFO -   Confusion Matrix:
2026-01-24 21:36:25 - RNN_Baseline - INFO -     [[18019, 2001], [1, 19979]]
2026-01-24 21:36:25 - RNN_Baseline - DEBUG - Predictions saved to: results_rnn_baseline/dataset_alph/RNNTransformer_predictions_datasetalph.csv
2026-01-24 21:36:25 - RNN_Baseline - INFO - Results saved:
2026-01-24 21:36:25 - RNN_Baseline - INFO -   Predictions: results_rnn_baseline/dataset_alph/RNNTransformer_predictions_datasetalph.csv
2026-01-24 21:36:25 - RNN_Baseline - INFO -   Summary:     results_rnn_baseline/dataset_alph/RNNTransformer_summary_datasetalph.json
2026-01-24 21:36:25 - RNN_Baseline - INFO -   Model checkpoint: results_rnn_baseline/dataset_alph/models/RNNTransformer_best.pt
2026-01-24 21:36:25 - RNN_Baseline - INFO - 
######################################################################
2026-01-24 21:36:25 - RNN_Baseline - INFO - # FINAL COMPARISON OF ALL MODELS
2026-01-24 21:36:25 - RNN_Baseline - INFO - ######################################################################

2026-01-24 21:36:25 - RNN_Baseline - INFO - Model           Accuracy   Precision  Recall     F1         AUC       
2026-01-24 21:36:25 - RNN_Baseline - INFO - ---------------------------------------------------------------------------
2026-01-24 21:36:25 - RNN_Baseline - INFO - LSTM            0.9512     0.9110     1.0000     0.9534     0.9527    
2026-01-24 21:36:25 - RNN_Baseline - INFO - Transformer     0.9364     0.8870     1.0000     0.9401     0.9371    
2026-01-24 21:36:25 - RNN_Baseline - INFO - RNNTransformer  0.9499     0.9090     0.9999     0.9523     0.9511    
2026-01-24 21:36:25 - RNN_Baseline - INFO - 
Comparison saved to: results_rnn_baseline/dataset_alph/comparison_datasetalph.json
2026-01-24 21:36:25 - RNN_Baseline - INFO - 
============================================================
2026-01-24 21:36:25 - RNN_Baseline - INFO - BEST MODEL: LSTM
2026-01-24 21:36:25 - RNN_Baseline - INFO -   F1 Score: 0.9534
2026-01-24 21:36:25 - RNN_Baseline - INFO -   AUC:      0.9527
2026-01-24 21:36:25 - RNN_Baseline - INFO - ============================================================
2026-01-24 21:36:25 - RNN_Baseline - INFO - 
Training completed successfully!
