Starting job 1835713 on gpu-5 on fox at Mon Jul 28 21:30:35 CEST 2025

2025-07-28 21:30:50,838: Argument CI: False
2025-07-28 21:30:50,838: Argument all_landmarks: True
2025-07-28 21:30:50,838: Argument batch_size: 8
2025-07-28 21:30:50,838: Argument cache_dir: '/cluster/work/projects/ec12/michechi/cache'
2025-07-28 21:30:50,838: Argument early: 'loss'
2025-07-28 21:30:50,838: Argument epochs: 20
2025-07-28 21:30:50,838: Argument gradient_accumulation_steps: 1
2025-07-28 21:30:50,838: Argument input_csv: '/fp/homes01/u01/ec-michelec/MIMICIV/data/splitted/splitted/landmark_df_evo.csv'
2025-07-28 21:30:50,838: Argument lr: 2e-05
2025-07-28 21:30:50,838: Argument max_length: 512
2025-07-28 21:30:50,838: Argument max_visits: 3
2025-07-28 21:30:50,838: Argument model_name: 'emilyalsentzer/Bio_ClinicalBERT'
2025-07-28 21:30:50,838: Argument model_type: 'medical'
2025-07-28 21:30:50,838: Argument patience: 1
2025-07-28 21:30:50,838: Argument peft: False
2025-07-28 21:30:50,839: Argument prompt_type: 'full_no_time_rnd'
2025-07-28 21:30:50,839: Argument seed: 9550
2025-07-28 21:30:50,839: Argument test_csv: '/fp/homes01/u01/ec-michelec/MIMICIV/data/splitted/splitted/landmark_evo_test.csv'
2025-07-28 21:30:50,839: Argument train_csv: '/fp/homes01/u01/ec-michelec/MIMICIV/data/splitted/splitted/landmark_evo_train.csv'
2025-07-28 21:30:50,839: Argument use_quantization: False
2025-07-28 21:30:50,839: Argument val_csv: '/fp/homes01/u01/ec-michelec/MIMICIV/data/splitted/splitted/landmark_evo_vali.csv'
2025-07-28 21:30:50,842: Using prompt type: full_no_time_rnd
/fp/homes01/u01/ec-michelec/MIMICIV/src/Finetuning_rfct.py:77: DtypeWarning: Columns (16,17,18,19) have mixed types. Specify dtype option on import or set low_memory=False.
  full_train_df = pd.read_csv(args.train_csv, na_values=['', 'None', 'NaN', 'na', 'nan']).fillna('')
/fp/homes01/u01/ec-michelec/MIMICIV/src/Finetuning_rfct.py:79: DtypeWarning: Columns (16,17,18,19) have mixed types. Specify dtype option on import or set low_memory=False.
  full_test_df = pd.read_csv(args.test_csv, na_values=['', 'None', 'NaN', 'na', 'nan']).fillna('')
2025-07-28 21:31:27,785: Processing all landmarks from 1 to 3
2025-07-28 21:31:27,785: Preparing data for Landmark 1
/fp/projects01/ec30/software/easybuild/software/nlpl-pytorch/2.1.2-foss-2022b-cuda-12.0.0-Python-3.10.8/lib/python3.10/site-packages/torch/_utils.py:831: UserWarning: TypedStorage is deprecated. It will be removed in the future and UntypedStorage will be the only storage class. This should only matter to you if you are using storages directly.  To access UntypedStorage directly, use tensor.untyped_storage() instead of tensor.storage()
  return self.fget.__get__(instance, owner)()
Some weights of BertForSequenceClassification were not initialized from the model checkpoint at emilyalsentzer/Bio_ClinicalBERT and are newly initialized: ['classifier.bias', 'classifier.weight']
You should probably TRAIN this model on a down-stream task to be able to use it for predictions and inference.
2025-07-28 21:31:32,440: Average train text length: 130.90 words
2025-07-28 21:31:32,441: Average validation text length: 130.07 words
2025-07-28 21:31:32,441: Average test text length: 131.65 words
2025-07-28 21:31:32,441: Training on 14472 samples, validating on 1608, testing on 4020 samples
2025-07-28 21:31:45,658: Fine-tuning at Landmark 1
2025-07-28 21:31:46,024: Early stopping criterion: loss
2025-07-28 21:36:44,596: Landmark 1 | Epoch 1/20 | Train Loss: 0.3864 | Val Loss: 0.3654 | Validation AUC: 0.7917 | F1-Score: 0.0000
2025-07-28 21:36:44,922: New best model saved at /cluster/work/projects/ec12/michechi/cache/best/best_model_emilyalsentzer_Bio_ClinicalBERT_landmark1_full_no_time_rnd_3_512_all_landmarks_True_20250728_213146_.pt with AUC: 0.7917, F1: 0.0000, Val Loss: 0.3654
2025-07-28 21:41:43,402: Landmark 1 | Epoch 2/20 | Train Loss: 0.3424 | Val Loss: 0.3234 | Validation AUC: 0.8295 | F1-Score: 0.3536
2025-07-28 21:41:43,709: New best model saved at /cluster/work/projects/ec12/michechi/cache/best/best_model_emilyalsentzer_Bio_ClinicalBERT_landmark1_full_no_time_rnd_3_512_all_landmarks_True_20250728_213146_.pt with AUC: 0.8295, F1: 0.3536, Val Loss: 0.3234
2025-07-28 21:46:42,203: Landmark 1 | Epoch 3/20 | Train Loss: 0.3213 | Val Loss: 0.3378 | Validation AUC: 0.8041 | F1-Score: 0.3158
2025-07-28 21:46:42,203: No improvement in epoch 3. Current best AUC: 0.8295, F1: 0.3536, Val Loss: 0.3234. Epochs without improvement: 1/1
2025-07-28 21:46:42,203: Early stopping triggered at epoch 3. Best AUC: 0.8295, F1: 0.3536, Val Loss: 0.3234
2025-07-28 21:46:42,444: Tempo impiegato per Landmark 1: 896.8 secondi
2025-07-28 21:46:42,445: Tempo medio per epoca: 298.9 secondi
2025-07-28 21:46:42,447: Loading best model from /cluster/work/projects/ec12/michechi/cache/best/best_model_emilyalsentzer_Bio_ClinicalBERT_landmark1_full_no_time_rnd_3_512_all_landmarks_True_20250728_213146_.pt for final evaluation on test set
2025-07-28 21:47:05,498: Final Test AUC (Landmark 1): 0.8222 | Test F1-Score: 0.3452
2025-07-28 21:47:05,498: Preparing data for Landmark 2
Using device: cuda
Some weights of BertForSequenceClassification were not initialized from the model checkpoint at emilyalsentzer/Bio_ClinicalBERT and are newly initialized: ['classifier.bias', 'classifier.weight']
You should probably TRAIN this model on a down-stream task to be able to use it for predictions and inference.
2025-07-28 21:47:11,768: Average train text length: 237.75 words
2025-07-28 21:47:11,768: Average validation text length: 236.84 words
2025-07-28 21:47:11,768: Average test text length: 236.66 words
2025-07-28 21:47:11,768: Training on 14472 samples, validating on 1608, testing on 4020 samples
2025-07-28 21:47:35,993: Fine-tuning at Landmark 2
2025-07-28 21:47:35,997: Early stopping criterion: loss
2025-07-28 21:52:35,499: Landmark 2 | Epoch 1/20 | Train Loss: 0.3714 | Val Loss: 0.3215 | Validation AUC: 0.8437 | F1-Score: 0.4048
2025-07-28 21:52:35,824: New best model saved at /cluster/work/projects/ec12/michechi/cache/best/best_model_emilyalsentzer_Bio_ClinicalBERT_landmark2_full_no_time_rnd_3_512_all_landmarks_True_20250728_214735_.pt with AUC: 0.8437, F1: 0.4048, Val Loss: 0.3215
2025-07-28 21:57:36,147: Landmark 2 | Epoch 2/20 | Train Loss: 0.3199 | Val Loss: 0.2920 | Validation AUC: 0.8655 | F1-Score: 0.3345
2025-07-28 21:57:36,468: New best model saved at /cluster/work/projects/ec12/michechi/cache/best/best_model_emilyalsentzer_Bio_ClinicalBERT_landmark2_full_no_time_rnd_3_512_all_landmarks_True_20250728_214735_.pt with AUC: 0.8655, F1: 0.3345, Val Loss: 0.2920
2025-07-28 22:02:36,835: Landmark 2 | Epoch 3/20 | Train Loss: 0.2979 | Val Loss: 0.3028 | Validation AUC: 0.8681 | F1-Score: 0.5114
2025-07-28 22:02:36,836: No improvement in epoch 3. Current best AUC: 0.8655, F1: 0.3345, Val Loss: 0.2920. Epochs without improvement: 1/1
2025-07-28 22:02:36,836: Early stopping triggered at epoch 3. Best AUC: 0.8655, F1: 0.3345, Val Loss: 0.2920
2025-07-28 22:02:37,091: Tempo impiegato per Landmark 2: 901.1 secondi
2025-07-28 22:02:37,091: Tempo medio per epoca: 300.4 secondi
2025-07-28 22:02:37,093: Loading best model from /cluster/work/projects/ec12/michechi/cache/best/best_model_emilyalsentzer_Bio_ClinicalBERT_landmark2_full_no_time_rnd_3_512_all_landmarks_True_20250728_214735_.pt for final evaluation on test set
2025-07-28 22:03:00,198: Final Test AUC (Landmark 2): 0.8500 | Test F1-Score: 0.2857
2025-07-28 22:03:00,199: Preparing data for Landmark 3
Using device: cuda
Some weights of BertForSequenceClassification were not initialized from the model checkpoint at emilyalsentzer/Bio_ClinicalBERT and are newly initialized: ['classifier.bias', 'classifier.weight']
You should probably TRAIN this model on a down-stream task to be able to use it for predictions and inference.
2025-07-28 22:03:09,241: Average train text length: 356.21 words
2025-07-28 22:03:09,241: Average validation text length: 351.55 words
2025-07-28 22:03:09,241: Average test text length: 354.77 words
2025-07-28 22:03:09,241: Training on 14472 samples, validating on 1608, testing on 4020 samples
2025-07-28 22:03:45,406: Fine-tuning at Landmark 3
2025-07-28 22:03:45,413: Early stopping criterion: loss
2025-07-28 22:08:42,974: Landmark 3 | Epoch 1/20 | Train Loss: 0.3043 | Val Loss: 0.2425 | Validation AUC: 0.9319 | F1-Score: 0.6484
2025-07-28 22:08:43,302: New best model saved at /cluster/work/projects/ec12/michechi/cache/best/best_model_emilyalsentzer_Bio_ClinicalBERT_landmark3_full_no_time_rnd_3_512_all_landmarks_True_20250728_220345_.pt with AUC: 0.9319, F1: 0.6484, Val Loss: 0.2425
2025-07-28 22:13:41,213: Landmark 3 | Epoch 2/20 | Train Loss: 0.2341 | Val Loss: 0.2141 | Validation AUC: 0.9382 | F1-Score: 0.6281
2025-07-28 22:13:41,523: New best model saved at /cluster/work/projects/ec12/michechi/cache/best/best_model_emilyalsentzer_Bio_ClinicalBERT_landmark3_full_no_time_rnd_3_512_all_landmarks_True_20250728_220345_.pt with AUC: 0.9382, F1: 0.6281, Val Loss: 0.2141
2025-07-28 22:18:39,509: Landmark 3 | Epoch 3/20 | Train Loss: 0.2125 | Val Loss: 0.2158 | Validation AUC: 0.9398 | F1-Score: 0.6033
2025-07-28 22:18:39,510: No improvement in epoch 3. Current best AUC: 0.9382, F1: 0.6281, Val Loss: 0.2141. Epochs without improvement: 1/1
2025-07-28 22:18:39,510: Early stopping triggered at epoch 3. Best AUC: 0.9382, F1: 0.6281, Val Loss: 0.2141
2025-07-28 22:18:39,761: Tempo impiegato per Landmark 3: 894.4 secondi
2025-07-28 22:18:39,762: Tempo medio per epoca: 298.1 secondi
2025-07-28 22:18:39,763: Loading best model from /cluster/work/projects/ec12/michechi/cache/best/best_model_emilyalsentzer_Bio_ClinicalBERT_landmark3_full_no_time_rnd_3_512_all_landmarks_True_20250728_220345_.pt for final evaluation on test set
2025-07-28 22:19:02,292: Final Test AUC (Landmark 3): 0.9362 | Test F1-Score: 0.6416
2025-07-28 22:19:02,293: Saving results to results_medical_True_emilyalsentzer_Bio_ClinicalBERT_visits3_9550_full_no_time_rnd_20250728_221902.csv
Using device: cuda
   Landmark Val AUC  ... Validation Loss Training Time (s)
0         1  0.8295  ...          0.3234             896.8
1         2  0.8655  ...          0.2920             901.1
2         3  0.9382  ...          0.2141             894.4

[3 rows x 9 columns]

Job 1835713 consumed 15.4 billing hours from project ec12.

Submitted 2025-07-28T21:30:34; waited 0.0 seconds in the queue after becoming eligible to run.

Requested wallclock time: 24.0 hours
Elapsed wallclock time:   48.5 minutes

Job exited normally.

Task and CPU statistics:
ID             CPUs  Tasks  CPU util                Start   Elapsed  Exit status
1835713          16            0.0 %  2025-07-28T21:30:34  2913.0 s  0
1835713.batch    16      1     6.2 %  2025-07-28T21:30:34  2913.0 s  0

Used CPU time:   48.3 CPU minutes
Unused CPU time: 12.1 CPU hours

Memory statistics, in GiB:
ID              Alloc   Usage
1835713          32.0        
1835713.batch    32.0    11.9

Job 1835713 completed at Mon Jul 28 22:19:07 CEST 2025
