Starting job 1690518 on c1-5 on fox at Fri Jun 13 09:39:43 CEST 2025

2025-06-13 09:39:50,918: Argument input_csv: 'landmark_df.csv'
2025-06-13 09:39:50,918: Argument max_features: 1000
2025-06-13 09:39:50,918: Argument max_visits: 1
2025-06-13 09:39:50,918: Argument output_dir: '/cluster/work/projects/ec403/ec-michechi/Project_M'
2025-06-13 09:39:50,918: Argument prompt_type: 'naive'
2025-06-13 09:39:50,919: Argument random_state: 9550
2025-06-13 09:39:50,919: Argument test_csv: '/cluster/work/projects/ec403/ec-michechi/Project_M/data/landmark_evo_test.csv'
2025-06-13 09:39:50,919: Argument train_csv: '/cluster/work/projects/ec403/ec-michechi/Project_M/data/landmark_evo_train.csv'
2025-06-13 09:39:50,919: Argument val_csv: '/cluster/work/projects/ec403/ec-michechi/Project_M/data/landmark_evo_vali.csv'
2025-06-13 09:39:50,919: Argument vectorizer_type: 'tfidf'
2025-06-13 09:39:50,919: Using data required to create prompt: naive
/fp/homes01/u01/ec-michechi/Project_M/MIMICIV/src/Xgboost_evo.py:220: DtypeWarning: Columns (16,17,18,19) have mixed types. Specify dtype option on import or set low_memory=False.
  full_train_df = pd.read_csv(args.train_csv, na_values=['', 'None', 'NaN', 'na', 'nan']).fillna('')
2025-06-13 09:40:24,860: Processing Landmark Visit: 1
Fitting 5 folds for each of 10 candidates, totalling 50 fits
[CV] END l2_regularization=0, learning_rate=0.01, max_depth=7, max_iter=100, max_leaf_nodes=63, min_samples_leaf=30; total time=373.7min
[CV] END l2_regularization=1.0, learning_rate=0.01, max_depth=7, max_iter=100, max_leaf_nodes=15, min_samples_leaf=20; total time=239.2min
[CV] END l2_regularization=1.0, learning_rate=0.05, max_depth=3, max_iter=100, max_leaf_nodes=31, min_samples_leaf=30; total time=47.5min
[CV] END l2_regularization=0.1, learning_rate=0.1, max_depth=7, max_iter=500, max_leaf_nodes=31, min_samples_leaf=10; total time=205.0min
[CV] END l2_regularization=0, learning_rate=0.01, max_depth=5, max_iter=100, max_leaf_nodes=15, min_samples_leaf=20; total time=160.8min
[CV] END l2_regularization=1.0, learning_rate=0.01, max_depth=7, max_iter=100, max_leaf_nodes=15, min_samples_leaf=20; total time=247.0min
[CV] END l2_regularization=1.0, learning_rate=0.05, max_depth=3, max_iter=100, max_leaf_nodes=31, min_samples_leaf=30; total time=47.8min
[CV] END l2_regularization=0.1, learning_rate=0.1, max_depth=7, max_iter=500, max_leaf_nodes=31, min_samples_leaf=10; total time=163.4min
[CV] END l2_regularization=0, learning_rate=0.01, max_depth=5, max_iter=100, max_leaf_nodes=15, min_samples_leaf=20; total time=157.4min
[CV] END l2_regularization=0, learning_rate=0.05, max_depth=5, max_iter=300, max_leaf_nodes=15, min_samples_leaf=30; total time=340.4min
[CV] END l2_regularization=0.1, learning_rate=0.1, max_depth=7, max_iter=500, max_leaf_nodes=31, min_samples_leaf=10; total time=229.8min
[CV] END l2_regularization=1.0, learning_rate=0.05, max_depth=3, max_iter=100, max_leaf_nodes=63, min_samples_leaf=30; total time=94.2min
[CV] END l2_regularization=0, learning_rate=0.05, max_depth=5, max_iter=300, max_leaf_nodes=15, min_samples_leaf=30; total time=338.4min
[CV] END l2_regularization=0, learning_rate=0.01, max_depth=7, max_iter=100, max_leaf_nodes=63, min_samples_leaf=30; total time=321.9min
[CV] END l2_regularization=0, learning_rate=0.05, max_depth=5, max_iter=300, max_leaf_nodes=15, min_samples_leaf=30; total time=340.9min
[CV] END l2_regularization=0, learning_rate=0.01, max_depth=7, max_iter=100, max_leaf_nodes=63, min_samples_leaf=30; total time=272.7min
[CV] END l2_regularization=1.0, learning_rate=0.05, max_depth=3, max_iter=100, max_leaf_nodes=63, min_samples_leaf=30; total time=62.4min
[CV] END l2_regularization=0, learning_rate=0.05, max_depth=5, max_iter=300, max_leaf_nodes=15, min_samples_leaf=30; total time=329.4min
[CV] END l2_regularization=0, learning_rate=0.01, max_depth=7, max_iter=100, max_leaf_nodes=63, min_samples_leaf=30; total time=373.9min
[CV] END l2_regularization=0, learning_rate=0.01, max_depth=None, max_iter=300, max_leaf_nodes=15, min_samples_leaf=10; total time=315.9min
[CV] END l2_regularization=0, learning_rate=0.1, max_depth=None, max_iter=300, max_leaf_nodes=63, min_samples_leaf=20; total time=379.3min
[CV] END l2_regularization=0, learning_rate=0.01, max_depth=None, max_iter=300, max_leaf_nodes=15, min_samples_leaf=10; total time=312.7min
[CV] END l2_regularization=0, learning_rate=0.01, max_depth=5, max_iter=100, max_leaf_nodes=15, min_samples_leaf=20; total time=65.8min
[CV] END l2_regularization=0, learning_rate=0.01, max_depth=5, max_iter=100, max_leaf_nodes=15, min_samples_leaf=20; total time=163.6min
[CV] END l2_regularization=1.0, learning_rate=0.05, max_depth=3, max_iter=100, max_leaf_nodes=63, min_samples_leaf=30; total time=89.8min
[CV] END l2_regularization=1.0, learning_rate=0.05, max_depth=3, max_iter=100, max_leaf_nodes=63, min_samples_leaf=30; total time=66.8min
[CV] END l2_regularization=0, learning_rate=0.01, max_depth=None, max_iter=300, max_leaf_nodes=15, min_samples_leaf=10; total time=307.5min
[CV] END l2_regularization=0.1, learning_rate=0.1, max_depth=7, max_iter=500, max_leaf_nodes=31, min_samples_leaf=10; total time=319.2min
[CV] END l2_regularization=1.0, learning_rate=0.05, max_depth=3, max_iter=100, max_leaf_nodes=63, min_samples_leaf=30; total time=71.3min
[CV] END l2_regularization=0, learning_rate=0.01, max_depth=None, max_iter=300, max_leaf_nodes=15, min_samples_leaf=10; total time=303.3min
[CV] END l2_regularization=0, learning_rate=0.1, max_depth=None, max_iter=300, max_leaf_nodes=63, min_samples_leaf=20; total time=451.1min
[CV] END l2_regularization=0, learning_rate=0.01, max_depth=None, max_iter=300, max_leaf_nodes=15, min_samples_leaf=10; total time=247.0min
[CV] END l2_regularization=0, learning_rate=0.1, max_depth=None, max_iter=300, max_leaf_nodes=63, min_samples_leaf=20; total time=513.4min
[CV] END l2_regularization=1.0, learning_rate=0.05, max_depth=3, max_iter=100, max_leaf_nodes=31, min_samples_leaf=30; total time=101.5min
[CV] END l2_regularization=0, learning_rate=0.01, max_depth=5, max_iter=300, max_leaf_nodes=31, min_samples_leaf=10; total time=117.5min
[CV] END l2_regularization=0, learning_rate=0.1, max_depth=None, max_iter=300, max_leaf_nodes=63, min_samples_leaf=20; total time=371.9min
[CV] END l2_regularization=1.0, learning_rate=0.01, max_depth=7, max_iter=100, max_leaf_nodes=15, min_samples_leaf=20; total time=242.2min
[CV] END l2_regularization=0, learning_rate=0.01, max_depth=5, max_iter=300, max_leaf_nodes=31, min_samples_leaf=10; total time=119.0min
2025-06-13 22:00:23,315: Best Parameters for Landmark: {'min_samples_leaf': 20, 'max_leaf_nodes': 63, 'max_iter': 300, 'max_depth': None, 'learning_rate': 0.1, 'l2_regularization': 0}
2025-06-13 22:01:12,592: Results saved to CSV.
   Landmark (Visit Number)  Number of Patients (Test)  ... AUC (Test) F1-Score
0                        1                      24658  ...     0.9689   0.7521

[1 rows x 5 columns]
[CV] END l2_regularization=0, learning_rate=0.01, max_depth=7, max_iter=100, max_leaf_nodes=63, min_samples_leaf=30; total time=326.6min
[CV] END l2_regularization=0, learning_rate=0.05, max_depth=5, max_iter=300, max_leaf_nodes=15, min_samples_leaf=30; total time=308.0min
[CV] END l2_regularization=0, learning_rate=0.01, max_depth=5, max_iter=300, max_leaf_nodes=31, min_samples_leaf=10; total time=102.7min
[CV] END l2_regularization=0, learning_rate=0.1, max_depth=None, max_iter=300, max_leaf_nodes=63, min_samples_leaf=20; total time=357.9min
[CV] END l2_regularization=1.0, learning_rate=0.01, max_depth=7, max_iter=100, max_leaf_nodes=15, min_samples_leaf=20; total time=247.1min
[CV] END l2_regularization=1.0, learning_rate=0.05, max_depth=3, max_iter=100, max_leaf_nodes=31, min_samples_leaf=30; total time=47.7min
[CV] END l2_regularization=0, learning_rate=0.01, max_depth=5, max_iter=300, max_leaf_nodes=31, min_samples_leaf=10; total time=85.9min
[CV] END l2_regularization=0.1, learning_rate=0.1, max_depth=7, max_iter=500, max_leaf_nodes=31, min_samples_leaf=10; total time=197.5min
[CV] END l2_regularization=0, learning_rate=0.01, max_depth=5, max_iter=100, max_leaf_nodes=15, min_samples_leaf=20; total time=163.7min
[CV] END l2_regularization=1.0, learning_rate=0.01, max_depth=7, max_iter=100, max_leaf_nodes=15, min_samples_leaf=20; total time=243.5min
[CV] END l2_regularization=1.0, learning_rate=0.05, max_depth=3, max_iter=100, max_leaf_nodes=31, min_samples_leaf=30; total time=47.8min
[CV] END l2_regularization=0, learning_rate=0.01, max_depth=5, max_iter=300, max_leaf_nodes=31, min_samples_leaf=10; total time=86.0min

Job 1690518 consumed 395.5 billing hours from project ec403.

Submitted 2025-06-13T09:39:42; waited 0.0 seconds in the queue after becoming eligible to run.

Requested wallclock time: 24.0 hours
Elapsed wallclock time:   12.4 hours

Job exited normally.

Task and CPU statistics:
ID             CPUs  Tasks  CPU util                Start  Elapsed  Exit status
1690518          16            0.0 %  2025-06-13T09:39:42   12.4 h  0
1690518.batch    16      1    92.1 %  2025-06-13T09:39:42   12.4 h  0

Used CPU time:   7.6 CPU days
Unused CPU time: 15.7 CPU hours

Memory statistics, in GiB:
ID              Alloc   Usage
1690518         128.0        
1690518.batch   128.0    85.8

Job 1690518 completed at Fri Jun 13 22:01:15 CEST 2025
