Starting job 1836234 on gpu-8 on fox at Wed Jul 30 09:01:50 CEST 2025

2025-07-30 09:02:11,580: Argument CI: False
2025-07-30 09:02:11,580: Argument all_landmarks: True
2025-07-30 09:02:11,580: Argument batch_size: 8
2025-07-30 09:02:11,580: Argument cache_dir: '/cluster/work/projects/ec12/michechi/cache'
2025-07-30 09:02:11,580: Argument early: 'loss'
2025-07-30 09:02:11,580: Argument epochs: 20
2025-07-30 09:02:11,580: Argument gradient_accumulation_steps: 1
2025-07-30 09:02:11,580: Argument input_csv: '/fp/homes01/u01/ec-michelec/MIMICIV/data/splitted/splitted/landmark_df_evo.csv'
2025-07-30 09:02:11,580: Argument lr: 2e-05
2025-07-30 09:02:11,580: Argument max_length: 1024
2025-07-30 09:02:11,580: Argument max_visits: 3
2025-07-30 09:02:11,580: Argument model_name: 'answerdotai/ModernBERT-large'
2025-07-30 09:02:11,580: Argument model_type: 'medical'
2025-07-30 09:02:11,580: Argument patience: 1
2025-07-30 09:02:11,580: Argument peft: False
2025-07-30 09:02:11,580: Argument prompt_type: 'compact_no_time_rnd'
2025-07-30 09:02:11,580: Argument seed: 9550
2025-07-30 09:02:11,580: Argument test_csv: '/fp/homes01/u01/ec-michelec/MIMICIV/data/splitted/splitted/landmark_evo_test.csv'
2025-07-30 09:02:11,580: Argument train_csv: '/fp/homes01/u01/ec-michelec/MIMICIV/data/splitted/splitted/landmark_evo_train.csv'
2025-07-30 09:02:11,580: Argument use_quantization: False
2025-07-30 09:02:11,580: Argument val_csv: '/fp/homes01/u01/ec-michelec/MIMICIV/data/splitted/splitted/landmark_evo_vali.csv'
2025-07-30 09:02:11,621: Using prompt type: compact_no_time_rnd
/fp/homes01/u01/ec-michelec/MIMICIV/src/Finetuning_rfct.py:79: DtypeWarning: Columns (16,17,18,19) have mixed types. Specify dtype option on import or set low_memory=False.
  full_train_df = pd.read_csv(args.train_csv, na_values=['', 'None', 'NaN', 'na', 'nan']).fillna('')
/fp/homes01/u01/ec-michelec/MIMICIV/src/Finetuning_rfct.py:81: DtypeWarning: Columns (16,17,18,19) have mixed types. Specify dtype option on import or set low_memory=False.
  full_test_df = pd.read_csv(args.test_csv, na_values=['', 'None', 'NaN', 'na', 'nan']).fillna('')
2025-07-30 09:02:48,528: Processing all landmarks from 1 to 3
2025-07-30 09:02:48,528: Preparing data for Landmark 1
Some weights of ModernBertForSequenceClassification were not initialized from the model checkpoint at answerdotai/ModernBERT-large and are newly initialized: ['classifier.bias', 'classifier.weight']
You should probably TRAIN this model on a down-stream task to be able to use it for predictions and inference.
2025-07-30 09:03:02,861: Average train text length: 133.90 words
2025-07-30 09:03:02,861: Average validation text length: 133.07 words
2025-07-30 09:03:02,862: Average test text length: 134.65 words
2025-07-30 09:03:02,862: Training on 14472 samples, validating on 1608, testing on 4020 samples
2025-07-30 09:03:14,488: Fine-tuning at Landmark 1
2025-07-30 09:03:14,491: Early stopping criterion: loss
/fp/homes01/u01/ec-michelec/ModernBERT/lib64/python3.9/site-packages/networkx/utils/backends.py:135: RuntimeWarning: networkx backend defined more than once: nx-loopback
  backends.update(_get_backends("networkx.backends"))
2025-07-30 09:19:35,878: Landmark 1 | Epoch 1/20 | Train Loss: 0.3834 | Val Loss: 0.3460 | Validation AUC: 0.8056 | F1-Score: 0.0252
2025-07-30 09:19:36,947: New best model saved at /cluster/work/projects/ec12/michechi/cache/best/best_model_answerdotai_ModernBERT-large_9550_landmark1_compact_no_time_rnd_3_1024_all_landmarks_True_20250730_090314_.pt with AUC: 0.8056, F1: 0.0252, Val Loss: 0.3460
2025-07-30 09:35:38,530: Landmark 1 | Epoch 2/20 | Train Loss: 0.3452 | Val Loss: 0.3363 | Validation AUC: 0.8045 | F1-Score: 0.2062
2025-07-30 09:35:39,498: New best model saved at /cluster/work/projects/ec12/michechi/cache/best/best_model_answerdotai_ModernBERT-large_9550_landmark1_compact_no_time_rnd_3_1024_all_landmarks_True_20250730_090314_.pt with AUC: 0.8045, F1: 0.2062, Val Loss: 0.3363
2025-07-30 09:51:42,332: Landmark 1 | Epoch 3/20 | Train Loss: 0.3426 | Val Loss: 0.3398 | Validation AUC: 0.8047 | F1-Score: 0.0000
2025-07-30 09:51:42,333: No improvement in epoch 3. Current best AUC: 0.8045, F1: 0.2062, Val Loss: 0.3363. Epochs without improvement: 1/1
2025-07-30 09:51:42,333: Early stopping triggered at epoch 3. Best AUC: 0.8045, F1: 0.2062, Val Loss: 0.3363
2025-07-30 09:51:43,038: Tempo impiegato per Landmark 1: 2908.5 secondi
2025-07-30 09:51:43,039: Tempo medio per epoca: 969.5 secondi
2025-07-30 09:51:43,040: Loading best model from /cluster/work/projects/ec12/michechi/cache/best/best_model_answerdotai_ModernBERT-large_9550_landmark1_compact_no_time_rnd_3_1024_all_landmarks_True_20250730_090314_.pt for final evaluation on test set
2025-07-30 09:52:55,278: Final Test AUC (Landmark 1): 0.7982 | Test F1-Score: 0.2094
2025-07-30 09:52:55,278: Preparing data for Landmark 2
Some weights of ModernBertForSequenceClassification were not initialized from the model checkpoint at answerdotai/ModernBERT-large and are newly initialized: ['classifier.bias', 'classifier.weight']
You should probably TRAIN this model on a down-stream task to be able to use it for predictions and inference.
2025-07-30 09:53:02,759: Average train text length: 137.85 words
2025-07-30 09:53:02,759: Average validation text length: 137.77 words
2025-07-30 09:53:02,759: Average test text length: 136.01 words
2025-07-30 09:53:02,759: Training on 14472 samples, validating on 1608, testing on 4020 samples
2025-07-30 09:53:15,447: Fine-tuning at Landmark 2
2025-07-30 09:53:15,466: Early stopping criterion: loss
2025-07-30 10:09:19,168: Landmark 2 | Epoch 1/20 | Train Loss: 0.3751 | Val Loss: 0.3202 | Validation AUC: 0.8557 | F1-Score: 0.4311
2025-07-30 10:09:20,175: New best model saved at /cluster/work/projects/ec12/michechi/cache/best/best_model_answerdotai_ModernBERT-large_9550_landmark2_compact_no_time_rnd_3_1024_all_landmarks_True_20250730_095315_.pt with AUC: 0.8557, F1: 0.4311, Val Loss: 0.3202
2025-07-30 10:25:23,780: Landmark 2 | Epoch 2/20 | Train Loss: 0.3781 | Val Loss: 0.3177 | Validation AUC: 0.8460 | F1-Score: 0.0000
2025-07-30 10:25:24,785: New best model saved at /cluster/work/projects/ec12/michechi/cache/best/best_model_answerdotai_ModernBERT-large_9550_landmark2_compact_no_time_rnd_3_1024_all_landmarks_True_20250730_095315_.pt with AUC: 0.8460, F1: 0.0000, Val Loss: 0.3177
2025-07-30 10:41:26,870: Landmark 2 | Epoch 3/20 | Train Loss: 0.3397 | Val Loss: 0.3053 | Validation AUC: 0.8687 | F1-Score: 0.0000
2025-07-30 10:41:27,944: New best model saved at /cluster/work/projects/ec12/michechi/cache/best/best_model_answerdotai_ModernBERT-large_9550_landmark2_compact_no_time_rnd_3_1024_all_landmarks_True_20250730_095315_.pt with AUC: 0.8687, F1: 0.0000, Val Loss: 0.3053
2025-07-30 10:57:31,482: Landmark 2 | Epoch 4/20 | Train Loss: 0.3176 | Val Loss: 0.2913 | Validation AUC: 0.8720 | F1-Score: 0.1622
2025-07-30 10:57:32,575: New best model saved at /cluster/work/projects/ec12/michechi/cache/best/best_model_answerdotai_ModernBERT-large_9550_landmark2_compact_no_time_rnd_3_1024_all_landmarks_True_20250730_095315_.pt with AUC: 0.8720, F1: 0.1622, Val Loss: 0.2913
2025-07-30 11:13:36,017: Landmark 2 | Epoch 5/20 | Train Loss: 0.3002 | Val Loss: 0.2873 | Validation AUC: 0.8778 | F1-Score: 0.4870
2025-07-30 11:13:37,023: New best model saved at /cluster/work/projects/ec12/michechi/cache/best/best_model_answerdotai_ModernBERT-large_9550_landmark2_compact_no_time_rnd_3_1024_all_landmarks_True_20250730_095315_.pt with AUC: 0.8778, F1: 0.4870, Val Loss: 0.2873
2025-07-30 11:29:38,276: Landmark 2 | Epoch 6/20 | Train Loss: 0.2924 | Val Loss: 0.2955 | Validation AUC: 0.8744 | F1-Score: 0.5232
2025-07-30 11:29:38,276: No improvement in epoch 6. Current best AUC: 0.8778, F1: 0.4870, Val Loss: 0.2873. Epochs without improvement: 1/1
2025-07-30 11:29:38,276: Early stopping triggered at epoch 6. Best AUC: 0.8778, F1: 0.4870, Val Loss: 0.2873
2025-07-30 11:29:39,088: Tempo impiegato per Landmark 2: 5783.6 secondi
2025-07-30 11:29:39,089: Tempo medio per epoca: 963.9 secondi
2025-07-30 11:29:39,091: Loading best model from /cluster/work/projects/ec12/michechi/cache/best/best_model_answerdotai_ModernBERT-large_9550_landmark2_compact_no_time_rnd_3_1024_all_landmarks_True_20250730_095315_.pt for final evaluation on test set
2025-07-30 11:30:51,514: Final Test AUC (Landmark 2): 0.8474 | Test F1-Score: 0.4313
2025-07-30 11:30:51,515: Preparing data for Landmark 3
Some weights of ModernBertForSequenceClassification were not initialized from the model checkpoint at answerdotai/ModernBERT-large and are newly initialized: ['classifier.bias', 'classifier.weight']
You should probably TRAIN this model on a down-stream task to be able to use it for predictions and inference.
2025-07-30 11:31:01,153: Average train text length: 180.40 words
2025-07-30 11:31:01,153: Average validation text length: 176.07 words
2025-07-30 11:31:01,153: Average test text length: 180.19 words
2025-07-30 11:31:01,153: Training on 14472 samples, validating on 1608, testing on 4020 samples
2025-07-30 11:31:15,623: Fine-tuning at Landmark 3
2025-07-30 11:31:15,649: Early stopping criterion: loss
2025-07-30 11:47:20,823: Landmark 3 | Epoch 1/20 | Train Loss: 0.2836 | Val Loss: 0.1961 | Validation AUC: 0.9493 | F1-Score: 0.7109
2025-07-30 11:47:21,812: New best model saved at /cluster/work/projects/ec12/michechi/cache/best/best_model_answerdotai_ModernBERT-large_9550_landmark3_compact_no_time_rnd_3_1024_all_landmarks_True_20250730_113115_.pt with AUC: 0.9493, F1: 0.7109, Val Loss: 0.1961
2025-07-30 12:03:27,577: Landmark 3 | Epoch 2/20 | Train Loss: 0.2119 | Val Loss: 0.2004 | Validation AUC: 0.9527 | F1-Score: 0.6614
2025-07-30 12:03:27,577: No improvement in epoch 2. Current best AUC: 0.9493, F1: 0.7109, Val Loss: 0.1961. Epochs without improvement: 1/1
2025-07-30 12:03:27,577: Early stopping triggered at epoch 2. Best AUC: 0.9493, F1: 0.7109, Val Loss: 0.1961
2025-07-30 12:03:28,420: Tempo impiegato per Landmark 3: 1932.8 secondi
2025-07-30 12:03:28,420: Tempo medio per epoca: 966.4 secondi
2025-07-30 12:03:28,422: Loading best model from /cluster/work/projects/ec12/michechi/cache/best/best_model_answerdotai_ModernBERT-large_9550_landmark3_compact_no_time_rnd_3_1024_all_landmarks_True_20250730_113115_.pt for final evaluation on test set
2025-07-30 12:04:41,113: Final Test AUC (Landmark 3): 0.9435 | Test F1-Score: 0.7062
2025-07-30 12:04:41,114: Saving results to results_medical_True_answerdotai_ModernBERT-large_visits3_9550_1024_compact_no_time_rnd_20250730_120441.csv
Using device: cuda
Using device: cuda
Using device: cuda
   Landmark Val AUC  ... Validation Loss Training Time (s)
0         1  0.8045  ...          0.3363            2908.5
1         2  0.8778  ...          0.2873            5783.6
2         3  0.9493  ...          0.1961            1932.8

[3 rows x 9 columns]

Job 1836234 consumed 57.9 billing hours from project ec12.

Submitted 2025-07-30T09:01:44; waited 6.0 seconds in the queue after becoming eligible to run.

Requested wallclock time: 1.8 days
Elapsed wallclock time:   3.0 hours

Job exited normally.

Task and CPU statistics:
ID             CPUs  Tasks  CPU util                Start  Elapsed  Exit status
1836234          16            0.0 %  2025-07-30T09:01:50    3.0 h  0
1836234.batch    16      1     7.5 %  2025-07-30T09:01:50    3.0 h  0

Used CPU time:   3.7 CPU hours
Unused CPU time: 1.9 CPU days

Memory statistics, in GiB:
ID              Alloc   Usage
1836234          32.0        
1836234.batch    32.0    12.8

GPU usage stats:
Job 1836234 completed at Wed Jul 30 12:04:46 CEST 2025
