Starting job 1841281 on gpu-1 on fox at Tue Aug 5 17:14:37 CEST 2025

2025-08-05 17:15:11,106: Argument CI: False
2025-08-05 17:15:11,106: Argument all_landmarks: True
2025-08-05 17:15:11,106: Argument batch_size: 8
2025-08-05 17:15:11,106: Argument cache_dir: '/cluster/work/projects/ec12/michechi/cache'
2025-08-05 17:15:11,106: Argument early: 'loss'
2025-08-05 17:15:11,106: Argument epochs: 20
2025-08-05 17:15:11,106: Argument gradient_accumulation_steps: 1
2025-08-05 17:15:11,106: Argument input_csv: '/fp/homes01/u01/ec-michelec/MIMICIV/data/splitted/splitted/landmark_df_evo.csv'
2025-08-05 17:15:11,106: Argument lr: 2e-05
2025-08-05 17:15:11,106: Argument max_length: 512
2025-08-05 17:15:11,106: Argument max_visits: 3
2025-08-05 17:15:11,107: Argument model_name: 'Charangan/MedBERT'
2025-08-05 17:15:11,107: Argument model_type: 'medical'
2025-08-05 17:15:11,107: Argument patience: 1
2025-08-05 17:15:11,107: Argument peft: False
2025-08-05 17:15:11,107: Argument prompt_type: 'no'
2025-08-05 17:15:11,107: Argument seed: 4550
2025-08-05 17:15:11,107: Argument test_csv: '/fp/homes01/u01/ec-michelec/MIMICIV/data/splitted/splitted/landmark_evo_test_dod.csv'
2025-08-05 17:15:11,107: Argument train_csv: '/fp/homes01/u01/ec-michelec/MIMICIV/data/splitted/splitted/landmark_evo_train_dod.csv'
2025-08-05 17:15:11,107: Argument use_quantization: False
2025-08-05 17:15:11,107: Argument val_csv: '/fp/homes01/u01/ec-michelec/MIMICIV/data/splitted/splitted/landmark_evo_vali_dod.csv'
2025-08-05 17:15:11,107: Argument when_counting_death: 'last_visit'
2025-08-05 17:15:11,125: Using prompt type: no
/fp/homes01/u01/ec-michelec/MIMICIV/src/Finetuning_rfct.py:79: DtypeWarning: Columns (16,17,18,19) have mixed types. Specify dtype option on import or set low_memory=False.
  full_train_df = pd.read_csv(args.train_csv, na_values=['', 'None', 'NaN', 'na', 'nan']).fillna('')
/fp/homes01/u01/ec-michelec/MIMICIV/src/Finetuning_rfct.py:81: DtypeWarning: Columns (16,17,18,19) have mixed types. Specify dtype option on import or set low_memory=False.
  full_test_df = pd.read_csv(args.test_csv, na_values=['', 'None', 'NaN', 'na', 'nan']).fillna('')
2025-08-05 17:15:49,285: Processing all landmarks from 1 to 3
2025-08-05 17:15:49,286: Preparing data for Landmark 1
/fp/projects01/ec30/software/easybuild/software/nlpl-pytorch/2.1.2-foss-2022b-cuda-12.0.0-Python-3.10.8/lib/python3.10/site-packages/torch/_utils.py:831: UserWarning: TypedStorage is deprecated. It will be removed in the future and UntypedStorage will be the only storage class. This should only matter to you if you are using storages directly.  To access UntypedStorage directly, use tensor.untyped_storage() instead of tensor.storage()
  return self.fget.__get__(instance, owner)()
Some weights of BertForSequenceClassification were not initialized from the model checkpoint at Charangan/MedBERT and are newly initialized: ['classifier.bias', 'classifier.weight']
You should probably TRAIN this model on a down-stream task to be able to use it for predictions and inference.
2025-08-05 17:16:04,436: Average train text length: 330.05 words
2025-08-05 17:16:04,437: Average validation text length: 331.98 words
2025-08-05 17:16:04,437: Average test text length: 329.99 words
2025-08-05 17:16:04,437: Training on 14472 samples, validating on 1608, testing on 4020 samples
2025-08-05 17:16:27,723: Fine-tuning at Landmark 1
2025-08-05 17:16:29,158: Early stopping criterion: loss
2025-08-05 17:18:46,564: Landmark 1 | Epoch 1/20 | Train Loss: 0.4140 | Val Loss: 0.3479 | Validation AUC: 0.8022 | F1-Score: 0.3404
2025-08-05 17:18:46,931: New best model saved at /cluster/work/projects/ec12/michechi/cache/best/best_model_Charangan_MedBERT_4550_landmark1_no_3_512_last_visit_all_landmarks_True_20250805_171629_.pt with AUC: 0.8022, F1: 0.3404, Val Loss: 0.3479
2025-08-05 17:21:04,327: Landmark 1 | Epoch 2/20 | Train Loss: 0.3575 | Val Loss: 0.3319 | Validation AUC: 0.8105 | F1-Score: 0.3155
2025-08-05 17:21:04,637: New best model saved at /cluster/work/projects/ec12/michechi/cache/best/best_model_Charangan_MedBERT_4550_landmark1_no_3_512_last_visit_all_landmarks_True_20250805_171629_.pt with AUC: 0.8105, F1: 0.3155, Val Loss: 0.3319
2025-08-05 17:23:22,016: Landmark 1 | Epoch 3/20 | Train Loss: 0.3340 | Val Loss: 0.3294 | Validation AUC: 0.8197 | F1-Score: 0.2101
2025-08-05 17:23:22,324: New best model saved at /cluster/work/projects/ec12/michechi/cache/best/best_model_Charangan_MedBERT_4550_landmark1_no_3_512_last_visit_all_landmarks_True_20250805_171629_.pt with AUC: 0.8197, F1: 0.2101, Val Loss: 0.3294
2025-08-05 17:25:39,707: Landmark 1 | Epoch 4/20 | Train Loss: 0.3165 | Val Loss: 0.3369 | Validation AUC: 0.8090 | F1-Score: 0.3314
2025-08-05 17:25:39,707: No improvement in epoch 4. Current best AUC: 0.8197, F1: 0.2101, Val Loss: 0.3294. Epochs without improvement: 1/1
2025-08-05 17:25:39,707: Early stopping triggered at epoch 4. Best AUC: 0.8197, F1: 0.2101, Val Loss: 0.3294
2025-08-05 17:25:39,942: Tempo impiegato per Landmark 1: 552.2 secondi
2025-08-05 17:25:39,942: Tempo medio per epoca: 138.1 secondi
2025-08-05 17:25:39,944: Loading best model from /cluster/work/projects/ec12/michechi/cache/best/best_model_Charangan_MedBERT_4550_landmark1_no_3_512_last_visit_all_landmarks_True_20250805_171629_.pt for final evaluation on test set
2025-08-05 17:25:51,227: Final Test AUC (Landmark 1): 0.8125 | Test F1-Score: 0.1951
2025-08-05 17:25:51,227: Preparing data for Landmark 2
Using device: cuda
Some weights of BertForSequenceClassification were not initialized from the model checkpoint at Charangan/MedBERT and are newly initialized: ['classifier.bias', 'classifier.weight']
You should probably TRAIN this model on a down-stream task to be able to use it for predictions and inference.
2025-08-05 17:25:56,014: Average train text length: 554.04 words
2025-08-05 17:25:56,014: Average validation text length: 557.60 words
2025-08-05 17:25:56,015: Average test text length: 549.55 words
2025-08-05 17:25:56,015: Training on 14472 samples, validating on 1608, testing on 4020 samples
2025-08-05 17:26:35,771: Fine-tuning at Landmark 2
2025-08-05 17:26:35,775: Early stopping criterion: loss
2025-08-05 17:28:50,190: Landmark 2 | Epoch 1/20 | Train Loss: 0.3928 | Val Loss: 0.3083 | Validation AUC: 0.8611 | F1-Score: 0.4762
2025-08-05 17:28:50,505: New best model saved at /cluster/work/projects/ec12/michechi/cache/best/best_model_Charangan_MedBERT_4550_landmark2_no_3_512_last_visit_all_landmarks_True_20250805_172635_.pt with AUC: 0.8611, F1: 0.4762, Val Loss: 0.3083
2025-08-05 17:31:05,180: Landmark 2 | Epoch 2/20 | Train Loss: 0.3194 | Val Loss: 0.3030 | Validation AUC: 0.8534 | F1-Score: 0.3914
2025-08-05 17:31:05,510: New best model saved at /cluster/work/projects/ec12/michechi/cache/best/best_model_Charangan_MedBERT_4550_landmark2_no_3_512_last_visit_all_landmarks_True_20250805_172635_.pt with AUC: 0.8534, F1: 0.3914, Val Loss: 0.3030
2025-08-05 17:33:20,608: Landmark 2 | Epoch 3/20 | Train Loss: 0.2931 | Val Loss: 0.2984 | Validation AUC: 0.8696 | F1-Score: 0.3797
2025-08-05 17:33:20,940: New best model saved at /cluster/work/projects/ec12/michechi/cache/best/best_model_Charangan_MedBERT_4550_landmark2_no_3_512_last_visit_all_landmarks_True_20250805_172635_.pt with AUC: 0.8696, F1: 0.3797, Val Loss: 0.2984
2025-08-05 17:35:36,120: Landmark 2 | Epoch 4/20 | Train Loss: 0.2641 | Val Loss: 0.3140 | Validation AUC: 0.8589 | F1-Score: 0.4242
2025-08-05 17:35:36,120: No improvement in epoch 4. Current best AUC: 0.8696, F1: 0.3797, Val Loss: 0.2984. Epochs without improvement: 1/1
2025-08-05 17:35:36,120: Early stopping triggered at epoch 4. Best AUC: 0.8696, F1: 0.3797, Val Loss: 0.2984
2025-08-05 17:35:36,364: Tempo impiegato per Landmark 2: 540.6 secondi
2025-08-05 17:35:36,365: Tempo medio per epoca: 135.1 secondi
2025-08-05 17:35:36,366: Loading best model from /cluster/work/projects/ec12/michechi/cache/best/best_model_Charangan_MedBERT_4550_landmark2_no_3_512_last_visit_all_landmarks_True_20250805_172635_.pt for final evaluation on test set
2025-08-05 17:35:47,087: Final Test AUC (Landmark 2): 0.8538 | Test F1-Score: 0.3561
2025-08-05 17:35:47,087: Preparing data for Landmark 3
Using device: cuda
Some weights of BertForSequenceClassification were not initialized from the model checkpoint at Charangan/MedBERT and are newly initialized: ['classifier.bias', 'classifier.weight']
You should probably TRAIN this model on a down-stream task to be able to use it for predictions and inference.
2025-08-05 17:35:52,742: Average train text length: 774.30 words
2025-08-05 17:35:52,743: Average validation text length: 770.48 words
2025-08-05 17:35:52,743: Average test text length: 771.71 words
2025-08-05 17:35:52,743: Training on 14472 samples, validating on 1608, testing on 4020 samples
2025-08-05 17:36:48,195: Fine-tuning at Landmark 3
2025-08-05 17:36:48,203: Early stopping criterion: loss
2025-08-05 17:39:00,499: Landmark 3 | Epoch 1/20 | Train Loss: 0.3338 | Val Loss: 0.2663 | Validation AUC: 0.9371 | F1-Score: 0.6714
2025-08-05 17:39:00,839: New best model saved at /cluster/work/projects/ec12/michechi/cache/best/best_model_Charangan_MedBERT_4550_landmark3_no_3_512_last_visit_all_landmarks_True_20250805_173648_.pt with AUC: 0.9371, F1: 0.6714, Val Loss: 0.2663
2025-08-05 17:41:13,284: Landmark 3 | Epoch 2/20 | Train Loss: 0.2237 | Val Loss: 0.2016 | Validation AUC: 0.9444 | F1-Score: 0.7022
2025-08-05 17:41:13,605: New best model saved at /cluster/work/projects/ec12/michechi/cache/best/best_model_Charangan_MedBERT_4550_landmark3_no_3_512_last_visit_all_landmarks_True_20250805_173648_.pt with AUC: 0.9444, F1: 0.7022, Val Loss: 0.2016
2025-08-05 17:43:26,158: Landmark 3 | Epoch 3/20 | Train Loss: 0.1992 | Val Loss: 0.2047 | Validation AUC: 0.9419 | F1-Score: 0.6601
2025-08-05 17:43:26,158: No improvement in epoch 3. Current best AUC: 0.9444, F1: 0.7022, Val Loss: 0.2016. Epochs without improvement: 1/1
2025-08-05 17:43:26,158: Early stopping triggered at epoch 3. Best AUC: 0.9444, F1: 0.7022, Val Loss: 0.2016
2025-08-05 17:43:26,412: Tempo impiegato per Landmark 3: 398.2 secondi
2025-08-05 17:43:26,412: Tempo medio per epoca: 132.7 secondi
2025-08-05 17:43:26,414: Loading best model from /cluster/work/projects/ec12/michechi/cache/best/best_model_Charangan_MedBERT_4550_landmark3_no_3_512_last_visit_all_landmarks_True_20250805_173648_.pt for final evaluation on test set
2025-08-05 17:43:36,645: Final Test AUC (Landmark 3): 0.9422 | Test F1-Score: 0.7023
2025-08-05 17:43:36,646: Saving results to results_medical_True_Charangan_MedBERT_last_visit_visits3_4550_512_no_20250805_174336.csv
Using device: cuda
   Landmark Val AUC  ... Validation Loss Training Time (s)
0         1  0.8197  ...          0.3294             552.2
1         2  0.8696  ...          0.2984             540.6
2         3  0.9444  ...          0.2016             398.2

[3 rows x 9 columns]

Job 1841281 consumed 9.2 billing hours from project ec12.

Submitted 2025-08-05T17:14:21; waited 16.0 seconds in the queue after becoming eligible to run.

Requested wallclock time: 3.0 hours
Elapsed wallclock time:   29.1 minutes

Job exited normally.

Task and CPU statistics:
ID             CPUs  Tasks  CPU util                Start   Elapsed  Exit status
1841281          16            0.0 %  2025-08-05T17:14:37  1745.0 s  0
1841281.batch    16      1     6.1 %  2025-08-05T17:14:37  1745.0 s  0

Used CPU time:   28.5 CPU minutes
Unused CPU time: 7.3 CPU hours

Memory statistics, in GiB:
ID              Alloc   Usage
1841281          32.0        
1841281.batch    32.0    16.5

GPU usage stats:
Job 1841281 completed at Tue Aug 5 17:43:43 CEST 2025
