Starting job 1853861 on gpu-15 on fox at Wed Aug 13 16:54:08 CEST 2025

2025-08-13 16:54:34,871: Argument CI: False
2025-08-13 16:54:34,871: Argument all_landmarks: True
2025-08-13 16:54:34,871: Argument batch_size: 8
2025-08-13 16:54:34,871: Argument cache_dir: '/cluster/work/projects/ec12/michechi/cache'
2025-08-13 16:54:34,871: Argument early: 'loss'
2025-08-13 16:54:34,871: Argument epochs: 20
2025-08-13 16:54:34,871: Argument gradient_accumulation_steps: 1
2025-08-13 16:54:34,871: Argument input_csv: '/fp/homes01/u01/ec-michelec/MIMICIV/data/splitted/splitted/landmark_df_evo.csv'
2025-08-13 16:54:34,871: Argument lr: 2e-05
2025-08-13 16:54:34,871: Argument max_length: 2048
2025-08-13 16:54:34,871: Argument max_visits: 4
2025-08-13 16:54:34,871: Argument model_name: 'answerdotai/ModernBERT-large'
2025-08-13 16:54:34,871: Argument model_type: 'general'
2025-08-13 16:54:34,871: Argument patience: 1
2025-08-13 16:54:34,871: Argument peft: False
2025-08-13 16:54:34,871: Argument prompt_type: 'naive'
2025-08-13 16:54:34,871: Argument seed: 4550
2025-08-13 16:54:34,871: Argument test_csv: '/fp/homes01/u01/ec-michelec/MIMICIV/data/splitted/splitted/landmark_evo_test_dod.csv'
2025-08-13 16:54:34,871: Argument train_csv: '/fp/homes01/u01/ec-michelec/MIMICIV/data/splitted/splitted/landmark_evo_train_dod.csv'
2025-08-13 16:54:34,872: Argument use_quantization: False
2025-08-13 16:54:34,872: Argument val_csv: '/fp/homes01/u01/ec-michelec/MIMICIV/data/splitted/splitted/landmark_evo_vali_dod.csv'
2025-08-13 16:54:34,872: Argument when_counting_death: 'landmark'
2025-08-13 16:54:34,929: Using prompt type: naive
/fp/homes01/u01/ec-michelec/MIMICIV/src/Finetuning_rfct.py:79: DtypeWarning: Columns (16,17,18,19) have mixed types. Specify dtype option on import or set low_memory=False.
  full_train_df = pd.read_csv(args.train_csv, na_values=['', 'None', 'NaN', 'na', 'nan']).fillna('')
/fp/homes01/u01/ec-michelec/MIMICIV/src/Finetuning_rfct.py:81: DtypeWarning: Columns (16,17,18,19) have mixed types. Specify dtype option on import or set low_memory=False.
  full_test_df = pd.read_csv(args.test_csv, na_values=['', 'None', 'NaN', 'na', 'nan']).fillna('')
2025-08-13 16:55:11,843: Processing all landmarks from 1 to 4
2025-08-13 16:55:11,843: Preparing data for Landmark 1
2025-08-13 16:55:17,336: We will use 90% of the memory on device 0 for storing the model, and 10% for the buffer to avoid OOM. You can set `max_memory` in to a higher value to use more memory (at your own risk).
Some weights of ModernBertForSequenceClassification were not initialized from the model checkpoint at answerdotai/ModernBERT-large and are newly initialized: ['classifier.bias', 'classifier.weight']
You should probably TRAIN this model on a down-stream task to be able to use it for predictions and inference.
2025-08-13 16:55:22,312: Example train text: Based on this information, what is the probability of mortality within 90 days?
Patient is a 43-year-old F. This is the patient history till visit 1.
During visit 1:
	Diagnosis: Diverticulitis of colon (without mention of hemorrhage); Acute kidney failure, unspecified; Abscess of intestine; Other postoperative infection; Cellulitis and abscess of trunk; Methicillin susceptible Staphylococcus aureus in conditions classified elsewhere and of unspecified site; Removal of other organ (partial) (total) causing abnormal patient reaction, or later complication, without mention of misadventure at time of operation; Hypovolemia; Nausea with vomiting
	Medications: NS; Potassium Chloride; OxycoDONE (Immediate Release) ; Magnesium Citrate; SW; Magnesium Sulfate; Prochlorperazine; Lorazepam; HYDROmorphone (Dilaudid); Iso-Osmotic Dextrose; Piperacillin-Tazobactam Na; Potassium Chl 20 mEq / 1000 mL D5 1/2 NS; Insulin; LR; Acetaminophen; Ondansetron; Ketorolac; OxycoDONE-Acetaminophen Elixir; Sodium Chloride 0.9%  Flush; Docusate Sodium; Hydrocodone-Acetaminophen; D5W; Clindamycin; Fluticasone Propionate NASAL; Ciprofloxacin; Pantoprazole; Metoclopramide; Calcium Carbonate; Vancomycin; Cephalexin; Heparin; Bupivacaine 0.5%; Promethazine HCl; D5 1/2NS; Hydrocortisone (Rectal) 2.5% Cream; Morphine Sulfate; Escitalopram Oxalate; Maalox/Diphenhydramine/Lidocaine; Nafcillin; HydrOXYzine; MetRONIDAZOLE (FLagyl); Ibuprofen
	Procedures: Open and other sigmoidectomy
2025-08-13 16:55:22,370: Average train text length: 134.64 words
2025-08-13 16:55:22,370: Average validation text length: 138.88 words
2025-08-13 16:55:22,370: Average test text length: 135.93 words
2025-08-13 16:55:22,370: Training on 8040 samples, validating on 894, testing on 2234 samples
2025-08-13 16:55:29,658: Fine-tuning at Landmark 1
2025-08-13 16:55:29,662: Early stopping criterion: loss
/fp/homes01/u01/ec-michelec/ModernBERT/lib64/python3.9/site-packages/networkx/utils/backends.py:135: RuntimeWarning: networkx backend defined more than once: nx-loopback
  backends.update(_get_backends("networkx.backends"))
2025-08-13 17:06:37,362: Landmark 1 | Epoch 1/20 | Train Loss: 0.4109 | Val Loss: 0.0724 | Validation AUC: 0.5935 | F1-Score: 0.0000
2025-08-13 17:06:37,905: New best model saved at /cluster/work/projects/ec12/michechi/cache/best/best_model_answerdotai_ModernBERT-large_4550_landmark1_naive_4_2048_landmark_all_landmarks_True_20250813_165529_.pt with AUC: 0.5935, F1: 0.0000, Val Loss: 0.0724
2025-08-13 17:17:24,342: Landmark 1 | Epoch 2/20 | Train Loss: 0.0727 | Val Loss: 0.0651 | Validation AUC: 0.6651 | F1-Score: 0.0000
2025-08-13 17:17:24,906: New best model saved at /cluster/work/projects/ec12/michechi/cache/best/best_model_answerdotai_ModernBERT-large_4550_landmark1_naive_4_2048_landmark_all_landmarks_True_20250813_165529_.pt with AUC: 0.6651, F1: 0.0000, Val Loss: 0.0651
2025-08-13 17:28:12,083: Landmark 1 | Epoch 3/20 | Train Loss: 0.0702 | Val Loss: 0.0652 | Validation AUC: 0.6907 | F1-Score: 0.0000
2025-08-13 17:28:12,085: No improvement in epoch 3. Current best AUC: 0.6651, F1: 0.0000, Val Loss: 0.0651. Epochs without improvement: 1/1
2025-08-13 17:28:12,085: Early stopping triggered at epoch 3. Best AUC: 0.6651, F1: 0.0000, Val Loss: 0.0651
2025-08-13 17:28:12,550: Tempo impiegato per Landmark 1: 1962.9 secondi
2025-08-13 17:28:12,550: Tempo medio per epoca: 654.3 secondi
2025-08-13 17:28:12,552: Loading best model from /cluster/work/projects/ec12/michechi/cache/best/best_model_answerdotai_ModernBERT-large_4550_landmark1_naive_4_2048_landmark_all_landmarks_True_20250813_165529_.pt for final evaluation on test set
2025-08-13 17:28:55,332: Final Test AUC (Landmark 1): 0.7115 | Test F1-Score: 0.0000
2025-08-13 17:28:55,332: Preparing data for Landmark 2
2025-08-13 17:28:57,490: We will use 90% of the memory on device 0 for storing the model, and 10% for the buffer to avoid OOM. You can set `max_memory` in to a higher value to use more memory (at your own risk).
Some weights of ModernBertForSequenceClassification were not initialized from the model checkpoint at answerdotai/ModernBERT-large and are newly initialized: ['classifier.bias', 'classifier.weight']
You should probably TRAIN this model on a down-stream task to be able to use it for predictions and inference.
2025-08-13 17:29:05,426: Example train text: Based on this information, what is the probability of mortality within 90 days?
Patient is a 43-year-old F. This is the patient history till visit 2.
During visit 1:
	Diagnosis: Diverticulitis of colon (without mention of hemorrhage); Acute kidney failure, unspecified; Abscess of intestine; Other postoperative infection; Cellulitis and abscess of trunk; Methicillin susceptible Staphylococcus aureus in conditions classified elsewhere and of unspecified site; Removal of other organ (partial) (total) causing abnormal patient reaction, or later complication, without mention of misadventure at time of operation; Hypovolemia; Nausea with vomiting
	Medications: NS; Potassium Chloride; OxycoDONE (Immediate Release) ; Magnesium Citrate; SW; Magnesium Sulfate; Prochlorperazine; Lorazepam; HYDROmorphone (Dilaudid); Iso-Osmotic Dextrose; Piperacillin-Tazobactam Na; Potassium Chl 20 mEq / 1000 mL D5 1/2 NS; Insulin; LR; Acetaminophen; Ondansetron; Ketorolac; OxycoDONE-Acetaminophen Elixir; Sodium Chloride 0.9%  Flush; Docusate Sodium; Hydrocodone-Acetaminophen; D5W; Clindamycin; Fluticasone Propionate NASAL; Ciprofloxacin; Pantoprazole; Metoclopramide; Calcium Carbonate; Vancomycin; Cephalexin; Heparin; Bupivacaine 0.5%; Promethazine HCl; D5 1/2NS; Hydrocortisone (Rectal) 2.5% Cream; Morphine Sulfate; Escitalopram Oxalate; Maalox/Diphenhydramine/Lidocaine; Nafcillin; HydrOXYzine; MetRONIDAZOLE (FLagyl); Ibuprofen
	Procedures: Open and other sigmoidectomy
During visit 2:
	Diagnosis: Esophageal reflux; Diverticulosis of colon (without mention of hemorrhage); Other specified aftercare following surgery
	Medications: LR; Ranitidine; Acetaminophen; Escitalopram Oxalate; Promethazine; Heparin; Ondansetron ODT; Potassium Chl 20 mEq / 1000 mL D5 1/2 NS; Pantoprazole; Sodium Chloride 0.9%  Flush; Fluticasone Propionate NASAL; Ondansetron
	Procedures: 
2025-08-13 17:29:05,534: Average train text length: 248.48 words
2025-08-13 17:29:05,534: Average validation text length: 253.32 words
2025-08-13 17:29:05,534: Average test text length: 249.70 words
2025-08-13 17:29:05,534: Training on 8040 samples, validating on 894, testing on 2234 samples
2025-08-13 17:29:18,000: Fine-tuning at Landmark 2
2025-08-13 17:29:18,014: Early stopping criterion: loss
2025-08-13 17:39:59,325: Landmark 2 | Epoch 1/20 | Train Loss: 0.5502 | Val Loss: 0.1607 | Validation AUC: 0.6306 | F1-Score: 0.0000
2025-08-13 17:39:59,876: New best model saved at /cluster/work/projects/ec12/michechi/cache/best/best_model_answerdotai_ModernBERT-large_4550_landmark2_naive_4_2048_landmark_all_landmarks_True_20250813_172918_.pt with AUC: 0.6306, F1: 0.0000, Val Loss: 0.1607
2025-08-13 17:50:41,133: Landmark 2 | Epoch 2/20 | Train Loss: 0.1695 | Val Loss: 0.1404 | Validation AUC: 0.7125 | F1-Score: 0.0000
2025-08-13 17:50:41,674: New best model saved at /cluster/work/projects/ec12/michechi/cache/best/best_model_answerdotai_ModernBERT-large_4550_landmark2_naive_4_2048_landmark_all_landmarks_True_20250813_172918_.pt with AUC: 0.7125, F1: 0.0000, Val Loss: 0.1404
2025-08-13 18:01:22,982: Landmark 2 | Epoch 3/20 | Train Loss: 0.1641 | Val Loss: 0.1429 | Validation AUC: 0.7269 | F1-Score: 0.0000
2025-08-13 18:01:22,982: No improvement in epoch 3. Current best AUC: 0.7125, F1: 0.0000, Val Loss: 0.1404. Epochs without improvement: 1/1
2025-08-13 18:01:22,982: Early stopping triggered at epoch 3. Best AUC: 0.7125, F1: 0.0000, Val Loss: 0.1404
2025-08-13 18:01:23,512: Tempo impiegato per Landmark 2: 1925.5 secondi
2025-08-13 18:01:23,512: Tempo medio per epoca: 641.8 secondi
2025-08-13 18:01:23,514: Loading best model from /cluster/work/projects/ec12/michechi/cache/best/best_model_answerdotai_ModernBERT-large_4550_landmark2_naive_4_2048_landmark_all_landmarks_True_20250813_172918_.pt for final evaluation on test set
2025-08-13 18:02:05,217: Final Test AUC (Landmark 2): 0.7529 | Test F1-Score: 0.0000
2025-08-13 18:02:05,217: Preparing data for Landmark 3
2025-08-13 18:02:07,822: We will use 90% of the memory on device 0 for storing the model, and 10% for the buffer to avoid OOM. You can set `max_memory` in to a higher value to use more memory (at your own risk).
Some weights of ModernBertForSequenceClassification were not initialized from the model checkpoint at answerdotai/ModernBERT-large and are newly initialized: ['classifier.bias', 'classifier.weight']
You should probably TRAIN this model on a down-stream task to be able to use it for predictions and inference.
2025-08-13 18:02:16,122: Example train text: Based on this information, what is the probability of mortality within 90 days?
Patient is a 46-year-old F. This is the patient history till visit 3.
During visit 1:
	Diagnosis: Diverticulitis of colon (without mention of hemorrhage); Acute kidney failure, unspecified; Abscess of intestine; Other postoperative infection; Cellulitis and abscess of trunk; Methicillin susceptible Staphylococcus aureus in conditions classified elsewhere and of unspecified site; Removal of other organ (partial) (total) causing abnormal patient reaction, or later complication, without mention of misadventure at time of operation; Hypovolemia; Nausea with vomiting
	Medications: NS; Potassium Chloride; OxycoDONE (Immediate Release) ; Magnesium Citrate; SW; Magnesium Sulfate; Prochlorperazine; Lorazepam; HYDROmorphone (Dilaudid); Iso-Osmotic Dextrose; Piperacillin-Tazobactam Na; Potassium Chl 20 mEq / 1000 mL D5 1/2 NS; Insulin; LR; Acetaminophen; Ondansetron; Ketorolac; OxycoDONE-Acetaminophen Elixir; Sodium Chloride 0.9%  Flush; Docusate Sodium; Hydrocodone-Acetaminophen; D5W; Clindamycin; Fluticasone Propionate NASAL; Ciprofloxacin; Pantoprazole; Metoclopramide; Calcium Carbonate; Vancomycin; Cephalexin; Heparin; Bupivacaine 0.5%; Promethazine HCl; D5 1/2NS; Hydrocortisone (Rectal) 2.5% Cream; Morphine Sulfate; Escitalopram Oxalate; Maalox/Diphenhydramine/Lidocaine; Nafcillin; HydrOXYzine; MetRONIDAZOLE (FLagyl); Ibuprofen
	Procedures: Open and other sigmoidectomy
During visit 2:
	Diagnosis: Esophageal reflux; Diverticulosis of colon (without mention of hemorrhage); Other specified aftercare following surgery
	Medications: LR; Ranitidine; Acetaminophen; Escitalopram Oxalate; Promethazine; Heparin; Ondansetron ODT; Potassium Chl 20 mEq / 1000 mL D5 1/2 NS; Pantoprazole; Sodium Chloride 0.9%  Flush; Fluticasone Propionate NASAL; Ondansetron
	Procedures: 
During visit 3:
	Diagnosis: Chest pain, unspecified; Orthostatic hypotension
	Medications: 
	Procedures: 
2025-08-13 18:02:16,292: Average train text length: 369.00 words
2025-08-13 18:02:16,292: Average validation text length: 374.02 words
2025-08-13 18:02:16,292: Average test text length: 368.87 words
2025-08-13 18:02:16,292: Training on 8040 samples, validating on 894, testing on 2234 samples
2025-08-13 18:02:32,341: Fine-tuning at Landmark 3
2025-08-13 18:02:32,362: Early stopping criterion: loss
2025-08-13 18:13:14,177: Landmark 3 | Epoch 1/20 | Train Loss: 0.6644 | Val Loss: 0.3013 | Validation AUC: 0.6919 | F1-Score: 0.0000
2025-08-13 18:13:14,725: New best model saved at /cluster/work/projects/ec12/michechi/cache/best/best_model_answerdotai_ModernBERT-large_4550_landmark3_naive_4_2048_landmark_all_landmarks_True_20250813_180232_.pt with AUC: 0.6919, F1: 0.0000, Val Loss: 0.3013
2025-08-13 18:23:56,783: Landmark 3 | Epoch 2/20 | Train Loss: 0.2889 | Val Loss: 0.2779 | Validation AUC: 0.7978 | F1-Score: 0.0000
2025-08-13 18:23:57,310: New best model saved at /cluster/work/projects/ec12/michechi/cache/best/best_model_answerdotai_ModernBERT-large_4550_landmark3_naive_4_2048_landmark_all_landmarks_True_20250813_180232_.pt with AUC: 0.7978, F1: 0.0000, Val Loss: 0.2779
2025-08-13 18:34:38,876: Landmark 3 | Epoch 3/20 | Train Loss: 0.2649 | Val Loss: 0.2541 | Validation AUC: 0.8256 | F1-Score: 0.0444
2025-08-13 18:34:39,483: New best model saved at /cluster/work/projects/ec12/michechi/cache/best/best_model_answerdotai_ModernBERT-large_4550_landmark3_naive_4_2048_landmark_all_landmarks_True_20250813_180232_.pt with AUC: 0.8256, F1: 0.0444, Val Loss: 0.2541
2025-08-13 18:45:20,960: Landmark 3 | Epoch 4/20 | Train Loss: 0.2569 | Val Loss: 0.2575 | Validation AUC: 0.8159 | F1-Score: 0.0000
2025-08-13 18:45:20,960: No improvement in epoch 4. Current best AUC: 0.8256, F1: 0.0444, Val Loss: 0.2541. Epochs without improvement: 1/1
2025-08-13 18:45:20,960: Early stopping triggered at epoch 4. Best AUC: 0.8256, F1: 0.0444, Val Loss: 0.2541
2025-08-13 18:45:21,524: Tempo impiegato per Landmark 3: 2569.2 secondi
2025-08-13 18:45:21,524: Tempo medio per epoca: 642.3 secondi
2025-08-13 18:45:21,526: Loading best model from /cluster/work/projects/ec12/michechi/cache/best/best_model_answerdotai_ModernBERT-large_4550_landmark3_naive_4_2048_landmark_all_landmarks_True_20250813_180232_.pt for final evaluation on test set
2025-08-13 18:46:03,250: Final Test AUC (Landmark 3): 0.8216 | Test F1-Score: 0.0636
2025-08-13 18:46:03,250: Preparing data for Landmark 4
2025-08-13 18:46:05,839: We will use 90% of the memory on device 0 for storing the model, and 10% for the buffer to avoid OOM. You can set `max_memory` in to a higher value to use more memory (at your own risk).
Some weights of ModernBertForSequenceClassification were not initialized from the model checkpoint at answerdotai/ModernBERT-large and are newly initialized: ['classifier.bias', 'classifier.weight']
You should probably TRAIN this model on a down-stream task to be able to use it for predictions and inference.
2025-08-13 18:46:19,473: Example train text: Based on this information, what is the probability of mortality within 90 days?
Patient is a 47-year-old F. This is the patient history till visit 4.
During visit 1:
	Diagnosis: Diverticulitis of colon (without mention of hemorrhage); Acute kidney failure, unspecified; Abscess of intestine; Other postoperative infection; Cellulitis and abscess of trunk; Methicillin susceptible Staphylococcus aureus in conditions classified elsewhere and of unspecified site; Removal of other organ (partial) (total) causing abnormal patient reaction, or later complication, without mention of misadventure at time of operation; Hypovolemia; Nausea with vomiting
	Medications: NS; Potassium Chloride; OxycoDONE (Immediate Release) ; Magnesium Citrate; SW; Magnesium Sulfate; Prochlorperazine; Lorazepam; HYDROmorphone (Dilaudid); Iso-Osmotic Dextrose; Piperacillin-Tazobactam Na; Potassium Chl 20 mEq / 1000 mL D5 1/2 NS; Insulin; LR; Acetaminophen; Ondansetron; Ketorolac; OxycoDONE-Acetaminophen Elixir; Sodium Chloride 0.9%  Flush; Docusate Sodium; Hydrocodone-Acetaminophen; D5W; Clindamycin; Fluticasone Propionate NASAL; Ciprofloxacin; Pantoprazole; Metoclopramide; Calcium Carbonate; Vancomycin; Cephalexin; Heparin; Bupivacaine 0.5%; Promethazine HCl; D5 1/2NS; Hydrocortisone (Rectal) 2.5% Cream; Morphine Sulfate; Escitalopram Oxalate; Maalox/Diphenhydramine/Lidocaine; Nafcillin; HydrOXYzine; MetRONIDAZOLE (FLagyl); Ibuprofen
	Procedures: Open and other sigmoidectomy
During visit 2:
	Diagnosis: Esophageal reflux; Diverticulosis of colon (without mention of hemorrhage); Other specified aftercare following surgery
	Medications: LR; Ranitidine; Acetaminophen; Escitalopram Oxalate; Promethazine; Heparin; Ondansetron ODT; Potassium Chl 20 mEq / 1000 mL D5 1/2 NS; Pantoprazole; Sodium Chloride 0.9%  Flush; Fluticasone Propionate NASAL; Ondansetron
	Procedures: 
During visit 3:
	Diagnosis: Chest pain, unspecified; Orthostatic hypotension
	Medications: 
	Procedures: 
During visit 4:
	Diagnosis: Other specified disorders of intestine; Ulceration of intestine; Other and unspecified ovarian cyst; Diverticulosis of colon (without mention of hemorrhage); Intestinal bypass or anastomosis status; Anxiety state, unspecified; Esophageal reflux
	Medications: Ondansetron ODT; Calcium Carbonate; Senna; Vitamin D; Omeprazole; HYDROmorphone (Dilaudid); Desitin; 0.45% Sodium Chloride; Acetaminophen; 0.9% Sodium Chloride; Docusate Sodium; Lorazepam; Multivitamins; Influenza Virus Vaccine; Golytely; Neutra-Phos; Escitalopram Oxalate; Sodium Chloride 0.9%  Flush; Fish Oil (Omega 3); Fluticasone Propionate NASAL; Heparin; Ondansetron; Naproxen; Ranitidine; Ketorolac
	Procedures: Closed [endoscopic] biopsy of large intestine
2025-08-13 18:46:19,697: Average train text length: 502.40 words
2025-08-13 18:46:19,697: Average validation text length: 507.15 words
2025-08-13 18:46:19,697: Average test text length: 502.74 words
2025-08-13 18:46:19,697: Training on 8040 samples, validating on 894, testing on 2234 samples
2025-08-13 18:46:40,350: Fine-tuning at Landmark 4
2025-08-13 18:46:40,388: Early stopping criterion: loss
2025-08-13 18:57:25,023: Landmark 4 | Epoch 1/20 | Train Loss: 0.7445 | Val Loss: 0.4144 | Validation AUC: 0.7617 | F1-Score: 0.0000
2025-08-13 18:57:25,579: New best model saved at /cluster/work/projects/ec12/michechi/cache/best/best_model_answerdotai_ModernBERT-large_4550_landmark4_naive_4_2048_landmark_all_landmarks_True_20250813_184640_.pt with AUC: 0.7617, F1: 0.0000, Val Loss: 0.4144
2025-08-13 19:08:10,299: Landmark 4 | Epoch 2/20 | Train Loss: 0.3789 | Val Loss: 0.3266 | Validation AUC: 0.8803 | F1-Score: 0.5324
2025-08-13 19:08:10,846: New best model saved at /cluster/work/projects/ec12/michechi/cache/best/best_model_answerdotai_ModernBERT-large_4550_landmark4_naive_4_2048_landmark_all_landmarks_True_20250813_184640_.pt with AUC: 0.8803, F1: 0.5324, Val Loss: 0.3266
2025-08-13 19:18:55,720: Landmark 4 | Epoch 3/20 | Train Loss: 0.3524 | Val Loss: 0.3684 | Validation AUC: 0.8474 | F1-Score: 0.0237
2025-08-13 19:18:55,721: No improvement in epoch 3. Current best AUC: 0.8803, F1: 0.5324, Val Loss: 0.3266. Epochs without improvement: 1/1
2025-08-13 19:18:55,721: Early stopping triggered at epoch 3. Best AUC: 0.8803, F1: 0.5324, Val Loss: 0.3266
2025-08-13 19:18:56,280: Tempo impiegato per Landmark 4: 1935.9 secondi
2025-08-13 19:18:56,281: Tempo medio per epoca: 645.3 secondi
2025-08-13 19:18:56,283: Loading best model from /cluster/work/projects/ec12/michechi/cache/best/best_model_answerdotai_ModernBERT-large_4550_landmark4_naive_4_2048_landmark_all_landmarks_True_20250813_184640_.pt for final evaluation on test set
2025-08-13 19:19:39,078: Final Test AUC (Landmark 4): 0.8650 | Test F1-Score: 0.4878
2025-08-13 19:19:39,083: Saving results to results_general_True_answerdotai_ModernBERT-large_landmark_visits4_4550_2048_naive_20250813_191939.csv
Using device: cuda
Using device: cuda
Using device: cuda
Using device: cuda
   Landmark Val AUC  ... Validation Loss Training Time (s)
0         1  0.6651  ...          0.0651            1962.9
1         2  0.7125  ...          0.1404            1925.5
2         3  0.8256  ...          0.2541            2569.2
3         4  0.8803  ...          0.3266            1935.9

[4 rows x 9 columns]

Job 1853861 consumed 46.1 billing hours from project ec12.

Submitted 2025-08-13T16:19:14; waited 34.9 minutes in the queue after becoming eligible to run.

Requested wallclock time: 10.0 hours
Elapsed wallclock time:   2.4 hours

Job exited normally.

Task and CPU statistics:
ID             CPUs  Tasks  CPU util                Start  Elapsed  Exit status
1853861          16            0.0 %  2025-08-13T16:54:08    2.4 h  0
1853861.batch    16      1     8.0 %  2025-08-13T16:54:08    2.4 h  0

Used CPU time:   3.1 CPU hours
Unused CPU time: 1.5 CPU days

Memory statistics, in GiB:
ID              Alloc   Usage
1853861          32.0        
1853861.batch    32.0    14.9

Job 1853861 completed at Wed Aug 13 19:19:47 CEST 2025
