Starting job 1841364 on gpu-16 on fox at Tue Aug 5 20:02:12 CEST 2025

=== VERIFICA AMBIENTE ===
/fp/homes01/u01/ec-michelec/ModernBERT/bin/python3
Python 3.9.21
pip 25.2 from /fp/homes01/u01/ec-michelec/ModernBERT/lib64/python3.9/site-packages/pip (python 3.9)
2025-08-05 20:02:26,236: Argument CI: False
2025-08-05 20:02:26,236: Argument all_landmarks: True
2025-08-05 20:02:26,237: Argument batch_size: 8
2025-08-05 20:02:26,237: Argument cache_dir: '/cluster/work/projects/ec12/michechi/cache'
2025-08-05 20:02:26,237: Argument early: 'loss'
2025-08-05 20:02:26,237: Argument epochs: 20
2025-08-05 20:02:26,237: Argument gradient_accumulation_steps: 1
2025-08-05 20:02:26,237: Argument input_csv: '/fp/homes01/u01/ec-michelec/MIMICIV/data/splitted/splitted/landmark_df_evo.csv'
2025-08-05 20:02:26,237: Argument lr: 2e-05
2025-08-05 20:02:26,237: Argument max_length: 512
2025-08-05 20:02:26,237: Argument max_visits: 3
2025-08-05 20:02:26,237: Argument model_name: 'answerdotai/ModernBERT-large'
2025-08-05 20:02:26,237: Argument model_type: 'general'
2025-08-05 20:02:26,237: Argument patience: 1
2025-08-05 20:02:26,237: Argument peft: False
2025-08-05 20:02:26,237: Argument prompt_type: 'no'
2025-08-05 20:02:26,237: Argument seed: 9550
2025-08-05 20:02:26,237: Argument test_csv: '/fp/homes01/u01/ec-michelec/MIMICIV/data/splitted/splitted/landmark_evo_test_dod.csv'
2025-08-05 20:02:26,237: Argument train_csv: '/fp/homes01/u01/ec-michelec/MIMICIV/data/splitted/splitted/landmark_evo_train_dod.csv'
2025-08-05 20:02:26,237: Argument use_quantization: False
2025-08-05 20:02:26,237: Argument val_csv: '/fp/homes01/u01/ec-michelec/MIMICIV/data/splitted/splitted/landmark_evo_vali_dod.csv'
2025-08-05 20:02:26,237: Argument when_counting_death: 'last_visit'
2025-08-05 20:02:26,247: Using prompt type: no
/fp/homes01/u01/ec-michelec/MIMICIV/src/Finetuning_rfct.py:79: DtypeWarning: Columns (16,17,18,19) have mixed types. Specify dtype option on import or set low_memory=False.
  full_train_df = pd.read_csv(args.train_csv, na_values=['', 'None', 'NaN', 'na', 'nan']).fillna('')
/fp/homes01/u01/ec-michelec/MIMICIV/src/Finetuning_rfct.py:81: DtypeWarning: Columns (16,17,18,19) have mixed types. Specify dtype option on import or set low_memory=False.
  full_test_df = pd.read_csv(args.test_csv, na_values=['', 'None', 'NaN', 'na', 'nan']).fillna('')
2025-08-05 20:03:05,904: Processing all landmarks from 1 to 3
2025-08-05 20:03:05,904: Preparing data for Landmark 1
2025-08-05 20:03:09,926: We will use 90% of the memory on device 0 for storing the model, and 10% for the buffer to avoid OOM. You can set `max_memory` in to a higher value to use more memory (at your own risk).
Some weights of ModernBertForSequenceClassification were not initialized from the model checkpoint at answerdotai/ModernBERT-large and are newly initialized: ['classifier.bias', 'classifier.weight']
You should probably TRAIN this model on a down-stream task to be able to use it for predictions and inference.
2025-08-05 20:03:15,099: Average train text length: 330.03 words
2025-08-05 20:03:15,100: Average validation text length: 331.96 words
2025-08-05 20:03:15,100: Average test text length: 329.98 words
2025-08-05 20:03:15,100: Training on 14472 samples, validating on 1608, testing on 4020 samples
2025-08-05 20:03:32,314: Fine-tuning at Landmark 1
2025-08-05 20:03:32,320: Early stopping criterion: loss
/fp/homes01/u01/ec-michelec/ModernBERT/lib64/python3.9/site-packages/networkx/utils/backends.py:135: RuntimeWarning: networkx backend defined more than once: nx-loopback
  backends.update(_get_backends("networkx.backends"))
2025-08-05 20:07:41,201: Landmark 1 | Epoch 1/20 | Train Loss: 0.4135 | Val Loss: 0.4033 | Validation AUC: 0.6033 | F1-Score: 0.0000
2025-08-05 20:07:41,759: New best model saved at /cluster/work/projects/ec12/michechi/cache/best/best_model_answerdotai_ModernBERT-large_9550_landmark1_no_3_512_last_visit_all_landmarks_True_20250805_200332_.pt with AUC: 0.6033, F1: 0.0000, Val Loss: 0.4033
2025-08-05 20:11:36,554: Landmark 1 | Epoch 2/20 | Train Loss: 0.3987 | Val Loss: 0.3941 | Validation AUC: 0.6648 | F1-Score: 0.0000
2025-08-05 20:11:37,108: New best model saved at /cluster/work/projects/ec12/michechi/cache/best/best_model_answerdotai_ModernBERT-large_9550_landmark1_no_3_512_last_visit_all_landmarks_True_20250805_200332_.pt with AUC: 0.6648, F1: 0.0000, Val Loss: 0.3941
2025-08-05 20:15:30,682: Landmark 1 | Epoch 3/20 | Train Loss: 0.4011 | Val Loss: 0.3992 | Validation AUC: 0.6607 | F1-Score: 0.0000
2025-08-05 20:15:30,683: No improvement in epoch 3. Current best AUC: 0.6648, F1: 0.0000, Val Loss: 0.3941. Epochs without improvement: 1/1
2025-08-05 20:15:30,684: Early stopping triggered at epoch 3. Best AUC: 0.6648, F1: 0.0000, Val Loss: 0.3941
2025-08-05 20:15:30,984: Tempo impiegato per Landmark 1: 718.7 secondi
2025-08-05 20:15:30,985: Tempo medio per epoca: 239.6 secondi
2025-08-05 20:15:30,986: Loading best model from /cluster/work/projects/ec12/michechi/cache/best/best_model_answerdotai_ModernBERT-large_9550_landmark1_no_3_512_last_visit_all_landmarks_True_20250805_200332_.pt for final evaluation on test set
2025-08-05 20:15:52,603: Final Test AUC (Landmark 1): 0.6629 | Test F1-Score: 0.0000
2025-08-05 20:15:52,605: Preparing data for Landmark 2
2025-08-05 20:15:54,849: We will use 90% of the memory on device 0 for storing the model, and 10% for the buffer to avoid OOM. You can set `max_memory` in to a higher value to use more memory (at your own risk).
Some weights of ModernBertForSequenceClassification were not initialized from the model checkpoint at answerdotai/ModernBERT-large and are newly initialized: ['classifier.bias', 'classifier.weight']
You should probably TRAIN this model on a down-stream task to be able to use it for predictions and inference.
2025-08-05 20:16:01,043: Average train text length: 554.01 words
2025-08-05 20:16:01,043: Average validation text length: 557.58 words
2025-08-05 20:16:01,044: Average test text length: 549.53 words
2025-08-05 20:16:01,044: Training on 14472 samples, validating on 1608, testing on 4020 samples
2025-08-05 20:16:30,578: Fine-tuning at Landmark 2
2025-08-05 20:16:30,612: Early stopping criterion: loss
2025-08-05 20:20:24,716: Landmark 2 | Epoch 1/20 | Train Loss: 0.4013 | Val Loss: 0.3724 | Validation AUC: 0.7408 | F1-Score: 0.0000
2025-08-05 20:20:25,252: New best model saved at /cluster/work/projects/ec12/michechi/cache/best/best_model_answerdotai_ModernBERT-large_9550_landmark2_no_3_512_last_visit_all_landmarks_True_20250805_201630_.pt with AUC: 0.7408, F1: 0.0000, Val Loss: 0.3724
2025-08-05 20:24:20,094: Landmark 2 | Epoch 2/20 | Train Loss: 0.3752 | Val Loss: 0.4167 | Validation AUC: 0.3765 | F1-Score: 0.0000
2025-08-05 20:24:20,095: No improvement in epoch 2. Current best AUC: 0.7408, F1: 0.0000, Val Loss: 0.3724. Epochs without improvement: 1/1
2025-08-05 20:24:20,095: Early stopping triggered at epoch 2. Best AUC: 0.7408, F1: 0.0000, Val Loss: 0.3724
2025-08-05 20:24:20,407: Tempo impiegato per Landmark 2: 469.8 secondi
2025-08-05 20:24:20,408: Tempo medio per epoca: 234.9 secondi
2025-08-05 20:24:20,410: Loading best model from /cluster/work/projects/ec12/michechi/cache/best/best_model_answerdotai_ModernBERT-large_9550_landmark2_no_3_512_last_visit_all_landmarks_True_20250805_201630_.pt for final evaluation on test set
2025-08-05 20:24:41,958: Final Test AUC (Landmark 2): 0.7355 | Test F1-Score: 0.0000
2025-08-05 20:24:41,958: Preparing data for Landmark 3
2025-08-05 20:24:44,557: We will use 90% of the memory on device 0 for storing the model, and 10% for the buffer to avoid OOM. You can set `max_memory` in to a higher value to use more memory (at your own risk).
Some weights of ModernBertForSequenceClassification were not initialized from the model checkpoint at answerdotai/ModernBERT-large and are newly initialized: ['classifier.bias', 'classifier.weight']
You should probably TRAIN this model on a down-stream task to be able to use it for predictions and inference.
2025-08-05 20:24:47,264: Average train text length: 774.27 words
2025-08-05 20:24:47,264: Average validation text length: 770.46 words
2025-08-05 20:24:47,265: Average test text length: 771.68 words
2025-08-05 20:24:47,265: Training on 14472 samples, validating on 1608, testing on 4020 samples
2025-08-05 20:25:27,811: Fine-tuning at Landmark 3
2025-08-05 20:25:27,851: Early stopping criterion: loss
2025-08-05 20:29:23,237: Landmark 3 | Epoch 1/20 | Train Loss: 0.3756 | Val Loss: 0.3123 | Validation AUC: 0.8489 | F1-Score: 0.0964
2025-08-05 20:29:23,795: New best model saved at /cluster/work/projects/ec12/michechi/cache/best/best_model_answerdotai_ModernBERT-large_9550_landmark3_no_3_512_last_visit_all_landmarks_True_20250805_202527_.pt with AUC: 0.8489, F1: 0.0964, Val Loss: 0.3123
2025-08-05 20:33:18,563: Landmark 3 | Epoch 2/20 | Train Loss: 0.4000 | Val Loss: 0.4045 | Validation AUC: 0.6308 | F1-Score: 0.0000
2025-08-05 20:33:18,564: No improvement in epoch 2. Current best AUC: 0.8489, F1: 0.0964, Val Loss: 0.3123. Epochs without improvement: 1/1
2025-08-05 20:33:18,564: Early stopping triggered at epoch 2. Best AUC: 0.8489, F1: 0.0964, Val Loss: 0.3123
2025-08-05 20:33:18,897: Tempo impiegato per Landmark 3: 471.1 secondi
2025-08-05 20:33:18,898: Tempo medio per epoca: 235.5 secondi
2025-08-05 20:33:18,900: Loading best model from /cluster/work/projects/ec12/michechi/cache/best/best_model_answerdotai_ModernBERT-large_9550_landmark3_no_3_512_last_visit_all_landmarks_True_20250805_202527_.pt for final evaluation on test set
2025-08-05 20:33:40,705: Final Test AUC (Landmark 3): 0.8572 | Test F1-Score: 0.0687
2025-08-05 20:33:40,706: Saving results to results_general_True_answerdotai_ModernBERT-large_last_visit_visits3_9550_512_no_20250805_203340.csv
Using device: cuda
Using device: cuda
Using device: cuda
   Landmark Val AUC  ... Validation Loss Training Time (s)
0         1  0.6648  ...          0.3941             718.7
1         2  0.7408  ...          0.3724             469.8
2         3  0.8489  ...          0.3123             471.1

[3 rows x 9 columns]

Job 1841364 consumed 10.0 billing hours from project ec12.

Submitted 2025-08-05T20:01:58; waited 14.0 seconds in the queue after becoming eligible to run.

Requested wallclock time: 10.0 hours
Elapsed wallclock time:   31.6 minutes

Job exited normally.

Task and CPU statistics:
ID             CPUs  Tasks  CPU util                Start   Elapsed  Exit status
1841364          16            0.0 %  2025-08-05T20:02:12  1894.0 s  0
1841364.batch    16      1    11.6 %  2025-08-05T20:02:12  1894.0 s  0

Used CPU time:   58.4 CPU minutes
Unused CPU time: 7.4 CPU hours

Memory statistics, in GiB:
ID              Alloc   Usage
1841364          32.0        
1841364.batch    32.0    17.9

Job 1841364 completed at Tue Aug 5 20:33:46 CEST 2025
