Starting job 1835944 on gpu-11 on fox at Tue Jul 29 12:32:24 CEST 2025

2025-07-29 12:32:45,273: Argument CI: False
2025-07-29 12:32:45,274: Argument all_landmarks: True
2025-07-29 12:32:45,274: Argument batch_size: 8
2025-07-29 12:32:45,274: Argument cache_dir: '/cluster/work/projects/ec12/michechi/cache'
2025-07-29 12:32:45,274: Argument early: 'loss'
2025-07-29 12:32:45,274: Argument epochs: 20
2025-07-29 12:32:45,274: Argument gradient_accumulation_steps: 1
2025-07-29 12:32:45,274: Argument input_csv: '/fp/homes01/u01/ec-michelec/MIMICIV/data/splitted/splitted/landmark_df_evo.csv'
2025-07-29 12:32:45,274: Argument lr: 2e-05
2025-07-29 12:32:45,274: Argument max_length: 512
2025-07-29 12:32:45,274: Argument max_visits: 3
2025-07-29 12:32:45,274: Argument model_name: 'Charangan/MedBERT'
2025-07-29 12:32:45,274: Argument model_type: 'medical'
2025-07-29 12:32:45,274: Argument patience: 1
2025-07-29 12:32:45,274: Argument peft: False
2025-07-29 12:32:45,274: Argument prompt_type: 'compact_no_time_rnd'
2025-07-29 12:32:45,274: Argument seed: 4550
2025-07-29 12:32:45,274: Argument test_csv: '/fp/homes01/u01/ec-michelec/MIMICIV/data/splitted/splitted/landmark_evo_test.csv'
2025-07-29 12:32:45,274: Argument train_csv: '/fp/homes01/u01/ec-michelec/MIMICIV/data/splitted/splitted/landmark_evo_train.csv'
2025-07-29 12:32:45,274: Argument use_quantization: False
2025-07-29 12:32:45,274: Argument val_csv: '/fp/homes01/u01/ec-michelec/MIMICIV/data/splitted/splitted/landmark_evo_vali.csv'
2025-07-29 12:32:45,291: Using prompt type: compact_no_time_rnd
/fp/homes01/u01/ec-michelec/MIMICIV/src/Finetuning_rfct.py:77: DtypeWarning: Columns (16,17,18,19) have mixed types. Specify dtype option on import or set low_memory=False.
  full_train_df = pd.read_csv(args.train_csv, na_values=['', 'None', 'NaN', 'na', 'nan']).fillna('')
/fp/homes01/u01/ec-michelec/MIMICIV/src/Finetuning_rfct.py:79: DtypeWarning: Columns (16,17,18,19) have mixed types. Specify dtype option on import or set low_memory=False.
  full_test_df = pd.read_csv(args.test_csv, na_values=['', 'None', 'NaN', 'na', 'nan']).fillna('')
2025-07-29 12:33:22,895: Processing all landmarks from 1 to 3
2025-07-29 12:33:22,895: Preparing data for Landmark 1
/fp/projects01/ec30/software/easybuild/software/nlpl-pytorch/2.1.2-foss-2022b-cuda-12.0.0-Python-3.10.8/lib/python3.10/site-packages/torch/_utils.py:831: UserWarning: TypedStorage is deprecated. It will be removed in the future and UntypedStorage will be the only storage class. This should only matter to you if you are using storages directly.  To access UntypedStorage directly, use tensor.untyped_storage() instead of tensor.storage()
  return self.fget.__get__(instance, owner)()
Some weights of BertForSequenceClassification were not initialized from the model checkpoint at Charangan/MedBERT and are newly initialized: ['classifier.bias', 'classifier.weight']
You should probably TRAIN this model on a down-stream task to be able to use it for predictions and inference.
2025-07-29 12:33:29,900: Average train text length: 133.90 words
2025-07-29 12:33:29,900: Average validation text length: 133.07 words
2025-07-29 12:33:29,900: Average test text length: 134.65 words
2025-07-29 12:33:29,900: Training on 14472 samples, validating on 1608, testing on 4020 samples
2025-07-29 12:33:42,704: Fine-tuning at Landmark 1
2025-07-29 12:33:43,620: Early stopping criterion: loss
2025-07-29 12:38:48,213: Landmark 1 | Epoch 1/20 | Train Loss: 0.4140 | Val Loss: 0.3245 | Validation AUC: 0.8260 | F1-Score: 0.2800
2025-07-29 12:38:48,655: New best model saved at /cluster/work/projects/ec12/michechi/cache/best/best_model_Charangan_MedBERT_4550_landmark1_compact_no_time_rnd_3_512_all_landmarks_True_20250729_123343_.pt with AUC: 0.8260, F1: 0.2800, Val Loss: 0.3245
2025-07-29 12:43:53,976: Landmark 1 | Epoch 2/20 | Train Loss: 0.3365 | Val Loss: 0.3331 | Validation AUC: 0.8189 | F1-Score: 0.3415
2025-07-29 12:43:53,976: No improvement in epoch 2. Current best AUC: 0.8260, F1: 0.2800, Val Loss: 0.3245. Epochs without improvement: 1/1
2025-07-29 12:43:53,978: Early stopping triggered at epoch 2. Best AUC: 0.8260, F1: 0.2800, Val Loss: 0.3245
2025-07-29 12:43:54,239: Tempo impiegato per Landmark 1: 611.5 secondi
2025-07-29 12:43:54,240: Tempo medio per epoca: 305.8 secondi
2025-07-29 12:43:54,241: Loading best model from /cluster/work/projects/ec12/michechi/cache/best/best_model_Charangan_MedBERT_4550_landmark1_compact_no_time_rnd_3_512_all_landmarks_True_20250729_123343_.pt for final evaluation on test set
2025-07-29 12:44:17,757: Final Test AUC (Landmark 1): 0.8081 | Test F1-Score: 0.2770
2025-07-29 12:44:17,757: Preparing data for Landmark 2
Using device: cuda
Some weights of BertForSequenceClassification were not initialized from the model checkpoint at Charangan/MedBERT and are newly initialized: ['classifier.bias', 'classifier.weight']
You should probably TRAIN this model on a down-stream task to be able to use it for predictions and inference.
2025-07-29 12:44:26,445: Average train text length: 137.85 words
2025-07-29 12:44:26,446: Average validation text length: 137.77 words
2025-07-29 12:44:26,446: Average test text length: 136.01 words
2025-07-29 12:44:26,446: Training on 14472 samples, validating on 1608, testing on 4020 samples
2025-07-29 12:44:40,883: Fine-tuning at Landmark 2
2025-07-29 12:44:40,888: Early stopping criterion: loss
2025-07-29 12:49:46,413: Landmark 2 | Epoch 1/20 | Train Loss: 0.3609 | Val Loss: 0.3210 | Validation AUC: 0.8592 | F1-Score: 0.0339
2025-07-29 12:49:46,827: New best model saved at /cluster/work/projects/ec12/michechi/cache/best/best_model_Charangan_MedBERT_4550_landmark2_compact_no_time_rnd_3_512_all_landmarks_True_20250729_124440_.pt with AUC: 0.8592, F1: 0.0339, Val Loss: 0.3210
2025-07-29 12:54:52,345: Landmark 2 | Epoch 2/20 | Train Loss: 0.3137 | Val Loss: 0.2902 | Validation AUC: 0.8770 | F1-Score: 0.4353
2025-07-29 12:54:52,763: New best model saved at /cluster/work/projects/ec12/michechi/cache/best/best_model_Charangan_MedBERT_4550_landmark2_compact_no_time_rnd_3_512_all_landmarks_True_20250729_124440_.pt with AUC: 0.8770, F1: 0.4353, Val Loss: 0.2902
2025-07-29 12:59:58,282: Landmark 2 | Epoch 3/20 | Train Loss: 0.2904 | Val Loss: 0.2916 | Validation AUC: 0.8707 | F1-Score: 0.4592
2025-07-29 12:59:58,282: No improvement in epoch 3. Current best AUC: 0.8770, F1: 0.4353, Val Loss: 0.2902. Epochs without improvement: 1/1
2025-07-29 12:59:58,282: Early stopping triggered at epoch 3. Best AUC: 0.8770, F1: 0.4353, Val Loss: 0.2902
2025-07-29 12:59:58,524: Tempo impiegato per Landmark 2: 917.6 secondi
2025-07-29 12:59:58,524: Tempo medio per epoca: 305.9 secondi
2025-07-29 12:59:58,526: Loading best model from /cluster/work/projects/ec12/michechi/cache/best/best_model_Charangan_MedBERT_4550_landmark2_compact_no_time_rnd_3_512_all_landmarks_True_20250729_124440_.pt for final evaluation on test set
2025-07-29 13:00:22,009: Final Test AUC (Landmark 2): 0.8533 | Test F1-Score: 0.4354
2025-07-29 13:00:22,009: Preparing data for Landmark 3
Using device: cuda
Some weights of BertForSequenceClassification were not initialized from the model checkpoint at Charangan/MedBERT and are newly initialized: ['classifier.bias', 'classifier.weight']
You should probably TRAIN this model on a down-stream task to be able to use it for predictions and inference.
2025-07-29 13:00:32,578: Average train text length: 180.40 words
2025-07-29 13:00:32,578: Average validation text length: 176.07 words
2025-07-29 13:00:32,578: Average test text length: 180.19 words
2025-07-29 13:00:32,578: Training on 14472 samples, validating on 1608, testing on 4020 samples
2025-07-29 13:00:49,985: Fine-tuning at Landmark 3
2025-07-29 13:00:49,991: Early stopping criterion: loss
2025-07-29 13:05:55,338: Landmark 3 | Epoch 1/20 | Train Loss: 0.2924 | Val Loss: 0.2463 | Validation AUC: 0.9294 | F1-Score: 0.6735
2025-07-29 13:05:55,763: New best model saved at /cluster/work/projects/ec12/michechi/cache/best/best_model_Charangan_MedBERT_4550_landmark3_compact_no_time_rnd_3_512_all_landmarks_True_20250729_130049_.pt with AUC: 0.9294, F1: 0.6735, Val Loss: 0.2463
2025-07-29 13:11:01,618: Landmark 3 | Epoch 2/20 | Train Loss: 0.2101 | Val Loss: 0.1957 | Validation AUC: 0.9474 | F1-Score: 0.6980
2025-07-29 13:11:02,058: New best model saved at /cluster/work/projects/ec12/michechi/cache/best/best_model_Charangan_MedBERT_4550_landmark3_compact_no_time_rnd_3_512_all_landmarks_True_20250729_130049_.pt with AUC: 0.9474, F1: 0.6980, Val Loss: 0.1957
2025-07-29 13:16:07,986: Landmark 3 | Epoch 3/20 | Train Loss: 0.1800 | Val Loss: 0.1982 | Validation AUC: 0.9462 | F1-Score: 0.6935
2025-07-29 13:16:07,986: No improvement in epoch 3. Current best AUC: 0.9474, F1: 0.6980, Val Loss: 0.1957. Epochs without improvement: 1/1
2025-07-29 13:16:07,986: Early stopping triggered at epoch 3. Best AUC: 0.9474, F1: 0.6980, Val Loss: 0.1957
2025-07-29 13:16:08,230: Tempo impiegato per Landmark 3: 918.2 secondi
2025-07-29 13:16:08,231: Tempo medio per epoca: 306.1 secondi
2025-07-29 13:16:08,233: Loading best model from /cluster/work/projects/ec12/michechi/cache/best/best_model_Charangan_MedBERT_4550_landmark3_compact_no_time_rnd_3_512_all_landmarks_True_20250729_130049_.pt for final evaluation on test set
2025-07-29 13:16:31,743: Final Test AUC (Landmark 3): 0.9505 | Test F1-Score: 0.7073
2025-07-29 13:16:31,744: Saving results to results_medical_True_Charangan_MedBERT_visits3_4550_compact_no_time_rnd_20250729_131631.csv
Using device: cuda
   Landmark Val AUC  ... Validation Loss Training Time (s)
0         1  0.8260  ...          0.3245             611.5
1         2  0.8770  ...          0.2902             917.6
2         3  0.9474  ...          0.1957             918.2

[3 rows x 9 columns]

Job 1835944 consumed 14.0 billing hours from project ec12.

Submitted 2025-07-29T12:32:22; waited 2.0 seconds in the queue after becoming eligible to run.

Requested wallclock time: 24.0 hours
Elapsed wallclock time:   44.2 minutes

Job exited normally.

Task and CPU statistics:
ID             CPUs  Tasks  CPU util                Start   Elapsed  Exit status
1835944          16            0.0 %  2025-07-29T12:32:24  2652.0 s  0
1835944.batch    16      1     6.2 %  2025-07-29T12:32:24  2652.0 s  0

Used CPU time:   43.8 CPU minutes
Unused CPU time: 11.1 CPU hours

Memory statistics, in GiB:
ID              Alloc   Usage
1835944          32.0        
1835944.batch    32.0    10.3

Job 1835944 completed at Tue Jul 29 13:16:36 CEST 2025
