Starting job 1854172 on gpu-9 on fox at Thu Aug 14 09:49:30 CEST 2025

2025-08-14 09:49:41,693: Argument CI: False
2025-08-14 09:49:41,693: Argument all_landmarks: True
2025-08-14 09:49:41,693: Argument batch_size: 8
2025-08-14 09:49:41,693: Argument cache_dir: '/cluster/work/projects/ec12/michechi/cache'
2025-08-14 09:49:41,693: Argument early: 'loss'
2025-08-14 09:49:41,693: Argument epochs: 20
2025-08-14 09:49:41,693: Argument gradient_accumulation_steps: 1
2025-08-14 09:49:41,693: Argument input_csv: '/fp/homes01/u01/ec-michelec/MIMICIV/data/splitted/splitted/landmark_df_evo.csv'
2025-08-14 09:49:41,693: Argument lr: 2e-05
2025-08-14 09:49:41,693: Argument max_length: 2048
2025-08-14 09:49:41,693: Argument max_visits: 4
2025-08-14 09:49:41,693: Argument model_name: 'answerdotai/ModernBERT-large'
2025-08-14 09:49:41,693: Argument model_type: 'general'
2025-08-14 09:49:41,693: Argument patience: 3
2025-08-14 09:49:41,693: Argument peft: False
2025-08-14 09:49:41,693: Argument prompt_type: 'full'
2025-08-14 09:49:41,694: Argument seed: 4550
2025-08-14 09:49:41,694: Argument test_csv: '/fp/homes01/u01/ec-michelec/MIMICIV/data/splitted/splitted/landmark_evo_test_dod.csv'
2025-08-14 09:49:41,694: Argument train_csv: '/fp/homes01/u01/ec-michelec/MIMICIV/data/splitted/splitted/landmark_evo_train_dod.csv'
2025-08-14 09:49:41,694: Argument use_quantization: False
2025-08-14 09:49:41,694: Argument val_csv: '/fp/homes01/u01/ec-michelec/MIMICIV/data/splitted/splitted/landmark_evo_vali_dod.csv'
2025-08-14 09:49:41,694: Argument when_counting_death: 'landmark'
2025-08-14 09:49:41,760: Using prompt type: full
/fp/homes01/u01/ec-michelec/MIMICIV/src/Finetuning_rfct.py:79: DtypeWarning: Columns (16,17,18,19) have mixed types. Specify dtype option on import or set low_memory=False.
  full_train_df = pd.read_csv(args.train_csv, na_values=['', 'None', 'NaN', 'na', 'nan']).fillna('')
/fp/homes01/u01/ec-michelec/MIMICIV/src/Finetuning_rfct.py:81: DtypeWarning: Columns (16,17,18,19) have mixed types. Specify dtype option on import or set low_memory=False.
  full_test_df = pd.read_csv(args.test_csv, na_values=['', 'None', 'NaN', 'na', 'nan']).fillna('')
2025-08-14 09:50:19,376: Processing all landmarks from 1 to 4
2025-08-14 09:50:19,376: Preparing data for Landmark 1
2025-08-14 09:50:25,440: We will use 90% of the memory on device 0 for storing the model, and 10% for the buffer to avoid OOM. You can set `max_memory` in to a higher value to use more memory (at your own risk).
Some weights of ModernBertForSequenceClassification were not initialized from the model checkpoint at answerdotai/ModernBERT-large and are newly initialized: ['classifier.bias', 'classifier.weight']
You should probably TRAIN this model on a down-stream task to be able to use it for predictions and inference.
2025-08-14 09:50:30,572: Example train text: You are a Doctor.
What is the probability of death in the next 90 days from today for this 43-year-old F patient?
Today is the 1 visit.

Diagnosis history:
Today: Diverticulitis of colon (without mention of hemorrhage); Acute kidney failure, unspecified; Abscess of intestine; Other postoperative infection; Cellulitis and abscess of trunk; Methicillin susceptible Staphylococcus aureus in conditions classified elsewhere and of unspecified site; Removal of other organ (partial) (total) causing abnormal patient reaction, or later complication, without mention of misadventure at time of operation; Hypovolemia; Nausea with vomiting.
Prescriptions history:
Today: NS; Potassium Chloride; OxycoDONE (Immediate Release) ; Magnesium Citrate; SW; Magnesium Sulfate; Prochlorperazine; Lorazepam; HYDROmorphone (Dilaudid); Iso-Osmotic Dextrose; Piperacillin-Tazobactam Na; Potassium Chl 20 mEq / 1000 mL D5 1/2 NS; Insulin; LR; Acetaminophen; Ondansetron; Ketorolac; OxycoDONE-Acetaminophen Elixir; Sodium Chloride 0.9%  Flush; Docusate Sodium; Hydrocodone-Acetaminophen; D5W; Clindamycin; Fluticasone Propionate NASAL; Ciprofloxacin; Pantoprazole; Metoclopramide; Calcium Carbonate; Vancomycin; Cephalexin; Heparin; Bupivacaine 0.5%; Promethazine HCl; D5 1/2NS; Hydrocortisone (Rectal) 2.5% Cream; Morphine Sulfate; Escitalopram Oxalate; Maalox/Diphenhydramine/Lidocaine; Nafcillin; HydrOXYzine; MetRONIDAZOLE (FLagyl); Ibuprofen.
Procedures history:
Today: Open and other sigmoidectomy.
2025-08-14 09:50:30,633: Average train text length: 139.15 words
2025-08-14 09:50:30,633: Average validation text length: 143.37 words
2025-08-14 09:50:30,633: Average test text length: 140.44 words
2025-08-14 09:50:30,633: Training on 8040 samples, validating on 894, testing on 2234 samples
2025-08-14 09:50:38,077: Fine-tuning at Landmark 1
2025-08-14 09:50:38,083: Early stopping criterion: loss
/fp/homes01/u01/ec-michelec/ModernBERT/lib64/python3.9/site-packages/networkx/utils/backends.py:135: RuntimeWarning: networkx backend defined more than once: nx-loopback
  backends.update(_get_backends("networkx.backends"))
2025-08-14 10:01:51,822: Landmark 1 | Epoch 1/20 | Train Loss: 0.4513 | Val Loss: 0.0731 | Validation AUC: 0.6113 | F1-Score: 0.0000
2025-08-14 10:01:52,373: New best model saved at /cluster/work/projects/ec12/michechi/cache/best/best_model_answerdotai_ModernBERT-large_4550_landmark1_full_4_2048_landmark_all_landmarks_True_20250814_095038_.pt with AUC: 0.6113, F1: 0.0000, Val Loss: 0.0731
2025-08-14 10:12:45,637: Landmark 1 | Epoch 2/20 | Train Loss: 0.0722 | Val Loss: 0.0671 | Validation AUC: 0.6114 | F1-Score: 0.0000
2025-08-14 10:12:46,201: New best model saved at /cluster/work/projects/ec12/michechi/cache/best/best_model_answerdotai_ModernBERT-large_4550_landmark1_full_4_2048_landmark_all_landmarks_True_20250814_095038_.pt with AUC: 0.6114, F1: 0.0000, Val Loss: 0.0671
2025-08-14 10:23:39,212: Landmark 1 | Epoch 3/20 | Train Loss: 0.0703 | Val Loss: 0.0650 | Validation AUC: 0.6759 | F1-Score: 0.0000
2025-08-14 10:23:39,764: New best model saved at /cluster/work/projects/ec12/michechi/cache/best/best_model_answerdotai_ModernBERT-large_4550_landmark1_full_4_2048_landmark_all_landmarks_True_20250814_095038_.pt with AUC: 0.6759, F1: 0.0000, Val Loss: 0.0650
2025-08-14 10:34:32,343: Landmark 1 | Epoch 4/20 | Train Loss: 0.0701 | Val Loss: 0.0629 | Validation AUC: 0.7163 | F1-Score: 0.0000
2025-08-14 10:34:32,890: New best model saved at /cluster/work/projects/ec12/michechi/cache/best/best_model_answerdotai_ModernBERT-large_4550_landmark1_full_4_2048_landmark_all_landmarks_True_20250814_095038_.pt with AUC: 0.7163, F1: 0.0000, Val Loss: 0.0629
2025-08-14 10:45:25,267: Landmark 1 | Epoch 5/20 | Train Loss: 0.0742 | Val Loss: 0.0685 | Validation AUC: 0.6776 | F1-Score: 0.0000
2025-08-14 10:45:25,267: No improvement in epoch 5. Current best AUC: 0.7163, F1: 0.0000, Val Loss: 0.0629. Epochs without improvement: 1/3
2025-08-14 10:56:17,592: Landmark 1 | Epoch 6/20 | Train Loss: 0.0720 | Val Loss: 0.0639 | Validation AUC: 0.6964 | F1-Score: 0.0000
2025-08-14 10:56:17,592: No improvement in epoch 6. Current best AUC: 0.7163, F1: 0.0000, Val Loss: 0.0629. Epochs without improvement: 2/3
2025-08-14 11:07:10,004: Landmark 1 | Epoch 7/20 | Train Loss: 0.0711 | Val Loss: 0.0640 | Validation AUC: 0.7212 | F1-Score: 0.0000
2025-08-14 11:07:10,004: No improvement in epoch 7. Current best AUC: 0.7163, F1: 0.0000, Val Loss: 0.0629. Epochs without improvement: 3/3
2025-08-14 11:07:10,005: Early stopping triggered at epoch 7. Best AUC: 0.7163, F1: 0.0000, Val Loss: 0.0629
2025-08-14 11:07:10,669: Tempo impiegato per Landmark 1: 4592.6 secondi
2025-08-14 11:07:10,669: Tempo medio per epoca: 656.1 secondi
2025-08-14 11:07:10,671: Loading best model from /cluster/work/projects/ec12/michechi/cache/best/best_model_answerdotai_ModernBERT-large_4550_landmark1_full_4_2048_landmark_all_landmarks_True_20250814_095038_.pt for final evaluation on test set
2025-08-14 11:07:58,546: Final Test AUC (Landmark 1): 0.7133 | Test F1-Score: 0.0000
2025-08-14 11:07:58,546: Preparing data for Landmark 2
2025-08-14 11:08:00,799: We will use 90% of the memory on device 0 for storing the model, and 10% for the buffer to avoid OOM. You can set `max_memory` in to a higher value to use more memory (at your own risk).
Some weights of ModernBertForSequenceClassification were not initialized from the model checkpoint at answerdotai/ModernBERT-large and are newly initialized: ['classifier.bias', 'classifier.weight']
You should probably TRAIN this model on a down-stream task to be able to use it for predictions and inference.
2025-08-14 11:08:04,172: Example train text: You are a Doctor.
What is the probability of death in the next 90 days from today for this 43-year-old F patient?
Today is the 2 visit.

Diagnosis history:
Today: Esophageal reflux; Diverticulosis of colon (without mention of hemorrhage); Other specified aftercare following surgery.
6 days ago: Diverticulitis of colon (without mention of hemorrhage); Acute kidney failure, unspecified; Abscess of intestine; Other postoperative infection; Cellulitis and abscess of trunk; Methicillin susceptible Staphylococcus aureus in conditions classified elsewhere and of unspecified site; Removal of other organ (partial) (total) causing abnormal patient reaction, or later complication, without mention of misadventure at time of operation; Hypovolemia; Nausea with vomiting.
Prescriptions history:
Today: LR; Ranitidine; Acetaminophen; Escitalopram Oxalate; Promethazine; Heparin; Ondansetron ODT; Potassium Chl 20 mEq / 1000 mL D5 1/2 NS; Pantoprazole; Sodium Chloride 0.9%  Flush; Fluticasone Propionate NASAL; Ondansetron.
6 days ago: NS; Potassium Chloride; OxycoDONE (Immediate Release) ; Magnesium Citrate; SW; Magnesium Sulfate; Prochlorperazine; Lorazepam; HYDROmorphone (Dilaudid); Iso-Osmotic Dextrose; Piperacillin-Tazobactam Na; Potassium Chl 20 mEq / 1000 mL D5 1/2 NS; Insulin; LR; Acetaminophen; Ondansetron; Ketorolac; OxycoDONE-Acetaminophen Elixir; Sodium Chloride 0.9%  Flush; Docusate Sodium; Hydrocodone-Acetaminophen; D5W; Clindamycin; Fluticasone Propionate NASAL; Ciprofloxacin; Pantoprazole; Metoclopramide; Calcium Carbonate; Vancomycin; Cephalexin; Heparin; Bupivacaine 0.5%; Promethazine HCl; D5 1/2NS; Hydrocortisone (Rectal) 2.5% Cream; Morphine Sulfate; Escitalopram Oxalate; Maalox/Diphenhydramine/Lidocaine; Nafcillin; HydrOXYzine; MetRONIDAZOLE (FLagyl); Ibuprofen.
Procedures history:
Today: .
6 days ago: Open and other sigmoidectomy.
2025-08-14 11:08:04,282: Average train text length: 256.57 words
2025-08-14 11:08:04,282: Average validation text length: 261.40 words
2025-08-14 11:08:04,282: Average test text length: 257.79 words
2025-08-14 11:08:04,282: Training on 8040 samples, validating on 894, testing on 2234 samples
2025-08-14 11:08:17,059: Fine-tuning at Landmark 2
2025-08-14 11:08:17,073: Early stopping criterion: loss
2025-08-14 11:19:05,310: Landmark 2 | Epoch 1/20 | Train Loss: 0.5751 | Val Loss: 0.1581 | Validation AUC: 0.6782 | F1-Score: 0.0000
2025-08-14 11:19:05,893: New best model saved at /cluster/work/projects/ec12/michechi/cache/best/best_model_answerdotai_ModernBERT-large_4550_landmark2_full_4_2048_landmark_all_landmarks_True_20250814_110817_.pt with AUC: 0.6782, F1: 0.0000, Val Loss: 0.1581
2025-08-14 11:29:54,196: Landmark 2 | Epoch 2/20 | Train Loss: 0.1653 | Val Loss: 0.1389 | Validation AUC: 0.7295 | F1-Score: 0.0000
2025-08-14 11:29:54,760: New best model saved at /cluster/work/projects/ec12/michechi/cache/best/best_model_answerdotai_ModernBERT-large_4550_landmark2_full_4_2048_landmark_all_landmarks_True_20250814_110817_.pt with AUC: 0.7295, F1: 0.0000, Val Loss: 0.1389
2025-08-14 11:40:43,200: Landmark 2 | Epoch 3/20 | Train Loss: 0.1598 | Val Loss: 0.1384 | Validation AUC: 0.7548 | F1-Score: 0.0000
2025-08-14 11:40:43,736: New best model saved at /cluster/work/projects/ec12/michechi/cache/best/best_model_answerdotai_ModernBERT-large_4550_landmark2_full_4_2048_landmark_all_landmarks_True_20250814_110817_.pt with AUC: 0.7548, F1: 0.0000, Val Loss: 0.1384
2025-08-14 11:51:32,026: Landmark 2 | Epoch 4/20 | Train Loss: 0.1565 | Val Loss: 0.1368 | Validation AUC: 0.7540 | F1-Score: 0.0000
2025-08-14 11:51:32,572: New best model saved at /cluster/work/projects/ec12/michechi/cache/best/best_model_answerdotai_ModernBERT-large_4550_landmark2_full_4_2048_landmark_all_landmarks_True_20250814_110817_.pt with AUC: 0.7540, F1: 0.0000, Val Loss: 0.1368
2025-08-14 12:02:21,022: Landmark 2 | Epoch 5/20 | Train Loss: 0.1620 | Val Loss: 0.1439 | Validation AUC: 0.7312 | F1-Score: 0.0000
2025-08-14 12:02:21,022: No improvement in epoch 5. Current best AUC: 0.7540, F1: 0.0000, Val Loss: 0.1368. Epochs without improvement: 1/3
2025-08-14 12:13:09,882: Landmark 2 | Epoch 6/20 | Train Loss: 0.1584 | Val Loss: 0.1386 | Validation AUC: 0.7450 | F1-Score: 0.0000
2025-08-14 12:13:09,883: No improvement in epoch 6. Current best AUC: 0.7540, F1: 0.0000, Val Loss: 0.1368. Epochs without improvement: 2/3
2025-08-14 12:23:58,755: Landmark 2 | Epoch 7/20 | Train Loss: 0.1560 | Val Loss: 0.1378 | Validation AUC: 0.7546 | F1-Score: 0.0000
2025-08-14 12:23:58,756: No improvement in epoch 7. Current best AUC: 0.7540, F1: 0.0000, Val Loss: 0.1368. Epochs without improvement: 3/3
2025-08-14 12:23:58,756: Early stopping triggered at epoch 7. Best AUC: 0.7540, F1: 0.0000, Val Loss: 0.1368
2025-08-14 12:23:59,717: Tempo impiegato per Landmark 2: 4542.7 secondi
2025-08-14 12:23:59,717: Tempo medio per epoca: 649.0 secondi
2025-08-14 12:23:59,719: Loading best model from /cluster/work/projects/ec12/michechi/cache/best/best_model_answerdotai_ModernBERT-large_4550_landmark2_full_4_2048_landmark_all_landmarks_True_20250814_110817_.pt for final evaluation on test set
2025-08-14 12:24:47,126: Final Test AUC (Landmark 2): 0.8069 | Test F1-Score: 0.0000
2025-08-14 12:24:47,126: Preparing data for Landmark 3
2025-08-14 12:24:48,820: We will use 90% of the memory on device 0 for storing the model, and 10% for the buffer to avoid OOM. You can set `max_memory` in to a higher value to use more memory (at your own risk).
Some weights of ModernBertForSequenceClassification were not initialized from the model checkpoint at answerdotai/ModernBERT-large and are newly initialized: ['classifier.bias', 'classifier.weight']
You should probably TRAIN this model on a down-stream task to be able to use it for predictions and inference.
2025-08-14 12:24:53,359: Example train text: You are a Doctor.
What is the probability of death in the next 90 days from today for this 46-year-old F patient?
Today is the 3 visit.

Diagnosis history:
Today: Chest pain, unspecified; Orthostatic hypotension.
1127 days ago: Esophageal reflux; Diverticulosis of colon (without mention of hemorrhage); Other specified aftercare following surgery.
1133 days ago: Diverticulitis of colon (without mention of hemorrhage); Acute kidney failure, unspecified; Abscess of intestine; Other postoperative infection; Cellulitis and abscess of trunk; Methicillin susceptible Staphylococcus aureus in conditions classified elsewhere and of unspecified site; Removal of other organ (partial) (total) causing abnormal patient reaction, or later complication, without mention of misadventure at time of operation; Hypovolemia; Nausea with vomiting.
Prescriptions history:
Today: .
1127 days ago: LR; Ranitidine; Acetaminophen; Escitalopram Oxalate; Promethazine; Heparin; Ondansetron ODT; Potassium Chl 20 mEq / 1000 mL D5 1/2 NS; Pantoprazole; Sodium Chloride 0.9%  Flush; Fluticasone Propionate NASAL; Ondansetron.
1133 days ago: NS; Potassium Chloride; OxycoDONE (Immediate Release) ; Magnesium Citrate; SW; Magnesium Sulfate; Prochlorperazine; Lorazepam; HYDROmorphone (Dilaudid); Iso-Osmotic Dextrose; Piperacillin-Tazobactam Na; Potassium Chl 20 mEq / 1000 mL D5 1/2 NS; Insulin; LR; Acetaminophen; Ondansetron; Ketorolac; OxycoDONE-Acetaminophen Elixir; Sodium Chloride 0.9%  Flush; Docusate Sodium; Hydrocodone-Acetaminophen; D5W; Clindamycin; Fluticasone Propionate NASAL; Ciprofloxacin; Pantoprazole; Metoclopramide; Calcium Carbonate; Vancomycin; Cephalexin; Heparin; Bupivacaine 0.5%; Promethazine HCl; D5 1/2NS; Hydrocortisone (Rectal) 2.5% Cream; Morphine Sulfate; Escitalopram Oxalate; Maalox/Diphenhydramine/Lidocaine; Nafcillin; HydrOXYzine; MetRONIDAZOLE (FLagyl); Ibuprofen.
Procedures history:
Today: .
1127 days ago: .
1133 days ago: Open and other sigmoidectomy.
2025-08-14 12:24:53,529: Average train text length: 380.70 words
2025-08-14 12:24:53,529: Average validation text length: 385.73 words
2025-08-14 12:24:53,529: Average test text length: 380.60 words
2025-08-14 12:24:53,529: Training on 8040 samples, validating on 894, testing on 2234 samples
2025-08-14 12:25:09,858: Fine-tuning at Landmark 3
2025-08-14 12:25:09,880: Early stopping criterion: loss
2025-08-14 12:35:58,759: Landmark 3 | Epoch 1/20 | Train Loss: 0.6793 | Val Loss: 0.2999 | Validation AUC: 0.6862 | F1-Score: 0.0000
2025-08-14 12:35:59,299: New best model saved at /cluster/work/projects/ec12/michechi/cache/best/best_model_answerdotai_ModernBERT-large_4550_landmark3_full_4_2048_landmark_all_landmarks_True_20250814_122509_.pt with AUC: 0.6862, F1: 0.0000, Val Loss: 0.2999
2025-08-14 12:46:48,420: Landmark 3 | Epoch 2/20 | Train Loss: 0.2916 | Val Loss: 0.2836 | Validation AUC: 0.7759 | F1-Score: 0.0000
2025-08-14 12:46:48,972: New best model saved at /cluster/work/projects/ec12/michechi/cache/best/best_model_answerdotai_ModernBERT-large_4550_landmark3_full_4_2048_landmark_all_landmarks_True_20250814_122509_.pt with AUC: 0.7759, F1: 0.0000, Val Loss: 0.2836
2025-08-14 12:57:38,351: Landmark 3 | Epoch 3/20 | Train Loss: 0.2736 | Val Loss: 0.2653 | Validation AUC: 0.7943 | F1-Score: 0.0000
2025-08-14 12:57:38,877: New best model saved at /cluster/work/projects/ec12/michechi/cache/best/best_model_answerdotai_ModernBERT-large_4550_landmark3_full_4_2048_landmark_all_landmarks_True_20250814_122509_.pt with AUC: 0.7943, F1: 0.0000, Val Loss: 0.2653
2025-08-14 13:08:27,934: Landmark 3 | Epoch 4/20 | Train Loss: 0.2626 | Val Loss: 0.2595 | Validation AUC: 0.8064 | F1-Score: 0.0000
2025-08-14 13:08:28,478: New best model saved at /cluster/work/projects/ec12/michechi/cache/best/best_model_answerdotai_ModernBERT-large_4550_landmark3_full_4_2048_landmark_all_landmarks_True_20250814_122509_.pt with AUC: 0.8064, F1: 0.0000, Val Loss: 0.2595
2025-08-14 13:19:17,906: Landmark 3 | Epoch 5/20 | Train Loss: 0.2541 | Val Loss: 0.2561 | Validation AUC: 0.8156 | F1-Score: 0.0435
2025-08-14 13:19:18,437: New best model saved at /cluster/work/projects/ec12/michechi/cache/best/best_model_answerdotai_ModernBERT-large_4550_landmark3_full_4_2048_landmark_all_landmarks_True_20250814_122509_.pt with AUC: 0.8156, F1: 0.0435, Val Loss: 0.2561
