Starting job 1695330 on gpu-5 on fox at Mon Jun 16 17:28:33 CEST 2025

2025-06-16 17:29:21,421: Argument input_csv: 'landmark_df.csv'
2025-06-16 17:29:21,421: Argument max_features: 512
2025-06-16 17:29:21,421: Argument max_visits: 3
2025-06-16 17:29:21,421: Argument output_dir: '/cluster/work/projects/ec403/ec-michechi/Project_M'
2025-06-16 17:29:21,421: Argument prompt_type: 'compact'
2025-06-16 17:29:21,421: Argument random_state: 9550
2025-06-16 17:29:21,421: Argument test_csv: '/cluster/work/projects/ec403/ec-michechi/Project_M/data/landmark_evo_test.csv'
2025-06-16 17:29:21,421: Argument train_csv: '/cluster/work/projects/ec403/ec-michechi/Project_M/data/landmark_evo_train.csv'
2025-06-16 17:29:21,421: Argument val_csv: '/cluster/work/projects/ec403/ec-michechi/Project_M/data/landmark_evo_vali.csv'
2025-06-16 17:29:21,421: Argument vectorizer_type: 'medbert'
/fp/homes01/u01/ec-michechi/Project_M/MIMICIV/src/Xgboost_no_tune.py:235: DtypeWarning: Columns (16,17,18,19) have mixed types. Specify dtype option on import or set low_memory=False.
  full_train_df = pd.read_csv(args.train_csv, na_values=['', 'None', 'NaN', 'na', 'nan']).fillna('')
2025-06-16 17:29:55,610: Processing Landmark Visit: 1
2025-06-16 17:29:55,625: Using hyperparameters for Landmark 1: {'min_samples_leaf': 30, 'max_leaf_nodes': 15, 'max_iter': 300, 'max_depth': 5, 'learning_rate': 0.05, 'l2_regularization': 0}
/fp/projects01/ec30/software/easybuild/software/nlpl-pytorch/2.1.2-foss-2022b-cuda-12.0.0-Python-3.10.8/lib/python3.10/site-packages/torch/_utils.py:831: UserWarning: TypedStorage is deprecated. It will be removed in the future and UntypedStorage will be the only storage class. This should only matter to you if you are using storages directly.  To access UntypedStorage directly, use tensor.untyped_storage() instead of tensor.storage()
  return self.fget.__get__(instance, owner)()
Traceback (most recent call last):
  File "/fp/homes01/u01/ec-michechi/Project_M/MIMICIV/src/Xgboost_no_tune.py", line 306, in <module>
    main()
  File "/fp/homes01/u01/ec-michechi/Project_M/MIMICIV/src/Xgboost_no_tune.py", line 280, in main
    auc, f1, num_patients, mortality_rate = train_model(
  File "/fp/homes01/u01/ec-michechi/Project_M/MIMICIV/src/Xgboost_no_tune.py", line 110, in train_model
    train_med_vec = med_vectorizer.fit_transform(train_df['med_text'])
  File "/fp/homes01/u01/ec-michechi/Project_M/MIMICIV/src/Xgboost_no_tune.py", line 56, in fit_transform
    return self._embed(texts)
  File "/fp/homes01/u01/ec-michechi/Project_M/MIMICIV/src/Xgboost_no_tune.py", line 66, in _embed
    encoded = self.tokenizer(batch_texts, padding=True, truncation=True, max_length=self.max_features, return_tensors="pt")
  File "/fp/projects01/ec30/software/easybuild/software/nlpl-transformers/4.47.1-foss-2022b-Python-3.10.8/lib/python3.10/site-packages/transformers/tokenization_utils_base.py", line 2860, in __call__
    encodings = self._call_one(text=text, text_pair=text_pair, **all_kwargs)
  File "/fp/projects01/ec30/software/easybuild/software/nlpl-transformers/4.47.1-foss-2022b-Python-3.10.8/lib/python3.10/site-packages/transformers/tokenization_utils_base.py", line 2920, in _call_one
    raise ValueError(
ValueError: text input must be of type `str` (single example), `List[str]` (batch or single pretokenized example) or `List[List[str]]` (batch of pretokenized examples).

Job 1695330 consumed 0.5 billing hours from project ec403.

Submitted 2025-06-16T17:28:07; waited 26.0 seconds in the queue after becoming eligible to run.

Requested wallclock time: 6.0 hours
Elapsed wallclock time:   1.6 minutes

Job failed.

Task and CPU statistics:
ID             CPUs  Tasks  CPU util                Start  Elapsed  Exit status
1695330          16            0.0 %  2025-06-16T17:28:33   95.0 s  1
1695330.batch    16      1     3.4 %  2025-06-16T17:28:33   95.0 s  1

Used CPU time:   51.3 CPU seconds
Unused CPU time: 24.5 CPU minutes

Memory statistics, in GiB:
ID              Alloc   Usage
1695330         128.0        
1695330.batch   128.0     6.0

Job 1695330 completed at Mon Jun 16 17:30:08 CEST 2025
