Starting job 1836433 on gpu-2 on fox at Wed Jul 30 15:39:15 CEST 2025

2025-07-30 15:39:26,416: Argument CI: False
2025-07-30 15:39:26,416: Argument all_landmarks: True
2025-07-30 15:39:26,416: Argument batch_size: 8
2025-07-30 15:39:26,416: Argument cache_dir: '/cluster/work/projects/ec12/michechi/cache'
2025-07-30 15:39:26,416: Argument early: 'loss'
2025-07-30 15:39:26,416: Argument epochs: 20
2025-07-30 15:39:26,416: Argument gradient_accumulation_steps: 1
2025-07-30 15:39:26,416: Argument input_csv: '/fp/homes01/u01/ec-michelec/MIMICIV/data/splitted/splitted/landmark_df_evo.csv'
2025-07-30 15:39:26,416: Argument lr: 2e-05
2025-07-30 15:39:26,416: Argument max_length: 2048
2025-07-30 15:39:26,416: Argument max_visits: 3
2025-07-30 15:39:26,416: Argument model_name: 'answerdotai/ModernBERT-large'
2025-07-30 15:39:26,416: Argument model_type: 'medical'
2025-07-30 15:39:26,416: Argument patience: 1
2025-07-30 15:39:26,416: Argument peft: False
2025-07-30 15:39:26,416: Argument prompt_type: 'full'
2025-07-30 15:39:26,416: Argument seed: 5550
2025-07-30 15:39:26,416: Argument test_csv: '/fp/homes01/u01/ec-michelec/MIMICIV/data/splitted/splitted/landmark_evo_test.csv'
2025-07-30 15:39:26,416: Argument train_csv: '/fp/homes01/u01/ec-michelec/MIMICIV/data/splitted/splitted/landmark_evo_train.csv'
2025-07-30 15:39:26,416: Argument use_quantization: False
2025-07-30 15:39:26,416: Argument val_csv: '/fp/homes01/u01/ec-michelec/MIMICIV/data/splitted/splitted/landmark_evo_vali.csv'
2025-07-30 15:39:26,434: Using prompt type: full
/fp/homes01/u01/ec-michelec/MIMICIV/src/Finetuning_rfct.py:79: DtypeWarning: Columns (16,17,18,19) have mixed types. Specify dtype option on import or set low_memory=False.
  full_train_df = pd.read_csv(args.train_csv, na_values=['', 'None', 'NaN', 'na', 'nan']).fillna('')
/fp/homes01/u01/ec-michelec/MIMICIV/src/Finetuning_rfct.py:81: DtypeWarning: Columns (16,17,18,19) have mixed types. Specify dtype option on import or set low_memory=False.
  full_test_df = pd.read_csv(args.test_csv, na_values=['', 'None', 'NaN', 'na', 'nan']).fillna('')
2025-07-30 15:40:02,826: Processing all landmarks from 1 to 3
2025-07-30 15:40:02,827: Preparing data for Landmark 1
Some weights of ModernBertForSequenceClassification were not initialized from the model checkpoint at answerdotai/ModernBERT-large and are newly initialized: ['classifier.bias', 'classifier.weight']
You should probably TRAIN this model on a down-stream task to be able to use it for predictions and inference.
2025-07-30 15:40:12,944: Average train text length: 138.90 words
2025-07-30 15:40:12,944: Average validation text length: 138.07 words
2025-07-30 15:40:12,944: Average test text length: 139.65 words
2025-07-30 15:40:12,944: Training on 14472 samples, validating on 1608, testing on 4020 samples
2025-07-30 15:40:27,349: Fine-tuning at Landmark 1
2025-07-30 15:40:27,354: Early stopping criterion: loss
/fp/homes01/u01/ec-michelec/ModernBERT/lib64/python3.9/site-packages/networkx/utils/backends.py:135: RuntimeWarning: networkx backend defined more than once: nx-loopback
  backends.update(_get_backends("networkx.backends"))
2025-07-30 16:28:07,836: Landmark 1 | Epoch 1/20 | Train Loss: 0.3856 | Val Loss: 0.3273 | Validation AUC: 0.8275 | F1-Score: 0.1032
2025-07-30 16:28:08,988: New best model saved at /cluster/work/projects/ec12/michechi/cache/best/best_model_answerdotai_ModernBERT-large_5550_landmark1_full_3_2048_all_landmarks_True_20250730_154027_.pt with AUC: 0.8275, F1: 0.1032, Val Loss: 0.3273
2025-07-30 17:15:32,763: Landmark 1 | Epoch 2/20 | Train Loss: 0.3380 | Val Loss: 0.3335 | Validation AUC: 0.8313 | F1-Score: 0.0000
2025-07-30 17:15:32,764: No improvement in epoch 2. Current best AUC: 0.8275, F1: 0.1032, Val Loss: 0.3273. Epochs without improvement: 1/1
2025-07-30 17:15:32,764: Early stopping triggered at epoch 2. Best AUC: 0.8275, F1: 0.1032, Val Loss: 0.3273
2025-07-30 17:15:33,728: Tempo impiegato per Landmark 1: 5706.4 secondi
2025-07-30 17:15:33,730: Tempo medio per epoca: 2853.2 secondi
2025-07-30 17:15:33,732: Loading best model from /cluster/work/projects/ec12/michechi/cache/best/best_model_answerdotai_ModernBERT-large_5550_landmark1_full_3_2048_all_landmarks_True_20250730_154027_.pt for final evaluation on test set
2025-07-30 17:18:59,251: Final Test AUC (Landmark 1): 0.8175 | Test F1-Score: 0.0773
2025-07-30 17:18:59,252: Preparing data for Landmark 2
Some weights of ModernBertForSequenceClassification were not initialized from the model checkpoint at answerdotai/ModernBERT-large and are newly initialized: ['classifier.bias', 'classifier.weight']
You should probably TRAIN this model on a down-stream task to be able to use it for predictions and inference.
2025-07-30 17:19:09,178: Average train text length: 254.75 words
2025-07-30 17:19:09,179: Average validation text length: 253.84 words
2025-07-30 17:19:09,179: Average test text length: 253.66 words
2025-07-30 17:19:09,179: Training on 14472 samples, validating on 1608, testing on 4020 samples
2025-07-30 17:19:32,510: Fine-tuning at Landmark 2
2025-07-30 17:19:32,543: Early stopping criterion: loss
2025-07-30 18:07:02,999: Landmark 2 | Epoch 1/20 | Train Loss: 0.3653 | Val Loss: 0.3074 | Validation AUC: 0.8731 | F1-Score: 0.2652
2025-07-30 18:07:04,128: New best model saved at /cluster/work/projects/ec12/michechi/cache/best/best_model_answerdotai_ModernBERT-large_5550_landmark2_full_3_2048_all_landmarks_True_20250730_171932_.pt with AUC: 0.8731, F1: 0.2652, Val Loss: 0.3074
2025-07-30 18:54:35,239: Landmark 2 | Epoch 2/20 | Train Loss: 0.3148 | Val Loss: 0.2810 | Validation AUC: 0.8804 | F1-Score: 0.3540
2025-07-30 18:54:36,416: New best model saved at /cluster/work/projects/ec12/michechi/cache/best/best_model_answerdotai_ModernBERT-large_5550_landmark2_full_3_2048_all_landmarks_True_20250730_171932_.pt with AUC: 0.8804, F1: 0.3540, Val Loss: 0.2810
2025-07-30 19:42:07,624: Landmark 2 | Epoch 3/20 | Train Loss: 0.2943 | Val Loss: 0.3024 | Validation AUC: 0.8872 | F1-Score: 0.2189
2025-07-30 19:42:07,624: No improvement in epoch 3. Current best AUC: 0.8804, F1: 0.3540, Val Loss: 0.2810. Epochs without improvement: 1/1
2025-07-30 19:42:07,624: Early stopping triggered at epoch 3. Best AUC: 0.8804, F1: 0.3540, Val Loss: 0.2810
2025-07-30 19:42:08,540: Tempo impiegato per Landmark 2: 8556.0 secondi
2025-07-30 19:42:08,541: Tempo medio per epoca: 2852.0 secondi
2025-07-30 19:42:08,543: Loading best model from /cluster/work/projects/ec12/michechi/cache/best/best_model_answerdotai_ModernBERT-large_5550_landmark2_full_3_2048_all_landmarks_True_20250730_171932_.pt for final evaluation on test set
2025-07-30 19:45:33,850: Final Test AUC (Landmark 2): 0.8546 | Test F1-Score: 0.3397
2025-07-30 19:45:33,851: Preparing data for Landmark 3
Some weights of ModernBertForSequenceClassification were not initialized from the model checkpoint at answerdotai/ModernBERT-large and are newly initialized: ['classifier.bias', 'classifier.weight']
You should probably TRAIN this model on a down-stream task to be able to use it for predictions and inference.
2025-07-30 19:45:43,708: Average train text length: 382.21 words
2025-07-30 19:45:43,708: Average validation text length: 377.55 words
2025-07-30 19:45:43,708: Average test text length: 380.77 words
2025-07-30 19:45:43,708: Training on 14472 samples, validating on 1608, testing on 4020 samples
2025-07-30 19:46:13,340: Fine-tuning at Landmark 3
2025-07-30 19:46:13,363: Early stopping criterion: loss
2025-07-30 20:33:56,201: Landmark 3 | Epoch 1/20 | Train Loss: 0.3022 | Val Loss: 0.2790 | Validation AUC: 0.9441 | F1-Score: 0.4474
2025-07-30 20:33:57,278: New best model saved at /cluster/work/projects/ec12/michechi/cache/best/best_model_answerdotai_ModernBERT-large_5550_landmark3_full_3_2048_all_landmarks_True_20250730_194613_.pt with AUC: 0.9441, F1: 0.4474, Val Loss: 0.2790
2025-07-30 21:21:40,822: Landmark 3 | Epoch 2/20 | Train Loss: 0.2130 | Val Loss: 0.1976 | Validation AUC: 0.9493 | F1-Score: 0.6560
2025-07-30 21:21:41,903: New best model saved at /cluster/work/projects/ec12/michechi/cache/best/best_model_answerdotai_ModernBERT-large_5550_landmark3_full_3_2048_all_landmarks_True_20250730_194613_.pt with AUC: 0.9493, F1: 0.6560, Val Loss: 0.1976
2025-07-30 22:09:25,992: Landmark 3 | Epoch 3/20 | Train Loss: 0.1818 | Val Loss: 0.1828 | Validation AUC: 0.9559 | F1-Score: 0.7383
2025-07-30 22:09:27,061: New best model saved at /cluster/work/projects/ec12/michechi/cache/best/best_model_answerdotai_ModernBERT-large_5550_landmark3_full_3_2048_all_landmarks_True_20250730_194613_.pt with AUC: 0.9559, F1: 0.7383, Val Loss: 0.1828
2025-07-30 22:57:11,683: Landmark 3 | Epoch 4/20 | Train Loss: 0.1617 | Val Loss: 0.1759 | Validation AUC: 0.9591 | F1-Score: 0.7200
2025-07-30 22:57:12,760: New best model saved at /cluster/work/projects/ec12/michechi/cache/best/best_model_answerdotai_ModernBERT-large_5550_landmark3_full_3_2048_all_landmarks_True_20250730_194613_.pt with AUC: 0.9591, F1: 0.7200, Val Loss: 0.1759
2025-07-30 23:44:57,769: Landmark 3 | Epoch 5/20 | Train Loss: 0.1276 | Val Loss: 0.1898 | Validation AUC: 0.9572 | F1-Score: 0.7294
2025-07-30 23:44:57,769: No improvement in epoch 5. Current best AUC: 0.9591, F1: 0.7200, Val Loss: 0.1759. Epochs without improvement: 1/1
2025-07-30 23:44:57,769: Early stopping triggered at epoch 5. Best AUC: 0.9591, F1: 0.7200, Val Loss: 0.1759
2025-07-30 23:44:58,577: Tempo impiegato per Landmark 3: 14325.2 secondi
2025-07-30 23:44:58,577: Tempo medio per epoca: 2865.0 secondi
2025-07-30 23:44:58,579: Loading best model from /cluster/work/projects/ec12/michechi/cache/best/best_model_answerdotai_ModernBERT-large_5550_landmark3_full_3_2048_all_landmarks_True_20250730_194613_.pt for final evaluation on test set
2025-07-30 23:48:24,025: Final Test AUC (Landmark 3): 0.9491 | Test F1-Score: 0.7372
2025-07-30 23:48:24,026: Saving results to results_medical_True_answerdotai_ModernBERT-large_visits3_5550_2048_full_20250730_234824.csv
Using device: cuda
Using device: cuda
Using device: cuda
   Landmark Val AUC  ... Validation Loss Training Time (s)
0         1  0.8275  ...          0.3273            5706.4
1         2  0.8804  ...          0.2810            8556.0
2         3  0.9591  ...          0.1759           14325.2

[3 rows x 9 columns]

Job 1836433 consumed 154.9 billing hours from project ec12.

Submitted 2025-07-30T15:25:43; waited 13.5 minutes in the queue after becoming eligible to run.

Requested wallclock time: 1.8 days
Elapsed wallclock time:   8.2 hours

Job exited normally.

Task and CPU statistics:
ID             CPUs  Tasks  CPU util                Start  Elapsed  Exit status
1836433          16            0.0 %  2025-07-30T15:39:15    8.2 h  0
1836433.batch    16      1     6.9 %  2025-07-30T15:39:15    8.2 h  0

Used CPU time:   9.0 CPU hours
Unused CPU time: 5.1 CPU days

Memory statistics, in GiB:
ID              Alloc   Usage
1836433          32.0        
1836433.batch    32.0    20.2

GPU usage stats:
Job 1836433 completed at Wed Jul 30 23:48:31 CEST 2025
