Starting job 1853810 on gpu-12 on fox at Wed Aug 13 14:45:24 CEST 2025

2025-08-13 14:45:45,774: Argument CI: False
2025-08-13 14:45:45,774: Argument all_landmarks: True
2025-08-13 14:45:45,774: Argument batch_size: 8
2025-08-13 14:45:45,774: Argument cache_dir: '/cluster/work/projects/ec12/michechi/cache'
2025-08-13 14:45:45,774: Argument early: 'loss'
2025-08-13 14:45:45,774: Argument epochs: 20
2025-08-13 14:45:45,774: Argument gradient_accumulation_steps: 1
2025-08-13 14:45:45,775: Argument input_csv: '/fp/homes01/u01/ec-michelec/MIMICIV/data/splitted/splitted/landmark_df_evo.csv'
2025-08-13 14:45:45,775: Argument lr: 2e-05
2025-08-13 14:45:45,775: Argument max_length: 512
2025-08-13 14:45:45,775: Argument max_visits: 4
2025-08-13 14:45:45,775: Argument model_name: 'Charangan/MedBERT'
2025-08-13 14:45:45,775: Argument model_type: 'medical'
2025-08-13 14:45:45,775: Argument patience: 1
2025-08-13 14:45:45,775: Argument peft: False
2025-08-13 14:45:45,775: Argument prompt_type: 'naive'
2025-08-13 14:45:45,775: Argument seed: 4550
2025-08-13 14:45:45,775: Argument test_csv: '/fp/homes01/u01/ec-michelec/MIMICIV/data/splitted/splitted/landmark_evo_test_dod.csv'
2025-08-13 14:45:45,775: Argument train_csv: '/fp/homes01/u01/ec-michelec/MIMICIV/data/splitted/splitted/landmark_evo_train_dod.csv'
2025-08-13 14:45:45,775: Argument use_quantization: False
2025-08-13 14:45:45,775: Argument val_csv: '/fp/homes01/u01/ec-michelec/MIMICIV/data/splitted/splitted/landmark_evo_vali_dod.csv'
2025-08-13 14:45:45,775: Argument when_counting_death: 'landmark'
2025-08-13 14:45:45,805: Using prompt type: naive
/fp/homes01/u01/ec-michelec/MIMICIV/src/Finetuning_rfct.py:79: DtypeWarning: Columns (16,17,18,19) have mixed types. Specify dtype option on import or set low_memory=False.
  full_train_df = pd.read_csv(args.train_csv, na_values=['', 'None', 'NaN', 'na', 'nan']).fillna('')
/fp/homes01/u01/ec-michelec/MIMICIV/src/Finetuning_rfct.py:81: DtypeWarning: Columns (16,17,18,19) have mixed types. Specify dtype option on import or set low_memory=False.
  full_test_df = pd.read_csv(args.test_csv, na_values=['', 'None', 'NaN', 'na', 'nan']).fillna('')
2025-08-13 14:46:23,199: Processing all landmarks from 1 to 4
2025-08-13 14:46:23,199: Preparing data for Landmark 1
/fp/projects01/ec30/software/easybuild/software/nlpl-pytorch/2.1.2-foss-2022b-cuda-12.0.0-Python-3.10.8/lib/python3.10/site-packages/torch/_utils.py:831: UserWarning: TypedStorage is deprecated. It will be removed in the future and UntypedStorage will be the only storage class. This should only matter to you if you are using storages directly.  To access UntypedStorage directly, use tensor.untyped_storage() instead of tensor.storage()
  return self.fget.__get__(instance, owner)()
Some weights of BertForSequenceClassification were not initialized from the model checkpoint at Charangan/MedBERT and are newly initialized: ['classifier.bias', 'classifier.weight']
You should probably TRAIN this model on a down-stream task to be able to use it for predictions and inference.
2025-08-13 14:46:27,334: Example train text: Based on this information, what is the probability of mortality within 90 days?
Patient is a 43-year-old F. This is the patient history till visit 1.
During visit 1:
	Diagnosis: Diverticulitis of colon (without mention of hemorrhage); Acute kidney failure, unspecified; Abscess of intestine; Other postoperative infection; Cellulitis and abscess of trunk; Methicillin susceptible Staphylococcus aureus in conditions classified elsewhere and of unspecified site; Removal of other organ (partial) (total) causing abnormal patient reaction, or later complication, without mention of misadventure at time of operation; Hypovolemia; Nausea with vomiting
	Medications: NS; Potassium Chloride; OxycoDONE (Immediate Release) ; Magnesium Citrate; SW; Magnesium Sulfate; Prochlorperazine; Lorazepam; HYDROmorphone (Dilaudid); Iso-Osmotic Dextrose; Piperacillin-Tazobactam Na; Potassium Chl 20 mEq / 1000 mL D5 1/2 NS; Insulin; LR; Acetaminophen; Ondansetron; Ketorolac; OxycoDONE-Acetaminophen Elixir; Sodium Chloride 0.9%  Flush; Docusate Sodium; Hydrocodone-Acetaminophen; D5W; Clindamycin; Fluticasone Propionate NASAL; Ciprofloxacin; Pantoprazole; Metoclopramide; Calcium Carbonate; Vancomycin; Cephalexin; Heparin; Bupivacaine 0.5%; Promethazine HCl; D5 1/2NS; Hydrocortisone (Rectal) 2.5% Cream; Morphine Sulfate; Escitalopram Oxalate; Maalox/Diphenhydramine/Lidocaine; Nafcillin; HydrOXYzine; MetRONIDAZOLE (FLagyl); Ibuprofen
	Procedures: Open and other sigmoidectomy
2025-08-13 14:46:27,408: Average train text length: 134.64 words
2025-08-13 14:46:27,408: Average validation text length: 138.88 words
2025-08-13 14:46:27,408: Average test text length: 135.93 words
2025-08-13 14:46:27,408: Training on 8040 samples, validating on 894, testing on 2234 samples
2025-08-13 14:46:34,160: Fine-tuning at Landmark 1
2025-08-13 14:46:34,525: Early stopping criterion: loss
2025-08-13 14:49:08,461: Landmark 1 | Epoch 1/20 | Train Loss: 0.1615 | Val Loss: 0.0619 | Validation AUC: 0.8377 | F1-Score: 0.0000
2025-08-13 14:49:08,831: New best model saved at /cluster/work/projects/ec12/michechi/cache/best/best_model_Charangan_MedBERT_4550_landmark1_naive_4_512_landmark_all_landmarks_True_20250813_144634_.pt with AUC: 0.8377, F1: 0.0000, Val Loss: 0.0619
2025-08-13 14:51:42,683: Landmark 1 | Epoch 2/20 | Train Loss: 0.0675 | Val Loss: 0.0563 | Validation AUC: 0.8936 | F1-Score: 0.0000
2025-08-13 14:51:43,033: New best model saved at /cluster/work/projects/ec12/michechi/cache/best/best_model_Charangan_MedBERT_4550_landmark1_naive_4_512_landmark_all_landmarks_True_20250813_144634_.pt with AUC: 0.8936, F1: 0.0000, Val Loss: 0.0563
2025-08-13 14:54:16,875: Landmark 1 | Epoch 3/20 | Train Loss: 0.0605 | Val Loss: 0.0589 | Validation AUC: 0.8542 | F1-Score: 0.0000
2025-08-13 14:54:16,875: No improvement in epoch 3. Current best AUC: 0.8936, F1: 0.0000, Val Loss: 0.0563. Epochs without improvement: 1/1
2025-08-13 14:54:16,875: Early stopping triggered at epoch 3. Best AUC: 0.8936, F1: 0.0000, Val Loss: 0.0563
2025-08-13 14:54:17,161: Tempo impiegato per Landmark 1: 463.0 secondi
2025-08-13 14:54:17,161: Tempo medio per epoca: 154.3 secondi
2025-08-13 14:54:17,163: Loading best model from /cluster/work/projects/ec12/michechi/cache/best/best_model_Charangan_MedBERT_4550_landmark1_naive_4_512_landmark_all_landmarks_True_20250813_144634_.pt for final evaluation on test set
2025-08-13 14:54:30,016: Final Test AUC (Landmark 1): 0.8633 | Test F1-Score: 0.0000
2025-08-13 14:54:30,016: Preparing data for Landmark 2
Using device: cuda
Some weights of BertForSequenceClassification were not initialized from the model checkpoint at Charangan/MedBERT and are newly initialized: ['classifier.bias', 'classifier.weight']
You should probably TRAIN this model on a down-stream task to be able to use it for predictions and inference.
2025-08-13 14:54:37,168: Example train text: Based on this information, what is the probability of mortality within 90 days?
Patient is a 43-year-old F. This is the patient history till visit 2.
During visit 1:
	Diagnosis: Diverticulitis of colon (without mention of hemorrhage); Acute kidney failure, unspecified; Abscess of intestine; Other postoperative infection; Cellulitis and abscess of trunk; Methicillin susceptible Staphylococcus aureus in conditions classified elsewhere and of unspecified site; Removal of other organ (partial) (total) causing abnormal patient reaction, or later complication, without mention of misadventure at time of operation; Hypovolemia; Nausea with vomiting
	Medications: NS; Potassium Chloride; OxycoDONE (Immediate Release) ; Magnesium Citrate; SW; Magnesium Sulfate; Prochlorperazine; Lorazepam; HYDROmorphone (Dilaudid); Iso-Osmotic Dextrose; Piperacillin-Tazobactam Na; Potassium Chl 20 mEq / 1000 mL D5 1/2 NS; Insulin; LR; Acetaminophen; Ondansetron; Ketorolac; OxycoDONE-Acetaminophen Elixir; Sodium Chloride 0.9%  Flush; Docusate Sodium; Hydrocodone-Acetaminophen; D5W; Clindamycin; Fluticasone Propionate NASAL; Ciprofloxacin; Pantoprazole; Metoclopramide; Calcium Carbonate; Vancomycin; Cephalexin; Heparin; Bupivacaine 0.5%; Promethazine HCl; D5 1/2NS; Hydrocortisone (Rectal) 2.5% Cream; Morphine Sulfate; Escitalopram Oxalate; Maalox/Diphenhydramine/Lidocaine; Nafcillin; HydrOXYzine; MetRONIDAZOLE (FLagyl); Ibuprofen
	Procedures: Open and other sigmoidectomy
During visit 2:
	Diagnosis: Esophageal reflux; Diverticulosis of colon (without mention of hemorrhage); Other specified aftercare following surgery
	Medications: LR; Ranitidine; Acetaminophen; Escitalopram Oxalate; Promethazine; Heparin; Ondansetron ODT; Potassium Chl 20 mEq / 1000 mL D5 1/2 NS; Pantoprazole; Sodium Chloride 0.9%  Flush; Fluticasone Propionate NASAL; Ondansetron
	Procedures: 
2025-08-13 14:54:37,303: Average train text length: 248.48 words
2025-08-13 14:54:37,303: Average validation text length: 253.32 words
2025-08-13 14:54:37,303: Average test text length: 249.70 words
2025-08-13 14:54:37,303: Training on 8040 samples, validating on 894, testing on 2234 samples
2025-08-13 14:54:50,227: Fine-tuning at Landmark 2
2025-08-13 14:54:50,236: Early stopping criterion: loss
2025-08-13 14:57:24,043: Landmark 2 | Epoch 1/20 | Train Loss: 0.2331 | Val Loss: 0.1364 | Validation AUC: 0.7745 | F1-Score: 0.0000
2025-08-13 14:57:24,395: New best model saved at /cluster/work/projects/ec12/michechi/cache/best/best_model_Charangan_MedBERT_4550_landmark2_naive_4_512_landmark_all_landmarks_True_20250813_145450_.pt with AUC: 0.7745, F1: 0.0000, Val Loss: 0.1364
2025-08-13 14:59:58,338: Landmark 2 | Epoch 2/20 | Train Loss: 0.1573 | Val Loss: 0.1281 | Validation AUC: 0.8083 | F1-Score: 0.0000
2025-08-13 14:59:58,684: New best model saved at /cluster/work/projects/ec12/michechi/cache/best/best_model_Charangan_MedBERT_4550_landmark2_naive_4_512_landmark_all_landmarks_True_20250813_145450_.pt with AUC: 0.8083, F1: 0.0000, Val Loss: 0.1281
2025-08-13 15:02:32,642: Landmark 2 | Epoch 3/20 | Train Loss: 0.1482 | Val Loss: 0.1293 | Validation AUC: 0.8318 | F1-Score: 0.0000
2025-08-13 15:02:32,642: No improvement in epoch 3. Current best AUC: 0.8083, F1: 0.0000, Val Loss: 0.1281. Epochs without improvement: 1/1
2025-08-13 15:02:32,642: Early stopping triggered at epoch 3. Best AUC: 0.8083, F1: 0.0000, Val Loss: 0.1281
2025-08-13 15:02:32,899: Tempo impiegato per Landmark 2: 462.7 secondi
2025-08-13 15:02:32,900: Tempo medio per epoca: 154.2 secondi
2025-08-13 15:02:32,901: Loading best model from /cluster/work/projects/ec12/michechi/cache/best/best_model_Charangan_MedBERT_4550_landmark2_naive_4_512_landmark_all_landmarks_True_20250813_145450_.pt for final evaluation on test set
2025-08-13 15:02:45,628: Final Test AUC (Landmark 2): 0.8439 | Test F1-Score: 0.0000
2025-08-13 15:02:45,629: Preparing data for Landmark 3
Using device: cuda
Some weights of BertForSequenceClassification were not initialized from the model checkpoint at Charangan/MedBERT and are newly initialized: ['classifier.bias', 'classifier.weight']
You should probably TRAIN this model on a down-stream task to be able to use it for predictions and inference.
2025-08-13 15:02:56,173: Example train text: Based on this information, what is the probability of mortality within 90 days?
Patient is a 46-year-old F. This is the patient history till visit 3.
During visit 1:
	Diagnosis: Diverticulitis of colon (without mention of hemorrhage); Acute kidney failure, unspecified; Abscess of intestine; Other postoperative infection; Cellulitis and abscess of trunk; Methicillin susceptible Staphylococcus aureus in conditions classified elsewhere and of unspecified site; Removal of other organ (partial) (total) causing abnormal patient reaction, or later complication, without mention of misadventure at time of operation; Hypovolemia; Nausea with vomiting
	Medications: NS; Potassium Chloride; OxycoDONE (Immediate Release) ; Magnesium Citrate; SW; Magnesium Sulfate; Prochlorperazine; Lorazepam; HYDROmorphone (Dilaudid); Iso-Osmotic Dextrose; Piperacillin-Tazobactam Na; Potassium Chl 20 mEq / 1000 mL D5 1/2 NS; Insulin; LR; Acetaminophen; Ondansetron; Ketorolac; OxycoDONE-Acetaminophen Elixir; Sodium Chloride 0.9%  Flush; Docusate Sodium; Hydrocodone-Acetaminophen; D5W; Clindamycin; Fluticasone Propionate NASAL; Ciprofloxacin; Pantoprazole; Metoclopramide; Calcium Carbonate; Vancomycin; Cephalexin; Heparin; Bupivacaine 0.5%; Promethazine HCl; D5 1/2NS; Hydrocortisone (Rectal) 2.5% Cream; Morphine Sulfate; Escitalopram Oxalate; Maalox/Diphenhydramine/Lidocaine; Nafcillin; HydrOXYzine; MetRONIDAZOLE (FLagyl); Ibuprofen
	Procedures: Open and other sigmoidectomy
During visit 2:
	Diagnosis: Esophageal reflux; Diverticulosis of colon (without mention of hemorrhage); Other specified aftercare following surgery
	Medications: LR; Ranitidine; Acetaminophen; Escitalopram Oxalate; Promethazine; Heparin; Ondansetron ODT; Potassium Chl 20 mEq / 1000 mL D5 1/2 NS; Pantoprazole; Sodium Chloride 0.9%  Flush; Fluticasone Propionate NASAL; Ondansetron
	Procedures: 
During visit 3:
	Diagnosis: Chest pain, unspecified; Orthostatic hypotension
	Medications: 
	Procedures: 
2025-08-13 15:02:56,372: Average train text length: 369.00 words
2025-08-13 15:02:56,372: Average validation text length: 374.02 words
2025-08-13 15:02:56,372: Average test text length: 368.87 words
2025-08-13 15:02:56,372: Training on 8040 samples, validating on 894, testing on 2234 samples
2025-08-13 15:03:15,196: Fine-tuning at Landmark 3
2025-08-13 15:03:15,202: Early stopping criterion: loss
2025-08-13 15:05:44,937: Landmark 3 | Epoch 1/20 | Train Loss: 0.3507 | Val Loss: 0.2698 | Validation AUC: 0.7982 | F1-Score: 0.0000
2025-08-13 15:05:45,262: New best model saved at /cluster/work/projects/ec12/michechi/cache/best/best_model_Charangan_MedBERT_4550_landmark3_naive_4_512_landmark_all_landmarks_True_20250813_150315_.pt with AUC: 0.7982, F1: 0.0000, Val Loss: 0.2698
2025-08-13 15:08:15,489: Landmark 3 | Epoch 2/20 | Train Loss: 0.2731 | Val Loss: 0.2756 | Validation AUC: 0.8104 | F1-Score: 0.1237
2025-08-13 15:08:15,489: No improvement in epoch 2. Current best AUC: 0.7982, F1: 0.0000, Val Loss: 0.2698. Epochs without improvement: 1/1
2025-08-13 15:08:15,489: Early stopping triggered at epoch 2. Best AUC: 0.7982, F1: 0.0000, Val Loss: 0.2698
2025-08-13 15:08:15,753: Tempo impiegato per Landmark 3: 300.6 secondi
2025-08-13 15:08:15,754: Tempo medio per epoca: 150.3 secondi
2025-08-13 15:08:15,755: Loading best model from /cluster/work/projects/ec12/michechi/cache/best/best_model_Charangan_MedBERT_4550_landmark3_naive_4_512_landmark_all_landmarks_True_20250813_150315_.pt for final evaluation on test set
2025-08-13 15:08:27,714: Final Test AUC (Landmark 3): 0.8157 | Test F1-Score: 0.0000
2025-08-13 15:08:27,714: Preparing data for Landmark 4
Using device: cuda
Some weights of BertForSequenceClassification were not initialized from the model checkpoint at Charangan/MedBERT and are newly initialized: ['classifier.bias', 'classifier.weight']
You should probably TRAIN this model on a down-stream task to be able to use it for predictions and inference.
2025-08-13 15:08:45,291: Example train text: Based on this information, what is the probability of mortality within 90 days?
Patient is a 47-year-old F. This is the patient history till visit 4.
During visit 1:
	Diagnosis: Diverticulitis of colon (without mention of hemorrhage); Acute kidney failure, unspecified; Abscess of intestine; Other postoperative infection; Cellulitis and abscess of trunk; Methicillin susceptible Staphylococcus aureus in conditions classified elsewhere and of unspecified site; Removal of other organ (partial) (total) causing abnormal patient reaction, or later complication, without mention of misadventure at time of operation; Hypovolemia; Nausea with vomiting
	Medications: NS; Potassium Chloride; OxycoDONE (Immediate Release) ; Magnesium Citrate; SW; Magnesium Sulfate; Prochlorperazine; Lorazepam; HYDROmorphone (Dilaudid); Iso-Osmotic Dextrose; Piperacillin-Tazobactam Na; Potassium Chl 20 mEq / 1000 mL D5 1/2 NS; Insulin; LR; Acetaminophen; Ondansetron; Ketorolac; OxycoDONE-Acetaminophen Elixir; Sodium Chloride 0.9%  Flush; Docusate Sodium; Hydrocodone-Acetaminophen; D5W; Clindamycin; Fluticasone Propionate NASAL; Ciprofloxacin; Pantoprazole; Metoclopramide; Calcium Carbonate; Vancomycin; Cephalexin; Heparin; Bupivacaine 0.5%; Promethazine HCl; D5 1/2NS; Hydrocortisone (Rectal) 2.5% Cream; Morphine Sulfate; Escitalopram Oxalate; Maalox/Diphenhydramine/Lidocaine; Nafcillin; HydrOXYzine; MetRONIDAZOLE (FLagyl); Ibuprofen
	Procedures: Open and other sigmoidectomy
During visit 2:
	Diagnosis: Esophageal reflux; Diverticulosis of colon (without mention of hemorrhage); Other specified aftercare following surgery
	Medications: LR; Ranitidine; Acetaminophen; Escitalopram Oxalate; Promethazine; Heparin; Ondansetron ODT; Potassium Chl 20 mEq / 1000 mL D5 1/2 NS; Pantoprazole; Sodium Chloride 0.9%  Flush; Fluticasone Propionate NASAL; Ondansetron
	Procedures: 
During visit 3:
	Diagnosis: Chest pain, unspecified; Orthostatic hypotension
	Medications: 
	Procedures: 
During visit 4:
	Diagnosis: Other specified disorders of intestine; Ulceration of intestine; Other and unspecified ovarian cyst; Diverticulosis of colon (without mention of hemorrhage); Intestinal bypass or anastomosis status; Anxiety state, unspecified; Esophageal reflux
	Medications: Ondansetron ODT; Calcium Carbonate; Senna; Vitamin D; Omeprazole; HYDROmorphone (Dilaudid); Desitin; 0.45% Sodium Chloride; Acetaminophen; 0.9% Sodium Chloride; Docusate Sodium; Lorazepam; Multivitamins; Influenza Virus Vaccine; Golytely; Neutra-Phos; Escitalopram Oxalate; Sodium Chloride 0.9%  Flush; Fish Oil (Omega 3); Fluticasone Propionate NASAL; Heparin; Ondansetron; Naproxen; Ranitidine; Ketorolac
	Procedures: Closed [endoscopic] biopsy of large intestine
2025-08-13 15:08:45,562: Average train text length: 502.40 words
2025-08-13 15:08:45,562: Average validation text length: 507.15 words
2025-08-13 15:08:45,562: Average test text length: 502.74 words
2025-08-13 15:08:45,562: Training on 8040 samples, validating on 894, testing on 2234 samples
2025-08-13 15:09:11,299: Fine-tuning at Landmark 4
2025-08-13 15:09:11,305: Early stopping criterion: loss
2025-08-13 15:11:36,492: Landmark 4 | Epoch 1/20 | Train Loss: 0.4791 | Val Loss: 0.4121 | Validation AUC: 0.7823 | F1-Score: 0.4111
2025-08-13 15:11:36,832: New best model saved at /cluster/work/projects/ec12/michechi/cache/best/best_model_Charangan_MedBERT_4550_landmark4_naive_4_512_landmark_all_landmarks_True_20250813_150911_.pt with AUC: 0.7823, F1: 0.4111, Val Loss: 0.4121
2025-08-13 15:14:02,208: Landmark 4 | Epoch 2/20 | Train Loss: 0.3967 | Val Loss: 0.3886 | Validation AUC: 0.8238 | F1-Score: 0.4917
2025-08-13 15:14:02,536: New best model saved at /cluster/work/projects/ec12/michechi/cache/best/best_model_Charangan_MedBERT_4550_landmark4_naive_4_512_landmark_all_landmarks_True_20250813_150911_.pt with AUC: 0.8238, F1: 0.4917, Val Loss: 0.3886
2025-08-13 15:16:28,022: Landmark 4 | Epoch 3/20 | Train Loss: 0.3661 | Val Loss: 0.3548 | Validation AUC: 0.8436 | F1-Score: 0.4304
2025-08-13 15:16:28,358: New best model saved at /cluster/work/projects/ec12/michechi/cache/best/best_model_Charangan_MedBERT_4550_landmark4_naive_4_512_landmark_all_landmarks_True_20250813_150911_.pt with AUC: 0.8436, F1: 0.4304, Val Loss: 0.3548
2025-08-13 15:18:53,957: Landmark 4 | Epoch 4/20 | Train Loss: 0.3349 | Val Loss: 0.3879 | Validation AUC: 0.8191 | F1-Score: 0.4483
2025-08-13 15:18:53,957: No improvement in epoch 4. Current best AUC: 0.8436, F1: 0.4304, Val Loss: 0.3548. Epochs without improvement: 1/1
2025-08-13 15:18:53,957: Early stopping triggered at epoch 4. Best AUC: 0.8436, F1: 0.4304, Val Loss: 0.3548
2025-08-13 15:18:54,291: Tempo impiegato per Landmark 4: 583.0 secondi
2025-08-13 15:18:54,291: Tempo medio per epoca: 145.7 secondi
2025-08-13 15:18:54,293: Loading best model from /cluster/work/projects/ec12/michechi/cache/best/best_model_Charangan_MedBERT_4550_landmark4_naive_4_512_landmark_all_landmarks_True_20250813_150911_.pt for final evaluation on test set
2025-08-13 15:19:05,368: Final Test AUC (Landmark 4): 0.8129 | Test F1-Score: 0.3322
2025-08-13 15:19:05,369: Saving results to results_medical_True_Charangan_MedBERT_landmark_visits4_4550_512_naive_20250813_151905.csv
Using device: cuda
   Landmark Val AUC  ... Validation Loss Training Time (s)
0         1  0.8936  ...          0.0563             463.0
1         2  0.8083  ...          0.1281             462.7
2         3  0.7982  ...          0.2698             300.6
3         4  0.8436  ...          0.3548             583.0

[4 rows x 9 columns]

Job 1853810 consumed 10.7 billing hours from project ec12.

Submitted 2025-08-13T14:45:15; waited 9.0 seconds in the queue after becoming eligible to run.

Requested wallclock time: 6.0 hours
Elapsed wallclock time:   33.8 minutes

Job exited normally.

Task and CPU statistics:
ID             CPUs  Tasks  CPU util                Start   Elapsed  Exit status
1853810          16            0.0 %  2025-08-13T14:45:24  2026.0 s  0
1853810.batch    16      1     6.2 %  2025-08-13T14:45:24  2026.0 s  0

Used CPU time:   33.5 CPU minutes
Unused CPU time: 8.4 CPU hours

Memory statistics, in GiB:
ID              Alloc   Usage
1853810          32.0        
1853810.batch    32.0    10.7

Job 1853810 completed at Wed Aug 13 15:19:10 CEST 2025
