Starting job 1853646 on gpu-9 on fox at Wed Aug 13 12:12:15 CEST 2025

2025-08-13 12:12:57,517: Argument CI: False
2025-08-13 12:12:57,518: Argument all_landmarks: True
2025-08-13 12:12:57,518: Argument batch_size: 8
2025-08-13 12:12:57,518: Argument cache_dir: '/cluster/work/projects/ec12/michechi/cache'
2025-08-13 12:12:57,518: Argument early: 'loss'
2025-08-13 12:12:57,518: Argument epochs: 20
2025-08-13 12:12:57,518: Argument gradient_accumulation_steps: 1
2025-08-13 12:12:57,518: Argument input_csv: '/fp/homes01/u01/ec-michelec/MIMICIV/data/splitted/splitted/landmark_df_evo.csv'
2025-08-13 12:12:57,518: Argument lr: 2e-05
2025-08-13 12:12:57,518: Argument max_length: 512
2025-08-13 12:12:57,518: Argument max_visits: 4
2025-08-13 12:12:57,518: Argument model_name: 'Charangan/MedBERT'
2025-08-13 12:12:57,518: Argument model_type: 'medical'
2025-08-13 12:12:57,518: Argument patience: 1
2025-08-13 12:12:57,518: Argument peft: False
2025-08-13 12:12:57,518: Argument prompt_type: 'compact_no_time_rnd'
2025-08-13 12:12:57,518: Argument seed: 4550
2025-08-13 12:12:57,518: Argument test_csv: '/fp/homes01/u01/ec-michelec/MIMICIV/data/splitted/splitted/landmark_evo_test_dod.csv'
2025-08-13 12:12:57,518: Argument train_csv: '/fp/homes01/u01/ec-michelec/MIMICIV/data/splitted/splitted/landmark_evo_train_dod.csv'
2025-08-13 12:12:57,518: Argument use_quantization: False
2025-08-13 12:12:57,518: Argument val_csv: '/fp/homes01/u01/ec-michelec/MIMICIV/data/splitted/splitted/landmark_evo_vali_dod.csv'
2025-08-13 12:12:57,518: Argument when_counting_death: 'last_visit'
2025-08-13 12:12:57,616: Using prompt type: compact_no_time_rnd
/fp/homes01/u01/ec-michelec/MIMICIV/src/Finetuning_rfct.py:79: DtypeWarning: Columns (16,17,18,19) have mixed types. Specify dtype option on import or set low_memory=False.
  full_train_df = pd.read_csv(args.train_csv, na_values=['', 'None', 'NaN', 'na', 'nan']).fillna('')
/fp/homes01/u01/ec-michelec/MIMICIV/src/Finetuning_rfct.py:81: DtypeWarning: Columns (16,17,18,19) have mixed types. Specify dtype option on import or set low_memory=False.
  full_test_df = pd.read_csv(args.test_csv, na_values=['', 'None', 'NaN', 'na', 'nan']).fillna('')
2025-08-13 12:13:35,815: Processing all landmarks from 1 to 4
2025-08-13 12:13:35,815: Preparing data for Landmark 1
/fp/projects01/ec30/software/easybuild/software/nlpl-pytorch/2.1.2-foss-2022b-cuda-12.0.0-Python-3.10.8/lib/python3.10/site-packages/torch/_utils.py:831: UserWarning: TypedStorage is deprecated. It will be removed in the future and UntypedStorage will be the only storage class. This should only matter to you if you are using storages directly.  To access UntypedStorage directly, use tensor.untyped_storage() instead of tensor.storage()
  return self.fget.__get__(instance, owner)()
Some weights of BertForSequenceClassification were not initialized from the model checkpoint at Charangan/MedBERT and are newly initialized: ['classifier.bias', 'classifier.weight']
You should probably TRAIN this model on a down-stream task to be able to use it for predictions and inference.
2025-08-13 12:13:42,372: Example train text: You are a Doctor.
What is the probability of death in the next 90 days for 43-year-old F patient?
Visit type: EMERGENCY

DIAGNOSIS HISTORY:
Diagnoses: Cellulitis and abscess of trunk; Other postoperative infection; Nausea with vomiting; Hypovolemia; Abscess of intestine; Diverticulitis of colon (without mention of hemorrhage); Removal of other organ (partial) (total) causing abnormal patient reaction, or later complication, without mention of misadventure at time of operation; Methicillin susceptible Staphylococcus aureus in conditions classified elsewhere and of unspecified site; Acute kidney failure, unspecified.
PRESCRIPTIONS HISTORY:
Medications: Acetaminophen; NS; Magnesium Citrate; Sodium Chloride 0.9%  Flush; MetRONIDAZOLE (FLagyl); Ondansetron; Hydrocodone-Acetaminophen; Docusate Sodium; D5W; HYDROmorphone (Dilaudid); Vancomycin; Iso-Osmotic Dextrose; Ketorolac; Cephalexin; OxycoDONE (Immediate Release) ; Fluticasone Propionate NASAL; D5 1/2NS; Magnesium Sulfate; Morphine Sulfate; Clindamycin; SW; OxycoDONE-Acetaminophen Elixir; Ciprofloxacin; HydrOXYzine; Maalox/Diphenhydramine/Lidocaine; Potassium Chloride; LR; Promethazine HCl; Metoclopramide; Heparin; Pantoprazole; Potassium Chl 20 mEq / 1000 mL D5 1/2 NS; Insulin; Piperacillin-Tazobactam Na; Lorazepam; Ibuprofen; Hydrocortisone (Rectal) 2.5% Cream; Prochlorperazine; Bupivacaine 0.5%; Calcium Carbonate; Escitalopram Oxalate; Nafcillin.
PROCEDURES HISTORY:
Procedures: Open and other sigmoidectomy.
2025-08-13 12:13:42,448: Average train text length: 134.15 words
2025-08-13 12:13:42,448: Average validation text length: 138.37 words
2025-08-13 12:13:42,448: Average test text length: 135.44 words
2025-08-13 12:13:42,448: Training on 8040 samples, validating on 894, testing on 2234 samples
2025-08-13 12:13:49,568: Fine-tuning at Landmark 1
2025-08-13 12:13:51,348: Early stopping criterion: loss
2025-08-13 12:15:02,947: Landmark 1 | Epoch 1/20 | Train Loss: 0.5035 | Val Loss: 0.4023 | Validation AUC: 0.7835 | F1-Score: 0.3630
2025-08-13 12:15:03,267: New best model saved at /cluster/work/projects/ec12/michechi/cache/best/best_model_Charangan_MedBERT_4550_landmark1_compact_no_time_rnd_4_512_last_visit_all_landmarks_True_20250813_121351_.pt with AUC: 0.7835, F1: 0.3630, Val Loss: 0.4023
2025-08-13 12:16:14,893: Landmark 1 | Epoch 2/20 | Train Loss: 0.4180 | Val Loss: 0.4005 | Validation AUC: 0.8187 | F1-Score: 0.4957
2025-08-13 12:16:15,301: New best model saved at /cluster/work/projects/ec12/michechi/cache/best/best_model_Charangan_MedBERT_4550_landmark1_compact_no_time_rnd_4_512_last_visit_all_landmarks_True_20250813_121351_.pt with AUC: 0.8187, F1: 0.4957, Val Loss: 0.4005
2025-08-13 12:17:27,013: Landmark 1 | Epoch 3/20 | Train Loss: 0.3858 | Val Loss: 0.3780 | Validation AUC: 0.8201 | F1-Score: 0.3290
2025-08-13 12:17:27,398: New best model saved at /cluster/work/projects/ec12/michechi/cache/best/best_model_Charangan_MedBERT_4550_landmark1_compact_no_time_rnd_4_512_last_visit_all_landmarks_True_20250813_121351_.pt with AUC: 0.8201, F1: 0.3290, Val Loss: 0.3780
2025-08-13 12:18:39,105: Landmark 1 | Epoch 4/20 | Train Loss: 0.3605 | Val Loss: 0.3928 | Validation AUC: 0.8116 | F1-Score: 0.4625
2025-08-13 12:18:39,105: No improvement in epoch 4. Current best AUC: 0.8201, F1: 0.3290, Val Loss: 0.3780. Epochs without improvement: 1/1
2025-08-13 12:18:39,105: Early stopping triggered at epoch 4. Best AUC: 0.8201, F1: 0.3290, Val Loss: 0.3780
2025-08-13 12:18:39,384: Tempo impiegato per Landmark 1: 289.8 secondi
2025-08-13 12:18:39,384: Tempo medio per epoca: 72.5 secondi
2025-08-13 12:18:39,386: Loading best model from /cluster/work/projects/ec12/michechi/cache/best/best_model_Charangan_MedBERT_4550_landmark1_compact_no_time_rnd_4_512_last_visit_all_landmarks_True_20250813_121351_.pt for final evaluation on test set
2025-08-13 12:18:45,518: Final Test AUC (Landmark 1): 0.7841 | Test F1-Score: 0.2447
2025-08-13 12:18:45,519: Preparing data for Landmark 2
Using device: cuda
Some weights of BertForSequenceClassification were not initialized from the model checkpoint at Charangan/MedBERT and are newly initialized: ['classifier.bias', 'classifier.weight']
You should probably TRAIN this model on a down-stream task to be able to use it for predictions and inference.
2025-08-13 12:18:51,910: Example train text: You are a Doctor.
What is the probability of death in the next 90 days for 43-year-old F patient?
Visit type: EMERGENCY

DIAGNOSIS HISTORY:
Diagnoses: Other specified aftercare following surgery; Diverticulosis of colon (without mention of hemorrhage); Esophageal reflux.
PRESCRIPTIONS HISTORY:
Medications: Acetaminophen; Sodium Chloride 0.9%  Flush; LR; Fluticasone Propionate NASAL; Pantoprazole; Ondansetron ODT; Promethazine; Escitalopram Oxalate; Potassium Chl 20 mEq / 1000 mL D5 1/2 NS; Ondansetron; Heparin; Ranitidine.
PROCEDURES HISTORY:
Procedures: .
2025-08-13 12:18:51,988: Average train text length: 139.42 words
2025-08-13 12:18:51,989: Average validation text length: 140.03 words
2025-08-13 12:18:51,989: Average test text length: 139.35 words
2025-08-13 12:18:51,989: Training on 8040 samples, validating on 894, testing on 2234 samples
2025-08-13 12:18:59,805: Fine-tuning at Landmark 2
2025-08-13 12:18:59,811: Early stopping criterion: loss
2025-08-13 12:20:11,513: Landmark 2 | Epoch 1/20 | Train Loss: 0.4862 | Val Loss: 0.4092 | Validation AUC: 0.7769 | F1-Score: 0.3598
2025-08-13 12:20:11,884: New best model saved at /cluster/work/projects/ec12/michechi/cache/best/best_model_Charangan_MedBERT_4550_landmark2_compact_no_time_rnd_4_512_last_visit_all_landmarks_True_20250813_121859_.pt with AUC: 0.7769, F1: 0.3598, Val Loss: 0.4092
2025-08-13 12:21:23,445: Landmark 2 | Epoch 2/20 | Train Loss: 0.4040 | Val Loss: 0.3646 | Validation AUC: 0.8362 | F1-Score: 0.4800
2025-08-13 12:21:23,775: New best model saved at /cluster/work/projects/ec12/michechi/cache/best/best_model_Charangan_MedBERT_4550_landmark2_compact_no_time_rnd_4_512_last_visit_all_landmarks_True_20250813_121859_.pt with AUC: 0.8362, F1: 0.4800, Val Loss: 0.3646
2025-08-13 12:22:35,550: Landmark 2 | Epoch 3/20 | Train Loss: 0.3700 | Val Loss: 0.3699 | Validation AUC: 0.8274 | F1-Score: 0.2524
2025-08-13 12:22:35,550: No improvement in epoch 3. Current best AUC: 0.8362, F1: 0.4800, Val Loss: 0.3646. Epochs without improvement: 1/1
2025-08-13 12:22:35,550: Early stopping triggered at epoch 3. Best AUC: 0.8362, F1: 0.4800, Val Loss: 0.3646
2025-08-13 12:22:35,803: Tempo impiegato per Landmark 2: 216.0 secondi
2025-08-13 12:22:35,803: Tempo medio per epoca: 72.0 secondi
2025-08-13 12:22:35,805: Loading best model from /cluster/work/projects/ec12/michechi/cache/best/best_model_Charangan_MedBERT_4550_landmark2_compact_no_time_rnd_4_512_last_visit_all_landmarks_True_20250813_121859_.pt for final evaluation on test set
2025-08-13 12:22:41,903: Final Test AUC (Landmark 2): 0.8048 | Test F1-Score: 0.4058
2025-08-13 12:22:41,903: Preparing data for Landmark 3
Using device: cuda
Some weights of BertForSequenceClassification were not initialized from the model checkpoint at Charangan/MedBERT and are newly initialized: ['classifier.bias', 'classifier.weight']
You should probably TRAIN this model on a down-stream task to be able to use it for predictions and inference.
2025-08-13 12:22:48,735: Example train text: You are a Doctor.
What is the probability of death in the next 90 days for 46-year-old F patient?
Visit type: NORMAL

DIAGNOSIS HISTORY:
Diagnoses: Orthostatic hypotension; Chest pain, unspecified.
PRESCRIPTIONS HISTORY:
Medications: Pantoprazole; Heparin; Sodium Chloride 0.9%  Flush; Ondansetron; Potassium Chl 20 mEq / 1000 mL D5 1/2 NS; Escitalopram Oxalate; Acetaminophen; LR; Fluticasone Propionate NASAL; .
PROCEDURES HISTORY:
Procedures: .
2025-08-13 12:22:48,835: Average train text length: 178.69 words
2025-08-13 12:22:48,836: Average validation text length: 179.93 words
2025-08-13 12:22:48,836: Average test text length: 177.65 words
2025-08-13 12:22:48,836: Training on 8040 samples, validating on 894, testing on 2234 samples
2025-08-13 12:22:58,466: Fine-tuning at Landmark 3
2025-08-13 12:22:58,472: Early stopping criterion: loss
2025-08-13 12:24:10,481: Landmark 3 | Epoch 1/20 | Train Loss: 0.4680 | Val Loss: 0.3544 | Validation AUC: 0.8599 | F1-Score: 0.4697
2025-08-13 12:24:10,807: New best model saved at /cluster/work/projects/ec12/michechi/cache/best/best_model_Charangan_MedBERT_4550_landmark3_compact_no_time_rnd_4_512_last_visit_all_landmarks_True_20250813_122258_.pt with AUC: 0.8599, F1: 0.4697, Val Loss: 0.3544
2025-08-13 12:25:22,883: Landmark 3 | Epoch 2/20 | Train Loss: 0.3720 | Val Loss: 0.3521 | Validation AUC: 0.8690 | F1-Score: 0.5779
2025-08-13 12:25:23,208: New best model saved at /cluster/work/projects/ec12/michechi/cache/best/best_model_Charangan_MedBERT_4550_landmark3_compact_no_time_rnd_4_512_last_visit_all_landmarks_True_20250813_122258_.pt with AUC: 0.8690, F1: 0.5779, Val Loss: 0.3521
2025-08-13 12:26:35,309: Landmark 3 | Epoch 3/20 | Train Loss: 0.3337 | Val Loss: 0.3273 | Validation AUC: 0.8732 | F1-Score: 0.5629
2025-08-13 12:26:35,653: New best model saved at /cluster/work/projects/ec12/michechi/cache/best/best_model_Charangan_MedBERT_4550_landmark3_compact_no_time_rnd_4_512_last_visit_all_landmarks_True_20250813_122258_.pt with AUC: 0.8732, F1: 0.5629, Val Loss: 0.3273
2025-08-13 12:27:47,760: Landmark 3 | Epoch 4/20 | Train Loss: 0.2934 | Val Loss: 0.3679 | Validation AUC: 0.8576 | F1-Score: 0.5899
2025-08-13 12:27:47,760: No improvement in epoch 4. Current best AUC: 0.8732, F1: 0.5629, Val Loss: 0.3273. Epochs without improvement: 1/1
2025-08-13 12:27:47,760: Early stopping triggered at epoch 4. Best AUC: 0.8732, F1: 0.5629, Val Loss: 0.3273
2025-08-13 12:27:48,017: Tempo impiegato per Landmark 3: 289.5 secondi
2025-08-13 12:27:48,017: Tempo medio per epoca: 72.4 secondi
2025-08-13 12:27:48,019: Loading best model from /cluster/work/projects/ec12/michechi/cache/best/best_model_Charangan_MedBERT_4550_landmark3_compact_no_time_rnd_4_512_last_visit_all_landmarks_True_20250813_122258_.pt for final evaluation on test set
2025-08-13 12:27:54,112: Final Test AUC (Landmark 3): 0.8477 | Test F1-Score: 0.4986
2025-08-13 12:27:54,112: Preparing data for Landmark 4
Using device: cuda
Some weights of BertForSequenceClassification were not initialized from the model checkpoint at Charangan/MedBERT and are newly initialized: ['classifier.bias', 'classifier.weight']
You should probably TRAIN this model on a down-stream task to be able to use it for predictions and inference.
2025-08-13 12:28:03,051: Example train text: You are a Doctor.
What is the probability of death in the next 90 days for 47-year-old F patient?
Visit type: NORMAL

DIAGNOSIS HISTORY:
Diagnoses: Anxiety state, unspecified; Diverticulosis of colon (without mention of hemorrhage); Ulceration of intestine; Esophageal reflux; Other and unspecified ovarian cyst; Intestinal bypass or anastomosis status; Other specified disorders of intestine.
PRESCRIPTIONS HISTORY:
Medications: Sodium Chloride 0.9%  Flush; Heparin; 0.9% Sodium Chloride; Potassium Chl 20 mEq / 1000 mL D5 1/2 NS; 0.45% Sodium Chloride; Calcium Carbonate; Ranitidine; Ondansetron ODT; Senna; Escitalopram Oxalate; Sodium Chloride 0.9%  Flush; Acetaminophen; Escitalopram Oxalate; Heparin; Neutra-Phos; Lorazepam; LR; Omeprazole; Vitamin D; Multivitamins; Pantoprazole; Fluticasone Propionate NASAL; Naproxen; Docusate Sodium; Fluticasone Propionate NASAL; Golytely; Acetaminophen; Ondansetron; Desitin; Ketorolac; Influenza Virus Vaccine; Fish Oil (Omega 3); HYDROmorphone (Dilaudid); Ondansetron.
PROCEDURES HISTORY:
Procedures: ; Closed [endoscopic] biopsy of large intestine.
2025-08-13 12:28:03,171: Average train text length: 217.87 words
2025-08-13 12:28:03,171: Average validation text length: 219.02 words
2025-08-13 12:28:03,171: Average test text length: 218.91 words
2025-08-13 12:28:03,171: Training on 8040 samples, validating on 894, testing on 2234 samples
2025-08-13 12:28:14,944: Fine-tuning at Landmark 4
2025-08-13 12:28:14,953: Early stopping criterion: loss
2025-08-13 12:29:26,902: Landmark 4 | Epoch 1/20 | Train Loss: 0.4037 | Val Loss: 0.2291 | Validation AUC: 0.9464 | F1-Score: 0.7362
2025-08-13 12:29:27,239: New best model saved at /cluster/work/projects/ec12/michechi/cache/best/best_model_Charangan_MedBERT_4550_landmark4_compact_no_time_rnd_4_512_last_visit_all_landmarks_True_20250813_122814_.pt with AUC: 0.9464, F1: 0.7362, Val Loss: 0.2291
2025-08-13 12:30:39,352: Landmark 4 | Epoch 2/20 | Train Loss: 0.2574 | Val Loss: 0.2479 | Validation AUC: 0.9500 | F1-Score: 0.7147
2025-08-13 12:30:39,352: No improvement in epoch 2. Current best AUC: 0.9464, F1: 0.7362, Val Loss: 0.2291. Epochs without improvement: 1/1
2025-08-13 12:30:39,352: Early stopping triggered at epoch 2. Best AUC: 0.9464, F1: 0.7362, Val Loss: 0.2291
2025-08-13 12:30:39,608: Tempo impiegato per Landmark 4: 144.7 secondi
2025-08-13 12:30:39,608: Tempo medio per epoca: 72.3 secondi
2025-08-13 12:30:39,610: Loading best model from /cluster/work/projects/ec12/michechi/cache/best/best_model_Charangan_MedBERT_4550_landmark4_compact_no_time_rnd_4_512_last_visit_all_landmarks_True_20250813_122814_.pt for final evaluation on test set
2025-08-13 12:30:45,705: Final Test AUC (Landmark 4): 0.9269 | Test F1-Score: 0.6894
2025-08-13 12:30:45,706: Saving results to results_medical_True_Charangan_MedBERT_last_visit_visits4_4550_512_compact_no_time_rnd_20250813_123045.csv
Using device: cuda
   Landmark Val AUC  ... Validation Loss Training Time (s)
0         1  0.8201  ...          0.3780             289.8
1         2  0.8362  ...          0.3646             216.0
2         3  0.8732  ...          0.3273             289.5
3         4  0.9464  ...          0.2291             144.7

[4 rows x 9 columns]

Job 1853646 consumed 5.9 billing hours from project ec12.

Submitted 2025-08-13T12:01:18; waited 10.9 minutes in the queue after becoming eligible to run.

Requested wallclock time: 6.0 hours
Elapsed wallclock time:   18.6 minutes

Job exited normally.

Task and CPU statistics:
ID             CPUs  Tasks  CPU util                Start   Elapsed  Exit status
1853646          16            0.0 %  2025-08-13T12:12:15  1115.0 s  0
1853646.batch    16      1     6.1 %  2025-08-13T12:12:15  1115.0 s  0

Used CPU time:   18.0 CPU minutes
Unused CPU time: 4.7 CPU hours

Memory statistics, in GiB:
ID              Alloc   Usage
1853646          32.0        
1853646.batch    32.0     8.5

GPU usage stats:
Job 1853646 completed at Wed Aug 13 12:30:50 CEST 2025
