Starting job 1690501 on gpu-9 on fox at Fri Jun 13 13:29:48 CEST 2025

2025-06-13 13:30:51,404: Argument batch_size: 8
2025-06-13 13:30:51,405: Argument cache_dir: '/cluster/work/projects/ec403/ec-michechi/Project_M'
2025-06-13 13:30:51,406: Argument early: 'loss'
2025-06-13 13:30:51,406: Argument epochs: 20
2025-06-13 13:30:51,406: Argument input_csv: '/cluster/work/projects/ec403/ec-michechi/Project_M/data/landmark_df_evo.csv'
2025-06-13 13:30:51,406: Argument lr: 2e-05
2025-06-13 13:30:51,406: Argument max_length: 512
2025-06-13 13:30:51,406: Argument max_visits: 2
2025-06-13 13:30:51,406: Argument model_name: 'Charangan/MedBERT'
2025-06-13 13:30:51,406: Argument model_type: 'medbert'
2025-06-13 13:30:51,406: Argument patience: 3
2025-06-13 13:30:51,406: Argument peft: False
2025-06-13 13:30:51,406: Argument prompt_type: 'compact'
2025-06-13 13:30:51,406: Argument seed: 9550
2025-06-13 13:30:51,406: Argument test_csv: '/cluster/work/projects/ec403/ec-michechi/Project_M/data/landmark_evo_test.csv'
2025-06-13 13:30:51,406: Argument train_csv: '/cluster/work/projects/ec403/ec-michechi/Project_M/data/landmark_evo_train.csv'
2025-06-13 13:30:51,406: Argument val_csv: '/cluster/work/projects/ec403/ec-michechi/Project_M/data/landmark_evo_vali.csv'
/fp/projects01/ec30/software/easybuild/software/nlpl-pytorch/2.1.2-foss-2022b-cuda-12.0.0-Python-3.10.8/lib/python3.10/site-packages/torch/_utils.py:831: UserWarning: TypedStorage is deprecated. It will be removed in the future and UntypedStorage will be the only storage class. This should only matter to you if you are using storages directly.  To access UntypedStorage directly, use tensor.untyped_storage() instead of tensor.storage()
  return self.fget.__get__(instance, owner)()
Some weights of BertForSequenceClassification were not initialized from the model checkpoint at Charangan/MedBERT and are newly initialized: ['classifier.bias', 'classifier.weight']
You should probably TRAIN this model on a down-stream task to be able to use it for predictions and inference.
2025-06-13 13:30:56,338: Using prompt type: compact
2025-06-13 13:30:56,338: Model type: medbert, Model name: Charangan/MedBERT
/fp/homes01/u01/ec-michechi/Project_M/MIMICIV/src/Finetuning.py:398: DtypeWarning: Columns (16,17,18,19) have mixed types. Specify dtype option on import or set low_memory=False.
  full_train_df = pd.read_csv(args.train_csv, na_values=['', 'None', 'NaN', 'na', 'nan']).fillna('')
2025-06-13 13:31:33,132: Preparing data for Landmark 1
2025-06-13 13:31:39,037: Average train text length: 145.30 words
2025-06-13 13:31:39,037: Average validation text length: 143.45 words
2025-06-13 13:31:39,037: Average test text length: 144.48 words
2025-06-13 13:31:39,037: Training on 31768 samples, validating on 3530, testing on 8825 samples
2025-06-13 13:32:07,526: Fine-tuning at Landmark 1
2025-06-13 13:32:08,979: Early stopping criterion: loss
2025-06-13 13:43:24,147: Landmark 1 | Epoch 1/20 | Train Loss: 0.2803 | Val Loss: 0.2350 | Validation AUC: 0.8757 | F1-Score: 0.3034
2025-06-13 13:54:40,186: Landmark 1 | Epoch 2/20 | Train Loss: 0.2429 | Val Loss: 0.2474 | Validation AUC: 0.8803 | F1-Score: 0.1313
2025-06-13 14:05:55,934: Landmark 1 | Epoch 3/20 | Train Loss: 0.2287 | Val Loss: 0.2383 | Validation AUC: 0.8779 | F1-Score: 0.4020
2025-06-13 14:17:11,763: Landmark 1 | Epoch 4/20 | Train Loss: 0.2129 | Val Loss: 0.2332 | Validation AUC: 0.8788 | F1-Score: 0.4225
2025-06-13 14:28:28,489: Landmark 1 | Epoch 5/20 | Train Loss: 0.1891 | Val Loss: 0.2733 | Validation AUC: 0.8630 | F1-Score: 0.4418
2025-06-13 14:39:44,470: Landmark 1 | Epoch 6/20 | Train Loss: 0.1521 | Val Loss: 0.3151 | Validation AUC: 0.8346 | F1-Score: 0.3139
2025-06-13 14:51:00,401: Landmark 1 | Epoch 7/20 | Train Loss: 0.1096 | Val Loss: 0.4043 | Validation AUC: 0.8211 | F1-Score: 0.2485
2025-06-13 14:51:00,402: Early stopping triggered at epoch 7
2025-06-13 14:51:02,645: Tempo impiegato per Landmark 1: 4735.1 secondi
2025-06-13 14:51:02,648: Tempo medio per epoca: 676.4 secondi
2025-06-13 14:52:03,544: Final Test AUC (Landmark 1): 0.8677 | Test F1-Score: 0.4385
2025-06-13 14:52:03,544: Preparing data for Landmark 2
2025-06-13 14:52:12,990: Average train text length: 159.58 words
2025-06-13 14:52:12,990: Average validation text length: 159.40 words
2025-06-13 14:52:12,990: Average test text length: 158.78 words
2025-06-13 14:52:12,990: Training on 31768 samples, validating on 3530, testing on 8825 samples
2025-06-13 14:52:45,936: Fine-tuning at Landmark 2
2025-06-13 14:52:45,944: Early stopping criterion: loss
2025-06-13 15:04:01,967: Landmark 2 | Epoch 1/20 | Train Loss: 0.1560 | Val Loss: 0.1497 | Validation AUC: 0.9552 | F1-Score: 0.6722
2025-06-13 15:15:18,872: Landmark 2 | Epoch 2/20 | Train Loss: 0.1426 | Val Loss: 0.1378 | Validation AUC: 0.9607 | F1-Score: 0.7021
2025-06-13 15:26:35,664: Landmark 2 | Epoch 3/20 | Train Loss: 0.1206 | Val Loss: 0.1469 | Validation AUC: 0.9576 | F1-Score: 0.7267
2025-06-13 15:37:52,081: Landmark 2 | Epoch 4/20 | Train Loss: 0.0976 | Val Loss: 0.2029 | Validation AUC: 0.9460 | F1-Score: 0.7032
2025-06-13 15:49:08,562: Landmark 2 | Epoch 5/20 | Train Loss: 0.0694 | Val Loss: 0.1969 | Validation AUC: 0.9532 | F1-Score: 0.7092
2025-06-13 15:49:08,562: Early stopping triggered at epoch 5
2025-06-13 15:49:10,223: Tempo impiegato per Landmark 2: 3384.3 secondi
2025-06-13 15:49:10,223: Tempo medio per epoca: 676.9 secondi
2025-06-13 15:50:10,879: Final Test AUC (Landmark 2): 0.9546 | Test F1-Score: 0.7222
2025-06-13 15:50:10,926: Saving results to results_medbert_Charangan_MedBERT_visits2_20250613_155010.csv
   Landmark Val AUC  ... Validation Loss Training Time (s)
0         1  0.8788  ...          0.2332            4735.1
1         2  0.9607  ...          0.1378            3384.3

[2 rows x 9 columns]

Job 1690501 consumed 44.5 billing hours from project ec403.

Submitted 2025-06-13T09:26:36; waited 4.1 hours in the queue after becoming eligible to run.

Requested wallclock time: 18.0 hours
Elapsed wallclock time:   2.3 hours

Job exited normally.

Task and CPU statistics:
ID             CPUs  Tasks  CPU util                Start  Elapsed  Exit status
1690501          16            0.0 %  2025-06-13T13:29:48    2.3 h  0
1690501.batch    16      1     6.2 %  2025-06-13T13:29:48    2.3 h  0

Used CPU time:   2.3 CPU hours
Unused CPU time: 1.5 CPU days

Memory statistics, in GiB:
ID              Alloc   Usage
1690501          32.0        
1690501.batch    32.0    14.0

GPU usage stats:
Job 1690501 completed at Fri Jun 13 15:50:20 CEST 2025
