Starting job 1836440 on gpu-8 on fox at Wed Jul 30 22:09:28 CEST 2025

2025-07-30 22:09:46,208: Argument CI: False
2025-07-30 22:09:46,208: Argument all_landmarks: True
2025-07-30 22:09:46,208: Argument batch_size: 8
2025-07-30 22:09:46,208: Argument cache_dir: '/cluster/work/projects/ec12/michechi/cache'
2025-07-30 22:09:46,208: Argument early: 'loss'
2025-07-30 22:09:46,208: Argument epochs: 20
2025-07-30 22:09:46,208: Argument gradient_accumulation_steps: 1
2025-07-30 22:09:46,208: Argument input_csv: '/fp/homes01/u01/ec-michelec/MIMICIV/data/splitted/splitted/landmark_df_evo.csv'
2025-07-30 22:09:46,209: Argument lr: 2e-05
2025-07-30 22:09:46,209: Argument max_length: 2048
2025-07-30 22:09:46,209: Argument max_visits: 3
2025-07-30 22:09:46,209: Argument model_name: 'answerdotai/ModernBERT-large'
2025-07-30 22:09:46,209: Argument model_type: 'medical'
2025-07-30 22:09:46,209: Argument patience: 1
2025-07-30 22:09:46,209: Argument peft: False
2025-07-30 22:09:46,209: Argument prompt_type: 'compact_no_time_rnd'
2025-07-30 22:09:46,209: Argument seed: 9550
2025-07-30 22:09:46,209: Argument test_csv: '/fp/homes01/u01/ec-michelec/MIMICIV/data/splitted/splitted/landmark_evo_test.csv'
2025-07-30 22:09:46,209: Argument train_csv: '/fp/homes01/u01/ec-michelec/MIMICIV/data/splitted/splitted/landmark_evo_train.csv'
2025-07-30 22:09:46,209: Argument use_quantization: False
2025-07-30 22:09:46,209: Argument val_csv: '/fp/homes01/u01/ec-michelec/MIMICIV/data/splitted/splitted/landmark_evo_vali.csv'
2025-07-30 22:09:46,266: Using prompt type: compact_no_time_rnd
/fp/homes01/u01/ec-michelec/MIMICIV/src/Finetuning_rfct.py:79: DtypeWarning: Columns (16,17,18,19) have mixed types. Specify dtype option on import or set low_memory=False.
  full_train_df = pd.read_csv(args.train_csv, na_values=['', 'None', 'NaN', 'na', 'nan']).fillna('')
/fp/homes01/u01/ec-michelec/MIMICIV/src/Finetuning_rfct.py:81: DtypeWarning: Columns (16,17,18,19) have mixed types. Specify dtype option on import or set low_memory=False.
  full_test_df = pd.read_csv(args.test_csv, na_values=['', 'None', 'NaN', 'na', 'nan']).fillna('')
2025-07-30 22:10:22,647: Processing all landmarks from 1 to 3
2025-07-30 22:10:22,648: Preparing data for Landmark 1
Some weights of ModernBertForSequenceClassification were not initialized from the model checkpoint at answerdotai/ModernBERT-large and are newly initialized: ['classifier.bias', 'classifier.weight']
You should probably TRAIN this model on a down-stream task to be able to use it for predictions and inference.
2025-07-30 22:10:34,136: Average train text length: 133.90 words
2025-07-30 22:10:34,136: Average validation text length: 133.07 words
2025-07-30 22:10:34,136: Average test text length: 134.65 words
2025-07-30 22:10:34,136: Training on 14472 samples, validating on 1608, testing on 4020 samples
2025-07-30 22:10:48,843: Fine-tuning at Landmark 1
2025-07-30 22:10:48,848: Early stopping criterion: loss
/fp/homes01/u01/ec-michelec/ModernBERT/lib64/python3.9/site-packages/networkx/utils/backends.py:135: RuntimeWarning: networkx backend defined more than once: nx-loopback
  backends.update(_get_backends("networkx.backends"))
2025-07-30 22:56:46,539: Landmark 1 | Epoch 1/20 | Train Loss: 0.3940 | Val Loss: 0.3403 | Validation AUC: 0.8225 | F1-Score: 0.0000
2025-07-30 22:56:47,616: New best model saved at /cluster/work/projects/ec12/michechi/cache/best/best_model_answerdotai_ModernBERT-large_9550_landmark1_compact_no_time_rnd_3_2048_all_landmarks_True_20250730_221048_.pt with AUC: 0.8225, F1: 0.0000, Val Loss: 0.3403
2025-07-30 23:42:23,705: Landmark 1 | Epoch 2/20 | Train Loss: 0.3466 | Val Loss: 0.3227 | Validation AUC: 0.8216 | F1-Score: 0.2222
2025-07-30 23:42:24,761: New best model saved at /cluster/work/projects/ec12/michechi/cache/best/best_model_answerdotai_ModernBERT-large_9550_landmark1_compact_no_time_rnd_3_2048_all_landmarks_True_20250730_221048_.pt with AUC: 0.8216, F1: 0.2222, Val Loss: 0.3227
2025-07-31 00:28:01,393: Landmark 1 | Epoch 3/20 | Train Loss: 0.3350 | Val Loss: 0.3230 | Validation AUC: 0.8256 | F1-Score: 0.1609
2025-07-31 00:28:01,393: No improvement in epoch 3. Current best AUC: 0.8216, F1: 0.2222, Val Loss: 0.3227. Epochs without improvement: 1/1
2025-07-31 00:28:01,393: Early stopping triggered at epoch 3. Best AUC: 0.8216, F1: 0.2222, Val Loss: 0.3227
2025-07-31 00:28:02,716: Tempo impiegato per Landmark 1: 8233.9 secondi
2025-07-31 00:28:02,716: Tempo medio per epoca: 2744.6 secondi
2025-07-31 00:28:02,718: Loading best model from /cluster/work/projects/ec12/michechi/cache/best/best_model_answerdotai_ModernBERT-large_9550_landmark1_compact_no_time_rnd_3_2048_all_landmarks_True_20250730_221048_.pt for final evaluation on test set
2025-07-31 00:31:16,332: Final Test AUC (Landmark 1): 0.8252 | Test F1-Score: 0.2599
2025-07-31 00:31:16,332: Preparing data for Landmark 2
Some weights of ModernBertForSequenceClassification were not initialized from the model checkpoint at answerdotai/ModernBERT-large and are newly initialized: ['classifier.bias', 'classifier.weight']
You should probably TRAIN this model on a down-stream task to be able to use it for predictions and inference.
2025-07-31 00:31:25,748: Average train text length: 137.85 words
2025-07-31 00:31:25,749: Average validation text length: 137.77 words
2025-07-31 00:31:25,749: Average test text length: 136.01 words
2025-07-31 00:31:25,749: Training on 14472 samples, validating on 1608, testing on 4020 samples
2025-07-31 00:31:41,741: Fine-tuning at Landmark 2
2025-07-31 00:31:41,787: Early stopping criterion: loss
2025-07-31 01:17:15,973: Landmark 2 | Epoch 1/20 | Train Loss: 0.3620 | Val Loss: 0.3182 | Validation AUC: 0.8598 | F1-Score: 0.3822
2025-07-31 01:17:17,122: New best model saved at /cluster/work/projects/ec12/michechi/cache/best/best_model_answerdotai_ModernBERT-large_9550_landmark2_compact_no_time_rnd_3_2048_all_landmarks_True_20250731_003141_.pt with AUC: 0.8598, F1: 0.3822, Val Loss: 0.3182
2025-07-31 02:02:50,147: Landmark 2 | Epoch 2/20 | Train Loss: 0.3167 | Val Loss: 0.2863 | Validation AUC: 0.8864 | F1-Score: 0.2947
2025-07-31 02:02:51,267: New best model saved at /cluster/work/projects/ec12/michechi/cache/best/best_model_answerdotai_ModernBERT-large_9550_landmark2_compact_no_time_rnd_3_2048_all_landmarks_True_20250731_003141_.pt with AUC: 0.8864, F1: 0.2947, Val Loss: 0.2863
2025-07-31 02:48:24,114: Landmark 2 | Epoch 3/20 | Train Loss: 0.2937 | Val Loss: 0.2820 | Validation AUC: 0.8830 | F1-Score: 0.5049
2025-07-31 02:48:25,221: New best model saved at /cluster/work/projects/ec12/michechi/cache/best/best_model_answerdotai_ModernBERT-large_9550_landmark2_compact_no_time_rnd_3_2048_all_landmarks_True_20250731_003141_.pt with AUC: 0.8830, F1: 0.5049, Val Loss: 0.2820
2025-07-31 03:33:57,605: Landmark 2 | Epoch 4/20 | Train Loss: 0.2813 | Val Loss: 0.2823 | Validation AUC: 0.8765 | F1-Score: 0.4012
2025-07-31 03:33:57,605: No improvement in epoch 4. Current best AUC: 0.8830, F1: 0.5049, Val Loss: 0.2820. Epochs without improvement: 1/1
2025-07-31 03:33:57,606: Early stopping triggered at epoch 4. Best AUC: 0.8830, F1: 0.5049, Val Loss: 0.2820
2025-07-31 03:33:59,784: Tempo impiegato per Landmark 2: 10938.0 secondi
2025-07-31 03:33:59,785: Tempo medio per epoca: 2734.5 secondi
2025-07-31 03:33:59,787: Loading best model from /cluster/work/projects/ec12/michechi/cache/best/best_model_answerdotai_ModernBERT-large_9550_landmark2_compact_no_time_rnd_3_2048_all_landmarks_True_20250731_003141_.pt for final evaluation on test set
2025-07-31 03:37:12,826: Final Test AUC (Landmark 2): 0.8549 | Test F1-Score: 0.4676
2025-07-31 03:37:12,827: Preparing data for Landmark 3
Some weights of ModernBertForSequenceClassification were not initialized from the model checkpoint at answerdotai/ModernBERT-large and are newly initialized: ['classifier.bias', 'classifier.weight']
You should probably TRAIN this model on a down-stream task to be able to use it for predictions and inference.
2025-07-31 03:37:24,113: Average train text length: 180.40 words
2025-07-31 03:37:24,113: Average validation text length: 176.07 words
2025-07-31 03:37:24,113: Average test text length: 180.19 words
2025-07-31 03:37:24,113: Training on 14472 samples, validating on 1608, testing on 4020 samples
2025-07-31 03:37:41,669: Fine-tuning at Landmark 3
2025-07-31 03:37:41,714: Early stopping criterion: loss
2025-07-31 04:23:18,287: Landmark 3 | Epoch 1/20 | Train Loss: 0.2667 | Val Loss: 0.1907 | Validation AUC: 0.9512 | F1-Score: 0.6828
2025-07-31 04:23:19,403: New best model saved at /cluster/work/projects/ec12/michechi/cache/best/best_model_answerdotai_ModernBERT-large_9550_landmark3_compact_no_time_rnd_3_2048_all_landmarks_True_20250731_033741_.pt with AUC: 0.9512, F1: 0.6828, Val Loss: 0.1907
2025-07-31 05:08:55,448: Landmark 3 | Epoch 2/20 | Train Loss: 0.2057 | Val Loss: 0.1799 | Validation AUC: 0.9558 | F1-Score: 0.7329
2025-07-31 05:08:56,542: New best model saved at /cluster/work/projects/ec12/michechi/cache/best/best_model_answerdotai_ModernBERT-large_9550_landmark3_compact_no_time_rnd_3_2048_all_landmarks_True_20250731_033741_.pt with AUC: 0.9558, F1: 0.7329, Val Loss: 0.1799
2025-07-31 05:54:30,703: Landmark 3 | Epoch 3/20 | Train Loss: 0.1871 | Val Loss: 0.1832 | Validation AUC: 0.9563 | F1-Score: 0.6562
2025-07-31 05:54:30,704: No improvement in epoch 3. Current best AUC: 0.9558, F1: 0.7329, Val Loss: 0.1799. Epochs without improvement: 1/1
2025-07-31 05:54:30,704: Early stopping triggered at epoch 3. Best AUC: 0.9558, F1: 0.7329, Val Loss: 0.1799
2025-07-31 05:54:31,497: Tempo impiegato per Landmark 3: 8209.8 secondi
2025-07-31 05:54:31,498: Tempo medio per epoca: 2736.6 secondi
2025-07-31 05:54:31,500: Loading best model from /cluster/work/projects/ec12/michechi/cache/best/best_model_answerdotai_ModernBERT-large_9550_landmark3_compact_no_time_rnd_3_2048_all_landmarks_True_20250731_033741_.pt for final evaluation on test set
2025-07-31 05:57:44,800: Final Test AUC (Landmark 3): 0.9490 | Test F1-Score: 0.7298
2025-07-31 05:57:44,801: Saving results to results_medical_True_answerdotai_ModernBERT-large_visits3_9550_2048_compact_no_time_rnd_20250731_055744.csv
Using device: cuda
Using device: cuda
Using device: cuda
   Landmark Val AUC  ... Validation Loss Training Time (s)
0         1  0.8216  ...          0.3227            8233.9
1         2  0.8830  ...          0.2820           10938.0
2         3  0.9558  ...          0.1799            8209.8

[3 rows x 9 columns]

Job 1836440 consumed 148.3 billing hours from project ec12.

Submitted 2025-07-30T15:26:44; waited 6.7 hours in the queue after becoming eligible to run.

Requested wallclock time: 1.8 days
Elapsed wallclock time:   7.8 hours

Job exited normally.

Task and CPU statistics:
ID             CPUs  Tasks  CPU util                Start  Elapsed  Exit status
1836440          16            0.0 %  2025-07-30T22:09:28    7.8 h  0
1836440.batch    16      1     6.8 %  2025-07-30T22:09:28    7.8 h  0

Used CPU time:   8.5 CPU hours
Unused CPU time: 4.8 CPU days

Memory statistics, in GiB:
ID              Alloc   Usage
1836440          32.0        
1836440.batch    32.0    19.2

GPU usage stats:
Job 1836440 completed at Thu Jul 31 05:57:50 CEST 2025
