Starting job 1816035 on gpu-9 on fox at Mon Jul 21 17:57:02 CEST 2025

2025-07-21 17:57:16,447: Argument all_landmarks: False
2025-07-21 17:57:16,447: Argument batch_size: 8
2025-07-21 17:57:16,447: Argument cache_dir: '/cluster/work/projects/ec12/michechi/cache'
2025-07-21 17:57:16,447: Argument early: 'loss'
2025-07-21 17:57:16,447: Argument epochs: 20
2025-07-21 17:57:16,447: Argument gradient_accumulation_steps: 1
2025-07-21 17:57:16,448: Argument input_csv: '/fp/homes01/u01/ec-michelec/MIMICIV/data/splitted/splitted/landmark_df_evo.csv'
2025-07-21 17:57:16,448: Argument lr: 2e-05
2025-07-21 17:57:16,448: Argument max_length: 2048
2025-07-21 17:57:16,448: Argument max_visits: 3
2025-07-21 17:57:16,448: Argument model_name: 'answerdotai/ModernBERT-large'
2025-07-21 17:57:16,448: Argument model_type: 'medbert'
2025-07-21 17:57:16,448: Argument patience: 3
2025-07-21 17:57:16,448: Argument peft: True
2025-07-21 17:57:16,448: Argument prompt_type: 'compact_no_time'
2025-07-21 17:57:16,448: Argument seed: 9550
2025-07-21 17:57:16,448: Argument test_csv: '/fp/homes01/u01/ec-michelec/MIMICIV/data/splitted/splitted/landmark_evo_test.csv'
2025-07-21 17:57:16,448: Argument train_csv: '/fp/homes01/u01/ec-michelec/MIMICIV/data/splitted/splitted/landmark_evo_train.csv'
2025-07-21 17:57:16,448: Argument use_quantization: False
2025-07-21 17:57:16,448: Argument val_csv: '/fp/homes01/u01/ec-michelec/MIMICIV/data/splitted/splitted/landmark_evo_vali.csv'
Some weights of ModernBertForSequenceClassification were not initialized from the model checkpoint at answerdotai/ModernBERT-large and are newly initialized: ['classifier.bias', 'classifier.weight']
You should probably TRAIN this model on a down-stream task to be able to use it for predictions and inference.
2025-07-21 17:57:22,791: Using prompt type: compact_no_time
/fp/homes01/u01/ec-michelec/MIMICIV/src/Finetuning.py:459: DtypeWarning: Columns (16,17,18,19) have mixed types. Specify dtype option on import or set low_memory=False.
  full_train_df = pd.read_csv(args.train_csv, na_values=['', 'None', 'NaN', 'na', 'nan']).fillna('')
/fp/homes01/u01/ec-michelec/MIMICIV/src/Finetuning.py:461: DtypeWarning: Columns (16,17,18,19) have mixed types. Specify dtype option on import or set low_memory=False.
  full_test_df = pd.read_csv(args.test_csv, na_values=['', 'None', 'NaN', 'na', 'nan']).fillna('')
2025-07-21 17:57:58,307: Processing only the last landmark visit: 3
2025-07-21 17:57:58,308: Preparing data for Landmark 3
2025-07-21 17:58:03,749: Average train text length: 163.26 words
2025-07-21 17:58:03,750: Average validation text length: 159.78 words
2025-07-21 17:58:03,750: Average test text length: 162.81 words
2025-07-21 17:58:03,750: Training on 14472 samples, validating on 1608, testing on 4020 samples
2025-07-21 17:58:20,127: Fine-tuning at Landmark 3
2025-07-21 17:58:20,133: Early stopping criterion: loss
/fp/homes01/u01/ec-michelec/ModernBERT/lib64/python3.9/site-packages/networkx/utils/backends.py:135: RuntimeWarning: networkx backend defined more than once: nx-loopback
  backends.update(_get_backends("networkx.backends"))
2025-07-21 18:35:19,824: Landmark 3 | Epoch 1/20 | Train Loss: 0.2820 | Val Loss: 0.2084 | Validation AUC: 0.9474 | F1-Score: 0.6667
2025-07-21 19:12:06,643: Landmark 3 | Epoch 2/20 | Train Loss: 0.2054 | Val Loss: 0.1891 | Validation AUC: 0.9588 | F1-Score: 0.6957
2025-07-21 19:48:52,683: Landmark 3 | Epoch 3/20 | Train Loss: 0.1898 | Val Loss: 0.1827 | Validation AUC: 0.9628 | F1-Score: 0.6649
2025-07-21 20:25:39,086: Landmark 3 | Epoch 4/20 | Train Loss: 0.1698 | Val Loss: 0.1982 | Validation AUC: 0.9576 | F1-Score: 0.6595
2025-07-21 21:02:24,490: Landmark 3 | Epoch 5/20 | Train Loss: 0.1492 | Val Loss: 0.1747 | Validation AUC: 0.9584 | F1-Score: 0.7407
2025-07-21 21:39:09,683: Landmark 3 | Epoch 6/20 | Train Loss: 0.1162 | Val Loss: 0.2159 | Validation AUC: 0.9490 | F1-Score: 0.7260
2025-07-21 22:15:53,807: Landmark 3 | Epoch 7/20 | Train Loss: 0.0776 | Val Loss: 0.2840 | Validation AUC: 0.9454 | F1-Score: 0.7205
2025-07-21 22:52:38,213: Landmark 3 | Epoch 8/20 | Train Loss: 0.0387 | Val Loss: 0.2816 | Validation AUC: 0.9511 | F1-Score: 0.7136
2025-07-21 22:52:38,213: Early stopping triggered at epoch 8
2025-07-21 22:52:40,406: Tempo impiegato per Landmark 3: 17660.3 secondi
2025-07-21 22:52:40,407: Tempo medio per epoca: 2207.5 secondi
2025-07-21 22:55:29,270: Final Test AUC (Landmark 3): 0.9484 | Test F1-Score: 0.7386
2025-07-21 22:55:29,271: Saving results to results_medbert_answerdotai_ModernBERT-large_visits3_peft_9550_compact_no_time_20250721_225529.csv
Using device: cuda
   Landmark Val AUC  ... Validation Loss Training Time (s)
0         3  0.9584  ...          0.1747           17660.3

[1 rows x 9 columns]

Job 1816035 consumed 94.5 billing hours from project ec12.

Submitted 2025-07-21T16:30:08; waited 1.4 hours in the queue after becoming eligible to run.

Requested wallclock time: 24.0 hours
Elapsed wallclock time:   5.0 hours

Job exited normally.

Task and CPU statistics:
ID             CPUs  Tasks  CPU util                Start  Elapsed  Exit status
1816035          16            0.0 %  2025-07-21T17:57:02    5.0 h  0
1816035.batch    16      1     7.1 %  2025-07-21T17:57:02    5.0 h  0

Used CPU time:   5.6 CPU hours
Unused CPU time: 3.1 CPU days

Memory statistics, in GiB:
ID              Alloc   Usage
1816035          32.0        
1816035.batch    32.0    12.0

GPU usage stats:
Job 1816035 completed at Mon Jul 21 22:55:35 CEST 2025
