Starting job 1825208 on gpu-15 on fox at Thu Jul 24 14:44:52 CEST 2025

2025-07-24 14:45:32,263: Argument all_landmarks: True
2025-07-24 14:45:32,265: Argument batch_size: 8
2025-07-24 14:45:32,265: Argument cache_dir: '/cluster/work/projects/ec12/michechi/cache'
2025-07-24 14:45:32,265: Argument early: 'loss'
2025-07-24 14:45:32,265: Argument epochs: 20
2025-07-24 14:45:32,265: Argument gradient_accumulation_steps: 1
2025-07-24 14:45:32,265: Argument input_csv: '/fp/homes01/u01/ec-michelec/MIMICIV/data/splitted/splitted/landmark_df_evo.csv'
2025-07-24 14:45:32,265: Argument lr: 2e-05
2025-07-24 14:45:32,265: Argument max_length: 512
2025-07-24 14:45:32,265: Argument max_visits: 3
2025-07-24 14:45:32,265: Argument model_name: 'emilyalsentzer/Bio_ClinicalBERT'
2025-07-24 14:45:32,265: Argument model_type: 'medbert'
2025-07-24 14:45:32,265: Argument patience: 3
2025-07-24 14:45:32,265: Argument peft: False
2025-07-24 14:45:32,265: Argument prompt_type: 'full_no_time_rnd'
2025-07-24 14:45:32,265: Argument seed: 9550
2025-07-24 14:45:32,265: Argument test_csv: '/fp/homes01/u01/ec-michelec/MIMICIV/data/splitted/splitted/landmark_evo_test.csv'
2025-07-24 14:45:32,265: Argument train_csv: '/fp/homes01/u01/ec-michelec/MIMICIV/data/splitted/splitted/landmark_evo_train.csv'
2025-07-24 14:45:32,265: Argument use_quantization: False
2025-07-24 14:45:32,265: Argument val_csv: '/fp/homes01/u01/ec-michelec/MIMICIV/data/splitted/splitted/landmark_evo_vali.csv'
/fp/projects01/ec30/software/easybuild/software/nlpl-pytorch/2.1.2-foss-2022b-cuda-12.0.0-Python-3.10.8/lib/python3.10/site-packages/torch/_utils.py:831: UserWarning: TypedStorage is deprecated. It will be removed in the future and UntypedStorage will be the only storage class. This should only matter to you if you are using storages directly.  To access UntypedStorage directly, use tensor.untyped_storage() instead of tensor.storage()
  return self.fget.__get__(instance, owner)()
Some weights of BertForSequenceClassification were not initialized from the model checkpoint at emilyalsentzer/Bio_ClinicalBERT and are newly initialized: ['classifier.bias', 'classifier.weight']
You should probably TRAIN this model on a down-stream task to be able to use it for predictions and inference.
2025-07-24 14:45:35,528: Using prompt type: full_no_time_rnd
/fp/homes01/u01/ec-michelec/MIMICIV/src/Finetuning.py:459: DtypeWarning: Columns (16,17,18,19) have mixed types. Specify dtype option on import or set low_memory=False.
  full_train_df = pd.read_csv(args.train_csv, na_values=['', 'None', 'NaN', 'na', 'nan']).fillna('')
/fp/homes01/u01/ec-michelec/MIMICIV/src/Finetuning.py:461: DtypeWarning: Columns (16,17,18,19) have mixed types. Specify dtype option on import or set low_memory=False.
  full_test_df = pd.read_csv(args.test_csv, na_values=['', 'None', 'NaN', 'na', 'nan']).fillna('')
2025-07-24 14:46:12,451: Processing all landmarks from 1 to 3
2025-07-24 14:46:12,451: Preparing data for Landmark 1
2025-07-24 14:46:14,954: Average train text length: 130.90 words
2025-07-24 14:46:14,954: Average validation text length: 130.07 words
2025-07-24 14:46:14,954: Average test text length: 131.65 words
2025-07-24 14:46:14,954: Training on 14472 samples, validating on 1608, testing on 4020 samples
2025-07-24 14:46:28,233: Fine-tuning at Landmark 1
2025-07-24 14:46:29,867: Early stopping criterion: loss
2025-07-24 14:48:32,646: Landmark 1 | Epoch 1/20 | Train Loss: 0.3844 | Val Loss: 0.3571 | Validation AUC: 0.8190 | F1-Score: 0.1479
2025-07-24 14:50:36,666: Landmark 1 | Epoch 2/20 | Train Loss: 0.3391 | Val Loss: 0.3215 | Validation AUC: 0.8266 | F1-Score: 0.3077
2025-07-24 14:52:40,687: Landmark 1 | Epoch 3/20 | Train Loss: 0.3200 | Val Loss: 0.3303 | Validation AUC: 0.8206 | F1-Score: 0.2968
2025-07-24 14:54:44,369: Landmark 1 | Epoch 4/20 | Train Loss: 0.3020 | Val Loss: 0.3346 | Validation AUC: 0.8200 | F1-Score: 0.3969
2025-07-24 14:56:48,069: Landmark 1 | Epoch 5/20 | Train Loss: 0.2662 | Val Loss: 0.3699 | Validation AUC: 0.8127 | F1-Score: 0.3235
2025-07-24 14:56:48,072: Early stopping triggered at epoch 5
2025-07-24 14:56:48,459: Tempo impiegato per Landmark 1: 620.2 secondi
2025-07-24 14:56:48,459: Tempo medio per epoca: 124.0 secondi
2025-07-24 14:56:48,461: Loading best model from /cluster/work/projects/ec12/michechi/cache/best/best_model_emilyalsentzer_Bio_ClinicalBERT_landmark1_full_no_time_rnd_3_512_all_landmarks_True_20250724_144629_.pt for final evaluation on test set
2025-07-24 14:56:58,783: Final Test AUC (Landmark 1): 0.8197 | Test F1-Score: 0.2956
2025-07-24 14:56:58,783: Preparing data for Landmark 2
2025-07-24 14:57:03,047: Average train text length: 237.75 words
2025-07-24 14:57:03,047: Average validation text length: 236.84 words
2025-07-24 14:57:03,047: Average test text length: 236.66 words
2025-07-24 14:57:03,047: Training on 14472 samples, validating on 1608, testing on 4020 samples
2025-07-24 14:57:27,382: Fine-tuning at Landmark 2
2025-07-24 14:57:27,387: Early stopping criterion: loss
2025-07-24 14:59:32,698: Landmark 2 | Epoch 1/20 | Train Loss: 0.3020 | Val Loss: 0.2899 | Validation AUC: 0.8741 | F1-Score: 0.4204
2025-07-24 15:01:38,820: Landmark 2 | Epoch 2/20 | Train Loss: 0.2965 | Val Loss: 0.2848 | Validation AUC: 0.8808 | F1-Score: 0.2808
2025-07-24 15:03:44,738: Landmark 2 | Epoch 3/20 | Train Loss: 0.2808 | Val Loss: 0.2792 | Validation AUC: 0.8805 | F1-Score: 0.5065
2025-07-24 15:05:50,659: Landmark 2 | Epoch 4/20 | Train Loss: 0.2542 | Val Loss: 0.3132 | Validation AUC: 0.8747 | F1-Score: 0.3865
2025-07-24 15:07:56,219: Landmark 2 | Epoch 5/20 | Train Loss: 0.2165 | Val Loss: 0.3203 | Validation AUC: 0.8618 | F1-Score: 0.5123
2025-07-24 15:10:01,739: Landmark 2 | Epoch 6/20 | Train Loss: 0.1705 | Val Loss: 0.4039 | Validation AUC: 0.8450 | F1-Score: 0.5105
2025-07-24 15:10:01,740: Early stopping triggered at epoch 6
2025-07-24 15:10:01,970: Tempo impiegato per Landmark 2: 754.6 secondi
2025-07-24 15:10:01,970: Tempo medio per epoca: 125.8 secondi
2025-07-24 15:10:01,972: Loading best model from /cluster/work/projects/ec12/michechi/cache/best/best_model_emilyalsentzer_Bio_ClinicalBERT_landmark2_full_no_time_rnd_3_512_all_landmarks_True_20250724_145727_.pt for final evaluation on test set
2025-07-24 15:10:12,233: Final Test AUC (Landmark 2): 0.8654 | Test F1-Score: 0.4396
2025-07-24 15:10:12,233: Preparing data for Landmark 3
2025-07-24 15:10:18,279: Average train text length: 356.21 words
2025-07-24 15:10:18,279: Average validation text length: 351.55 words
2025-07-24 15:10:18,280: Average test text length: 354.77 words
2025-07-24 15:10:18,280: Training on 14472 samples, validating on 1608, testing on 4020 samples
2025-07-24 15:10:54,310: Fine-tuning at Landmark 3
2025-07-24 15:10:54,316: Early stopping criterion: loss
2025-07-24 15:12:58,764: Landmark 3 | Epoch 1/20 | Train Loss: 0.2256 | Val Loss: 0.2219 | Validation AUC: 0.9314 | F1-Score: 0.6348
2025-07-24 15:15:03,454: Landmark 3 | Epoch 2/20 | Train Loss: 0.2106 | Val Loss: 0.2207 | Validation AUC: 0.9342 | F1-Score: 0.6622
2025-07-24 15:17:08,342: Landmark 3 | Epoch 3/20 | Train Loss: 0.1851 | Val Loss: 0.2374 | Validation AUC: 0.9300 | F1-Score: 0.6520
2025-07-24 15:19:13,026: Landmark 3 | Epoch 4/20 | Train Loss: 0.1517 | Val Loss: 0.2417 | Validation AUC: 0.9294 | F1-Score: 0.6534
2025-07-24 15:21:17,725: Landmark 3 | Epoch 5/20 | Train Loss: 0.1106 | Val Loss: 0.3068 | Validation AUC: 0.9155 | F1-Score: 0.6220
2025-07-24 15:21:17,725: Early stopping triggered at epoch 5
2025-07-24 15:21:17,960: Tempo impiegato per Landmark 3: 623.6 secondi
2025-07-24 15:21:17,960: Tempo medio per epoca: 124.7 secondi
2025-07-24 15:21:17,962: Loading best model from /cluster/work/projects/ec12/michechi/cache/best/best_model_emilyalsentzer_Bio_ClinicalBERT_landmark3_full_no_time_rnd_3_512_all_landmarks_True_20250724_151054_.pt for final evaluation on test set
2025-07-24 15:21:27,865: Final Test AUC (Landmark 3): 0.9419 | Test F1-Score: 0.6888
2025-07-24 15:21:27,866: Saving results to results_medbert_emilyalsentzer_Bio_ClinicalBERT_visits3_9550_full_no_time_rnd_20250724_152127.csv
Using device: cuda
Using device: cuda
Using device: cuda
   Landmark Val AUC  ... Validation Loss Training Time (s)
0         1  0.8266  ...          0.3215             620.2
1         2  0.8805  ...          0.2792             754.6
2         3  0.9342  ...          0.2207             623.6

[3 rows x 9 columns]

Job 1825208 consumed 11.6 billing hours from project ec12.

Submitted 2025-07-24T14:44:29; waited 23.0 seconds in the queue after becoming eligible to run.

Requested wallclock time: 10.0 hours
Elapsed wallclock time:   36.7 minutes

Job exited normally.

Task and CPU statistics:
ID             CPUs  Tasks  CPU util                Start   Elapsed  Exit status
1825208          16            0.0 %  2025-07-24T14:44:52  2200.0 s  0
1825208.batch    16      1     6.1 %  2025-07-24T14:44:52  2200.0 s  0

Used CPU time:   35.9 CPU minutes
Unused CPU time: 9.2 CPU hours

Memory statistics, in GiB:
ID              Alloc   Usage
1825208          32.0        
1825208.batch    32.0    11.9

Job 1825208 completed at Thu Jul 24 15:21:32 CEST 2025
