Starting job 1836438 on gpu-8 on fox at Wed Jul 30 19:33:22 CEST 2025

2025-07-30 19:33:39,086: Argument CI: False
2025-07-30 19:33:39,086: Argument all_landmarks: True
2025-07-30 19:33:39,086: Argument batch_size: 8
2025-07-30 19:33:39,086: Argument cache_dir: '/cluster/work/projects/ec12/michechi/cache'
2025-07-30 19:33:39,086: Argument early: 'loss'
2025-07-30 19:33:39,086: Argument epochs: 20
2025-07-30 19:33:39,086: Argument gradient_accumulation_steps: 1
2025-07-30 19:33:39,086: Argument input_csv: '/fp/homes01/u01/ec-michelec/MIMICIV/data/splitted/splitted/landmark_df_evo.csv'
2025-07-30 19:33:39,086: Argument lr: 2e-05
2025-07-30 19:33:39,086: Argument max_length: 2048
2025-07-30 19:33:39,086: Argument max_visits: 3
2025-07-30 19:33:39,086: Argument model_name: 'answerdotai/ModernBERT-large'
2025-07-30 19:33:39,086: Argument model_type: 'medical'
2025-07-30 19:33:39,086: Argument patience: 1
2025-07-30 19:33:39,086: Argument peft: False
2025-07-30 19:33:39,087: Argument prompt_type: 'compact_no_time_rnd'
2025-07-30 19:33:39,087: Argument seed: 4550
2025-07-30 19:33:39,087: Argument test_csv: '/fp/homes01/u01/ec-michelec/MIMICIV/data/splitted/splitted/landmark_evo_test.csv'
2025-07-30 19:33:39,087: Argument train_csv: '/fp/homes01/u01/ec-michelec/MIMICIV/data/splitted/splitted/landmark_evo_train.csv'
2025-07-30 19:33:39,087: Argument use_quantization: False
2025-07-30 19:33:39,087: Argument val_csv: '/fp/homes01/u01/ec-michelec/MIMICIV/data/splitted/splitted/landmark_evo_vali.csv'
2025-07-30 19:33:39,109: Using prompt type: compact_no_time_rnd
/fp/homes01/u01/ec-michelec/MIMICIV/src/Finetuning_rfct.py:79: DtypeWarning: Columns (16,17,18,19) have mixed types. Specify dtype option on import or set low_memory=False.
  full_train_df = pd.read_csv(args.train_csv, na_values=['', 'None', 'NaN', 'na', 'nan']).fillna('')
/fp/homes01/u01/ec-michelec/MIMICIV/src/Finetuning_rfct.py:81: DtypeWarning: Columns (16,17,18,19) have mixed types. Specify dtype option on import or set low_memory=False.
  full_test_df = pd.read_csv(args.test_csv, na_values=['', 'None', 'NaN', 'na', 'nan']).fillna('')
2025-07-30 19:34:15,289: Processing all landmarks from 1 to 3
2025-07-30 19:34:15,289: Preparing data for Landmark 1
Some weights of ModernBertForSequenceClassification were not initialized from the model checkpoint at answerdotai/ModernBERT-large and are newly initialized: ['classifier.bias', 'classifier.weight']
You should probably TRAIN this model on a down-stream task to be able to use it for predictions and inference.
2025-07-30 19:34:25,503: Average train text length: 133.90 words
2025-07-30 19:34:25,505: Average validation text length: 133.07 words
2025-07-30 19:34:25,505: Average test text length: 134.65 words
2025-07-30 19:34:25,505: Training on 14472 samples, validating on 1608, testing on 4020 samples
2025-07-30 19:34:39,659: Fine-tuning at Landmark 1
2025-07-30 19:34:39,666: Early stopping criterion: loss
/fp/homes01/u01/ec-michelec/ModernBERT/lib64/python3.9/site-packages/networkx/utils/backends.py:135: RuntimeWarning: networkx backend defined more than once: nx-loopback
  backends.update(_get_backends("networkx.backends"))
2025-07-30 20:20:31,581: Landmark 1 | Epoch 1/20 | Train Loss: 0.4128 | Val Loss: 0.3699 | Validation AUC: 0.7435 | F1-Score: 0.0000
2025-07-30 20:20:32,672: New best model saved at /cluster/work/projects/ec12/michechi/cache/best/best_model_answerdotai_ModernBERT-large_4550_landmark1_compact_no_time_rnd_3_2048_all_landmarks_True_20250730_193439_.pt with AUC: 0.7435, F1: 0.0000, Val Loss: 0.3699
2025-07-30 21:06:02,045: Landmark 1 | Epoch 2/20 | Train Loss: 0.3791 | Val Loss: 0.3553 | Validation AUC: 0.7847 | F1-Score: 0.0000
2025-07-30 21:06:03,127: New best model saved at /cluster/work/projects/ec12/michechi/cache/best/best_model_answerdotai_ModernBERT-large_4550_landmark1_compact_no_time_rnd_3_2048_all_landmarks_True_20250730_193439_.pt with AUC: 0.7847, F1: 0.0000, Val Loss: 0.3553
2025-07-30 21:51:35,988: Landmark 1 | Epoch 3/20 | Train Loss: 0.3589 | Val Loss: 0.3485 | Validation AUC: 0.7961 | F1-Score: 0.2315
2025-07-30 21:51:37,137: New best model saved at /cluster/work/projects/ec12/michechi/cache/best/best_model_answerdotai_ModernBERT-large_4550_landmark1_compact_no_time_rnd_3_2048_all_landmarks_True_20250730_193439_.pt with AUC: 0.7961, F1: 0.2315, Val Loss: 0.3485
2025-07-30 22:37:06,375: Landmark 1 | Epoch 4/20 | Train Loss: 0.3426 | Val Loss: 0.3720 | Validation AUC: 0.8190 | F1-Score: 0.1288
2025-07-30 22:37:06,376: No improvement in epoch 4. Current best AUC: 0.7961, F1: 0.2315, Val Loss: 0.3485. Epochs without improvement: 1/1
2025-07-30 22:37:06,376: Early stopping triggered at epoch 4. Best AUC: 0.7961, F1: 0.2315, Val Loss: 0.3485
2025-07-30 22:37:07,683: Tempo impiegato per Landmark 1: 10948.0 secondi
2025-07-30 22:37:07,683: Tempo medio per epoca: 2737.0 secondi
2025-07-30 22:37:07,685: Loading best model from /cluster/work/projects/ec12/michechi/cache/best/best_model_answerdotai_ModernBERT-large_4550_landmark1_compact_no_time_rnd_3_2048_all_landmarks_True_20250730_193439_.pt for final evaluation on test set
2025-07-30 22:40:21,500: Final Test AUC (Landmark 1): 0.7922 | Test F1-Score: 0.2906
2025-07-30 22:40:21,500: Preparing data for Landmark 2
Some weights of ModernBertForSequenceClassification were not initialized from the model checkpoint at answerdotai/ModernBERT-large and are newly initialized: ['classifier.bias', 'classifier.weight']
You should probably TRAIN this model on a down-stream task to be able to use it for predictions and inference.
2025-07-30 22:40:30,645: Average train text length: 137.85 words
2025-07-30 22:40:30,645: Average validation text length: 137.77 words
2025-07-30 22:40:30,645: Average test text length: 136.01 words
2025-07-30 22:40:30,645: Training on 14472 samples, validating on 1608, testing on 4020 samples
2025-07-30 22:40:46,764: Fine-tuning at Landmark 2
2025-07-30 22:40:46,798: Early stopping criterion: loss
2025-07-30 23:26:15,529: Landmark 2 | Epoch 1/20 | Train Loss: 0.3799 | Val Loss: 0.3322 | Validation AUC: 0.8359 | F1-Score: 0.0251
2025-07-30 23:26:16,691: New best model saved at /cluster/work/projects/ec12/michechi/cache/best/best_model_answerdotai_ModernBERT-large_4550_landmark2_compact_no_time_rnd_3_2048_all_landmarks_True_20250730_224046_.pt with AUC: 0.8359, F1: 0.0251, Val Loss: 0.3322
2025-07-31 00:11:43,803: Landmark 2 | Epoch 2/20 | Train Loss: 0.3236 | Val Loss: 0.2803 | Validation AUC: 0.8858 | F1-Score: 0.5248
2025-07-31 00:11:44,865: New best model saved at /cluster/work/projects/ec12/michechi/cache/best/best_model_answerdotai_ModernBERT-large_4550_landmark2_compact_no_time_rnd_3_2048_all_landmarks_True_20250730_224046_.pt with AUC: 0.8858, F1: 0.5248, Val Loss: 0.2803
2025-07-31 00:57:12,055: Landmark 2 | Epoch 3/20 | Train Loss: 0.3004 | Val Loss: 0.2897 | Validation AUC: 0.8859 | F1-Score: 0.2691
2025-07-31 00:57:12,056: No improvement in epoch 3. Current best AUC: 0.8858, F1: 0.5248, Val Loss: 0.2803. Epochs without improvement: 1/1
2025-07-31 00:57:12,056: Early stopping triggered at epoch 3. Best AUC: 0.8858, F1: 0.5248, Val Loss: 0.2803
2025-07-31 00:57:13,785: Tempo impiegato per Landmark 2: 8187.0 secondi
2025-07-31 00:57:13,785: Tempo medio per epoca: 2729.0 secondi
2025-07-31 00:57:13,787: Loading best model from /cluster/work/projects/ec12/michechi/cache/best/best_model_answerdotai_ModernBERT-large_4550_landmark2_compact_no_time_rnd_3_2048_all_landmarks_True_20250730_224046_.pt for final evaluation on test set
2025-07-31 01:00:26,982: Final Test AUC (Landmark 2): 0.8553 | Test F1-Score: 0.4868
2025-07-31 01:00:26,982: Preparing data for Landmark 3
Some weights of ModernBertForSequenceClassification were not initialized from the model checkpoint at answerdotai/ModernBERT-large and are newly initialized: ['classifier.bias', 'classifier.weight']
You should probably TRAIN this model on a down-stream task to be able to use it for predictions and inference.
2025-07-31 01:00:35,506: Average train text length: 180.40 words
2025-07-31 01:00:35,506: Average validation text length: 176.07 words
2025-07-31 01:00:35,506: Average test text length: 180.19 words
2025-07-31 01:00:35,506: Training on 14472 samples, validating on 1608, testing on 4020 samples
2025-07-31 01:00:52,427: Fine-tuning at Landmark 3
2025-07-31 01:00:55,646: Early stopping criterion: loss
2025-07-31 01:46:27,824: Landmark 3 | Epoch 1/20 | Train Loss: 0.3151 | Val Loss: 0.2381 | Validation AUC: 0.9354 | F1-Score: 0.6560
2025-07-31 01:46:28,976: New best model saved at /cluster/work/projects/ec12/michechi/cache/best/best_model_answerdotai_ModernBERT-large_4550_landmark3_compact_no_time_rnd_3_2048_all_landmarks_True_20250731_010052_.pt with AUC: 0.9354, F1: 0.6560, Val Loss: 0.2381
2025-07-31 02:32:01,400: Landmark 3 | Epoch 2/20 | Train Loss: 0.2445 | Val Loss: 0.2130 | Validation AUC: 0.9405 | F1-Score: 0.6247
2025-07-31 02:32:02,482: New best model saved at /cluster/work/projects/ec12/michechi/cache/best/best_model_answerdotai_ModernBERT-large_4550_landmark3_compact_no_time_rnd_3_2048_all_landmarks_True_20250731_010052_.pt with AUC: 0.9405, F1: 0.6247, Val Loss: 0.2130
2025-07-31 03:17:34,077: Landmark 3 | Epoch 3/20 | Train Loss: 0.2052 | Val Loss: 0.1898 | Validation AUC: 0.9526 | F1-Score: 0.6835
2025-07-31 03:17:35,151: New best model saved at /cluster/work/projects/ec12/michechi/cache/best/best_model_answerdotai_ModernBERT-large_4550_landmark3_compact_no_time_rnd_3_2048_all_landmarks_True_20250731_010052_.pt with AUC: 0.9526, F1: 0.6835, Val Loss: 0.1898
2025-07-31 04:03:04,847: Landmark 3 | Epoch 4/20 | Train Loss: 0.1892 | Val Loss: 0.1840 | Validation AUC: 0.9546 | F1-Score: 0.6943
2025-07-31 04:03:05,930: New best model saved at /cluster/work/projects/ec12/michechi/cache/best/best_model_answerdotai_ModernBERT-large_4550_landmark3_compact_no_time_rnd_3_2048_all_landmarks_True_20250731_010052_.pt with AUC: 0.9546, F1: 0.6943, Val Loss: 0.1840
2025-07-31 04:48:32,852: Landmark 3 | Epoch 5/20 | Train Loss: 0.1716 | Val Loss: 0.1860 | Validation AUC: 0.9518 | F1-Score: 0.7000
2025-07-31 04:48:32,852: No improvement in epoch 5. Current best AUC: 0.9546, F1: 0.6943, Val Loss: 0.1840. Epochs without improvement: 1/1
2025-07-31 04:48:32,852: Early stopping triggered at epoch 5. Best AUC: 0.9546, F1: 0.6943, Val Loss: 0.1840
2025-07-31 04:48:34,131: Tempo impiegato per Landmark 3: 13661.7 secondi
2025-07-31 04:48:34,131: Tempo medio per epoca: 2732.3 secondi
2025-07-31 04:48:34,133: Loading best model from /cluster/work/projects/ec12/michechi/cache/best/best_model_answerdotai_ModernBERT-large_4550_landmark3_compact_no_time_rnd_3_2048_all_landmarks_True_20250731_010052_.pt for final evaluation on test set
2025-07-31 04:51:47,106: Final Test AUC (Landmark 3): 0.9467 | Test F1-Score: 0.6997
2025-07-31 04:51:47,107: Saving results to results_medical_True_answerdotai_ModernBERT-large_visits3_4550_2048_compact_no_time_rnd_20250731_045147.csv
Using device: cuda
Using device: cuda
Using device: cuda
   Landmark Val AUC  ... Validation Loss Training Time (s)
0         1  0.7961  ...          0.3485           10948.0
1         2  0.8858  ...          0.2803            8187.0
2         3  0.9546  ...          0.1840           13661.7

[3 rows x 9 columns]

Job 1836438 consumed 176.9 billing hours from project ec12.

Submitted 2025-07-30T15:26:34; waited 4.1 hours in the queue after becoming eligible to run.

Requested wallclock time: 1.8 days
Elapsed wallclock time:   9.3 hours

Job exited normally.

Task and CPU statistics:
ID             CPUs  Tasks  CPU util                Start  Elapsed  Exit status
1836438          16            0.0 %  2025-07-30T19:33:22    9.3 h  0
1836438.batch    16      1     6.8 %  2025-07-30T19:33:22    9.3 h  0

Used CPU time:   10.2 CPU hours
Unused CPU time: 5.8 CPU days

Memory statistics, in GiB:
ID              Alloc   Usage
1836438          32.0        
1836438.batch    32.0    19.2

GPU usage stats:
Job 1836438 completed at Thu Jul 31 04:51:52 CEST 2025
