Starting job 1695332 on gpu-5 on fox at Mon Jun 16 17:33:04 CEST 2025

2025-06-16 17:33:20,473: Argument input_csv: 'landmark_df.csv'
2025-06-16 17:33:20,474: Argument max_features: 512
2025-06-16 17:33:20,474: Argument max_visits: 3
2025-06-16 17:33:20,474: Argument output_dir: '/cluster/work/projects/ec403/ec-michechi/Project_M'
2025-06-16 17:33:20,474: Argument prompt_type: 'compact'
2025-06-16 17:33:20,474: Argument random_state: 9550
2025-06-16 17:33:20,474: Argument test_csv: '/cluster/work/projects/ec403/ec-michechi/Project_M/data/landmark_evo_test.csv'
2025-06-16 17:33:20,474: Argument train_csv: '/cluster/work/projects/ec403/ec-michechi/Project_M/data/landmark_evo_train.csv'
2025-06-16 17:33:20,474: Argument val_csv: '/cluster/work/projects/ec403/ec-michechi/Project_M/data/landmark_evo_vali.csv'
2025-06-16 17:33:20,474: Argument vectorizer_type: 'medbert'
/fp/homes01/u01/ec-michechi/Project_M/MIMICIV/src/Xgboost_no_tune.py:235: DtypeWarning: Columns (16,17,18,19) have mixed types. Specify dtype option on import or set low_memory=False.
  full_train_df = pd.read_csv(args.train_csv, na_values=['', 'None', 'NaN', 'na', 'nan']).fillna('')
2025-06-16 17:33:54,317: Processing Landmark Visit: 1
2025-06-16 17:33:54,333: Using hyperparameters for Landmark 1: {'min_samples_leaf': 30, 'max_leaf_nodes': 15, 'max_iter': 300, 'max_depth': 5, 'learning_rate': 0.05, 'l2_regularization': 0}
/fp/projects01/ec30/software/easybuild/software/nlpl-pytorch/2.1.2-foss-2022b-cuda-12.0.0-Python-3.10.8/lib/python3.10/site-packages/torch/_utils.py:831: UserWarning: TypedStorage is deprecated. It will be removed in the future and UntypedStorage will be the only storage class. This should only matter to you if you are using storages directly.  To access UntypedStorage directly, use tensor.untyped_storage() instead of tensor.storage()
  return self.fget.__get__(instance, owner)()
2025-06-16 17:47:02,146: Landmark 1 started at 17:33:54 and ended at 17:47:02 — duration: 787.83 seconds
2025-06-16 17:47:02,147: Processing Landmark Visit: 2
2025-06-16 17:47:02,264: Using hyperparameters for Landmark 2: {'min_samples_leaf': 30, 'max_leaf_nodes': 15, 'max_iter': 300, 'max_depth': 5, 'learning_rate': 0.05, 'l2_regularization': 0}
Traceback (most recent call last):
  File "/fp/homes01/u01/ec-michechi/Project_M/MIMICIV/src/Xgboost_no_tune.py", line 306, in <module>
    main()
  File "/fp/homes01/u01/ec-michechi/Project_M/MIMICIV/src/Xgboost_no_tune.py", line 280, in main
    auc, f1, num_patients, mortality_rate = train_model(
  File "/fp/homes01/u01/ec-michechi/Project_M/MIMICIV/src/Xgboost_no_tune.py", line 157, in train_model
    X_train = hstack([
  File "/fp/projects01/ec30/software/easybuild/software/nlpl-scipy-ecosystem/01-foss-2022b-Python-3.10.8/lib/python3.10/site-packages/scipy/sparse/_construct.py", line 535, in hstack
    return bmat([blocks], format=format, dtype=dtype)
  File "/fp/projects01/ec30/software/easybuild/software/nlpl-scipy-ecosystem/01-foss-2022b-Python-3.10.8/lib/python3.10/site-packages/scipy/sparse/_construct.py", line 615, in bmat
    blocks = np.asarray(blocks, dtype='object')
ValueError: could not broadcast input array from shape (14477,768) into shape (14477,)

Job 1695332 consumed 10.3 billing hours from project ec403.

Submitted 2025-06-16T17:32:59; waited 4.0 seconds in the queue after becoming eligible to run.

Requested wallclock time: 6.0 hours
Elapsed wallclock time:   32.5 minutes

Job failed.

Task and CPU statistics:
ID             CPUs  Tasks  CPU util                Start   Elapsed  Exit status
1695332          16            0.0 %  2025-06-16T17:33:03  1947.0 s  1
1695332.batch    16      1     6.6 %  2025-06-16T17:33:03  1947.0 s  1

Used CPU time:   34.4 CPU minutes
Unused CPU time: 8.1 CPU hours

Memory statistics, in GiB:
ID              Alloc   Usage
1695332         128.0        
1695332.batch   128.0     8.9

Job 1695332 completed at Mon Jun 16 18:05:31 CEST 2025
