Starting job 1835720 on gpu-11 on fox at Mon Jul 28 21:31:32 CEST 2025

2025-07-28 21:31:47,528: Argument CI: False
2025-07-28 21:31:47,529: Argument all_landmarks: True
2025-07-28 21:31:47,529: Argument batch_size: 8
2025-07-28 21:31:47,529: Argument cache_dir: '/cluster/work/projects/ec12/michechi/cache'
2025-07-28 21:31:47,529: Argument early: 'loss'
2025-07-28 21:31:47,529: Argument epochs: 20
2025-07-28 21:31:47,529: Argument gradient_accumulation_steps: 1
2025-07-28 21:31:47,529: Argument input_csv: '/fp/homes01/u01/ec-michelec/MIMICIV/data/splitted/splitted/landmark_df_evo.csv'
2025-07-28 21:31:47,529: Argument lr: 2e-05
2025-07-28 21:31:47,529: Argument max_length: 512
2025-07-28 21:31:47,529: Argument max_visits: 3
2025-07-28 21:31:47,529: Argument model_name: 'emilyalsentzer/Bio_ClinicalBERT'
2025-07-28 21:31:47,529: Argument model_type: 'medical'
2025-07-28 21:31:47,529: Argument patience: 1
2025-07-28 21:31:47,529: Argument peft: False
2025-07-28 21:31:47,529: Argument prompt_type: 'compact_no_time_rnd'
2025-07-28 21:31:47,529: Argument seed: 5550
2025-07-28 21:31:47,529: Argument test_csv: '/fp/homes01/u01/ec-michelec/MIMICIV/data/splitted/splitted/landmark_evo_test.csv'
2025-07-28 21:31:47,530: Argument train_csv: '/fp/homes01/u01/ec-michelec/MIMICIV/data/splitted/splitted/landmark_evo_train.csv'
2025-07-28 21:31:47,530: Argument use_quantization: False
2025-07-28 21:31:47,530: Argument val_csv: '/fp/homes01/u01/ec-michelec/MIMICIV/data/splitted/splitted/landmark_evo_vali.csv'
2025-07-28 21:31:47,533: Using prompt type: compact_no_time_rnd
/fp/homes01/u01/ec-michelec/MIMICIV/src/Finetuning_rfct.py:77: DtypeWarning: Columns (16,17,18,19) have mixed types. Specify dtype option on import or set low_memory=False.
  full_train_df = pd.read_csv(args.train_csv, na_values=['', 'None', 'NaN', 'na', 'nan']).fillna('')
/fp/homes01/u01/ec-michelec/MIMICIV/src/Finetuning_rfct.py:79: DtypeWarning: Columns (16,17,18,19) have mixed types. Specify dtype option on import or set low_memory=False.
  full_test_df = pd.read_csv(args.test_csv, na_values=['', 'None', 'NaN', 'na', 'nan']).fillna('')
2025-07-28 21:32:24,060: Processing all landmarks from 1 to 3
2025-07-28 21:32:24,060: Preparing data for Landmark 1
/fp/projects01/ec30/software/easybuild/software/nlpl-pytorch/2.1.2-foss-2022b-cuda-12.0.0-Python-3.10.8/lib/python3.10/site-packages/torch/_utils.py:831: UserWarning: TypedStorage is deprecated. It will be removed in the future and UntypedStorage will be the only storage class. This should only matter to you if you are using storages directly.  To access UntypedStorage directly, use tensor.untyped_storage() instead of tensor.storage()
  return self.fget.__get__(instance, owner)()
Some weights of BertForSequenceClassification were not initialized from the model checkpoint at emilyalsentzer/Bio_ClinicalBERT and are newly initialized: ['classifier.bias', 'classifier.weight']
You should probably TRAIN this model on a down-stream task to be able to use it for predictions and inference.
2025-07-28 21:32:28,989: Average train text length: 133.90 words
2025-07-28 21:32:28,989: Average validation text length: 133.07 words
2025-07-28 21:32:28,989: Average test text length: 134.65 words
2025-07-28 21:32:28,989: Training on 14472 samples, validating on 1608, testing on 4020 samples
2025-07-28 21:32:42,343: Fine-tuning at Landmark 1
2025-07-28 21:32:42,699: Early stopping criterion: loss
2025-07-28 21:37:48,217: Landmark 1 | Epoch 1/20 | Train Loss: 0.4041 | Val Loss: 0.3654 | Validation AUC: 0.8000 | F1-Score: 0.0000
2025-07-28 21:37:48,563: New best model saved at /cluster/work/projects/ec12/michechi/cache/best/best_model_emilyalsentzer_Bio_ClinicalBERT_landmark1_compact_no_time_rnd_3_512_all_landmarks_True_20250728_213242_.pt with AUC: 0.8000, F1: 0.0000, Val Loss: 0.3654
2025-07-28 21:42:54,186: Landmark 1 | Epoch 2/20 | Train Loss: 0.3412 | Val Loss: 0.3221 | Validation AUC: 0.8213 | F1-Score: 0.3415
2025-07-28 21:42:54,489: New best model saved at /cluster/work/projects/ec12/michechi/cache/best/best_model_emilyalsentzer_Bio_ClinicalBERT_landmark1_compact_no_time_rnd_3_512_all_landmarks_True_20250728_213242_.pt with AUC: 0.8213, F1: 0.3415, Val Loss: 0.3221
2025-07-28 21:47:59,952: Landmark 1 | Epoch 3/20 | Train Loss: 0.3222 | Val Loss: 0.3263 | Validation AUC: 0.8320 | F1-Score: 0.4191
2025-07-28 21:47:59,952: No improvement in epoch 3. Current best AUC: 0.8213, F1: 0.3415, Val Loss: 0.3221. Epochs without improvement: 1/1
2025-07-28 21:47:59,952: Early stopping triggered at epoch 3. Best AUC: 0.8213, F1: 0.3415, Val Loss: 0.3221
2025-07-28 21:48:00,204: Tempo impiegato per Landmark 1: 917.9 secondi
2025-07-28 21:48:00,204: Tempo medio per epoca: 306.0 secondi
2025-07-28 21:48:00,206: Loading best model from /cluster/work/projects/ec12/michechi/cache/best/best_model_emilyalsentzer_Bio_ClinicalBERT_landmark1_compact_no_time_rnd_3_512_all_landmarks_True_20250728_213242_.pt for final evaluation on test set
2025-07-28 21:48:23,760: Final Test AUC (Landmark 1): 0.8253 | Test F1-Score: 0.3180
2025-07-28 21:48:23,760: Preparing data for Landmark 2
Using device: cuda
Some weights of BertForSequenceClassification were not initialized from the model checkpoint at emilyalsentzer/Bio_ClinicalBERT and are newly initialized: ['classifier.bias', 'classifier.weight']
You should probably TRAIN this model on a down-stream task to be able to use it for predictions and inference.
2025-07-28 21:48:29,923: Average train text length: 137.85 words
2025-07-28 21:48:29,923: Average validation text length: 137.77 words
2025-07-28 21:48:29,923: Average test text length: 136.01 words
2025-07-28 21:48:29,923: Training on 14472 samples, validating on 1608, testing on 4020 samples
2025-07-28 21:48:44,233: Fine-tuning at Landmark 2
2025-07-28 21:48:44,237: Early stopping criterion: loss
2025-07-28 21:53:50,051: Landmark 2 | Epoch 1/20 | Train Loss: 0.3733 | Val Loss: 0.3178 | Validation AUC: 0.8633 | F1-Score: 0.3750
2025-07-28 21:53:50,351: New best model saved at /cluster/work/projects/ec12/michechi/cache/best/best_model_emilyalsentzer_Bio_ClinicalBERT_landmark2_compact_no_time_rnd_3_512_all_landmarks_True_20250728_214844_.pt with AUC: 0.8633, F1: 0.3750, Val Loss: 0.3178
2025-07-28 21:58:56,271: Landmark 2 | Epoch 2/20 | Train Loss: 0.3147 | Val Loss: 0.2908 | Validation AUC: 0.8772 | F1-Score: 0.4193
2025-07-28 21:58:56,581: New best model saved at /cluster/work/projects/ec12/michechi/cache/best/best_model_emilyalsentzer_Bio_ClinicalBERT_landmark2_compact_no_time_rnd_3_512_all_landmarks_True_20250728_214844_.pt with AUC: 0.8772, F1: 0.4193, Val Loss: 0.2908
2025-07-28 22:04:02,493: Landmark 2 | Epoch 3/20 | Train Loss: 0.2892 | Val Loss: 0.2848 | Validation AUC: 0.8836 | F1-Score: 0.4013
2025-07-28 22:04:02,794: New best model saved at /cluster/work/projects/ec12/michechi/cache/best/best_model_emilyalsentzer_Bio_ClinicalBERT_landmark2_compact_no_time_rnd_3_512_all_landmarks_True_20250728_214844_.pt with AUC: 0.8836, F1: 0.4013, Val Loss: 0.2848
2025-07-28 22:09:08,690: Landmark 2 | Epoch 4/20 | Train Loss: 0.2701 | Val Loss: 0.2944 | Validation AUC: 0.8751 | F1-Score: 0.5206
2025-07-28 22:09:08,690: No improvement in epoch 4. Current best AUC: 0.8836, F1: 0.4013, Val Loss: 0.2848. Epochs without improvement: 1/1
2025-07-28 22:09:08,690: Early stopping triggered at epoch 4. Best AUC: 0.8836, F1: 0.4013, Val Loss: 0.2848
2025-07-28 22:09:08,918: Tempo impiegato per Landmark 2: 1224.7 secondi
2025-07-28 22:09:08,919: Tempo medio per epoca: 306.2 secondi
2025-07-28 22:09:08,920: Loading best model from /cluster/work/projects/ec12/michechi/cache/best/best_model_emilyalsentzer_Bio_ClinicalBERT_landmark2_compact_no_time_rnd_3_512_all_landmarks_True_20250728_214844_.pt for final evaluation on test set
2025-07-28 22:09:32,461: Final Test AUC (Landmark 2): 0.8598 | Test F1-Score: 0.3396
2025-07-28 22:09:32,461: Preparing data for Landmark 3
Using device: cuda
Some weights of BertForSequenceClassification were not initialized from the model checkpoint at emilyalsentzer/Bio_ClinicalBERT and are newly initialized: ['classifier.bias', 'classifier.weight']
You should probably TRAIN this model on a down-stream task to be able to use it for predictions and inference.
2025-07-28 22:09:41,377: Average train text length: 180.40 words
2025-07-28 22:09:41,377: Average validation text length: 176.07 words
2025-07-28 22:09:41,377: Average test text length: 180.19 words
2025-07-28 22:09:41,377: Training on 14472 samples, validating on 1608, testing on 4020 samples
2025-07-28 22:09:59,572: Fine-tuning at Landmark 3
2025-07-28 22:09:59,578: Early stopping criterion: loss
2025-07-28 22:15:06,368: Landmark 3 | Epoch 1/20 | Train Loss: 0.3084 | Val Loss: 0.2071 | Validation AUC: 0.9404 | F1-Score: 0.6797
2025-07-28 22:15:06,678: New best model saved at /cluster/work/projects/ec12/michechi/cache/best/best_model_emilyalsentzer_Bio_ClinicalBERT_landmark3_compact_no_time_rnd_3_512_all_landmarks_True_20250728_220959_.pt with AUC: 0.9404, F1: 0.6797, Val Loss: 0.2071
2025-07-28 22:20:13,821: Landmark 3 | Epoch 2/20 | Train Loss: 0.2116 | Val Loss: 0.1978 | Validation AUC: 0.9514 | F1-Score: 0.7230
2025-07-28 22:20:14,150: New best model saved at /cluster/work/projects/ec12/michechi/cache/best/best_model_emilyalsentzer_Bio_ClinicalBERT_landmark3_compact_no_time_rnd_3_512_all_landmarks_True_20250728_220959_.pt with AUC: 0.9514, F1: 0.7230, Val Loss: 0.1978
2025-07-28 22:25:21,362: Landmark 3 | Epoch 3/20 | Train Loss: 0.1877 | Val Loss: 0.2003 | Validation AUC: 0.9513 | F1-Score: 0.6598
2025-07-28 22:25:21,362: No improvement in epoch 3. Current best AUC: 0.9514, F1: 0.7230, Val Loss: 0.1978. Epochs without improvement: 1/1
2025-07-28 22:25:21,362: Early stopping triggered at epoch 3. Best AUC: 0.9514, F1: 0.7230, Val Loss: 0.1978
2025-07-28 22:25:21,599: Tempo impiegato per Landmark 3: 922.0 secondi
2025-07-28 22:25:21,599: Tempo medio per epoca: 307.3 secondi
2025-07-28 22:25:21,601: Loading best model from /cluster/work/projects/ec12/michechi/cache/best/best_model_emilyalsentzer_Bio_ClinicalBERT_landmark3_compact_no_time_rnd_3_512_all_landmarks_True_20250728_220959_.pt for final evaluation on test set
2025-07-28 22:25:45,206: Final Test AUC (Landmark 3): 0.9461 | Test F1-Score: 0.7265
2025-07-28 22:25:45,207: Saving results to results_medical_True_emilyalsentzer_Bio_ClinicalBERT_visits3_5550_compact_no_time_rnd_20250728_222545.csv
Using device: cuda
   Landmark Val AUC  ... Validation Loss Training Time (s)
0         1  0.8213  ...          0.3221             917.9
1         2  0.8836  ...          0.2848            1224.7
2         3  0.9514  ...          0.1978             922.0

[3 rows x 9 columns]

Job 1835720 consumed 17.2 billing hours from project ec12.

Submitted 2025-07-28T21:31:31; waited 0.0 seconds in the queue after becoming eligible to run.

Requested wallclock time: 24.0 hours
Elapsed wallclock time:   54.3 minutes

Job exited normally.

Task and CPU statistics:
ID             CPUs  Tasks  CPU util                Start   Elapsed  Exit status
1835720          16            0.0 %  2025-07-28T21:31:31  3258.0 s  0
1835720.batch    16      1     6.2 %  2025-07-28T21:31:31  3258.0 s  0

Used CPU time:   54.0 CPU minutes
Unused CPU time: 13.6 CPU hours

Memory statistics, in GiB:
ID              Alloc   Usage
1835720          32.0        
1835720.batch    32.0     9.6

Job 1835720 completed at Mon Jul 28 22:25:49 CEST 2025
