Starting job 1855319 on gpu-9 on fox at Fri Aug 15 17:57:31 CEST 2025

2025-08-15 17:58:21,246: Argument CI: False
2025-08-15 17:58:21,247: Argument all_landmarks: True
2025-08-15 17:58:21,247: Argument batch_size: 8
2025-08-15 17:58:21,247: Argument cache_dir: '/cluster/work/projects/ec12/michechi/cache'
2025-08-15 17:58:21,247: Argument early: 'loss'
2025-08-15 17:58:21,247: Argument epochs: 20
2025-08-15 17:58:21,247: Argument gradient_accumulation_steps: 1
2025-08-15 17:58:21,247: Argument input_csv: '/fp/homes01/u01/ec-michelec/MIMICIV/data/splitted/splitted/landmark_df_evo.csv'
2025-08-15 17:58:21,247: Argument lr: 2e-05
2025-08-15 17:58:21,247: Argument max_length: 512
2025-08-15 17:58:21,247: Argument max_visits: 4
2025-08-15 17:58:21,247: Argument model_name: 'emilyalsentzer/Bio_ClinicalBERT'
2025-08-15 17:58:21,247: Argument model_type: 'medical'
2025-08-15 17:58:21,247: Argument patience: 1
2025-08-15 17:58:21,247: Argument peft: False
2025-08-15 17:58:21,247: Argument prompt_type: 'full'
2025-08-15 17:58:21,247: Argument seed: 4550
2025-08-15 17:58:21,247: Argument test_csv: '/fp/homes01/u01/ec-michelec/MIMICIV/data/splitted/splitted/landmark_evo_test_dod_fxd.csv'
2025-08-15 17:58:21,247: Argument train_csv: '/fp/homes01/u01/ec-michelec/MIMICIV/data/splitted/splitted/landmark_evo_train_dod_fxd.csv'
2025-08-15 17:58:21,247: Argument use_quantization: False
2025-08-15 17:58:21,247: Argument val_csv: '/fp/homes01/u01/ec-michelec/MIMICIV/data/splitted/splitted/landmark_evo_vali_dod_fxd.csv'
2025-08-15 17:58:21,247: Argument when_counting_death: 'last_visit'
2025-08-15 17:58:21,289: Using prompt type: full
/fp/homes01/u01/ec-michelec/MIMICIV/src/Finetuning_rfct.py:79: DtypeWarning: Columns (16,17,18,19) have mixed types. Specify dtype option on import or set low_memory=False.
  full_train_df = pd.read_csv(args.train_csv, na_values=['', 'None', 'NaN', 'na', 'nan']).fillna('')
/fp/homes01/u01/ec-michelec/MIMICIV/src/Finetuning_rfct.py:81: DtypeWarning: Columns (16,17,18,19) have mixed types. Specify dtype option on import or set low_memory=False.
  full_test_df = pd.read_csv(args.test_csv, na_values=['', 'None', 'NaN', 'na', 'nan']).fillna('')
2025-08-15 17:58:52,730: Processing all landmarks from 1 to 4
2025-08-15 17:58:52,731: Preparing data for Landmark 1
/fp/projects01/ec30/software/easybuild/software/nlpl-pytorch/2.1.2-foss-2022b-cuda-12.0.0-Python-3.10.8/lib/python3.10/site-packages/torch/_utils.py:831: UserWarning: TypedStorage is deprecated. It will be removed in the future and UntypedStorage will be the only storage class. This should only matter to you if you are using storages directly.  To access UntypedStorage directly, use tensor.untyped_storage() instead of tensor.storage()
  return self.fget.__get__(instance, owner)()
Some weights of BertForSequenceClassification were not initialized from the model checkpoint at emilyalsentzer/Bio_ClinicalBERT and are newly initialized: ['classifier.bias', 'classifier.weight']
You should probably TRAIN this model on a down-stream task to be able to use it for predictions and inference.
2025-08-15 17:58:58,825: Example train text: You are a Doctor.
What is the probability of death in the next 90 days from today for this 43-year-old F patient?
Today is the 1 visit and the visit type is: EMERGENCY
Diagnosis history:
	Today: Diverticulitis of colon (without mention of hemorrhage); Acute kidney failure, unspecified; Abscess of intestine; Other postoperative infection; Cellulitis and abscess of trunk; Methicillin susceptible Staphylococcus aureus in conditions classified elsewhere and of unspecified site; Removal of other organ (partial) (total) causing abnormal patient reaction, or later complication, without mention of misadventure at time of operation; Hypovolemia; Nausea with vomiting
Prescriptions history:
	Today: NS; Potassium Chloride; OxycoDONE (Immediate Release) ; Magnesium Citrate; SW; Magnesium Sulfate; Prochlorperazine; Lorazepam; HYDROmorphone (Dilaudid); Iso-Osmotic Dextrose; Piperacillin-Tazobactam Na; Potassium Chl 20 mEq / 1000 mL D5 1/2 NS; Insulin; LR; Acetaminophen; Ondansetron; Ketorolac; OxycoDONE-Acetaminophen Elixir; Sodium Chloride 0.9%  Flush; Docusate Sodium; Hydrocodone-Acetaminophen; D5W; Clindamycin; Fluticasone Propionate NASAL; Ciprofloxacin; Pantoprazole; Metoclopramide; Calcium Carbonate; Vancomycin; Cephalexin; Heparin; Bupivacaine 0.5%; Promethazine HCl; D5 1/2NS; Hydrocortisone (Rectal) 2.5% Cream; Morphine Sulfate; Escitalopram Oxalate; Maalox/Diphenhydramine/Lidocaine; Nafcillin; HydrOXYzine; MetRONIDAZOLE (FLagyl); Ibuprofen
Procedures history:
	Today: Open and other sigmoidectomy
2025-08-15 17:58:58,906: Average train text length: 144.64 words
2025-08-15 17:58:58,906: Average validation text length: 148.88 words
2025-08-15 17:58:58,906: Average test text length: 145.93 words
2025-08-15 17:58:58,906: Training on 8040 samples, validating on 894, testing on 2234 samples
2025-08-15 17:59:06,647: Fine-tuning at Landmark 1
2025-08-15 17:59:08,250: Early stopping criterion: loss
2025-08-15 18:00:19,877: Landmark 1 | Epoch 1/20 | Train Loss: 0.4854 | Val Loss: 0.3991 | Validation AUC: 0.7965 | F1-Score: 0.4029
2025-08-15 18:00:20,208: New best model saved at /cluster/work/projects/ec12/michechi/cache/best/best_model_emilyalsentzer_Bio_ClinicalBERT_4550_landmark1_full_4_512_last_visit_all_landmarks_True_20250815_175908_.pt with AUC: 0.7965, F1: 0.4029, Val Loss: 0.3991
2025-08-15 18:01:31,633: Landmark 1 | Epoch 2/20 | Train Loss: 0.4018 | Val Loss: 0.3900 | Validation AUC: 0.8056 | F1-Score: 0.4377
2025-08-15 18:01:31,980: New best model saved at /cluster/work/projects/ec12/michechi/cache/best/best_model_emilyalsentzer_Bio_ClinicalBERT_4550_landmark1_full_4_512_last_visit_all_landmarks_True_20250815_175908_.pt with AUC: 0.8056, F1: 0.4377, Val Loss: 0.3900
2025-08-15 18:02:43,366: Landmark 1 | Epoch 3/20 | Train Loss: 0.3799 | Val Loss: 0.3752 | Validation AUC: 0.8199 | F1-Score: 0.4180
2025-08-15 18:02:43,705: New best model saved at /cluster/work/projects/ec12/michechi/cache/best/best_model_emilyalsentzer_Bio_ClinicalBERT_4550_landmark1_full_4_512_last_visit_all_landmarks_True_20250815_175908_.pt with AUC: 0.8199, F1: 0.4180, Val Loss: 0.3752
2025-08-15 18:03:55,227: Landmark 1 | Epoch 4/20 | Train Loss: 0.3611 | Val Loss: 0.3896 | Validation AUC: 0.8042 | F1-Score: 0.2557
2025-08-15 18:03:55,227: No improvement in epoch 4. Current best AUC: 0.8199, F1: 0.4180, Val Loss: 0.3752. Epochs without improvement: 1/1
2025-08-15 18:03:55,227: Early stopping triggered at epoch 4. Best AUC: 0.8199, F1: 0.4180, Val Loss: 0.3752
2025-08-15 18:03:55,497: Tempo impiegato per Landmark 1: 288.9 secondi
2025-08-15 18:03:55,497: Tempo medio per epoca: 72.2 secondi
2025-08-15 18:03:55,499: Loading best model from /cluster/work/projects/ec12/michechi/cache/best/best_model_emilyalsentzer_Bio_ClinicalBERT_4550_landmark1_full_4_512_last_visit_all_landmarks_True_20250815_175908_.pt for final evaluation on test set
2025-08-15 18:04:01,578: Final Test AUC (Landmark 1): 0.7893 | Test F1-Score: 0.2980
2025-08-15 18:04:01,579: Preparing data for Landmark 2
Using device: cuda
Some weights of BertForSequenceClassification were not initialized from the model checkpoint at emilyalsentzer/Bio_ClinicalBERT and are newly initialized: ['classifier.bias', 'classifier.weight']
You should probably TRAIN this model on a down-stream task to be able to use it for predictions and inference.
2025-08-15 18:04:06,464: Example train text: You are a Doctor.
What is the probability of death in the next 90 days from today for this 43-year-old F patient?
Today is the 2 visit and the visit type is: EMERGENCY
Diagnosis history:
	Today: Esophageal reflux; Diverticulosis of colon (without mention of hemorrhage); Other specified aftercare following surgery
	6 days ago: Diverticulitis of colon (without mention of hemorrhage); Acute kidney failure, unspecified; Abscess of intestine; Other postoperative infection; Cellulitis and abscess of trunk; Methicillin susceptible Staphylococcus aureus in conditions classified elsewhere and of unspecified site; Removal of other organ (partial) (total) causing abnormal patient reaction, or later complication, without mention of misadventure at time of operation; Hypovolemia; Nausea with vomiting
Prescriptions history:
	Today: LR; Ranitidine; Acetaminophen; Escitalopram Oxalate; Promethazine; Heparin; Ondansetron ODT; Potassium Chl 20 mEq / 1000 mL D5 1/2 NS; Pantoprazole; Sodium Chloride 0.9%  Flush; Fluticasone Propionate NASAL; Ondansetron
	6 days ago: NS; Potassium Chloride; OxycoDONE (Immediate Release) ; Magnesium Citrate; SW; Magnesium Sulfate; Prochlorperazine; Lorazepam; HYDROmorphone (Dilaudid); Iso-Osmotic Dextrose; Piperacillin-Tazobactam Na; Potassium Chl 20 mEq / 1000 mL D5 1/2 NS; Insulin; LR; Acetaminophen; Ondansetron; Ketorolac; OxycoDONE-Acetaminophen Elixir; Sodium Chloride 0.9%  Flush; Docusate Sodium; Hydrocodone-Acetaminophen; D5W; Clindamycin; Fluticasone Propionate NASAL; Ciprofloxacin; Pantoprazole; Metoclopramide; Calcium Carbonate; Vancomycin; Cephalexin; Heparin; Bupivacaine 0.5%; Promethazine HCl; D5 1/2NS; Hydrocortisone (Rectal) 2.5% Cream; Morphine Sulfate; Escitalopram Oxalate; Maalox/Diphenhydramine/Lidocaine; Nafcillin; HydrOXYzine; MetRONIDAZOLE (FLagyl); Ibuprofen
Procedures history:
	Today:
	6 days ago: Open and other sigmoidectomy
2025-08-15 18:04:06,608: Average train text length: 261.48 words
2025-08-15 18:04:06,608: Average validation text length: 266.32 words
2025-08-15 18:04:06,608: Average test text length: 262.70 words
2025-08-15 18:04:06,608: Training on 8040 samples, validating on 894, testing on 2234 samples
2025-08-15 18:04:21,158: Fine-tuning at Landmark 2
2025-08-15 18:04:21,161: Early stopping criterion: loss
2025-08-15 18:05:32,874: Landmark 2 | Epoch 1/20 | Train Loss: 0.4692 | Val Loss: 0.3942 | Validation AUC: 0.7951 | F1-Score: 0.3393
2025-08-15 18:05:33,203: New best model saved at /cluster/work/projects/ec12/michechi/cache/best/best_model_emilyalsentzer_Bio_ClinicalBERT_4550_landmark2_full_4_512_last_visit_all_landmarks_True_20250815_180421_.pt with AUC: 0.7951, F1: 0.3393, Val Loss: 0.3942
2025-08-15 18:06:45,009: Landmark 2 | Epoch 2/20 | Train Loss: 0.3874 | Val Loss: 0.3610 | Validation AUC: 0.8388 | F1-Score: 0.4240
2025-08-15 18:06:45,313: New best model saved at /cluster/work/projects/ec12/michechi/cache/best/best_model_emilyalsentzer_Bio_ClinicalBERT_4550_landmark2_full_4_512_last_visit_all_landmarks_True_20250815_180421_.pt with AUC: 0.8388, F1: 0.4240, Val Loss: 0.3610
2025-08-15 18:07:57,185: Landmark 2 | Epoch 3/20 | Train Loss: 0.3605 | Val Loss: 0.3604 | Validation AUC: 0.8385 | F1-Score: 0.2574
2025-08-15 18:07:57,503: New best model saved at /cluster/work/projects/ec12/michechi/cache/best/best_model_emilyalsentzer_Bio_ClinicalBERT_4550_landmark2_full_4_512_last_visit_all_landmarks_True_20250815_180421_.pt with AUC: 0.8385, F1: 0.2574, Val Loss: 0.3604
2025-08-15 18:09:09,365: Landmark 2 | Epoch 4/20 | Train Loss: 0.3469 | Val Loss: 0.3710 | Validation AUC: 0.8252 | F1-Score: 0.4610
2025-08-15 18:09:09,365: No improvement in epoch 4. Current best AUC: 0.8385, F1: 0.2574, Val Loss: 0.3604. Epochs without improvement: 1/1
2025-08-15 18:09:09,365: Early stopping triggered at epoch 4. Best AUC: 0.8385, F1: 0.2574, Val Loss: 0.3604
2025-08-15 18:09:09,612: Tempo impiegato per Landmark 2: 288.5 secondi
2025-08-15 18:09:09,612: Tempo medio per epoca: 72.1 secondi
2025-08-15 18:09:09,614: Loading best model from /cluster/work/projects/ec12/michechi/cache/best/best_model_emilyalsentzer_Bio_ClinicalBERT_4550_landmark2_full_4_512_last_visit_all_landmarks_True_20250815_180421_.pt for final evaluation on test set
2025-08-15 18:09:15,664: Final Test AUC (Landmark 2): 0.8099 | Test F1-Score: 0.2318
2025-08-15 18:09:15,665: Preparing data for Landmark 3
Using device: cuda
Some weights of BertForSequenceClassification were not initialized from the model checkpoint at emilyalsentzer/Bio_ClinicalBERT and are newly initialized: ['classifier.bias', 'classifier.weight']
You should probably TRAIN this model on a down-stream task to be able to use it for predictions and inference.
2025-08-15 18:09:22,168: Example train text: You are a Doctor.
What is the probability of death in the next 90 days from today for this 46-year-old F patient?
Today is the 3 visit and the visit type is: NORMAL
Diagnosis history:
	Today: Chest pain, unspecified; Orthostatic hypotension
	1127 days ago: Esophageal reflux; Diverticulosis of colon (without mention of hemorrhage); Other specified aftercare following surgery
	1133 days ago: Diverticulitis of colon (without mention of hemorrhage); Acute kidney failure, unspecified; Abscess of intestine; Other postoperative infection; Cellulitis and abscess of trunk; Methicillin susceptible Staphylococcus aureus in conditions classified elsewhere and of unspecified site; Removal of other organ (partial) (total) causing abnormal patient reaction, or later complication, without mention of misadventure at time of operation; Hypovolemia; Nausea with vomiting
Prescriptions history:
	Today:
	1127 days ago: LR; Ranitidine; Acetaminophen; Escitalopram Oxalate; Promethazine; Heparin; Ondansetron ODT; Potassium Chl 20 mEq / 1000 mL D5 1/2 NS; Pantoprazole; Sodium Chloride 0.9%  Flush; Fluticasone Propionate NASAL; Ondansetron
	1133 days ago: NS; Potassium Chloride; OxycoDONE (Immediate Release) ; Magnesium Citrate; SW; Magnesium Sulfate; Prochlorperazine; Lorazepam; HYDROmorphone (Dilaudid); Iso-Osmotic Dextrose; Piperacillin-Tazobactam Na; Potassium Chl 20 mEq / 1000 mL D5 1/2 NS; Insulin; LR; Acetaminophen; Ondansetron; Ketorolac; OxycoDONE-Acetaminophen Elixir; Sodium Chloride 0.9%  Flush; Docusate Sodium; Hydrocodone-Acetaminophen; D5W; Clindamycin; Fluticasone Propionate NASAL; Ciprofloxacin; Pantoprazole; Metoclopramide; Calcium Carbonate; Vancomycin; Cephalexin; Heparin; Bupivacaine 0.5%; Promethazine HCl; D5 1/2NS; Hydrocortisone (Rectal) 2.5% Cream; Morphine Sulfate; Escitalopram Oxalate; Maalox/Diphenhydramine/Lidocaine; Nafcillin; HydrOXYzine; MetRONIDAZOLE (FLagyl); Ibuprofen
Procedures history:
	Today:
	1127 days ago:
	1133 days ago: Open and other sigmoidectomy
2025-08-15 18:09:22,380: Average train text length: 385.00 words
2025-08-15 18:09:22,381: Average validation text length: 390.02 words
2025-08-15 18:09:22,381: Average test text length: 384.87 words
2025-08-15 18:09:22,381: Training on 8040 samples, validating on 894, testing on 2234 samples
2025-08-15 18:09:43,649: Fine-tuning at Landmark 3
2025-08-15 18:09:43,655: Early stopping criterion: loss
2025-08-15 18:10:54,245: Landmark 3 | Epoch 1/20 | Train Loss: 0.4522 | Val Loss: 0.3585 | Validation AUC: 0.8493 | F1-Score: 0.4471
2025-08-15 18:10:54,560: New best model saved at /cluster/work/projects/ec12/michechi/cache/best/best_model_emilyalsentzer_Bio_ClinicalBERT_4550_landmark3_full_4_512_last_visit_all_landmarks_True_20250815_180943_.pt with AUC: 0.8493, F1: 0.4471, Val Loss: 0.3585
2025-08-15 18:12:05,317: Landmark 3 | Epoch 2/20 | Train Loss: 0.3660 | Val Loss: 0.3382 | Validation AUC: 0.8667 | F1-Score: 0.4664
2025-08-15 18:12:05,639: New best model saved at /cluster/work/projects/ec12/michechi/cache/best/best_model_emilyalsentzer_Bio_ClinicalBERT_4550_landmark3_full_4_512_last_visit_all_landmarks_True_20250815_180943_.pt with AUC: 0.8667, F1: 0.4664, Val Loss: 0.3382
2025-08-15 18:13:16,274: Landmark 3 | Epoch 3/20 | Train Loss: 0.3409 | Val Loss: 0.3358 | Validation AUC: 0.8691 | F1-Score: 0.5256
2025-08-15 18:13:16,582: New best model saved at /cluster/work/projects/ec12/michechi/cache/best/best_model_emilyalsentzer_Bio_ClinicalBERT_4550_landmark3_full_4_512_last_visit_all_landmarks_True_20250815_180943_.pt with AUC: 0.8691, F1: 0.5256, Val Loss: 0.3358
2025-08-15 18:14:27,238: Landmark 3 | Epoch 4/20 | Train Loss: 0.3109 | Val Loss: 0.3726 | Validation AUC: 0.8624 | F1-Score: 0.5767
2025-08-15 18:14:27,238: No improvement in epoch 4. Current best AUC: 0.8691, F1: 0.5256, Val Loss: 0.3358. Epochs without improvement: 1/1
2025-08-15 18:14:27,238: Early stopping triggered at epoch 4. Best AUC: 0.8691, F1: 0.5256, Val Loss: 0.3358
2025-08-15 18:14:27,483: Tempo impiegato per Landmark 3: 283.8 secondi
2025-08-15 18:14:27,484: Tempo medio per epoca: 71.0 secondi
2025-08-15 18:14:27,485: Loading best model from /cluster/work/projects/ec12/michechi/cache/best/best_model_emilyalsentzer_Bio_ClinicalBERT_4550_landmark3_full_4_512_last_visit_all_landmarks_True_20250815_180943_.pt for final evaluation on test set
2025-08-15 18:14:33,334: Final Test AUC (Landmark 3): 0.8482 | Test F1-Score: 0.4731
2025-08-15 18:14:33,334: Preparing data for Landmark 4
Using device: cuda
Some weights of BertForSequenceClassification were not initialized from the model checkpoint at emilyalsentzer/Bio_ClinicalBERT and are newly initialized: ['classifier.bias', 'classifier.weight']
You should probably TRAIN this model on a down-stream task to be able to use it for predictions and inference.
2025-08-15 18:14:41,605: Example train text: You are a Doctor.
What is the probability of death in the next 90 days from today for this 47-year-old F patient?
Today is the 4 visit and the visit type is: NORMAL
Diagnosis history:
	Today: Other specified disorders of intestine; Ulceration of intestine; Other and unspecified ovarian cyst; Diverticulosis of colon (without mention of hemorrhage); Intestinal bypass or anastomosis status; Anxiety state, unspecified; Esophageal reflux
	233 days ago: Chest pain, unspecified; Orthostatic hypotension
	1360 days ago: Esophageal reflux; Diverticulosis of colon (without mention of hemorrhage); Other specified aftercare following surgery
	1366 days ago: Diverticulitis of colon (without mention of hemorrhage); Acute kidney failure, unspecified; Abscess of intestine; Other postoperative infection; Cellulitis and abscess of trunk; Methicillin susceptible Staphylococcus aureus in conditions classified elsewhere and of unspecified site; Removal of other organ (partial) (total) causing abnormal patient reaction, or later complication, without mention of misadventure at time of operation; Hypovolemia; Nausea with vomiting
Prescriptions history:
	Today: Ondansetron ODT; Calcium Carbonate; Senna; Vitamin D; Omeprazole; HYDROmorphone (Dilaudid); Desitin; 0.45% Sodium Chloride; Acetaminophen; 0.9% Sodium Chloride; Docusate Sodium; Lorazepam; Multivitamins; Influenza Virus Vaccine; Golytely; Neutra-Phos; Escitalopram Oxalate; Sodium Chloride 0.9%  Flush; Fish Oil (Omega 3); Fluticasone Propionate NASAL; Heparin; Ondansetron; Naproxen; Ranitidine; Ketorolac
	233 days ago:
	1360 days ago: LR; Ranitidine; Acetaminophen; Escitalopram Oxalate; Promethazine; Heparin; Ondansetron ODT; Potassium Chl 20 mEq / 1000 mL D5 1/2 NS; Pantoprazole; Sodium Chloride 0.9%  Flush; Fluticasone Propionate NASAL; Ondansetron
	1366 days ago: NS; Potassium Chloride; OxycoDONE (Immediate Release) ; Magnesium Citrate; SW; Magnesium Sulfate; Prochlorperazine; Lorazepam; HYDROmorphone (Dilaudid); Iso-Osmotic Dextrose; Piperacillin-Tazobactam Na; Potassium Chl 20 mEq / 1000 mL D5 1/2 NS; Insulin; LR; Acetaminophen; Ondansetron; Ketorolac; OxycoDONE-Acetaminophen Elixir; Sodium Chloride 0.9%  Flush; Docusate Sodium; Hydrocodone-Acetaminophen; D5W; Clindamycin; Fluticasone Propionate NASAL; Ciprofloxacin; Pantoprazole; Metoclopramide; Calcium Carbonate; Vancomycin; Cephalexin; Heparin; Bupivacaine 0.5%; Promethazine HCl; D5 1/2NS; Hydrocortisone (Rectal) 2.5% Cream; Morphine Sulfate; Escitalopram Oxalate; Maalox/Diphenhydramine/Lidocaine; Nafcillin; HydrOXYzine; MetRONIDAZOLE (FLagyl); Ibuprofen
Procedures history:
	Today: Closed [endoscopic] biopsy of large intestine
	233 days ago:
	1360 days ago:
	1366 days ago: Open and other sigmoidectomy
2025-08-15 18:14:41,892: Average train text length: 521.40 words
2025-08-15 18:14:41,893: Average validation text length: 526.15 words
2025-08-15 18:14:41,893: Average test text length: 521.74 words
2025-08-15 18:14:41,893: Training on 8040 samples, validating on 894, testing on 2234 samples
2025-08-15 18:15:10,869: Fine-tuning at Landmark 4
2025-08-15 18:15:10,873: Early stopping criterion: loss
2025-08-15 18:16:19,661: Landmark 4 | Epoch 1/20 | Train Loss: 0.3805 | Val Loss: 0.2282 | Validation AUC: 0.9476 | F1-Score: 0.7152
2025-08-15 18:16:19,976: New best model saved at /cluster/work/projects/ec12/michechi/cache/best/best_model_emilyalsentzer_Bio_ClinicalBERT_4550_landmark4_full_4_512_last_visit_all_landmarks_True_20250815_181510_.pt with AUC: 0.9476, F1: 0.7152, Val Loss: 0.2282
2025-08-15 18:17:29,144: Landmark 4 | Epoch 2/20 | Train Loss: 0.2624 | Val Loss: 0.2378 | Validation AUC: 0.9523 | F1-Score: 0.7521
2025-08-15 18:17:29,144: No improvement in epoch 2. Current best AUC: 0.9476, F1: 0.7152, Val Loss: 0.2282. Epochs without improvement: 1/1
2025-08-15 18:17:29,144: Early stopping triggered at epoch 2. Best AUC: 0.9476, F1: 0.7152, Val Loss: 0.2282
2025-08-15 18:17:29,389: Tempo impiegato per Landmark 4: 138.5 secondi
2025-08-15 18:17:29,389: Tempo medio per epoca: 69.3 secondi
2025-08-15 18:17:29,391: Loading best model from /cluster/work/projects/ec12/michechi/cache/best/best_model_emilyalsentzer_Bio_ClinicalBERT_4550_landmark4_full_4_512_last_visit_all_landmarks_True_20250815_181510_.pt for final evaluation on test set
2025-08-15 18:17:34,915: Final Test AUC (Landmark 4): 0.9293 | Test F1-Score: 0.6933
2025-08-15 18:17:34,916: Saving results to results_medical_True_emilyalsentzer_Bio_ClinicalBERT_last_visit_visits4_4550_512_full_20250815_181734.csv
Using device: cuda
   Landmark Val AUC  ... Validation Loss Training Time (s)
0         1  0.8199  ...          0.3752             288.9
1         2  0.8385  ...          0.3604             288.5
2         3  0.8691  ...          0.3358             283.8
3         4  0.9476  ...          0.2282             138.5

[4 rows x 9 columns]

Job 1855319 consumed 6.4 billing hours from project ec12.

Submitted 2025-08-15T17:57:29; waited 2.0 seconds in the queue after becoming eligible to run.

Requested wallclock time: 4.0 hours
Elapsed wallclock time:   20.1 minutes

Job exited normally.

Task and CPU statistics:
ID             CPUs  Tasks  CPU util                Start   Elapsed  Exit status
1855319          16            0.0 %  2025-08-15T17:57:31  1209.0 s  0
1855319.batch    16      1     6.0 %  2025-08-15T17:57:31  1209.0 s  0

Used CPU time:   19.4 CPU minutes
Unused CPU time: 5.0 CPU hours

Memory statistics, in GiB:
ID              Alloc   Usage
1855319          32.0        
1855319.batch    32.0     9.8

GPU usage stats:
Job 1855319 completed at Fri Aug 15 18:17:40 CEST 2025
