Starting job 1701071 on gpu-12 on fox at Fri Jun 20 14:07:41 CEST 2025

2025-06-20 14:08:05,959: Argument all_landmarks: False
2025-06-20 14:08:05,959: Argument batch_size: 8
2025-06-20 14:08:05,959: Argument cache_dir: '/cluster/work/projects/ec403/ec-michechi/Project_M'
2025-06-20 14:08:05,959: Argument early: 'loss'
2025-06-20 14:08:05,959: Argument epochs: 20
2025-06-20 14:08:05,959: Argument input_csv: '/cluster/work/projects/ec403/ec-michechi/Project_M/data/landmark_df_evo.csv'
2025-06-20 14:08:05,959: Argument lr: 2e-05
2025-06-20 14:08:05,959: Argument max_length: 512
2025-06-20 14:08:05,959: Argument max_visits: 3
2025-06-20 14:08:05,959: Argument model_name: 'emilyalsentzer/Bio_ClinicalBERT'
2025-06-20 14:08:05,959: Argument model_type: 'medbert'
2025-06-20 14:08:05,959: Argument patience: 3
2025-06-20 14:08:05,959: Argument peft: False
2025-06-20 14:08:05,959: Argument prompt_type: 'no'
2025-06-20 14:08:05,959: Argument seed: 9550
2025-06-20 14:08:05,959: Argument test_csv: '/cluster/work/projects/ec403/ec-michechi/Project_M/data/landmark_evo_test.csv'
2025-06-20 14:08:05,959: Argument train_csv: '/cluster/work/projects/ec403/ec-michechi/Project_M/data/landmark_evo_train.csv'
2025-06-20 14:08:05,959: Argument use_quantization: False
2025-06-20 14:08:05,959: Argument val_csv: '/cluster/work/projects/ec403/ec-michechi/Project_M/data/landmark_evo_vali.csv'
/fp/projects01/ec30/software/easybuild/software/nlpl-pytorch/2.1.2-foss-2022b-cuda-12.0.0-Python-3.10.8/lib/python3.10/site-packages/torch/_utils.py:831: UserWarning: TypedStorage is deprecated. It will be removed in the future and UntypedStorage will be the only storage class. This should only matter to you if you are using storages directly.  To access UntypedStorage directly, use tensor.untyped_storage() instead of tensor.storage()
  return self.fget.__get__(instance, owner)()
Some weights of BertForSequenceClassification were not initialized from the model checkpoint at emilyalsentzer/Bio_ClinicalBERT and are newly initialized: ['classifier.bias', 'classifier.weight']
You should probably TRAIN this model on a down-stream task to be able to use it for predictions and inference.
2025-06-20 14:08:08,265: Using prompt type: no
2025-06-20 14:08:08,265: Model type: medbert, Model name: emilyalsentzer/Bio_ClinicalBERT
/fp/homes01/u01/ec-michechi/Project_M/MIMICIV/src/Finetuning.py:427: DtypeWarning: Columns (16,17,18,19) have mixed types. Specify dtype option on import or set low_memory=False.
  full_train_df = pd.read_csv(args.train_csv, na_values=['', 'None', 'NaN', 'na', 'nan']).fillna('')
2025-06-20 14:08:44,273: Processing only the last landmark visit: 3
2025-06-20 14:08:44,273: Preparing data for Landmark 3
2025-06-20 14:08:45,906: Average train text length: 1239.42 words
2025-06-20 14:08:45,906: Average validation text length: 1230.17 words
2025-06-20 14:08:45,906: Average test text length: 1236.08 words
2025-06-20 14:08:45,907: Training on 14477 samples, validating on 1609, testing on 4022 samples
2025-06-20 14:10:12,669: Fine-tuning at Landmark 3
2025-06-20 14:10:13,282: Early stopping criterion: loss
2025-06-20 14:16:15,704: Landmark 3 | Epoch 1/20 | Train Loss: 0.2992 | Val Loss: 0.2273 | Validation AUC: 0.9267 | F1-Score: 0.6635
2025-06-20 14:22:18,580: Landmark 3 | Epoch 2/20 | Train Loss: 0.2339 | Val Loss: 0.2102 | Validation AUC: 0.9372 | F1-Score: 0.6509
2025-06-20 14:28:21,533: Landmark 3 | Epoch 3/20 | Train Loss: 0.2080 | Val Loss: 0.1946 | Validation AUC: 0.9475 | F1-Score: 0.6993
2025-06-20 14:34:24,332: Landmark 3 | Epoch 4/20 | Train Loss: 0.1786 | Val Loss: 0.2027 | Validation AUC: 0.9429 | F1-Score: 0.6928
2025-06-20 14:40:27,095: Landmark 3 | Epoch 5/20 | Train Loss: 0.1410 | Val Loss: 0.2133 | Validation AUC: 0.9358 | F1-Score: 0.6458
2025-06-20 14:46:30,022: Landmark 3 | Epoch 6/20 | Train Loss: 0.0998 | Val Loss: 0.3040 | Validation AUC: 0.9285 | F1-Score: 0.6767
2025-06-20 14:46:30,022: Early stopping triggered at epoch 6
2025-06-20 14:46:31,321: Tempo impiegato per Landmark 3: 2178.7 secondi
2025-06-20 14:46:31,321: Tempo medio per epoca: 363.1 secondi
2025-06-20 14:47:01,415: Final Test AUC (Landmark 3): 0.9332 | Test F1-Score: 0.6697
2025-06-20 14:47:01,453: Saving results to results_medbert_emilyalsentzer_Bio_ClinicalBERT_visits3_9550_no_20250620_144701.csv
   Landmark Val AUC  ... Validation Loss Training Time (s)
0         3  0.9475  ...          0.1946            2178.7

[1 rows x 9 columns]

Job 1701071 consumed 12.5 billing hours from project ec403.

Submitted 2025-06-20T13:42:29; waited 25.2 minutes in the queue after becoming eligible to run.

Requested wallclock time: 5.0 hours
Elapsed wallclock time:   39.5 minutes

Job exited normally.

Task and CPU statistics:
ID             CPUs  Tasks  CPU util                Start   Elapsed  Exit status
1701071          16            0.0 %  2025-06-20T14:07:41  2369.0 s  0
1701071.batch    16      1     6.2 %  2025-06-20T14:07:41  2369.0 s  0

Used CPU time:   39.0 CPU minutes
Unused CPU time: 9.9 CPU hours

Memory statistics, in GiB:
ID              Alloc   Usage
1701071          32.0        
1701071.batch    32.0    14.1

Job 1701071 completed at Fri Jun 20 14:47:11 CEST 2025
