Starting job 1836100 on gpu-1 on fox at Tue Jul 29 21:43:51 CEST 2025

2025-07-29 21:44:06,982: Argument CI: False
2025-07-29 21:44:06,982: Argument all_landmarks: True
2025-07-29 21:44:06,982: Argument batch_size: 8
2025-07-29 21:44:06,982: Argument cache_dir: '/cluster/work/projects/ec12/michechi/cache'
2025-07-29 21:44:06,982: Argument early: 'loss'
2025-07-29 21:44:06,982: Argument epochs: 20
2025-07-29 21:44:06,982: Argument gradient_accumulation_steps: 1
2025-07-29 21:44:06,982: Argument input_csv: '/fp/homes01/u01/ec-michelec/MIMICIV/data/splitted/splitted/landmark_df_evo.csv'
2025-07-29 21:44:06,982: Argument lr: 2e-05
2025-07-29 21:44:06,982: Argument max_length: 512
2025-07-29 21:44:06,982: Argument max_visits: 3
2025-07-29 21:44:06,982: Argument model_name: 'answerdotai/ModernBERT-large'
2025-07-29 21:44:06,982: Argument model_type: 'medical'
2025-07-29 21:44:06,982: Argument patience: 1
2025-07-29 21:44:06,982: Argument peft: False
2025-07-29 21:44:06,982: Argument prompt_type: 'compact_narrative'
2025-07-29 21:44:06,982: Argument seed: 5550
2025-07-29 21:44:06,982: Argument test_csv: '/fp/homes01/u01/ec-michelec/MIMICIV/data/splitted/splitted/landmark_evo_test.csv'
2025-07-29 21:44:06,982: Argument train_csv: '/fp/homes01/u01/ec-michelec/MIMICIV/data/splitted/splitted/landmark_evo_train.csv'
2025-07-29 21:44:06,983: Argument use_quantization: False
2025-07-29 21:44:06,983: Argument val_csv: '/fp/homes01/u01/ec-michelec/MIMICIV/data/splitted/splitted/landmark_evo_vali.csv'
2025-07-29 21:44:06,994: Using prompt type: compact_narrative
/fp/homes01/u01/ec-michelec/MIMICIV/src/Finetuning_rfct.py:79: DtypeWarning: Columns (16,17,18,19) have mixed types. Specify dtype option on import or set low_memory=False.
  full_train_df = pd.read_csv(args.train_csv, na_values=['', 'None', 'NaN', 'na', 'nan']).fillna('')
/fp/homes01/u01/ec-michelec/MIMICIV/src/Finetuning_rfct.py:81: DtypeWarning: Columns (16,17,18,19) have mixed types. Specify dtype option on import or set low_memory=False.
  full_test_df = pd.read_csv(args.test_csv, na_values=['', 'None', 'NaN', 'na', 'nan']).fillna('')
2025-07-29 21:44:43,101: Processing all landmarks from 1 to 3
2025-07-29 21:44:43,101: Preparing data for Landmark 1
Some weights of ModernBertForSequenceClassification were not initialized from the model checkpoint at answerdotai/ModernBERT-large and are newly initialized: ['classifier.bias', 'classifier.weight']
You should probably TRAIN this model on a down-stream task to be able to use it for predictions and inference.
2025-07-29 21:44:56,389: Average train text length: 151.90 words
2025-07-29 21:44:56,389: Average validation text length: 151.07 words
2025-07-29 21:44:56,389: Average test text length: 152.65 words
2025-07-29 21:44:56,389: Training on 14472 samples, validating on 1608, testing on 4020 samples
2025-07-29 21:45:07,397: Fine-tuning at Landmark 1
2025-07-29 21:45:07,414: Early stopping criterion: loss
/fp/homes01/u01/ec-michelec/ModernBERT/lib64/python3.9/site-packages/networkx/utils/backends.py:135: RuntimeWarning: networkx backend defined more than once: nx-loopback
  backends.update(_get_backends("networkx.backends"))
2025-07-29 21:52:45,985: Landmark 1 | Epoch 1/20 | Train Loss: 0.3935 | Val Loss: 0.3269 | Validation AUC: 0.8279 | F1-Score: 0.0813
2025-07-29 21:52:47,393: New best model saved at /cluster/work/projects/ec12/michechi/cache/best/best_model_answerdotai_ModernBERT-large_5550_landmark1_compact_narrative_3_512_all_landmarks_True_20250729_214507_.pt with AUC: 0.8279, F1: 0.0813, Val Loss: 0.3269
2025-07-29 22:00:09,562: Landmark 1 | Epoch 2/20 | Train Loss: 0.3351 | Val Loss: 0.3276 | Validation AUC: 0.8320 | F1-Score: 0.0254
2025-07-29 22:00:09,563: No improvement in epoch 2. Current best AUC: 0.8279, F1: 0.0813, Val Loss: 0.3269. Epochs without improvement: 1/1
2025-07-29 22:00:09,563: Early stopping triggered at epoch 2. Best AUC: 0.8279, F1: 0.0813, Val Loss: 0.3269
2025-07-29 22:00:10,820: Tempo impiegato per Landmark 1: 903.4 secondi
2025-07-29 22:00:10,823: Tempo medio per epoca: 451.7 secondi
2025-07-29 22:00:10,825: Loading best model from /cluster/work/projects/ec12/michechi/cache/best/best_model_answerdotai_ModernBERT-large_5550_landmark1_compact_narrative_3_512_all_landmarks_True_20250729_214507_.pt for final evaluation on test set
2025-07-29 22:00:45,468: Final Test AUC (Landmark 1): 0.8215 | Test F1-Score: 0.0748
2025-07-29 22:00:45,468: Preparing data for Landmark 2
Some weights of ModernBertForSequenceClassification were not initialized from the model checkpoint at answerdotai/ModernBERT-large and are newly initialized: ['classifier.bias', 'classifier.weight']
You should probably TRAIN this model on a down-stream task to be able to use it for predictions and inference.
2025-07-29 22:00:56,127: Average train text length: 171.18 words
2025-07-29 22:00:56,127: Average validation text length: 171.11 words
2025-07-29 22:00:56,127: Average test text length: 169.35 words
2025-07-29 22:00:56,127: Training on 14472 samples, validating on 1608, testing on 4020 samples
2025-07-29 22:01:09,046: Fine-tuning at Landmark 2
2025-07-29 22:01:09,064: Early stopping criterion: loss
2025-07-29 22:08:31,955: Landmark 2 | Epoch 1/20 | Train Loss: 0.3804 | Val Loss: 0.3675 | Validation AUC: 0.8081 | F1-Score: 0.0252
2025-07-29 22:08:33,069: New best model saved at /cluster/work/projects/ec12/michechi/cache/best/best_model_answerdotai_ModernBERT-large_5550_landmark2_compact_narrative_3_512_all_landmarks_True_20250729_220109_.pt with AUC: 0.8081, F1: 0.0252, Val Loss: 0.3675
2025-07-29 22:15:56,077: Landmark 2 | Epoch 2/20 | Train Loss: 0.3520 | Val Loss: 0.2992 | Validation AUC: 0.8609 | F1-Score: 0.4321
2025-07-29 22:15:57,146: New best model saved at /cluster/work/projects/ec12/michechi/cache/best/best_model_answerdotai_ModernBERT-large_5550_landmark2_compact_narrative_3_512_all_landmarks_True_20250729_220109_.pt with AUC: 0.8609, F1: 0.4321, Val Loss: 0.2992
2025-07-29 22:23:19,945: Landmark 2 | Epoch 3/20 | Train Loss: 0.3287 | Val Loss: 0.2953 | Validation AUC: 0.8760 | F1-Score: 0.4036
2025-07-29 22:23:21,013: New best model saved at /cluster/work/projects/ec12/michechi/cache/best/best_model_answerdotai_ModernBERT-large_5550_landmark2_compact_narrative_3_512_all_landmarks_True_20250729_220109_.pt with AUC: 0.8760, F1: 0.4036, Val Loss: 0.2953
2025-07-29 22:30:43,915: Landmark 2 | Epoch 4/20 | Train Loss: 0.3106 | Val Loss: 0.2926 | Validation AUC: 0.8746 | F1-Score: 0.4902
2025-07-29 22:30:44,976: New best model saved at /cluster/work/projects/ec12/michechi/cache/best/best_model_answerdotai_ModernBERT-large_5550_landmark2_compact_narrative_3_512_all_landmarks_True_20250729_220109_.pt with AUC: 0.8746, F1: 0.4902, Val Loss: 0.2926
2025-07-29 22:38:07,771: Landmark 2 | Epoch 5/20 | Train Loss: 0.3251 | Val Loss: 0.2818 | Validation AUC: 0.8852 | F1-Score: 0.2527
2025-07-29 22:38:08,838: New best model saved at /cluster/work/projects/ec12/michechi/cache/best/best_model_answerdotai_ModernBERT-large_5550_landmark2_compact_narrative_3_512_all_landmarks_True_20250729_220109_.pt with AUC: 0.8852, F1: 0.2527, Val Loss: 0.2818
2025-07-29 22:45:31,724: Landmark 2 | Epoch 6/20 | Train Loss: 0.2912 | Val Loss: 0.2885 | Validation AUC: 0.8840 | F1-Score: 0.3322
2025-07-29 22:45:31,724: No improvement in epoch 6. Current best AUC: 0.8852, F1: 0.2527, Val Loss: 0.2818. Epochs without improvement: 1/1
2025-07-29 22:45:31,724: Early stopping triggered at epoch 6. Best AUC: 0.8852, F1: 0.2527, Val Loss: 0.2818
2025-07-29 22:45:32,868: Tempo impiegato per Landmark 2: 2663.8 secondi
2025-07-29 22:45:32,868: Tempo medio per epoca: 444.0 secondi
2025-07-29 22:45:32,870: Loading best model from /cluster/work/projects/ec12/michechi/cache/best/best_model_answerdotai_ModernBERT-large_5550_landmark2_compact_narrative_3_512_all_landmarks_True_20250729_220109_.pt for final evaluation on test set
2025-07-29 22:46:07,531: Final Test AUC (Landmark 2): 0.8541 | Test F1-Score: 0.1862
2025-07-29 22:46:07,531: Preparing data for Landmark 3
Some weights of ModernBertForSequenceClassification were not initialized from the model checkpoint at answerdotai/ModernBERT-large and are newly initialized: ['classifier.bias', 'classifier.weight']
You should probably TRAIN this model on a down-stream task to be able to use it for predictions and inference.
2025-07-29 22:46:16,413: Average train text length: 199.70 words
2025-07-29 22:46:16,414: Average validation text length: 196.21 words
2025-07-29 22:46:16,414: Average test text length: 199.22 words
2025-07-29 22:46:16,414: Training on 14472 samples, validating on 1608, testing on 4020 samples
2025-07-29 22:46:30,798: Fine-tuning at Landmark 3
2025-07-29 22:46:30,821: Early stopping criterion: loss
2025-07-29 22:53:54,750: Landmark 3 | Epoch 1/20 | Train Loss: 0.2691 | Val Loss: 0.2219 | Validation AUC: 0.9347 | F1-Score: 0.6250
2025-07-29 22:53:55,787: New best model saved at /cluster/work/projects/ec12/michechi/cache/best/best_model_answerdotai_ModernBERT-large_5550_landmark3_compact_narrative_3_512_all_landmarks_True_20250729_224630_.pt with AUC: 0.9347, F1: 0.6250, Val Loss: 0.2219
2025-07-29 23:01:20,003: Landmark 3 | Epoch 2/20 | Train Loss: 0.2101 | Val Loss: 0.1792 | Validation AUC: 0.9570 | F1-Score: 0.7385
2025-07-29 23:01:21,048: New best model saved at /cluster/work/projects/ec12/michechi/cache/best/best_model_answerdotai_ModernBERT-large_5550_landmark3_compact_narrative_3_512_all_landmarks_True_20250729_224630_.pt with AUC: 0.9570, F1: 0.7385, Val Loss: 0.1792
2025-07-29 23:08:45,224: Landmark 3 | Epoch 3/20 | Train Loss: 0.1828 | Val Loss: 0.1973 | Validation AUC: 0.9567 | F1-Score: 0.7317
2025-07-29 23:08:45,225: No improvement in epoch 3. Current best AUC: 0.9570, F1: 0.7385, Val Loss: 0.1792. Epochs without improvement: 1/1
2025-07-29 23:08:45,225: Early stopping triggered at epoch 3. Best AUC: 0.9570, F1: 0.7385, Val Loss: 0.1792
2025-07-29 23:08:46,069: Tempo impiegato per Landmark 3: 1335.3 secondi
2025-07-29 23:08:46,069: Tempo medio per epoca: 445.1 secondi
2025-07-29 23:08:46,071: Loading best model from /cluster/work/projects/ec12/michechi/cache/best/best_model_answerdotai_ModernBERT-large_5550_landmark3_compact_narrative_3_512_all_landmarks_True_20250729_224630_.pt for final evaluation on test set
2025-07-29 23:09:20,594: Final Test AUC (Landmark 3): 0.9465 | Test F1-Score: 0.7395
2025-07-29 23:09:20,595: Saving results to results_medical_True_answerdotai_ModernBERT-large_visits3_5550_compact_narrative_20250729_230920.csv
Using device: cuda
Using device: cuda
Using device: cuda
   Landmark Val AUC  ... Validation Loss Training Time (s)
0         1  0.8279  ...          0.3269             903.4
1         2  0.8852  ...          0.2818            2663.8
2         3  0.9570  ...          0.1792            1335.3

[3 rows x 9 columns]

Job 1836100 consumed 27.1 billing hours from project ec12.

Submitted 2025-07-29T21:43:37; waited 14.0 seconds in the queue after becoming eligible to run.

Requested wallclock time: 1.8 days
Elapsed wallclock time:   1.4 hours

Job exited normally.

Task and CPU statistics:
ID             CPUs  Tasks  CPU util                Start  Elapsed  Exit status
1836100          16            0.0 %  2025-07-29T21:43:51    1.4 h  0
1836100.batch    16      1     8.9 %  2025-07-29T21:43:51    1.4 h  0

Used CPU time:   2.0 CPU hours
Unused CPU time: 20.8 CPU hours

Memory statistics, in GiB:
ID              Alloc   Usage
1836100          32.0        
1836100.batch    32.0    11.9

GPU usage stats:
Job 1836100 completed at Tue Jul 29 23:09:28 CEST 2025
