Starting job 1835943 on gpu-5 on fox at Tue Jul 29 12:32:24 CEST 2025

2025-07-29 12:32:45,273: Argument CI: False
2025-07-29 12:32:45,274: Argument all_landmarks: True
2025-07-29 12:32:45,274: Argument batch_size: 8
2025-07-29 12:32:45,274: Argument cache_dir: '/cluster/work/projects/ec12/michechi/cache'
2025-07-29 12:32:45,274: Argument early: 'loss'
2025-07-29 12:32:45,274: Argument epochs: 20
2025-07-29 12:32:45,274: Argument gradient_accumulation_steps: 1
2025-07-29 12:32:45,274: Argument input_csv: '/fp/homes01/u01/ec-michelec/MIMICIV/data/splitted/splitted/landmark_df_evo.csv'
2025-07-29 12:32:45,274: Argument lr: 2e-05
2025-07-29 12:32:45,274: Argument max_length: 512
2025-07-29 12:32:45,274: Argument max_visits: 3
2025-07-29 12:32:45,274: Argument model_name: 'Charangan/MedBERT'
2025-07-29 12:32:45,274: Argument model_type: 'medical'
2025-07-29 12:32:45,274: Argument patience: 1
2025-07-29 12:32:45,274: Argument peft: False
2025-07-29 12:32:45,274: Argument prompt_type: 'compact_no_time_rnd'
2025-07-29 12:32:45,274: Argument seed: 5550
2025-07-29 12:32:45,274: Argument test_csv: '/fp/homes01/u01/ec-michelec/MIMICIV/data/splitted/splitted/landmark_evo_test.csv'
2025-07-29 12:32:45,274: Argument train_csv: '/fp/homes01/u01/ec-michelec/MIMICIV/data/splitted/splitted/landmark_evo_train.csv'
2025-07-29 12:32:45,274: Argument use_quantization: False
2025-07-29 12:32:45,274: Argument val_csv: '/fp/homes01/u01/ec-michelec/MIMICIV/data/splitted/splitted/landmark_evo_vali.csv'
2025-07-29 12:32:45,291: Using prompt type: compact_no_time_rnd
/fp/homes01/u01/ec-michelec/MIMICIV/src/Finetuning_rfct.py:77: DtypeWarning: Columns (16,17,18,19) have mixed types. Specify dtype option on import or set low_memory=False.
  full_train_df = pd.read_csv(args.train_csv, na_values=['', 'None', 'NaN', 'na', 'nan']).fillna('')
/fp/homes01/u01/ec-michelec/MIMICIV/src/Finetuning_rfct.py:79: DtypeWarning: Columns (16,17,18,19) have mixed types. Specify dtype option on import or set low_memory=False.
  full_test_df = pd.read_csv(args.test_csv, na_values=['', 'None', 'NaN', 'na', 'nan']).fillna('')
2025-07-29 12:33:22,410: Processing all landmarks from 1 to 3
2025-07-29 12:33:22,411: Preparing data for Landmark 1
/fp/projects01/ec30/software/easybuild/software/nlpl-pytorch/2.1.2-foss-2022b-cuda-12.0.0-Python-3.10.8/lib/python3.10/site-packages/torch/_utils.py:831: UserWarning: TypedStorage is deprecated. It will be removed in the future and UntypedStorage will be the only storage class. This should only matter to you if you are using storages directly.  To access UntypedStorage directly, use tensor.untyped_storage() instead of tensor.storage()
  return self.fget.__get__(instance, owner)()
Some weights of BertForSequenceClassification were not initialized from the model checkpoint at Charangan/MedBERT and are newly initialized: ['classifier.bias', 'classifier.weight']
You should probably TRAIN this model on a down-stream task to be able to use it for predictions and inference.
2025-07-29 12:33:29,607: Average train text length: 133.90 words
2025-07-29 12:33:29,607: Average validation text length: 133.07 words
2025-07-29 12:33:29,607: Average test text length: 134.65 words
2025-07-29 12:33:29,607: Training on 14472 samples, validating on 1608, testing on 4020 samples
2025-07-29 12:33:42,514: Fine-tuning at Landmark 1
2025-07-29 12:33:43,025: Early stopping criterion: loss
2025-07-29 12:38:44,580: Landmark 1 | Epoch 1/20 | Train Loss: 0.4108 | Val Loss: 0.3847 | Validation AUC: 0.7925 | F1-Score: 0.0000
2025-07-29 12:38:44,938: New best model saved at /cluster/work/projects/ec12/michechi/cache/best/best_model_Charangan_MedBERT_5550_landmark1_compact_no_time_rnd_3_512_all_landmarks_True_20250729_123343_.pt with AUC: 0.7925, F1: 0.0000, Val Loss: 0.3847
2025-07-29 12:43:46,469: Landmark 1 | Epoch 2/20 | Train Loss: 0.3466 | Val Loss: 0.3341 | Validation AUC: 0.8106 | F1-Score: 0.3571
2025-07-29 12:43:46,779: New best model saved at /cluster/work/projects/ec12/michechi/cache/best/best_model_Charangan_MedBERT_5550_landmark1_compact_no_time_rnd_3_512_all_landmarks_True_20250729_123343_.pt with AUC: 0.8106, F1: 0.3571, Val Loss: 0.3341
2025-07-29 12:48:48,294: Landmark 1 | Epoch 3/20 | Train Loss: 0.3255 | Val Loss: 0.3278 | Validation AUC: 0.8279 | F1-Score: 0.4121
2025-07-29 12:48:48,655: New best model saved at /cluster/work/projects/ec12/michechi/cache/best/best_model_Charangan_MedBERT_5550_landmark1_compact_no_time_rnd_3_512_all_landmarks_True_20250729_123343_.pt with AUC: 0.8279, F1: 0.4121, Val Loss: 0.3278
2025-07-29 12:53:50,066: Landmark 1 | Epoch 4/20 | Train Loss: 0.3075 | Val Loss: 0.3327 | Validation AUC: 0.8101 | F1-Score: 0.3636
2025-07-29 12:53:50,066: No improvement in epoch 4. Current best AUC: 0.8279, F1: 0.4121, Val Loss: 0.3278. Epochs without improvement: 1/1
2025-07-29 12:53:50,066: Early stopping triggered at epoch 4. Best AUC: 0.8279, F1: 0.4121, Val Loss: 0.3278
2025-07-29 12:53:50,346: Tempo impiegato per Landmark 1: 1207.8 secondi
2025-07-29 12:53:50,346: Tempo medio per epoca: 302.0 secondi
2025-07-29 12:53:50,348: Loading best model from /cluster/work/projects/ec12/michechi/cache/best/best_model_Charangan_MedBERT_5550_landmark1_compact_no_time_rnd_3_512_all_landmarks_True_20250729_123343_.pt for final evaluation on test set
2025-07-29 12:54:13,582: Final Test AUC (Landmark 1): 0.8310 | Test F1-Score: 0.4323
2025-07-29 12:54:13,583: Preparing data for Landmark 2
Using device: cuda
Some weights of BertForSequenceClassification were not initialized from the model checkpoint at Charangan/MedBERT and are newly initialized: ['classifier.bias', 'classifier.weight']
You should probably TRAIN this model on a down-stream task to be able to use it for predictions and inference.
2025-07-29 12:54:21,949: Average train text length: 137.85 words
2025-07-29 12:54:21,949: Average validation text length: 137.77 words
2025-07-29 12:54:21,949: Average test text length: 136.01 words
2025-07-29 12:54:21,949: Training on 14472 samples, validating on 1608, testing on 4020 samples
2025-07-29 12:54:35,819: Fine-tuning at Landmark 2
2025-07-29 12:54:35,823: Early stopping criterion: loss
2025-07-29 12:59:37,579: Landmark 2 | Epoch 1/20 | Train Loss: 0.3625 | Val Loss: 0.3286 | Validation AUC: 0.8560 | F1-Score: 0.5019
2025-07-29 12:59:37,908: New best model saved at /cluster/work/projects/ec12/michechi/cache/best/best_model_Charangan_MedBERT_5550_landmark2_compact_no_time_rnd_3_512_all_landmarks_True_20250729_125435_.pt with AUC: 0.8560, F1: 0.5019, Val Loss: 0.3286
2025-07-29 13:04:39,501: Landmark 2 | Epoch 2/20 | Train Loss: 0.3085 | Val Loss: 0.2878 | Validation AUC: 0.8829 | F1-Score: 0.2426
2025-07-29 13:04:39,808: New best model saved at /cluster/work/projects/ec12/michechi/cache/best/best_model_Charangan_MedBERT_5550_landmark2_compact_no_time_rnd_3_512_all_landmarks_True_20250729_125435_.pt with AUC: 0.8829, F1: 0.2426, Val Loss: 0.2878
2025-07-29 13:09:41,386: Landmark 2 | Epoch 3/20 | Train Loss: 0.2880 | Val Loss: 0.2990 | Validation AUC: 0.8672 | F1-Score: 0.4800
2025-07-29 13:09:41,386: No improvement in epoch 3. Current best AUC: 0.8829, F1: 0.2426, Val Loss: 0.2878. Epochs without improvement: 1/1
2025-07-29 13:09:41,386: Early stopping triggered at epoch 3. Best AUC: 0.8829, F1: 0.2426, Val Loss: 0.2878
2025-07-29 13:09:41,631: Tempo impiegato per Landmark 2: 905.8 secondi
2025-07-29 13:09:41,631: Tempo medio per epoca: 301.9 secondi
2025-07-29 13:09:41,633: Loading best model from /cluster/work/projects/ec12/michechi/cache/best/best_model_Charangan_MedBERT_5550_landmark2_compact_no_time_rnd_3_512_all_landmarks_True_20250729_125435_.pt for final evaluation on test set
2025-07-29 13:10:04,833: Final Test AUC (Landmark 2): 0.8581 | Test F1-Score: 0.1949
2025-07-29 13:10:04,833: Preparing data for Landmark 3
Using device: cuda
Some weights of BertForSequenceClassification were not initialized from the model checkpoint at Charangan/MedBERT and are newly initialized: ['classifier.bias', 'classifier.weight']
You should probably TRAIN this model on a down-stream task to be able to use it for predictions and inference.
2025-07-29 13:10:13,919: Average train text length: 180.40 words
2025-07-29 13:10:13,920: Average validation text length: 176.07 words
2025-07-29 13:10:13,920: Average test text length: 180.19 words
2025-07-29 13:10:13,920: Training on 14472 samples, validating on 1608, testing on 4020 samples
2025-07-29 13:10:31,583: Fine-tuning at Landmark 3
2025-07-29 13:10:31,590: Early stopping criterion: loss
2025-07-29 13:15:33,278: Landmark 3 | Epoch 1/20 | Train Loss: 0.3064 | Val Loss: 0.2041 | Validation AUC: 0.9463 | F1-Score: 0.6813
2025-07-29 13:15:33,594: New best model saved at /cluster/work/projects/ec12/michechi/cache/best/best_model_Charangan_MedBERT_5550_landmark3_compact_no_time_rnd_3_512_all_landmarks_True_20250729_131031_.pt with AUC: 0.9463, F1: 0.6813, Val Loss: 0.2041
2025-07-29 13:20:35,065: Landmark 3 | Epoch 2/20 | Train Loss: 0.2058 | Val Loss: 0.1871 | Validation AUC: 0.9528 | F1-Score: 0.7191
2025-07-29 13:20:35,377: New best model saved at /cluster/work/projects/ec12/michechi/cache/best/best_model_Charangan_MedBERT_5550_landmark3_compact_no_time_rnd_3_512_all_landmarks_True_20250729_131031_.pt with AUC: 0.9528, F1: 0.7191, Val Loss: 0.1871
2025-07-29 13:25:36,799: Landmark 3 | Epoch 3/20 | Train Loss: 0.1767 | Val Loss: 0.2128 | Validation AUC: 0.9473 | F1-Score: 0.7121
2025-07-29 13:25:36,799: No improvement in epoch 3. Current best AUC: 0.9528, F1: 0.7191, Val Loss: 0.1871. Epochs without improvement: 1/1
2025-07-29 13:25:36,799: Early stopping triggered at epoch 3. Best AUC: 0.9528, F1: 0.7191, Val Loss: 0.1871
2025-07-29 13:25:37,062: Tempo impiegato per Landmark 3: 905.5 secondi
2025-07-29 13:25:37,063: Tempo medio per epoca: 301.8 secondi
2025-07-29 13:25:37,065: Loading best model from /cluster/work/projects/ec12/michechi/cache/best/best_model_Charangan_MedBERT_5550_landmark3_compact_no_time_rnd_3_512_all_landmarks_True_20250729_131031_.pt for final evaluation on test set
2025-07-29 13:26:00,268: Final Test AUC (Landmark 3): 0.9440 | Test F1-Score: 0.7413
2025-07-29 13:26:00,269: Saving results to results_medical_True_Charangan_MedBERT_visits3_5550_compact_no_time_rnd_20250729_132600.csv
Using device: cuda
   Landmark Val AUC  ... Validation Loss Training Time (s)
0         1  0.8279  ...          0.3278            1207.8
1         2  0.8829  ...          0.2878             905.8
2         3  0.9528  ...          0.1871             905.5

[3 rows x 9 columns]

Job 1835943 consumed 17.0 billing hours from project ec12.

Submitted 2025-07-29T12:32:19; waited 5.0 seconds in the queue after becoming eligible to run.

Requested wallclock time: 24.0 hours
Elapsed wallclock time:   53.7 minutes

Job exited normally.

Task and CPU statistics:
ID             CPUs  Tasks  CPU util                Start   Elapsed  Exit status
1835943          16            0.0 %  2025-07-29T12:32:24  3220.0 s  0
1835943.batch    16      1     6.2 %  2025-07-29T12:32:24  3220.0 s  0

Used CPU time:   53.2 CPU minutes
Unused CPU time: 13.4 CPU hours

Memory statistics, in GiB:
ID              Alloc   Usage
1835943          32.0        
1835943.batch    32.0    10.3

Job 1835943 completed at Tue Jul 29 13:26:05 CEST 2025
