Starting job 1647068 on gpu-9 on fox at Tue May 27 12:04:47 CEST 2025

2025-05-27 12:05:41,699: Argument batch_size: 8
2025-05-27 12:05:41,700: Argument cache_dir: '/cluster/work/projects/ec403/ec-michechi/Project_M'
2025-05-27 12:05:41,700: Argument epochs: 20
2025-05-27 12:05:41,700: Argument input_csv: 'landmark_df.csv'
2025-05-27 12:05:41,700: Argument lr: 2e-05
2025-05-27 12:05:41,700: Argument max_length: 512
2025-05-27 12:05:41,700: Argument max_visits: 3
2025-05-27 12:05:41,700: Argument model_name: 'emilyalsentzer/Bio_ClinicalBERT'
2025-05-27 12:05:41,700: Argument model_type: 'medbert'
2025-05-27 12:05:41,700: Argument patience: 3
2025-05-27 12:05:41,700: Argument peft: False
2025-05-27 12:05:41,700: Argument seed: 9550
/fp/projects01/ec30/software/easybuild/software/nlpl-pytorch/2.1.2-foss-2022b-cuda-12.0.0-Python-3.10.8/lib/python3.10/site-packages/torch/_utils.py:831: UserWarning: TypedStorage is deprecated. It will be removed in the future and UntypedStorage will be the only storage class. This should only matter to you if you are using storages directly.  To access UntypedStorage directly, use tensor.untyped_storage() instead of tensor.storage()
  return self.fget.__get__(instance, owner)()
Some weights of BertForSequenceClassification were not initialized from the model checkpoint at emilyalsentzer/Bio_ClinicalBERT and are newly initialized: ['classifier.bias', 'classifier.weight']
You should probably TRAIN this model on a down-stream task to be able to use it for predictions and inference.
2025-05-27 12:06:02,466: Fine-tuning at Landmark 1
2025-05-27 12:06:03,385: Average train text length: 133.69 words
2025-05-27 12:06:03,385: Average test text length: 133.95 words
2025-05-27 12:06:03,385: Training on 16086 samples, testing on 4022 samples
/fp/projects01/ec30/software/easybuild/software/nlpl-transformers/4.47.1-foss-2022b-Python-3.10.8/lib/python3.10/site-packages/transformers/optimization.py:591: FutureWarning: This implementation of AdamW is deprecated and will be removed in a future version. Use the PyTorch implementation torch.optim.AdamW instead, or set `no_deprecation_warning=True` to disable this warning
  warnings.warn(
2025-05-27 12:14:51,707: Landmark 1 | Epoch 1/20 | Train Loss: 0.3702 | Val Loss: 0.3474 | Validation AUC: 0.8100 | F1-Score: 0.3268
2025-05-27 12:23:25,343: Landmark 1 | Epoch 2/20 | Train Loss: 0.3324 | Val Loss: 0.3308 | Validation AUC: 0.8158 | F1-Score: 0.0303
2025-05-27 12:31:59,352: Landmark 1 | Epoch 3/20 | Train Loss: 0.3223 | Val Loss: 0.3291 | Validation AUC: 0.8188 | F1-Score: 0.0171
2025-05-27 12:40:32,828: Landmark 1 | Epoch 4/20 | Train Loss: 0.3076 | Val Loss: 0.3387 | Validation AUC: 0.8145 | F1-Score: 0.3391
2025-05-27 12:49:05,626: Landmark 1 | Epoch 5/20 | Train Loss: 0.2835 | Val Loss: 0.3442 | Validation AUC: 0.8155 | F1-Score: 0.4089
2025-05-27 12:57:37,740: Landmark 1 | Epoch 6/20 | Train Loss: 0.2500 | Val Loss: 0.3975 | Validation AUC: 0.8015 | F1-Score: 0.3678
2025-05-27 12:57:37,742: Early stopping triggered at epoch 6
2025-05-27 12:57:38,466: Tempo impiegato per Landmark 1: 3096.0 secondi
2025-05-27 12:57:38,466: Fine-tuning at Landmark 2
2025-05-27 12:57:39,579: Average train text length: 245.87 words
2025-05-27 12:57:39,579: Average test text length: 244.70 words
2025-05-27 12:57:39,579: Training on 16086 samples, testing on 4022 samples
/fp/projects01/ec30/software/easybuild/software/nlpl-transformers/4.47.1-foss-2022b-Python-3.10.8/lib/python3.10/site-packages/transformers/optimization.py:591: FutureWarning: This implementation of AdamW is deprecated and will be removed in a future version. Use the PyTorch implementation torch.optim.AdamW instead, or set `no_deprecation_warning=True` to disable this warning
  warnings.warn(
2025-05-27 13:06:36,071: Landmark 2 | Epoch 1/20 | Train Loss: 0.2947 | Val Loss: 0.3073 | Validation AUC: 0.8511 | F1-Score: 0.4177
2025-05-27 13:15:10,084: Landmark 2 | Epoch 2/20 | Train Loss: 0.2860 | Val Loss: 0.3056 | Validation AUC: 0.8499 | F1-Score: 0.3658
2025-05-27 13:23:43,100: Landmark 2 | Epoch 3/20 | Train Loss: 0.2645 | Val Loss: 0.3093 | Validation AUC: 0.8492 | F1-Score: 0.4473
2025-05-27 13:32:16,122: Landmark 2 | Epoch 4/20 | Train Loss: 0.2331 | Val Loss: 0.3576 | Validation AUC: 0.8386 | F1-Score: 0.4203
2025-05-27 13:32:16,123: Early stopping triggered at epoch 4
2025-05-27 13:32:17,256: Tempo impiegato per Landmark 2: 2078.8 secondi
2025-05-27 13:32:17,257: Fine-tuning at Landmark 3
2025-05-27 13:32:18,496: Average train text length: 363.31 words
2025-05-27 13:32:18,496: Average test text length: 363.00 words
2025-05-27 13:32:18,496: Training on 16086 samples, testing on 4022 samples
/fp/projects01/ec30/software/easybuild/software/nlpl-transformers/4.47.1-foss-2022b-Python-3.10.8/lib/python3.10/site-packages/transformers/optimization.py:591: FutureWarning: This implementation of AdamW is deprecated and will be removed in a future version. Use the PyTorch implementation torch.optim.AdamW instead, or set `no_deprecation_warning=True` to disable this warning
  warnings.warn(
2025-05-27 13:41:23,216: Landmark 3 | Epoch 1/20 | Train Loss: 0.2409 | Val Loss: 0.2401 | Validation AUC: 0.9215 | F1-Score: 0.6276
2025-05-27 13:49:53,669: Landmark 3 | Epoch 2/20 | Train Loss: 0.2180 | Val Loss: 0.2326 | Validation AUC: 0.9235 | F1-Score: 0.6233
2025-05-27 13:58:25,086: Landmark 3 | Epoch 3/20 | Train Loss: 0.1861 | Val Loss: 0.2539 | Validation AUC: 0.9168 | F1-Score: 0.6362
2025-05-27 14:06:57,376: Landmark 3 | Epoch 4/20 | Train Loss: 0.1529 | Val Loss: 0.2932 | Validation AUC: 0.9250 | F1-Score: 0.6504
2025-05-27 14:15:30,017: Landmark 3 | Epoch 5/20 | Train Loss: 0.1089 | Val Loss: 0.3241 | Validation AUC: 0.9101 | F1-Score: 0.6256
2025-05-27 14:24:01,741: Landmark 3 | Epoch 6/20 | Train Loss: 0.0803 | Val Loss: 0.3578 | Validation AUC: 0.9101 | F1-Score: 0.6273
2025-05-27 14:32:33,941: Landmark 3 | Epoch 7/20 | Train Loss: 0.0541 | Val Loss: 0.4894 | Validation AUC: 0.8901 | F1-Score: 0.6061
2025-05-27 14:32:33,941: Early stopping triggered at epoch 7
2025-05-27 14:32:35,202: Tempo impiegato per Landmark 3: 3617.9 secondi
2025-05-27 14:32:35,373: 0    0.8188
1    0.8511
2    0.9250
Name: AUC, dtype: object
   Landmark     AUC  ...  Validation Loss Training Time (s)
0         1  0.8188  ...           0.3291            3096.0
1         2  0.8511  ...           0.3073            2078.8
2         3  0.9250  ...           0.2932            3617.9

[3 rows x 6 columns]

Job 1647068 consumed 46.8 billing hours from project ec403.

Submitted 2025-05-27T12:04:46; waited 1.0 seconds in the queue after becoming eligible to run.

Requested wallclock time: 6.0 hours
Elapsed wallclock time:   2.5 hours

Job exited normally.

Task and CPU statistics:
ID             CPUs  Tasks  CPU util                Start  Elapsed  Exit status
1647068          16            0.0 %  2025-05-27T12:04:47    2.5 h  0
1647068.batch    16      1     6.2 %  2025-05-27T12:04:47    2.5 h  0

Used CPU time:   2.4 CPU hours
Unused CPU time: 1.5 CPU days

Memory statistics, in GiB:
ID              Alloc   Usage
1647068          32.0        
1647068.batch    32.0     8.9

GPU usage stats:
Job 1647068 completed at Tue May 27 14:32:41 CEST 2025
