Starting job 1839001 on gpu-2 on fox at Mon Aug 4 09:19:11 CEST 2025

2025-08-04 09:19:30,219: Argument CI: False
2025-08-04 09:19:30,221: Argument all_landmarks: True
2025-08-04 09:19:30,221: Argument batch_size: 8
2025-08-04 09:19:30,221: Argument cache_dir: '/cluster/work/projects/ec12/michechi/cache'
2025-08-04 09:19:30,221: Argument early: 'loss'
2025-08-04 09:19:30,221: Argument epochs: 20
2025-08-04 09:19:30,221: Argument gradient_accumulation_steps: 1
2025-08-04 09:19:30,221: Argument input_csv: '/fp/homes01/u01/ec-michelec/MIMICIV/data/splitted/splitted/landmark_df_evo.csv'
2025-08-04 09:19:30,221: Argument lr: 2e-05
2025-08-04 09:19:30,221: Argument max_length: 512
2025-08-04 09:19:30,221: Argument max_visits: 3
2025-08-04 09:19:30,221: Argument model_name: 'emilyalsentzer/Bio_ClinicalBERT'
2025-08-04 09:19:30,221: Argument model_type: 'medical'
2025-08-04 09:19:30,221: Argument patience: 1
2025-08-04 09:19:30,221: Argument peft: False
2025-08-04 09:19:30,221: Argument prompt_type: 'full_no_time_rnd'
2025-08-04 09:19:30,221: Argument seed: 9550
2025-08-04 09:19:30,221: Argument test_csv: '/fp/homes01/u01/ec-michelec/MIMICIV/data/splitted/splitted/landmark_evo_test_dod.csv'
2025-08-04 09:19:30,221: Argument train_csv: '/fp/homes01/u01/ec-michelec/MIMICIV/data/splitted/splitted/landmark_evo_train_dod.csv'
2025-08-04 09:19:30,221: Argument use_quantization: False
2025-08-04 09:19:30,221: Argument val_csv: '/fp/homes01/u01/ec-michelec/MIMICIV/data/splitted/splitted/landmark_evo_vali_dod.csv'
2025-08-04 09:19:30,221: Argument when_counting_death: 'last_visit'
2025-08-04 09:19:30,225: Using prompt type: full_no_time_rnd
/fp/homes01/u01/ec-michelec/MIMICIV/src/Finetuning_rfct.py:79: DtypeWarning: Columns (16,17,18,19) have mixed types. Specify dtype option on import or set low_memory=False.
  full_train_df = pd.read_csv(args.train_csv, na_values=['', 'None', 'NaN', 'na', 'nan']).fillna('')
/fp/homes01/u01/ec-michelec/MIMICIV/src/Finetuning_rfct.py:81: DtypeWarning: Columns (16,17,18,19) have mixed types. Specify dtype option on import or set low_memory=False.
  full_test_df = pd.read_csv(args.test_csv, na_values=['', 'None', 'NaN', 'na', 'nan']).fillna('')
2025-08-04 09:20:07,344: Processing all landmarks from 1 to 3
2025-08-04 09:20:07,344: Preparing data for Landmark 1
/fp/projects01/ec30/software/easybuild/software/nlpl-pytorch/2.1.2-foss-2022b-cuda-12.0.0-Python-3.10.8/lib/python3.10/site-packages/torch/_utils.py:831: UserWarning: TypedStorage is deprecated. It will be removed in the future and UntypedStorage will be the only storage class. This should only matter to you if you are using storages directly.  To access UntypedStorage directly, use tensor.untyped_storage() instead of tensor.storage()
  return self.fget.__get__(instance, owner)()
Some weights of BertForSequenceClassification were not initialized from the model checkpoint at emilyalsentzer/Bio_ClinicalBERT and are newly initialized: ['classifier.bias', 'classifier.weight']
You should probably TRAIN this model on a down-stream task to be able to use it for predictions and inference.
2025-08-04 09:20:12,981: Average train text length: 130.90 words
2025-08-04 09:20:12,981: Average validation text length: 130.07 words
2025-08-04 09:20:12,981: Average test text length: 131.65 words
2025-08-04 09:20:12,981: Training on 14472 samples, validating on 1608, testing on 4020 samples
2025-08-04 09:20:26,124: Fine-tuning at Landmark 1
2025-08-04 09:20:26,490: Early stopping criterion: loss
2025-08-04 09:22:42,436: Landmark 1 | Epoch 1/20 | Train Loss: 0.3866 | Val Loss: 0.3645 | Validation AUC: 0.8024 | F1-Score: 0.0968
2025-08-04 09:22:42,795: New best model saved at /cluster/work/projects/ec12/michechi/cache/best/best_model_emilyalsentzer_Bio_ClinicalBERT_9550_landmark1_full_no_time_rnd_3_512_last_visit_all_landmarks_True_20250804_092026_.pt with AUC: 0.8024, F1: 0.0968, Val Loss: 0.3645
2025-08-04 09:24:58,945: Landmark 1 | Epoch 2/20 | Train Loss: 0.3433 | Val Loss: 0.3192 | Validation AUC: 0.8278 | F1-Score: 0.3304
2025-08-04 09:24:59,308: New best model saved at /cluster/work/projects/ec12/michechi/cache/best/best_model_emilyalsentzer_Bio_ClinicalBERT_9550_landmark1_full_no_time_rnd_3_512_last_visit_all_landmarks_True_20250804_092026_.pt with AUC: 0.8278, F1: 0.3304, Val Loss: 0.3192
2025-08-04 09:27:15,472: Landmark 1 | Epoch 3/20 | Train Loss: 0.3240 | Val Loss: 0.3171 | Validation AUC: 0.8304 | F1-Score: 0.3540
2025-08-04 09:27:15,834: New best model saved at /cluster/work/projects/ec12/michechi/cache/best/best_model_emilyalsentzer_Bio_ClinicalBERT_9550_landmark1_full_no_time_rnd_3_512_last_visit_all_landmarks_True_20250804_092026_.pt with AUC: 0.8304, F1: 0.3540, Val Loss: 0.3171
2025-08-04 09:29:32,002: Landmark 1 | Epoch 4/20 | Train Loss: 0.3050 | Val Loss: 0.3190 | Validation AUC: 0.8358 | F1-Score: 0.4583
2025-08-04 09:29:32,003: No improvement in epoch 4. Current best AUC: 0.8304, F1: 0.3540, Val Loss: 0.3171. Epochs without improvement: 1/1
2025-08-04 09:29:32,003: Early stopping triggered at epoch 4. Best AUC: 0.8304, F1: 0.3540, Val Loss: 0.3171
2025-08-04 09:29:32,275: Tempo impiegato per Landmark 1: 546.2 secondi
2025-08-04 09:29:32,275: Tempo medio per epoca: 136.5 secondi
2025-08-04 09:29:32,276: Loading best model from /cluster/work/projects/ec12/michechi/cache/best/best_model_emilyalsentzer_Bio_ClinicalBERT_9550_landmark1_full_no_time_rnd_3_512_last_visit_all_landmarks_True_20250804_092026_.pt for final evaluation on test set
2025-08-04 09:29:43,604: Final Test AUC (Landmark 1): 0.8235 | Test F1-Score: 0.2966
2025-08-04 09:29:43,605: Preparing data for Landmark 2
Using device: cuda
Some weights of BertForSequenceClassification were not initialized from the model checkpoint at emilyalsentzer/Bio_ClinicalBERT and are newly initialized: ['classifier.bias', 'classifier.weight']
You should probably TRAIN this model on a down-stream task to be able to use it for predictions and inference.
2025-08-04 09:29:50,785: Average train text length: 237.75 words
2025-08-04 09:29:50,785: Average validation text length: 236.84 words
2025-08-04 09:29:50,785: Average test text length: 236.66 words
2025-08-04 09:29:50,785: Training on 14472 samples, validating on 1608, testing on 4020 samples
2025-08-04 09:30:15,231: Fine-tuning at Landmark 2
2025-08-04 09:30:15,235: Early stopping criterion: loss
2025-08-04 09:32:32,393: Landmark 2 | Epoch 1/20 | Train Loss: 0.3644 | Val Loss: 0.3012 | Validation AUC: 0.8676 | F1-Score: 0.3810
2025-08-04 09:32:32,709: New best model saved at /cluster/work/projects/ec12/michechi/cache/best/best_model_emilyalsentzer_Bio_ClinicalBERT_9550_landmark2_full_no_time_rnd_3_512_last_visit_all_landmarks_True_20250804_093015_.pt with AUC: 0.8676, F1: 0.3810, Val Loss: 0.3012
2025-08-04 09:34:50,150: Landmark 2 | Epoch 2/20 | Train Loss: 0.3178 | Val Loss: 0.2869 | Validation AUC: 0.8711 | F1-Score: 0.4781
2025-08-04 09:34:50,471: New best model saved at /cluster/work/projects/ec12/michechi/cache/best/best_model_emilyalsentzer_Bio_ClinicalBERT_9550_landmark2_full_no_time_rnd_3_512_last_visit_all_landmarks_True_20250804_093015_.pt with AUC: 0.8711, F1: 0.4781, Val Loss: 0.2869
2025-08-04 09:37:07,909: Landmark 2 | Epoch 3/20 | Train Loss: 0.2964 | Val Loss: 0.2860 | Validation AUC: 0.8752 | F1-Score: 0.5087
2025-08-04 09:37:08,219: New best model saved at /cluster/work/projects/ec12/michechi/cache/best/best_model_emilyalsentzer_Bio_ClinicalBERT_9550_landmark2_full_no_time_rnd_3_512_last_visit_all_landmarks_True_20250804_093015_.pt with AUC: 0.8752, F1: 0.5087, Val Loss: 0.2860
2025-08-04 09:39:25,695: Landmark 2 | Epoch 4/20 | Train Loss: 0.2722 | Val Loss: 0.2937 | Validation AUC: 0.8740 | F1-Score: 0.5310
2025-08-04 09:39:25,695: No improvement in epoch 4. Current best AUC: 0.8752, F1: 0.5087, Val Loss: 0.2860. Epochs without improvement: 1/1
2025-08-04 09:39:25,695: Early stopping triggered at epoch 4. Best AUC: 0.8752, F1: 0.5087, Val Loss: 0.2860
2025-08-04 09:39:25,934: Tempo impiegato per Landmark 2: 550.7 secondi
2025-08-04 09:39:25,934: Tempo medio per epoca: 137.7 secondi
2025-08-04 09:39:25,936: Loading best model from /cluster/work/projects/ec12/michechi/cache/best/best_model_emilyalsentzer_Bio_ClinicalBERT_9550_landmark2_full_no_time_rnd_3_512_last_visit_all_landmarks_True_20250804_093015_.pt for final evaluation on test set
2025-08-04 09:39:37,247: Final Test AUC (Landmark 2): 0.8605 | Test F1-Score: 0.4820
2025-08-04 09:39:37,247: Preparing data for Landmark 3
Using device: cuda
Some weights of BertForSequenceClassification were not initialized from the model checkpoint at emilyalsentzer/Bio_ClinicalBERT and are newly initialized: ['classifier.bias', 'classifier.weight']
You should probably TRAIN this model on a down-stream task to be able to use it for predictions and inference.
2025-08-04 09:39:46,948: Average train text length: 356.21 words
2025-08-04 09:39:46,948: Average validation text length: 351.55 words
2025-08-04 09:39:46,948: Average test text length: 354.77 words
2025-08-04 09:39:46,948: Training on 14472 samples, validating on 1608, testing on 4020 samples
2025-08-04 09:40:23,315: Fine-tuning at Landmark 3
2025-08-04 09:40:23,321: Early stopping criterion: loss
2025-08-04 09:42:39,319: Landmark 3 | Epoch 1/20 | Train Loss: 0.2971 | Val Loss: 0.2291 | Validation AUC: 0.9342 | F1-Score: 0.6602
2025-08-04 09:42:39,653: New best model saved at /cluster/work/projects/ec12/michechi/cache/best/best_model_emilyalsentzer_Bio_ClinicalBERT_9550_landmark3_full_no_time_rnd_3_512_last_visit_all_landmarks_True_20250804_094023_.pt with AUC: 0.9342, F1: 0.6602, Val Loss: 0.2291
2025-08-04 09:44:55,854: Landmark 3 | Epoch 2/20 | Train Loss: 0.2379 | Val Loss: 0.2115 | Validation AUC: 0.9385 | F1-Score: 0.6833
2025-08-04 09:44:56,175: New best model saved at /cluster/work/projects/ec12/michechi/cache/best/best_model_emilyalsentzer_Bio_ClinicalBERT_9550_landmark3_full_no_time_rnd_3_512_last_visit_all_landmarks_True_20250804_094023_.pt with AUC: 0.9385, F1: 0.6833, Val Loss: 0.2115
2025-08-04 09:47:12,377: Landmark 3 | Epoch 3/20 | Train Loss: 0.2164 | Val Loss: 0.2058 | Validation AUC: 0.9403 | F1-Score: 0.6812
2025-08-04 09:47:12,694: New best model saved at /cluster/work/projects/ec12/michechi/cache/best/best_model_emilyalsentzer_Bio_ClinicalBERT_9550_landmark3_full_no_time_rnd_3_512_last_visit_all_landmarks_True_20250804_094023_.pt with AUC: 0.9403, F1: 0.6812, Val Loss: 0.2058
2025-08-04 09:49:28,909: Landmark 3 | Epoch 4/20 | Train Loss: 0.1989 | Val Loss: 0.2509 | Validation AUC: 0.9397 | F1-Score: 0.6533
2025-08-04 09:49:28,911: No improvement in epoch 4. Current best AUC: 0.9403, F1: 0.6812, Val Loss: 0.2058. Epochs without improvement: 1/1
2025-08-04 09:49:28,911: Early stopping triggered at epoch 4. Best AUC: 0.9403, F1: 0.6812, Val Loss: 0.2058
2025-08-04 09:49:29,154: Tempo impiegato per Landmark 3: 545.8 secondi
2025-08-04 09:49:29,154: Tempo medio per epoca: 136.5 secondi
2025-08-04 09:49:29,156: Loading best model from /cluster/work/projects/ec12/michechi/cache/best/best_model_emilyalsentzer_Bio_ClinicalBERT_9550_landmark3_full_no_time_rnd_3_512_last_visit_all_landmarks_True_20250804_094023_.pt for final evaluation on test set
2025-08-04 09:49:40,096: Final Test AUC (Landmark 3): 0.9318 | Test F1-Score: 0.6647
2025-08-04 09:49:40,098: Saving results to results_medical_True_emilyalsentzer_Bio_ClinicalBERT_last_visit_visits3_9550_512_full_no_time_rnd_20250804_094940.csv
Using device: cuda
   Landmark Val AUC  ... Validation Loss Training Time (s)
0         1  0.8304  ...          0.3171             546.2
1         2  0.8752  ...          0.2860             550.7
2         3  0.9403  ...          0.2058             545.8

[3 rows x 9 columns]

Job 1839001 consumed 9.7 billing hours from project ec12.

Submitted 2025-08-04T09:18:53; waited 18.0 seconds in the queue after becoming eligible to run.

Requested wallclock time: 6.0 hours
Elapsed wallclock time:   30.6 minutes

Job exited normally.

Task and CPU statistics:
ID             CPUs  Tasks  CPU util                Start   Elapsed  Exit status
1839001          16            0.0 %  2025-08-04T09:19:11  1834.0 s  0
1839001.batch    16      1     6.2 %  2025-08-04T09:19:11  1834.0 s  0

Used CPU time:   30.3 CPU minutes
Unused CPU time: 7.6 CPU hours

Memory statistics, in GiB:
ID              Alloc   Usage
1839001          32.0        
1839001.batch    32.0    11.9

GPU usage stats:
Job 1839001 completed at Mon Aug 4 09:49:45 CEST 2025
