Starting job 1855298 on gpu-15 on fox at Fri Aug 15 15:59:46 CEST 2025

2025-08-15 16:00:16,355: Argument CI: False
2025-08-15 16:00:16,355: Argument all_landmarks: True
2025-08-15 16:00:16,355: Argument batch_size: 8
2025-08-15 16:00:16,355: Argument cache_dir: '/cluster/work/projects/ec12/michechi/cache'
2025-08-15 16:00:16,355: Argument early: 'loss'
2025-08-15 16:00:16,355: Argument epochs: 20
2025-08-15 16:00:16,355: Argument gradient_accumulation_steps: 1
2025-08-15 16:00:16,355: Argument input_csv: '/fp/homes01/u01/ec-michelec/MIMICIV/data/splitted/splitted/landmark_df_evo.csv'
2025-08-15 16:00:16,355: Argument lr: 2e-05
2025-08-15 16:00:16,355: Argument max_length: 512
2025-08-15 16:00:16,355: Argument max_visits: 4
2025-08-15 16:00:16,355: Argument model_name: 'emilyalsentzer/Bio_ClinicalBERT'
2025-08-15 16:00:16,355: Argument model_type: 'medical'
2025-08-15 16:00:16,355: Argument patience: 1
2025-08-15 16:00:16,355: Argument peft: False
2025-08-15 16:00:16,355: Argument prompt_type: 'naive'
2025-08-15 16:00:16,355: Argument seed: 4550
2025-08-15 16:00:16,355: Argument test_csv: '/fp/homes01/u01/ec-michelec/MIMICIV/data/splitted/splitted/landmark_evo_test_dod_fxd.csv'
2025-08-15 16:00:16,355: Argument train_csv: '/fp/homes01/u01/ec-michelec/MIMICIV/data/splitted/splitted/landmark_evo_train_dod_fxd.csv'
2025-08-15 16:00:16,355: Argument use_quantization: False
2025-08-15 16:00:16,355: Argument val_csv: '/fp/homes01/u01/ec-michelec/MIMICIV/data/splitted/splitted/landmark_evo_vali_dod_fxd.csv'
2025-08-15 16:00:16,356: Argument when_counting_death: 'last_visit'
2025-08-15 16:00:16,365: Using prompt type: naive
/fp/homes01/u01/ec-michelec/MIMICIV/src/Finetuning_rfct.py:79: DtypeWarning: Columns (16,17,18,19) have mixed types. Specify dtype option on import or set low_memory=False.
  full_train_df = pd.read_csv(args.train_csv, na_values=['', 'None', 'NaN', 'na', 'nan']).fillna('')
/fp/homes01/u01/ec-michelec/MIMICIV/src/Finetuning_rfct.py:81: DtypeWarning: Columns (16,17,18,19) have mixed types. Specify dtype option on import or set low_memory=False.
  full_test_df = pd.read_csv(args.test_csv, na_values=['', 'None', 'NaN', 'na', 'nan']).fillna('')
2025-08-15 16:00:47,744: Processing all landmarks from 1 to 4
2025-08-15 16:00:47,744: Preparing data for Landmark 1
/fp/projects01/ec30/software/easybuild/software/nlpl-pytorch/2.1.2-foss-2022b-cuda-12.0.0-Python-3.10.8/lib/python3.10/site-packages/torch/_utils.py:831: UserWarning: TypedStorage is deprecated. It will be removed in the future and UntypedStorage will be the only storage class. This should only matter to you if you are using storages directly.  To access UntypedStorage directly, use tensor.untyped_storage() instead of tensor.storage()
  return self.fget.__get__(instance, owner)()
Some weights of BertForSequenceClassification were not initialized from the model checkpoint at emilyalsentzer/Bio_ClinicalBERT and are newly initialized: ['classifier.bias', 'classifier.weight']
You should probably TRAIN this model on a down-stream task to be able to use it for predictions and inference.
2025-08-15 16:00:52,539: Example train text: Based on this information, what is the probability of mortality within 90 days?
Patient is a 43-year-old F. This is the patient history till visit 1.
During visit 1:
	Diagnosis: Diverticulitis of colon (without mention of hemorrhage); Acute kidney failure, unspecified; Abscess of intestine; Other postoperative infection; Cellulitis and abscess of trunk; Methicillin susceptible Staphylococcus aureus in conditions classified elsewhere and of unspecified site; Removal of other organ (partial) (total) causing abnormal patient reaction, or later complication, without mention of misadventure at time of operation; Hypovolemia; Nausea with vomiting
	Medications: NS; Potassium Chloride; OxycoDONE (Immediate Release) ; Magnesium Citrate; SW; Magnesium Sulfate; Prochlorperazine; Lorazepam; HYDROmorphone (Dilaudid); Iso-Osmotic Dextrose; Piperacillin-Tazobactam Na; Potassium Chl 20 mEq / 1000 mL D5 1/2 NS; Insulin; LR; Acetaminophen; Ondansetron; Ketorolac; OxycoDONE-Acetaminophen Elixir; Sodium Chloride 0.9%  Flush; Docusate Sodium; Hydrocodone-Acetaminophen; D5W; Clindamycin; Fluticasone Propionate NASAL; Ciprofloxacin; Pantoprazole; Metoclopramide; Calcium Carbonate; Vancomycin; Cephalexin; Heparin; Bupivacaine 0.5%; Promethazine HCl; D5 1/2NS; Hydrocortisone (Rectal) 2.5% Cream; Morphine Sulfate; Escitalopram Oxalate; Maalox/Diphenhydramine/Lidocaine; Nafcillin; HydrOXYzine; MetRONIDAZOLE (FLagyl); Ibuprofen
	Procedures: Open and other sigmoidectomy
2025-08-15 16:00:52,611: Average train text length: 134.64 words
2025-08-15 16:00:52,611: Average validation text length: 138.88 words
2025-08-15 16:00:52,611: Average test text length: 135.93 words
2025-08-15 16:00:52,611: Training on 8040 samples, validating on 894, testing on 2234 samples
2025-08-15 16:00:59,926: Fine-tuning at Landmark 1
2025-08-15 16:01:00,311: Early stopping criterion: loss
2025-08-15 16:02:14,627: Landmark 1 | Epoch 1/20 | Train Loss: 0.4828 | Val Loss: 0.4142 | Validation AUC: 0.7750 | F1-Score: 0.3730
2025-08-15 16:02:14,961: New best model saved at /cluster/work/projects/ec12/michechi/cache/best/best_model_emilyalsentzer_Bio_ClinicalBERT_4550_landmark1_naive_4_512_last_visit_all_landmarks_True_20250815_160100_.pt with AUC: 0.7750, F1: 0.3730, Val Loss: 0.4142
2025-08-15 16:03:29,565: Landmark 1 | Epoch 2/20 | Train Loss: 0.4107 | Val Loss: 0.3778 | Validation AUC: 0.8230 | F1-Score: 0.4570
2025-08-15 16:03:29,941: New best model saved at /cluster/work/projects/ec12/michechi/cache/best/best_model_emilyalsentzer_Bio_ClinicalBERT_4550_landmark1_naive_4_512_last_visit_all_landmarks_True_20250815_160100_.pt with AUC: 0.8230, F1: 0.4570, Val Loss: 0.3778
2025-08-15 16:04:44,607: Landmark 1 | Epoch 3/20 | Train Loss: 0.3784 | Val Loss: 0.3796 | Validation AUC: 0.8215 | F1-Score: 0.3478
2025-08-15 16:04:44,607: No improvement in epoch 3. Current best AUC: 0.8230, F1: 0.4570, Val Loss: 0.3778. Epochs without improvement: 1/1
2025-08-15 16:04:44,607: Early stopping triggered at epoch 3. Best AUC: 0.8230, F1: 0.4570, Val Loss: 0.3778
2025-08-15 16:04:44,888: Tempo impiegato per Landmark 1: 225.0 secondi
2025-08-15 16:04:44,888: Tempo medio per epoca: 75.0 secondi
2025-08-15 16:04:44,890: Loading best model from /cluster/work/projects/ec12/michechi/cache/best/best_model_emilyalsentzer_Bio_ClinicalBERT_4550_landmark1_naive_4_512_last_visit_all_landmarks_True_20250815_160100_.pt for final evaluation on test set
2025-08-15 16:04:51,244: Final Test AUC (Landmark 1): 0.7780 | Test F1-Score: 0.3989
2025-08-15 16:04:51,244: Preparing data for Landmark 2
Using device: cuda
Some weights of BertForSequenceClassification were not initialized from the model checkpoint at emilyalsentzer/Bio_ClinicalBERT and are newly initialized: ['classifier.bias', 'classifier.weight']
You should probably TRAIN this model on a down-stream task to be able to use it for predictions and inference.
2025-08-15 16:04:57,384: Example train text: Based on this information, what is the probability of mortality within 90 days?
Patient is a 43-year-old F. This is the patient history till visit 2.
During visit 1:
	Diagnosis: Diverticulitis of colon (without mention of hemorrhage); Acute kidney failure, unspecified; Abscess of intestine; Other postoperative infection; Cellulitis and abscess of trunk; Methicillin susceptible Staphylococcus aureus in conditions classified elsewhere and of unspecified site; Removal of other organ (partial) (total) causing abnormal patient reaction, or later complication, without mention of misadventure at time of operation; Hypovolemia; Nausea with vomiting
	Medications: NS; Potassium Chloride; OxycoDONE (Immediate Release) ; Magnesium Citrate; SW; Magnesium Sulfate; Prochlorperazine; Lorazepam; HYDROmorphone (Dilaudid); Iso-Osmotic Dextrose; Piperacillin-Tazobactam Na; Potassium Chl 20 mEq / 1000 mL D5 1/2 NS; Insulin; LR; Acetaminophen; Ondansetron; Ketorolac; OxycoDONE-Acetaminophen Elixir; Sodium Chloride 0.9%  Flush; Docusate Sodium; Hydrocodone-Acetaminophen; D5W; Clindamycin; Fluticasone Propionate NASAL; Ciprofloxacin; Pantoprazole; Metoclopramide; Calcium Carbonate; Vancomycin; Cephalexin; Heparin; Bupivacaine 0.5%; Promethazine HCl; D5 1/2NS; Hydrocortisone (Rectal) 2.5% Cream; Morphine Sulfate; Escitalopram Oxalate; Maalox/Diphenhydramine/Lidocaine; Nafcillin; HydrOXYzine; MetRONIDAZOLE (FLagyl); Ibuprofen
	Procedures: Open and other sigmoidectomy
During visit 2:
	Diagnosis: Esophageal reflux; Diverticulosis of colon (without mention of hemorrhage); Other specified aftercare following surgery
	Medications: LR; Ranitidine; Acetaminophen; Escitalopram Oxalate; Promethazine; Heparin; Ondansetron ODT; Potassium Chl 20 mEq / 1000 mL D5 1/2 NS; Pantoprazole; Sodium Chloride 0.9%  Flush; Fluticasone Propionate NASAL; Ondansetron
	Procedures: 
2025-08-15 16:04:57,523: Average train text length: 248.48 words
2025-08-15 16:04:57,523: Average validation text length: 253.32 words
2025-08-15 16:04:57,523: Average test text length: 249.70 words
2025-08-15 16:04:57,523: Training on 8040 samples, validating on 894, testing on 2234 samples
2025-08-15 16:05:11,457: Fine-tuning at Landmark 2
2025-08-15 16:05:11,460: Early stopping criterion: loss
2025-08-15 16:06:26,981: Landmark 2 | Epoch 1/20 | Train Loss: 0.4736 | Val Loss: 0.4087 | Validation AUC: 0.7829 | F1-Score: 0.4016
2025-08-15 16:06:27,324: New best model saved at /cluster/work/projects/ec12/michechi/cache/best/best_model_emilyalsentzer_Bio_ClinicalBERT_4550_landmark2_naive_4_512_last_visit_all_landmarks_True_20250815_160511_.pt with AUC: 0.7829, F1: 0.4016, Val Loss: 0.4087
2025-08-15 16:07:42,990: Landmark 2 | Epoch 2/20 | Train Loss: 0.4036 | Val Loss: 0.3848 | Validation AUC: 0.8227 | F1-Score: 0.4275
2025-08-15 16:07:43,319: New best model saved at /cluster/work/projects/ec12/michechi/cache/best/best_model_emilyalsentzer_Bio_ClinicalBERT_4550_landmark2_naive_4_512_last_visit_all_landmarks_True_20250815_160511_.pt with AUC: 0.8227, F1: 0.4275, Val Loss: 0.3848
2025-08-15 16:08:58,906: Landmark 2 | Epoch 3/20 | Train Loss: 0.3749 | Val Loss: 0.3723 | Validation AUC: 0.8272 | F1-Score: 0.4320
2025-08-15 16:08:59,229: New best model saved at /cluster/work/projects/ec12/michechi/cache/best/best_model_emilyalsentzer_Bio_ClinicalBERT_4550_landmark2_naive_4_512_last_visit_all_landmarks_True_20250815_160511_.pt with AUC: 0.8272, F1: 0.4320, Val Loss: 0.3723
2025-08-15 16:10:15,095: Landmark 2 | Epoch 4/20 | Train Loss: 0.3515 | Val Loss: 0.3689 | Validation AUC: 0.8274 | F1-Score: 0.3983
2025-08-15 16:10:15,438: New best model saved at /cluster/work/projects/ec12/michechi/cache/best/best_model_emilyalsentzer_Bio_ClinicalBERT_4550_landmark2_naive_4_512_last_visit_all_landmarks_True_20250815_160511_.pt with AUC: 0.8274, F1: 0.3983, Val Loss: 0.3689
2025-08-15 16:11:31,160: Landmark 2 | Epoch 5/20 | Train Loss: 0.3236 | Val Loss: 0.3973 | Validation AUC: 0.8220 | F1-Score: 0.4818
2025-08-15 16:11:31,160: No improvement in epoch 5. Current best AUC: 0.8274, F1: 0.3983, Val Loss: 0.3689. Epochs without improvement: 1/1
2025-08-15 16:11:31,160: Early stopping triggered at epoch 5. Best AUC: 0.8274, F1: 0.3983, Val Loss: 0.3689
2025-08-15 16:11:31,431: Tempo impiegato per Landmark 2: 380.0 secondi
2025-08-15 16:11:31,431: Tempo medio per epoca: 76.0 secondi
2025-08-15 16:11:31,433: Loading best model from /cluster/work/projects/ec12/michechi/cache/best/best_model_emilyalsentzer_Bio_ClinicalBERT_4550_landmark2_naive_4_512_last_visit_all_landmarks_True_20250815_160511_.pt for final evaluation on test set
2025-08-15 16:11:37,774: Final Test AUC (Landmark 2): 0.8015 | Test F1-Score: 0.3294
2025-08-15 16:11:37,774: Preparing data for Landmark 3
Using device: cuda
Some weights of BertForSequenceClassification were not initialized from the model checkpoint at emilyalsentzer/Bio_ClinicalBERT and are newly initialized: ['classifier.bias', 'classifier.weight']
You should probably TRAIN this model on a down-stream task to be able to use it for predictions and inference.
2025-08-15 16:11:48,435: Example train text: Based on this information, what is the probability of mortality within 90 days?
Patient is a 46-year-old F. This is the patient history till visit 3.
During visit 1:
	Diagnosis: Diverticulitis of colon (without mention of hemorrhage); Acute kidney failure, unspecified; Abscess of intestine; Other postoperative infection; Cellulitis and abscess of trunk; Methicillin susceptible Staphylococcus aureus in conditions classified elsewhere and of unspecified site; Removal of other organ (partial) (total) causing abnormal patient reaction, or later complication, without mention of misadventure at time of operation; Hypovolemia; Nausea with vomiting
	Medications: NS; Potassium Chloride; OxycoDONE (Immediate Release) ; Magnesium Citrate; SW; Magnesium Sulfate; Prochlorperazine; Lorazepam; HYDROmorphone (Dilaudid); Iso-Osmotic Dextrose; Piperacillin-Tazobactam Na; Potassium Chl 20 mEq / 1000 mL D5 1/2 NS; Insulin; LR; Acetaminophen; Ondansetron; Ketorolac; OxycoDONE-Acetaminophen Elixir; Sodium Chloride 0.9%  Flush; Docusate Sodium; Hydrocodone-Acetaminophen; D5W; Clindamycin; Fluticasone Propionate NASAL; Ciprofloxacin; Pantoprazole; Metoclopramide; Calcium Carbonate; Vancomycin; Cephalexin; Heparin; Bupivacaine 0.5%; Promethazine HCl; D5 1/2NS; Hydrocortisone (Rectal) 2.5% Cream; Morphine Sulfate; Escitalopram Oxalate; Maalox/Diphenhydramine/Lidocaine; Nafcillin; HydrOXYzine; MetRONIDAZOLE (FLagyl); Ibuprofen
	Procedures: Open and other sigmoidectomy
During visit 2:
	Diagnosis: Esophageal reflux; Diverticulosis of colon (without mention of hemorrhage); Other specified aftercare following surgery
	Medications: LR; Ranitidine; Acetaminophen; Escitalopram Oxalate; Promethazine; Heparin; Ondansetron ODT; Potassium Chl 20 mEq / 1000 mL D5 1/2 NS; Pantoprazole; Sodium Chloride 0.9%  Flush; Fluticasone Propionate NASAL; Ondansetron
	Procedures: 
During visit 3:
	Diagnosis: Chest pain, unspecified; Orthostatic hypotension
	Medications: 
	Procedures: 
2025-08-15 16:11:48,633: Average train text length: 369.00 words
2025-08-15 16:11:48,633: Average validation text length: 374.02 words
2025-08-15 16:11:48,633: Average test text length: 368.87 words
2025-08-15 16:11:48,633: Training on 8040 samples, validating on 894, testing on 2234 samples
2025-08-15 16:12:09,281: Fine-tuning at Landmark 3
2025-08-15 16:12:09,286: Early stopping criterion: loss
2025-08-15 16:13:23,900: Landmark 3 | Epoch 1/20 | Train Loss: 0.4712 | Val Loss: 0.3880 | Validation AUC: 0.8209 | F1-Score: 0.4060
2025-08-15 16:13:24,259: New best model saved at /cluster/work/projects/ec12/michechi/cache/best/best_model_emilyalsentzer_Bio_ClinicalBERT_4550_landmark3_naive_4_512_last_visit_all_landmarks_True_20250815_161209_.pt with AUC: 0.8209, F1: 0.4060, Val Loss: 0.3880
2025-08-15 16:14:39,200: Landmark 3 | Epoch 2/20 | Train Loss: 0.3894 | Val Loss: 0.3725 | Validation AUC: 0.8457 | F1-Score: 0.3529
2025-08-15 16:14:39,606: New best model saved at /cluster/work/projects/ec12/michechi/cache/best/best_model_emilyalsentzer_Bio_ClinicalBERT_4550_landmark3_naive_4_512_last_visit_all_landmarks_True_20250815_161209_.pt with AUC: 0.8457, F1: 0.3529, Val Loss: 0.3725
2025-08-15 16:15:54,416: Landmark 3 | Epoch 3/20 | Train Loss: 0.3643 | Val Loss: 0.3522 | Validation AUC: 0.8483 | F1-Score: 0.3846
2025-08-15 16:15:54,752: New best model saved at /cluster/work/projects/ec12/michechi/cache/best/best_model_emilyalsentzer_Bio_ClinicalBERT_4550_landmark3_naive_4_512_last_visit_all_landmarks_True_20250815_161209_.pt with AUC: 0.8483, F1: 0.3846, Val Loss: 0.3522
2025-08-15 16:17:09,629: Landmark 3 | Epoch 4/20 | Train Loss: 0.3400 | Val Loss: 0.3536 | Validation AUC: 0.8440 | F1-Score: 0.4765
2025-08-15 16:17:09,629: No improvement in epoch 4. Current best AUC: 0.8483, F1: 0.3846, Val Loss: 0.3522. Epochs without improvement: 1/1
2025-08-15 16:17:09,629: Early stopping triggered at epoch 4. Best AUC: 0.8483, F1: 0.3846, Val Loss: 0.3522
2025-08-15 16:17:09,917: Tempo impiegato per Landmark 3: 300.6 secondi
2025-08-15 16:17:09,917: Tempo medio per epoca: 75.2 secondi
2025-08-15 16:17:09,919: Loading best model from /cluster/work/projects/ec12/michechi/cache/best/best_model_emilyalsentzer_Bio_ClinicalBERT_4550_landmark3_naive_4_512_last_visit_all_landmarks_True_20250815_161209_.pt for final evaluation on test set
2025-08-15 16:17:15,988: Final Test AUC (Landmark 3): 0.8212 | Test F1-Score: 0.3404
2025-08-15 16:17:15,989: Preparing data for Landmark 4
Using device: cuda
Some weights of BertForSequenceClassification were not initialized from the model checkpoint at emilyalsentzer/Bio_ClinicalBERT and are newly initialized: ['classifier.bias', 'classifier.weight']
You should probably TRAIN this model on a down-stream task to be able to use it for predictions and inference.
2025-08-15 16:17:32,125: Example train text: Based on this information, what is the probability of mortality within 90 days?
Patient is a 47-year-old F. This is the patient history till visit 4.
During visit 1:
	Diagnosis: Diverticulitis of colon (without mention of hemorrhage); Acute kidney failure, unspecified; Abscess of intestine; Other postoperative infection; Cellulitis and abscess of trunk; Methicillin susceptible Staphylococcus aureus in conditions classified elsewhere and of unspecified site; Removal of other organ (partial) (total) causing abnormal patient reaction, or later complication, without mention of misadventure at time of operation; Hypovolemia; Nausea with vomiting
	Medications: NS; Potassium Chloride; OxycoDONE (Immediate Release) ; Magnesium Citrate; SW; Magnesium Sulfate; Prochlorperazine; Lorazepam; HYDROmorphone (Dilaudid); Iso-Osmotic Dextrose; Piperacillin-Tazobactam Na; Potassium Chl 20 mEq / 1000 mL D5 1/2 NS; Insulin; LR; Acetaminophen; Ondansetron; Ketorolac; OxycoDONE-Acetaminophen Elixir; Sodium Chloride 0.9%  Flush; Docusate Sodium; Hydrocodone-Acetaminophen; D5W; Clindamycin; Fluticasone Propionate NASAL; Ciprofloxacin; Pantoprazole; Metoclopramide; Calcium Carbonate; Vancomycin; Cephalexin; Heparin; Bupivacaine 0.5%; Promethazine HCl; D5 1/2NS; Hydrocortisone (Rectal) 2.5% Cream; Morphine Sulfate; Escitalopram Oxalate; Maalox/Diphenhydramine/Lidocaine; Nafcillin; HydrOXYzine; MetRONIDAZOLE (FLagyl); Ibuprofen
	Procedures: Open and other sigmoidectomy
During visit 2:
	Diagnosis: Esophageal reflux; Diverticulosis of colon (without mention of hemorrhage); Other specified aftercare following surgery
	Medications: LR; Ranitidine; Acetaminophen; Escitalopram Oxalate; Promethazine; Heparin; Ondansetron ODT; Potassium Chl 20 mEq / 1000 mL D5 1/2 NS; Pantoprazole; Sodium Chloride 0.9%  Flush; Fluticasone Propionate NASAL; Ondansetron
	Procedures: 
During visit 3:
	Diagnosis: Chest pain, unspecified; Orthostatic hypotension
	Medications: 
	Procedures: 
During visit 4:
	Diagnosis: Other specified disorders of intestine; Ulceration of intestine; Other and unspecified ovarian cyst; Diverticulosis of colon (without mention of hemorrhage); Intestinal bypass or anastomosis status; Anxiety state, unspecified; Esophageal reflux
	Medications: Ondansetron ODT; Calcium Carbonate; Senna; Vitamin D; Omeprazole; HYDROmorphone (Dilaudid); Desitin; 0.45% Sodium Chloride; Acetaminophen; 0.9% Sodium Chloride; Docusate Sodium; Lorazepam; Multivitamins; Influenza Virus Vaccine; Golytely; Neutra-Phos; Escitalopram Oxalate; Sodium Chloride 0.9%  Flush; Fish Oil (Omega 3); Fluticasone Propionate NASAL; Heparin; Ondansetron; Naproxen; Ranitidine; Ketorolac
	Procedures: Closed [endoscopic] biopsy of large intestine
2025-08-15 16:17:32,405: Average train text length: 502.40 words
2025-08-15 16:17:32,405: Average validation text length: 507.15 words
2025-08-15 16:17:32,405: Average test text length: 502.74 words
2025-08-15 16:17:32,405: Training on 8040 samples, validating on 894, testing on 2234 samples
2025-08-15 16:18:00,419: Fine-tuning at Landmark 4
2025-08-15 16:18:00,425: Early stopping criterion: loss
2025-08-15 16:19:13,335: Landmark 4 | Epoch 1/20 | Train Loss: 0.4674 | Val Loss: 0.3764 | Validation AUC: 0.8275 | F1-Score: 0.4511
2025-08-15 16:19:13,687: New best model saved at /cluster/work/projects/ec12/michechi/cache/best/best_model_emilyalsentzer_Bio_ClinicalBERT_4550_landmark4_naive_4_512_last_visit_all_landmarks_True_20250815_161800_.pt with AUC: 0.8275, F1: 0.4511, Val Loss: 0.3764
2025-08-15 16:20:26,891: Landmark 4 | Epoch 2/20 | Train Loss: 0.3871 | Val Loss: 0.3742 | Validation AUC: 0.8456 | F1-Score: 0.4303
2025-08-15 16:20:27,247: New best model saved at /cluster/work/projects/ec12/michechi/cache/best/best_model_emilyalsentzer_Bio_ClinicalBERT_4550_landmark4_naive_4_512_last_visit_all_landmarks_True_20250815_161800_.pt with AUC: 0.8456, F1: 0.4303, Val Loss: 0.3742
2025-08-15 16:21:40,339: Landmark 4 | Epoch 3/20 | Train Loss: 0.3573 | Val Loss: 0.3444 | Validation AUC: 0.8579 | F1-Score: 0.3915
2025-08-15 16:21:40,704: New best model saved at /cluster/work/projects/ec12/michechi/cache/best/best_model_emilyalsentzer_Bio_ClinicalBERT_4550_landmark4_naive_4_512_last_visit_all_landmarks_True_20250815_161800_.pt with AUC: 0.8579, F1: 0.3915, Val Loss: 0.3444
2025-08-15 16:22:53,858: Landmark 4 | Epoch 4/20 | Train Loss: 0.3305 | Val Loss: 0.3603 | Validation AUC: 0.8457 | F1-Score: 0.5373
2025-08-15 16:22:53,858: No improvement in epoch 4. Current best AUC: 0.8579, F1: 0.3915, Val Loss: 0.3444. Epochs without improvement: 1/1
2025-08-15 16:22:53,858: Early stopping triggered at epoch 4. Best AUC: 0.8579, F1: 0.3915, Val Loss: 0.3444
2025-08-15 16:22:54,143: Tempo impiegato per Landmark 4: 293.7 secondi
2025-08-15 16:22:54,144: Tempo medio per epoca: 73.4 secondi
2025-08-15 16:22:54,146: Loading best model from /cluster/work/projects/ec12/michechi/cache/best/best_model_emilyalsentzer_Bio_ClinicalBERT_4550_landmark4_naive_4_512_last_visit_all_landmarks_True_20250815_161800_.pt for final evaluation on test set
2025-08-15 16:22:59,872: Final Test AUC (Landmark 4): 0.8215 | Test F1-Score: 0.3298
2025-08-15 16:22:59,874: Saving results to results_medical_True_emilyalsentzer_Bio_ClinicalBERT_last_visit_visits4_4550_512_naive_20250815_162259.csv
Using device: cuda
   Landmark Val AUC  ... Validation Loss Training Time (s)
0         1  0.8230  ...          0.3778             225.0
1         2  0.8274  ...          0.3689             380.0
2         3  0.8483  ...          0.3522             300.6
3         4  0.8579  ...          0.3444             293.7

[4 rows x 9 columns]

Job 1855298 consumed 7.4 billing hours from project ec12.

Submitted 2025-08-15T15:59:30; waited 16.0 seconds in the queue after becoming eligible to run.

Requested wallclock time: 4.0 hours
Elapsed wallclock time:   23.3 minutes

Job exited normally.

Task and CPU statistics:
ID             CPUs  Tasks  CPU util                Start   Elapsed  Exit status
1855298          16            0.0 %  2025-08-15T15:59:46  1399.0 s  0
1855298.batch    16      1     6.1 %  2025-08-15T15:59:46  1399.0 s  0

Used CPU time:   22.9 CPU minutes
Unused CPU time: 5.8 CPU hours

Memory statistics, in GiB:
ID              Alloc   Usage
1855298          32.0        
1855298.batch    32.0     9.6

Job 1855298 completed at Fri Aug 15 16:23:05 CEST 2025
