Starting job 1699973 on gpu-9 on fox at Thu Jun 19 11:39:54 CEST 2025

2025-06-19 11:40:31,304: Argument all_landmarks: False
2025-06-19 11:40:31,305: Argument batch_size: 8
2025-06-19 11:40:31,305: Argument cache_dir: '/cluster/work/projects/ec403/ec-michechi/Project_M'
2025-06-19 11:40:31,305: Argument early: 'loss'
2025-06-19 11:40:31,305: Argument epochs: 20
2025-06-19 11:40:31,305: Argument input_csv: '/cluster/work/projects/ec403/ec-michechi/Project_M/data/landmark_df_evo.csv'
2025-06-19 11:40:31,305: Argument lr: 2e-05
2025-06-19 11:40:31,305: Argument max_length: 512
2025-06-19 11:40:31,305: Argument max_visits: 3
2025-06-19 11:40:31,305: Argument model_name: 'Charangan/MedBERT'
2025-06-19 11:40:31,305: Argument model_type: 'medbert'
2025-06-19 11:40:31,305: Argument patience: 3
2025-06-19 11:40:31,305: Argument peft: False
2025-06-19 11:40:31,305: Argument prompt_type: 'naive'
2025-06-19 11:40:31,305: Argument seed: 4550
2025-06-19 11:40:31,305: Argument test_csv: '/cluster/work/projects/ec403/ec-michechi/Project_M/data/landmark_evo_test.csv'
2025-06-19 11:40:31,305: Argument train_csv: '/cluster/work/projects/ec403/ec-michechi/Project_M/data/landmark_evo_train.csv'
2025-06-19 11:40:31,305: Argument use_quantization: False
2025-06-19 11:40:31,305: Argument val_csv: '/cluster/work/projects/ec403/ec-michechi/Project_M/data/landmark_evo_vali.csv'
/fp/projects01/ec30/software/easybuild/software/nlpl-pytorch/2.1.2-foss-2022b-cuda-12.0.0-Python-3.10.8/lib/python3.10/site-packages/torch/_utils.py:831: UserWarning: TypedStorage is deprecated. It will be removed in the future and UntypedStorage will be the only storage class. This should only matter to you if you are using storages directly.  To access UntypedStorage directly, use tensor.untyped_storage() instead of tensor.storage()
  return self.fget.__get__(instance, owner)()
Some weights of BertForSequenceClassification were not initialized from the model checkpoint at Charangan/MedBERT and are newly initialized: ['classifier.bias', 'classifier.weight']
You should probably TRAIN this model on a down-stream task to be able to use it for predictions and inference.
2025-06-19 11:40:35,356: Using prompt type: naive
2025-06-19 11:40:35,356: Model type: medbert, Model name: Charangan/MedBERT
/fp/homes01/u01/ec-michechi/Project_M/MIMICIV/src/Finetuning.py:427: DtypeWarning: Columns (16,17,18,19) have mixed types. Specify dtype option on import or set low_memory=False.
  full_train_df = pd.read_csv(args.train_csv, na_values=['', 'None', 'NaN', 'na', 'nan']).fillna('')
2025-06-19 11:41:11,894: Processing only the last landmark visit: 3
2025-06-19 11:41:11,894: Preparing data for Landmark 3
2025-06-19 11:41:13,844: Average train text length: 1276.52 words
2025-06-19 11:41:13,844: Average validation text length: 1267.29 words
2025-06-19 11:41:13,844: Average test text length: 1273.20 words
2025-06-19 11:41:13,844: Training on 14477 samples, validating on 1609, testing on 4022 samples
2025-06-19 11:42:35,664: Fine-tuning at Landmark 3
2025-06-19 11:42:36,995: Early stopping criterion: loss
2025-06-19 11:47:40,093: Landmark 3 | Epoch 1/20 | Train Loss: 0.3456 | Val Loss: 0.2352 | Validation AUC: 0.9240 | F1-Score: 0.6311
2025-06-19 11:52:44,168: Landmark 3 | Epoch 2/20 | Train Loss: 0.2478 | Val Loss: 0.2280 | Validation AUC: 0.9329 | F1-Score: 0.5647
2025-06-19 11:57:48,307: Landmark 3 | Epoch 3/20 | Train Loss: 0.2206 | Val Loss: 0.2070 | Validation AUC: 0.9385 | F1-Score: 0.6697
2025-06-19 12:02:52,902: Landmark 3 | Epoch 4/20 | Train Loss: 0.1932 | Val Loss: 0.2288 | Validation AUC: 0.9299 | F1-Score: 0.6376
2025-06-19 12:07:58,266: Landmark 3 | Epoch 5/20 | Train Loss: 0.1571 | Val Loss: 0.2383 | Validation AUC: 0.9302 | F1-Score: 0.6921
2025-06-19 12:13:03,793: Landmark 3 | Epoch 6/20 | Train Loss: 0.1086 | Val Loss: 0.3242 | Validation AUC: 0.9179 | F1-Score: 0.6489
2025-06-19 12:13:03,793: Early stopping triggered at epoch 6
2025-06-19 12:13:04,904: Tempo impiegato per Landmark 3: 1829.2 secondi
2025-06-19 12:13:04,906: Tempo medio per epoca: 304.9 secondi
2025-06-19 12:13:31,676: Final Test AUC (Landmark 3): 0.9214 | Test F1-Score: 0.6485
2025-06-19 12:13:31,677: Saving results to results_medbert_Charangan_MedBERT_visits3_20250619_121331.csv
   Landmark Val AUC  ... Validation Loss Training Time (s)
0         3  0.9385  ...          0.2070            1829.2

[1 rows x 9 columns]

Job 1699973 consumed 10.7 billing hours from project ec403.

Submitted 2025-06-19T10:53:12; waited 46.7 minutes in the queue after becoming eligible to run.

Requested wallclock time: 5.0 hours
Elapsed wallclock time:   33.7 minutes

Job exited normally.

Task and CPU statistics:
ID             CPUs  Tasks  CPU util                Start   Elapsed  Exit status
1699973          16            0.0 %  2025-06-19T11:39:54  2023.0 s  0
1699973.batch    16      1     6.1 %  2025-06-19T11:39:54  2023.0 s  0

Used CPU time:   33.1 CPU minutes
Unused CPU time: 8.4 CPU hours

Memory statistics, in GiB:
ID              Alloc   Usage
1699973          32.0        
1699973.batch    32.0    14.7

GPU usage stats:
Job 1699973 completed at Thu Jun 19 12:13:37 CEST 2025
