Starting job 1835714 on gpu-5 on fox at Mon Jul 28 21:30:41 CEST 2025

2025-07-28 21:30:56,854: Argument CI: False
2025-07-28 21:30:56,855: Argument all_landmarks: True
2025-07-28 21:30:56,855: Argument batch_size: 8
2025-07-28 21:30:56,855: Argument cache_dir: '/cluster/work/projects/ec12/michechi/cache'
2025-07-28 21:30:56,855: Argument early: 'loss'
2025-07-28 21:30:56,855: Argument epochs: 20
2025-07-28 21:30:56,855: Argument gradient_accumulation_steps: 1
2025-07-28 21:30:56,855: Argument input_csv: '/fp/homes01/u01/ec-michelec/MIMICIV/data/splitted/splitted/landmark_df_evo.csv'
2025-07-28 21:30:56,855: Argument lr: 2e-05
2025-07-28 21:30:56,855: Argument max_length: 512
2025-07-28 21:30:56,855: Argument max_visits: 3
2025-07-28 21:30:56,855: Argument model_name: 'emilyalsentzer/Bio_ClinicalBERT'
2025-07-28 21:30:56,855: Argument model_type: 'medical'
2025-07-28 21:30:56,855: Argument patience: 1
2025-07-28 21:30:56,855: Argument peft: False
2025-07-28 21:30:56,855: Argument prompt_type: 'full_no_time_rnd'
2025-07-28 21:30:56,855: Argument seed: 5550
2025-07-28 21:30:56,855: Argument test_csv: '/fp/homes01/u01/ec-michelec/MIMICIV/data/splitted/splitted/landmark_evo_test.csv'
2025-07-28 21:30:56,855: Argument train_csv: '/fp/homes01/u01/ec-michelec/MIMICIV/data/splitted/splitted/landmark_evo_train.csv'
2025-07-28 21:30:56,855: Argument use_quantization: False
2025-07-28 21:30:56,855: Argument val_csv: '/fp/homes01/u01/ec-michelec/MIMICIV/data/splitted/splitted/landmark_evo_vali.csv'
2025-07-28 21:30:56,859: Using prompt type: full_no_time_rnd
/fp/homes01/u01/ec-michelec/MIMICIV/src/Finetuning_rfct.py:77: DtypeWarning: Columns (16,17,18,19) have mixed types. Specify dtype option on import or set low_memory=False.
  full_train_df = pd.read_csv(args.train_csv, na_values=['', 'None', 'NaN', 'na', 'nan']).fillna('')
/fp/homes01/u01/ec-michelec/MIMICIV/src/Finetuning_rfct.py:79: DtypeWarning: Columns (16,17,18,19) have mixed types. Specify dtype option on import or set low_memory=False.
  full_test_df = pd.read_csv(args.test_csv, na_values=['', 'None', 'NaN', 'na', 'nan']).fillna('')
2025-07-28 21:31:33,682: Processing all landmarks from 1 to 3
2025-07-28 21:31:33,682: Preparing data for Landmark 1
/fp/projects01/ec30/software/easybuild/software/nlpl-pytorch/2.1.2-foss-2022b-cuda-12.0.0-Python-3.10.8/lib/python3.10/site-packages/torch/_utils.py:831: UserWarning: TypedStorage is deprecated. It will be removed in the future and UntypedStorage will be the only storage class. This should only matter to you if you are using storages directly.  To access UntypedStorage directly, use tensor.untyped_storage() instead of tensor.storage()
  return self.fget.__get__(instance, owner)()
Some weights of BertForSequenceClassification were not initialized from the model checkpoint at emilyalsentzer/Bio_ClinicalBERT and are newly initialized: ['classifier.bias', 'classifier.weight']
You should probably TRAIN this model on a down-stream task to be able to use it for predictions and inference.
2025-07-28 21:31:38,336: Average train text length: 130.90 words
2025-07-28 21:31:38,337: Average validation text length: 130.07 words
2025-07-28 21:31:38,337: Average test text length: 131.65 words
2025-07-28 21:31:38,337: Training on 14472 samples, validating on 1608, testing on 4020 samples
2025-07-28 21:31:51,540: Fine-tuning at Landmark 1
2025-07-28 21:31:51,904: Early stopping criterion: loss
2025-07-28 21:36:52,777: Landmark 1 | Epoch 1/20 | Train Loss: 0.4049 | Val Loss: 0.3661 | Validation AUC: 0.8003 | F1-Score: 0.0000
2025-07-28 21:36:53,130: New best model saved at /cluster/work/projects/ec12/michechi/cache/best/best_model_emilyalsentzer_Bio_ClinicalBERT_landmark1_full_no_time_rnd_3_512_all_landmarks_True_20250728_213151_.pt with AUC: 0.8003, F1: 0.0000, Val Loss: 0.3661
2025-07-28 21:41:54,309: Landmark 1 | Epoch 2/20 | Train Loss: 0.3397 | Val Loss: 0.3231 | Validation AUC: 0.8244 | F1-Score: 0.2875
2025-07-28 21:41:54,637: New best model saved at /cluster/work/projects/ec12/michechi/cache/best/best_model_emilyalsentzer_Bio_ClinicalBERT_landmark1_full_no_time_rnd_3_512_all_landmarks_True_20250728_213151_.pt with AUC: 0.8244, F1: 0.2875, Val Loss: 0.3231
2025-07-28 21:46:55,738: Landmark 1 | Epoch 3/20 | Train Loss: 0.3191 | Val Loss: 0.3226 | Validation AUC: 0.8368 | F1-Score: 0.4354
2025-07-28 21:46:56,078: New best model saved at /cluster/work/projects/ec12/michechi/cache/best/best_model_emilyalsentzer_Bio_ClinicalBERT_landmark1_full_no_time_rnd_3_512_all_landmarks_True_20250728_213151_.pt with AUC: 0.8368, F1: 0.4354, Val Loss: 0.3226
2025-07-28 21:51:57,132: Landmark 1 | Epoch 4/20 | Train Loss: 0.2995 | Val Loss: 0.3224 | Validation AUC: 0.8321 | F1-Score: 0.4033
2025-07-28 21:51:57,508: New best model saved at /cluster/work/projects/ec12/michechi/cache/best/best_model_emilyalsentzer_Bio_ClinicalBERT_landmark1_full_no_time_rnd_3_512_all_landmarks_True_20250728_213151_.pt with AUC: 0.8321, F1: 0.4033, Val Loss: 0.3224
2025-07-28 21:56:58,690: Landmark 1 | Epoch 5/20 | Train Loss: 0.2612 | Val Loss: 0.3582 | Validation AUC: 0.8270 | F1-Score: 0.3747
2025-07-28 21:56:58,691: No improvement in epoch 5. Current best AUC: 0.8321, F1: 0.4033, Val Loss: 0.3224. Epochs without improvement: 1/1
2025-07-28 21:56:58,691: Early stopping triggered at epoch 5. Best AUC: 0.8321, F1: 0.4033, Val Loss: 0.3224
2025-07-28 21:56:58,965: Tempo impiegato per Landmark 1: 1507.4 secondi
2025-07-28 21:56:58,966: Tempo medio per epoca: 301.5 secondi
2025-07-28 21:56:58,967: Loading best model from /cluster/work/projects/ec12/michechi/cache/best/best_model_emilyalsentzer_Bio_ClinicalBERT_landmark1_full_no_time_rnd_3_512_all_landmarks_True_20250728_213151_.pt for final evaluation on test set
2025-07-28 21:57:22,242: Final Test AUC (Landmark 1): 0.8339 | Test F1-Score: 0.3791
2025-07-28 21:57:22,242: Preparing data for Landmark 2
Using device: cuda
Some weights of BertForSequenceClassification were not initialized from the model checkpoint at emilyalsentzer/Bio_ClinicalBERT and are newly initialized: ['classifier.bias', 'classifier.weight']
You should probably TRAIN this model on a down-stream task to be able to use it for predictions and inference.
2025-07-28 21:57:28,395: Average train text length: 237.75 words
2025-07-28 21:57:28,395: Average validation text length: 236.84 words
2025-07-28 21:57:28,395: Average test text length: 236.66 words
2025-07-28 21:57:28,395: Training on 14472 samples, validating on 1608, testing on 4020 samples
2025-07-28 21:57:52,731: Fine-tuning at Landmark 2
2025-07-28 21:57:52,735: Early stopping criterion: loss
2025-07-28 22:02:54,145: Landmark 2 | Epoch 1/20 | Train Loss: 0.3569 | Val Loss: 0.3016 | Validation AUC: 0.8636 | F1-Score: 0.2947
2025-07-28 22:02:54,473: New best model saved at /cluster/work/projects/ec12/michechi/cache/best/best_model_emilyalsentzer_Bio_ClinicalBERT_landmark2_full_no_time_rnd_3_512_all_landmarks_True_20250728_215752_.pt with AUC: 0.8636, F1: 0.2947, Val Loss: 0.3016
2025-07-28 22:07:56,255: Landmark 2 | Epoch 2/20 | Train Loss: 0.3155 | Val Loss: 0.2968 | Validation AUC: 0.8711 | F1-Score: 0.5098
2025-07-28 22:07:56,558: New best model saved at /cluster/work/projects/ec12/michechi/cache/best/best_model_emilyalsentzer_Bio_ClinicalBERT_landmark2_full_no_time_rnd_3_512_all_landmarks_True_20250728_215752_.pt with AUC: 0.8711, F1: 0.5098, Val Loss: 0.2968
2025-07-28 22:12:58,321: Landmark 2 | Epoch 3/20 | Train Loss: 0.2949 | Val Loss: 0.3209 | Validation AUC: 0.8701 | F1-Score: 0.5102
2025-07-28 22:12:58,321: No improvement in epoch 3. Current best AUC: 0.8711, F1: 0.5098, Val Loss: 0.2968. Epochs without improvement: 1/1
2025-07-28 22:12:58,321: Early stopping triggered at epoch 3. Best AUC: 0.8711, F1: 0.5098, Val Loss: 0.2968
2025-07-28 22:12:58,567: Tempo impiegato per Landmark 2: 905.8 secondi
2025-07-28 22:12:58,568: Tempo medio per epoca: 301.9 secondi
2025-07-28 22:12:58,570: Loading best model from /cluster/work/projects/ec12/michechi/cache/best/best_model_emilyalsentzer_Bio_ClinicalBERT_landmark2_full_no_time_rnd_3_512_all_landmarks_True_20250728_215752_.pt for final evaluation on test set
2025-07-28 22:13:21,809: Final Test AUC (Landmark 2): 0.8597 | Test F1-Score: 0.4822
2025-07-28 22:13:21,809: Preparing data for Landmark 3
Using device: cuda
Some weights of BertForSequenceClassification were not initialized from the model checkpoint at emilyalsentzer/Bio_ClinicalBERT and are newly initialized: ['classifier.bias', 'classifier.weight']
You should probably TRAIN this model on a down-stream task to be able to use it for predictions and inference.
2025-07-28 22:13:30,573: Average train text length: 356.21 words
2025-07-28 22:13:30,573: Average validation text length: 351.55 words
2025-07-28 22:13:30,573: Average test text length: 354.77 words
2025-07-28 22:13:30,573: Training on 14472 samples, validating on 1608, testing on 4020 samples
2025-07-28 22:14:06,681: Fine-tuning at Landmark 3
2025-07-28 22:14:06,687: Early stopping criterion: loss
2025-07-28 22:19:05,718: Landmark 3 | Epoch 1/20 | Train Loss: 0.3228 | Val Loss: 0.2359 | Validation AUC: 0.9239 | F1-Score: 0.6308
2025-07-28 22:19:06,034: New best model saved at /cluster/work/projects/ec12/michechi/cache/best/best_model_emilyalsentzer_Bio_ClinicalBERT_landmark3_full_no_time_rnd_3_512_all_landmarks_True_20250728_221406_.pt with AUC: 0.9239, F1: 0.6308, Val Loss: 0.2359
2025-07-28 22:24:04,858: Landmark 3 | Epoch 2/20 | Train Loss: 0.2329 | Val Loss: 0.2098 | Validation AUC: 0.9413 | F1-Score: 0.6567
2025-07-28 22:24:05,168: New best model saved at /cluster/work/projects/ec12/michechi/cache/best/best_model_emilyalsentzer_Bio_ClinicalBERT_landmark3_full_no_time_rnd_3_512_all_landmarks_True_20250728_221406_.pt with AUC: 0.9413, F1: 0.6567, Val Loss: 0.2098
2025-07-28 22:29:03,968: Landmark 3 | Epoch 3/20 | Train Loss: 0.2160 | Val Loss: 0.2095 | Validation AUC: 0.9425 | F1-Score: 0.6840
2025-07-28 22:29:04,287: New best model saved at /cluster/work/projects/ec12/michechi/cache/best/best_model_emilyalsentzer_Bio_ClinicalBERT_landmark3_full_no_time_rnd_3_512_all_landmarks_True_20250728_221406_.pt with AUC: 0.9425, F1: 0.6840, Val Loss: 0.2095
2025-07-28 22:34:03,148: Landmark 3 | Epoch 4/20 | Train Loss: 0.1909 | Val Loss: 0.2104 | Validation AUC: 0.9435 | F1-Score: 0.6920
2025-07-28 22:34:03,148: No improvement in epoch 4. Current best AUC: 0.9425, F1: 0.6840, Val Loss: 0.2095. Epochs without improvement: 1/1
2025-07-28 22:34:03,148: Early stopping triggered at epoch 4. Best AUC: 0.9425, F1: 0.6840, Val Loss: 0.2095
2025-07-28 22:34:03,394: Tempo impiegato per Landmark 3: 1196.7 secondi
2025-07-28 22:34:03,395: Tempo medio per epoca: 299.2 secondi
2025-07-28 22:34:03,396: Loading best model from /cluster/work/projects/ec12/michechi/cache/best/best_model_emilyalsentzer_Bio_ClinicalBERT_landmark3_full_no_time_rnd_3_512_all_landmarks_True_20250728_221406_.pt for final evaluation on test set
2025-07-28 22:34:26,026: Final Test AUC (Landmark 3): 0.9362 | Test F1-Score: 0.6856
2025-07-28 22:34:26,027: Saving results to results_medical_True_emilyalsentzer_Bio_ClinicalBERT_visits3_5550_full_no_time_rnd_20250728_223426.csv
Using device: cuda
   Landmark Val AUC  ... Validation Loss Training Time (s)
0         1  0.8321  ...          0.3224            1507.4
1         2  0.8711  ...          0.2968             905.8
2         3  0.9425  ...          0.2095            1196.7

[3 rows x 9 columns]

Job 1835714 consumed 20.2 billing hours from project ec12.

Submitted 2025-07-28T21:30:40; waited 0.0 seconds in the queue after becoming eligible to run.

Requested wallclock time: 24.0 hours
Elapsed wallclock time:   1.1 hours

Job exited normally.

Task and CPU statistics:
ID             CPUs  Tasks  CPU util                Start  Elapsed  Exit status
1835714          16            0.0 %  2025-07-28T21:30:40    1.1 h  0
1835714.batch    16      1     6.2 %  2025-07-28T21:30:40    1.1 h  0

Used CPU time:   1.1 CPU hours
Unused CPU time: 16.0 CPU hours

Memory statistics, in GiB:
ID              Alloc   Usage
1835714          32.0        
1835714.batch    32.0    11.9

Job 1835714 completed at Mon Jul 28 22:34:31 CEST 2025
