Starting job 1853796 on gpu-9 on fox at Wed Aug 13 14:35:02 CEST 2025

2025-08-13 14:35:29,112: Argument CI: False
2025-08-13 14:35:29,113: Argument all_landmarks: True
2025-08-13 14:35:29,113: Argument batch_size: 8
2025-08-13 14:35:29,113: Argument cache_dir: '/cluster/work/projects/ec12/michechi/cache'
2025-08-13 14:35:29,113: Argument early: 'loss'
2025-08-13 14:35:29,113: Argument epochs: 20
2025-08-13 14:35:29,113: Argument gradient_accumulation_steps: 1
2025-08-13 14:35:29,113: Argument input_csv: '/fp/homes01/u01/ec-michelec/MIMICIV/data/splitted/splitted/landmark_df_evo.csv'
2025-08-13 14:35:29,113: Argument lr: 2e-05
2025-08-13 14:35:29,113: Argument max_length: 512
2025-08-13 14:35:29,113: Argument max_visits: 4
2025-08-13 14:35:29,113: Argument model_name: 'Charangan/MedBERT'
2025-08-13 14:35:29,113: Argument model_type: 'medical'
2025-08-13 14:35:29,113: Argument patience: 3
2025-08-13 14:35:29,113: Argument peft: False
2025-08-13 14:35:29,113: Argument prompt_type: 'full'
2025-08-13 14:35:29,113: Argument seed: 4550
2025-08-13 14:35:29,113: Argument test_csv: '/fp/homes01/u01/ec-michelec/MIMICIV/data/splitted/splitted/landmark_evo_test_dod.csv'
2025-08-13 14:35:29,113: Argument train_csv: '/fp/homes01/u01/ec-michelec/MIMICIV/data/splitted/splitted/landmark_evo_train_dod.csv'
2025-08-13 14:35:29,113: Argument use_quantization: False
2025-08-13 14:35:29,113: Argument val_csv: '/fp/homes01/u01/ec-michelec/MIMICIV/data/splitted/splitted/landmark_evo_vali_dod.csv'
2025-08-13 14:35:29,113: Argument when_counting_death: 'landmark'
2025-08-13 14:35:29,133: Using prompt type: full
/fp/homes01/u01/ec-michelec/MIMICIV/src/Finetuning_rfct.py:79: DtypeWarning: Columns (16,17,18,19) have mixed types. Specify dtype option on import or set low_memory=False.
  full_train_df = pd.read_csv(args.train_csv, na_values=['', 'None', 'NaN', 'na', 'nan']).fillna('')
/fp/homes01/u01/ec-michelec/MIMICIV/src/Finetuning_rfct.py:81: DtypeWarning: Columns (16,17,18,19) have mixed types. Specify dtype option on import or set low_memory=False.
  full_test_df = pd.read_csv(args.test_csv, na_values=['', 'None', 'NaN', 'na', 'nan']).fillna('')
2025-08-13 14:36:05,958: Processing all landmarks from 1 to 4
2025-08-13 14:36:05,958: Preparing data for Landmark 1
/fp/projects01/ec30/software/easybuild/software/nlpl-pytorch/2.1.2-foss-2022b-cuda-12.0.0-Python-3.10.8/lib/python3.10/site-packages/torch/_utils.py:831: UserWarning: TypedStorage is deprecated. It will be removed in the future and UntypedStorage will be the only storage class. This should only matter to you if you are using storages directly.  To access UntypedStorage directly, use tensor.untyped_storage() instead of tensor.storage()
  return self.fget.__get__(instance, owner)()
Some weights of BertForSequenceClassification were not initialized from the model checkpoint at Charangan/MedBERT and are newly initialized: ['classifier.bias', 'classifier.weight']
You should probably TRAIN this model on a down-stream task to be able to use it for predictions and inference.
2025-08-13 14:36:11,962: Example train text: You are a Doctor.
What is the probability of death in the next 90 days from today for this 43-year-old F patient?
Today is the 1 visit.

Diagnosis history:
Today: Diverticulitis of colon (without mention of hemorrhage); Acute kidney failure, unspecified; Abscess of intestine; Other postoperative infection; Cellulitis and abscess of trunk; Methicillin susceptible Staphylococcus aureus in conditions classified elsewhere and of unspecified site; Removal of other organ (partial) (total) causing abnormal patient reaction, or later complication, without mention of misadventure at time of operation; Hypovolemia; Nausea with vomiting.
Prescriptions history:
Today: NS; Potassium Chloride; OxycoDONE (Immediate Release) ; Magnesium Citrate; SW; Magnesium Sulfate; Prochlorperazine; Lorazepam; HYDROmorphone (Dilaudid); Iso-Osmotic Dextrose; Piperacillin-Tazobactam Na; Potassium Chl 20 mEq / 1000 mL D5 1/2 NS; Insulin; LR; Acetaminophen; Ondansetron; Ketorolac; OxycoDONE-Acetaminophen Elixir; Sodium Chloride 0.9%  Flush; Docusate Sodium; Hydrocodone-Acetaminophen; D5W; Clindamycin; Fluticasone Propionate NASAL; Ciprofloxacin; Pantoprazole; Metoclopramide; Calcium Carbonate; Vancomycin; Cephalexin; Heparin; Bupivacaine 0.5%; Promethazine HCl; D5 1/2NS; Hydrocortisone (Rectal) 2.5% Cream; Morphine Sulfate; Escitalopram Oxalate; Maalox/Diphenhydramine/Lidocaine; Nafcillin; HydrOXYzine; MetRONIDAZOLE (FLagyl); Ibuprofen.
Procedures history:
Today: Open and other sigmoidectomy.
2025-08-13 14:36:12,037: Average train text length: 139.15 words
2025-08-13 14:36:12,037: Average validation text length: 143.37 words
2025-08-13 14:36:12,037: Average test text length: 140.44 words
2025-08-13 14:36:12,037: Training on 8040 samples, validating on 894, testing on 2234 samples
2025-08-13 14:36:18,892: Fine-tuning at Landmark 1
2025-08-13 14:36:20,243: Early stopping criterion: loss
2025-08-13 14:37:31,836: Landmark 1 | Epoch 1/20 | Train Loss: 0.1642 | Val Loss: 0.0643 | Validation AUC: 0.8103 | F1-Score: 0.0000
2025-08-13 14:37:32,178: New best model saved at /cluster/work/projects/ec12/michechi/cache/best/best_model_Charangan_MedBERT_4550_landmark1_full_4_512_landmark_all_landmarks_True_20250813_143620_.pt with AUC: 0.8103, F1: 0.0000, Val Loss: 0.0643
2025-08-13 14:38:43,363: Landmark 1 | Epoch 2/20 | Train Loss: 0.0703 | Val Loss: 0.0607 | Validation AUC: 0.8204 | F1-Score: 0.0000
2025-08-13 14:38:43,711: New best model saved at /cluster/work/projects/ec12/michechi/cache/best/best_model_Charangan_MedBERT_4550_landmark1_full_4_512_landmark_all_landmarks_True_20250813_143620_.pt with AUC: 0.8204, F1: 0.0000, Val Loss: 0.0607
2025-08-13 14:39:55,135: Landmark 1 | Epoch 3/20 | Train Loss: 0.0636 | Val Loss: 0.0520 | Validation AUC: 0.9000 | F1-Score: 0.0000
2025-08-13 14:39:55,477: New best model saved at /cluster/work/projects/ec12/michechi/cache/best/best_model_Charangan_MedBERT_4550_landmark1_full_4_512_landmark_all_landmarks_True_20250813_143620_.pt with AUC: 0.9000, F1: 0.0000, Val Loss: 0.0520
2025-08-13 14:41:06,831: Landmark 1 | Epoch 4/20 | Train Loss: 0.0582 | Val Loss: 0.0563 | Validation AUC: 0.8221 | F1-Score: 0.0000
2025-08-13 14:41:06,832: No improvement in epoch 4. Current best AUC: 0.9000, F1: 0.0000, Val Loss: 0.0520. Epochs without improvement: 1/3
2025-08-13 14:42:18,131: Landmark 1 | Epoch 5/20 | Train Loss: 0.0519 | Val Loss: 0.0623 | Validation AUC: 0.8194 | F1-Score: 0.0000
2025-08-13 14:42:18,132: No improvement in epoch 5. Current best AUC: 0.9000, F1: 0.0000, Val Loss: 0.0520. Epochs without improvement: 2/3
2025-08-13 14:43:29,455: Landmark 1 | Epoch 6/20 | Train Loss: 0.0373 | Val Loss: 0.0620 | Validation AUC: 0.7950 | F1-Score: 0.0000
2025-08-13 14:43:29,456: No improvement in epoch 6. Current best AUC: 0.9000, F1: 0.0000, Val Loss: 0.0520. Epochs without improvement: 3/3
2025-08-13 14:43:29,456: Early stopping triggered at epoch 6. Best AUC: 0.9000, F1: 0.0000, Val Loss: 0.0520
2025-08-13 14:43:29,881: Tempo impiegato per Landmark 1: 431.0 secondi
2025-08-13 14:43:29,881: Tempo medio per epoca: 71.8 secondi
2025-08-13 14:43:29,883: Loading best model from /cluster/work/projects/ec12/michechi/cache/best/best_model_Charangan_MedBERT_4550_landmark1_full_4_512_landmark_all_landmarks_True_20250813_143620_.pt for final evaluation on test set
2025-08-13 14:43:35,932: Final Test AUC (Landmark 1): 0.8698 | Test F1-Score: 0.0000
2025-08-13 14:43:35,933: Preparing data for Landmark 2
Using device: cuda
Some weights of BertForSequenceClassification were not initialized from the model checkpoint at Charangan/MedBERT and are newly initialized: ['classifier.bias', 'classifier.weight']
You should probably TRAIN this model on a down-stream task to be able to use it for predictions and inference.
2025-08-13 14:43:41,499: Example train text: You are a Doctor.
What is the probability of death in the next 90 days from today for this 43-year-old F patient?
Today is the 2 visit.

Diagnosis history:
Today: Esophageal reflux; Diverticulosis of colon (without mention of hemorrhage); Other specified aftercare following surgery.
6 days ago: Diverticulitis of colon (without mention of hemorrhage); Acute kidney failure, unspecified; Abscess of intestine; Other postoperative infection; Cellulitis and abscess of trunk; Methicillin susceptible Staphylococcus aureus in conditions classified elsewhere and of unspecified site; Removal of other organ (partial) (total) causing abnormal patient reaction, or later complication, without mention of misadventure at time of operation; Hypovolemia; Nausea with vomiting.
Prescriptions history:
Today: LR; Ranitidine; Acetaminophen; Escitalopram Oxalate; Promethazine; Heparin; Ondansetron ODT; Potassium Chl 20 mEq / 1000 mL D5 1/2 NS; Pantoprazole; Sodium Chloride 0.9%  Flush; Fluticasone Propionate NASAL; Ondansetron.
6 days ago: NS; Potassium Chloride; OxycoDONE (Immediate Release) ; Magnesium Citrate; SW; Magnesium Sulfate; Prochlorperazine; Lorazepam; HYDROmorphone (Dilaudid); Iso-Osmotic Dextrose; Piperacillin-Tazobactam Na; Potassium Chl 20 mEq / 1000 mL D5 1/2 NS; Insulin; LR; Acetaminophen; Ondansetron; Ketorolac; OxycoDONE-Acetaminophen Elixir; Sodium Chloride 0.9%  Flush; Docusate Sodium; Hydrocodone-Acetaminophen; D5W; Clindamycin; Fluticasone Propionate NASAL; Ciprofloxacin; Pantoprazole; Metoclopramide; Calcium Carbonate; Vancomycin; Cephalexin; Heparin; Bupivacaine 0.5%; Promethazine HCl; D5 1/2NS; Hydrocortisone (Rectal) 2.5% Cream; Morphine Sulfate; Escitalopram Oxalate; Maalox/Diphenhydramine/Lidocaine; Nafcillin; HydrOXYzine; MetRONIDAZOLE (FLagyl); Ibuprofen.
Procedures history:
Today: .
6 days ago: Open and other sigmoidectomy.
2025-08-13 14:43:41,639: Average train text length: 256.57 words
2025-08-13 14:43:41,639: Average validation text length: 261.40 words
2025-08-13 14:43:41,639: Average test text length: 257.79 words
2025-08-13 14:43:41,639: Training on 8040 samples, validating on 894, testing on 2234 samples
2025-08-13 14:43:54,637: Fine-tuning at Landmark 2
2025-08-13 14:43:54,642: Early stopping criterion: loss
2025-08-13 14:45:06,234: Landmark 2 | Epoch 1/20 | Train Loss: 0.2344 | Val Loss: 0.1374 | Validation AUC: 0.5544 | F1-Score: 0.0000
2025-08-13 14:45:06,539: New best model saved at /cluster/work/projects/ec12/michechi/cache/best/best_model_Charangan_MedBERT_4550_landmark2_full_4_512_landmark_all_landmarks_True_20250813_144354_.pt with AUC: 0.5544, F1: 0.0000, Val Loss: 0.1374
2025-08-13 14:46:18,132: Landmark 2 | Epoch 2/20 | Train Loss: 0.1540 | Val Loss: 0.1249 | Validation AUC: 0.8375 | F1-Score: 0.0000
2025-08-13 14:46:18,431: New best model saved at /cluster/work/projects/ec12/michechi/cache/best/best_model_Charangan_MedBERT_4550_landmark2_full_4_512_landmark_all_landmarks_True_20250813_144354_.pt with AUC: 0.8375, F1: 0.0000, Val Loss: 0.1249
2025-08-13 14:47:30,197: Landmark 2 | Epoch 3/20 | Train Loss: 0.1404 | Val Loss: 0.1292 | Validation AUC: 0.8191 | F1-Score: 0.0000
2025-08-13 14:47:30,197: No improvement in epoch 3. Current best AUC: 0.8375, F1: 0.0000, Val Loss: 0.1249. Epochs without improvement: 1/3
2025-08-13 14:48:41,996: Landmark 2 | Epoch 4/20 | Train Loss: 0.1239 | Val Loss: 0.1307 | Validation AUC: 0.8454 | F1-Score: 0.2564
2025-08-13 14:48:41,997: No improvement in epoch 4. Current best AUC: 0.8375, F1: 0.0000, Val Loss: 0.1249. Epochs without improvement: 2/3
2025-08-13 14:49:53,828: Landmark 2 | Epoch 5/20 | Train Loss: 0.1047 | Val Loss: 0.1579 | Validation AUC: 0.8467 | F1-Score: 0.2955
2025-08-13 14:49:53,828: No improvement in epoch 5. Current best AUC: 0.8375, F1: 0.0000, Val Loss: 0.1249. Epochs without improvement: 3/3
2025-08-13 14:49:53,828: Early stopping triggered at epoch 5. Best AUC: 0.8375, F1: 0.0000, Val Loss: 0.1249
2025-08-13 14:49:54,208: Tempo impiegato per Landmark 2: 359.6 secondi
2025-08-13 14:49:54,208: Tempo medio per epoca: 71.9 secondi
2025-08-13 14:49:54,209: Loading best model from /cluster/work/projects/ec12/michechi/cache/best/best_model_Charangan_MedBERT_4550_landmark2_full_4_512_landmark_all_landmarks_True_20250813_144354_.pt for final evaluation on test set
2025-08-13 14:50:00,212: Final Test AUC (Landmark 2): 0.8658 | Test F1-Score: 0.0000
2025-08-13 14:50:00,212: Preparing data for Landmark 3
Using device: cuda
Some weights of BertForSequenceClassification were not initialized from the model checkpoint at Charangan/MedBERT and are newly initialized: ['classifier.bias', 'classifier.weight']
You should probably TRAIN this model on a down-stream task to be able to use it for predictions and inference.
2025-08-13 14:50:07,385: Example train text: You are a Doctor.
What is the probability of death in the next 90 days from today for this 46-year-old F patient?
Today is the 3 visit.

Diagnosis history:
Today: Chest pain, unspecified; Orthostatic hypotension.
1127 days ago: Esophageal reflux; Diverticulosis of colon (without mention of hemorrhage); Other specified aftercare following surgery.
1133 days ago: Diverticulitis of colon (without mention of hemorrhage); Acute kidney failure, unspecified; Abscess of intestine; Other postoperative infection; Cellulitis and abscess of trunk; Methicillin susceptible Staphylococcus aureus in conditions classified elsewhere and of unspecified site; Removal of other organ (partial) (total) causing abnormal patient reaction, or later complication, without mention of misadventure at time of operation; Hypovolemia; Nausea with vomiting.
Prescriptions history:
Today: .
1127 days ago: LR; Ranitidine; Acetaminophen; Escitalopram Oxalate; Promethazine; Heparin; Ondansetron ODT; Potassium Chl 20 mEq / 1000 mL D5 1/2 NS; Pantoprazole; Sodium Chloride 0.9%  Flush; Fluticasone Propionate NASAL; Ondansetron.
1133 days ago: NS; Potassium Chloride; OxycoDONE (Immediate Release) ; Magnesium Citrate; SW; Magnesium Sulfate; Prochlorperazine; Lorazepam; HYDROmorphone (Dilaudid); Iso-Osmotic Dextrose; Piperacillin-Tazobactam Na; Potassium Chl 20 mEq / 1000 mL D5 1/2 NS; Insulin; LR; Acetaminophen; Ondansetron; Ketorolac; OxycoDONE-Acetaminophen Elixir; Sodium Chloride 0.9%  Flush; Docusate Sodium; Hydrocodone-Acetaminophen; D5W; Clindamycin; Fluticasone Propionate NASAL; Ciprofloxacin; Pantoprazole; Metoclopramide; Calcium Carbonate; Vancomycin; Cephalexin; Heparin; Bupivacaine 0.5%; Promethazine HCl; D5 1/2NS; Hydrocortisone (Rectal) 2.5% Cream; Morphine Sulfate; Escitalopram Oxalate; Maalox/Diphenhydramine/Lidocaine; Nafcillin; HydrOXYzine; MetRONIDAZOLE (FLagyl); Ibuprofen.
Procedures history:
Today: .
1127 days ago: .
1133 days ago: Open and other sigmoidectomy.
2025-08-13 14:50:07,591: Average train text length: 380.70 words
2025-08-13 14:50:07,591: Average validation text length: 385.73 words
2025-08-13 14:50:07,591: Average test text length: 380.60 words
2025-08-13 14:50:07,591: Training on 8040 samples, validating on 894, testing on 2234 samples
2025-08-13 14:50:26,653: Fine-tuning at Landmark 3
2025-08-13 14:50:26,659: Early stopping criterion: loss
2025-08-13 14:51:36,945: Landmark 3 | Epoch 1/20 | Train Loss: 0.3336 | Val Loss: 0.2457 | Validation AUC: 0.8172 | F1-Score: 0.0000
2025-08-13 14:51:37,246: New best model saved at /cluster/work/projects/ec12/michechi/cache/best/best_model_Charangan_MedBERT_4550_landmark3_full_4_512_landmark_all_landmarks_True_20250813_145026_.pt with AUC: 0.8172, F1: 0.0000, Val Loss: 0.2457
2025-08-13 14:52:47,817: Landmark 3 | Epoch 2/20 | Train Loss: 0.2414 | Val Loss: 0.2308 | Validation AUC: 0.8724 | F1-Score: 0.2136
2025-08-13 14:52:48,119: New best model saved at /cluster/work/projects/ec12/michechi/cache/best/best_model_Charangan_MedBERT_4550_landmark3_full_4_512_landmark_all_landmarks_True_20250813_145026_.pt with AUC: 0.8724, F1: 0.2136, Val Loss: 0.2308
2025-08-13 14:53:58,443: Landmark 3 | Epoch 3/20 | Train Loss: 0.2124 | Val Loss: 0.2584 | Validation AUC: 0.8467 | F1-Score: 0.4103
2025-08-13 14:53:58,444: No improvement in epoch 3. Current best AUC: 0.8724, F1: 0.2136, Val Loss: 0.2308. Epochs without improvement: 1/3
2025-08-13 14:55:08,858: Landmark 3 | Epoch 4/20 | Train Loss: 0.1732 | Val Loss: 0.3015 | Validation AUC: 0.8539 | F1-Score: 0.4498
2025-08-13 14:55:08,859: No improvement in epoch 4. Current best AUC: 0.8724, F1: 0.2136, Val Loss: 0.2308. Epochs without improvement: 2/3
2025-08-13 14:56:19,193: Landmark 3 | Epoch 5/20 | Train Loss: 0.1208 | Val Loss: 0.2987 | Validation AUC: 0.8537 | F1-Score: 0.4318
2025-08-13 14:56:19,193: No improvement in epoch 5. Current best AUC: 0.8724, F1: 0.2136, Val Loss: 0.2308. Epochs without improvement: 3/3
2025-08-13 14:56:19,193: Early stopping triggered at epoch 5. Best AUC: 0.8724, F1: 0.2136, Val Loss: 0.2308
2025-08-13 14:56:19,578: Tempo impiegato per Landmark 3: 352.9 secondi
2025-08-13 14:56:19,578: Tempo medio per epoca: 70.6 secondi
2025-08-13 14:56:19,580: Loading best model from /cluster/work/projects/ec12/michechi/cache/best/best_model_Charangan_MedBERT_4550_landmark3_full_4_512_landmark_all_landmarks_True_20250813_145026_.pt for final evaluation on test set
2025-08-13 14:56:25,351: Final Test AUC (Landmark 3): 0.8576 | Test F1-Score: 0.1570
2025-08-13 14:56:25,351: Preparing data for Landmark 4
Using device: cuda
Some weights of BertForSequenceClassification were not initialized from the model checkpoint at Charangan/MedBERT and are newly initialized: ['classifier.bias', 'classifier.weight']
You should probably TRAIN this model on a down-stream task to be able to use it for predictions and inference.
2025-08-13 14:56:34,277: Example train text: You are a Doctor.
What is the probability of death in the next 90 days from today for this 47-year-old F patient?
Today is the 4 visit.

Diagnosis history:
Today: Other specified disorders of intestine; Ulceration of intestine; Other and unspecified ovarian cyst; Diverticulosis of colon (without mention of hemorrhage); Intestinal bypass or anastomosis status; Anxiety state, unspecified; Esophageal reflux.
233 days ago: Chest pain, unspecified; Orthostatic hypotension.
1360 days ago: Esophageal reflux; Diverticulosis of colon (without mention of hemorrhage); Other specified aftercare following surgery.
1366 days ago: Diverticulitis of colon (without mention of hemorrhage); Acute kidney failure, unspecified; Abscess of intestine; Other postoperative infection; Cellulitis and abscess of trunk; Methicillin susceptible Staphylococcus aureus in conditions classified elsewhere and of unspecified site; Removal of other organ (partial) (total) causing abnormal patient reaction, or later complication, without mention of misadventure at time of operation; Hypovolemia; Nausea with vomiting.
Prescriptions history:
Today: Ondansetron ODT; Calcium Carbonate; Senna; Vitamin D; Omeprazole; HYDROmorphone (Dilaudid); Desitin; 0.45% Sodium Chloride; Acetaminophen; 0.9% Sodium Chloride; Docusate Sodium; Lorazepam; Multivitamins; Influenza Virus Vaccine; Golytely; Neutra-Phos; Escitalopram Oxalate; Sodium Chloride 0.9%  Flush; Fish Oil (Omega 3); Fluticasone Propionate NASAL; Heparin; Ondansetron; Naproxen; Ranitidine; Ketorolac.
233 days ago: .
1360 days ago: LR; Ranitidine; Acetaminophen; Escitalopram Oxalate; Promethazine; Heparin; Ondansetron ODT; Potassium Chl 20 mEq / 1000 mL D5 1/2 NS; Pantoprazole; Sodium Chloride 0.9%  Flush; Fluticasone Propionate NASAL; Ondansetron.
1366 days ago: NS; Potassium Chloride; OxycoDONE (Immediate Release) ; Magnesium Citrate; SW; Magnesium Sulfate; Prochlorperazine; Lorazepam; HYDROmorphone (Dilaudid); Iso-Osmotic Dextrose; Piperacillin-Tazobactam Na; Potassium Chl 20 mEq / 1000 mL D5 1/2 NS; Insulin; LR; Acetaminophen; Ondansetron; Ketorolac; OxycoDONE-Acetaminophen Elixir; Sodium Chloride 0.9%  Flush; Docusate Sodium; Hydrocodone-Acetaminophen; D5W; Clindamycin; Fluticasone Propionate NASAL; Ciprofloxacin; Pantoprazole; Metoclopramide; Calcium Carbonate; Vancomycin; Cephalexin; Heparin; Bupivacaine 0.5%; Promethazine HCl; D5 1/2NS; Hydrocortisone (Rectal) 2.5% Cream; Morphine Sulfate; Escitalopram Oxalate; Maalox/Diphenhydramine/Lidocaine; Nafcillin; HydrOXYzine; MetRONIDAZOLE (FLagyl); Ibuprofen.
Procedures history:
Today: Closed [endoscopic] biopsy of large intestine.
233 days ago: .
1360 days ago: .
1366 days ago: Open and other sigmoidectomy.
2025-08-13 14:56:34,560: Average train text length: 517.72 words
2025-08-13 14:56:34,561: Average validation text length: 522.47 words
2025-08-13 14:56:34,561: Average test text length: 518.07 words
2025-08-13 14:56:34,561: Training on 8040 samples, validating on 894, testing on 2234 samples
2025-08-13 14:57:00,336: Fine-tuning at Landmark 4
2025-08-13 14:57:00,341: Early stopping criterion: loss
2025-08-13 14:58:08,908: Landmark 4 | Epoch 1/20 | Train Loss: 0.3976 | Val Loss: 0.2320 | Validation AUC: 0.9488 | F1-Score: 0.7410
2025-08-13 14:58:09,204: New best model saved at /cluster/work/projects/ec12/michechi/cache/best/best_model_Charangan_MedBERT_4550_landmark4_full_4_512_landmark_all_landmarks_True_20250813_145700_.pt with AUC: 0.9488, F1: 0.7410, Val Loss: 0.2320
2025-08-13 14:59:17,939: Landmark 4 | Epoch 2/20 | Train Loss: 0.2555 | Val Loss: 0.2341 | Validation AUC: 0.9494 | F1-Score: 0.7548
2025-08-13 14:59:17,939: No improvement in epoch 2. Current best AUC: 0.9488, F1: 0.7410, Val Loss: 0.2320. Epochs without improvement: 1/3
2025-08-13 15:00:26,630: Landmark 4 | Epoch 3/20 | Train Loss: 0.2191 | Val Loss: 0.2277 | Validation AUC: 0.9464 | F1-Score: 0.7521
2025-08-13 15:00:26,929: New best model saved at /cluster/work/projects/ec12/michechi/cache/best/best_model_Charangan_MedBERT_4550_landmark4_full_4_512_landmark_all_landmarks_True_20250813_145700_.pt with AUC: 0.9464, F1: 0.7521, Val Loss: 0.2277
2025-08-13 15:01:35,809: Landmark 4 | Epoch 4/20 | Train Loss: 0.1851 | Val Loss: 0.2239 | Validation AUC: 0.9486 | F1-Score: 0.7416
2025-08-13 15:01:36,111: New best model saved at /cluster/work/projects/ec12/michechi/cache/best/best_model_Charangan_MedBERT_4550_landmark4_full_4_512_landmark_all_landmarks_True_20250813_145700_.pt with AUC: 0.9486, F1: 0.7416, Val Loss: 0.2239
2025-08-13 15:02:44,836: Landmark 4 | Epoch 5/20 | Train Loss: 0.1400 | Val Loss: 0.2932 | Validation AUC: 0.9346 | F1-Score: 0.6854
2025-08-13 15:02:44,836: No improvement in epoch 5. Current best AUC: 0.9486, F1: 0.7416, Val Loss: 0.2239. Epochs without improvement: 1/3
2025-08-13 15:03:53,561: Landmark 4 | Epoch 6/20 | Train Loss: 0.0948 | Val Loss: 0.3500 | Validation AUC: 0.9319 | F1-Score: 0.7026
2025-08-13 15:03:53,562: No improvement in epoch 6. Current best AUC: 0.9486, F1: 0.7416, Val Loss: 0.2239. Epochs without improvement: 2/3
2025-08-13 15:05:02,301: Landmark 4 | Epoch 7/20 | Train Loss: 0.0657 | Val Loss: 0.3546 | Validation AUC: 0.9233 | F1-Score: 0.6895
2025-08-13 15:05:02,301: No improvement in epoch 7. Current best AUC: 0.9486, F1: 0.7416, Val Loss: 0.2239. Epochs without improvement: 3/3
2025-08-13 15:05:02,301: Early stopping triggered at epoch 7. Best AUC: 0.9486, F1: 0.7416, Val Loss: 0.2239
2025-08-13 15:05:02,673: Tempo impiegato per Landmark 4: 482.3 secondi
2025-08-13 15:05:02,673: Tempo medio per epoca: 68.9 secondi
2025-08-13 15:05:02,675: Loading best model from /cluster/work/projects/ec12/michechi/cache/best/best_model_Charangan_MedBERT_4550_landmark4_full_4_512_landmark_all_landmarks_True_20250813_145700_.pt for final evaluation on test set
2025-08-13 15:05:08,106: Final Test AUC (Landmark 4): 0.9380 | Test F1-Score: 0.7251
2025-08-13 15:05:08,107: Saving results to results_medical_True_Charangan_MedBERT_landmark_visits4_4550_512_full_20250813_150508.csv
Using device: cuda
   Landmark Val AUC  ... Validation Loss Training Time (s)
0         1  0.9000  ...          0.0520             431.0
1         2  0.8375  ...          0.1249             359.6
2         3  0.8724  ...          0.2308             352.9
3         4  0.9486  ...          0.2239             482.3

[4 rows x 9 columns]

Job 1853796 consumed 9.6 billing hours from project ec12.

Submitted 2025-08-13T14:34:52; waited 10.0 seconds in the queue after becoming eligible to run.

Requested wallclock time: 6.0 hours
Elapsed wallclock time:   30.2 minutes

Job exited normally.

Task and CPU statistics:
ID             CPUs  Tasks  CPU util                Start   Elapsed  Exit status
1853796          16            0.0 %  2025-08-13T14:35:02  1811.0 s  0
1853796.batch    16      1     6.2 %  2025-08-13T14:35:02  1811.0 s  0

Used CPU time:   29.8 CPU minutes
Unused CPU time: 7.6 CPU hours

Memory statistics, in GiB:
ID              Alloc   Usage
1853796          32.0        
1853796.batch    32.0    10.9

GPU usage stats:
Job 1853796 completed at Wed Aug 13 15:05:13 CEST 2025
