Starting job 1815211 on gpu-9 on fox at Mon Jul 21 10:06:46 CEST 2025

2025-07-21 10:06:56,523: Argument all_landmarks: False
2025-07-21 10:06:56,524: Argument batch_size: 2
2025-07-21 10:06:56,524: Argument cache_dir: '/cluster/work/projects/ec12/michechi/cache'
2025-07-21 10:06:56,524: Argument early: 'loss'
2025-07-21 10:06:56,524: Argument epochs: 20
2025-07-21 10:06:56,524: Argument gradient_accumulation_steps: 4
2025-07-21 10:06:56,524: Argument input_csv: '/fp/homes01/u01/ec-michelec/MIMICIV/data/splitted/splitted/landmark_df_evo.csv'
2025-07-21 10:06:56,524: Argument lr: 2e-05
2025-07-21 10:06:56,524: Argument max_length: 2048
2025-07-21 10:06:56,524: Argument max_visits: 3
2025-07-21 10:06:56,524: Argument model_name: 'answerdotai/ModernBERT-large'
2025-07-21 10:06:56,524: Argument model_type: 'medbert'
2025-07-21 10:06:56,524: Argument patience: 3
2025-07-21 10:06:56,525: Argument peft: True
2025-07-21 10:06:56,525: Argument prompt_type: 'full'
2025-07-21 10:06:56,525: Argument seed: 9550
2025-07-21 10:06:56,525: Argument test_csv: '/fp/homes01/u01/ec-michelec/MIMICIV/data/splitted/splitted/landmark_evo_test.csv'
2025-07-21 10:06:56,525: Argument train_csv: '/fp/homes01/u01/ec-michelec/MIMICIV/data/splitted/splitted/landmark_evo_train.csv'
2025-07-21 10:06:56,525: Argument use_quantization: False
2025-07-21 10:06:56,525: Argument val_csv: '/fp/homes01/u01/ec-michelec/MIMICIV/data/splitted/splitted/landmark_evo_vali.csv'
Some weights of ModernBertForSequenceClassification were not initialized from the model checkpoint at answerdotai/ModernBERT-large and are newly initialized: ['classifier.bias', 'classifier.weight']
You should probably TRAIN this model on a down-stream task to be able to use it for predictions and inference.
2025-07-21 10:07:03,819: Using prompt type: full
/fp/homes01/u01/ec-michelec/MIMICIV/src/Finetuning.py:459: DtypeWarning: Columns (16,17,18,19) have mixed types. Specify dtype option on import or set low_memory=False.
  full_train_df = pd.read_csv(args.train_csv, na_values=['', 'None', 'NaN', 'na', 'nan']).fillna('')
/fp/homes01/u01/ec-michelec/MIMICIV/src/Finetuning.py:461: DtypeWarning: Columns (16,17,18,19) have mixed types. Specify dtype option on import or set low_memory=False.
  full_test_df = pd.read_csv(args.test_csv, na_values=['', 'None', 'NaN', 'na', 'nan']).fillna('')
2025-07-21 10:07:39,406: Processing only the last landmark visit: 3
2025-07-21 10:07:39,406: Preparing data for Landmark 3
2025-07-21 10:07:45,601: Average train text length: 382.21 words
2025-07-21 10:07:45,602: Average validation text length: 377.55 words
2025-07-21 10:07:45,602: Average test text length: 380.77 words
2025-07-21 10:07:45,602: Training on 14472 samples, validating on 1608, testing on 4020 samples
2025-07-21 10:08:15,617: Fine-tuning at Landmark 3
2025-07-21 10:08:15,620: Early stopping criterion: loss
/fp/homes01/u01/ec-michelec/ModernBERT/lib64/python3.9/site-packages/networkx/utils/backends.py:135: RuntimeWarning: networkx backend defined more than once: nx-loopback
  backends.update(_get_backends("networkx.backends"))
2025-07-21 10:49:29,587: Landmark 3 | Epoch 1/20 | Train Loss: 0.0803 | Val Loss: 0.2311 | Validation AUC: 0.9381 | F1-Score: 0.5333
2025-07-21 11:30:10,200: Landmark 3 | Epoch 2/20 | Train Loss: 0.0555 | Val Loss: 0.1953 | Validation AUC: 0.9533 | F1-Score: 0.6941
2025-07-21 12:10:51,538: Landmark 3 | Epoch 3/20 | Train Loss: 0.0503 | Val Loss: 0.2033 | Validation AUC: 0.9539 | F1-Score: 0.5954
2025-07-21 12:51:29,605: Landmark 3 | Epoch 4/20 | Train Loss: 0.0470 | Val Loss: 0.1966 | Validation AUC: 0.9552 | F1-Score: 0.6977
2025-07-21 13:32:08,185: Landmark 3 | Epoch 5/20 | Train Loss: 0.0429 | Val Loss: 0.1753 | Validation AUC: 0.9591 | F1-Score: 0.7467
2025-07-21 14:12:40,762: Landmark 3 | Epoch 6/20 | Train Loss: 0.0376 | Val Loss: 0.2092 | Validation AUC: 0.9534 | F1-Score: 0.7026
2025-07-21 14:53:12,402: Landmark 3 | Epoch 7/20 | Train Loss: 0.0301 | Val Loss: 0.2258 | Validation AUC: 0.9480 | F1-Score: 0.7086
2025-07-21 15:33:44,259: Landmark 3 | Epoch 8/20 | Train Loss: 0.0202 | Val Loss: 0.2757 | Validation AUC: 0.9464 | F1-Score: 0.6935
2025-07-21 15:33:44,260: Early stopping triggered at epoch 8
2025-07-21 15:33:46,624: Tempo impiegato per Landmark 3: 19531.0 secondi
2025-07-21 15:33:46,624: Tempo medio per epoca: 2441.4 secondi
2025-07-21 15:37:24,845: Final Test AUC (Landmark 3): 0.9510 | Test F1-Score: 0.7366
2025-07-21 15:37:24,847: Saving results to results_medbert_answerdotai_ModernBERT-large_visits3_peft_9550_full_20250721_153724.csv
Using device: cuda
   Landmark Val AUC  ... Validation Loss Training Time (s)
0         3  0.9591  ...          0.1753           19531.0

[1 rows x 9 columns]

Job 1815211 consumed 104.7 billing hours from project ec12.

Submitted 2025-07-21T10:06:24; waited 22.0 seconds in the queue after becoming eligible to run.

Requested wallclock time: 24.0 hours
Elapsed wallclock time:   5.5 hours

Job exited normally.

Task and CPU statistics:
ID             CPUs  Tasks  CPU util                Start  Elapsed  Exit status
1815211          16            0.0 %  2025-07-21T10:06:46    5.5 h  0
1815211.batch    16      1     9.5 %  2025-07-21T10:06:46    5.5 h  0

Used CPU time:   8.4 CPU hours
Unused CPU time: 3.3 CPU days

Memory statistics, in GiB:
ID              Alloc   Usage
1815211          32.0        
1815211.batch    32.0    13.0

GPU usage stats:
Job 1815211 completed at Mon Jul 21 15:37:31 CEST 2025
