Starting job 1701069 on gpu-11 on fox at Fri Jun 20 14:01:10 CEST 2025

2025-06-20 14:01:41,044: Argument all_landmarks: False
2025-06-20 14:01:41,045: Argument batch_size: 8
2025-06-20 14:01:41,045: Argument cache_dir: '/cluster/work/projects/ec403/ec-michechi/Project_M'
2025-06-20 14:01:41,045: Argument early: 'loss'
2025-06-20 14:01:41,045: Argument epochs: 20
2025-06-20 14:01:41,045: Argument input_csv: '/cluster/work/projects/ec403/ec-michechi/Project_M/data/landmark_df_evo.csv'
2025-06-20 14:01:41,045: Argument lr: 2e-05
2025-06-20 14:01:41,045: Argument max_length: 512
2025-06-20 14:01:41,045: Argument max_visits: 3
2025-06-20 14:01:41,045: Argument model_name: 'emilyalsentzer/Bio_ClinicalBERT'
2025-06-20 14:01:41,045: Argument model_type: 'medbert'
2025-06-20 14:01:41,045: Argument patience: 3
2025-06-20 14:01:41,045: Argument peft: False
2025-06-20 14:01:41,045: Argument prompt_type: 'no'
2025-06-20 14:01:41,045: Argument seed: 5550
2025-06-20 14:01:41,045: Argument test_csv: '/cluster/work/projects/ec403/ec-michechi/Project_M/data/landmark_evo_test.csv'
2025-06-20 14:01:41,045: Argument train_csv: '/cluster/work/projects/ec403/ec-michechi/Project_M/data/landmark_evo_train.csv'
2025-06-20 14:01:41,045: Argument use_quantization: False
2025-06-20 14:01:41,045: Argument val_csv: '/cluster/work/projects/ec403/ec-michechi/Project_M/data/landmark_evo_vali.csv'
/fp/projects01/ec30/software/easybuild/software/nlpl-pytorch/2.1.2-foss-2022b-cuda-12.0.0-Python-3.10.8/lib/python3.10/site-packages/torch/_utils.py:831: UserWarning: TypedStorage is deprecated. It will be removed in the future and UntypedStorage will be the only storage class. This should only matter to you if you are using storages directly.  To access UntypedStorage directly, use tensor.untyped_storage() instead of tensor.storage()
  return self.fget.__get__(instance, owner)()
Some weights of BertForSequenceClassification were not initialized from the model checkpoint at emilyalsentzer/Bio_ClinicalBERT and are newly initialized: ['classifier.bias', 'classifier.weight']
You should probably TRAIN this model on a down-stream task to be able to use it for predictions and inference.
2025-06-20 14:01:43,528: Using prompt type: no
2025-06-20 14:01:43,528: Model type: medbert, Model name: emilyalsentzer/Bio_ClinicalBERT
/fp/homes01/u01/ec-michechi/Project_M/MIMICIV/src/Finetuning.py:427: DtypeWarning: Columns (16,17,18,19) have mixed types. Specify dtype option on import or set low_memory=False.
  full_train_df = pd.read_csv(args.train_csv, na_values=['', 'None', 'NaN', 'na', 'nan']).fillna('')
2025-06-20 14:02:19,361: Processing only the last landmark visit: 3
2025-06-20 14:02:19,361: Preparing data for Landmark 3
2025-06-20 14:02:21,016: Average train text length: 1239.42 words
2025-06-20 14:02:21,016: Average validation text length: 1230.17 words
2025-06-20 14:02:21,016: Average test text length: 1236.08 words
2025-06-20 14:02:21,016: Training on 14477 samples, validating on 1609, testing on 4022 samples
2025-06-20 14:03:47,896: Fine-tuning at Landmark 3
2025-06-20 14:03:48,871: Early stopping criterion: loss
2025-06-20 14:09:16,794: Landmark 3 | Epoch 1/20 | Train Loss: 0.3218 | Val Loss: 0.2294 | Validation AUC: 0.9293 | F1-Score: 0.6748
2025-06-20 14:14:45,803: Landmark 3 | Epoch 2/20 | Train Loss: 0.2376 | Val Loss: 0.2385 | Validation AUC: 0.9278 | F1-Score: 0.6835
2025-06-20 14:20:14,493: Landmark 3 | Epoch 3/20 | Train Loss: 0.2160 | Val Loss: 0.2045 | Validation AUC: 0.9382 | F1-Score: 0.6933
2025-06-20 14:25:43,651: Landmark 3 | Epoch 4/20 | Train Loss: 0.1882 | Val Loss: 0.2270 | Validation AUC: 0.9329 | F1-Score: 0.6482
2025-06-20 14:31:12,606: Landmark 3 | Epoch 5/20 | Train Loss: 0.1587 | Val Loss: 0.2412 | Validation AUC: 0.9289 | F1-Score: 0.6653
2025-06-20 14:36:41,342: Landmark 3 | Epoch 6/20 | Train Loss: 0.1200 | Val Loss: 0.2846 | Validation AUC: 0.9145 | F1-Score: 0.6848
2025-06-20 14:36:41,342: Early stopping triggered at epoch 6
2025-06-20 14:36:42,339: Tempo impiegato per Landmark 3: 1974.4 secondi
2025-06-20 14:36:42,339: Tempo medio per epoca: 329.1 secondi
2025-06-20 14:37:08,798: Final Test AUC (Landmark 3): 0.9305 | Test F1-Score: 0.6218
2025-06-20 14:37:08,799: Saving results to results_medbert_emilyalsentzer_Bio_ClinicalBERT_visits3_5550_no_20250620_143708.csv
   Landmark Val AUC  ... Validation Loss Training Time (s)
0         3  0.9382  ...          0.2045            1974.4

[1 rows x 9 columns]

Job 1701069 consumed 11.4 billing hours from project ec403.

Submitted 2025-06-20T13:42:18; waited 18.9 minutes in the queue after becoming eligible to run.

Requested wallclock time: 5.0 hours
Elapsed wallclock time:   36.1 minutes

Job exited normally.

Task and CPU statistics:
ID             CPUs  Tasks  CPU util                Start   Elapsed  Exit status
1701069          16            0.0 %  2025-06-20T14:01:10  2164.0 s  0
1701069.batch    16      1     6.2 %  2025-06-20T14:01:10  2164.0 s  0

Used CPU time:   35.5 CPU minutes
Unused CPU time: 9.0 CPU hours

Memory statistics, in GiB:
ID              Alloc   Usage
1701069          32.0        
1701069.batch    32.0    14.0

Job 1701069 completed at Fri Jun 20 14:37:14 CEST 2025
