Starting job 1838324 on gpu-2 on fox at Fri Aug 1 14:28:30 CEST 2025

2025-08-01 14:29:08,174: Argument CI: False
2025-08-01 14:29:08,174: Argument all_landmarks: True
2025-08-01 14:29:08,174: Argument batch_size: 8
2025-08-01 14:29:08,174: Argument cache_dir: '/cluster/work/projects/ec12/michechi/cache'
2025-08-01 14:29:08,174: Argument early: 'loss'
2025-08-01 14:29:08,174: Argument epochs: 20
2025-08-01 14:29:08,174: Argument gradient_accumulation_steps: 1
2025-08-01 14:29:08,174: Argument input_csv: '/fp/homes01/u01/ec-michelec/MIMICIV/data/splitted/splitted/landmark_df_evo.csv'
2025-08-01 14:29:08,174: Argument lr: 2e-05
2025-08-01 14:29:08,174: Argument max_length: 512
2025-08-01 14:29:08,174: Argument max_visits: 3
2025-08-01 14:29:08,174: Argument model_name: 'emilyalsentzer/Bio_ClinicalBERT'
2025-08-01 14:29:08,175: Argument model_type: 'medical'
2025-08-01 14:29:08,175: Argument patience: 1
2025-08-01 14:29:08,175: Argument peft: False
2025-08-01 14:29:08,175: Argument prompt_type: 'compact_narrative'
2025-08-01 14:29:08,175: Argument seed: 4550
2025-08-01 14:29:08,175: Argument test_csv: '/fp/homes01/u01/ec-michelec/MIMICIV/data/splitted/splitted/landmark_evo_test_dod.csv'
2025-08-01 14:29:08,175: Argument train_csv: '/fp/homes01/u01/ec-michelec/MIMICIV/data/splitted/splitted/landmark_evo_train_dod.csv'
2025-08-01 14:29:08,175: Argument use_quantization: False
2025-08-01 14:29:08,175: Argument val_csv: '/fp/homes01/u01/ec-michelec/MIMICIV/data/splitted/splitted/landmark_evo_vali_dod.csv'
2025-08-01 14:29:08,175: Argument when_counting_death: 'last_visit'
2025-08-01 14:29:08,205: Using prompt type: compact_narrative
/fp/homes01/u01/ec-michelec/MIMICIV/src/Finetuning_rfct.py:79: DtypeWarning: Columns (16,17,18,19) have mixed types. Specify dtype option on import or set low_memory=False.
  full_train_df = pd.read_csv(args.train_csv, na_values=['', 'None', 'NaN', 'na', 'nan']).fillna('')
/fp/homes01/u01/ec-michelec/MIMICIV/src/Finetuning_rfct.py:81: DtypeWarning: Columns (16,17,18,19) have mixed types. Specify dtype option on import or set low_memory=False.
  full_test_df = pd.read_csv(args.test_csv, na_values=['', 'None', 'NaN', 'na', 'nan']).fillna('')
2025-08-01 14:29:45,961: Processing all landmarks from 1 to 3
2025-08-01 14:29:45,962: Preparing data for Landmark 1
/fp/projects01/ec30/software/easybuild/software/nlpl-pytorch/2.1.2-foss-2022b-cuda-12.0.0-Python-3.10.8/lib/python3.10/site-packages/torch/_utils.py:831: UserWarning: TypedStorage is deprecated. It will be removed in the future and UntypedStorage will be the only storage class. This should only matter to you if you are using storages directly.  To access UntypedStorage directly, use tensor.untyped_storage() instead of tensor.storage()
  return self.fget.__get__(instance, owner)()
Some weights of BertForSequenceClassification were not initialized from the model checkpoint at emilyalsentzer/Bio_ClinicalBERT and are newly initialized: ['classifier.bias', 'classifier.weight']
You should probably TRAIN this model on a down-stream task to be able to use it for predictions and inference.
2025-08-01 14:29:53,337: Average train text length: 151.90 words
2025-08-01 14:29:53,338: Average validation text length: 151.07 words
2025-08-01 14:29:53,338: Average test text length: 152.65 words
2025-08-01 14:29:53,338: Training on 14472 samples, validating on 1608, testing on 4020 samples
2025-08-01 14:30:07,940: Fine-tuning at Landmark 1
2025-08-01 14:30:09,434: Early stopping criterion: loss
2025-08-01 14:32:25,053: Landmark 1 | Epoch 1/20 | Train Loss: 0.4061 | Val Loss: 0.3318 | Validation AUC: 0.8174 | F1-Score: 0.3740
2025-08-01 14:32:25,407: New best model saved at /cluster/work/projects/ec12/michechi/cache/best/best_model_emilyalsentzer_Bio_ClinicalBERT_4550_landmark1_compact_narrative_3_512_all_landmarks_True_20250801_143009_.pt with AUC: 0.8174, F1: 0.3740, Val Loss: 0.3318
2025-08-01 14:34:40,376: Landmark 1 | Epoch 2/20 | Train Loss: 0.3391 | Val Loss: 0.3213 | Validation AUC: 0.8304 | F1-Score: 0.3750
2025-08-01 14:34:40,752: New best model saved at /cluster/work/projects/ec12/michechi/cache/best/best_model_emilyalsentzer_Bio_ClinicalBERT_4550_landmark1_compact_narrative_3_512_all_landmarks_True_20250801_143009_.pt with AUC: 0.8304, F1: 0.3750, Val Loss: 0.3213
2025-08-01 14:36:56,265: Landmark 1 | Epoch 3/20 | Train Loss: 0.3212 | Val Loss: 0.4009 | Validation AUC: 0.7935 | F1-Score: 0.2029
2025-08-01 14:36:56,267: No improvement in epoch 3. Current best AUC: 0.8304, F1: 0.3750, Val Loss: 0.3213. Epochs without improvement: 1/1
2025-08-01 14:36:56,267: Early stopping triggered at epoch 3. Best AUC: 0.8304, F1: 0.3750, Val Loss: 0.3213
2025-08-01 14:36:56,538: Tempo impiegato per Landmark 1: 408.6 secondi
2025-08-01 14:36:56,538: Tempo medio per epoca: 136.2 secondi
2025-08-01 14:36:56,540: Loading best model from /cluster/work/projects/ec12/michechi/cache/best/best_model_emilyalsentzer_Bio_ClinicalBERT_4550_landmark1_compact_narrative_3_512_all_landmarks_True_20250801_143009_.pt for final evaluation on test set
2025-08-01 14:37:07,768: Final Test AUC (Landmark 1): 0.8292 | Test F1-Score: 0.3281
2025-08-01 14:37:07,769: Preparing data for Landmark 2
Using device: cuda
Some weights of BertForSequenceClassification were not initialized from the model checkpoint at emilyalsentzer/Bio_ClinicalBERT and are newly initialized: ['classifier.bias', 'classifier.weight']
You should probably TRAIN this model on a down-stream task to be able to use it for predictions and inference.
2025-08-01 14:37:14,755: Average train text length: 171.18 words
2025-08-01 14:37:14,755: Average validation text length: 171.11 words
2025-08-01 14:37:14,755: Average test text length: 169.35 words
2025-08-01 14:37:14,755: Training on 14472 samples, validating on 1608, testing on 4020 samples
2025-08-01 14:37:31,368: Fine-tuning at Landmark 2
2025-08-01 14:37:31,373: Early stopping criterion: loss
2025-08-01 14:39:47,171: Landmark 2 | Epoch 1/20 | Train Loss: 0.3768 | Val Loss: 0.3217 | Validation AUC: 0.8553 | F1-Score: 0.0820
2025-08-01 14:39:47,497: New best model saved at /cluster/work/projects/ec12/michechi/cache/best/best_model_emilyalsentzer_Bio_ClinicalBERT_4550_landmark2_compact_narrative_3_512_all_landmarks_True_20250801_143731_.pt with AUC: 0.8553, F1: 0.0820, Val Loss: 0.3217
2025-08-01 14:42:03,365: Landmark 2 | Epoch 2/20 | Train Loss: 0.3199 | Val Loss: 0.2869 | Validation AUC: 0.8769 | F1-Score: 0.4651
2025-08-01 14:42:03,680: New best model saved at /cluster/work/projects/ec12/michechi/cache/best/best_model_emilyalsentzer_Bio_ClinicalBERT_4550_landmark2_compact_narrative_3_512_all_landmarks_True_20250801_143731_.pt with AUC: 0.8769, F1: 0.4651, Val Loss: 0.2869
2025-08-01 14:44:19,538: Landmark 2 | Epoch 3/20 | Train Loss: 0.2937 | Val Loss: 0.2804 | Validation AUC: 0.8826 | F1-Score: 0.5207
2025-08-01 14:44:19,845: New best model saved at /cluster/work/projects/ec12/michechi/cache/best/best_model_emilyalsentzer_Bio_ClinicalBERT_4550_landmark2_compact_narrative_3_512_all_landmarks_True_20250801_143731_.pt with AUC: 0.8826, F1: 0.5207, Val Loss: 0.2804
2025-08-01 14:46:35,687: Landmark 2 | Epoch 4/20 | Train Loss: 0.2716 | Val Loss: 0.2845 | Validation AUC: 0.8856 | F1-Score: 0.4522
2025-08-01 14:46:35,688: No improvement in epoch 4. Current best AUC: 0.8826, F1: 0.5207, Val Loss: 0.2804. Epochs without improvement: 1/1
2025-08-01 14:46:35,688: Early stopping triggered at epoch 4. Best AUC: 0.8826, F1: 0.5207, Val Loss: 0.2804
2025-08-01 14:46:35,926: Tempo impiegato per Landmark 2: 544.6 secondi
2025-08-01 14:46:35,926: Tempo medio per epoca: 136.1 secondi
2025-08-01 14:46:35,928: Loading best model from /cluster/work/projects/ec12/michechi/cache/best/best_model_emilyalsentzer_Bio_ClinicalBERT_4550_landmark2_compact_narrative_3_512_all_landmarks_True_20250801_143731_.pt for final evaluation on test set
2025-08-01 14:46:47,110: Final Test AUC (Landmark 2): 0.8556 | Test F1-Score: 0.4667
2025-08-01 14:46:47,110: Preparing data for Landmark 3
Using device: cuda
Some weights of BertForSequenceClassification were not initialized from the model checkpoint at emilyalsentzer/Bio_ClinicalBERT and are newly initialized: ['classifier.bias', 'classifier.weight']
You should probably TRAIN this model on a down-stream task to be able to use it for predictions and inference.
2025-08-01 14:46:56,546: Average train text length: 199.70 words
2025-08-01 14:46:56,546: Average validation text length: 196.21 words
2025-08-01 14:46:56,546: Average test text length: 199.22 words
2025-08-01 14:46:56,546: Training on 14472 samples, validating on 1608, testing on 4020 samples
2025-08-01 14:47:15,313: Fine-tuning at Landmark 3
2025-08-01 14:47:15,319: Early stopping criterion: loss
2025-08-01 14:49:31,486: Landmark 3 | Epoch 1/20 | Train Loss: 0.3125 | Val Loss: 0.2233 | Validation AUC: 0.9383 | F1-Score: 0.6790
2025-08-01 14:49:31,824: New best model saved at /cluster/work/projects/ec12/michechi/cache/best/best_model_emilyalsentzer_Bio_ClinicalBERT_4550_landmark3_compact_narrative_3_512_all_landmarks_True_20250801_144715_.pt with AUC: 0.9383, F1: 0.6790, Val Loss: 0.2233
2025-08-01 14:51:48,120: Landmark 3 | Epoch 2/20 | Train Loss: 0.2130 | Val Loss: 0.2185 | Validation AUC: 0.9532 | F1-Score: 0.5797
2025-08-01 14:51:48,428: New best model saved at /cluster/work/projects/ec12/michechi/cache/best/best_model_emilyalsentzer_Bio_ClinicalBERT_4550_landmark3_compact_narrative_3_512_all_landmarks_True_20250801_144715_.pt with AUC: 0.9532, F1: 0.5797, Val Loss: 0.2185
2025-08-01 14:54:04,294: Landmark 3 | Epoch 3/20 | Train Loss: 0.1885 | Val Loss: 0.1919 | Validation AUC: 0.9514 | F1-Score: 0.7352
2025-08-01 14:54:04,619: New best model saved at /cluster/work/projects/ec12/michechi/cache/best/best_model_emilyalsentzer_Bio_ClinicalBERT_4550_landmark3_compact_narrative_3_512_all_landmarks_True_20250801_144715_.pt with AUC: 0.9514, F1: 0.7352, Val Loss: 0.1919
2025-08-01 14:56:20,908: Landmark 3 | Epoch 4/20 | Train Loss: 0.1665 | Val Loss: 0.1898 | Validation AUC: 0.9539 | F1-Score: 0.7158
2025-08-01 14:56:21,246: New best model saved at /cluster/work/projects/ec12/michechi/cache/best/best_model_emilyalsentzer_Bio_ClinicalBERT_4550_landmark3_compact_narrative_3_512_all_landmarks_True_20250801_144715_.pt with AUC: 0.9539, F1: 0.7158, Val Loss: 0.1898
2025-08-01 14:58:37,526: Landmark 3 | Epoch 5/20 | Train Loss: 0.1406 | Val Loss: 0.1989 | Validation AUC: 0.9476 | F1-Score: 0.7126
2025-08-01 14:58:37,526: No improvement in epoch 5. Current best AUC: 0.9539, F1: 0.7158, Val Loss: 0.1898. Epochs without improvement: 1/1
2025-08-01 14:58:37,526: Early stopping triggered at epoch 5. Best AUC: 0.9539, F1: 0.7158, Val Loss: 0.1898
2025-08-01 14:58:37,771: Tempo impiegato per Landmark 3: 682.5 secondi
2025-08-01 14:58:37,772: Tempo medio per epoca: 136.5 secondi
2025-08-01 14:58:37,773: Loading best model from /cluster/work/projects/ec12/michechi/cache/best/best_model_emilyalsentzer_Bio_ClinicalBERT_4550_landmark3_compact_narrative_3_512_all_landmarks_True_20250801_144715_.pt for final evaluation on test set
2025-08-01 14:58:48,998: Final Test AUC (Landmark 3): 0.9451 | Test F1-Score: 0.7193
2025-08-01 14:58:48,999: Saving results to results_medical_True_emilyalsentzer_Bio_ClinicalBERT_visits3_4550_512_compact_narrative_20250801_145848.csv
Using device: cuda
   Landmark Val AUC  ... Validation Loss Training Time (s)
0         1  0.8304  ...          0.3213             408.6
1         2  0.8826  ...          0.2804             544.6
2         3  0.9539  ...          0.1898             682.5

[3 rows x 9 columns]

Job 1838324 consumed 9.6 billing hours from project ec12.

Submitted 2025-08-01T14:28:05; waited 25.0 seconds in the queue after becoming eligible to run.

Requested wallclock time: 6.0 hours
Elapsed wallclock time:   30.4 minutes

Job exited normally.

Task and CPU statistics:
ID             CPUs  Tasks  CPU util                Start   Elapsed  Exit status
1838324          16            0.0 %  2025-08-01T14:28:30  1823.0 s  0
1838324.batch    16      1     6.1 %  2025-08-01T14:28:30  1823.0 s  0

Used CPU time:   29.8 CPU minutes
Unused CPU time: 7.6 CPU hours

Memory statistics, in GiB:
ID              Alloc   Usage
1838324          32.0        
1838324.batch    32.0     9.6

GPU usage stats:
Job 1838324 completed at Fri Aug 1 14:58:53 CEST 2025
