Starting job 1839178 on gpu-12 on fox at Mon Aug 4 13:24:36 CEST 2025

2025-08-04 13:25:19,854: Argument CI: False
2025-08-04 13:25:19,854: Argument all_landmarks: True
2025-08-04 13:25:19,854: Argument batch_size: 8
2025-08-04 13:25:19,854: Argument cache_dir: '/cluster/work/projects/ec12/michechi/cache'
2025-08-04 13:25:19,854: Argument early: 'loss'
2025-08-04 13:25:19,854: Argument epochs: 20
2025-08-04 13:25:19,854: Argument gradient_accumulation_steps: 1
2025-08-04 13:25:19,854: Argument input_csv: '/fp/homes01/u01/ec-michelec/MIMICIV/data/splitted/splitted/landmark_df_evo.csv'
2025-08-04 13:25:19,855: Argument lr: 2e-05
2025-08-04 13:25:19,855: Argument max_length: 512
2025-08-04 13:25:19,855: Argument max_visits: 3
2025-08-04 13:25:19,855: Argument model_name: 'emilyalsentzer/Bio_ClinicalBERT'
2025-08-04 13:25:19,855: Argument model_type: 'medical'
2025-08-04 13:25:19,855: Argument patience: 5
2025-08-04 13:25:19,855: Argument peft: False
2025-08-04 13:25:19,855: Argument prompt_type: 'full_no_time_rnd'
2025-08-04 13:25:19,855: Argument seed: 9550
2025-08-04 13:25:19,855: Argument test_csv: '/fp/homes01/u01/ec-michelec/MIMICIV/data/splitted/splitted/landmark_evo_test_dod.csv'
2025-08-04 13:25:19,855: Argument train_csv: '/fp/homes01/u01/ec-michelec/MIMICIV/data/splitted/splitted/landmark_evo_train_dod.csv'
2025-08-04 13:25:19,855: Argument use_quantization: False
2025-08-04 13:25:19,855: Argument val_csv: '/fp/homes01/u01/ec-michelec/MIMICIV/data/splitted/splitted/landmark_evo_vali_dod.csv'
2025-08-04 13:25:19,855: Argument when_counting_death: 'landmark'
2025-08-04 13:25:19,893: Using prompt type: full_no_time_rnd
/fp/homes01/u01/ec-michelec/MIMICIV/src/Finetuning_rfct.py:79: DtypeWarning: Columns (16,17,18,19) have mixed types. Specify dtype option on import or set low_memory=False.
  full_train_df = pd.read_csv(args.train_csv, na_values=['', 'None', 'NaN', 'na', 'nan']).fillna('')
/fp/homes01/u01/ec-michelec/MIMICIV/src/Finetuning_rfct.py:81: DtypeWarning: Columns (16,17,18,19) have mixed types. Specify dtype option on import or set low_memory=False.
  full_test_df = pd.read_csv(args.test_csv, na_values=['', 'None', 'NaN', 'na', 'nan']).fillna('')
2025-08-04 13:25:57,675: Processing all landmarks from 1 to 3
2025-08-04 13:25:57,676: Preparing data for Landmark 1
/fp/projects01/ec30/software/easybuild/software/nlpl-pytorch/2.1.2-foss-2022b-cuda-12.0.0-Python-3.10.8/lib/python3.10/site-packages/torch/_utils.py:831: UserWarning: TypedStorage is deprecated. It will be removed in the future and UntypedStorage will be the only storage class. This should only matter to you if you are using storages directly.  To access UntypedStorage directly, use tensor.untyped_storage() instead of tensor.storage()
  return self.fget.__get__(instance, owner)()
Some weights of BertForSequenceClassification were not initialized from the model checkpoint at emilyalsentzer/Bio_ClinicalBERT and are newly initialized: ['classifier.bias', 'classifier.weight']
You should probably TRAIN this model on a down-stream task to be able to use it for predictions and inference.
2025-08-04 13:26:04,529: Average train text length: 130.90 words
2025-08-04 13:26:04,529: Average validation text length: 130.07 words
2025-08-04 13:26:04,529: Average test text length: 131.65 words
2025-08-04 13:26:04,529: Training on 14472 samples, validating on 1608, testing on 4020 samples
2025-08-04 13:26:17,853: Fine-tuning at Landmark 1
2025-08-04 13:26:19,229: Early stopping criterion: loss
2025-08-04 13:30:57,840: Landmark 1 | Epoch 1/20 | Train Loss: 0.1407 | Val Loss: 0.1368 | Validation AUC: 0.8733 | F1-Score: 0.0000
2025-08-04 13:30:58,208: New best model saved at /cluster/work/projects/ec12/michechi/cache/best/best_model_emilyalsentzer_Bio_ClinicalBERT_9550_landmark1_full_no_time_rnd_3_512_landmark_all_landmarks_True_20250804_132619_.pt with AUC: 0.8733, F1: 0.0000, Val Loss: 0.1368
2025-08-04 13:35:36,607: Landmark 1 | Epoch 2/20 | Train Loss: 0.1102 | Val Loss: 0.1179 | Validation AUC: 0.8853 | F1-Score: 0.0000
2025-08-04 13:35:36,962: New best model saved at /cluster/work/projects/ec12/michechi/cache/best/best_model_emilyalsentzer_Bio_ClinicalBERT_9550_landmark1_full_no_time_rnd_3_512_landmark_all_landmarks_True_20250804_132619_.pt with AUC: 0.8853, F1: 0.0000, Val Loss: 0.1179
2025-08-04 13:40:15,341: Landmark 1 | Epoch 3/20 | Train Loss: 0.1025 | Val Loss: 0.1221 | Validation AUC: 0.8660 | F1-Score: 0.0000
2025-08-04 13:40:15,341: No improvement in epoch 3. Current best AUC: 0.8853, F1: 0.0000, Val Loss: 0.1179. Epochs without improvement: 1/5
2025-08-04 13:44:53,700: Landmark 1 | Epoch 4/20 | Train Loss: 0.0953 | Val Loss: 0.1188 | Validation AUC: 0.8821 | F1-Score: 0.0678
2025-08-04 13:44:53,702: No improvement in epoch 4. Current best AUC: 0.8853, F1: 0.0000, Val Loss: 0.1179. Epochs without improvement: 2/5
2025-08-04 13:49:32,057: Landmark 1 | Epoch 5/20 | Train Loss: 0.0870 | Val Loss: 0.1287 | Validation AUC: 0.8708 | F1-Score: 0.0000
2025-08-04 13:49:32,058: No improvement in epoch 5. Current best AUC: 0.8853, F1: 0.0000, Val Loss: 0.1179. Epochs without improvement: 3/5
2025-08-04 13:54:10,330: Landmark 1 | Epoch 6/20 | Train Loss: 0.0802 | Val Loss: 0.1206 | Validation AUC: 0.8387 | F1-Score: 0.0000
2025-08-04 13:54:10,331: No improvement in epoch 6. Current best AUC: 0.8853, F1: 0.0000, Val Loss: 0.1179. Epochs without improvement: 4/5
2025-08-04 13:58:48,603: Landmark 1 | Epoch 7/20 | Train Loss: 0.0720 | Val Loss: 0.1544 | Validation AUC: 0.8525 | F1-Score: 0.0000
2025-08-04 13:58:48,603: No improvement in epoch 7. Current best AUC: 0.8853, F1: 0.0000, Val Loss: 0.1179. Epochs without improvement: 5/5
2025-08-04 13:58:48,603: Early stopping triggered at epoch 7. Best AUC: 0.8853, F1: 0.0000, Val Loss: 0.1179
2025-08-04 13:58:48,878: Tempo impiegato per Landmark 1: 1951.0 secondi
2025-08-04 13:58:48,878: Tempo medio per epoca: 278.7 secondi
2025-08-04 13:58:48,880: Loading best model from /cluster/work/projects/ec12/michechi/cache/best/best_model_emilyalsentzer_Bio_ClinicalBERT_9550_landmark1_full_no_time_rnd_3_512_landmark_all_landmarks_True_20250804_132619_.pt for final evaluation on test set
2025-08-04 13:59:11,845: Final Test AUC (Landmark 1): 0.8652 | Test F1-Score: 0.0000
2025-08-04 13:59:11,845: Preparing data for Landmark 2
Using device: cuda
Some weights of BertForSequenceClassification were not initialized from the model checkpoint at emilyalsentzer/Bio_ClinicalBERT and are newly initialized: ['classifier.bias', 'classifier.weight']
You should probably TRAIN this model on a down-stream task to be able to use it for predictions and inference.
2025-08-04 13:59:18,612: Average train text length: 237.75 words
2025-08-04 13:59:18,612: Average validation text length: 236.84 words
2025-08-04 13:59:18,612: Average test text length: 236.66 words
2025-08-04 13:59:18,612: Training on 14472 samples, validating on 1608, testing on 4020 samples
2025-08-04 13:59:43,031: Fine-tuning at Landmark 2
2025-08-04 13:59:43,035: Early stopping criterion: loss
2025-08-04 14:04:21,938: Landmark 2 | Epoch 1/20 | Train Loss: 0.2350 | Val Loss: 0.1869 | Validation AUC: 0.8889 | F1-Score: 0.0000
2025-08-04 14:04:22,245: New best model saved at /cluster/work/projects/ec12/michechi/cache/best/best_model_emilyalsentzer_Bio_ClinicalBERT_9550_landmark2_full_no_time_rnd_3_512_landmark_all_landmarks_True_20250804_135943_.pt with AUC: 0.8889, F1: 0.0000, Val Loss: 0.1869
2025-08-04 14:09:01,131: Landmark 2 | Epoch 2/20 | Train Loss: 0.1980 | Val Loss: 0.1847 | Validation AUC: 0.9046 | F1-Score: 0.4464
2025-08-04 14:09:01,439: New best model saved at /cluster/work/projects/ec12/michechi/cache/best/best_model_emilyalsentzer_Bio_ClinicalBERT_9550_landmark2_full_no_time_rnd_3_512_landmark_all_landmarks_True_20250804_135943_.pt with AUC: 0.9046, F1: 0.4464, Val Loss: 0.1847
2025-08-04 14:13:40,204: Landmark 2 | Epoch 3/20 | Train Loss: 0.1840 | Val Loss: 0.1813 | Validation AUC: 0.8968 | F1-Score: 0.0847
2025-08-04 14:13:40,524: New best model saved at /cluster/work/projects/ec12/michechi/cache/best/best_model_emilyalsentzer_Bio_ClinicalBERT_9550_landmark2_full_no_time_rnd_3_512_landmark_all_landmarks_True_20250804_135943_.pt with AUC: 0.8968, F1: 0.0847, Val Loss: 0.1813
2025-08-04 14:18:19,499: Landmark 2 | Epoch 4/20 | Train Loss: 0.1730 | Val Loss: 0.1731 | Validation AUC: 0.8956 | F1-Score: 0.3793
2025-08-04 14:18:19,806: New best model saved at /cluster/work/projects/ec12/michechi/cache/best/best_model_emilyalsentzer_Bio_ClinicalBERT_9550_landmark2_full_no_time_rnd_3_512_landmark_all_landmarks_True_20250804_135943_.pt with AUC: 0.8956, F1: 0.3793, Val Loss: 0.1731
2025-08-04 14:22:58,358: Landmark 2 | Epoch 5/20 | Train Loss: 0.1533 | Val Loss: 0.1829 | Validation AUC: 0.8940 | F1-Score: 0.3412
2025-08-04 14:22:58,358: No improvement in epoch 5. Current best AUC: 0.8956, F1: 0.3793, Val Loss: 0.1731. Epochs without improvement: 1/5
2025-08-04 14:27:37,138: Landmark 2 | Epoch 6/20 | Train Loss: 0.1244 | Val Loss: 0.2134 | Validation AUC: 0.8684 | F1-Score: 0.4773
2025-08-04 14:27:37,139: No improvement in epoch 6. Current best AUC: 0.8956, F1: 0.3793, Val Loss: 0.1731. Epochs without improvement: 2/5
2025-08-04 14:32:16,084: Landmark 2 | Epoch 7/20 | Train Loss: 0.0837 | Val Loss: 0.2661 | Validation AUC: 0.8357 | F1-Score: 0.3871
2025-08-04 14:32:16,084: No improvement in epoch 7. Current best AUC: 0.8956, F1: 0.3793, Val Loss: 0.1731. Epochs without improvement: 3/5
2025-08-04 14:36:55,166: Landmark 2 | Epoch 8/20 | Train Loss: 0.0560 | Val Loss: 0.3342 | Validation AUC: 0.8527 | F1-Score: 0.3068
2025-08-04 14:36:55,166: No improvement in epoch 8. Current best AUC: 0.8956, F1: 0.3793, Val Loss: 0.1731. Epochs without improvement: 4/5
2025-08-04 14:41:34,181: Landmark 2 | Epoch 9/20 | Train Loss: 0.0392 | Val Loss: 0.3201 | Validation AUC: 0.8722 | F1-Score: 0.4178
2025-08-04 14:41:34,182: No improvement in epoch 9. Current best AUC: 0.8956, F1: 0.3793, Val Loss: 0.1731. Epochs without improvement: 5/5
2025-08-04 14:41:34,182: Early stopping triggered at epoch 9. Best AUC: 0.8956, F1: 0.3793, Val Loss: 0.1731
2025-08-04 14:41:34,736: Tempo impiegato per Landmark 2: 2511.7 secondi
2025-08-04 14:41:34,736: Tempo medio per epoca: 279.1 secondi
2025-08-04 14:41:34,738: Loading best model from /cluster/work/projects/ec12/michechi/cache/best/best_model_emilyalsentzer_Bio_ClinicalBERT_9550_landmark2_full_no_time_rnd_3_512_landmark_all_landmarks_True_20250804_135943_.pt for final evaluation on test set
2025-08-04 14:41:57,640: Final Test AUC (Landmark 2): 0.8897 | Test F1-Score: 0.3619
2025-08-04 14:41:57,640: Preparing data for Landmark 3
Using device: cuda
Some weights of BertForSequenceClassification were not initialized from the model checkpoint at emilyalsentzer/Bio_ClinicalBERT and are newly initialized: ['classifier.bias', 'classifier.weight']
You should probably TRAIN this model on a down-stream task to be able to use it for predictions and inference.
2025-08-04 14:42:07,331: Average train text length: 356.21 words
2025-08-04 14:42:07,331: Average validation text length: 351.55 words
2025-08-04 14:42:07,331: Average test text length: 354.77 words
2025-08-04 14:42:07,332: Training on 14472 samples, validating on 1608, testing on 4020 samples
2025-08-04 14:42:43,497: Fine-tuning at Landmark 3
2025-08-04 14:42:43,505: Early stopping criterion: loss
2025-08-04 14:47:18,407: Landmark 3 | Epoch 1/20 | Train Loss: 0.2966 | Val Loss: 0.2358 | Validation AUC: 0.9350 | F1-Score: 0.6682
2025-08-04 14:47:18,720: New best model saved at /cluster/work/projects/ec12/michechi/cache/best/best_model_emilyalsentzer_Bio_ClinicalBERT_9550_landmark3_full_no_time_rnd_3_512_landmark_all_landmarks_True_20250804_144243_.pt with AUC: 0.9350, F1: 0.6682, Val Loss: 0.2358
2025-08-04 14:51:53,741: Landmark 3 | Epoch 2/20 | Train Loss: 0.2378 | Val Loss: 0.2105 | Validation AUC: 0.9413 | F1-Score: 0.6800
2025-08-04 14:51:54,122: New best model saved at /cluster/work/projects/ec12/michechi/cache/best/best_model_emilyalsentzer_Bio_ClinicalBERT_9550_landmark3_full_no_time_rnd_3_512_landmark_all_landmarks_True_20250804_144243_.pt with AUC: 0.9413, F1: 0.6800, Val Loss: 0.2105
2025-08-04 14:56:29,256: Landmark 3 | Epoch 3/20 | Train Loss: 0.2227 | Val Loss: 0.2025 | Validation AUC: 0.9427 | F1-Score: 0.6700
2025-08-04 14:56:29,587: New best model saved at /cluster/work/projects/ec12/michechi/cache/best/best_model_emilyalsentzer_Bio_ClinicalBERT_9550_landmark3_full_no_time_rnd_3_512_landmark_all_landmarks_True_20250804_144243_.pt with AUC: 0.9427, F1: 0.6700, Val Loss: 0.2025
2025-08-04 15:01:04,488: Landmark 3 | Epoch 4/20 | Train Loss: 0.2044 | Val Loss: 0.2568 | Validation AUC: 0.9421 | F1-Score: 0.6563
2025-08-04 15:01:04,488: No improvement in epoch 4. Current best AUC: 0.9427, F1: 0.6700, Val Loss: 0.2025. Epochs without improvement: 1/5
2025-08-04 15:05:39,479: Landmark 3 | Epoch 5/20 | Train Loss: 0.2215 | Val Loss: 0.2293 | Validation AUC: 0.9403 | F1-Score: 0.6787
2025-08-04 15:05:39,479: No improvement in epoch 5. Current best AUC: 0.9427, F1: 0.6700, Val Loss: 0.2025. Epochs without improvement: 2/5
2025-08-04 15:10:14,185: Landmark 3 | Epoch 6/20 | Train Loss: 0.1896 | Val Loss: 0.2196 | Validation AUC: 0.9370 | F1-Score: 0.6624
2025-08-04 15:10:14,185: No improvement in epoch 6. Current best AUC: 0.9427, F1: 0.6700, Val Loss: 0.2025. Epochs without improvement: 3/5
2025-08-04 15:14:48,853: Landmark 3 | Epoch 7/20 | Train Loss: 0.1652 | Val Loss: 0.2253 | Validation AUC: 0.9365 | F1-Score: 0.6527
2025-08-04 15:14:48,853: No improvement in epoch 7. Current best AUC: 0.9427, F1: 0.6700, Val Loss: 0.2025. Epochs without improvement: 4/5
2025-08-04 15:19:24,051: Landmark 3 | Epoch 8/20 | Train Loss: 0.1360 | Val Loss: 0.2620 | Validation AUC: 0.9318 | F1-Score: 0.6602
2025-08-04 15:19:24,051: No improvement in epoch 8. Current best AUC: 0.9427, F1: 0.6700, Val Loss: 0.2025. Epochs without improvement: 5/5
2025-08-04 15:19:24,051: Early stopping triggered at epoch 8. Best AUC: 0.9427, F1: 0.6700, Val Loss: 0.2025
2025-08-04 15:19:24,382: Tempo impiegato per Landmark 3: 2200.9 secondi
2025-08-04 15:19:24,382: Tempo medio per epoca: 275.1 secondi
2025-08-04 15:19:24,384: Loading best model from /cluster/work/projects/ec12/michechi/cache/best/best_model_emilyalsentzer_Bio_ClinicalBERT_9550_landmark3_full_no_time_rnd_3_512_landmark_all_landmarks_True_20250804_144243_.pt for final evaluation on test set
2025-08-04 15:19:46,362: Final Test AUC (Landmark 3): 0.9338 | Test F1-Score: 0.6591
2025-08-04 15:19:46,363: Saving results to results_medical_True_emilyalsentzer_Bio_ClinicalBERT_landmark_visits3_9550_512_full_no_time_rnd_20250804_151946.csv
Using device: cuda
   Landmark Val AUC  ... Validation Loss Training Time (s)
0         1  0.8853  ...          0.1179            1951.0
1         2  0.8956  ...          0.1731            2511.7
2         3  0.9427  ...          0.2025            2200.9

[3 rows x 9 columns]

Job 1839178 consumed 36.5 billing hours from project ec12.

Submitted 2025-08-04T13:24:35; waited 1.0 seconds in the queue after becoming eligible to run.

Requested wallclock time: 6.0 hours
Elapsed wallclock time:   1.9 hours

Job exited normally.

Task and CPU statistics:
ID             CPUs  Tasks  CPU util                Start  Elapsed  Exit status
1839178          16            0.0 %  2025-08-04T13:24:36    1.9 h  0
1839178.batch    16      1     6.2 %  2025-08-04T13:24:36    1.9 h  0

Used CPU time:   1.9 CPU hours
Unused CPU time: 1.2 CPU days

Memory statistics, in GiB:
ID              Alloc   Usage
1839178          32.0        
1839178.batch    32.0    12.4

Job 1839178 completed at Mon Aug 4 15:19:52 CEST 2025
