Starting job 1836106 on gpu-2 on fox at Tue Jul 29 22:53:58 CEST 2025

2025-07-29 22:54:14,874: Argument CI: False
2025-07-29 22:54:14,874: Argument all_landmarks: True
2025-07-29 22:54:14,874: Argument batch_size: 8
2025-07-29 22:54:14,874: Argument cache_dir: '/cluster/work/projects/ec12/michechi/cache'
2025-07-29 22:54:14,874: Argument early: 'loss'
2025-07-29 22:54:14,874: Argument epochs: 20
2025-07-29 22:54:14,874: Argument gradient_accumulation_steps: 1
2025-07-29 22:54:14,874: Argument input_csv: '/fp/homes01/u01/ec-michelec/MIMICIV/data/splitted/splitted/landmark_df_evo.csv'
2025-07-29 22:54:14,874: Argument lr: 2e-05
2025-07-29 22:54:14,875: Argument max_length: 1024
2025-07-29 22:54:14,875: Argument max_visits: 3
2025-07-29 22:54:14,875: Argument model_name: 'answerdotai/ModernBERT-large'
2025-07-29 22:54:14,875: Argument model_type: 'medical'
2025-07-29 22:54:14,875: Argument patience: 1
2025-07-29 22:54:14,875: Argument peft: False
2025-07-29 22:54:14,875: Argument prompt_type: 'compact'
2025-07-29 22:54:14,875: Argument seed: 5550
2025-07-29 22:54:14,875: Argument test_csv: '/fp/homes01/u01/ec-michelec/MIMICIV/data/splitted/splitted/landmark_evo_test.csv'
2025-07-29 22:54:14,875: Argument train_csv: '/fp/homes01/u01/ec-michelec/MIMICIV/data/splitted/splitted/landmark_evo_train.csv'
2025-07-29 22:54:14,875: Argument use_quantization: False
2025-07-29 22:54:14,875: Argument val_csv: '/fp/homes01/u01/ec-michelec/MIMICIV/data/splitted/splitted/landmark_evo_vali.csv'
2025-07-29 22:54:14,884: Using prompt type: compact
/fp/homes01/u01/ec-michelec/MIMICIV/src/Finetuning_rfct.py:79: DtypeWarning: Columns (16,17,18,19) have mixed types. Specify dtype option on import or set low_memory=False.
  full_train_df = pd.read_csv(args.train_csv, na_values=['', 'None', 'NaN', 'na', 'nan']).fillna('')
/fp/homes01/u01/ec-michelec/MIMICIV/src/Finetuning_rfct.py:81: DtypeWarning: Columns (16,17,18,19) have mixed types. Specify dtype option on import or set low_memory=False.
  full_test_df = pd.read_csv(args.test_csv, na_values=['', 'None', 'NaN', 'na', 'nan']).fillna('')
2025-07-29 22:54:50,937: Processing all landmarks from 1 to 3
2025-07-29 22:54:50,937: Preparing data for Landmark 1
Some weights of ModernBertForSequenceClassification were not initialized from the model checkpoint at answerdotai/ModernBERT-large and are newly initialized: ['classifier.bias', 'classifier.weight']
You should probably TRAIN this model on a down-stream task to be able to use it for predictions and inference.
2025-07-29 22:55:01,015: Average train text length: 147.90 words
2025-07-29 22:55:01,015: Average validation text length: 147.07 words
2025-07-29 22:55:01,015: Average test text length: 148.65 words
2025-07-29 22:55:01,015: Training on 14472 samples, validating on 1608, testing on 4020 samples
2025-07-29 22:55:13,153: Fine-tuning at Landmark 1
2025-07-29 22:55:13,157: Early stopping criterion: loss
/fp/homes01/u01/ec-michelec/ModernBERT/lib64/python3.9/site-packages/networkx/utils/backends.py:135: RuntimeWarning: networkx backend defined more than once: nx-loopback
  backends.update(_get_backends("networkx.backends"))
2025-07-29 23:12:20,142: Landmark 1 | Epoch 1/20 | Train Loss: 0.3822 | Val Loss: 0.3224 | Validation AUC: 0.8318 | F1-Score: 0.1323
2025-07-29 23:12:21,184: New best model saved at /cluster/work/projects/ec12/michechi/cache/best/best_model_answerdotai_ModernBERT-large_5550_landmark1_compact_3_1024_all_landmarks_True_20250729_225513_.pt with AUC: 0.8318, F1: 0.1323, Val Loss: 0.3224
2025-07-29 23:29:11,025: Landmark 1 | Epoch 2/20 | Train Loss: 0.3328 | Val Loss: 0.3253 | Validation AUC: 0.8363 | F1-Score: 0.0170
2025-07-29 23:29:11,025: No improvement in epoch 2. Current best AUC: 0.8318, F1: 0.1323, Val Loss: 0.3224. Epochs without improvement: 1/1
2025-07-29 23:29:11,025: Early stopping triggered at epoch 2. Best AUC: 0.8318, F1: 0.1323, Val Loss: 0.3224
2025-07-29 23:29:11,920: Tempo impiegato per Landmark 1: 2038.8 secondi
2025-07-29 23:29:11,922: Tempo medio per epoca: 1019.4 secondi
2025-07-29 23:29:11,924: Loading best model from /cluster/work/projects/ec12/michechi/cache/best/best_model_answerdotai_ModernBERT-large_5550_landmark1_compact_3_1024_all_landmarks_True_20250729_225513_.pt for final evaluation on test set
2025-07-29 23:30:28,696: Final Test AUC (Landmark 1): 0.8207 | Test F1-Score: 0.1127
2025-07-29 23:30:28,696: Preparing data for Landmark 2
Some weights of ModernBertForSequenceClassification were not initialized from the model checkpoint at answerdotai/ModernBERT-large and are newly initialized: ['classifier.bias', 'classifier.weight']
You should probably TRAIN this model on a down-stream task to be able to use it for predictions and inference.
2025-07-29 23:30:35,969: Average train text length: 160.05 words
2025-07-29 23:30:35,969: Average validation text length: 159.92 words
2025-07-29 23:30:35,969: Average test text length: 158.18 words
2025-07-29 23:30:35,969: Training on 14472 samples, validating on 1608, testing on 4020 samples
2025-07-29 23:30:49,675: Fine-tuning at Landmark 2
2025-07-29 23:30:49,696: Early stopping criterion: loss
2025-07-29 23:47:40,742: Landmark 2 | Epoch 1/20 | Train Loss: 0.3635 | Val Loss: 0.2882 | Validation AUC: 0.8748 | F1-Score: 0.3654
2025-07-29 23:47:41,850: New best model saved at /cluster/work/projects/ec12/michechi/cache/best/best_model_answerdotai_ModernBERT-large_5550_landmark2_compact_3_1024_all_landmarks_True_20250729_233049_.pt with AUC: 0.8748, F1: 0.3654, Val Loss: 0.2882
2025-07-30 00:04:33,847: Landmark 2 | Epoch 2/20 | Train Loss: 0.3140 | Val Loss: 0.2781 | Validation AUC: 0.8806 | F1-Score: 0.3907
2025-07-30 00:04:34,956: New best model saved at /cluster/work/projects/ec12/michechi/cache/best/best_model_answerdotai_ModernBERT-large_5550_landmark2_compact_3_1024_all_landmarks_True_20250729_233049_.pt with AUC: 0.8806, F1: 0.3907, Val Loss: 0.2781
2025-07-30 00:21:26,775: Landmark 2 | Epoch 3/20 | Train Loss: 0.2944 | Val Loss: 0.2980 | Validation AUC: 0.8864 | F1-Score: 0.2857
2025-07-30 00:21:26,775: No improvement in epoch 3. Current best AUC: 0.8806, F1: 0.3907, Val Loss: 0.2781. Epochs without improvement: 1/1
2025-07-30 00:21:26,775: Early stopping triggered at epoch 3. Best AUC: 0.8806, F1: 0.3907, Val Loss: 0.2781
2025-07-30 00:21:28,131: Tempo impiegato per Landmark 2: 3038.5 secondi
2025-07-30 00:21:28,132: Tempo medio per epoca: 1012.8 secondi
2025-07-30 00:21:28,134: Loading best model from /cluster/work/projects/ec12/michechi/cache/best/best_model_answerdotai_ModernBERT-large_5550_landmark2_compact_3_1024_all_landmarks_True_20250729_233049_.pt for final evaluation on test set
2025-07-30 00:22:45,154: Final Test AUC (Landmark 2): 0.8432 | Test F1-Score: 0.3448
2025-07-30 00:22:45,155: Preparing data for Landmark 3
Some weights of ModernBertForSequenceClassification were not initialized from the model checkpoint at answerdotai/ModernBERT-large and are newly initialized: ['classifier.bias', 'classifier.weight']
You should probably TRAIN this model on a down-stream task to be able to use it for predictions and inference.
2025-07-30 00:22:54,060: Average train text length: 185.98 words
2025-07-30 00:22:54,061: Average validation text length: 182.43 words
2025-07-30 00:22:54,061: Average test text length: 185.50 words
2025-07-30 00:22:54,061: Training on 14472 samples, validating on 1608, testing on 4020 samples
2025-07-30 00:23:08,953: Fine-tuning at Landmark 3
2025-07-30 00:23:08,973: Early stopping criterion: loss
2025-07-30 00:40:03,087: Landmark 3 | Epoch 1/20 | Train Loss: 0.2768 | Val Loss: 0.2309 | Validation AUC: 0.9472 | F1-Score: 0.5449
2025-07-30 00:40:04,142: New best model saved at /cluster/work/projects/ec12/michechi/cache/best/best_model_answerdotai_ModernBERT-large_5550_landmark3_compact_3_1024_all_landmarks_True_20250730_002308_.pt with AUC: 0.9472, F1: 0.5449, Val Loss: 0.2309
2025-07-30 00:56:58,388: Landmark 3 | Epoch 2/20 | Train Loss: 0.2035 | Val Loss: 0.1889 | Validation AUC: 0.9555 | F1-Score: 0.6684
2025-07-30 00:56:59,453: New best model saved at /cluster/work/projects/ec12/michechi/cache/best/best_model_answerdotai_ModernBERT-large_5550_landmark3_compact_3_1024_all_landmarks_True_20250730_002308_.pt with AUC: 0.9555, F1: 0.6684, Val Loss: 0.1889
2025-07-30 01:13:53,660: Landmark 3 | Epoch 3/20 | Train Loss: 0.1768 | Val Loss: 0.1817 | Validation AUC: 0.9582 | F1-Score: 0.7349
2025-07-30 01:13:54,686: New best model saved at /cluster/work/projects/ec12/michechi/cache/best/best_model_answerdotai_ModernBERT-large_5550_landmark3_compact_3_1024_all_landmarks_True_20250730_002308_.pt with AUC: 0.9582, F1: 0.7349, Val Loss: 0.1817
2025-07-30 01:30:48,826: Landmark 3 | Epoch 4/20 | Train Loss: 0.1528 | Val Loss: 0.1720 | Validation AUC: 0.9585 | F1-Score: 0.7295
2025-07-30 01:30:49,852: New best model saved at /cluster/work/projects/ec12/michechi/cache/best/best_model_answerdotai_ModernBERT-large_5550_landmark3_compact_3_1024_all_landmarks_True_20250730_002308_.pt with AUC: 0.9585, F1: 0.7295, Val Loss: 0.1720
2025-07-30 01:47:44,100: Landmark 3 | Epoch 5/20 | Train Loss: 0.1148 | Val Loss: 0.1775 | Validation AUC: 0.9614 | F1-Score: 0.7540
2025-07-30 01:47:44,101: No improvement in epoch 5. Current best AUC: 0.9585, F1: 0.7295, Val Loss: 0.1720. Epochs without improvement: 1/1
2025-07-30 01:47:44,101: Early stopping triggered at epoch 5. Best AUC: 0.9585, F1: 0.7295, Val Loss: 0.1720
2025-07-30 01:47:44,992: Tempo impiegato per Landmark 3: 5076.0 secondi
2025-07-30 01:47:44,992: Tempo medio per epoca: 1015.2 secondi
2025-07-30 01:47:44,994: Loading best model from /cluster/work/projects/ec12/michechi/cache/best/best_model_answerdotai_ModernBERT-large_5550_landmark3_compact_3_1024_all_landmarks_True_20250730_002308_.pt for final evaluation on test set
2025-07-30 01:49:01,830: Final Test AUC (Landmark 3): 0.9444 | Test F1-Score: 0.7312
2025-07-30 01:49:01,831: Saving results to results_medical_True_answerdotai_ModernBERT-large_visits3_5550_compact_20250730_014901.csv
Using device: cuda
Using device: cuda
Using device: cuda
   Landmark Val AUC  ... Validation Loss Training Time (s)
0         1  0.8318  ...          0.3224            2038.8
1         2  0.8806  ...          0.2781            3038.5
2         3  0.9585  ...          0.1720            5076.0

[3 rows x 9 columns]

Job 1836106 consumed 55.5 billing hours from project ec12.

Submitted 2025-07-29T21:46:42; waited 1.1 hours in the queue after becoming eligible to run.

Requested wallclock time: 1.8 days
Elapsed wallclock time:   2.9 hours

Job exited normally.

Task and CPU statistics:
ID             CPUs  Tasks  CPU util                Start  Elapsed  Exit status
1836106          16            0.0 %  2025-07-29T22:53:58    2.9 h  0
1836106.batch    16      1     7.5 %  2025-07-29T22:53:58    2.9 h  0

Used CPU time:   3.5 CPU hours
Unused CPU time: 1.8 CPU days

Memory statistics, in GiB:
ID              Alloc   Usage
1836106          32.0        
1836106.batch    32.0    12.8

GPU usage stats:
Job 1836106 completed at Wed Jul 30 01:49:07 CEST 2025
