Starting job 1838386 on gpu-2 on fox at Fri Aug 1 17:45:28 CEST 2025

2025-08-01 17:46:04,663: Argument CI: False
2025-08-01 17:46:04,663: Argument all_landmarks: True
2025-08-01 17:46:04,663: Argument batch_size: 8
2025-08-01 17:46:04,664: Argument cache_dir: '/cluster/work/projects/ec12/michechi/cache'
2025-08-01 17:46:04,664: Argument early: 'loss'
2025-08-01 17:46:04,664: Argument epochs: 20
2025-08-01 17:46:04,664: Argument gradient_accumulation_steps: 1
2025-08-01 17:46:04,664: Argument input_csv: '/fp/homes01/u01/ec-michelec/MIMICIV/data/splitted/splitted/landmark_df_evo.csv'
2025-08-01 17:46:04,664: Argument lr: 2e-05
2025-08-01 17:46:04,664: Argument max_length: 512
2025-08-01 17:46:04,664: Argument max_visits: 3
2025-08-01 17:46:04,664: Argument model_name: 'emilyalsentzer/Bio_ClinicalBERT'
2025-08-01 17:46:04,664: Argument model_type: 'medical'
2025-08-01 17:46:04,664: Argument patience: 1
2025-08-01 17:46:04,664: Argument peft: False
2025-08-01 17:46:04,664: Argument prompt_type: 'full_no_time_rnd'
2025-08-01 17:46:04,664: Argument seed: 5550
2025-08-01 17:46:04,664: Argument test_csv: '/fp/homes01/u01/ec-michelec/MIMICIV/data/splitted/splitted/landmark_evo_test_dod.csv'
2025-08-01 17:46:04,664: Argument train_csv: '/fp/homes01/u01/ec-michelec/MIMICIV/data/splitted/splitted/landmark_evo_train_dod.csv'
2025-08-01 17:46:04,664: Argument use_quantization: False
2025-08-01 17:46:04,664: Argument val_csv: '/fp/homes01/u01/ec-michelec/MIMICIV/data/splitted/splitted/landmark_evo_vali_dod.csv'
2025-08-01 17:46:04,664: Argument when_counting_death: 'landmark'
2025-08-01 17:46:04,757: Using prompt type: full_no_time_rnd
/fp/homes01/u01/ec-michelec/MIMICIV/src/Finetuning_rfct.py:79: DtypeWarning: Columns (16,17,18,19) have mixed types. Specify dtype option on import or set low_memory=False.
  full_train_df = pd.read_csv(args.train_csv, na_values=['', 'None', 'NaN', 'na', 'nan']).fillna('')
/fp/homes01/u01/ec-michelec/MIMICIV/src/Finetuning_rfct.py:81: DtypeWarning: Columns (16,17,18,19) have mixed types. Specify dtype option on import or set low_memory=False.
  full_test_df = pd.read_csv(args.test_csv, na_values=['', 'None', 'NaN', 'na', 'nan']).fillna('')
2025-08-01 17:46:42,460: Processing all landmarks from 1 to 3
2025-08-01 17:46:42,460: Preparing data for Landmark 1
/fp/projects01/ec30/software/easybuild/software/nlpl-pytorch/2.1.2-foss-2022b-cuda-12.0.0-Python-3.10.8/lib/python3.10/site-packages/torch/_utils.py:831: UserWarning: TypedStorage is deprecated. It will be removed in the future and UntypedStorage will be the only storage class. This should only matter to you if you are using storages directly.  To access UntypedStorage directly, use tensor.untyped_storage() instead of tensor.storage()
  return self.fget.__get__(instance, owner)()
Some weights of BertForSequenceClassification were not initialized from the model checkpoint at emilyalsentzer/Bio_ClinicalBERT and are newly initialized: ['classifier.bias', 'classifier.weight']
You should probably TRAIN this model on a down-stream task to be able to use it for predictions and inference.
2025-08-01 17:46:49,138: Average train text length: 130.90 words
2025-08-01 17:46:49,138: Average validation text length: 130.07 words
2025-08-01 17:46:49,138: Average test text length: 131.65 words
2025-08-01 17:46:49,139: Training on 14472 samples, validating on 1608, testing on 4020 samples
2025-08-01 17:47:02,327: Fine-tuning at Landmark 1
2025-08-01 17:47:03,658: Early stopping criterion: loss
2025-08-01 17:49:18,588: Landmark 1 | Epoch 1/20 | Train Loss: 0.1725 | Val Loss: 0.1324 | Validation AUC: 0.8726 | F1-Score: 0.0000
2025-08-01 17:49:18,947: New best model saved at /cluster/work/projects/ec12/michechi/cache/best/best_model_emilyalsentzer_Bio_ClinicalBERT_5550_landmark1_full_no_time_rnd_3_512_landmark_all_landmarks_True_20250801_174703_.pt with AUC: 0.8726, F1: 0.0000, Val Loss: 0.1324
2025-08-01 17:51:33,840: Landmark 1 | Epoch 2/20 | Train Loss: 0.1141 | Val Loss: 0.1142 | Validation AUC: 0.8769 | F1-Score: 0.0000
2025-08-01 17:51:34,201: New best model saved at /cluster/work/projects/ec12/michechi/cache/best/best_model_emilyalsentzer_Bio_ClinicalBERT_5550_landmark1_full_no_time_rnd_3_512_landmark_all_landmarks_True_20250801_174703_.pt with AUC: 0.8769, F1: 0.0000, Val Loss: 0.1142
2025-08-01 17:53:49,561: Landmark 1 | Epoch 3/20 | Train Loss: 0.1052 | Val Loss: 0.1123 | Validation AUC: 0.8828 | F1-Score: 0.0000
2025-08-01 17:53:49,876: New best model saved at /cluster/work/projects/ec12/michechi/cache/best/best_model_emilyalsentzer_Bio_ClinicalBERT_5550_landmark1_full_no_time_rnd_3_512_landmark_all_landmarks_True_20250801_174703_.pt with AUC: 0.8828, F1: 0.0000, Val Loss: 0.1123
2025-08-01 17:56:05,223: Landmark 1 | Epoch 4/20 | Train Loss: 0.0962 | Val Loss: 0.1164 | Validation AUC: 0.8903 | F1-Score: 0.0000
2025-08-01 17:56:05,223: No improvement in epoch 4. Current best AUC: 0.8828, F1: 0.0000, Val Loss: 0.1123. Epochs without improvement: 1/1
2025-08-01 17:56:05,223: Early stopping triggered at epoch 4. Best AUC: 0.8828, F1: 0.0000, Val Loss: 0.1123
2025-08-01 17:56:05,497: Tempo impiegato per Landmark 1: 543.2 secondi
2025-08-01 17:56:05,497: Tempo medio per epoca: 135.8 secondi
2025-08-01 17:56:05,499: Loading best model from /cluster/work/projects/ec12/michechi/cache/best/best_model_emilyalsentzer_Bio_ClinicalBERT_5550_landmark1_full_no_time_rnd_3_512_landmark_all_landmarks_True_20250801_174703_.pt for final evaluation on test set
2025-08-01 17:56:16,737: Final Test AUC (Landmark 1): 0.8541 | Test F1-Score: 0.0000
2025-08-01 17:56:16,737: Preparing data for Landmark 2
Using device: cuda
Some weights of BertForSequenceClassification were not initialized from the model checkpoint at emilyalsentzer/Bio_ClinicalBERT and are newly initialized: ['classifier.bias', 'classifier.weight']
You should probably TRAIN this model on a down-stream task to be able to use it for predictions and inference.
2025-08-01 17:56:23,592: Average train text length: 237.75 words
2025-08-01 17:56:23,592: Average validation text length: 236.84 words
2025-08-01 17:56:23,592: Average test text length: 236.66 words
2025-08-01 17:56:23,592: Training on 14472 samples, validating on 1608, testing on 4020 samples
2025-08-01 17:56:48,111: Fine-tuning at Landmark 2
2025-08-01 17:56:48,115: Early stopping criterion: loss
2025-08-01 17:59:04,439: Landmark 2 | Epoch 1/20 | Train Loss: 0.2464 | Val Loss: 0.1915 | Validation AUC: 0.8907 | F1-Score: 0.0000
2025-08-01 17:59:04,769: New best model saved at /cluster/work/projects/ec12/michechi/cache/best/best_model_emilyalsentzer_Bio_ClinicalBERT_5550_landmark2_full_no_time_rnd_3_512_landmark_all_landmarks_True_20250801_175648_.pt with AUC: 0.8907, F1: 0.0000, Val Loss: 0.1915
2025-08-01 18:01:21,692: Landmark 2 | Epoch 2/20 | Train Loss: 0.1978 | Val Loss: 0.1721 | Validation AUC: 0.8994 | F1-Score: 0.1692
2025-08-01 18:01:22,001: New best model saved at /cluster/work/projects/ec12/michechi/cache/best/best_model_emilyalsentzer_Bio_ClinicalBERT_5550_landmark2_full_no_time_rnd_3_512_landmark_all_landmarks_True_20250801_175648_.pt with AUC: 0.8994, F1: 0.1692, Val Loss: 0.1721
2025-08-01 18:03:38,422: Landmark 2 | Epoch 3/20 | Train Loss: 0.1843 | Val Loss: 0.1735 | Validation AUC: 0.9010 | F1-Score: 0.2933
2025-08-01 18:03:38,422: No improvement in epoch 3. Current best AUC: 0.8994, F1: 0.1692, Val Loss: 0.1721. Epochs without improvement: 1/1
2025-08-01 18:03:38,422: Early stopping triggered at epoch 3. Best AUC: 0.8994, F1: 0.1692, Val Loss: 0.1721
2025-08-01 18:03:38,673: Tempo impiegato per Landmark 2: 410.6 secondi
2025-08-01 18:03:38,673: Tempo medio per epoca: 136.9 secondi
2025-08-01 18:03:38,675: Loading best model from /cluster/work/projects/ec12/michechi/cache/best/best_model_emilyalsentzer_Bio_ClinicalBERT_5550_landmark2_full_no_time_rnd_3_512_landmark_all_landmarks_True_20250801_175648_.pt for final evaluation on test set
2025-08-01 18:03:49,893: Final Test AUC (Landmark 2): 0.8868 | Test F1-Score: 0.2269
2025-08-01 18:03:49,893: Preparing data for Landmark 3
Using device: cuda
Some weights of BertForSequenceClassification were not initialized from the model checkpoint at emilyalsentzer/Bio_ClinicalBERT and are newly initialized: ['classifier.bias', 'classifier.weight']
You should probably TRAIN this model on a down-stream task to be able to use it for predictions and inference.
2025-08-01 18:03:59,399: Average train text length: 356.21 words
2025-08-01 18:03:59,399: Average validation text length: 351.55 words
2025-08-01 18:03:59,399: Average test text length: 354.77 words
2025-08-01 18:03:59,399: Training on 14472 samples, validating on 1608, testing on 4020 samples
2025-08-01 18:04:35,884: Fine-tuning at Landmark 3
2025-08-01 18:04:35,890: Early stopping criterion: loss
2025-08-01 18:06:50,909: Landmark 3 | Epoch 1/20 | Train Loss: 0.3209 | Val Loss: 0.2259 | Validation AUC: 0.9293 | F1-Score: 0.5179
2025-08-01 18:06:51,223: New best model saved at /cluster/work/projects/ec12/michechi/cache/best/best_model_emilyalsentzer_Bio_ClinicalBERT_5550_landmark3_full_no_time_rnd_3_512_landmark_all_landmarks_True_20250801_180435_.pt with AUC: 0.9293, F1: 0.5179, Val Loss: 0.2259
2025-08-01 18:09:06,348: Landmark 3 | Epoch 2/20 | Train Loss: 0.2366 | Val Loss: 0.2321 | Validation AUC: 0.9337 | F1-Score: 0.6838
2025-08-01 18:09:06,348: No improvement in epoch 2. Current best AUC: 0.9293, F1: 0.5179, Val Loss: 0.2259. Epochs without improvement: 1/1
2025-08-01 18:09:06,348: Early stopping triggered at epoch 2. Best AUC: 0.9293, F1: 0.5179, Val Loss: 0.2259
2025-08-01 18:09:06,597: Tempo impiegato per Landmark 3: 270.7 secondi
2025-08-01 18:09:06,598: Tempo medio per epoca: 135.4 secondi
2025-08-01 18:09:06,600: Loading best model from /cluster/work/projects/ec12/michechi/cache/best/best_model_emilyalsentzer_Bio_ClinicalBERT_5550_landmark3_full_no_time_rnd_3_512_landmark_all_landmarks_True_20250801_180435_.pt for final evaluation on test set
2025-08-01 18:09:17,403: Final Test AUC (Landmark 3): 0.9305 | Test F1-Score: 0.5111
2025-08-01 18:09:17,404: Saving results to results_medical_True_emilyalsentzer_Bio_ClinicalBERT_landmark_visits3_5550_512_full_no_time_rnd_20250801_180917.csv
Using device: cuda
   Landmark Val AUC  ... Validation Loss Training Time (s)
0         1  0.8828  ...          0.1123             543.2
1         2  0.8994  ...          0.1721             410.6
2         3  0.9293  ...          0.2259             270.7

[3 rows x 9 columns]

Job 1838386 consumed 7.6 billing hours from project ec12.

Submitted 2025-08-01T16:54:44; waited 50.7 minutes in the queue after becoming eligible to run.

Requested wallclock time: 6.0 hours
Elapsed wallclock time:   23.9 minutes

Job exited normally.

Task and CPU statistics:
ID             CPUs  Tasks  CPU util                Start   Elapsed  Exit status
1838386          16            0.0 %  2025-08-01T17:45:27  1435.0 s  0
1838386.batch    16      1     6.1 %  2025-08-01T17:45:27  1435.0 s  0

Used CPU time:   23.4 CPU minutes
Unused CPU time: 6.0 CPU hours

Memory statistics, in GiB:
ID              Alloc   Usage
1838386          32.0        
1838386.batch    32.0    11.9

GPU usage stats:
Job 1838386 completed at Fri Aug 1 18:09:23 CEST 2025
