Starting job 1836110 on gpu-8 on fox at Wed Jul 30 00:47:06 CEST 2025

2025-07-30 00:47:17,951: Argument CI: False
2025-07-30 00:47:17,951: Argument all_landmarks: True
2025-07-30 00:47:17,951: Argument batch_size: 8
2025-07-30 00:47:17,951: Argument cache_dir: '/cluster/work/projects/ec12/michechi/cache'
2025-07-30 00:47:17,951: Argument early: 'loss'
2025-07-30 00:47:17,951: Argument epochs: 20
2025-07-30 00:47:17,951: Argument gradient_accumulation_steps: 1
2025-07-30 00:47:17,951: Argument input_csv: '/fp/homes01/u01/ec-michelec/MIMICIV/data/splitted/splitted/landmark_df_evo.csv'
2025-07-30 00:47:17,951: Argument lr: 2e-05
2025-07-30 00:47:17,952: Argument max_length: 1024
2025-07-30 00:47:17,952: Argument max_visits: 3
2025-07-30 00:47:17,952: Argument model_name: 'answerdotai/ModernBERT-large'
2025-07-30 00:47:17,952: Argument model_type: 'medical'
2025-07-30 00:47:17,952: Argument patience: 1
2025-07-30 00:47:17,952: Argument peft: False
2025-07-30 00:47:17,952: Argument prompt_type: 'compact_no_time'
2025-07-30 00:47:17,952: Argument seed: 4550
2025-07-30 00:47:17,952: Argument test_csv: '/fp/homes01/u01/ec-michelec/MIMICIV/data/splitted/splitted/landmark_evo_test.csv'
2025-07-30 00:47:17,952: Argument train_csv: '/fp/homes01/u01/ec-michelec/MIMICIV/data/splitted/splitted/landmark_evo_train.csv'
2025-07-30 00:47:17,952: Argument use_quantization: False
2025-07-30 00:47:17,952: Argument val_csv: '/fp/homes01/u01/ec-michelec/MIMICIV/data/splitted/splitted/landmark_evo_vali.csv'
2025-07-30 00:47:17,959: Using prompt type: compact_no_time
/fp/homes01/u01/ec-michelec/MIMICIV/src/Finetuning_rfct.py:79: DtypeWarning: Columns (16,17,18,19) have mixed types. Specify dtype option on import or set low_memory=False.
  full_train_df = pd.read_csv(args.train_csv, na_values=['', 'None', 'NaN', 'na', 'nan']).fillna('')
/fp/homes01/u01/ec-michelec/MIMICIV/src/Finetuning_rfct.py:81: DtypeWarning: Columns (16,17,18,19) have mixed types. Specify dtype option on import or set low_memory=False.
  full_test_df = pd.read_csv(args.test_csv, na_values=['', 'None', 'NaN', 'na', 'nan']).fillna('')
2025-07-30 00:47:54,367: Processing all landmarks from 1 to 3
2025-07-30 00:47:54,367: Preparing data for Landmark 1
Some weights of ModernBertForSequenceClassification were not initialized from the model checkpoint at answerdotai/ModernBERT-large and are newly initialized: ['classifier.bias', 'classifier.weight']
You should probably TRAIN this model on a down-stream task to be able to use it for predictions and inference.
2025-07-30 00:48:03,924: Average train text length: 133.90 words
2025-07-30 00:48:03,924: Average validation text length: 133.07 words
2025-07-30 00:48:03,924: Average test text length: 134.65 words
2025-07-30 00:48:03,924: Training on 14472 samples, validating on 1608, testing on 4020 samples
2025-07-30 00:48:15,647: Fine-tuning at Landmark 1
2025-07-30 00:48:15,652: Early stopping criterion: loss
/fp/homes01/u01/ec-michelec/ModernBERT/lib64/python3.9/site-packages/networkx/utils/backends.py:135: RuntimeWarning: networkx backend defined more than once: nx-loopback
  backends.update(_get_backends("networkx.backends"))
2025-07-30 01:04:31,172: Landmark 1 | Epoch 1/20 | Train Loss: 0.3831 | Val Loss: 0.3255 | Validation AUC: 0.8300 | F1-Score: 0.0170
2025-07-30 01:04:32,266: New best model saved at /cluster/work/projects/ec12/michechi/cache/best/best_model_answerdotai_ModernBERT-large_4550_landmark1_compact_no_time_3_1024_all_landmarks_True_20250730_004815_.pt with AUC: 0.8300, F1: 0.0170, Val Loss: 0.3255
2025-07-30 01:20:36,511: Landmark 1 | Epoch 2/20 | Train Loss: 0.3384 | Val Loss: 0.3291 | Validation AUC: 0.8274 | F1-Score: 0.0422
2025-07-30 01:20:36,511: No improvement in epoch 2. Current best AUC: 0.8300, F1: 0.0170, Val Loss: 0.3255. Epochs without improvement: 1/1
2025-07-30 01:20:36,511: Early stopping triggered at epoch 2. Best AUC: 0.8300, F1: 0.0170, Val Loss: 0.3255
2025-07-30 01:20:37,296: Tempo impiegato per Landmark 1: 1941.6 secondi
2025-07-30 01:20:37,298: Tempo medio per epoca: 970.8 secondi
2025-07-30 01:20:37,300: Loading best model from /cluster/work/projects/ec12/michechi/cache/best/best_model_answerdotai_ModernBERT-large_4550_landmark1_compact_no_time_3_1024_all_landmarks_True_20250730_004815_.pt for final evaluation on test set
2025-07-30 01:21:50,121: Final Test AUC (Landmark 1): 0.8117 | Test F1-Score: 0.0238
2025-07-30 01:21:50,122: Preparing data for Landmark 2
Some weights of ModernBertForSequenceClassification were not initialized from the model checkpoint at answerdotai/ModernBERT-large and are newly initialized: ['classifier.bias', 'classifier.weight']
You should probably TRAIN this model on a down-stream task to be able to use it for predictions and inference.
2025-07-30 01:21:59,326: Average train text length: 137.85 words
2025-07-30 01:21:59,326: Average validation text length: 137.77 words
2025-07-30 01:21:59,326: Average test text length: 136.01 words
2025-07-30 01:21:59,326: Training on 14472 samples, validating on 1608, testing on 4020 samples
2025-07-30 01:22:12,128: Fine-tuning at Landmark 2
2025-07-30 01:22:12,147: Early stopping criterion: loss
2025-07-30 01:38:17,253: Landmark 2 | Epoch 1/20 | Train Loss: 0.3865 | Val Loss: 0.3299 | Validation AUC: 0.8755 | F1-Score: 0.5320
2025-07-30 01:38:18,386: New best model saved at /cluster/work/projects/ec12/michechi/cache/best/best_model_answerdotai_ModernBERT-large_4550_landmark2_compact_no_time_3_1024_all_landmarks_True_20250730_012212_.pt with AUC: 0.8755, F1: 0.5320, Val Loss: 0.3299
2025-07-30 01:54:23,594: Landmark 2 | Epoch 2/20 | Train Loss: 0.3090 | Val Loss: 0.2987 | Validation AUC: 0.8779 | F1-Score: 0.3444
2025-07-30 01:54:24,743: New best model saved at /cluster/work/projects/ec12/michechi/cache/best/best_model_answerdotai_ModernBERT-large_4550_landmark2_compact_no_time_3_1024_all_landmarks_True_20250730_012212_.pt with AUC: 0.8779, F1: 0.3444, Val Loss: 0.2987
2025-07-30 02:10:29,402: Landmark 2 | Epoch 3/20 | Train Loss: 0.3113 | Val Loss: 0.2913 | Validation AUC: 0.8738 | F1-Score: 0.3556
2025-07-30 02:10:30,544: New best model saved at /cluster/work/projects/ec12/michechi/cache/best/best_model_answerdotai_ModernBERT-large_4550_landmark2_compact_no_time_3_1024_all_landmarks_True_20250730_012212_.pt with AUC: 0.8738, F1: 0.3556, Val Loss: 0.2913
2025-07-30 02:26:35,431: Landmark 2 | Epoch 4/20 | Train Loss: 0.2902 | Val Loss: 0.2782 | Validation AUC: 0.8838 | F1-Score: 0.5049
2025-07-30 02:26:36,609: New best model saved at /cluster/work/projects/ec12/michechi/cache/best/best_model_answerdotai_ModernBERT-large_4550_landmark2_compact_no_time_3_1024_all_landmarks_True_20250730_012212_.pt with AUC: 0.8838, F1: 0.5049, Val Loss: 0.2782
2025-07-30 02:42:41,562: Landmark 2 | Epoch 5/20 | Train Loss: 0.2745 | Val Loss: 0.2870 | Validation AUC: 0.8804 | F1-Score: 0.3742
2025-07-30 02:42:41,562: No improvement in epoch 5. Current best AUC: 0.8838, F1: 0.5049, Val Loss: 0.2782. Epochs without improvement: 1/1
2025-07-30 02:42:41,562: Early stopping triggered at epoch 5. Best AUC: 0.8838, F1: 0.5049, Val Loss: 0.2782
2025-07-30 02:42:42,339: Tempo impiegato per Landmark 2: 4830.2 secondi
2025-07-30 02:42:42,339: Tempo medio per epoca: 966.0 secondi
2025-07-30 02:42:42,341: Loading best model from /cluster/work/projects/ec12/michechi/cache/best/best_model_answerdotai_ModernBERT-large_4550_landmark2_compact_no_time_3_1024_all_landmarks_True_20250730_012212_.pt for final evaluation on test set
2025-07-30 02:43:55,226: Final Test AUC (Landmark 2): 0.8553 | Test F1-Score: 0.4718
2025-07-30 02:43:55,226: Preparing data for Landmark 3
Some weights of ModernBertForSequenceClassification were not initialized from the model checkpoint at answerdotai/ModernBERT-large and are newly initialized: ['classifier.bias', 'classifier.weight']
You should probably TRAIN this model on a down-stream task to be able to use it for predictions and inference.
2025-07-30 02:44:03,914: Average train text length: 163.26 words
2025-07-30 02:44:03,915: Average validation text length: 159.78 words
2025-07-30 02:44:03,915: Average test text length: 162.81 words
2025-07-30 02:44:03,915: Training on 14472 samples, validating on 1608, testing on 4020 samples
2025-07-30 02:44:17,529: Fine-tuning at Landmark 3
2025-07-30 02:44:17,557: Early stopping criterion: loss
2025-07-30 03:00:24,250: Landmark 3 | Epoch 1/20 | Train Loss: 0.2798 | Val Loss: 0.2000 | Validation AUC: 0.9497 | F1-Score: 0.7117
2025-07-30 03:00:25,354: New best model saved at /cluster/work/projects/ec12/michechi/cache/best/best_model_answerdotai_ModernBERT-large_4550_landmark3_compact_no_time_3_1024_all_landmarks_True_20250730_024417_.pt with AUC: 0.9497, F1: 0.7117, Val Loss: 0.2000
2025-07-30 03:16:31,986: Landmark 3 | Epoch 2/20 | Train Loss: 0.2302 | Val Loss: 0.3663 | Validation AUC: 0.8125 | F1-Score: 0.0000
2025-07-30 03:16:31,986: No improvement in epoch 2. Current best AUC: 0.9497, F1: 0.7117, Val Loss: 0.2000. Epochs without improvement: 1/1
2025-07-30 03:16:31,986: Early stopping triggered at epoch 2. Best AUC: 0.9497, F1: 0.7117, Val Loss: 0.2000
2025-07-30 03:16:32,722: Tempo impiegato per Landmark 3: 1935.2 secondi
2025-07-30 03:16:32,723: Tempo medio per epoca: 967.6 secondi
2025-07-30 03:16:32,725: Loading best model from /cluster/work/projects/ec12/michechi/cache/best/best_model_answerdotai_ModernBERT-large_4550_landmark3_compact_no_time_3_1024_all_landmarks_True_20250730_024417_.pt for final evaluation on test set
2025-07-30 03:17:45,634: Final Test AUC (Landmark 3): 0.9397 | Test F1-Score: 0.6990
2025-07-30 03:17:45,635: Saving results to results_medical_True_answerdotai_ModernBERT-large_visits3_4550_compact_no_time_20250730_031745.csv
Using device: cuda
Using device: cuda
Using device: cuda
   Landmark Val AUC  ... Validation Loss Training Time (s)
0         1  0.8300  ...          0.3255            1941.6
1         2  0.8838  ...          0.2782            4830.2
2         3  0.9497  ...          0.2000            1935.2

[3 rows x 9 columns]

Job 1836110 consumed 47.7 billing hours from project ec12.

Submitted 2025-07-29T21:47:13; waited 3.0 hours in the queue after becoming eligible to run.

Requested wallclock time: 1.8 days
Elapsed wallclock time:   2.5 hours

Job exited normally.

Task and CPU statistics:
ID             CPUs  Tasks  CPU util                Start  Elapsed  Exit status
1836110          16            0.0 %  2025-07-30T00:47:06    2.5 h  0
1836110.batch    16      1     7.6 %  2025-07-30T00:47:06    2.5 h  0

Used CPU time:   3.0 CPU hours
Unused CPU time: 1.5 CPU days

Memory statistics, in GiB:
ID              Alloc   Usage
1836110          32.0        
1836110.batch    32.0    14.3

GPU usage stats:
Job 1836110 completed at Wed Jul 30 03:17:50 CEST 2025
