Starting job 1858617 on gpu-9 on fox at Thu Aug 21 09:16:54 CEST 2025

2025-08-21 09:17:18,900: Argument CI: False
2025-08-21 09:17:18,901: Argument all_landmarks: True
2025-08-21 09:17:18,901: Argument batch_size: 8
2025-08-21 09:17:18,901: Argument cache_dir: '/cluster/work/projects/ec12/michechi/cache'
2025-08-21 09:17:18,901: Argument early: 'loss'
2025-08-21 09:17:18,901: Argument epochs: 20
2025-08-21 09:17:18,901: Argument gradient_accumulation_steps: 1
2025-08-21 09:17:18,901: Argument input_csv: '/fp/homes01/u01/ec-michelec/MIMICIV/data/splitted/splitted/landmark_df_evo.csv'
2025-08-21 09:17:18,901: Argument lr: 2e-05
2025-08-21 09:17:18,901: Argument max_length: 2048
2025-08-21 09:17:18,901: Argument max_visits: 4
2025-08-21 09:17:18,901: Argument model_name: 'answerdotai/ModernBERT-large'
2025-08-21 09:17:18,901: Argument model_type: 'general'
2025-08-21 09:17:18,901: Argument patience: 1
2025-08-21 09:17:18,901: Argument peft: False
2025-08-21 09:17:18,901: Argument prompt_type: 'reversed_naive_narrative_prompt'
2025-08-21 09:17:18,901: Argument seed: 4550
2025-08-21 09:17:18,901: Argument test_csv: '/fp/homes01/u01/ec-michelec/MIMICIV/data/splitted/splitted/landmark_evo_test_dod_fxd.csv'
2025-08-21 09:17:18,901: Argument train_csv: '/fp/homes01/u01/ec-michelec/MIMICIV/data/splitted/splitted/landmark_evo_train_dod_fxd.csv'
2025-08-21 09:17:18,901: Argument use_quantization: False
2025-08-21 09:17:18,901: Argument val_csv: '/fp/homes01/u01/ec-michelec/MIMICIV/data/splitted/splitted/landmark_evo_vali_dod_fxd.csv'
2025-08-21 09:17:18,901: Argument when_counting_death: 'last_visit'
2025-08-21 09:17:18,950: Using prompt type: reversed_naive_narrative_prompt
/fp/homes01/u01/ec-michelec/MIMICIV/src/Finetuning_rfct.py:84: DtypeWarning: Columns (16,17,18,19) have mixed types. Specify dtype option on import or set low_memory=False.
  full_train_df = pd.read_csv(args.train_csv, na_values=['', 'None', 'NaN', 'na', 'nan']).fillna('')
/fp/homes01/u01/ec-michelec/MIMICIV/src/Finetuning_rfct.py:86: DtypeWarning: Columns (16,17,18,19) have mixed types. Specify dtype option on import or set low_memory=False.
  full_test_df = pd.read_csv(args.test_csv, na_values=['', 'None', 'NaN', 'na', 'nan']).fillna('')
2025-08-21 09:17:49,478: Processing all landmarks from 1 to 4
2025-08-21 09:17:49,478: Preparing data for Landmark 1
2025-08-21 09:17:55,067: We will use 90% of the memory on device 0 for storing the model, and 10% for the buffer to avoid OOM. You can set `max_memory` in to a higher value to use more memory (at your own risk).
Some weights of ModernBertForSequenceClassification were not initialized from the model checkpoint at answerdotai/ModernBERT-large and are newly initialized: ['classifier.bias', 'classifier.weight']
You should probably TRAIN this model on a down-stream task to be able to use it for predictions and inference.
2025-08-21 09:18:00,207: Example train text: Based on this information, what is the probability of mortality within 90 days?
Patient is a 43-year-old F. This is the patient history till visit 1.
During visit 1:
	Diagnosis: Diverticulitis of colon (without mention of hemorrhage); Acute kidney failure, unspecified; Abscess of intestine; Other postoperative infection; Cellulitis and abscess of trunk; Methicillin susceptible Staphylococcus aureus in conditions classified elsewhere and of unspecified site; Removal of other organ (partial) (total) causing abnormal patient reaction, or later complication, without mention of misadventure at time of operation; Hypovolemia; Nausea with vomiting
	Medications: NS; Potassium Chloride; OxycoDONE (Immediate Release) ; Magnesium Citrate; SW; Magnesium Sulfate; Prochlorperazine; Lorazepam; HYDROmorphone (Dilaudid); Iso-Osmotic Dextrose; Piperacillin-Tazobactam Na; Potassium Chl 20 mEq / 1000 mL D5 1/2 NS; Insulin; LR; Acetaminophen; Ondansetron; Ketorolac; OxycoDONE-Acetaminophen Elixir; Sodium Chloride 0.9%  Flush; Docusate Sodium; Hydrocodone-Acetaminophen; D5W; Clindamycin; Fluticasone Propionate NASAL; Ciprofloxacin; Pantoprazole; Metoclopramide; Calcium Carbonate; Vancomycin; Cephalexin; Heparin; Bupivacaine 0.5%; Promethazine HCl; D5 1/2NS; Hydrocortisone (Rectal) 2.5% Cream; Morphine Sulfate; Escitalopram Oxalate; Maalox/Diphenhydramine/Lidocaine; Nafcillin; HydrOXYzine; MetRONIDAZOLE (FLagyl); Ibuprofen
	Procedures: Open and other sigmoidectomy
2025-08-21 09:18:00,267: Average train text length: 134.64 words
2025-08-21 09:18:00,267: Average validation text length: 138.88 words
2025-08-21 09:18:00,267: Average test text length: 135.93 words
2025-08-21 09:18:00,267: Training on 8040 samples, validating on 894, testing on 2234 samples
2025-08-21 09:18:07,678: Fine-tuning at Landmark 1
2025-08-21 09:18:07,683: Early stopping criterion: loss
/fp/homes01/u01/ec-michelec/ModernBERT/lib64/python3.9/site-packages/networkx/utils/backends.py:135: RuntimeWarning: networkx backend defined more than once: nx-loopback
  backends.update(_get_backends("networkx.backends"))
2025-08-21 09:29:22,302: Landmark 1 | Epoch 1/20 | Train Loss: 0.6332 | Val Loss: 0.4681 | Validation AUC: 0.6155 | F1-Score: 0.0000
2025-08-21 09:29:22,863: New best model saved at /cluster/work/projects/ec12/michechi/cache/best/best_model_answerdotai_ModernBERT-large_4550_landmark1_reversed_naive_narrative_prompt_4_2048_last_visit_all_landmarks_True_20250821_091807_.pt with AUC: 0.6155, F1: 0.0000, Val Loss: 0.4681
2025-08-21 09:40:15,778: Landmark 1 | Epoch 2/20 | Train Loss: 0.4595 | Val Loss: 0.4374 | Validation AUC: 0.7144 | F1-Score: 0.0000
2025-08-21 09:40:16,350: New best model saved at /cluster/work/projects/ec12/michechi/cache/best/best_model_answerdotai_ModernBERT-large_4550_landmark1_reversed_naive_narrative_prompt_4_2048_last_visit_all_landmarks_True_20250821_091807_.pt with AUC: 0.7144, F1: 0.0000, Val Loss: 0.4374
2025-08-21 09:51:10,348: Landmark 1 | Epoch 3/20 | Train Loss: 0.4376 | Val Loss: 0.4199 | Validation AUC: 0.7475 | F1-Score: 0.0000
2025-08-21 09:51:10,907: New best model saved at /cluster/work/projects/ec12/michechi/cache/best/best_model_answerdotai_ModernBERT-large_4550_landmark1_reversed_naive_narrative_prompt_4_2048_last_visit_all_landmarks_True_20250821_091807_.pt with AUC: 0.7475, F1: 0.0000, Val Loss: 0.4199
2025-08-21 10:02:04,924: Landmark 1 | Epoch 4/20 | Train Loss: 0.4227 | Val Loss: 0.4075 | Validation AUC: 0.7623 | F1-Score: 0.1006
2025-08-21 10:02:05,487: New best model saved at /cluster/work/projects/ec12/michechi/cache/best/best_model_answerdotai_ModernBERT-large_4550_landmark1_reversed_naive_narrative_prompt_4_2048_last_visit_all_landmarks_True_20250821_091807_.pt with AUC: 0.7623, F1: 0.1006, Val Loss: 0.4075
2025-08-21 10:12:59,190: Landmark 1 | Epoch 5/20 | Train Loss: 0.4144 | Val Loss: 0.4052 | Validation AUC: 0.7730 | F1-Score: 0.0994
2025-08-21 10:12:59,746: New best model saved at /cluster/work/projects/ec12/michechi/cache/best/best_model_answerdotai_ModernBERT-large_4550_landmark1_reversed_naive_narrative_prompt_4_2048_last_visit_all_landmarks_True_20250821_091807_.pt with AUC: 0.7730, F1: 0.0994, Val Loss: 0.4052
2025-08-21 10:23:53,014: Landmark 1 | Epoch 6/20 | Train Loss: 0.4070 | Val Loss: 0.4437 | Validation AUC: 0.7762 | F1-Score: 0.3987
2025-08-21 10:23:53,015: No improvement in epoch 6. Current best AUC: 0.7730, F1: 0.0994, Val Loss: 0.4052. Epochs without improvement: 1/1
2025-08-21 10:23:53,015: Early stopping triggered at epoch 6. Best AUC: 0.7730, F1: 0.0994, Val Loss: 0.4052
2025-08-21 10:23:53,465: Tempo impiegato per Landmark 1: 3945.8 secondi
2025-08-21 10:23:53,465: Tempo medio per epoca: 657.6 secondi
2025-08-21 10:23:53,467: Loading best model from /cluster/work/projects/ec12/michechi/cache/best/best_model_answerdotai_ModernBERT-large_4550_landmark1_reversed_naive_narrative_prompt_4_2048_last_visit_all_landmarks_True_20250821_091807_.pt for final evaluation on test set
2025-08-21 10:24:41,469: Final Test AUC (Landmark 1): 0.7440 | Test F1-Score: 0.0722
2025-08-21 10:24:41,470: Preparing data for Landmark 2
2025-08-21 10:24:44,386: We will use 90% of the memory on device 0 for storing the model, and 10% for the buffer to avoid OOM. You can set `max_memory` in to a higher value to use more memory (at your own risk).
Some weights of ModernBertForSequenceClassification were not initialized from the model checkpoint at answerdotai/ModernBERT-large and are newly initialized: ['classifier.bias', 'classifier.weight']
You should probably TRAIN this model on a down-stream task to be able to use it for predictions and inference.
2025-08-21 10:24:52,323: Example train text: Based on this information, what is the probability of mortality within 90 days?
Patient is a 43-year-old F. This is the patient history till visit 2.
During visit 2:
	Diagnosis: Esophageal reflux; Diverticulosis of colon (without mention of hemorrhage); Other specified aftercare following surgery
	Medications: LR; Ranitidine; Acetaminophen; Escitalopram Oxalate; Promethazine; Heparin; Ondansetron ODT; Potassium Chl 20 mEq / 1000 mL D5 1/2 NS; Pantoprazole; Sodium Chloride 0.9%  Flush; Fluticasone Propionate NASAL; Ondansetron
	Procedures: 
During visit 1:
	Diagnosis: Diverticulitis of colon (without mention of hemorrhage); Acute kidney failure, unspecified; Abscess of intestine; Other postoperative infection; Cellulitis and abscess of trunk; Methicillin susceptible Staphylococcus aureus in conditions classified elsewhere and of unspecified site; Removal of other organ (partial) (total) causing abnormal patient reaction, or later complication, without mention of misadventure at time of operation; Hypovolemia; Nausea with vomiting
	Medications: NS; Potassium Chloride; OxycoDONE (Immediate Release) ; Magnesium Citrate; SW; Magnesium Sulfate; Prochlorperazine; Lorazepam; HYDROmorphone (Dilaudid); Iso-Osmotic Dextrose; Piperacillin-Tazobactam Na; Potassium Chl 20 mEq / 1000 mL D5 1/2 NS; Insulin; LR; Acetaminophen; Ondansetron; Ketorolac; OxycoDONE-Acetaminophen Elixir; Sodium Chloride 0.9%  Flush; Docusate Sodium; Hydrocodone-Acetaminophen; D5W; Clindamycin; Fluticasone Propionate NASAL; Ciprofloxacin; Pantoprazole; Metoclopramide; Calcium Carbonate; Vancomycin; Cephalexin; Heparin; Bupivacaine 0.5%; Promethazine HCl; D5 1/2NS; Hydrocortisone (Rectal) 2.5% Cream; Morphine Sulfate; Escitalopram Oxalate; Maalox/Diphenhydramine/Lidocaine; Nafcillin; HydrOXYzine; MetRONIDAZOLE (FLagyl); Ibuprofen
	Procedures: Open and other sigmoidectomy
2025-08-21 10:24:52,432: Average train text length: 248.48 words
2025-08-21 10:24:52,432: Average validation text length: 253.32 words
2025-08-21 10:24:52,432: Average test text length: 249.70 words
2025-08-21 10:24:52,432: Training on 8040 samples, validating on 894, testing on 2234 samples
2025-08-21 10:25:05,014: Fine-tuning at Landmark 2
2025-08-21 10:25:05,030: Early stopping criterion: loss
2025-08-21 10:35:54,449: Landmark 2 | Epoch 1/20 | Train Loss: 0.7009 | Val Loss: 0.4607 | Validation AUC: 0.6408 | F1-Score: 0.0000
2025-08-21 10:35:55,034: New best model saved at /cluster/work/projects/ec12/michechi/cache/best/best_model_answerdotai_ModernBERT-large_4550_landmark2_reversed_naive_narrative_prompt_4_2048_last_visit_all_landmarks_True_20250821_102505_.pt with AUC: 0.6408, F1: 0.0000, Val Loss: 0.4607
2025-08-21 10:46:44,116: Landmark 2 | Epoch 2/20 | Train Loss: 0.4539 | Val Loss: 0.4339 | Validation AUC: 0.7146 | F1-Score: 0.0000
2025-08-21 10:46:44,686: New best model saved at /cluster/work/projects/ec12/michechi/cache/best/best_model_answerdotai_ModernBERT-large_4550_landmark2_reversed_naive_narrative_prompt_4_2048_last_visit_all_landmarks_True_20250821_102505_.pt with AUC: 0.7146, F1: 0.0000, Val Loss: 0.4339
2025-08-21 10:57:33,535: Landmark 2 | Epoch 3/20 | Train Loss: 0.4314 | Val Loss: 0.4212 | Validation AUC: 0.7442 | F1-Score: 0.0119
2025-08-21 10:57:34,101: New best model saved at /cluster/work/projects/ec12/michechi/cache/best/best_model_answerdotai_ModernBERT-large_4550_landmark2_reversed_naive_narrative_prompt_4_2048_last_visit_all_landmarks_True_20250821_102505_.pt with AUC: 0.7442, F1: 0.0119, Val Loss: 0.4212
2025-08-21 11:08:22,737: Landmark 2 | Epoch 4/20 | Train Loss: 0.4140 | Val Loss: 0.4076 | Validation AUC: 0.7722 | F1-Score: 0.0462
2025-08-21 11:08:23,297: New best model saved at /cluster/work/projects/ec12/michechi/cache/best/best_model_answerdotai_ModernBERT-large_4550_landmark2_reversed_naive_narrative_prompt_4_2048_last_visit_all_landmarks_True_20250821_102505_.pt with AUC: 0.7722, F1: 0.0462, Val Loss: 0.4076
2025-08-21 11:19:11,880: Landmark 2 | Epoch 5/20 | Train Loss: 0.4024 | Val Loss: 0.3988 | Validation AUC: 0.7880 | F1-Score: 0.1304
2025-08-21 11:19:12,437: New best model saved at /cluster/work/projects/ec12/michechi/cache/best/best_model_answerdotai_ModernBERT-large_4550_landmark2_reversed_naive_narrative_prompt_4_2048_last_visit_all_landmarks_True_20250821_102505_.pt with AUC: 0.7880, F1: 0.1304, Val Loss: 0.3988
2025-08-21 11:30:01,066: Landmark 2 | Epoch 6/20 | Train Loss: 0.3952 | Val Loss: 0.4836 | Validation AUC: 0.7923 | F1-Score: 0.5084
2025-08-21 11:30:01,067: No improvement in epoch 6. Current best AUC: 0.7880, F1: 0.1304, Val Loss: 0.3988. Epochs without improvement: 1/1
2025-08-21 11:30:01,067: Early stopping triggered at epoch 6. Best AUC: 0.7880, F1: 0.1304, Val Loss: 0.3988
2025-08-21 11:30:01,504: Tempo impiegato per Landmark 2: 3896.5 secondi
2025-08-21 11:30:01,505: Tempo medio per epoca: 649.4 secondi
2025-08-21 11:30:01,507: Loading best model from /cluster/work/projects/ec12/michechi/cache/best/best_model_answerdotai_ModernBERT-large_4550_landmark2_reversed_naive_narrative_prompt_4_2048_last_visit_all_landmarks_True_20250821_102505_.pt for final evaluation on test set
2025-08-21 11:30:48,605: Final Test AUC (Landmark 2): 0.7768 | Test F1-Score: 0.1202
2025-08-21 11:30:48,605: Preparing data for Landmark 3
2025-08-21 11:30:50,929: We will use 90% of the memory on device 0 for storing the model, and 10% for the buffer to avoid OOM. You can set `max_memory` in to a higher value to use more memory (at your own risk).
Some weights of ModernBertForSequenceClassification were not initialized from the model checkpoint at answerdotai/ModernBERT-large and are newly initialized: ['classifier.bias', 'classifier.weight']
You should probably TRAIN this model on a down-stream task to be able to use it for predictions and inference.
2025-08-21 11:31:02,562: Example train text: Based on this information, what is the probability of mortality within 90 days?
Patient is a 46-year-old F. This is the patient history till visit 3.
During visit 3:
	Diagnosis: Chest pain, unspecified; Orthostatic hypotension
	Medications: 
	Procedures: 
During visit 2:
	Diagnosis: Esophageal reflux; Diverticulosis of colon (without mention of hemorrhage); Other specified aftercare following surgery
	Medications: LR; Ranitidine; Acetaminophen; Escitalopram Oxalate; Promethazine; Heparin; Ondansetron ODT; Potassium Chl 20 mEq / 1000 mL D5 1/2 NS; Pantoprazole; Sodium Chloride 0.9%  Flush; Fluticasone Propionate NASAL; Ondansetron
	Procedures: 
During visit 1:
	Diagnosis: Diverticulitis of colon (without mention of hemorrhage); Acute kidney failure, unspecified; Abscess of intestine; Other postoperative infection; Cellulitis and abscess of trunk; Methicillin susceptible Staphylococcus aureus in conditions classified elsewhere and of unspecified site; Removal of other organ (partial) (total) causing abnormal patient reaction, or later complication, without mention of misadventure at time of operation; Hypovolemia; Nausea with vomiting
	Medications: NS; Potassium Chloride; OxycoDONE (Immediate Release) ; Magnesium Citrate; SW; Magnesium Sulfate; Prochlorperazine; Lorazepam; HYDROmorphone (Dilaudid); Iso-Osmotic Dextrose; Piperacillin-Tazobactam Na; Potassium Chl 20 mEq / 1000 mL D5 1/2 NS; Insulin; LR; Acetaminophen; Ondansetron; Ketorolac; OxycoDONE-Acetaminophen Elixir; Sodium Chloride 0.9%  Flush; Docusate Sodium; Hydrocodone-Acetaminophen; D5W; Clindamycin; Fluticasone Propionate NASAL; Ciprofloxacin; Pantoprazole; Metoclopramide; Calcium Carbonate; Vancomycin; Cephalexin; Heparin; Bupivacaine 0.5%; Promethazine HCl; D5 1/2NS; Hydrocortisone (Rectal) 2.5% Cream; Morphine Sulfate; Escitalopram Oxalate; Maalox/Diphenhydramine/Lidocaine; Nafcillin; HydrOXYzine; MetRONIDAZOLE (FLagyl); Ibuprofen
	Procedures: Open and other sigmoidectomy
2025-08-21 11:31:02,739: Average train text length: 369.00 words
2025-08-21 11:31:02,740: Average validation text length: 374.02 words
2025-08-21 11:31:02,740: Average test text length: 368.87 words
2025-08-21 11:31:02,740: Training on 8040 samples, validating on 894, testing on 2234 samples
2025-08-21 11:31:18,832: Fine-tuning at Landmark 3
2025-08-21 11:31:18,853: Early stopping criterion: loss
2025-08-21 11:42:07,483: Landmark 3 | Epoch 1/20 | Train Loss: 0.7261 | Val Loss: 0.4596 | Validation AUC: 0.6390 | F1-Score: 0.0000
2025-08-21 11:42:08,040: New best model saved at /cluster/work/projects/ec12/michechi/cache/best/best_model_answerdotai_ModernBERT-large_4550_landmark3_reversed_naive_narrative_prompt_4_2048_last_visit_all_landmarks_True_20250821_113118_.pt with AUC: 0.6390, F1: 0.0000, Val Loss: 0.4596
2025-08-21 11:52:56,808: Landmark 3 | Epoch 2/20 | Train Loss: 0.4536 | Val Loss: 0.4231 | Validation AUC: 0.7471 | F1-Score: 0.0000
2025-08-21 11:52:57,357: New best model saved at /cluster/work/projects/ec12/michechi/cache/best/best_model_answerdotai_ModernBERT-large_4550_landmark3_reversed_naive_narrative_prompt_4_2048_last_visit_all_landmarks_True_20250821_113118_.pt with AUC: 0.7471, F1: 0.0000, Val Loss: 0.4231
2025-08-21 12:03:46,531: Landmark 3 | Epoch 3/20 | Train Loss: 0.4204 | Val Loss: 0.3951 | Validation AUC: 0.7908 | F1-Score: 0.0457
2025-08-21 12:03:47,099: New best model saved at /cluster/work/projects/ec12/michechi/cache/best/best_model_answerdotai_ModernBERT-large_4550_landmark3_reversed_naive_narrative_prompt_4_2048_last_visit_all_landmarks_True_20250821_113118_.pt with AUC: 0.7908, F1: 0.0457, Val Loss: 0.3951
2025-08-21 12:14:37,455: Landmark 3 | Epoch 4/20 | Train Loss: 0.3959 | Val Loss: 0.3768 | Validation AUC: 0.8175 | F1-Score: 0.1368
2025-08-21 12:14:38,022: New best model saved at /cluster/work/projects/ec12/michechi/cache/best/best_model_answerdotai_ModernBERT-large_4550_landmark3_reversed_naive_narrative_prompt_4_2048_last_visit_all_landmarks_True_20250821_113118_.pt with AUC: 0.8175, F1: 0.1368, Val Loss: 0.3768
2025-08-21 12:25:27,414: Landmark 3 | Epoch 5/20 | Train Loss: 0.3825 | Val Loss: 0.3690 | Validation AUC: 0.8319 | F1-Score: 0.1939
2025-08-21 12:25:27,975: New best model saved at /cluster/work/projects/ec12/michechi/cache/best/best_model_answerdotai_ModernBERT-large_4550_landmark3_reversed_naive_narrative_prompt_4_2048_last_visit_all_landmarks_True_20250821_113118_.pt with AUC: 0.8319, F1: 0.1939, Val Loss: 0.3690
2025-08-21 12:36:17,091: Landmark 3 | Epoch 6/20 | Train Loss: 0.3751 | Val Loss: 0.5025 | Validation AUC: 0.8318 | F1-Score: 0.5234
2025-08-21 12:36:17,091: No improvement in epoch 6. Current best AUC: 0.8319, F1: 0.1939, Val Loss: 0.3690. Epochs without improvement: 1/1
2025-08-21 12:36:17,091: Early stopping triggered at epoch 6. Best AUC: 0.8319, F1: 0.1939, Val Loss: 0.3690
2025-08-21 12:36:17,585: Tempo impiegato per Landmark 3: 3898.8 secondi
2025-08-21 12:36:17,585: Tempo medio per epoca: 649.8 secondi
2025-08-21 12:36:17,588: Loading best model from /cluster/work/projects/ec12/michechi/cache/best/best_model_answerdotai_ModernBERT-large_4550_landmark3_reversed_naive_narrative_prompt_4_2048_last_visit_all_landmarks_True_20250821_113118_.pt for final evaluation on test set
2025-08-21 12:37:04,895: Final Test AUC (Landmark 3): 0.8148 | Test F1-Score: 0.2073
2025-08-21 12:37:04,895: Preparing data for Landmark 4
2025-08-21 12:37:06,588: We will use 90% of the memory on device 0 for storing the model, and 10% for the buffer to avoid OOM. You can set `max_memory` in to a higher value to use more memory (at your own risk).
Some weights of ModernBertForSequenceClassification were not initialized from the model checkpoint at answerdotai/ModernBERT-large and are newly initialized: ['classifier.bias', 'classifier.weight']
You should probably TRAIN this model on a down-stream task to be able to use it for predictions and inference.
2025-08-21 12:37:20,541: Example train text: Based on this information, what is the probability of mortality within 90 days?
Patient is a 47-year-old F. This is the patient history till visit 4.
During visit 4:
	Diagnosis: Other specified disorders of intestine; Ulceration of intestine; Other and unspecified ovarian cyst; Diverticulosis of colon (without mention of hemorrhage); Intestinal bypass or anastomosis status; Anxiety state, unspecified; Esophageal reflux
	Medications: Ondansetron ODT; Calcium Carbonate; Senna; Vitamin D; Omeprazole; HYDROmorphone (Dilaudid); Desitin; 0.45% Sodium Chloride; Acetaminophen; 0.9% Sodium Chloride; Docusate Sodium; Lorazepam; Multivitamins; Influenza Virus Vaccine; Golytely; Neutra-Phos; Escitalopram Oxalate; Sodium Chloride 0.9%  Flush; Fish Oil (Omega 3); Fluticasone Propionate NASAL; Heparin; Ondansetron; Naproxen; Ranitidine; Ketorolac
	Procedures: Closed [endoscopic] biopsy of large intestine
During visit 3:
	Diagnosis: Chest pain, unspecified; Orthostatic hypotension
	Medications: 
	Procedures: 
During visit 2:
	Diagnosis: Esophageal reflux; Diverticulosis of colon (without mention of hemorrhage); Other specified aftercare following surgery
	Medications: LR; Ranitidine; Acetaminophen; Escitalopram Oxalate; Promethazine; Heparin; Ondansetron ODT; Potassium Chl 20 mEq / 1000 mL D5 1/2 NS; Pantoprazole; Sodium Chloride 0.9%  Flush; Fluticasone Propionate NASAL; Ondansetron
	Procedures: 
During visit 1:
	Diagnosis: Diverticulitis of colon (without mention of hemorrhage); Acute kidney failure, unspecified; Abscess of intestine; Other postoperative infection; Cellulitis and abscess of trunk; Methicillin susceptible Staphylococcus aureus in conditions classified elsewhere and of unspecified site; Removal of other organ (partial) (total) causing abnormal patient reaction, or later complication, without mention of misadventure at time of operation; Hypovolemia; Nausea with vomiting
	Medications: NS; Potassium Chloride; OxycoDONE (Immediate Release) ; Magnesium Citrate; SW; Magnesium Sulfate; Prochlorperazine; Lorazepam; HYDROmorphone (Dilaudid); Iso-Osmotic Dextrose; Piperacillin-Tazobactam Na; Potassium Chl 20 mEq / 1000 mL D5 1/2 NS; Insulin; LR; Acetaminophen; Ondansetron; Ketorolac; OxycoDONE-Acetaminophen Elixir; Sodium Chloride 0.9%  Flush; Docusate Sodium; Hydrocodone-Acetaminophen; D5W; Clindamycin; Fluticasone Propionate NASAL; Ciprofloxacin; Pantoprazole; Metoclopramide; Calcium Carbonate; Vancomycin; Cephalexin; Heparin; Bupivacaine 0.5%; Promethazine HCl; D5 1/2NS; Hydrocortisone (Rectal) 2.5% Cream; Morphine Sulfate; Escitalopram Oxalate; Maalox/Diphenhydramine/Lidocaine; Nafcillin; HydrOXYzine; MetRONIDAZOLE (FLagyl); Ibuprofen
	Procedures: Open and other sigmoidectomy
2025-08-21 12:37:20,778: Average train text length: 502.40 words
2025-08-21 12:37:20,778: Average validation text length: 507.15 words
2025-08-21 12:37:20,778: Average test text length: 502.74 words
2025-08-21 12:37:20,778: Training on 8040 samples, validating on 894, testing on 2234 samples
2025-08-21 12:37:41,850: Fine-tuning at Landmark 4
2025-08-21 12:37:41,888: Early stopping criterion: loss
2025-08-21 12:48:34,328: Landmark 4 | Epoch 1/20 | Train Loss: 0.7449 | Val Loss: 0.4104 | Validation AUC: 0.7710 | F1-Score: 0.0119
2025-08-21 12:48:34,905: New best model saved at /cluster/work/projects/ec12/michechi/cache/best/best_model_answerdotai_ModernBERT-large_4550_landmark4_reversed_naive_narrative_prompt_4_2048_last_visit_all_landmarks_True_20250821_123741_.pt with AUC: 0.7710, F1: 0.0119, Val Loss: 0.4104
2025-08-21 12:59:27,576: Landmark 4 | Epoch 2/20 | Train Loss: 0.3961 | Val Loss: 0.5128 | Validation AUC: 0.7360 | F1-Score: 0.0000
2025-08-21 12:59:27,577: No improvement in epoch 2. Current best AUC: 0.7710, F1: 0.0119, Val Loss: 0.4104. Epochs without improvement: 1/1
2025-08-21 12:59:27,577: Early stopping triggered at epoch 2. Best AUC: 0.7710, F1: 0.0119, Val Loss: 0.4104
2025-08-21 12:59:28,126: Tempo impiegato per Landmark 4: 1306.3 secondi
2025-08-21 12:59:28,126: Tempo medio per epoca: 653.1 secondi
2025-08-21 12:59:28,129: Loading best model from /cluster/work/projects/ec12/michechi/cache/best/best_model_answerdotai_ModernBERT-large_4550_landmark4_reversed_naive_narrative_prompt_4_2048_last_visit_all_landmarks_True_20250821_123741_.pt for final evaluation on test set
2025-08-21 13:00:16,492: Final Test AUC (Landmark 4): 0.7800 | Test F1-Score: 0.0096
2025-08-21 13:00:16,512: Saving results to results_general_True_answerdotai_ModernBERT-large_last_visit_visits4_4550_2048_reversed_naive_narrative_prompt_20250821_130016.csv
Using device: cuda
Using device: cuda
Using device: cuda
Using device: cuda
   Landmark Val AUC  ... Validation Loss Training Time (s)
0         1  0.7730  ...          0.4052            3945.8
1         2  0.7880  ...          0.3988            3896.5
2         3  0.8319  ...          0.3690            3898.8
3         4  0.7710  ...          0.4104            1306.3

[4 rows x 9 columns]

Job 1858617 consumed 70.8 billing hours from project ec12.

Submitted 2025-08-21T08:58:03; waited 18.8 minutes in the queue after becoming eligible to run.

Requested wallclock time: 4.0 hours
Elapsed wallclock time:   3.7 hours

Job exited normally.

Task and CPU statistics:
ID             CPUs  Tasks  CPU util                Start  Elapsed  Exit status
1858617          16            0.0 %  2025-08-21T09:16:53    3.7 h  0
1858617.batch    16      1     7.7 %  2025-08-21T09:16:53    3.7 h  0

Used CPU time:   4.6 CPU hours
Unused CPU time: 2.3 CPU days

Memory statistics, in GiB:
ID              Alloc   Usage
1858617          32.0        
1858617.batch    32.0    14.9

GPU usage stats:
Job 1858617 completed at Thu Aug 21 13:00:26 CEST 2025
