Starting job 1835937 on gpu-5 on fox at Tue Jul 29 12:31:24 CEST 2025

2025-07-29 12:31:44,858: Argument CI: False
2025-07-29 12:31:44,858: Argument all_landmarks: True
2025-07-29 12:31:44,858: Argument batch_size: 8
2025-07-29 12:31:44,858: Argument cache_dir: '/cluster/work/projects/ec12/michechi/cache'
2025-07-29 12:31:44,858: Argument early: 'loss'
2025-07-29 12:31:44,858: Argument epochs: 20
2025-07-29 12:31:44,858: Argument gradient_accumulation_steps: 1
2025-07-29 12:31:44,858: Argument input_csv: '/fp/homes01/u01/ec-michelec/MIMICIV/data/splitted/splitted/landmark_df_evo.csv'
2025-07-29 12:31:44,858: Argument lr: 2e-05
2025-07-29 12:31:44,858: Argument max_length: 512
2025-07-29 12:31:44,858: Argument max_visits: 3
2025-07-29 12:31:44,858: Argument model_name: 'Charangan/MedBERT'
2025-07-29 12:31:44,858: Argument model_type: 'medical'
2025-07-29 12:31:44,858: Argument patience: 1
2025-07-29 12:31:44,858: Argument peft: False
2025-07-29 12:31:44,858: Argument prompt_type: 'full'
2025-07-29 12:31:44,858: Argument seed: 5550
2025-07-29 12:31:44,858: Argument test_csv: '/fp/homes01/u01/ec-michelec/MIMICIV/data/splitted/splitted/landmark_evo_test.csv'
2025-07-29 12:31:44,858: Argument train_csv: '/fp/homes01/u01/ec-michelec/MIMICIV/data/splitted/splitted/landmark_evo_train.csv'
2025-07-29 12:31:44,858: Argument use_quantization: False
2025-07-29 12:31:44,858: Argument val_csv: '/fp/homes01/u01/ec-michelec/MIMICIV/data/splitted/splitted/landmark_evo_vali.csv'
2025-07-29 12:31:44,867: Using prompt type: full
/fp/homes01/u01/ec-michelec/MIMICIV/src/Finetuning_rfct.py:77: DtypeWarning: Columns (16,17,18,19) have mixed types. Specify dtype option on import or set low_memory=False.
  full_train_df = pd.read_csv(args.train_csv, na_values=['', 'None', 'NaN', 'na', 'nan']).fillna('')
/fp/homes01/u01/ec-michelec/MIMICIV/src/Finetuning_rfct.py:79: DtypeWarning: Columns (16,17,18,19) have mixed types. Specify dtype option on import or set low_memory=False.
  full_test_df = pd.read_csv(args.test_csv, na_values=['', 'None', 'NaN', 'na', 'nan']).fillna('')
2025-07-29 12:32:24,370: Processing all landmarks from 1 to 3
2025-07-29 12:32:24,370: Preparing data for Landmark 1
/fp/projects01/ec30/software/easybuild/software/nlpl-pytorch/2.1.2-foss-2022b-cuda-12.0.0-Python-3.10.8/lib/python3.10/site-packages/torch/_utils.py:831: UserWarning: TypedStorage is deprecated. It will be removed in the future and UntypedStorage will be the only storage class. This should only matter to you if you are using storages directly.  To access UntypedStorage directly, use tensor.untyped_storage() instead of tensor.storage()
  return self.fget.__get__(instance, owner)()
Some weights of BertForSequenceClassification were not initialized from the model checkpoint at Charangan/MedBERT and are newly initialized: ['classifier.bias', 'classifier.weight']
You should probably TRAIN this model on a down-stream task to be able to use it for predictions and inference.
2025-07-29 12:32:31,786: Average train text length: 138.90 words
2025-07-29 12:32:31,787: Average validation text length: 138.07 words
2025-07-29 12:32:31,787: Average test text length: 139.65 words
2025-07-29 12:32:31,787: Training on 14472 samples, validating on 1608, testing on 4020 samples
2025-07-29 12:32:44,173: Fine-tuning at Landmark 1
2025-07-29 12:32:44,983: Early stopping criterion: loss
2025-07-29 12:37:51,066: Landmark 1 | Epoch 1/20 | Train Loss: 0.4029 | Val Loss: 0.3400 | Validation AUC: 0.8211 | F1-Score: 0.0000
2025-07-29 12:37:51,394: New best model saved at /cluster/work/projects/ec12/michechi/cache/best/best_model_Charangan_MedBERT_5550_landmark1_full_3_512_all_landmarks_True_20250729_123244_.pt with AUC: 0.8211, F1: 0.0000, Val Loss: 0.3400
2025-07-29 12:43:00,060: Landmark 1 | Epoch 2/20 | Train Loss: 0.3399 | Val Loss: 0.3221 | Validation AUC: 0.8253 | F1-Score: 0.3250
2025-07-29 12:43:00,381: New best model saved at /cluster/work/projects/ec12/michechi/cache/best/best_model_Charangan_MedBERT_5550_landmark1_full_3_512_all_landmarks_True_20250729_123244_.pt with AUC: 0.8253, F1: 0.3250, Val Loss: 0.3221
2025-07-29 12:48:08,866: Landmark 1 | Epoch 3/20 | Train Loss: 0.3205 | Val Loss: 0.3285 | Validation AUC: 0.8329 | F1-Score: 0.4697
2025-07-29 12:48:08,867: No improvement in epoch 3. Current best AUC: 0.8253, F1: 0.3250, Val Loss: 0.3221. Epochs without improvement: 1/1
2025-07-29 12:48:08,867: Early stopping triggered at epoch 3. Best AUC: 0.8253, F1: 0.3250, Val Loss: 0.3221
2025-07-29 12:48:09,140: Tempo impiegato per Landmark 1: 925.0 secondi
2025-07-29 12:48:09,141: Tempo medio per epoca: 308.3 secondi
2025-07-29 12:48:09,142: Loading best model from /cluster/work/projects/ec12/michechi/cache/best/best_model_Charangan_MedBERT_5550_landmark1_full_3_512_all_landmarks_True_20250729_123244_.pt for final evaluation on test set
2025-07-29 12:48:32,918: Final Test AUC (Landmark 1): 0.8199 | Test F1-Score: 0.3209
2025-07-29 12:48:32,918: Preparing data for Landmark 2
Using device: cuda
Some weights of BertForSequenceClassification were not initialized from the model checkpoint at Charangan/MedBERT and are newly initialized: ['classifier.bias', 'classifier.weight']
You should probably TRAIN this model on a down-stream task to be able to use it for predictions and inference.
2025-07-29 12:48:40,470: Average train text length: 254.75 words
2025-07-29 12:48:40,471: Average validation text length: 253.84 words
2025-07-29 12:48:40,471: Average test text length: 253.66 words
2025-07-29 12:48:40,471: Training on 14472 samples, validating on 1608, testing on 4020 samples
2025-07-29 12:49:03,639: Fine-tuning at Landmark 2
2025-07-29 12:49:03,643: Early stopping criterion: loss
2025-07-29 12:54:10,669: Landmark 2 | Epoch 1/20 | Train Loss: 0.3570 | Val Loss: 0.3271 | Validation AUC: 0.8529 | F1-Score: 0.4884
2025-07-29 12:54:10,971: New best model saved at /cluster/work/projects/ec12/michechi/cache/best/best_model_Charangan_MedBERT_5550_landmark2_full_3_512_all_landmarks_True_20250729_124903_.pt with AUC: 0.8529, F1: 0.4884, Val Loss: 0.3271
2025-07-29 12:59:19,377: Landmark 2 | Epoch 2/20 | Train Loss: 0.3170 | Val Loss: 0.2922 | Validation AUC: 0.8787 | F1-Score: 0.4940
2025-07-29 12:59:19,702: New best model saved at /cluster/work/projects/ec12/michechi/cache/best/best_model_Charangan_MedBERT_5550_landmark2_full_3_512_all_landmarks_True_20250729_124903_.pt with AUC: 0.8787, F1: 0.4940, Val Loss: 0.2922
2025-07-29 13:04:28,125: Landmark 2 | Epoch 3/20 | Train Loss: 0.2876 | Val Loss: 0.2823 | Validation AUC: 0.8803 | F1-Score: 0.4087
2025-07-29 13:04:28,432: New best model saved at /cluster/work/projects/ec12/michechi/cache/best/best_model_Charangan_MedBERT_5550_landmark2_full_3_512_all_landmarks_True_20250729_124903_.pt with AUC: 0.8803, F1: 0.4087, Val Loss: 0.2823
2025-07-29 13:09:36,763: Landmark 2 | Epoch 4/20 | Train Loss: 0.2633 | Val Loss: 0.2888 | Validation AUC: 0.8770 | F1-Score: 0.4977
2025-07-29 13:09:36,764: No improvement in epoch 4. Current best AUC: 0.8803, F1: 0.4087, Val Loss: 0.2823. Epochs without improvement: 1/1
2025-07-29 13:09:36,764: Early stopping triggered at epoch 4. Best AUC: 0.8803, F1: 0.4087, Val Loss: 0.2823
2025-07-29 13:09:37,011: Tempo impiegato per Landmark 2: 1233.4 secondi
2025-07-29 13:09:37,011: Tempo medio per epoca: 308.3 secondi
2025-07-29 13:09:37,013: Loading best model from /cluster/work/projects/ec12/michechi/cache/best/best_model_Charangan_MedBERT_5550_landmark2_full_3_512_all_landmarks_True_20250729_124903_.pt for final evaluation on test set
2025-07-29 13:10:00,734: Final Test AUC (Landmark 2): 0.8613 | Test F1-Score: 0.3479
2025-07-29 13:10:00,734: Preparing data for Landmark 3
Using device: cuda
Some weights of BertForSequenceClassification were not initialized from the model checkpoint at Charangan/MedBERT and are newly initialized: ['classifier.bias', 'classifier.weight']
You should probably TRAIN this model on a down-stream task to be able to use it for predictions and inference.
2025-07-29 13:10:11,300: Average train text length: 382.21 words
2025-07-29 13:10:11,300: Average validation text length: 377.55 words
2025-07-29 13:10:11,300: Average test text length: 380.77 words
2025-07-29 13:10:11,300: Training on 14472 samples, validating on 1608, testing on 4020 samples
2025-07-29 13:10:45,726: Fine-tuning at Landmark 3
2025-07-29 13:10:45,732: Early stopping criterion: loss
2025-07-29 13:15:48,244: Landmark 3 | Epoch 1/20 | Train Loss: 0.3094 | Val Loss: 0.2040 | Validation AUC: 0.9383 | F1-Score: 0.7005
2025-07-29 13:15:48,576: New best model saved at /cluster/work/projects/ec12/michechi/cache/best/best_model_Charangan_MedBERT_5550_landmark3_full_3_512_all_landmarks_True_20250729_131045_.pt with AUC: 0.9383, F1: 0.7005, Val Loss: 0.2040
2025-07-29 13:20:52,430: Landmark 3 | Epoch 2/20 | Train Loss: 0.2097 | Val Loss: 0.2046 | Validation AUC: 0.9430 | F1-Score: 0.7371
2025-07-29 13:20:52,430: No improvement in epoch 2. Current best AUC: 0.9383, F1: 0.7005, Val Loss: 0.2040. Epochs without improvement: 1/1
2025-07-29 13:20:52,430: Early stopping triggered at epoch 2. Best AUC: 0.9383, F1: 0.7005, Val Loss: 0.2040
2025-07-29 13:20:52,686: Tempo impiegato per Landmark 3: 607.0 secondi
2025-07-29 13:20:52,686: Tempo medio per epoca: 303.5 secondi
2025-07-29 13:20:52,688: Loading best model from /cluster/work/projects/ec12/michechi/cache/best/best_model_Charangan_MedBERT_5550_landmark3_full_3_512_all_landmarks_True_20250729_131045_.pt for final evaluation on test set
2025-07-29 13:21:15,425: Final Test AUC (Landmark 3): 0.9401 | Test F1-Score: 0.6936
2025-07-29 13:21:15,426: Saving results to results_medical_True_Charangan_MedBERT_visits3_5550_full_20250729_132115.csv
Using device: cuda
   Landmark Val AUC  ... Validation Loss Training Time (s)
0         1  0.8253  ...          0.3221             925.0
1         2  0.8803  ...          0.2823            1233.4
2         3  0.9383  ...          0.2040             607.0

[3 rows x 9 columns]

Job 1835937 consumed 15.8 billing hours from project ec12.

Submitted 2025-07-29T12:31:18; waited 6.0 seconds in the queue after becoming eligible to run.

Requested wallclock time: 24.0 hours
Elapsed wallclock time:   49.9 minutes

Job exited normally.

Task and CPU statistics:
ID             CPUs  Tasks  CPU util                Start   Elapsed  Exit status
1835937          16            0.0 %  2025-07-29T12:31:24  2996.0 s  0
1835937.batch    16      1     6.2 %  2025-07-29T12:31:24  2996.0 s  0

Used CPU time:   49.5 CPU minutes
Unused CPU time: 12.5 CPU hours

Memory statistics, in GiB:
ID              Alloc   Usage
1835937          32.0        
1835937.batch    32.0    12.5

Job 1835937 completed at Tue Jul 29 13:21:20 CEST 2025
