Starting job 1841579 on gpu-5 on fox at Wed Aug 6 09:39:46 CEST 2025

2025-08-06 09:40:13,073: Argument CI: False
2025-08-06 09:40:13,073: Argument all_landmarks: True
2025-08-06 09:40:13,073: Argument batch_size: 8
2025-08-06 09:40:13,073: Argument cache_dir: '/cluster/work/projects/ec12/michechi/cache'
2025-08-06 09:40:13,073: Argument early: 'loss'
2025-08-06 09:40:13,073: Argument epochs: 20
2025-08-06 09:40:13,073: Argument gradient_accumulation_steps: 1
2025-08-06 09:40:13,073: Argument input_csv: '/fp/homes01/u01/ec-michelec/MIMICIV/data/splitted/splitted/landmark_df_evo.csv'
2025-08-06 09:40:13,074: Argument lr: 2e-05
2025-08-06 09:40:13,074: Argument max_length: 512
2025-08-06 09:40:13,074: Argument max_visits: 3
2025-08-06 09:40:13,074: Argument model_name: 'answerdotai/ModernBERT-large'
2025-08-06 09:40:13,074: Argument model_type: 'general'
2025-08-06 09:40:13,074: Argument patience: 1
2025-08-06 09:40:13,074: Argument peft: False
2025-08-06 09:40:13,074: Argument prompt_type: 'no'
2025-08-06 09:40:13,074: Argument seed: 9550
2025-08-06 09:40:13,074: Argument test_csv: '/fp/homes01/u01/ec-michelec/MIMICIV/data/splitted/splitted/landmark_evo_test_dod.csv'
2025-08-06 09:40:13,074: Argument train_csv: '/fp/homes01/u01/ec-michelec/MIMICIV/data/splitted/splitted/landmark_evo_train_dod.csv'
2025-08-06 09:40:13,074: Argument use_quantization: False
2025-08-06 09:40:13,074: Argument val_csv: '/fp/homes01/u01/ec-michelec/MIMICIV/data/splitted/splitted/landmark_evo_vali_dod.csv'
2025-08-06 09:40:13,074: Argument when_counting_death: 'last_visit'
2025-08-06 09:40:13,112: Using prompt type: no
/fp/homes01/u01/ec-michelec/MIMICIV/src/Finetuning_rfct.py:79: DtypeWarning: Columns (16,17,18,19) have mixed types. Specify dtype option on import or set low_memory=False.
  full_train_df = pd.read_csv(args.train_csv, na_values=['', 'None', 'NaN', 'na', 'nan']).fillna('')
/fp/homes01/u01/ec-michelec/MIMICIV/src/Finetuning_rfct.py:81: DtypeWarning: Columns (16,17,18,19) have mixed types. Specify dtype option on import or set low_memory=False.
  full_test_df = pd.read_csv(args.test_csv, na_values=['', 'None', 'NaN', 'na', 'nan']).fillna('')
2025-08-06 09:40:49,694: Processing all landmarks from 1 to 3
2025-08-06 09:40:49,695: Preparing data for Landmark 1
2025-08-06 09:40:55,867: We will use 90% of the memory on device 0 for storing the model, and 10% for the buffer to avoid OOM. You can set `max_memory` in to a higher value to use more memory (at your own risk).
Some weights of ModernBertForSequenceClassification were not initialized from the model checkpoint at answerdotai/ModernBERT-large and are newly initialized: ['classifier.bias', 'classifier.weight']
You should probably TRAIN this model on a down-stream task to be able to use it for predictions and inference.
2025-08-06 09:41:00,868: Average train text length: 330.03 words
2025-08-06 09:41:00,868: Average validation text length: 331.96 words
2025-08-06 09:41:00,868: Average test text length: 329.97 words
2025-08-06 09:41:00,868: Training on 14472 samples, validating on 1608, testing on 4020 samples
2025-08-06 09:41:21,032: Fine-tuning at Landmark 1
2025-08-06 09:41:21,037: Early stopping criterion: loss
/fp/homes01/u01/ec-michelec/ModernBERT/lib64/python3.9/site-packages/networkx/utils/backends.py:135: RuntimeWarning: networkx backend defined more than once: nx-loopback
  backends.update(_get_backends("networkx.backends"))
2025-08-06 09:49:09,095: Landmark 1 | Epoch 1/20 | Train Loss: 0.4124 | Val Loss: 0.3976 | Validation AUC: 0.6495 | F1-Score: 0.0000
2025-08-06 09:49:24,933: New best model saved at /cluster/work/projects/ec12/michechi/cache/best/best_model_answerdotai_ModernBERT-large_9550_landmark1_no_3_512_last_visit_all_landmarks_True_20250806_094121_.pt with AUC: 0.6495, F1: 0.0000, Val Loss: 0.3976
2025-08-06 09:56:52,787: Landmark 1 | Epoch 2/20 | Train Loss: 0.3909 | Val Loss: 0.3786 | Validation AUC: 0.7161 | F1-Score: 0.0000
2025-08-06 09:56:53,331: New best model saved at /cluster/work/projects/ec12/michechi/cache/best/best_model_answerdotai_ModernBERT-large_9550_landmark1_no_3_512_last_visit_all_landmarks_True_20250806_094121_.pt with AUC: 0.7161, F1: 0.0000, Val Loss: 0.3786
2025-08-06 10:04:21,482: Landmark 1 | Epoch 3/20 | Train Loss: 0.3810 | Val Loss: 0.3746 | Validation AUC: 0.7284 | F1-Score: 0.0000
2025-08-06 10:04:22,019: New best model saved at /cluster/work/projects/ec12/michechi/cache/best/best_model_answerdotai_ModernBERT-large_9550_landmark1_no_3_512_last_visit_all_landmarks_True_20250806_094121_.pt with AUC: 0.7284, F1: 0.0000, Val Loss: 0.3746
2025-08-06 10:11:50,121: Landmark 1 | Epoch 4/20 | Train Loss: 0.3806 | Val Loss: 0.3966 | Validation AUC: 0.6883 | F1-Score: 0.0000
2025-08-06 10:11:50,122: No improvement in epoch 4. Current best AUC: 0.7284, F1: 0.0000, Val Loss: 0.3746. Epochs without improvement: 1/1
2025-08-06 10:11:50,122: Early stopping triggered at epoch 4. Best AUC: 0.7284, F1: 0.0000, Val Loss: 0.3746
2025-08-06 10:11:50,576: Tempo impiegato per Landmark 1: 1829.5 secondi
2025-08-06 10:11:50,576: Tempo medio per epoca: 457.4 secondi
2025-08-06 10:11:50,578: Loading best model from /cluster/work/projects/ec12/michechi/cache/best/best_model_answerdotai_ModernBERT-large_9550_landmark1_no_3_512_last_visit_all_landmarks_True_20250806_094121_.pt for final evaluation on test set
2025-08-06 10:12:24,868: Final Test AUC (Landmark 1): 0.7166 | Test F1-Score: 0.0000
2025-08-06 10:12:24,868: Preparing data for Landmark 2
2025-08-06 10:12:28,195: We will use 90% of the memory on device 0 for storing the model, and 10% for the buffer to avoid OOM. You can set `max_memory` in to a higher value to use more memory (at your own risk).
Some weights of ModernBertForSequenceClassification were not initialized from the model checkpoint at answerdotai/ModernBERT-large and are newly initialized: ['classifier.bias', 'classifier.weight']
You should probably TRAIN this model on a down-stream task to be able to use it for predictions and inference.
2025-08-06 10:12:36,895: Average train text length: 554.03 words
2025-08-06 10:12:36,895: Average validation text length: 557.59 words
2025-08-06 10:12:36,895: Average test text length: 549.55 words
2025-08-06 10:12:36,895: Training on 14472 samples, validating on 1608, testing on 4020 samples
2025-08-06 10:13:11,784: Fine-tuning at Landmark 2
2025-08-06 10:13:11,813: Early stopping criterion: loss
2025-08-06 10:20:41,518: Landmark 2 | Epoch 1/20 | Train Loss: 0.4097 | Val Loss: 0.3920 | Validation AUC: 0.7385 | F1-Score: 0.0000
2025-08-06 10:20:42,068: New best model saved at /cluster/work/projects/ec12/michechi/cache/best/best_model_answerdotai_ModernBERT-large_9550_landmark2_no_3_512_last_visit_all_landmarks_True_20250806_101311_.pt with AUC: 0.7385, F1: 0.0000, Val Loss: 0.3920
2025-08-06 10:28:10,625: Landmark 2 | Epoch 2/20 | Train Loss: 0.3825 | Val Loss: 0.3618 | Validation AUC: 0.7542 | F1-Score: 0.0000
2025-08-06 10:28:11,189: New best model saved at /cluster/work/projects/ec12/michechi/cache/best/best_model_answerdotai_ModernBERT-large_9550_landmark2_no_3_512_last_visit_all_landmarks_True_20250806_101311_.pt with AUC: 0.7542, F1: 0.0000, Val Loss: 0.3618
2025-08-06 10:35:39,869: Landmark 2 | Epoch 3/20 | Train Loss: 0.3760 | Val Loss: 0.3652 | Validation AUC: 0.7475 | F1-Score: 0.0000
2025-08-06 10:35:39,869: No improvement in epoch 3. Current best AUC: 0.7542, F1: 0.0000, Val Loss: 0.3618. Epochs without improvement: 1/1
2025-08-06 10:35:39,869: Early stopping triggered at epoch 3. Best AUC: 0.7542, F1: 0.0000, Val Loss: 0.3618
2025-08-06 10:35:40,570: Tempo impiegato per Landmark 2: 1348.8 secondi
2025-08-06 10:35:40,570: Tempo medio per epoca: 449.6 secondi
2025-08-06 10:35:40,573: Loading best model from /cluster/work/projects/ec12/michechi/cache/best/best_model_answerdotai_ModernBERT-large_9550_landmark2_no_3_512_last_visit_all_landmarks_True_20250806_101311_.pt for final evaluation on test set
2025-08-06 10:36:14,888: Final Test AUC (Landmark 2): 0.7317 | Test F1-Score: 0.0000
2025-08-06 10:36:14,888: Preparing data for Landmark 3
2025-08-06 10:36:17,030: We will use 90% of the memory on device 0 for storing the model, and 10% for the buffer to avoid OOM. You can set `max_memory` in to a higher value to use more memory (at your own risk).
Some weights of ModernBertForSequenceClassification were not initialized from the model checkpoint at answerdotai/ModernBERT-large and are newly initialized: ['classifier.bias', 'classifier.weight']
You should probably TRAIN this model on a down-stream task to be able to use it for predictions and inference.
2025-08-06 10:36:22,769: Average train text length: 774.30 words
2025-08-06 10:36:22,769: Average validation text length: 770.48 words
2025-08-06 10:36:22,769: Average test text length: 771.71 words
2025-08-06 10:36:22,769: Training on 14472 samples, validating on 1608, testing on 4020 samples
2025-08-06 10:37:10,346: Fine-tuning at Landmark 3
2025-08-06 10:37:10,389: Early stopping criterion: loss
2025-08-06 10:44:40,321: Landmark 3 | Epoch 1/20 | Train Loss: 0.3728 | Val Loss: 0.3131 | Validation AUC: 0.8488 | F1-Score: 0.2230
2025-08-06 10:44:40,904: New best model saved at /cluster/work/projects/ec12/michechi/cache/best/best_model_answerdotai_ModernBERT-large_9550_landmark3_no_3_512_last_visit_all_landmarks_True_20250806_103710_.pt with AUC: 0.8488, F1: 0.2230, Val Loss: 0.3131
2025-08-06 10:52:11,193: Landmark 3 | Epoch 2/20 | Train Loss: 0.2736 | Val Loss: 0.2396 | Validation AUC: 0.9194 | F1-Score: 0.6328
2025-08-06 10:52:11,750: New best model saved at /cluster/work/projects/ec12/michechi/cache/best/best_model_answerdotai_ModernBERT-large_9550_landmark3_no_3_512_last_visit_all_landmarks_True_20250806_103710_.pt with AUC: 0.9194, F1: 0.6328, Val Loss: 0.2396
2025-08-06 10:59:41,914: Landmark 3 | Epoch 3/20 | Train Loss: 0.2312 | Val Loss: 0.2257 | Validation AUC: 0.9246 | F1-Score: 0.6182
2025-08-06 10:59:42,450: New best model saved at /cluster/work/projects/ec12/michechi/cache/best/best_model_answerdotai_ModernBERT-large_9550_landmark3_no_3_512_last_visit_all_landmarks_True_20250806_103710_.pt with AUC: 0.9246, F1: 0.6182, Val Loss: 0.2257
2025-08-06 11:07:12,641: Landmark 3 | Epoch 4/20 | Train Loss: 0.2190 | Val Loss: 0.2332 | Validation AUC: 0.9255 | F1-Score: 0.6094
2025-08-06 11:07:12,641: No improvement in epoch 4. Current best AUC: 0.9246, F1: 0.6182, Val Loss: 0.2257. Epochs without improvement: 1/1
2025-08-06 11:07:12,641: Early stopping triggered at epoch 4. Best AUC: 0.9246, F1: 0.6182, Val Loss: 0.2257
2025-08-06 11:07:13,651: Tempo impiegato per Landmark 3: 1803.3 secondi
2025-08-06 11:07:13,651: Tempo medio per epoca: 450.8 secondi
2025-08-06 11:07:13,654: Loading best model from /cluster/work/projects/ec12/michechi/cache/best/best_model_answerdotai_ModernBERT-large_9550_landmark3_no_3_512_last_visit_all_landmarks_True_20250806_103710_.pt for final evaluation on test set
2025-08-06 11:07:48,074: Final Test AUC (Landmark 3): 0.9281 | Test F1-Score: 0.6347
2025-08-06 11:07:48,075: Saving results to results_general_True_answerdotai_ModernBERT-large_last_visit_visits3_9550_512_no_20250806_110748.csv
Using device: cuda
Using device: cuda
Using device: cuda
   Landmark Val AUC  ... Validation Loss Training Time (s)
0         1  0.7284  ...          0.3746            1829.5
1         2  0.7542  ...          0.3618            1348.8
2         3  0.9246  ...          0.2257            1803.3

[3 rows x 9 columns]

Job 1841579 consumed 27.9 billing hours from project ec12.

Submitted 2025-08-06T09:39:45; waited 0.0 seconds in the queue after becoming eligible to run.

Requested wallclock time: 10.0 hours
Elapsed wallclock time:   1.5 hours

Job exited normally.

Task and CPU statistics:
ID             CPUs  Tasks  CPU util                Start  Elapsed  Exit status
1841579          16            0.0 %  2025-08-06T09:39:45    1.5 h  0
1841579.batch    16      1     8.9 %  2025-08-06T09:39:45    1.5 h  0

Used CPU time:   2.1 CPU hours
Unused CPU time: 21.4 CPU hours

Memory statistics, in GiB:
ID              Alloc   Usage
1841579          32.0        
1841579.batch    32.0    16.4

Job 1841579 completed at Wed Aug 6 11:07:54 CEST 2025
