Starting job 1700835 on gpu-5 on fox at Fri Jun 20 10:59:26 CEST 2025

2025-06-20 10:59:53,632: Argument all_landmarks: False
2025-06-20 10:59:53,632: Argument batch_size: 8
2025-06-20 10:59:53,632: Argument cache_dir: '/cluster/work/projects/ec403/ec-michechi/Project_M'
2025-06-20 10:59:53,633: Argument early: 'loss'
2025-06-20 10:59:53,633: Argument epochs: 20
2025-06-20 10:59:53,633: Argument input_csv: '/cluster/work/projects/ec403/ec-michechi/Project_M/data/landmark_df_evo.csv'
2025-06-20 10:59:53,633: Argument lr: 2e-05
2025-06-20 10:59:53,633: Argument max_length: 512
2025-06-20 10:59:53,633: Argument max_visits: 3
2025-06-20 10:59:53,633: Argument model_name: 'emilyalsentzer/Bio_ClinicalBERT'
2025-06-20 10:59:53,633: Argument model_type: 'medbert'
2025-06-20 10:59:53,633: Argument patience: 3
2025-06-20 10:59:53,633: Argument peft: False
2025-06-20 10:59:53,633: Argument prompt_type: 'no'
2025-06-20 10:59:53,633: Argument seed: 4550
2025-06-20 10:59:53,633: Argument test_csv: '/cluster/work/projects/ec403/ec-michechi/Project_M/data/landmark_evo_test.csv'
2025-06-20 10:59:53,633: Argument train_csv: '/cluster/work/projects/ec403/ec-michechi/Project_M/data/landmark_evo_train.csv'
2025-06-20 10:59:53,633: Argument use_quantization: False
2025-06-20 10:59:53,633: Argument val_csv: '/cluster/work/projects/ec403/ec-michechi/Project_M/data/landmark_evo_vali.csv'
/fp/projects01/ec30/software/easybuild/software/nlpl-pytorch/2.1.2-foss-2022b-cuda-12.0.0-Python-3.10.8/lib/python3.10/site-packages/torch/_utils.py:831: UserWarning: TypedStorage is deprecated. It will be removed in the future and UntypedStorage will be the only storage class. This should only matter to you if you are using storages directly.  To access UntypedStorage directly, use tensor.untyped_storage() instead of tensor.storage()
  return self.fget.__get__(instance, owner)()
Some weights of BertForSequenceClassification were not initialized from the model checkpoint at emilyalsentzer/Bio_ClinicalBERT and are newly initialized: ['classifier.bias', 'classifier.weight']
You should probably TRAIN this model on a down-stream task to be able to use it for predictions and inference.
2025-06-20 10:59:55,857: Using prompt type: no
2025-06-20 10:59:55,857: Model type: medbert, Model name: emilyalsentzer/Bio_ClinicalBERT
/fp/homes01/u01/ec-michechi/Project_M/MIMICIV/src/Finetuning.py:427: DtypeWarning: Columns (16,17,18,19) have mixed types. Specify dtype option on import or set low_memory=False.
  full_train_df = pd.read_csv(args.train_csv, na_values=['', 'None', 'NaN', 'na', 'nan']).fillna('')
2025-06-20 11:00:32,510: Processing only the last landmark visit: 3
2025-06-20 11:00:32,511: Preparing data for Landmark 3
2025-06-20 11:00:34,159: Average train text length: 1239.42 words
2025-06-20 11:00:34,159: Average validation text length: 1230.17 words
2025-06-20 11:00:34,159: Average test text length: 1236.08 words
2025-06-20 11:00:34,159: Training on 14477 samples, validating on 1609, testing on 4022 samples
2025-06-20 11:02:02,022: Fine-tuning at Landmark 3
2025-06-20 11:02:02,757: Early stopping criterion: loss
2025-06-20 11:07:27,730: Landmark 3 | Epoch 1/20 | Train Loss: 0.3181 | Val Loss: 0.2277 | Validation AUC: 0.9271 | F1-Score: 0.6503
2025-06-20 11:12:53,014: Landmark 3 | Epoch 2/20 | Train Loss: 0.2349 | Val Loss: 0.2144 | Validation AUC: 0.9373 | F1-Score: 0.5899
2025-06-20 11:18:18,089: Landmark 3 | Epoch 3/20 | Train Loss: 0.2072 | Val Loss: 0.2034 | Validation AUC: 0.9421 | F1-Score: 0.7093
2025-06-20 11:23:43,134: Landmark 3 | Epoch 4/20 | Train Loss: 0.1778 | Val Loss: 0.2108 | Validation AUC: 0.9353 | F1-Score: 0.6729
2025-06-20 11:29:07,855: Landmark 3 | Epoch 5/20 | Train Loss: 0.1364 | Val Loss: 0.2446 | Validation AUC: 0.9337 | F1-Score: 0.6921
2025-06-20 11:34:32,593: Landmark 3 | Epoch 6/20 | Train Loss: 0.0975 | Val Loss: 0.2965 | Validation AUC: 0.9246 | F1-Score: 0.6723
2025-06-20 11:34:32,593: Early stopping triggered at epoch 6
2025-06-20 11:34:33,115: Tempo impiegato per Landmark 3: 1951.1 secondi
2025-06-20 11:34:33,115: Tempo medio per epoca: 325.2 secondi
2025-06-20 11:34:59,262: Final Test AUC (Landmark 3): 0.9316 | Test F1-Score: 0.6655
2025-06-20 11:34:59,265: Saving results to results_medbert_emilyalsentzer_Bio_ClinicalBERT_visits3_20250620_113459.csv
   Landmark Val AUC  ... Validation Loss Training Time (s)
0         3  0.9421  ...          0.2034            1951.1

[1 rows x 9 columns]

Job 1700835 consumed 11.3 billing hours from project ec403.

Submitted 2025-06-20T10:20:53; waited 38.5 minutes in the queue after becoming eligible to run.

Requested wallclock time: 5.0 hours
Elapsed wallclock time:   35.6 minutes

Job exited normally.

Task and CPU statistics:
ID             CPUs  Tasks  CPU util                Start   Elapsed  Exit status
1700835          16            0.0 %  2025-06-20T10:59:26  2139.0 s  0
1700835.batch    16      1     6.2 %  2025-06-20T10:59:26  2139.0 s  0

Used CPU time:   35.2 CPU minutes
Unused CPU time: 8.9 CPU hours

Memory statistics, in GiB:
ID              Alloc   Usage
1700835          32.0        
1700835.batch    32.0    14.1

Job 1700835 completed at Fri Jun 20 11:35:05 CEST 2025
