Starting job 1853858 on gpu-12 on fox at Wed Aug 13 16:19:04 CEST 2025

2025-08-13 16:19:15,800: Argument CI: False
2025-08-13 16:19:15,800: Argument all_landmarks: True
2025-08-13 16:19:15,800: Argument batch_size: 8
2025-08-13 16:19:15,800: Argument cache_dir: '/cluster/work/projects/ec12/michechi/cache'
2025-08-13 16:19:15,800: Argument early: 'loss'
2025-08-13 16:19:15,800: Argument epochs: 20
2025-08-13 16:19:15,800: Argument gradient_accumulation_steps: 1
2025-08-13 16:19:15,800: Argument input_csv: '/fp/homes01/u01/ec-michelec/MIMICIV/data/splitted/splitted/landmark_df_evo.csv'
2025-08-13 16:19:15,800: Argument lr: 2e-05
2025-08-13 16:19:15,800: Argument max_length: 2048
2025-08-13 16:19:15,800: Argument max_visits: 4
2025-08-13 16:19:15,800: Argument model_name: 'answerdotai/ModernBERT-large'
2025-08-13 16:19:15,800: Argument model_type: 'general'
2025-08-13 16:19:15,800: Argument patience: 1
2025-08-13 16:19:15,800: Argument peft: False
2025-08-13 16:19:15,800: Argument prompt_type: 'full'
2025-08-13 16:19:15,800: Argument seed: 4550
2025-08-13 16:19:15,800: Argument test_csv: '/fp/homes01/u01/ec-michelec/MIMICIV/data/splitted/splitted/landmark_evo_test_dod.csv'
2025-08-13 16:19:15,800: Argument train_csv: '/fp/homes01/u01/ec-michelec/MIMICIV/data/splitted/splitted/landmark_evo_train_dod.csv'
2025-08-13 16:19:15,800: Argument use_quantization: False
2025-08-13 16:19:15,800: Argument val_csv: '/fp/homes01/u01/ec-michelec/MIMICIV/data/splitted/splitted/landmark_evo_vali_dod.csv'
2025-08-13 16:19:15,800: Argument when_counting_death: 'landmark'
2025-08-13 16:19:15,805: Using prompt type: full
/fp/homes01/u01/ec-michelec/MIMICIV/src/Finetuning_rfct.py:79: DtypeWarning: Columns (16,17,18,19) have mixed types. Specify dtype option on import or set low_memory=False.
  full_train_df = pd.read_csv(args.train_csv, na_values=['', 'None', 'NaN', 'na', 'nan']).fillna('')
/fp/homes01/u01/ec-michelec/MIMICIV/src/Finetuning_rfct.py:81: DtypeWarning: Columns (16,17,18,19) have mixed types. Specify dtype option on import or set low_memory=False.
  full_test_df = pd.read_csv(args.test_csv, na_values=['', 'None', 'NaN', 'na', 'nan']).fillna('')
2025-08-13 16:19:51,404: Processing all landmarks from 1 to 4
2025-08-13 16:19:51,405: Preparing data for Landmark 1
2025-08-13 16:19:56,093: We will use 90% of the memory on device 0 for storing the model, and 10% for the buffer to avoid OOM. You can set `max_memory` in to a higher value to use more memory (at your own risk).
Some weights of ModernBertForSequenceClassification were not initialized from the model checkpoint at answerdotai/ModernBERT-large and are newly initialized: ['classifier.bias', 'classifier.weight']
You should probably TRAIN this model on a down-stream task to be able to use it for predictions and inference.
2025-08-13 16:20:00,250: Example train text: You are a Doctor.
What is the probability of death in the next 90 days from today for this 43-year-old F patient?
Today is the 1 visit.

Diagnosis history:
Today: Diverticulitis of colon (without mention of hemorrhage); Acute kidney failure, unspecified; Abscess of intestine; Other postoperative infection; Cellulitis and abscess of trunk; Methicillin susceptible Staphylococcus aureus in conditions classified elsewhere and of unspecified site; Removal of other organ (partial) (total) causing abnormal patient reaction, or later complication, without mention of misadventure at time of operation; Hypovolemia; Nausea with vomiting.
Prescriptions history:
Today: NS; Potassium Chloride; OxycoDONE (Immediate Release) ; Magnesium Citrate; SW; Magnesium Sulfate; Prochlorperazine; Lorazepam; HYDROmorphone (Dilaudid); Iso-Osmotic Dextrose; Piperacillin-Tazobactam Na; Potassium Chl 20 mEq / 1000 mL D5 1/2 NS; Insulin; LR; Acetaminophen; Ondansetron; Ketorolac; OxycoDONE-Acetaminophen Elixir; Sodium Chloride 0.9%  Flush; Docusate Sodium; Hydrocodone-Acetaminophen; D5W; Clindamycin; Fluticasone Propionate NASAL; Ciprofloxacin; Pantoprazole; Metoclopramide; Calcium Carbonate; Vancomycin; Cephalexin; Heparin; Bupivacaine 0.5%; Promethazine HCl; D5 1/2NS; Hydrocortisone (Rectal) 2.5% Cream; Morphine Sulfate; Escitalopram Oxalate; Maalox/Diphenhydramine/Lidocaine; Nafcillin; HydrOXYzine; MetRONIDAZOLE (FLagyl); Ibuprofen.
Procedures history:
Today: Open and other sigmoidectomy.
2025-08-13 16:20:00,311: Average train text length: 139.15 words
2025-08-13 16:20:00,311: Average validation text length: 143.37 words
2025-08-13 16:20:00,311: Average test text length: 140.44 words
2025-08-13 16:20:00,311: Training on 8040 samples, validating on 894, testing on 2234 samples
2025-08-13 16:20:07,643: Fine-tuning at Landmark 1
2025-08-13 16:20:07,649: Early stopping criterion: loss
/fp/homes01/u01/ec-michelec/ModernBERT/lib64/python3.9/site-packages/networkx/utils/backends.py:135: RuntimeWarning: networkx backend defined more than once: nx-loopback
  backends.update(_get_backends("networkx.backends"))
2025-08-13 16:39:57,649: Landmark 1 | Epoch 1/20 | Train Loss: 0.4532 | Val Loss: 0.0739 | Validation AUC: 0.5684 | F1-Score: 0.0000
2025-08-13 16:39:58,190: New best model saved at /cluster/work/projects/ec12/michechi/cache/best/best_model_answerdotai_ModernBERT-large_4550_landmark1_full_4_2048_landmark_all_landmarks_True_20250813_162007_.pt with AUC: 0.5684, F1: 0.0000, Val Loss: 0.0739
2025-08-13 16:59:32,419: Landmark 1 | Epoch 2/20 | Train Loss: 0.0724 | Val Loss: 0.0662 | Validation AUC: 0.6351 | F1-Score: 0.0000
2025-08-13 16:59:32,926: New best model saved at /cluster/work/projects/ec12/michechi/cache/best/best_model_answerdotai_ModernBERT-large_4550_landmark1_full_4_2048_landmark_all_landmarks_True_20250813_162007_.pt with AUC: 0.6351, F1: 0.0000, Val Loss: 0.0662
2025-08-13 17:19:07,661: Landmark 1 | Epoch 3/20 | Train Loss: 0.0702 | Val Loss: 0.0666 | Validation AUC: 0.6717 | F1-Score: 0.0000
2025-08-13 17:19:07,661: No improvement in epoch 3. Current best AUC: 0.6351, F1: 0.0000, Val Loss: 0.0662. Epochs without improvement: 1/1
2025-08-13 17:19:07,661: Early stopping triggered at epoch 3. Best AUC: 0.6351, F1: 0.0000, Val Loss: 0.0662
2025-08-13 17:19:08,067: Tempo impiegato per Landmark 1: 3540.4 secondi
2025-08-13 17:19:08,067: Tempo medio per epoca: 1180.1 secondi
2025-08-13 17:19:08,069: Loading best model from /cluster/work/projects/ec12/michechi/cache/best/best_model_answerdotai_ModernBERT-large_4550_landmark1_full_4_2048_landmark_all_landmarks_True_20250813_162007_.pt for final evaluation on test set
2025-08-13 17:20:24,341: Final Test AUC (Landmark 1): 0.7032 | Test F1-Score: 0.0000
2025-08-13 17:20:24,341: Preparing data for Landmark 2
2025-08-13 17:20:26,993: We will use 90% of the memory on device 0 for storing the model, and 10% for the buffer to avoid OOM. You can set `max_memory` in to a higher value to use more memory (at your own risk).
Some weights of ModernBertForSequenceClassification were not initialized from the model checkpoint at answerdotai/ModernBERT-large and are newly initialized: ['classifier.bias', 'classifier.weight']
You should probably TRAIN this model on a down-stream task to be able to use it for predictions and inference.
2025-08-13 17:20:30,450: Example train text: You are a Doctor.
What is the probability of death in the next 90 days from today for this 43-year-old F patient?
Today is the 2 visit.

Diagnosis history:
Today: Esophageal reflux; Diverticulosis of colon (without mention of hemorrhage); Other specified aftercare following surgery.
6 days ago: Diverticulitis of colon (without mention of hemorrhage); Acute kidney failure, unspecified; Abscess of intestine; Other postoperative infection; Cellulitis and abscess of trunk; Methicillin susceptible Staphylococcus aureus in conditions classified elsewhere and of unspecified site; Removal of other organ (partial) (total) causing abnormal patient reaction, or later complication, without mention of misadventure at time of operation; Hypovolemia; Nausea with vomiting.
Prescriptions history:
Today: LR; Ranitidine; Acetaminophen; Escitalopram Oxalate; Promethazine; Heparin; Ondansetron ODT; Potassium Chl 20 mEq / 1000 mL D5 1/2 NS; Pantoprazole; Sodium Chloride 0.9%  Flush; Fluticasone Propionate NASAL; Ondansetron.
6 days ago: NS; Potassium Chloride; OxycoDONE (Immediate Release) ; Magnesium Citrate; SW; Magnesium Sulfate; Prochlorperazine; Lorazepam; HYDROmorphone (Dilaudid); Iso-Osmotic Dextrose; Piperacillin-Tazobactam Na; Potassium Chl 20 mEq / 1000 mL D5 1/2 NS; Insulin; LR; Acetaminophen; Ondansetron; Ketorolac; OxycoDONE-Acetaminophen Elixir; Sodium Chloride 0.9%  Flush; Docusate Sodium; Hydrocodone-Acetaminophen; D5W; Clindamycin; Fluticasone Propionate NASAL; Ciprofloxacin; Pantoprazole; Metoclopramide; Calcium Carbonate; Vancomycin; Cephalexin; Heparin; Bupivacaine 0.5%; Promethazine HCl; D5 1/2NS; Hydrocortisone (Rectal) 2.5% Cream; Morphine Sulfate; Escitalopram Oxalate; Maalox/Diphenhydramine/Lidocaine; Nafcillin; HydrOXYzine; MetRONIDAZOLE (FLagyl); Ibuprofen.
Procedures history:
Today: .
6 days ago: Open and other sigmoidectomy.
2025-08-13 17:20:30,560: Average train text length: 256.57 words
2025-08-13 17:20:30,561: Average validation text length: 261.40 words
2025-08-13 17:20:30,561: Average test text length: 257.79 words
2025-08-13 17:20:30,561: Training on 8040 samples, validating on 894, testing on 2234 samples
2025-08-13 17:20:42,916: Fine-tuning at Landmark 2
2025-08-13 17:20:42,931: Early stopping criterion: loss
2025-08-13 17:40:14,037: Landmark 2 | Epoch 1/20 | Train Loss: 0.5706 | Val Loss: 0.1540 | Validation AUC: 0.6830 | F1-Score: 0.0000
2025-08-13 17:40:14,580: New best model saved at /cluster/work/projects/ec12/michechi/cache/best/best_model_answerdotai_ModernBERT-large_4550_landmark2_full_4_2048_landmark_all_landmarks_True_20250813_172042_.pt with AUC: 0.6830, F1: 0.0000, Val Loss: 0.1540
2025-08-13 17:59:46,059: Landmark 2 | Epoch 2/20 | Train Loss: 0.1649 | Val Loss: 0.1402 | Validation AUC: 0.7271 | F1-Score: 0.0000
2025-08-13 17:59:46,554: New best model saved at /cluster/work/projects/ec12/michechi/cache/best/best_model_answerdotai_ModernBERT-large_4550_landmark2_full_4_2048_landmark_all_landmarks_True_20250813_172042_.pt with AUC: 0.7271, F1: 0.0000, Val Loss: 0.1402
2025-08-13 18:19:18,497: Landmark 2 | Epoch 3/20 | Train Loss: 0.1571 | Val Loss: 0.1376 | Validation AUC: 0.7534 | F1-Score: 0.0000
2025-08-13 18:19:19,021: New best model saved at /cluster/work/projects/ec12/michechi/cache/best/best_model_answerdotai_ModernBERT-large_4550_landmark2_full_4_2048_landmark_all_landmarks_True_20250813_172042_.pt with AUC: 0.7534, F1: 0.0000, Val Loss: 0.1376
2025-08-13 18:38:50,945: Landmark 2 | Epoch 4/20 | Train Loss: 0.1529 | Val Loss: 0.1331 | Validation AUC: 0.7737 | F1-Score: 0.0000
2025-08-13 18:38:51,443: New best model saved at /cluster/work/projects/ec12/michechi/cache/best/best_model_answerdotai_ModernBERT-large_4550_landmark2_full_4_2048_landmark_all_landmarks_True_20250813_172042_.pt with AUC: 0.7737, F1: 0.0000, Val Loss: 0.1331
2025-08-13 18:58:23,226: Landmark 2 | Epoch 5/20 | Train Loss: 0.1484 | Val Loss: 0.1359 | Validation AUC: 0.7783 | F1-Score: 0.0000
2025-08-13 18:58:23,226: No improvement in epoch 5. Current best AUC: 0.7737, F1: 0.0000, Val Loss: 0.1331. Epochs without improvement: 1/1
2025-08-13 18:58:23,226: Early stopping triggered at epoch 5. Best AUC: 0.7737, F1: 0.0000, Val Loss: 0.1331
2025-08-13 18:58:23,739: Tempo impiegato per Landmark 2: 5860.8 secondi
2025-08-13 18:58:23,740: Tempo medio per epoca: 1172.2 secondi
2025-08-13 18:58:23,742: Loading best model from /cluster/work/projects/ec12/michechi/cache/best/best_model_answerdotai_ModernBERT-large_4550_landmark2_full_4_2048_landmark_all_landmarks_True_20250813_172042_.pt for final evaluation on test set
2025-08-13 18:59:39,366: Final Test AUC (Landmark 2): 0.8251 | Test F1-Score: 0.0000
2025-08-13 18:59:39,366: Preparing data for Landmark 3
2025-08-13 18:59:41,424: We will use 90% of the memory on device 0 for storing the model, and 10% for the buffer to avoid OOM. You can set `max_memory` in to a higher value to use more memory (at your own risk).
Some weights of ModernBertForSequenceClassification were not initialized from the model checkpoint at answerdotai/ModernBERT-large and are newly initialized: ['classifier.bias', 'classifier.weight']
You should probably TRAIN this model on a down-stream task to be able to use it for predictions and inference.
2025-08-13 18:59:46,088: Example train text: You are a Doctor.
What is the probability of death in the next 90 days from today for this 46-year-old F patient?
Today is the 3 visit.

Diagnosis history:
Today: Chest pain, unspecified; Orthostatic hypotension.
1127 days ago: Esophageal reflux; Diverticulosis of colon (without mention of hemorrhage); Other specified aftercare following surgery.
1133 days ago: Diverticulitis of colon (without mention of hemorrhage); Acute kidney failure, unspecified; Abscess of intestine; Other postoperative infection; Cellulitis and abscess of trunk; Methicillin susceptible Staphylococcus aureus in conditions classified elsewhere and of unspecified site; Removal of other organ (partial) (total) causing abnormal patient reaction, or later complication, without mention of misadventure at time of operation; Hypovolemia; Nausea with vomiting.
Prescriptions history:
Today: .
1127 days ago: LR; Ranitidine; Acetaminophen; Escitalopram Oxalate; Promethazine; Heparin; Ondansetron ODT; Potassium Chl 20 mEq / 1000 mL D5 1/2 NS; Pantoprazole; Sodium Chloride 0.9%  Flush; Fluticasone Propionate NASAL; Ondansetron.
1133 days ago: NS; Potassium Chloride; OxycoDONE (Immediate Release) ; Magnesium Citrate; SW; Magnesium Sulfate; Prochlorperazine; Lorazepam; HYDROmorphone (Dilaudid); Iso-Osmotic Dextrose; Piperacillin-Tazobactam Na; Potassium Chl 20 mEq / 1000 mL D5 1/2 NS; Insulin; LR; Acetaminophen; Ondansetron; Ketorolac; OxycoDONE-Acetaminophen Elixir; Sodium Chloride 0.9%  Flush; Docusate Sodium; Hydrocodone-Acetaminophen; D5W; Clindamycin; Fluticasone Propionate NASAL; Ciprofloxacin; Pantoprazole; Metoclopramide; Calcium Carbonate; Vancomycin; Cephalexin; Heparin; Bupivacaine 0.5%; Promethazine HCl; D5 1/2NS; Hydrocortisone (Rectal) 2.5% Cream; Morphine Sulfate; Escitalopram Oxalate; Maalox/Diphenhydramine/Lidocaine; Nafcillin; HydrOXYzine; MetRONIDAZOLE (FLagyl); Ibuprofen.
Procedures history:
Today: .
1127 days ago: .
1133 days ago: Open and other sigmoidectomy.
2025-08-13 18:59:46,259: Average train text length: 380.70 words
2025-08-13 18:59:46,260: Average validation text length: 385.73 words
2025-08-13 18:59:46,260: Average test text length: 380.60 words
2025-08-13 18:59:46,260: Training on 8040 samples, validating on 894, testing on 2234 samples
2025-08-13 19:00:02,207: Fine-tuning at Landmark 3
2025-08-13 19:00:02,224: Early stopping criterion: loss
2025-08-13 19:19:32,916: Landmark 3 | Epoch 1/20 | Train Loss: 0.6805 | Val Loss: 0.2965 | Validation AUC: 0.7232 | F1-Score: 0.0000
2025-08-13 19:19:33,427: New best model saved at /cluster/work/projects/ec12/michechi/cache/best/best_model_answerdotai_ModernBERT-large_4550_landmark3_full_4_2048_landmark_all_landmarks_True_20250813_190002_.pt with AUC: 0.7232, F1: 0.0000, Val Loss: 0.2965
2025-08-13 19:39:04,815: Landmark 3 | Epoch 2/20 | Train Loss: 0.2962 | Val Loss: 0.2930 | Validation AUC: 0.7490 | F1-Score: 0.0000
2025-08-13 19:39:05,322: New best model saved at /cluster/work/projects/ec12/michechi/cache/best/best_model_answerdotai_ModernBERT-large_4550_landmark3_full_4_2048_landmark_all_landmarks_True_20250813_190002_.pt with AUC: 0.7490, F1: 0.0000, Val Loss: 0.2930
2025-08-13 19:58:36,915: Landmark 3 | Epoch 3/20 | Train Loss: 0.2787 | Val Loss: 0.2737 | Validation AUC: 0.7781 | F1-Score: 0.0000
2025-08-13 19:58:37,416: New best model saved at /cluster/work/projects/ec12/michechi/cache/best/best_model_answerdotai_ModernBERT-large_4550_landmark3_full_4_2048_landmark_all_landmarks_True_20250813_190002_.pt with AUC: 0.7781, F1: 0.0000, Val Loss: 0.2737
2025-08-13 20:18:08,824: Landmark 3 | Epoch 4/20 | Train Loss: 0.2663 | Val Loss: 0.2608 | Validation AUC: 0.8056 | F1-Score: 0.0000
2025-08-13 20:18:09,345: New best model saved at /cluster/work/projects/ec12/michechi/cache/best/best_model_answerdotai_ModernBERT-large_4550_landmark3_full_4_2048_landmark_all_landmarks_True_20250813_190002_.pt with AUC: 0.8056, F1: 0.0000, Val Loss: 0.2608
2025-08-13 20:37:40,750: Landmark 3 | Epoch 5/20 | Train Loss: 0.2770 | Val Loss: 0.2692 | Validation AUC: 0.7856 | F1-Score: 0.0000
2025-08-13 20:37:40,751: No improvement in epoch 5. Current best AUC: 0.8056, F1: 0.0000, Val Loss: 0.2608. Epochs without improvement: 1/1
2025-08-13 20:37:40,751: Early stopping triggered at epoch 5. Best AUC: 0.8056, F1: 0.0000, Val Loss: 0.2608
2025-08-13 20:37:41,269: Tempo impiegato per Landmark 3: 5859.1 secondi
2025-08-13 20:37:41,270: Tempo medio per epoca: 1171.8 secondi
2025-08-13 20:37:41,272: Loading best model from /cluster/work/projects/ec12/michechi/cache/best/best_model_answerdotai_ModernBERT-large_4550_landmark3_full_4_2048_landmark_all_landmarks_True_20250813_190002_.pt for final evaluation on test set
2025-08-13 20:38:56,936: Final Test AUC (Landmark 3): 0.8092 | Test F1-Score: 0.0000
2025-08-13 20:38:56,936: Preparing data for Landmark 4
2025-08-13 20:38:59,613: We will use 90% of the memory on device 0 for storing the model, and 10% for the buffer to avoid OOM. You can set `max_memory` in to a higher value to use more memory (at your own risk).
Some weights of ModernBertForSequenceClassification were not initialized from the model checkpoint at answerdotai/ModernBERT-large and are newly initialized: ['classifier.bias', 'classifier.weight']
You should probably TRAIN this model on a down-stream task to be able to use it for predictions and inference.
2025-08-13 20:39:05,662: Example train text: You are a Doctor.
What is the probability of death in the next 90 days from today for this 47-year-old F patient?
Today is the 4 visit.

Diagnosis history:
Today: Other specified disorders of intestine; Ulceration of intestine; Other and unspecified ovarian cyst; Diverticulosis of colon (without mention of hemorrhage); Intestinal bypass or anastomosis status; Anxiety state, unspecified; Esophageal reflux.
233 days ago: Chest pain, unspecified; Orthostatic hypotension.
1360 days ago: Esophageal reflux; Diverticulosis of colon (without mention of hemorrhage); Other specified aftercare following surgery.
1366 days ago: Diverticulitis of colon (without mention of hemorrhage); Acute kidney failure, unspecified; Abscess of intestine; Other postoperative infection; Cellulitis and abscess of trunk; Methicillin susceptible Staphylococcus aureus in conditions classified elsewhere and of unspecified site; Removal of other organ (partial) (total) causing abnormal patient reaction, or later complication, without mention of misadventure at time of operation; Hypovolemia; Nausea with vomiting.
Prescriptions history:
Today: Ondansetron ODT; Calcium Carbonate; Senna; Vitamin D; Omeprazole; HYDROmorphone (Dilaudid); Desitin; 0.45% Sodium Chloride; Acetaminophen; 0.9% Sodium Chloride; Docusate Sodium; Lorazepam; Multivitamins; Influenza Virus Vaccine; Golytely; Neutra-Phos; Escitalopram Oxalate; Sodium Chloride 0.9%  Flush; Fish Oil (Omega 3); Fluticasone Propionate NASAL; Heparin; Ondansetron; Naproxen; Ranitidine; Ketorolac.
233 days ago: .
1360 days ago: LR; Ranitidine; Acetaminophen; Escitalopram Oxalate; Promethazine; Heparin; Ondansetron ODT; Potassium Chl 20 mEq / 1000 mL D5 1/2 NS; Pantoprazole; Sodium Chloride 0.9%  Flush; Fluticasone Propionate NASAL; Ondansetron.
1366 days ago: NS; Potassium Chloride; OxycoDONE (Immediate Release) ; Magnesium Citrate; SW; Magnesium Sulfate; Prochlorperazine; Lorazepam; HYDROmorphone (Dilaudid); Iso-Osmotic Dextrose; Piperacillin-Tazobactam Na; Potassium Chl 20 mEq / 1000 mL D5 1/2 NS; Insulin; LR; Acetaminophen; Ondansetron; Ketorolac; OxycoDONE-Acetaminophen Elixir; Sodium Chloride 0.9%  Flush; Docusate Sodium; Hydrocodone-Acetaminophen; D5W; Clindamycin; Fluticasone Propionate NASAL; Ciprofloxacin; Pantoprazole; Metoclopramide; Calcium Carbonate; Vancomycin; Cephalexin; Heparin; Bupivacaine 0.5%; Promethazine HCl; D5 1/2NS; Hydrocortisone (Rectal) 2.5% Cream; Morphine Sulfate; Escitalopram Oxalate; Maalox/Diphenhydramine/Lidocaine; Nafcillin; HydrOXYzine; MetRONIDAZOLE (FLagyl); Ibuprofen.
Procedures history:
Today: Closed [endoscopic] biopsy of large intestine.
233 days ago: .
1360 days ago: .
1366 days ago: Open and other sigmoidectomy.
2025-08-13 20:39:05,887: Average train text length: 517.72 words
2025-08-13 20:39:05,887: Average validation text length: 522.47 words
2025-08-13 20:39:05,887: Average test text length: 518.07 words
2025-08-13 20:39:05,887: Training on 8040 samples, validating on 894, testing on 2234 samples
2025-08-13 20:39:26,801: Fine-tuning at Landmark 4
2025-08-13 20:39:26,827: Early stopping criterion: loss
2025-08-13 20:59:00,100: Landmark 4 | Epoch 1/20 | Train Loss: 0.7573 | Val Loss: 0.4064 | Validation AUC: 0.7746 | F1-Score: 0.0237
2025-08-13 20:59:00,607: New best model saved at /cluster/work/projects/ec12/michechi/cache/best/best_model_answerdotai_ModernBERT-large_4550_landmark4_full_4_2048_landmark_all_landmarks_True_20250813_203926_.pt with AUC: 0.7746, F1: 0.0237, Val Loss: 0.4064
2025-08-13 21:18:34,509: Landmark 4 | Epoch 2/20 | Train Loss: 0.3896 | Val Loss: 0.3567 | Validation AUC: 0.8593 | F1-Score: 0.4318
2025-08-13 21:18:35,067: New best model saved at /cluster/work/projects/ec12/michechi/cache/best/best_model_answerdotai_ModernBERT-large_4550_landmark4_full_4_2048_landmark_all_landmarks_True_20250813_203926_.pt with AUC: 0.8593, F1: 0.4318, Val Loss: 0.3567
2025-08-13 21:38:07,669: Landmark 4 | Epoch 3/20 | Train Loss: 0.3582 | Val Loss: 0.3186 | Validation AUC: 0.8855 | F1-Score: 0.4304
2025-08-13 21:38:08,185: New best model saved at /cluster/work/projects/ec12/michechi/cache/best/best_model_answerdotai_ModernBERT-large_4550_landmark4_full_4_2048_landmark_all_landmarks_True_20250813_203926_.pt with AUC: 0.8855, F1: 0.4304, Val Loss: 0.3186
2025-08-13 21:57:41,930: Landmark 4 | Epoch 4/20 | Train Loss: 0.3260 | Val Loss: 0.3067 | Validation AUC: 0.8939 | F1-Score: 0.5098
2025-08-13 21:57:42,442: New best model saved at /cluster/work/projects/ec12/michechi/cache/best/best_model_answerdotai_ModernBERT-large_4550_landmark4_full_4_2048_landmark_all_landmarks_True_20250813_203926_.pt with AUC: 0.8939, F1: 0.5098, Val Loss: 0.3067
2025-08-13 22:17:17,236: Landmark 4 | Epoch 5/20 | Train Loss: 0.3157 | Val Loss: 0.2982 | Validation AUC: 0.9002 | F1-Score: 0.5393
2025-08-13 22:17:17,749: New best model saved at /cluster/work/projects/ec12/michechi/cache/best/best_model_answerdotai_ModernBERT-large_4550_landmark4_full_4_2048_landmark_all_landmarks_True_20250813_203926_.pt with AUC: 0.9002, F1: 0.5393, Val Loss: 0.2982
2025-08-13 22:36:52,231: Landmark 4 | Epoch 6/20 | Train Loss: 0.3031 | Val Loss: 0.3642 | Validation AUC: 0.9063 | F1-Score: 0.6475
2025-08-13 22:36:52,231: No improvement in epoch 6. Current best AUC: 0.9002, F1: 0.5393, Val Loss: 0.2982. Epochs without improvement: 1/1
2025-08-13 22:36:52,231: Early stopping triggered at epoch 6. Best AUC: 0.9002, F1: 0.5393, Val Loss: 0.2982
2025-08-13 22:36:52,813: Tempo impiegato per Landmark 4: 7046.0 secondi
2025-08-13 22:36:52,814: Tempo medio per epoca: 1174.3 secondi
2025-08-13 22:36:52,816: Loading best model from /cluster/work/projects/ec12/michechi/cache/best/best_model_answerdotai_ModernBERT-large_4550_landmark4_full_4_2048_landmark_all_landmarks_True_20250813_203926_.pt for final evaluation on test set
2025-08-13 22:38:09,111: Final Test AUC (Landmark 4): 0.8805 | Test F1-Score: 0.4962
2025-08-13 22:38:09,112: Saving results to results_general_True_answerdotai_ModernBERT-large_landmark_visits4_4550_2048_full_20250813_223809.csv
Using device: cuda
Using device: cuda
Using device: cuda
Using device: cuda
   Landmark Val AUC  ... Validation Loss Training Time (s)
0         1  0.6351  ...          0.0662            3540.4
1         2  0.7737  ...          0.1331            5860.8
2         3  0.8056  ...          0.2608            5859.1
3         4  0.9002  ...          0.2982            7046.0

[4 rows x 9 columns]

Job 1853858 consumed 120.1 billing hours from project ec12.

Submitted 2025-08-13T16:18:48; waited 16.0 seconds in the queue after becoming eligible to run.

Requested wallclock time: 10.0 hours
Elapsed wallclock time:   6.3 hours

Job exited normally.

Task and CPU statistics:
ID             CPUs  Tasks  CPU util                Start  Elapsed  Exit status
1853858          16            0.0 %  2025-08-13T16:19:04    6.3 h  0
1853858.batch    16      1     7.0 %  2025-08-13T16:19:04    6.3 h  0

Used CPU time:   7.1 CPU hours
Unused CPU time: 3.9 CPU days

Memory statistics, in GiB:
ID              Alloc   Usage
1853858          32.0        
1853858.batch    32.0    14.0

Job 1853858 completed at Wed Aug 13 22:38:15 CEST 2025
