Starting job 1836025 on gpu-9 on fox at Tue Jul 29 16:39:07 CEST 2025

2025-07-29 16:39:58,006: Argument CI: False
2025-07-29 16:39:58,006: Argument all_landmarks: True
2025-07-29 16:39:58,006: Argument batch_size: 8
2025-07-29 16:39:58,006: Argument cache_dir: '/cluster/work/projects/ec12/michechi/cache'
2025-07-29 16:39:58,007: Argument early: 'loss'
2025-07-29 16:39:58,007: Argument epochs: 20
2025-07-29 16:39:58,007: Argument gradient_accumulation_steps: 1
2025-07-29 16:39:58,007: Argument input_csv: '/fp/homes01/u01/ec-michelec/MIMICIV/data/splitted/splitted/landmark_df_evo.csv'
2025-07-29 16:39:58,007: Argument lr: 2e-05
2025-07-29 16:39:58,007: Argument max_length: 512
2025-07-29 16:39:58,007: Argument max_visits: 3
2025-07-29 16:39:58,007: Argument model_name: 'Charangan/MedBERT'
2025-07-29 16:39:58,007: Argument model_type: 'medical'
2025-07-29 16:39:58,007: Argument patience: 1
2025-07-29 16:39:58,007: Argument peft: False
2025-07-29 16:39:58,007: Argument prompt_type: 'no'
2025-07-29 16:39:58,007: Argument seed: 9550
2025-07-29 16:39:58,007: Argument test_csv: '/fp/homes01/u01/ec-michelec/MIMICIV/data/splitted/splitted/landmark_evo_test.csv'
2025-07-29 16:39:58,007: Argument train_csv: '/fp/homes01/u01/ec-michelec/MIMICIV/data/splitted/splitted/landmark_evo_train.csv'
2025-07-29 16:39:58,007: Argument use_quantization: False
2025-07-29 16:39:58,007: Argument val_csv: '/fp/homes01/u01/ec-michelec/MIMICIV/data/splitted/splitted/landmark_evo_vali.csv'
2025-07-29 16:39:58,026: Using prompt type: no
/fp/homes01/u01/ec-michelec/MIMICIV/src/Finetuning_rfct.py:79: DtypeWarning: Columns (16,17,18,19) have mixed types. Specify dtype option on import or set low_memory=False.
  full_train_df = pd.read_csv(args.train_csv, na_values=['', 'None', 'NaN', 'na', 'nan']).fillna('')
/fp/homes01/u01/ec-michelec/MIMICIV/src/Finetuning_rfct.py:81: DtypeWarning: Columns (16,17,18,19) have mixed types. Specify dtype option on import or set low_memory=False.
  full_test_df = pd.read_csv(args.test_csv, na_values=['', 'None', 'NaN', 'na', 'nan']).fillna('')
2025-07-29 16:40:35,714: Processing all landmarks from 1 to 3
2025-07-29 16:40:35,714: Preparing data for Landmark 1
/fp/projects01/ec30/software/easybuild/software/nlpl-pytorch/2.1.2-foss-2022b-cuda-12.0.0-Python-3.10.8/lib/python3.10/site-packages/torch/_utils.py:831: UserWarning: TypedStorage is deprecated. It will be removed in the future and UntypedStorage will be the only storage class. This should only matter to you if you are using storages directly.  To access UntypedStorage directly, use tensor.untyped_storage() instead of tensor.storage()
  return self.fget.__get__(instance, owner)()
Some weights of BertForSequenceClassification were not initialized from the model checkpoint at Charangan/MedBERT and are newly initialized: ['classifier.bias', 'classifier.weight']
You should probably TRAIN this model on a down-stream task to be able to use it for predictions and inference.
2025-07-29 16:40:43,229: Average train text length: 142.08 words
2025-07-29 16:40:43,229: Average validation text length: 141.17 words
2025-07-29 16:40:43,229: Average test text length: 141.27 words
2025-07-29 16:40:43,229: Training on 14472 samples, validating on 1608, testing on 4020 samples
2025-07-29 16:40:55,422: Fine-tuning at Landmark 1
2025-07-29 16:40:57,312: Early stopping criterion: loss
2025-07-29 16:43:05,421: Landmark 1 | Epoch 1/20 | Train Loss: 0.4235 | Val Loss: 0.4060 | Validation AUC: 0.6729 | F1-Score: 0.0000
2025-07-29 16:43:05,772: New best model saved at /cluster/work/projects/ec12/michechi/cache/best/best_model_Charangan_MedBERT_9550_landmark1_no_3_512_all_landmarks_True_20250729_164057_.pt with AUC: 0.6729, F1: 0.0000, Val Loss: 0.4060
2025-07-29 16:45:13,751: Landmark 1 | Epoch 2/20 | Train Loss: 0.4067 | Val Loss: 0.3923 | Validation AUC: 0.6627 | F1-Score: 0.0000
2025-07-29 16:45:14,131: New best model saved at /cluster/work/projects/ec12/michechi/cache/best/best_model_Charangan_MedBERT_9550_landmark1_no_3_512_all_landmarks_True_20250729_164057_.pt with AUC: 0.6627, F1: 0.0000, Val Loss: 0.3923
2025-07-29 16:47:22,050: Landmark 1 | Epoch 3/20 | Train Loss: 0.4054 | Val Loss: 0.3972 | Validation AUC: 0.6492 | F1-Score: 0.0000
2025-07-29 16:47:22,051: No improvement in epoch 3. Current best AUC: 0.6627, F1: 0.0000, Val Loss: 0.3923. Epochs without improvement: 1/1
2025-07-29 16:47:22,051: Early stopping triggered at epoch 3. Best AUC: 0.6627, F1: 0.0000, Val Loss: 0.3923
2025-07-29 16:47:22,439: Tempo impiegato per Landmark 1: 387.0 secondi
2025-07-29 16:47:22,440: Tempo medio per epoca: 129.0 secondi
2025-07-29 16:47:22,441: Loading best model from /cluster/work/projects/ec12/michechi/cache/best/best_model_Charangan_MedBERT_9550_landmark1_no_3_512_all_landmarks_True_20250729_164057_.pt for final evaluation on test set
2025-07-29 16:47:32,870: Final Test AUC (Landmark 1): 0.6467 | Test F1-Score: 0.0000
2025-07-29 16:47:32,871: Preparing data for Landmark 2
Using device: cuda
Some weights of BertForSequenceClassification were not initialized from the model checkpoint at Charangan/MedBERT and are newly initialized: ['classifier.bias', 'classifier.weight']
You should probably TRAIN this model on a down-stream task to be able to use it for predictions and inference.
2025-07-29 16:47:38,285: Average train text length: 164.72 words
2025-07-29 16:47:38,285: Average validation text length: 163.91 words
2025-07-29 16:47:38,286: Average test text length: 163.85 words
2025-07-29 16:47:38,286: Training on 14472 samples, validating on 1608, testing on 4020 samples
2025-07-29 16:47:53,571: Fine-tuning at Landmark 2
2025-07-29 16:47:53,575: Early stopping criterion: loss
2025-07-29 16:49:57,832: Landmark 2 | Epoch 1/20 | Train Loss: 0.4257 | Val Loss: 0.3929 | Validation AUC: 0.6830 | F1-Score: 0.0000
2025-07-29 16:49:58,164: New best model saved at /cluster/work/projects/ec12/michechi/cache/best/best_model_Charangan_MedBERT_9550_landmark2_no_3_512_all_landmarks_True_20250729_164753_.pt with AUC: 0.6830, F1: 0.0000, Val Loss: 0.3929
2025-07-29 16:52:02,573: Landmark 2 | Epoch 2/20 | Train Loss: 0.4137 | Val Loss: 0.3913 | Validation AUC: 0.6913 | F1-Score: 0.0000
2025-07-29 16:52:02,883: New best model saved at /cluster/work/projects/ec12/michechi/cache/best/best_model_Charangan_MedBERT_9550_landmark2_no_3_512_all_landmarks_True_20250729_164753_.pt with AUC: 0.6913, F1: 0.0000, Val Loss: 0.3913
2025-07-29 16:54:07,275: Landmark 2 | Epoch 3/20 | Train Loss: 0.3966 | Val Loss: 0.3916 | Validation AUC: 0.7232 | F1-Score: 0.0000
2025-07-29 16:54:07,276: No improvement in epoch 3. Current best AUC: 0.6913, F1: 0.0000, Val Loss: 0.3913. Epochs without improvement: 1/1
2025-07-29 16:54:07,276: Early stopping triggered at epoch 3. Best AUC: 0.6913, F1: 0.0000, Val Loss: 0.3913
2025-07-29 16:54:07,551: Tempo impiegato per Landmark 2: 374.0 secondi
2025-07-29 16:54:07,552: Tempo medio per epoca: 124.7 secondi
2025-07-29 16:54:07,553: Loading best model from /cluster/work/projects/ec12/michechi/cache/best/best_model_Charangan_MedBERT_9550_landmark2_no_3_512_all_landmarks_True_20250729_164753_.pt for final evaluation on test set
2025-07-29 16:54:17,363: Final Test AUC (Landmark 2): 0.6854 | Test F1-Score: 0.0000
2025-07-29 16:54:17,364: Preparing data for Landmark 3
Using device: cuda
Some weights of BertForSequenceClassification were not initialized from the model checkpoint at Charangan/MedBERT and are newly initialized: ['classifier.bias', 'classifier.weight']
You should probably TRAIN this model on a down-stream task to be able to use it for predictions and inference.
2025-07-29 16:54:23,479: Average train text length: 176.08 words
2025-07-29 16:54:23,480: Average validation text length: 175.47 words
2025-07-29 16:54:23,480: Average test text length: 175.65 words
2025-07-29 16:54:23,480: Training on 14472 samples, validating on 1608, testing on 4020 samples
2025-07-29 16:54:39,352: Fine-tuning at Landmark 3
2025-07-29 16:54:39,358: Early stopping criterion: loss
2025-07-29 16:56:42,116: Landmark 3 | Epoch 1/20 | Train Loss: 0.4194 | Val Loss: 0.3938 | Validation AUC: 0.7218 | F1-Score: 0.0000
2025-07-29 16:56:42,438: New best model saved at /cluster/work/projects/ec12/michechi/cache/best/best_model_Charangan_MedBERT_9550_landmark3_no_3_512_all_landmarks_True_20250729_165439_.pt with AUC: 0.7218, F1: 0.0000, Val Loss: 0.3938
2025-07-29 16:58:45,363: Landmark 3 | Epoch 2/20 | Train Loss: 0.3926 | Val Loss: 0.3834 | Validation AUC: 0.7257 | F1-Score: 0.0000
2025-07-29 16:58:45,665: New best model saved at /cluster/work/projects/ec12/michechi/cache/best/best_model_Charangan_MedBERT_9550_landmark3_no_3_512_all_landmarks_True_20250729_165439_.pt with AUC: 0.7257, F1: 0.0000, Val Loss: 0.3834
2025-07-29 17:00:48,617: Landmark 3 | Epoch 3/20 | Train Loss: 0.3757 | Val Loss: 0.3740 | Validation AUC: 0.7392 | F1-Score: 0.0000
2025-07-29 17:00:48,930: New best model saved at /cluster/work/projects/ec12/michechi/cache/best/best_model_Charangan_MedBERT_9550_landmark3_no_3_512_all_landmarks_True_20250729_165439_.pt with AUC: 0.7392, F1: 0.0000, Val Loss: 0.3740
2025-07-29 17:02:51,815: Landmark 3 | Epoch 4/20 | Train Loss: 0.3684 | Val Loss: 0.3696 | Validation AUC: 0.7511 | F1-Score: 0.0332
2025-07-29 17:02:52,124: New best model saved at /cluster/work/projects/ec12/michechi/cache/best/best_model_Charangan_MedBERT_9550_landmark3_no_3_512_all_landmarks_True_20250729_165439_.pt with AUC: 0.7511, F1: 0.0332, Val Loss: 0.3696
2025-07-29 17:04:55,013: Landmark 3 | Epoch 5/20 | Train Loss: 0.3603 | Val Loss: 0.3636 | Validation AUC: 0.7754 | F1-Score: 0.1597
2025-07-29 17:04:55,311: New best model saved at /cluster/work/projects/ec12/michechi/cache/best/best_model_Charangan_MedBERT_9550_landmark3_no_3_512_all_landmarks_True_20250729_165439_.pt with AUC: 0.7754, F1: 0.1597, Val Loss: 0.3636
2025-07-29 17:06:58,141: Landmark 3 | Epoch 6/20 | Train Loss: 0.3536 | Val Loss: 0.3437 | Validation AUC: 0.7880 | F1-Score: 0.0000
2025-07-29 17:06:58,453: New best model saved at /cluster/work/projects/ec12/michechi/cache/best/best_model_Charangan_MedBERT_9550_landmark3_no_3_512_all_landmarks_True_20250729_165439_.pt with AUC: 0.7880, F1: 0.0000, Val Loss: 0.3437
2025-07-29 17:09:01,326: Landmark 3 | Epoch 7/20 | Train Loss: 0.3471 | Val Loss: 0.3365 | Validation AUC: 0.8026 | F1-Score: 0.0085
2025-07-29 17:09:01,626: New best model saved at /cluster/work/projects/ec12/michechi/cache/best/best_model_Charangan_MedBERT_9550_landmark3_no_3_512_all_landmarks_True_20250729_165439_.pt with AUC: 0.8026, F1: 0.0085, Val Loss: 0.3365
2025-07-29 17:11:04,515: Landmark 3 | Epoch 8/20 | Train Loss: 0.3404 | Val Loss: 0.3370 | Validation AUC: 0.8020 | F1-Score: 0.0775
2025-07-29 17:11:04,515: No improvement in epoch 8. Current best AUC: 0.8026, F1: 0.0085, Val Loss: 0.3365. Epochs without improvement: 1/1
2025-07-29 17:11:04,515: Early stopping triggered at epoch 8. Best AUC: 0.8026, F1: 0.0085, Val Loss: 0.3365
2025-07-29 17:11:04,779: Tempo impiegato per Landmark 3: 985.4 secondi
2025-07-29 17:11:04,779: Tempo medio per epoca: 123.2 secondi
2025-07-29 17:11:04,781: Loading best model from /cluster/work/projects/ec12/michechi/cache/best/best_model_Charangan_MedBERT_9550_landmark3_no_3_512_all_landmarks_True_20250729_165439_.pt for final evaluation on test set
2025-07-29 17:11:14,144: Final Test AUC (Landmark 3): 0.7994 | Test F1-Score: 0.0000
2025-07-29 17:11:14,190: Saving results to results_medical_True_Charangan_MedBERT_visits3_9550_no_20250729_171114.csv
Using device: cuda
   Landmark Val AUC  ... Validation Loss Training Time (s)
0         1  0.6627  ...          0.3923             387.0
1         2  0.6913  ...          0.3913             374.0
2         3  0.8026  ...          0.3365             985.4

[3 rows x 9 columns]

Job 1836025 consumed 10.2 billing hours from project ec12.

Submitted 2025-07-29T16:39:06; waited 0.0 seconds in the queue after becoming eligible to run.

Requested wallclock time: 24.0 hours
Elapsed wallclock time:   32.3 minutes

Job exited normally.

Task and CPU statistics:
ID             CPUs  Tasks  CPU util                Start   Elapsed  Exit status
1836025          16            0.0 %  2025-07-29T16:39:06  1936.0 s  0
1836025.batch    16      1     6.1 %  2025-07-29T16:39:06  1936.0 s  0

Used CPU time:   31.3 CPU minutes
Unused CPU time: 8.1 CPU hours

Memory statistics, in GiB:
ID              Alloc   Usage
1836025          32.0        
1836025.batch    32.0    11.6

GPU usage stats:
Job 1836025 completed at Tue Jul 29 17:11:22 CEST 2025
