Starting job 1853755 on gpu-9 on fox at Wed Aug 13 13:29:25 CEST 2025

2025-08-13 13:30:01,999: Argument CI: False
2025-08-13 13:30:01,999: Argument all_landmarks: True
2025-08-13 13:30:01,999: Argument batch_size: 8
2025-08-13 13:30:01,999: Argument cache_dir: '/cluster/work/projects/ec12/michechi/cache'
2025-08-13 13:30:01,999: Argument early: 'loss'
2025-08-13 13:30:01,999: Argument epochs: 20
2025-08-13 13:30:01,999: Argument gradient_accumulation_steps: 1
2025-08-13 13:30:01,999: Argument input_csv: '/fp/homes01/u01/ec-michelec/MIMICIV/data/splitted/splitted/landmark_df_evo.csv'
2025-08-13 13:30:01,999: Argument lr: 2e-05
2025-08-13 13:30:01,999: Argument max_length: 512
2025-08-13 13:30:01,999: Argument max_visits: 4
2025-08-13 13:30:01,999: Argument model_name: 'Charangan/MedBERT'
2025-08-13 13:30:01,999: Argument model_type: 'medical'
2025-08-13 13:30:01,999: Argument patience: 1
2025-08-13 13:30:01,999: Argument peft: False
2025-08-13 13:30:01,999: Argument prompt_type: 'full'
2025-08-13 13:30:01,999: Argument seed: 4550
2025-08-13 13:30:01,999: Argument test_csv: '/fp/homes01/u01/ec-michelec/MIMICIV/data/splitted/splitted/landmark_evo_test_dod.csv'
2025-08-13 13:30:01,999: Argument train_csv: '/fp/homes01/u01/ec-michelec/MIMICIV/data/splitted/splitted/landmark_evo_train_dod.csv'
2025-08-13 13:30:01,999: Argument use_quantization: False
2025-08-13 13:30:01,999: Argument val_csv: '/fp/homes01/u01/ec-michelec/MIMICIV/data/splitted/splitted/landmark_evo_vali_dod.csv'
2025-08-13 13:30:01,999: Argument when_counting_death: 'last_visit'
2025-08-13 13:30:02,048: Using prompt type: full
/fp/homes01/u01/ec-michelec/MIMICIV/src/Finetuning_rfct.py:79: DtypeWarning: Columns (16,17,18,19) have mixed types. Specify dtype option on import or set low_memory=False.
  full_train_df = pd.read_csv(args.train_csv, na_values=['', 'None', 'NaN', 'na', 'nan']).fillna('')
/fp/homes01/u01/ec-michelec/MIMICIV/src/Finetuning_rfct.py:81: DtypeWarning: Columns (16,17,18,19) have mixed types. Specify dtype option on import or set low_memory=False.
  full_test_df = pd.read_csv(args.test_csv, na_values=['', 'None', 'NaN', 'na', 'nan']).fillna('')
2025-08-13 13:30:40,398: Processing all landmarks from 1 to 4
2025-08-13 13:30:40,399: Preparing data for Landmark 1
/fp/projects01/ec30/software/easybuild/software/nlpl-pytorch/2.1.2-foss-2022b-cuda-12.0.0-Python-3.10.8/lib/python3.10/site-packages/torch/_utils.py:831: UserWarning: TypedStorage is deprecated. It will be removed in the future and UntypedStorage will be the only storage class. This should only matter to you if you are using storages directly.  To access UntypedStorage directly, use tensor.untyped_storage() instead of tensor.storage()
  return self.fget.__get__(instance, owner)()
Some weights of BertForSequenceClassification were not initialized from the model checkpoint at Charangan/MedBERT and are newly initialized: ['classifier.bias', 'classifier.weight']
You should probably TRAIN this model on a down-stream task to be able to use it for predictions and inference.
2025-08-13 13:30:47,515: Example train text: You are a Doctor.
What is the probability of death in the next 90 days from today for this 43-year-old F patient?
Today is the 1 visit.

Diagnosis history:
Today: Diverticulitis of colon (without mention of hemorrhage); Acute kidney failure, unspecified; Abscess of intestine; Other postoperative infection; Cellulitis and abscess of trunk; Methicillin susceptible Staphylococcus aureus in conditions classified elsewhere and of unspecified site; Removal of other organ (partial) (total) causing abnormal patient reaction, or later complication, without mention of misadventure at time of operation; Hypovolemia; Nausea with vomiting.
Prescriptions history:
Today: NS; Potassium Chloride; OxycoDONE (Immediate Release) ; Magnesium Citrate; SW; Magnesium Sulfate; Prochlorperazine; Lorazepam; HYDROmorphone (Dilaudid); Iso-Osmotic Dextrose; Piperacillin-Tazobactam Na; Potassium Chl 20 mEq / 1000 mL D5 1/2 NS; Insulin; LR; Acetaminophen; Ondansetron; Ketorolac; OxycoDONE-Acetaminophen Elixir; Sodium Chloride 0.9%  Flush; Docusate Sodium; Hydrocodone-Acetaminophen; D5W; Clindamycin; Fluticasone Propionate NASAL; Ciprofloxacin; Pantoprazole; Metoclopramide; Calcium Carbonate; Vancomycin; Cephalexin; Heparin; Bupivacaine 0.5%; Promethazine HCl; D5 1/2NS; Hydrocortisone (Rectal) 2.5% Cream; Morphine Sulfate; Escitalopram Oxalate; Maalox/Diphenhydramine/Lidocaine; Nafcillin; HydrOXYzine; MetRONIDAZOLE (FLagyl); Ibuprofen.
Procedures history:
Today: Open and other sigmoidectomy.
2025-08-13 13:30:47,592: Average train text length: 139.15 words
2025-08-13 13:30:47,592: Average validation text length: 143.37 words
2025-08-13 13:30:47,592: Average test text length: 140.44 words
2025-08-13 13:30:47,592: Training on 8040 samples, validating on 894, testing on 2234 samples
2025-08-13 13:30:54,521: Fine-tuning at Landmark 1
2025-08-13 13:30:55,990: Early stopping criterion: loss
2025-08-13 13:32:08,141: Landmark 1 | Epoch 1/20 | Train Loss: 0.4830 | Val Loss: 0.3919 | Validation AUC: 0.7960 | F1-Score: 0.2765
2025-08-13 13:32:08,480: New best model saved at /cluster/work/projects/ec12/michechi/cache/best/best_model_Charangan_MedBERT_4550_landmark1_full_4_512_last_visit_all_landmarks_True_20250813_133055_.pt with AUC: 0.7960, F1: 0.2765, Val Loss: 0.3919
2025-08-13 13:33:19,991: Landmark 1 | Epoch 2/20 | Train Loss: 0.4026 | Val Loss: 0.3865 | Validation AUC: 0.8151 | F1-Score: 0.4523
2025-08-13 13:33:20,325: New best model saved at /cluster/work/projects/ec12/michechi/cache/best/best_model_Charangan_MedBERT_4550_landmark1_full_4_512_last_visit_all_landmarks_True_20250813_133055_.pt with AUC: 0.8151, F1: 0.4523, Val Loss: 0.3865
2025-08-13 13:34:31,891: Landmark 1 | Epoch 3/20 | Train Loss: 0.3824 | Val Loss: 0.3713 | Validation AUC: 0.8198 | F1-Score: 0.3934
2025-08-13 13:34:32,267: New best model saved at /cluster/work/projects/ec12/michechi/cache/best/best_model_Charangan_MedBERT_4550_landmark1_full_4_512_last_visit_all_landmarks_True_20250813_133055_.pt with AUC: 0.8198, F1: 0.3934, Val Loss: 0.3713
2025-08-13 13:35:43,850: Landmark 1 | Epoch 4/20 | Train Loss: 0.3594 | Val Loss: 0.3821 | Validation AUC: 0.8112 | F1-Score: 0.4109
2025-08-13 13:35:43,852: No improvement in epoch 4. Current best AUC: 0.8198, F1: 0.3934, Val Loss: 0.3713. Epochs without improvement: 1/1
2025-08-13 13:35:43,852: Early stopping triggered at epoch 4. Best AUC: 0.8198, F1: 0.3934, Val Loss: 0.3713
2025-08-13 13:35:44,129: Tempo impiegato per Landmark 1: 289.6 secondi
2025-08-13 13:35:44,129: Tempo medio per epoca: 72.4 secondi
2025-08-13 13:35:44,131: Loading best model from /cluster/work/projects/ec12/michechi/cache/best/best_model_Charangan_MedBERT_4550_landmark1_full_4_512_last_visit_all_landmarks_True_20250813_133055_.pt for final evaluation on test set
2025-08-13 13:35:50,254: Final Test AUC (Landmark 1): 0.7850 | Test F1-Score: 0.3064
2025-08-13 13:35:50,254: Preparing data for Landmark 2
Using device: cuda
Some weights of BertForSequenceClassification were not initialized from the model checkpoint at Charangan/MedBERT and are newly initialized: ['classifier.bias', 'classifier.weight']
You should probably TRAIN this model on a down-stream task to be able to use it for predictions and inference.
2025-08-13 13:35:56,509: Example train text: You are a Doctor.
What is the probability of death in the next 90 days from today for this 43-year-old F patient?
Today is the 2 visit.

Diagnosis history:
Today: Esophageal reflux; Diverticulosis of colon (without mention of hemorrhage); Other specified aftercare following surgery.
6 days ago: Diverticulitis of colon (without mention of hemorrhage); Acute kidney failure, unspecified; Abscess of intestine; Other postoperative infection; Cellulitis and abscess of trunk; Methicillin susceptible Staphylococcus aureus in conditions classified elsewhere and of unspecified site; Removal of other organ (partial) (total) causing abnormal patient reaction, or later complication, without mention of misadventure at time of operation; Hypovolemia; Nausea with vomiting.
Prescriptions history:
Today: LR; Ranitidine; Acetaminophen; Escitalopram Oxalate; Promethazine; Heparin; Ondansetron ODT; Potassium Chl 20 mEq / 1000 mL D5 1/2 NS; Pantoprazole; Sodium Chloride 0.9%  Flush; Fluticasone Propionate NASAL; Ondansetron.
6 days ago: NS; Potassium Chloride; OxycoDONE (Immediate Release) ; Magnesium Citrate; SW; Magnesium Sulfate; Prochlorperazine; Lorazepam; HYDROmorphone (Dilaudid); Iso-Osmotic Dextrose; Piperacillin-Tazobactam Na; Potassium Chl 20 mEq / 1000 mL D5 1/2 NS; Insulin; LR; Acetaminophen; Ondansetron; Ketorolac; OxycoDONE-Acetaminophen Elixir; Sodium Chloride 0.9%  Flush; Docusate Sodium; Hydrocodone-Acetaminophen; D5W; Clindamycin; Fluticasone Propionate NASAL; Ciprofloxacin; Pantoprazole; Metoclopramide; Calcium Carbonate; Vancomycin; Cephalexin; Heparin; Bupivacaine 0.5%; Promethazine HCl; D5 1/2NS; Hydrocortisone (Rectal) 2.5% Cream; Morphine Sulfate; Escitalopram Oxalate; Maalox/Diphenhydramine/Lidocaine; Nafcillin; HydrOXYzine; MetRONIDAZOLE (FLagyl); Ibuprofen.
Procedures history:
Today: .
6 days ago: Open and other sigmoidectomy.
2025-08-13 13:35:56,656: Average train text length: 256.57 words
2025-08-13 13:35:56,656: Average validation text length: 261.40 words
2025-08-13 13:35:56,656: Average test text length: 257.79 words
2025-08-13 13:35:56,656: Training on 8040 samples, validating on 894, testing on 2234 samples
2025-08-13 13:36:09,864: Fine-tuning at Landmark 2
2025-08-13 13:36:09,868: Early stopping criterion: loss
2025-08-13 13:37:21,700: Landmark 2 | Epoch 1/20 | Train Loss: 0.4765 | Val Loss: 0.3717 | Validation AUC: 0.8253 | F1-Score: 0.4303
2025-08-13 13:37:22,032: New best model saved at /cluster/work/projects/ec12/michechi/cache/best/best_model_Charangan_MedBERT_4550_landmark2_full_4_512_last_visit_all_landmarks_True_20250813_133609_.pt with AUC: 0.8253, F1: 0.4303, Val Loss: 0.3717
2025-08-13 13:38:33,992: Landmark 2 | Epoch 2/20 | Train Loss: 0.3846 | Val Loss: 0.3637 | Validation AUC: 0.8389 | F1-Score: 0.5113
2025-08-13 13:38:34,317: New best model saved at /cluster/work/projects/ec12/michechi/cache/best/best_model_Charangan_MedBERT_4550_landmark2_full_4_512_last_visit_all_landmarks_True_20250813_133609_.pt with AUC: 0.8389, F1: 0.5113, Val Loss: 0.3637
2025-08-13 13:39:46,288: Landmark 2 | Epoch 3/20 | Train Loss: 0.3570 | Val Loss: 0.3552 | Validation AUC: 0.8448 | F1-Score: 0.4351
2025-08-13 13:39:46,615: New best model saved at /cluster/work/projects/ec12/michechi/cache/best/best_model_Charangan_MedBERT_4550_landmark2_full_4_512_last_visit_all_landmarks_True_20250813_133609_.pt with AUC: 0.8448, F1: 0.4351, Val Loss: 0.3552
2025-08-13 13:40:58,525: Landmark 2 | Epoch 4/20 | Train Loss: 0.3329 | Val Loss: 0.3581 | Validation AUC: 0.8399 | F1-Score: 0.5054
2025-08-13 13:40:58,526: No improvement in epoch 4. Current best AUC: 0.8448, F1: 0.4351, Val Loss: 0.3552. Epochs without improvement: 1/1
2025-08-13 13:40:58,526: Early stopping triggered at epoch 4. Best AUC: 0.8448, F1: 0.4351, Val Loss: 0.3552
2025-08-13 13:40:58,768: Tempo impiegato per Landmark 2: 288.9 secondi
2025-08-13 13:40:58,768: Tempo medio per epoca: 72.2 secondi
2025-08-13 13:40:58,770: Loading best model from /cluster/work/projects/ec12/michechi/cache/best/best_model_Charangan_MedBERT_4550_landmark2_full_4_512_last_visit_all_landmarks_True_20250813_133609_.pt for final evaluation on test set
2025-08-13 13:41:04,822: Final Test AUC (Landmark 2): 0.8163 | Test F1-Score: 0.3345
2025-08-13 13:41:04,823: Preparing data for Landmark 3
Using device: cuda
Some weights of BertForSequenceClassification were not initialized from the model checkpoint at Charangan/MedBERT and are newly initialized: ['classifier.bias', 'classifier.weight']
You should probably TRAIN this model on a down-stream task to be able to use it for predictions and inference.
2025-08-13 13:41:12,106: Example train text: You are a Doctor.
What is the probability of death in the next 90 days from today for this 46-year-old F patient?
Today is the 3 visit.

Diagnosis history:
Today: Chest pain, unspecified; Orthostatic hypotension.
1127 days ago: Esophageal reflux; Diverticulosis of colon (without mention of hemorrhage); Other specified aftercare following surgery.
1133 days ago: Diverticulitis of colon (without mention of hemorrhage); Acute kidney failure, unspecified; Abscess of intestine; Other postoperative infection; Cellulitis and abscess of trunk; Methicillin susceptible Staphylococcus aureus in conditions classified elsewhere and of unspecified site; Removal of other organ (partial) (total) causing abnormal patient reaction, or later complication, without mention of misadventure at time of operation; Hypovolemia; Nausea with vomiting.
Prescriptions history:
Today: .
1127 days ago: LR; Ranitidine; Acetaminophen; Escitalopram Oxalate; Promethazine; Heparin; Ondansetron ODT; Potassium Chl 20 mEq / 1000 mL D5 1/2 NS; Pantoprazole; Sodium Chloride 0.9%  Flush; Fluticasone Propionate NASAL; Ondansetron.
1133 days ago: NS; Potassium Chloride; OxycoDONE (Immediate Release) ; Magnesium Citrate; SW; Magnesium Sulfate; Prochlorperazine; Lorazepam; HYDROmorphone (Dilaudid); Iso-Osmotic Dextrose; Piperacillin-Tazobactam Na; Potassium Chl 20 mEq / 1000 mL D5 1/2 NS; Insulin; LR; Acetaminophen; Ondansetron; Ketorolac; OxycoDONE-Acetaminophen Elixir; Sodium Chloride 0.9%  Flush; Docusate Sodium; Hydrocodone-Acetaminophen; D5W; Clindamycin; Fluticasone Propionate NASAL; Ciprofloxacin; Pantoprazole; Metoclopramide; Calcium Carbonate; Vancomycin; Cephalexin; Heparin; Bupivacaine 0.5%; Promethazine HCl; D5 1/2NS; Hydrocortisone (Rectal) 2.5% Cream; Morphine Sulfate; Escitalopram Oxalate; Maalox/Diphenhydramine/Lidocaine; Nafcillin; HydrOXYzine; MetRONIDAZOLE (FLagyl); Ibuprofen.
Procedures history:
Today: .
1127 days ago: .
1133 days ago: Open and other sigmoidectomy.
2025-08-13 13:41:12,323: Average train text length: 380.70 words
2025-08-13 13:41:12,324: Average validation text length: 385.73 words
2025-08-13 13:41:12,324: Average test text length: 380.60 words
2025-08-13 13:41:12,324: Training on 8040 samples, validating on 894, testing on 2234 samples
2025-08-13 13:41:31,529: Fine-tuning at Landmark 3
2025-08-13 13:41:31,536: Early stopping criterion: loss
2025-08-13 13:42:42,079: Landmark 3 | Epoch 1/20 | Train Loss: 0.4617 | Val Loss: 0.3478 | Validation AUC: 0.8688 | F1-Score: 0.2700
2025-08-13 13:42:42,408: New best model saved at /cluster/work/projects/ec12/michechi/cache/best/best_model_Charangan_MedBERT_4550_landmark3_full_4_512_last_visit_all_landmarks_True_20250813_134131_.pt with AUC: 0.8688, F1: 0.2700, Val Loss: 0.3478
2025-08-13 13:43:53,169: Landmark 3 | Epoch 2/20 | Train Loss: 0.3591 | Val Loss: 0.3432 | Validation AUC: 0.8724 | F1-Score: 0.5372
2025-08-13 13:43:53,588: New best model saved at /cluster/work/projects/ec12/michechi/cache/best/best_model_Charangan_MedBERT_4550_landmark3_full_4_512_last_visit_all_landmarks_True_20250813_134131_.pt with AUC: 0.8724, F1: 0.5372, Val Loss: 0.3432
2025-08-13 13:45:04,215: Landmark 3 | Epoch 3/20 | Train Loss: 0.3324 | Val Loss: 0.3383 | Validation AUC: 0.8688 | F1-Score: 0.5506
2025-08-13 13:45:04,547: New best model saved at /cluster/work/projects/ec12/michechi/cache/best/best_model_Charangan_MedBERT_4550_landmark3_full_4_512_last_visit_all_landmarks_True_20250813_134131_.pt with AUC: 0.8688, F1: 0.5506, Val Loss: 0.3383
2025-08-13 13:46:15,206: Landmark 3 | Epoch 4/20 | Train Loss: 0.2942 | Val Loss: 0.3635 | Validation AUC: 0.8687 | F1-Score: 0.5730
2025-08-13 13:46:15,208: No improvement in epoch 4. Current best AUC: 0.8688, F1: 0.5506, Val Loss: 0.3383. Epochs without improvement: 1/1
2025-08-13 13:46:15,208: Early stopping triggered at epoch 4. Best AUC: 0.8688, F1: 0.5506, Val Loss: 0.3383
2025-08-13 13:46:15,599: Tempo impiegato per Landmark 3: 284.1 secondi
2025-08-13 13:46:15,599: Tempo medio per epoca: 71.0 secondi
2025-08-13 13:46:15,601: Loading best model from /cluster/work/projects/ec12/michechi/cache/best/best_model_Charangan_MedBERT_4550_landmark3_full_4_512_last_visit_all_landmarks_True_20250813_134131_.pt for final evaluation on test set
2025-08-13 13:46:21,424: Final Test AUC (Landmark 3): 0.8447 | Test F1-Score: 0.5007
2025-08-13 13:46:21,424: Preparing data for Landmark 4
Using device: cuda
Some weights of BertForSequenceClassification were not initialized from the model checkpoint at Charangan/MedBERT and are newly initialized: ['classifier.bias', 'classifier.weight']
You should probably TRAIN this model on a down-stream task to be able to use it for predictions and inference.
2025-08-13 13:46:30,412: Example train text: You are a Doctor.
What is the probability of death in the next 90 days from today for this 47-year-old F patient?
Today is the 4 visit.

Diagnosis history:
Today: Other specified disorders of intestine; Ulceration of intestine; Other and unspecified ovarian cyst; Diverticulosis of colon (without mention of hemorrhage); Intestinal bypass or anastomosis status; Anxiety state, unspecified; Esophageal reflux.
233 days ago: Chest pain, unspecified; Orthostatic hypotension.
1360 days ago: Esophageal reflux; Diverticulosis of colon (without mention of hemorrhage); Other specified aftercare following surgery.
1366 days ago: Diverticulitis of colon (without mention of hemorrhage); Acute kidney failure, unspecified; Abscess of intestine; Other postoperative infection; Cellulitis and abscess of trunk; Methicillin susceptible Staphylococcus aureus in conditions classified elsewhere and of unspecified site; Removal of other organ (partial) (total) causing abnormal patient reaction, or later complication, without mention of misadventure at time of operation; Hypovolemia; Nausea with vomiting.
Prescriptions history:
Today: Ondansetron ODT; Calcium Carbonate; Senna; Vitamin D; Omeprazole; HYDROmorphone (Dilaudid); Desitin; 0.45% Sodium Chloride; Acetaminophen; 0.9% Sodium Chloride; Docusate Sodium; Lorazepam; Multivitamins; Influenza Virus Vaccine; Golytely; Neutra-Phos; Escitalopram Oxalate; Sodium Chloride 0.9%  Flush; Fish Oil (Omega 3); Fluticasone Propionate NASAL; Heparin; Ondansetron; Naproxen; Ranitidine; Ketorolac.
233 days ago: .
1360 days ago: LR; Ranitidine; Acetaminophen; Escitalopram Oxalate; Promethazine; Heparin; Ondansetron ODT; Potassium Chl 20 mEq / 1000 mL D5 1/2 NS; Pantoprazole; Sodium Chloride 0.9%  Flush; Fluticasone Propionate NASAL; Ondansetron.
1366 days ago: NS; Potassium Chloride; OxycoDONE (Immediate Release) ; Magnesium Citrate; SW; Magnesium Sulfate; Prochlorperazine; Lorazepam; HYDROmorphone (Dilaudid); Iso-Osmotic Dextrose; Piperacillin-Tazobactam Na; Potassium Chl 20 mEq / 1000 mL D5 1/2 NS; Insulin; LR; Acetaminophen; Ondansetron; Ketorolac; OxycoDONE-Acetaminophen Elixir; Sodium Chloride 0.9%  Flush; Docusate Sodium; Hydrocodone-Acetaminophen; D5W; Clindamycin; Fluticasone Propionate NASAL; Ciprofloxacin; Pantoprazole; Metoclopramide; Calcium Carbonate; Vancomycin; Cephalexin; Heparin; Bupivacaine 0.5%; Promethazine HCl; D5 1/2NS; Hydrocortisone (Rectal) 2.5% Cream; Morphine Sulfate; Escitalopram Oxalate; Maalox/Diphenhydramine/Lidocaine; Nafcillin; HydrOXYzine; MetRONIDAZOLE (FLagyl); Ibuprofen.
Procedures history:
Today: Closed [endoscopic] biopsy of large intestine.
233 days ago: .
1360 days ago: .
1366 days ago: Open and other sigmoidectomy.
2025-08-13 13:46:30,687: Average train text length: 517.72 words
2025-08-13 13:46:30,688: Average validation text length: 522.47 words
2025-08-13 13:46:30,688: Average test text length: 518.07 words
2025-08-13 13:46:30,688: Training on 8040 samples, validating on 894, testing on 2234 samples
2025-08-13 13:46:56,709: Fine-tuning at Landmark 4
2025-08-13 13:46:56,722: Early stopping criterion: loss
2025-08-13 13:48:05,437: Landmark 4 | Epoch 1/20 | Train Loss: 0.3976 | Val Loss: 0.2320 | Validation AUC: 0.9488 | F1-Score: 0.7410
2025-08-13 13:48:05,787: New best model saved at /cluster/work/projects/ec12/michechi/cache/best/best_model_Charangan_MedBERT_4550_landmark4_full_4_512_last_visit_all_landmarks_True_20250813_134656_.pt with AUC: 0.9488, F1: 0.7410, Val Loss: 0.2320
2025-08-13 13:49:14,635: Landmark 4 | Epoch 2/20 | Train Loss: 0.2555 | Val Loss: 0.2341 | Validation AUC: 0.9494 | F1-Score: 0.7548
2025-08-13 13:49:14,636: No improvement in epoch 2. Current best AUC: 0.9488, F1: 0.7410, Val Loss: 0.2320. Epochs without improvement: 1/1
2025-08-13 13:49:14,636: Early stopping triggered at epoch 2. Best AUC: 0.9488, F1: 0.7410, Val Loss: 0.2320
2025-08-13 13:49:14,997: Tempo impiegato per Landmark 4: 138.3 secondi
2025-08-13 13:49:14,997: Tempo medio per epoca: 69.1 secondi
2025-08-13 13:49:14,999: Loading best model from /cluster/work/projects/ec12/michechi/cache/best/best_model_Charangan_MedBERT_4550_landmark4_full_4_512_last_visit_all_landmarks_True_20250813_134656_.pt for final evaluation on test set
2025-08-13 13:49:20,455: Final Test AUC (Landmark 4): 0.9331 | Test F1-Score: 0.6906
2025-08-13 13:49:20,456: Saving results to results_medical_True_Charangan_MedBERT_last_visit_visits4_4550_512_full_20250813_134920.csv
Using device: cuda
   Landmark Val AUC  ... Validation Loss Training Time (s)
0         1  0.8198  ...          0.3713             289.6
1         2  0.8448  ...          0.3552             288.9
2         3  0.8688  ...          0.3383             284.1
3         4  0.9488  ...          0.2320             138.3

[4 rows x 9 columns]

Job 1853755 consumed 6.3 billing hours from project ec12.

Submitted 2025-08-13T13:29:21; waited 4.0 seconds in the queue after becoming eligible to run.

Requested wallclock time: 6.0 hours
Elapsed wallclock time:   20.0 minutes

Job exited normally.

Task and CPU statistics:
ID             CPUs  Tasks  CPU util                Start   Elapsed  Exit status
1853755          16            0.0 %  2025-08-13T13:29:25  1200.0 s  0
1853755.batch    16      1     6.1 %  2025-08-13T13:29:25  1200.0 s  0

Used CPU time:   19.5 CPU minutes
Unused CPU time: 5.0 CPU hours

Memory statistics, in GiB:
ID              Alloc   Usage
1853755          32.0        
1853755.batch    32.0    10.9

GPU usage stats:
Job 1853755 completed at Wed Aug 13 13:49:26 CEST 2025
