Starting job 1815212 on gpu-9 on fox at Mon Jul 21 10:06:46 CEST 2025

2025-07-21 10:06:56,523: Argument all_landmarks: False
2025-07-21 10:06:56,524: Argument batch_size: 2
2025-07-21 10:06:56,524: Argument cache_dir: '/cluster/work/projects/ec12/michechi/cache'
2025-07-21 10:06:56,524: Argument early: 'loss'
2025-07-21 10:06:56,524: Argument epochs: 20
2025-07-21 10:06:56,524: Argument gradient_accumulation_steps: 4
2025-07-21 10:06:56,524: Argument input_csv: '/fp/homes01/u01/ec-michelec/MIMICIV/data/splitted/splitted/landmark_df_evo.csv'
2025-07-21 10:06:56,524: Argument lr: 2e-05
2025-07-21 10:06:56,524: Argument max_length: 2048
2025-07-21 10:06:56,524: Argument max_visits: 3
2025-07-21 10:06:56,524: Argument model_name: 'answerdotai/ModernBERT-large'
2025-07-21 10:06:56,524: Argument model_type: 'medbert'
2025-07-21 10:06:56,524: Argument patience: 3
2025-07-21 10:06:56,524: Argument peft: True
2025-07-21 10:06:56,524: Argument prompt_type: 'full_no_time'
2025-07-21 10:06:56,524: Argument seed: 9550
2025-07-21 10:06:56,524: Argument test_csv: '/fp/homes01/u01/ec-michelec/MIMICIV/data/splitted/splitted/landmark_evo_test.csv'
2025-07-21 10:06:56,524: Argument train_csv: '/fp/homes01/u01/ec-michelec/MIMICIV/data/splitted/splitted/landmark_evo_train.csv'
2025-07-21 10:06:56,525: Argument use_quantization: False
2025-07-21 10:06:56,525: Argument val_csv: '/fp/homes01/u01/ec-michelec/MIMICIV/data/splitted/splitted/landmark_evo_vali.csv'
Some weights of ModernBertForSequenceClassification were not initialized from the model checkpoint at answerdotai/ModernBERT-large and are newly initialized: ['classifier.bias', 'classifier.weight']
You should probably TRAIN this model on a down-stream task to be able to use it for predictions and inference.
2025-07-21 10:07:03,797: Using prompt type: full_no_time
/fp/homes01/u01/ec-michelec/MIMICIV/src/Finetuning.py:459: DtypeWarning: Columns (16,17,18,19) have mixed types. Specify dtype option on import or set low_memory=False.
  full_train_df = pd.read_csv(args.train_csv, na_values=['', 'None', 'NaN', 'na', 'nan']).fillna('')
/fp/homes01/u01/ec-michelec/MIMICIV/src/Finetuning.py:461: DtypeWarning: Columns (16,17,18,19) have mixed types. Specify dtype option on import or set low_memory=False.
  full_test_df = pd.read_csv(args.test_csv, na_values=['', 'None', 'NaN', 'na', 'nan']).fillna('')
2025-07-21 10:07:39,257: Processing only the last landmark visit: 3
2025-07-21 10:07:39,257: Preparing data for Landmark 3
2025-07-21 10:07:44,087: Average train text length: 356.21 words
2025-07-21 10:07:44,088: Average validation text length: 351.55 words
2025-07-21 10:07:44,088: Average test text length: 354.77 words
2025-07-21 10:07:44,088: Training on 14472 samples, validating on 1608, testing on 4020 samples
2025-07-21 10:08:12,989: Fine-tuning at Landmark 3
2025-07-21 10:08:12,995: Early stopping criterion: loss
/fp/homes01/u01/ec-michelec/ModernBERT/lib64/python3.9/site-packages/networkx/utils/backends.py:135: RuntimeWarning: networkx backend defined more than once: nx-loopback
  backends.update(_get_backends("networkx.backends"))
2025-07-21 10:49:24,801: Landmark 3 | Epoch 1/20 | Train Loss: 0.0812 | Val Loss: 0.2353 | Validation AUC: 0.9309 | F1-Score: 0.4954
2025-07-21 11:30:12,600: Landmark 3 | Epoch 2/20 | Train Loss: 0.0561 | Val Loss: 0.1912 | Validation AUC: 0.9522 | F1-Score: 0.7190
2025-07-21 12:10:45,923: Landmark 3 | Epoch 3/20 | Train Loss: 0.0512 | Val Loss: 0.2237 | Validation AUC: 0.9497 | F1-Score: 0.5526
2025-07-21 12:51:17,783: Landmark 3 | Epoch 4/20 | Train Loss: 0.0468 | Val Loss: 0.1999 | Validation AUC: 0.9526 | F1-Score: 0.6992
2025-07-21 13:31:49,297: Landmark 3 | Epoch 5/20 | Train Loss: 0.0443 | Val Loss: 0.1771 | Validation AUC: 0.9558 | F1-Score: 0.7230
2025-07-21 14:12:21,227: Landmark 3 | Epoch 6/20 | Train Loss: 0.0427 | Val Loss: 0.1838 | Validation AUC: 0.9572 | F1-Score: 0.7444
2025-07-21 14:52:52,299: Landmark 3 | Epoch 7/20 | Train Loss: 0.0351 | Val Loss: 0.2091 | Validation AUC: 0.9487 | F1-Score: 0.7056
2025-07-21 15:33:22,362: Landmark 3 | Epoch 8/20 | Train Loss: 0.0270 | Val Loss: 0.2065 | Validation AUC: 0.9527 | F1-Score: 0.7292
2025-07-21 15:33:22,364: Early stopping triggered at epoch 8
2025-07-21 15:33:24,697: Tempo impiegato per Landmark 3: 19511.7 secondi
2025-07-21 15:33:24,698: Tempo medio per epoca: 2439.0 secondi
2025-07-21 15:37:05,229: Final Test AUC (Landmark 3): 0.9517 | Test F1-Score: 0.7326
2025-07-21 15:37:05,232: Saving results to results_medbert_answerdotai_ModernBERT-large_visits3_peft_9550_full_no_time_20250721_153705.csv
Using device: cuda
   Landmark Val AUC  ... Validation Loss Training Time (s)
0         3  0.9558  ...          0.1771           19511.7

[1 rows x 9 columns]

Job 1815212 consumed 104.6 billing hours from project ec12.

Submitted 2025-07-21T10:06:35; waited 11.0 seconds in the queue after becoming eligible to run.

Requested wallclock time: 24.0 hours
Elapsed wallclock time:   5.5 hours

Job exited normally.

Task and CPU statistics:
ID             CPUs  Tasks  CPU util                Start  Elapsed  Exit status
1815212          16            0.0 %  2025-07-21T10:06:46    5.5 h  0
1815212.batch    16      1     9.3 %  2025-07-21T10:06:46    5.5 h  0

Used CPU time:   8.2 CPU hours
Unused CPU time: 3.3 CPU days

Memory statistics, in GiB:
ID              Alloc   Usage
1815212          32.0        
1815212.batch    32.0    12.7

GPU usage stats:
Job 1815212 completed at Mon Jul 21 15:37:12 CEST 2025
