Starting job 1816173 on gpu-9 on fox at Tue Jul 22 10:15:59 CEST 2025

2025-07-22 10:16:11,257: Argument all_landmarks: False
2025-07-22 10:16:11,257: Argument batch_size: 8
2025-07-22 10:16:11,257: Argument cache_dir: '/cluster/work/projects/ec12/michechi/cache'
2025-07-22 10:16:11,257: Argument early: 'loss'
2025-07-22 10:16:11,257: Argument epochs: 20
2025-07-22 10:16:11,257: Argument gradient_accumulation_steps: 1
2025-07-22 10:16:11,257: Argument input_csv: '/fp/homes01/u01/ec-michelec/MIMICIV/data/splitted/splitted/landmark_df_evo.csv'
2025-07-22 10:16:11,257: Argument lr: 2e-05
2025-07-22 10:16:11,257: Argument max_length: 2048
2025-07-22 10:16:11,257: Argument max_visits: 3
2025-07-22 10:16:11,257: Argument model_name: 'answerdotai/ModernBERT-large'
2025-07-22 10:16:11,257: Argument model_type: 'medbert'
2025-07-22 10:16:11,257: Argument patience: 3
2025-07-22 10:16:11,257: Argument peft: True
2025-07-22 10:16:11,257: Argument prompt_type: 'compact_no_time_rnd'
2025-07-22 10:16:11,257: Argument seed: 9550
2025-07-22 10:16:11,257: Argument test_csv: '/fp/homes01/u01/ec-michelec/MIMICIV/data/splitted/splitted/landmark_evo_test.csv'
2025-07-22 10:16:11,257: Argument train_csv: '/fp/homes01/u01/ec-michelec/MIMICIV/data/splitted/splitted/landmark_evo_train.csv'
2025-07-22 10:16:11,257: Argument use_quantization: False
2025-07-22 10:16:11,257: Argument val_csv: '/fp/homes01/u01/ec-michelec/MIMICIV/data/splitted/splitted/landmark_evo_vali.csv'
Some weights of ModernBertForSequenceClassification were not initialized from the model checkpoint at answerdotai/ModernBERT-large and are newly initialized: ['classifier.bias', 'classifier.weight']
You should probably TRAIN this model on a down-stream task to be able to use it for predictions and inference.
2025-07-22 10:16:16,998: Using prompt type: compact_no_time_rnd
/fp/homes01/u01/ec-michelec/MIMICIV/src/Finetuning.py:459: DtypeWarning: Columns (16,17,18,19) have mixed types. Specify dtype option on import or set low_memory=False.
  full_train_df = pd.read_csv(args.train_csv, na_values=['', 'None', 'NaN', 'na', 'nan']).fillna('')
/fp/homes01/u01/ec-michelec/MIMICIV/src/Finetuning.py:461: DtypeWarning: Columns (16,17,18,19) have mixed types. Specify dtype option on import or set low_memory=False.
  full_test_df = pd.read_csv(args.test_csv, na_values=['', 'None', 'NaN', 'na', 'nan']).fillna('')
2025-07-22 10:16:52,353: Processing only the last landmark visit: 3
2025-07-22 10:16:52,354: Preparing data for Landmark 3
2025-07-22 10:16:58,018: Average train text length: 180.40 words
2025-07-22 10:16:58,018: Average validation text length: 176.07 words
2025-07-22 10:16:58,018: Average test text length: 180.19 words
2025-07-22 10:16:58,018: Training on 14472 samples, validating on 1608, testing on 4020 samples
2025-07-22 10:17:15,179: Fine-tuning at Landmark 3
2025-07-22 10:17:15,185: Early stopping criterion: loss
/fp/homes01/u01/ec-michelec/ModernBERT/lib64/python3.9/site-packages/networkx/utils/backends.py:135: RuntimeWarning: networkx backend defined more than once: nx-loopback
  backends.update(_get_backends("networkx.backends"))
2025-07-22 10:54:37,035: Landmark 3 | Epoch 1/20 | Train Loss: 0.2880 | Val Loss: 0.2279 | Validation AUC: 0.9345 | F1-Score: 0.5833
2025-07-22 11:31:37,700: Landmark 3 | Epoch 2/20 | Train Loss: 0.2087 | Val Loss: 0.1926 | Validation AUC: 0.9554 | F1-Score: 0.7050
2025-07-22 12:08:38,121: Landmark 3 | Epoch 3/20 | Train Loss: 0.1856 | Val Loss: 0.1917 | Validation AUC: 0.9591 | F1-Score: 0.6612
2025-07-22 12:45:41,800: Landmark 3 | Epoch 4/20 | Train Loss: 0.1687 | Val Loss: 0.2010 | Validation AUC: 0.9559 | F1-Score: 0.6542
2025-07-22 13:22:46,463: Landmark 3 | Epoch 5/20 | Train Loss: 0.1423 | Val Loss: 0.1826 | Validation AUC: 0.9564 | F1-Score: 0.7341
2025-07-22 13:59:52,028: Landmark 3 | Epoch 6/20 | Train Loss: 0.1036 | Val Loss: 0.2285 | Validation AUC: 0.9513 | F1-Score: 0.7067
2025-07-22 14:36:54,882: Landmark 3 | Epoch 7/20 | Train Loss: 0.0573 | Val Loss: 0.2864 | Validation AUC: 0.9488 | F1-Score: 0.7348
2025-07-22 15:13:59,017: Landmark 3 | Epoch 8/20 | Train Loss: 0.0321 | Val Loss: 0.3905 | Validation AUC: 0.9467 | F1-Score: 0.7126
2025-07-22 15:13:59,017: Early stopping triggered at epoch 8
2025-07-22 15:14:00,468: Tempo impiegato per Landmark 3: 17805.3 secondi
2025-07-22 15:14:00,469: Tempo medio per epoca: 2225.7 secondi
2025-07-22 15:17:01,455: Final Test AUC (Landmark 3): 0.9483 | Test F1-Score: 0.7525
2025-07-22 15:17:01,479: Saving results to results_medbert_answerdotai_ModernBERT-large_visits3_peft_9550_compact_no_time_rnd_20250722_151701.csv
Using device: cuda
   Landmark Val AUC  ... Validation Loss Training Time (s)
0         3  0.9564  ...          0.1826           17805.3

[1 rows x 9 columns]

Job 1816173 consumed 95.4 billing hours from project ec12.

Submitted 2025-07-22T10:15:58; waited 0.0 seconds in the queue after becoming eligible to run.

Requested wallclock time: 24.0 hours
Elapsed wallclock time:   5.0 hours

Job exited normally.

Task and CPU statistics:
ID             CPUs  Tasks  CPU util                Start  Elapsed  Exit status
1816173          16            0.0 %  2025-07-22T10:15:58    5.0 h  0
1816173.batch    16      1     7.0 %  2025-07-22T10:15:58    5.0 h  0

Used CPU time:   5.6 CPU hours
Unused CPU time: 3.1 CPU days

Memory statistics, in GiB:
ID              Alloc   Usage
1816173          32.0        
1816173.batch    32.0    12.6

GPU usage stats:
Job 1816173 completed at Tue Jul 22 15:17:11 CEST 2025
