Starting job 1825188 on gpu-15 on fox at Thu Jul 24 13:46:51 CEST 2025

2025-07-24 13:47:43,553: Argument all_landmarks: False
2025-07-24 13:47:43,553: Argument batch_size: 8
2025-07-24 13:47:43,553: Argument cache_dir: '/cluster/work/projects/ec12/michechi/cache'
2025-07-24 13:47:43,553: Argument early: 'loss'
2025-07-24 13:47:43,553: Argument epochs: 20
2025-07-24 13:47:43,553: Argument gradient_accumulation_steps: 1
2025-07-24 13:47:43,553: Argument input_csv: '/fp/homes01/u01/ec-michelec/MIMICIV/data/splitted/splitted/landmark_df_evo.csv'
2025-07-24 13:47:43,553: Argument lr: 2e-05
2025-07-24 13:47:43,553: Argument max_length: 512
2025-07-24 13:47:43,553: Argument max_visits: 3
2025-07-24 13:47:43,553: Argument model_name: 'emilyalsentzer/Bio_ClinicalBERT'
2025-07-24 13:47:43,553: Argument model_type: 'medbert'
2025-07-24 13:47:43,554: Argument patience: 3
2025-07-24 13:47:43,554: Argument peft: False
2025-07-24 13:47:43,554: Argument prompt_type: 'compact_no_time_rnd'
2025-07-24 13:47:43,554: Argument seed: 9550
2025-07-24 13:47:43,554: Argument test_csv: '/fp/homes01/u01/ec-michelec/MIMICIV/data/splitted/splitted/landmark_evo_test.csv'
2025-07-24 13:47:43,554: Argument train_csv: '/fp/homes01/u01/ec-michelec/MIMICIV/data/splitted/splitted/landmark_evo_train.csv'
2025-07-24 13:47:43,554: Argument use_quantization: False
2025-07-24 13:47:43,554: Argument val_csv: '/fp/homes01/u01/ec-michelec/MIMICIV/data/splitted/splitted/landmark_evo_vali.csv'
/fp/projects01/ec30/software/easybuild/software/nlpl-pytorch/2.1.2-foss-2022b-cuda-12.0.0-Python-3.10.8/lib/python3.10/site-packages/torch/_utils.py:831: UserWarning: TypedStorage is deprecated. It will be removed in the future and UntypedStorage will be the only storage class. This should only matter to you if you are using storages directly.  To access UntypedStorage directly, use tensor.untyped_storage() instead of tensor.storage()
  return self.fget.__get__(instance, owner)()
Some weights of BertForSequenceClassification were not initialized from the model checkpoint at emilyalsentzer/Bio_ClinicalBERT and are newly initialized: ['classifier.bias', 'classifier.weight']
You should probably TRAIN this model on a down-stream task to be able to use it for predictions and inference.
2025-07-24 13:47:47,487: Using prompt type: compact_no_time_rnd
/fp/homes01/u01/ec-michelec/MIMICIV/src/Finetuning.py:459: DtypeWarning: Columns (16,17,18,19) have mixed types. Specify dtype option on import or set low_memory=False.
  full_train_df = pd.read_csv(args.train_csv, na_values=['', 'None', 'NaN', 'na', 'nan']).fillna('')
/fp/homes01/u01/ec-michelec/MIMICIV/src/Finetuning.py:461: DtypeWarning: Columns (16,17,18,19) have mixed types. Specify dtype option on import or set low_memory=False.
  full_test_df = pd.read_csv(args.test_csv, na_values=['', 'None', 'NaN', 'na', 'nan']).fillna('')
2025-07-24 13:48:25,356: Processing only the last landmark visit: 3
2025-07-24 13:48:25,356: Preparing data for Landmark 3
2025-07-24 13:48:31,298: Average train text length: 180.40 words
2025-07-24 13:48:31,298: Average validation text length: 176.07 words
2025-07-24 13:48:31,298: Average test text length: 180.19 words
2025-07-24 13:48:31,298: Training on 14472 samples, validating on 1608, testing on 4020 samples
2025-07-24 13:48:49,407: Fine-tuning at Landmark 3
2025-07-24 13:48:49,773: Early stopping criterion: loss
2025-07-24 13:50:54,797: Landmark 3 | Epoch 1/20 | Train Loss: 0.2777 | Val Loss: 0.2108 | Validation AUC: 0.9409 | F1-Score: 0.6524
2025-07-24 13:53:00,442: Landmark 3 | Epoch 2/20 | Train Loss: 0.2128 | Val Loss: 0.1956 | Validation AUC: 0.9534 | F1-Score: 0.7221
2025-07-24 13:55:06,022: Landmark 3 | Epoch 3/20 | Train Loss: 0.1911 | Val Loss: 0.1872 | Validation AUC: 0.9525 | F1-Score: 0.7311
2025-07-24 13:57:11,523: Landmark 3 | Epoch 4/20 | Train Loss: 0.1706 | Val Loss: 0.1903 | Validation AUC: 0.9522 | F1-Score: 0.7300
2025-07-24 13:59:16,725: Landmark 3 | Epoch 5/20 | Train Loss: 0.1434 | Val Loss: 0.2395 | Validation AUC: 0.9320 | F1-Score: 0.7034
2025-07-24 14:01:21,926: Landmark 3 | Epoch 6/20 | Train Loss: 0.1098 | Val Loss: 0.2432 | Validation AUC: 0.9422 | F1-Score: 0.7101
2025-07-24 14:01:21,927: Early stopping triggered at epoch 6
2025-07-24 14:01:22,355: Tempo impiegato per Landmark 3: 752.9 secondi
2025-07-24 14:01:22,355: Tempo medio per epoca: 125.5 secondi
2025-07-24 14:01:22,357: Loading best model from /cluster/work/projects/ec12/michechi/cache/best/best_model_emilyalsentzer_Bio_ClinicalBERT_landmark3_compact_no_time_rnd_3_512_all_landmarks_False_20250724_134849_.pt for final evaluation on test set
2025-07-24 14:01:32,755: Final Test AUC (Landmark 3): 0.9446 | Test F1-Score: 0.7345
2025-07-24 14:01:32,778: Saving results to results_medbert_emilyalsentzer_Bio_ClinicalBERT_visits3_9550_compact_no_time_rnd_20250724_140132.csv
Using device: cuda
   Landmark Val AUC  ... Validation Loss Training Time (s)
0         3  0.9525  ...          0.1872             752.9

[1 rows x 9 columns]

Job 1825188 consumed 4.7 billing hours from project ec12.

Submitted 2025-07-24T13:46:29; waited 22.0 seconds in the queue after becoming eligible to run.

Requested wallclock time: 10.0 hours
Elapsed wallclock time:   14.8 minutes

Job exited normally.

Task and CPU statistics:
ID             CPUs  Tasks  CPU util                Start  Elapsed  Exit status
1825188          16            0.0 %  2025-07-24T13:46:51  889.0 s  0
1825188.batch    16      1     5.9 %  2025-07-24T13:46:51  889.0 s  0

Used CPU time:   13.9 CPU minutes
Unused CPU time: 3.7 CPU hours

Memory statistics, in GiB:
ID              Alloc   Usage
1825188          32.0        
1825188.batch    32.0     8.0

Job 1825188 completed at Thu Jul 24 14:01:40 CEST 2025
