Starting job 1835929 on gpu-2 on fox at Tue Jul 29 12:30:55 CEST 2025

2025-07-29 12:31:38,047: Argument CI: False
2025-07-29 12:31:38,047: Argument all_landmarks: True
2025-07-29 12:31:38,047: Argument batch_size: 8
2025-07-29 12:31:38,047: Argument cache_dir: '/cluster/work/projects/ec12/michechi/cache'
2025-07-29 12:31:38,047: Argument early: 'loss'
2025-07-29 12:31:38,047: Argument epochs: 20
2025-07-29 12:31:38,047: Argument gradient_accumulation_steps: 1
2025-07-29 12:31:38,047: Argument input_csv: '/fp/homes01/u01/ec-michelec/MIMICIV/data/splitted/splitted/landmark_df_evo.csv'
2025-07-29 12:31:38,047: Argument lr: 2e-05
2025-07-29 12:31:38,047: Argument max_length: 512
2025-07-29 12:31:38,047: Argument max_visits: 3
2025-07-29 12:31:38,047: Argument model_name: 'Charangan/MedBERT'
2025-07-29 12:31:38,047: Argument model_type: 'medical'
2025-07-29 12:31:38,047: Argument patience: 1
2025-07-29 12:31:38,047: Argument peft: False
2025-07-29 12:31:38,047: Argument prompt_type: 'full'
2025-07-29 12:31:38,047: Argument seed: 9550
2025-07-29 12:31:38,047: Argument test_csv: '/fp/homes01/u01/ec-michelec/MIMICIV/data/splitted/splitted/landmark_evo_test.csv'
2025-07-29 12:31:38,047: Argument train_csv: '/fp/homes01/u01/ec-michelec/MIMICIV/data/splitted/splitted/landmark_evo_train.csv'
2025-07-29 12:31:38,047: Argument use_quantization: False
2025-07-29 12:31:38,047: Argument val_csv: '/fp/homes01/u01/ec-michelec/MIMICIV/data/splitted/splitted/landmark_evo_vali.csv'
2025-07-29 12:31:38,091: Using prompt type: full
/fp/homes01/u01/ec-michelec/MIMICIV/src/Finetuning_rfct.py:77: DtypeWarning: Columns (16,17,18,19) have mixed types. Specify dtype option on import or set low_memory=False.
  full_train_df = pd.read_csv(args.train_csv, na_values=['', 'None', 'NaN', 'na', 'nan']).fillna('')
/fp/homes01/u01/ec-michelec/MIMICIV/src/Finetuning_rfct.py:79: DtypeWarning: Columns (16,17,18,19) have mixed types. Specify dtype option on import or set low_memory=False.
  full_test_df = pd.read_csv(args.test_csv, na_values=['', 'None', 'NaN', 'na', 'nan']).fillna('')
2025-07-29 12:32:15,743: Processing all landmarks from 1 to 3
2025-07-29 12:32:15,743: Preparing data for Landmark 1
/fp/projects01/ec30/software/easybuild/software/nlpl-pytorch/2.1.2-foss-2022b-cuda-12.0.0-Python-3.10.8/lib/python3.10/site-packages/torch/_utils.py:831: UserWarning: TypedStorage is deprecated. It will be removed in the future and UntypedStorage will be the only storage class. This should only matter to you if you are using storages directly.  To access UntypedStorage directly, use tensor.untyped_storage() instead of tensor.storage()
  return self.fget.__get__(instance, owner)()
Some weights of BertForSequenceClassification were not initialized from the model checkpoint at Charangan/MedBERT and are newly initialized: ['classifier.bias', 'classifier.weight']
You should probably TRAIN this model on a down-stream task to be able to use it for predictions and inference.
2025-07-29 12:32:23,112: Average train text length: 138.90 words
2025-07-29 12:32:23,113: Average validation text length: 138.07 words
2025-07-29 12:32:23,113: Average test text length: 139.65 words
2025-07-29 12:32:23,113: Training on 14472 samples, validating on 1608, testing on 4020 samples
2025-07-29 12:32:35,589: Fine-tuning at Landmark 1
2025-07-29 12:32:36,930: Early stopping criterion: loss
2025-07-29 12:34:53,653: Landmark 1 | Epoch 1/20 | Train Loss: 0.3814 | Val Loss: 0.3780 | Validation AUC: 0.7911 | F1-Score: 0.1550
2025-07-29 12:34:54,010: New best model saved at /cluster/work/projects/ec12/michechi/cache/best/best_model_Charangan_MedBERT_9550_landmark1_full_3_512_all_landmarks_True_20250729_123236_.pt with AUC: 0.7911, F1: 0.1550, Val Loss: 0.3780
2025-07-29 12:37:10,201: Landmark 1 | Epoch 2/20 | Train Loss: 0.3437 | Val Loss: 0.3273 | Validation AUC: 0.8300 | F1-Score: 0.4069
2025-07-29 12:37:10,564: New best model saved at /cluster/work/projects/ec12/michechi/cache/best/best_model_Charangan_MedBERT_9550_landmark1_full_3_512_all_landmarks_True_20250729_123236_.pt with AUC: 0.8300, F1: 0.4069, Val Loss: 0.3273
2025-07-29 12:39:27,108: Landmark 1 | Epoch 3/20 | Train Loss: 0.3200 | Val Loss: 0.3213 | Validation AUC: 0.8252 | F1-Score: 0.3077
2025-07-29 12:39:27,466: New best model saved at /cluster/work/projects/ec12/michechi/cache/best/best_model_Charangan_MedBERT_9550_landmark1_full_3_512_all_landmarks_True_20250729_123236_.pt with AUC: 0.8252, F1: 0.3077, Val Loss: 0.3213
2025-07-29 12:41:44,011: Landmark 1 | Epoch 4/20 | Train Loss: 0.2994 | Val Loss: 0.3428 | Validation AUC: 0.8223 | F1-Score: 0.4392
2025-07-29 12:41:44,012: No improvement in epoch 4. Current best AUC: 0.8252, F1: 0.3077, Val Loss: 0.3213. Epochs without improvement: 1/1
2025-07-29 12:41:44,012: Early stopping triggered at epoch 4. Best AUC: 0.8252, F1: 0.3077, Val Loss: 0.3213
2025-07-29 12:41:44,355: Tempo impiegato per Landmark 1: 548.8 secondi
2025-07-29 12:41:44,355: Tempo medio per epoca: 137.2 secondi
2025-07-29 12:41:44,357: Loading best model from /cluster/work/projects/ec12/michechi/cache/best/best_model_Charangan_MedBERT_9550_landmark1_full_3_512_all_landmarks_True_20250729_123236_.pt for final evaluation on test set
2025-07-29 12:41:55,672: Final Test AUC (Landmark 1): 0.8214 | Test F1-Score: 0.3021
2025-07-29 12:41:55,672: Preparing data for Landmark 2
Using device: cuda
Some weights of BertForSequenceClassification were not initialized from the model checkpoint at Charangan/MedBERT and are newly initialized: ['classifier.bias', 'classifier.weight']
You should probably TRAIN this model on a down-stream task to be able to use it for predictions and inference.
2025-07-29 12:42:03,813: Average train text length: 254.75 words
2025-07-29 12:42:03,813: Average validation text length: 253.84 words
2025-07-29 12:42:03,813: Average test text length: 253.66 words
2025-07-29 12:42:03,813: Training on 14472 samples, validating on 1608, testing on 4020 samples
2025-07-29 12:42:27,014: Fine-tuning at Landmark 2
2025-07-29 12:42:27,019: Early stopping criterion: loss
2025-07-29 12:44:44,130: Landmark 2 | Epoch 1/20 | Train Loss: 0.3762 | Val Loss: 0.2966 | Validation AUC: 0.8707 | F1-Score: 0.3654
2025-07-29 12:44:44,449: New best model saved at /cluster/work/projects/ec12/michechi/cache/best/best_model_Charangan_MedBERT_9550_landmark2_full_3_512_all_landmarks_True_20250729_124227_.pt with AUC: 0.8707, F1: 0.3654, Val Loss: 0.2966
2025-07-29 12:47:01,443: Landmark 2 | Epoch 2/20 | Train Loss: 0.3091 | Val Loss: 0.3101 | Validation AUC: 0.8739 | F1-Score: 0.5390
2025-07-29 12:47:01,443: No improvement in epoch 2. Current best AUC: 0.8707, F1: 0.3654, Val Loss: 0.2966. Epochs without improvement: 1/1
2025-07-29 12:47:01,443: Early stopping triggered at epoch 2. Best AUC: 0.8707, F1: 0.3654, Val Loss: 0.2966
2025-07-29 12:47:01,855: Tempo impiegato per Landmark 2: 274.8 secondi
2025-07-29 12:47:01,855: Tempo medio per epoca: 137.4 secondi
2025-07-29 12:47:01,857: Loading best model from /cluster/work/projects/ec12/michechi/cache/best/best_model_Charangan_MedBERT_9550_landmark2_full_3_512_all_landmarks_True_20250729_124227_.pt for final evaluation on test set
2025-07-29 12:47:13,094: Final Test AUC (Landmark 2): 0.8512 | Test F1-Score: 0.3102
2025-07-29 12:47:13,094: Preparing data for Landmark 3
Using device: cuda
Some weights of BertForSequenceClassification were not initialized from the model checkpoint at Charangan/MedBERT and are newly initialized: ['classifier.bias', 'classifier.weight']
You should probably TRAIN this model on a down-stream task to be able to use it for predictions and inference.
2025-07-29 12:47:23,834: Average train text length: 382.21 words
2025-07-29 12:47:23,834: Average validation text length: 377.55 words
2025-07-29 12:47:23,834: Average test text length: 380.77 words
2025-07-29 12:47:23,834: Training on 14472 samples, validating on 1608, testing on 4020 samples
2025-07-29 12:47:58,230: Fine-tuning at Landmark 3
2025-07-29 12:47:58,236: Early stopping criterion: loss
2025-07-29 12:50:12,673: Landmark 3 | Epoch 1/20 | Train Loss: 0.2852 | Val Loss: 0.2278 | Validation AUC: 0.9419 | F1-Score: 0.6899
2025-07-29 12:50:12,997: New best model saved at /cluster/work/projects/ec12/michechi/cache/best/best_model_Charangan_MedBERT_9550_landmark3_full_3_512_all_landmarks_True_20250729_124758_.pt with AUC: 0.9419, F1: 0.6899, Val Loss: 0.2278
2025-07-29 12:52:27,316: Landmark 3 | Epoch 2/20 | Train Loss: 0.2120 | Val Loss: 0.1934 | Validation AUC: 0.9492 | F1-Score: 0.7395
2025-07-29 12:52:27,629: New best model saved at /cluster/work/projects/ec12/michechi/cache/best/best_model_Charangan_MedBERT_9550_landmark3_full_3_512_all_landmarks_True_20250729_124758_.pt with AUC: 0.9492, F1: 0.7395, Val Loss: 0.1934
2025-07-29 12:54:42,295: Landmark 3 | Epoch 3/20 | Train Loss: 0.1840 | Val Loss: 0.1923 | Validation AUC: 0.9492 | F1-Score: 0.7143
2025-07-29 12:54:42,631: New best model saved at /cluster/work/projects/ec12/michechi/cache/best/best_model_Charangan_MedBERT_9550_landmark3_full_3_512_all_landmarks_True_20250729_124758_.pt with AUC: 0.9492, F1: 0.7143, Val Loss: 0.1923
2025-07-29 12:56:57,094: Landmark 3 | Epoch 4/20 | Train Loss: 0.1487 | Val Loss: 0.2080 | Validation AUC: 0.9483 | F1-Score: 0.7083
2025-07-29 12:56:57,094: No improvement in epoch 4. Current best AUC: 0.9492, F1: 0.7143, Val Loss: 0.1923. Epochs without improvement: 1/1
2025-07-29 12:56:57,094: Early stopping triggered at epoch 4. Best AUC: 0.9492, F1: 0.7143, Val Loss: 0.1923
2025-07-29 12:56:57,460: Tempo impiegato per Landmark 3: 539.2 secondi
2025-07-29 12:56:57,461: Tempo medio per epoca: 134.8 secondi
2025-07-29 12:56:57,462: Loading best model from /cluster/work/projects/ec12/michechi/cache/best/best_model_Charangan_MedBERT_9550_landmark3_full_3_512_all_landmarks_True_20250729_124758_.pt for final evaluation on test set
2025-07-29 12:57:08,059: Final Test AUC (Landmark 3): 0.9435 | Test F1-Score: 0.7202
2025-07-29 12:57:08,060: Saving results to results_medical_True_Charangan_MedBERT_visits3_9550_full_20250729_125708.csv
Using device: cuda
   Landmark Val AUC  ... Validation Loss Training Time (s)
0         1  0.8252  ...          0.3213             548.8
1         2  0.8707  ...          0.2966             274.8
2         3  0.9492  ...          0.1923             539.2

[3 rows x 9 columns]

Job 1835929 consumed 8.3 billing hours from project ec12.

Submitted 2025-07-29T12:30:46; waited 8.0 seconds in the queue after becoming eligible to run.

Requested wallclock time: 24.0 hours
Elapsed wallclock time:   26.3 minutes

Job exited normally.

Task and CPU statistics:
ID             CPUs  Tasks  CPU util                Start   Elapsed  Exit status
1835929          16            0.0 %  2025-07-29T12:30:54  1579.0 s  0
1835929.batch    16      1     6.1 %  2025-07-29T12:30:54  1579.0 s  0

Used CPU time:   25.6 CPU minutes
Unused CPU time: 6.6 CPU hours

Memory statistics, in GiB:
ID              Alloc   Usage
1835929          32.0        
1835929.batch    32.0    12.5

GPU usage stats:
Job 1835929 completed at Tue Jul 29 12:57:14 CEST 2025
