Starting job 1672420 on c1-13 on fox at Thu Jun 5 10:09:59 CEST 2025

2025-06-05 10:10:25,847: Argument input_csv: 'landmark_df.csv'
2025-06-05 10:10:25,847: Argument max_features: 1000
2025-06-05 10:10:25,847: Argument max_visits: 3
2025-06-05 10:10:25,847: Argument output_dir: '/cluster/work/projects/ec403/ec-michechi/Project_M'
2025-06-05 10:10:25,847: Argument prompt_type: 'compact'
2025-06-05 10:10:25,847: Argument random_state: 9550
2025-06-05 10:10:25,847: Argument test_csv: '/cluster/work/projects/ec403/ec-michechi/Project_M/data/landmark_evo_test.csv'
2025-06-05 10:10:25,847: Argument train_csv: '/cluster/work/projects/ec403/ec-michechi/Project_M/data/landmark_evo_train.csv'
2025-06-05 10:10:25,847: Argument val_csv: '/cluster/work/projects/ec403/ec-michechi/Project_M/data/landmark_evo_vali.csv'
/fp/homes01/u01/ec-michechi/Project_M/MIMICIV/src/Xgboost_no_tune.py:193: DtypeWarning: Columns (16,17,18,19) have mixed types. Specify dtype option on import or set low_memory=False.
  Vectorizer = CountVectorizer
2025-06-05 10:10:58,556: Processing Landmark Visit: 1
2025-06-05 10:10:58,569: Using hyperparameters for Landmark 1: {'min_samples_leaf': 30, 'max_leaf_nodes': 15, 'max_iter': 300, 'max_depth': 5, 'learning_rate': 0.05, 'l2_regularization': 0}
2025-06-05 10:11:28,344: Processing Landmark Visit: 2
2025-06-05 10:11:28,361: Using hyperparameters for Landmark 2: {'min_samples_leaf': 30, 'max_leaf_nodes': 15, 'max_iter': 300, 'max_depth': 5, 'learning_rate': 0.05, 'l2_regularization': 0}
2025-06-05 10:12:11,386: Processing Landmark Visit: 3
2025-06-05 10:12:11,403: Using hyperparameters for Landmark 3: {'min_samples_leaf': 10, 'max_leaf_nodes': 31, 'max_iter': 500, 'max_depth': 7, 'learning_rate': 0.1, 'l2_regularization': 0.1}
2025-06-05 10:13:03,745: Results saved to CSV.
   Landmark (Visit Number)  Number of Patients (Test)  ... AUC (Test) F1-Score
0                        1                       4022  ...     0.8172   0.2191
1                        2                       4022  ...     0.8531   0.3400
2                        3                       4022  ...     0.9439   0.7169

[3 rows x 5 columns]

Job 1672420 consumed 1.6 billing hours from project ec403.

Submitted 2025-06-05T09:33:55; waited 36.1 minutes in the queue after becoming eligible to run.

Requested wallclock time: 6.0 hours
Elapsed wallclock time:   3.1 minutes

Job exited normally.

Task and CPU statistics:
ID             CPUs  Tasks  CPU util                Start  Elapsed  Exit status
1672420          16            0.0 %  2025-06-05T10:09:59  185.0 s  0
1672420.batch    16      1    33.1 %  2025-06-05T10:09:59  185.0 s  0

Used CPU time:   16.3 CPU minutes
Unused CPU time: 33.0 CPU minutes

Memory statistics, in GiB:
ID              Alloc   Usage
1672420         128.0        
1672420.batch   128.0     7.9

Job 1672420 completed at Thu Jun 5 10:13:04 CEST 2025
