Starting job 1689193 on c1-21 on fox at Thu Jun 12 14:51:47 CEST 2025

2025-06-12 14:52:02,853: Argument input_csv: 'landmark_df.csv'
2025-06-12 14:52:02,853: Argument max_features: 1000
2025-06-12 14:52:02,853: Argument max_visits: 3
2025-06-12 14:52:02,853: Argument output_dir: '/cluster/work/projects/ec403/ec-michechi/Project_M'
2025-06-12 14:52:02,853: Argument prompt_type: 'naive'
2025-06-12 14:52:02,853: Argument random_state: 9550
2025-06-12 14:52:02,853: Argument test_csv: '/cluster/work/projects/ec403/ec-michechi/Project_M/data/landmark_evo_test.csv'
2025-06-12 14:52:02,854: Argument train_csv: '/cluster/work/projects/ec403/ec-michechi/Project_M/data/landmark_evo_train.csv'
2025-06-12 14:52:02,854: Argument val_csv: '/cluster/work/projects/ec403/ec-michechi/Project_M/data/landmark_evo_vali.csv'
2025-06-12 14:52:02,854: Argument vectorizer_type: 'count'
2025-06-12 14:52:02,854: Using data required to create prompt: naive
/fp/homes01/u01/ec-michechi/Project_M/MIMICIV/src/Xgboost_evo.py:220: DtypeWarning: Columns (16,17,18,19) have mixed types. Specify dtype option on import or set low_memory=False.
  full_train_df = pd.read_csv(args.train_csv, na_values=['', 'None', 'NaN', 'na', 'nan']).fillna('')
2025-06-12 14:52:35,910: Processing Landmark Visit: 2
Fitting 5 folds for each of 10 candidates, totalling 50 fits
[CV] END l2_regularization=0, learning_rate=0.01, max_depth=7, max_iter=100, max_leaf_nodes=63, min_samples_leaf=30; total time=140.6min
[CV] END l2_regularization=1.0, learning_rate=0.01, max_depth=7, max_iter=100, max_leaf_nodes=15, min_samples_leaf=20; total time=77.8min
[CV] END l2_regularization=0, learning_rate=0.01, max_depth=7, max_iter=100, max_leaf_nodes=63, min_samples_leaf=30; total time=183.0min
[CV] END l2_regularization=1.0, learning_rate=0.05, max_depth=3, max_iter=100, max_leaf_nodes=31, min_samples_leaf=30; total time=38.2min
[CV] END l2_regularization=0, learning_rate=0.1, max_depth=None, max_iter=300, max_leaf_nodes=63, min_samples_leaf=20; total time=111.1min
[CV] END l2_regularization=0, learning_rate=0.05, max_depth=5, max_iter=300, max_leaf_nodes=15, min_samples_leaf=30; total time=68.2min
[CV] END l2_regularization=1.0, learning_rate=0.05, max_depth=3, max_iter=100, max_leaf_nodes=31, min_samples_leaf=30; total time=44.3min
[CV] END l2_regularization=0, learning_rate=0.1, max_depth=None, max_iter=300, max_leaf_nodes=63, min_samples_leaf=20; total time=116.0min
[CV] END l2_regularization=0, learning_rate=0.05, max_depth=5, max_iter=300, max_leaf_nodes=15, min_samples_leaf=30; total time=71.6min
[CV] END l2_regularization=1.0, learning_rate=0.05, max_depth=3, max_iter=100, max_leaf_nodes=31, min_samples_leaf=30; total time=39.5min
[CV] END l2_regularization=0.1, learning_rate=0.1, max_depth=7, max_iter=500, max_leaf_nodes=31, min_samples_leaf=10; total time=81.0min
[CV] END l2_regularization=1.0, learning_rate=0.05, max_depth=3, max_iter=100, max_leaf_nodes=63, min_samples_leaf=30; total time=40.7min
[CV] END l2_regularization=0, learning_rate=0.05, max_depth=5, max_iter=300, max_leaf_nodes=15, min_samples_leaf=30; total time=65.9min
[CV] END l2_regularization=1.0, learning_rate=0.05, max_depth=3, max_iter=100, max_leaf_nodes=31, min_samples_leaf=30; total time=41.0min
[CV] END l2_regularization=0.1, learning_rate=0.1, max_depth=7, max_iter=500, max_leaf_nodes=31, min_samples_leaf=10; total time=62.5min
[CV] END l2_regularization=0, learning_rate=0.01, max_depth=5, max_iter=100, max_leaf_nodes=15, min_samples_leaf=20; total time=60.8min
[CV] END l2_regularization=0, learning_rate=0.05, max_depth=5, max_iter=300, max_leaf_nodes=15, min_samples_leaf=30; total time=63.4min
[CV] END l2_regularization=1.0, learning_rate=0.05, max_depth=3, max_iter=100, max_leaf_nodes=31, min_samples_leaf=30; total time=43.6min
[CV] END l2_regularization=0, learning_rate=0.01, max_depth=5, max_iter=100, max_leaf_nodes=15, min_samples_leaf=20; total time=56.3min
[CV] END l2_regularization=0, learning_rate=0.01, max_depth=5, max_iter=100, max_leaf_nodes=15, min_samples_leaf=20; total time=53.8min
[CV] END l2_regularization=1.0, learning_rate=0.05, max_depth=3, max_iter=100, max_leaf_nodes=63, min_samples_leaf=30; total time=38.3min
[CV] END l2_regularization=0, learning_rate=0.01, max_depth=None, max_iter=300, max_leaf_nodes=15, min_samples_leaf=10; total time=147.5min
[CV] END l2_regularization=0, learning_rate=0.1, max_depth=None, max_iter=300, max_leaf_nodes=63, min_samples_leaf=20; total time=104.7min
[CV] END l2_regularization=1.0, learning_rate=0.05, max_depth=3, max_iter=100, max_leaf_nodes=63, min_samples_leaf=30; total time=45.0min
[CV] END l2_regularization=0, learning_rate=0.01, max_depth=None, max_iter=300, max_leaf_nodes=15, min_samples_leaf=10; total time=148.0min
[CV] END l2_regularization=0, learning_rate=0.1, max_depth=None, max_iter=300, max_leaf_nodes=63, min_samples_leaf=20; total time=108.7min
[CV] END l2_regularization=1.0, learning_rate=0.05, max_depth=3, max_iter=100, max_leaf_nodes=63, min_samples_leaf=30; total time=42.2min
[CV] END l2_regularization=0, learning_rate=0.01, max_depth=None, max_iter=300, max_leaf_nodes=15, min_samples_leaf=10; total time=147.0min
[CV] END l2_regularization=0, learning_rate=0.01, max_depth=7, max_iter=100, max_leaf_nodes=63, min_samples_leaf=30; total time=158.8min
[CV] END l2_regularization=0, learning_rate=0.01, max_depth=None, max_iter=300, max_leaf_nodes=15, min_samples_leaf=10; total time=149.5min
[CV] END l2_regularization=0, learning_rate=0.01, max_depth=7, max_iter=100, max_leaf_nodes=63, min_samples_leaf=30; total time=165.6min
[CV] END l2_regularization=0, learning_rate=0.01, max_depth=None, max_iter=300, max_leaf_nodes=15, min_samples_leaf=10; total time=142.7min
[CV] END l2_regularization=0.1, learning_rate=0.1, max_depth=7, max_iter=500, max_leaf_nodes=31, min_samples_leaf=10; total time=67.3min
[CV] END l2_regularization=0, learning_rate=0.01, max_depth=5, max_iter=100, max_leaf_nodes=15, min_samples_leaf=20; total time=68.0min
[CV] END l2_regularization=1.0, learning_rate=0.01, max_depth=7, max_iter=100, max_leaf_nodes=15, min_samples_leaf=20; total time=69.0min
[CV] END l2_regularization=0, learning_rate=0.01, max_depth=5, max_iter=300, max_leaf_nodes=31, min_samples_leaf=10; total time=136.1min
2025-06-12 20:40:48,347: Best Parameters for Landmark: {'min_samples_leaf': 30, 'max_leaf_nodes': 15, 'max_iter': 300, 'max_depth': 5, 'learning_rate': 0.05, 'l2_regularization': 0}
2025-06-12 20:40:55,878: Processing Landmark Visit: 3
Fitting 5 folds for each of 10 candidates, totalling 50 fits
[CV] END l2_regularization=0.1, learning_rate=0.1, max_depth=7, max_iter=500, max_leaf_nodes=31, min_samples_leaf=10; total time=112.8min
[CV] END l2_regularization=1.0, learning_rate=0.05, max_depth=3, max_iter=100, max_leaf_nodes=63, min_samples_leaf=30; total time=40.6min
[CV] END l2_regularization=0, learning_rate=0.05, max_depth=5, max_iter=300, max_leaf_nodes=15, min_samples_leaf=30; total time=97.3min
[CV] END l2_regularization=0, learning_rate=0.1, max_depth=None, max_iter=300, max_leaf_nodes=63, min_samples_leaf=20; total time=149.4min
[CV] END l2_regularization=0, learning_rate=0.05, max_depth=5, max_iter=300, max_leaf_nodes=15, min_samples_leaf=30; total time=113.3min
[CV] END l2_regularization=0, learning_rate=0.01, max_depth=7, max_iter=100, max_leaf_nodes=63, min_samples_leaf=30; total time=166.0min
[CV] END l2_regularization=1.0, learning_rate=0.01, max_depth=7, max_iter=100, max_leaf_nodes=15, min_samples_leaf=20; total time=68.4min
[CV] END l2_regularization=1.0, learning_rate=0.05, max_depth=3, max_iter=100, max_leaf_nodes=31, min_samples_leaf=30; total time=36.7min
[CV] END l2_regularization=0, learning_rate=0.01, max_depth=7, max_iter=100, max_leaf_nodes=63, min_samples_leaf=30; total time=147.3min
[CV] END l2_regularization=1.0, learning_rate=0.01, max_depth=7, max_iter=100, max_leaf_nodes=15, min_samples_leaf=20; total time=68.9min
[CV] END l2_regularization=0, learning_rate=0.01, max_depth=5, max_iter=300, max_leaf_nodes=31, min_samples_leaf=10; total time=131.5min
[CV] END l2_regularization=0, learning_rate=0.1, max_depth=None, max_iter=300, max_leaf_nodes=63, min_samples_leaf=20; total time=163.7min
[CV] END l2_regularization=0, learning_rate=0.05, max_depth=5, max_iter=300, max_leaf_nodes=15, min_samples_leaf=30; total time=73.3min
[CV] END l2_regularization=1.0, learning_rate=0.05, max_depth=3, max_iter=100, max_leaf_nodes=31, min_samples_leaf=30; total time=37.0min
[CV] END l2_regularization=0.1, learning_rate=0.1, max_depth=7, max_iter=500, max_leaf_nodes=31, min_samples_leaf=10; total time=110.9min
[CV] END l2_regularization=0, learning_rate=0.01, max_depth=5, max_iter=100, max_leaf_nodes=15, min_samples_leaf=20; total time=61.7min
[CV] END l2_regularization=1.0, learning_rate=0.01, max_depth=7, max_iter=100, max_leaf_nodes=15, min_samples_leaf=20; total time=65.5min
[CV] END l2_regularization=1.0, learning_rate=0.05, max_depth=3, max_iter=100, max_leaf_nodes=31, min_samples_leaf=30; total time=36.2min
[CV] END l2_regularization=0, learning_rate=0.01, max_depth=7, max_iter=100, max_leaf_nodes=63, min_samples_leaf=30; total time=195.1min
[CV] END l2_regularization=1.0, learning_rate=0.05, max_depth=3, max_iter=100, max_leaf_nodes=31, min_samples_leaf=30; total time=45.8min
[CV] END l2_regularization=1.0, learning_rate=0.05, max_depth=3, max_iter=100, max_leaf_nodes=31, min_samples_leaf=30; total time=36.8min
[CV] END l2_regularization=0.1, learning_rate=0.1, max_depth=7, max_iter=500, max_leaf_nodes=31, min_samples_leaf=10; total time=131.0min
[CV] END l2_regularization=1.0, learning_rate=0.05, max_depth=3, max_iter=100, max_leaf_nodes=63, min_samples_leaf=30; total time=45.0min
[CV] END l2_regularization=0, learning_rate=0.01, max_depth=None, max_iter=300, max_leaf_nodes=15, min_samples_leaf=10; total time=140.1min
[CV] END l2_regularization=0, learning_rate=0.01, max_depth=7, max_iter=100, max_leaf_nodes=63, min_samples_leaf=30; total time=173.8min
[CV] END l2_regularization=0, learning_rate=0.01, max_depth=None, max_iter=300, max_leaf_nodes=15, min_samples_leaf=10; total time=142.3min
[CV] END l2_regularization=0, learning_rate=0.01, max_depth=7, max_iter=100, max_leaf_nodes=63, min_samples_leaf=30; total time=173.6min
[CV] END l2_regularization=0, learning_rate=0.01, max_depth=None, max_iter=300, max_leaf_nodes=15, min_samples_leaf=10; total time=144.1min
[CV] END l2_regularization=0, learning_rate=0.01, max_depth=5, max_iter=100, max_leaf_nodes=15, min_samples_leaf=20; total time=72.2min
[CV] END l2_regularization=0, learning_rate=0.01, max_depth=5, max_iter=100, max_leaf_nodes=15, min_samples_leaf=20; total time=75.4min
[CV] END l2_regularization=1.0, learning_rate=0.05, max_depth=3, max_iter=100, max_leaf_nodes=63, min_samples_leaf=30; total time=40.5min
[CV] END l2_regularization=0, learning_rate=0.01, max_depth=None, max_iter=300, max_leaf_nodes=15, min_samples_leaf=10; total time=135.3min
[CV] END l2_regularization=0, learning_rate=0.1, max_depth=None, max_iter=300, max_leaf_nodes=63, min_samples_leaf=20; total time=114.6min
[CV] END l2_regularization=0, learning_rate=0.05, max_depth=5, max_iter=300, max_leaf_nodes=15, min_samples_leaf=30; total time=89.8min
[CV] END l2_regularization=0, learning_rate=0.01, max_depth=5, max_iter=300, max_leaf_nodes=31, min_samples_leaf=10; total time=142.2min
[CV] END l2_regularization=0, learning_rate=0.1, max_depth=None, max_iter=300, max_leaf_nodes=63, min_samples_leaf=20; total time=147.7min
[CV] END l2_regularization=1.0, learning_rate=0.05, max_depth=3, max_iter=100, max_leaf_nodes=63, min_samples_leaf=30; total time=36.4min
[CV] END l2_regularization=0, learning_rate=0.01, max_depth=None, max_iter=300, max_leaf_nodes=15, min_samples_leaf=10; total time=142.2min
2025-06-13 02:40:27,625: Best Parameters for Landmark: {'min_samples_leaf': 30, 'max_leaf_nodes': 15, 'max_iter': 300, 'max_depth': 5, 'learning_rate': 0.05, 'l2_regularization': 0}
2025-06-13 02:40:35,896: Results saved to CSV.
   Landmark (Visit Number)  Number of Patients (Test)  ... AUC (Test) F1-Score
0                        2                       4022  ...     0.8554   0.3503
1                        3                       4022  ...     0.9419   0.7067

[2 rows x 5 columns]
[CV] END l2_regularization=0.1, learning_rate=0.1, max_depth=7, max_iter=500, max_leaf_nodes=31, min_samples_leaf=10; total time=99.6min
[CV] END l2_regularization=1.0, learning_rate=0.05, max_depth=3, max_iter=100, max_leaf_nodes=63, min_samples_leaf=30; total time=43.1min
[CV] END l2_regularization=1.0, learning_rate=0.01, max_depth=7, max_iter=100, max_leaf_nodes=15, min_samples_leaf=20; total time=68.1min
[CV] END l2_regularization=0, learning_rate=0.01, max_depth=5, max_iter=300, max_leaf_nodes=31, min_samples_leaf=10; total time=136.9min
[CV] END l2_regularization=0, learning_rate=0.1, max_depth=None, max_iter=300, max_leaf_nodes=63, min_samples_leaf=20; total time=133.0min
[CV] END l2_regularization=1.0, learning_rate=0.05, max_depth=3, max_iter=100, max_leaf_nodes=63, min_samples_leaf=30; total time=39.3min
[CV] END l2_regularization=1.0, learning_rate=0.01, max_depth=7, max_iter=100, max_leaf_nodes=15, min_samples_leaf=20; total time=70.0min
[CV] END l2_regularization=0, learning_rate=0.01, max_depth=5, max_iter=300, max_leaf_nodes=31, min_samples_leaf=10; total time=113.7min
[CV] END l2_regularization=0, learning_rate=0.01, max_depth=7, max_iter=100, max_leaf_nodes=63, min_samples_leaf=30; total time=172.6min
[CV] END l2_regularization=1.0, learning_rate=0.01, max_depth=7, max_iter=100, max_leaf_nodes=15, min_samples_leaf=20; total time=73.5min
[CV] END l2_regularization=0, learning_rate=0.01, max_depth=5, max_iter=300, max_leaf_nodes=31, min_samples_leaf=10; total time=110.8min
[CV] END l2_regularization=0.1, learning_rate=0.1, max_depth=7, max_iter=500, max_leaf_nodes=31, min_samples_leaf=10; total time=89.4min
[CV] END l2_regularization=0, learning_rate=0.01, max_depth=5, max_iter=100, max_leaf_nodes=15, min_samples_leaf=20; total time=69.4min
[CV] END l2_regularization=0, learning_rate=0.05, max_depth=5, max_iter=300, max_leaf_nodes=15, min_samples_leaf=30; total time=90.0min
[CV] END l2_regularization=0, learning_rate=0.01, max_depth=5, max_iter=300, max_leaf_nodes=31, min_samples_leaf=10; total time=108.9min
[CV] END l2_regularization=0.1, learning_rate=0.1, max_depth=7, max_iter=500, max_leaf_nodes=31, min_samples_leaf=10; total time=95.3min
[CV] END l2_regularization=0, learning_rate=0.01, max_depth=5, max_iter=100, max_leaf_nodes=15, min_samples_leaf=20; total time=75.1min
[CV] END l2_regularization=1.0, learning_rate=0.01, max_depth=7, max_iter=100, max_leaf_nodes=15, min_samples_leaf=20; total time=71.9min
[CV] END l2_regularization=0, learning_rate=0.01, max_depth=5, max_iter=300, max_leaf_nodes=31, min_samples_leaf=10; total time=116.0min
[CV] END l2_regularization=0.1, learning_rate=0.1, max_depth=7, max_iter=500, max_leaf_nodes=31, min_samples_leaf=10; total time=77.4min
[CV] END l2_regularization=0, learning_rate=0.01, max_depth=5, max_iter=100, max_leaf_nodes=15, min_samples_leaf=20; total time=68.0min
[CV] END l2_regularization=1.0, learning_rate=0.01, max_depth=7, max_iter=100, max_leaf_nodes=15, min_samples_leaf=20; total time=66.3min
[CV] END l2_regularization=0, learning_rate=0.01, max_depth=5, max_iter=300, max_leaf_nodes=31, min_samples_leaf=10; total time=135.4min
[CV] END l2_regularization=0, learning_rate=0.1, max_depth=None, max_iter=300, max_leaf_nodes=63, min_samples_leaf=20; total time=158.8min
[CV] END l2_regularization=0, learning_rate=0.05, max_depth=5, max_iter=300, max_leaf_nodes=15, min_samples_leaf=30; total time=92.2min
[CV] END l2_regularization=0, learning_rate=0.01, max_depth=5, max_iter=300, max_leaf_nodes=31, min_samples_leaf=10; total time=108.1min

Job 1689193 consumed 378.1 billing hours from project ec403.

Submitted 2025-06-12T14:51:46; waited 0.0 seconds in the queue after becoming eligible to run.

Requested wallclock time: 24.0 hours
Elapsed wallclock time:   11.8 hours

Job exited normally.

Task and CPU statistics:
ID             CPUs  Tasks  CPU util                Start  Elapsed  Exit status
1689193          16            0.0 %  2025-06-12T14:51:46   11.8 h  0
1689193.batch    16      1    96.2 %  2025-06-12T14:51:46   11.8 h  0

Used CPU time:   7.6 CPU days
Unused CPU time: 7.2 CPU hours

Memory statistics, in GiB:
ID              Alloc   Usage
1689193         128.0        
1689193.batch   128.0    22.8

Job 1689193 completed at Fri Jun 13 02:40:39 CEST 2025
