Starting job 1836093 on gpu-9 on fox at Tue Jul 29 21:39:38 CEST 2025

2025-07-29 21:40:24,020: Argument CI: False
2025-07-29 21:40:24,021: Argument all_landmarks: True
2025-07-29 21:40:24,021: Argument batch_size: 8
2025-07-29 21:40:24,021: Argument cache_dir: '/cluster/work/projects/ec12/michechi/cache'
2025-07-29 21:40:24,021: Argument early: 'loss'
2025-07-29 21:40:24,021: Argument epochs: 20
2025-07-29 21:40:24,021: Argument gradient_accumulation_steps: 1
2025-07-29 21:40:24,021: Argument input_csv: '/fp/homes01/u01/ec-michelec/MIMICIV/data/splitted/splitted/landmark_df_evo.csv'
2025-07-29 21:40:24,021: Argument lr: 2e-05
2025-07-29 21:40:24,021: Argument max_length: 512
2025-07-29 21:40:24,021: Argument max_visits: 3
2025-07-29 21:40:24,021: Argument model_name: 'Charangan/MedBERT'
2025-07-29 21:40:24,021: Argument model_type: 'medical'
2025-07-29 21:40:24,022: Argument patience: 1
2025-07-29 21:40:24,022: Argument peft: False
2025-07-29 21:40:24,022: Argument prompt_type: 'compact_narrative'
2025-07-29 21:40:24,022: Argument seed: 9550
2025-07-29 21:40:24,022: Argument test_csv: '/fp/homes01/u01/ec-michelec/MIMICIV/data/splitted/splitted/landmark_evo_test.csv'
2025-07-29 21:40:24,022: Argument train_csv: '/fp/homes01/u01/ec-michelec/MIMICIV/data/splitted/splitted/landmark_evo_train.csv'
2025-07-29 21:40:24,022: Argument use_quantization: False
2025-07-29 21:40:24,022: Argument val_csv: '/fp/homes01/u01/ec-michelec/MIMICIV/data/splitted/splitted/landmark_evo_vali.csv'
2025-07-29 21:40:24,061: Using prompt type: compact_narrative
/fp/homes01/u01/ec-michelec/MIMICIV/src/Finetuning_rfct.py:79: DtypeWarning: Columns (16,17,18,19) have mixed types. Specify dtype option on import or set low_memory=False.
  full_train_df = pd.read_csv(args.train_csv, na_values=['', 'None', 'NaN', 'na', 'nan']).fillna('')
/fp/homes01/u01/ec-michelec/MIMICIV/src/Finetuning_rfct.py:81: DtypeWarning: Columns (16,17,18,19) have mixed types. Specify dtype option on import or set low_memory=False.
  full_test_df = pd.read_csv(args.test_csv, na_values=['', 'None', 'NaN', 'na', 'nan']).fillna('')
2025-07-29 21:41:01,265: Processing all landmarks from 1 to 3
2025-07-29 21:41:01,265: Preparing data for Landmark 1
/fp/projects01/ec30/software/easybuild/software/nlpl-pytorch/2.1.2-foss-2022b-cuda-12.0.0-Python-3.10.8/lib/python3.10/site-packages/torch/_utils.py:831: UserWarning: TypedStorage is deprecated. It will be removed in the future and UntypedStorage will be the only storage class. This should only matter to you if you are using storages directly.  To access UntypedStorage directly, use tensor.untyped_storage() instead of tensor.storage()
  return self.fget.__get__(instance, owner)()
Some weights of BertForSequenceClassification were not initialized from the model checkpoint at Charangan/MedBERT and are newly initialized: ['classifier.bias', 'classifier.weight']
You should probably TRAIN this model on a down-stream task to be able to use it for predictions and inference.
2025-07-29 21:41:10,125: Average train text length: 151.90 words
2025-07-29 21:41:10,126: Average validation text length: 151.07 words
2025-07-29 21:41:10,126: Average test text length: 152.65 words
2025-07-29 21:41:10,126: Training on 14472 samples, validating on 1608, testing on 4020 samples
2025-07-29 21:41:23,206: Fine-tuning at Landmark 1
2025-07-29 21:41:24,588: Early stopping criterion: loss
2025-07-29 21:43:33,707: Landmark 1 | Epoch 1/20 | Train Loss: 0.3814 | Val Loss: 0.3639 | Validation AUC: 0.8141 | F1-Score: 0.1762
2025-07-29 21:43:34,075: New best model saved at /cluster/work/projects/ec12/michechi/cache/best/best_model_Charangan_MedBERT_9550_landmark1_compact_narrative_3_512_all_landmarks_True_20250729_214124_.pt with AUC: 0.8141, F1: 0.1762, Val Loss: 0.3639
2025-07-29 21:45:42,864: Landmark 1 | Epoch 2/20 | Train Loss: 0.3335 | Val Loss: 0.3357 | Validation AUC: 0.8225 | F1-Score: 0.4206
2025-07-29 21:45:43,227: New best model saved at /cluster/work/projects/ec12/michechi/cache/best/best_model_Charangan_MedBERT_9550_landmark1_compact_narrative_3_512_all_landmarks_True_20250729_214124_.pt with AUC: 0.8225, F1: 0.4206, Val Loss: 0.3357
2025-07-29 21:47:52,084: Landmark 1 | Epoch 3/20 | Train Loss: 0.3175 | Val Loss: 0.3386 | Validation AUC: 0.8080 | F1-Score: 0.2716
2025-07-29 21:47:52,084: No improvement in epoch 3. Current best AUC: 0.8225, F1: 0.4206, Val Loss: 0.3357. Epochs without improvement: 1/1
2025-07-29 21:47:52,084: Early stopping triggered at epoch 3. Best AUC: 0.8225, F1: 0.4206, Val Loss: 0.3357
2025-07-29 21:47:52,354: Tempo impiegato per Landmark 1: 389.1 secondi
2025-07-29 21:47:52,355: Tempo medio per epoca: 129.7 secondi
2025-07-29 21:47:52,356: Loading best model from /cluster/work/projects/ec12/michechi/cache/best/best_model_Charangan_MedBERT_9550_landmark1_compact_narrative_3_512_all_landmarks_True_20250729_214124_.pt for final evaluation on test set
2025-07-29 21:48:03,101: Final Test AUC (Landmark 1): 0.8246 | Test F1-Score: 0.4402
2025-07-29 21:48:03,101: Preparing data for Landmark 2
Using device: cuda
Some weights of BertForSequenceClassification were not initialized from the model checkpoint at Charangan/MedBERT and are newly initialized: ['classifier.bias', 'classifier.weight']
You should probably TRAIN this model on a down-stream task to be able to use it for predictions and inference.
2025-07-29 21:48:10,406: Average train text length: 171.18 words
2025-07-29 21:48:10,406: Average validation text length: 171.11 words
2025-07-29 21:48:10,407: Average test text length: 169.35 words
2025-07-29 21:48:10,407: Training on 14472 samples, validating on 1608, testing on 4020 samples
2025-07-29 21:48:25,254: Fine-tuning at Landmark 2
2025-07-29 21:48:25,259: Early stopping criterion: loss
2025-07-29 21:50:34,331: Landmark 2 | Epoch 1/20 | Train Loss: 0.3773 | Val Loss: 0.3143 | Validation AUC: 0.8832 | F1-Score: 0.4884
2025-07-29 21:50:34,677: New best model saved at /cluster/work/projects/ec12/michechi/cache/best/best_model_Charangan_MedBERT_9550_landmark2_compact_narrative_3_512_all_landmarks_True_20250729_214825_.pt with AUC: 0.8832, F1: 0.4884, Val Loss: 0.3143
2025-07-29 21:52:43,903: Landmark 2 | Epoch 2/20 | Train Loss: 0.3100 | Val Loss: 0.2772 | Validation AUC: 0.8857 | F1-Score: 0.4944
2025-07-29 21:52:44,242: New best model saved at /cluster/work/projects/ec12/michechi/cache/best/best_model_Charangan_MedBERT_9550_landmark2_compact_narrative_3_512_all_landmarks_True_20250729_214825_.pt with AUC: 0.8857, F1: 0.4944, Val Loss: 0.2772
2025-07-29 21:54:53,028: Landmark 2 | Epoch 3/20 | Train Loss: 0.2877 | Val Loss: 0.2981 | Validation AUC: 0.8736 | F1-Score: 0.5168
2025-07-29 21:54:53,028: No improvement in epoch 3. Current best AUC: 0.8857, F1: 0.4944, Val Loss: 0.2772. Epochs without improvement: 1/1
2025-07-29 21:54:53,028: Early stopping triggered at epoch 3. Best AUC: 0.8857, F1: 0.4944, Val Loss: 0.2772
2025-07-29 21:54:53,276: Tempo impiegato per Landmark 2: 388.0 secondi
2025-07-29 21:54:53,276: Tempo medio per epoca: 129.3 secondi
2025-07-29 21:54:53,278: Loading best model from /cluster/work/projects/ec12/michechi/cache/best/best_model_Charangan_MedBERT_9550_landmark2_compact_narrative_3_512_all_landmarks_True_20250729_214825_.pt for final evaluation on test set
2025-07-29 21:55:04,021: Final Test AUC (Landmark 2): 0.8504 | Test F1-Score: 0.3991
2025-07-29 21:55:04,021: Preparing data for Landmark 3
Using device: cuda
Some weights of BertForSequenceClassification were not initialized from the model checkpoint at Charangan/MedBERT and are newly initialized: ['classifier.bias', 'classifier.weight']
You should probably TRAIN this model on a down-stream task to be able to use it for predictions and inference.
2025-07-29 21:55:15,234: Average train text length: 199.70 words
2025-07-29 21:55:15,234: Average validation text length: 196.21 words
2025-07-29 21:55:15,234: Average test text length: 199.22 words
2025-07-29 21:55:15,234: Training on 14472 samples, validating on 1608, testing on 4020 samples
2025-07-29 21:55:32,011: Fine-tuning at Landmark 3
2025-07-29 21:55:32,019: Early stopping criterion: loss
2025-07-29 21:57:41,258: Landmark 3 | Epoch 1/20 | Train Loss: 0.2839 | Val Loss: 0.2106 | Validation AUC: 0.9457 | F1-Score: 0.6955
2025-07-29 21:57:41,579: New best model saved at /cluster/work/projects/ec12/michechi/cache/best/best_model_Charangan_MedBERT_9550_landmark3_compact_narrative_3_512_all_landmarks_True_20250729_215532_.pt with AUC: 0.9457, F1: 0.6955, Val Loss: 0.2106
2025-07-29 21:59:51,277: Landmark 3 | Epoch 2/20 | Train Loss: 0.2069 | Val Loss: 0.2138 | Validation AUC: 0.9358 | F1-Score: 0.7067
2025-07-29 21:59:51,277: No improvement in epoch 2. Current best AUC: 0.9457, F1: 0.6955, Val Loss: 0.2106. Epochs without improvement: 1/1
2025-07-29 21:59:51,277: Early stopping triggered at epoch 2. Best AUC: 0.9457, F1: 0.6955, Val Loss: 0.2106
2025-07-29 21:59:51,534: Tempo impiegato per Landmark 3: 259.5 secondi
2025-07-29 21:59:51,534: Tempo medio per epoca: 129.8 secondi
2025-07-29 21:59:51,536: Loading best model from /cluster/work/projects/ec12/michechi/cache/best/best_model_Charangan_MedBERT_9550_landmark3_compact_narrative_3_512_all_landmarks_True_20250729_215532_.pt for final evaluation on test set
2025-07-29 22:00:02,284: Final Test AUC (Landmark 3): 0.9406 | Test F1-Score: 0.6950
2025-07-29 22:00:02,285: Saving results to results_medical_True_Charangan_MedBERT_visits3_9550_compact_narrative_20250729_220002.csv
Using device: cuda
   Landmark Val AUC  ... Validation Loss Training Time (s)
0         1  0.8225  ...          0.3357             389.1
1         2  0.8857  ...          0.2772             388.0
2         3  0.9457  ...          0.2106             259.5

[3 rows x 9 columns]

Job 1836093 consumed 6.5 billing hours from project ec12.

Submitted 2025-07-29T21:39:37; waited 0.0 seconds in the queue after becoming eligible to run.

Requested wallclock time: 24.0 hours
Elapsed wallclock time:   20.5 minutes

Job exited normally.

Task and CPU statistics:
ID             CPUs  Tasks  CPU util                Start   Elapsed  Exit status
1836093          16            0.0 %  2025-07-29T21:39:37  1230.0 s  0
1836093.batch    16      1     6.0 %  2025-07-29T21:39:37  1230.0 s  0

Used CPU time:   19.8 CPU minutes
Unused CPU time: 5.1 CPU hours

Memory statistics, in GiB:
ID              Alloc   Usage
1836093          32.0        
1836093.batch    32.0    10.3

GPU usage stats:
Job 1836093 completed at Tue Jul 29 22:00:07 CEST 2025
