Starting job 1855296 on gpu-9 on fox at Fri Aug 15 15:59:16 CEST 2025

2025-08-15 15:59:57,906: Argument CI: False
2025-08-15 15:59:57,906: Argument all_landmarks: True
2025-08-15 15:59:57,906: Argument batch_size: 8
2025-08-15 15:59:57,906: Argument cache_dir: '/cluster/work/projects/ec12/michechi/cache'
2025-08-15 15:59:57,906: Argument early: 'loss'
2025-08-15 15:59:57,906: Argument epochs: 20
2025-08-15 15:59:57,906: Argument gradient_accumulation_steps: 1
2025-08-15 15:59:57,906: Argument input_csv: '/fp/homes01/u01/ec-michelec/MIMICIV/data/splitted/splitted/landmark_df_evo.csv'
2025-08-15 15:59:57,906: Argument lr: 2e-05
2025-08-15 15:59:57,906: Argument max_length: 512
2025-08-15 15:59:57,906: Argument max_visits: 4
2025-08-15 15:59:57,906: Argument model_name: 'emilyalsentzer/Bio_ClinicalBERT'
2025-08-15 15:59:57,906: Argument model_type: 'medical'
2025-08-15 15:59:57,906: Argument patience: 1
2025-08-15 15:59:57,906: Argument peft: False
2025-08-15 15:59:57,906: Argument prompt_type: 'compact'
2025-08-15 15:59:57,906: Argument seed: 4550
2025-08-15 15:59:57,906: Argument test_csv: '/fp/homes01/u01/ec-michelec/MIMICIV/data/splitted/splitted/landmark_evo_test_dod_fxd.csv'
2025-08-15 15:59:57,906: Argument train_csv: '/fp/homes01/u01/ec-michelec/MIMICIV/data/splitted/splitted/landmark_evo_train_dod_fxd.csv'
2025-08-15 15:59:57,906: Argument use_quantization: False
2025-08-15 15:59:57,906: Argument val_csv: '/fp/homes01/u01/ec-michelec/MIMICIV/data/splitted/splitted/landmark_evo_vali_dod_fxd.csv'
2025-08-15 15:59:57,906: Argument when_counting_death: 'last_visit'
2025-08-15 15:59:57,946: Using prompt type: compact
/fp/homes01/u01/ec-michelec/MIMICIV/src/Finetuning_rfct.py:79: DtypeWarning: Columns (16,17,18,19) have mixed types. Specify dtype option on import or set low_memory=False.
  full_train_df = pd.read_csv(args.train_csv, na_values=['', 'None', 'NaN', 'na', 'nan']).fillna('')
/fp/homes01/u01/ec-michelec/MIMICIV/src/Finetuning_rfct.py:81: DtypeWarning: Columns (16,17,18,19) have mixed types. Specify dtype option on import or set low_memory=False.
  full_test_df = pd.read_csv(args.test_csv, na_values=['', 'None', 'NaN', 'na', 'nan']).fillna('')
2025-08-15 16:00:29,503: Processing all landmarks from 1 to 4
2025-08-15 16:00:29,503: Preparing data for Landmark 1
/fp/projects01/ec30/software/easybuild/software/nlpl-pytorch/2.1.2-foss-2022b-cuda-12.0.0-Python-3.10.8/lib/python3.10/site-packages/torch/_utils.py:831: UserWarning: TypedStorage is deprecated. It will be removed in the future and UntypedStorage will be the only storage class. This should only matter to you if you are using storages directly.  To access UntypedStorage directly, use tensor.untyped_storage() instead of tensor.storage()
  return self.fget.__get__(instance, owner)()
Some weights of BertForSequenceClassification were not initialized from the model checkpoint at emilyalsentzer/Bio_ClinicalBERT and are newly initialized: ['classifier.bias', 'classifier.weight']
You should probably TRAIN this model on a down-stream task to be able to use it for predictions and inference.
2025-08-15 16:00:34,799: Example train text: You are a Doctor.
What is the probability of death in the next 90 days for 43-year-old F patient?
Visit number 1 - EMERGENCY 

Diagnosis history:
	New diagnoses in this visit: Diverticulitis of colon (without mention of hemorrhage); Acute kidney failure, unspecified; Abscess of intestine; Other postoperative infection; Cellulitis and abscess of trunk; Methicillin susceptible Staphylococcus aureus in conditions classified elsewhere and of unspecified site; Removal of other organ (partial) (total) causing abnormal patient reaction, or later complication, without mention of misadventure at time of operation; Hypovolemia; Nausea with vomiting
Prescriptions history:
	New medications in this visit: NS; Potassium Chloride; OxycoDONE (Immediate Release) ; Magnesium Citrate; SW; Magnesium Sulfate; Prochlorperazine; Lorazepam; HYDROmorphone (Dilaudid); Iso-Osmotic Dextrose; Piperacillin-Tazobactam Na; Potassium Chl 20 mEq / 1000 mL D5 1/2 NS; Insulin; LR; Acetaminophen; Ondansetron; Ketorolac; OxycoDONE-Acetaminophen Elixir; Sodium Chloride 0.9%  Flush; Docusate Sodium; Hydrocodone-Acetaminophen; D5W; Clindamycin; Fluticasone Propionate NASAL; Ciprofloxacin; Pantoprazole; Metoclopramide; Calcium Carbonate; Vancomycin; Cephalexin; Heparin; Bupivacaine 0.5%; Promethazine HCl; D5 1/2NS; Hydrocortisone (Rectal) 2.5% Cream; Morphine Sulfate; Escitalopram Oxalate; Maalox/Diphenhydramine/Lidocaine; Nafcillin; HydrOXYzine; MetRONIDAZOLE (FLagyl); Ibuprofen
Procedures history:
	New procedures in this visit: Open and other sigmoidectomy
2025-08-15 16:00:34,877: Average train text length: 147.64 words
2025-08-15 16:00:34,877: Average validation text length: 151.88 words
2025-08-15 16:00:34,877: Average test text length: 148.93 words
2025-08-15 16:00:34,877: Training on 8040 samples, validating on 894, testing on 2234 samples
2025-08-15 16:00:42,821: Fine-tuning at Landmark 1
2025-08-15 16:00:44,181: Early stopping criterion: loss
2025-08-15 16:01:55,659: Landmark 1 | Epoch 1/20 | Train Loss: 0.4857 | Val Loss: 0.4198 | Validation AUC: 0.7703 | F1-Score: 0.3899
2025-08-15 16:01:56,043: New best model saved at /cluster/work/projects/ec12/michechi/cache/best/best_model_emilyalsentzer_Bio_ClinicalBERT_4550_landmark1_compact_4_512_last_visit_all_landmarks_True_20250815_160044_.pt with AUC: 0.7703, F1: 0.3899, Val Loss: 0.4198
2025-08-15 16:03:07,486: Landmark 1 | Epoch 2/20 | Train Loss: 0.4103 | Val Loss: 0.3861 | Validation AUC: 0.8099 | F1-Score: 0.4281
2025-08-15 16:03:07,810: New best model saved at /cluster/work/projects/ec12/michechi/cache/best/best_model_emilyalsentzer_Bio_ClinicalBERT_4550_landmark1_compact_4_512_last_visit_all_landmarks_True_20250815_160044_.pt with AUC: 0.8099, F1: 0.4281, Val Loss: 0.3861
2025-08-15 16:04:19,139: Landmark 1 | Epoch 3/20 | Train Loss: 0.3816 | Val Loss: 0.3819 | Validation AUC: 0.8174 | F1-Score: 0.4141
2025-08-15 16:04:19,464: New best model saved at /cluster/work/projects/ec12/michechi/cache/best/best_model_emilyalsentzer_Bio_ClinicalBERT_4550_landmark1_compact_4_512_last_visit_all_landmarks_True_20250815_160044_.pt with AUC: 0.8174, F1: 0.4141, Val Loss: 0.3819
2025-08-15 16:05:31,045: Landmark 1 | Epoch 4/20 | Train Loss: 0.3592 | Val Loss: 0.3884 | Validation AUC: 0.8072 | F1-Score: 0.4264
2025-08-15 16:05:31,045: No improvement in epoch 4. Current best AUC: 0.8174, F1: 0.4141, Val Loss: 0.3819. Epochs without improvement: 1/1
2025-08-15 16:05:31,045: Early stopping triggered at epoch 4. Best AUC: 0.8174, F1: 0.4141, Val Loss: 0.3819
2025-08-15 16:05:31,418: Tempo impiegato per Landmark 1: 288.6 secondi
2025-08-15 16:05:31,419: Tempo medio per epoca: 72.1 secondi
2025-08-15 16:05:31,420: Loading best model from /cluster/work/projects/ec12/michechi/cache/best/best_model_emilyalsentzer_Bio_ClinicalBERT_4550_landmark1_compact_4_512_last_visit_all_landmarks_True_20250815_160044_.pt for final evaluation on test set
2025-08-15 16:05:37,552: Final Test AUC (Landmark 1): 0.7878 | Test F1-Score: 0.3272
2025-08-15 16:05:37,552: Preparing data for Landmark 2
Using device: cuda
Some weights of BertForSequenceClassification were not initialized from the model checkpoint at emilyalsentzer/Bio_ClinicalBERT and are newly initialized: ['classifier.bias', 'classifier.weight']
You should probably TRAIN this model on a down-stream task to be able to use it for predictions and inference.
2025-08-15 16:05:42,483: Example train text: You are a Doctor.
What is the probability of death in the next 90 days for 43-year-old F patient?
Visit number 2 - EMERGENCY 
Last visit happened 6.0 days ago.
Diagnosis history:
	New diagnoses in this visit: Esophageal reflux; Diverticulosis of colon (without mention of hemorrhage); Other specified aftercare following surgery
Prescriptions history:
	Chronic medications: Potassium Chl 20 mEq / 1000 mL D5 1/2 NS; LR; Acetaminophen; Ondansetron; Sodium Chloride 0.9%  Flush; Fluticasone Propionate NASAL; Pantoprazole; Heparin; Escitalopram Oxalate
	New medications in this visit: Ranitidine; Promethazine; Ondansetron ODT
Procedures history:
	New procedures in this visit:
2025-08-15 16:05:42,570: Average train text length: 161.13 words
2025-08-15 16:05:42,570: Average validation text length: 161.69 words
2025-08-15 16:05:42,570: Average test text length: 161.01 words
2025-08-15 16:05:42,570: Training on 8040 samples, validating on 894, testing on 2234 samples
2025-08-15 16:05:51,323: Fine-tuning at Landmark 2
2025-08-15 16:05:51,330: Early stopping criterion: loss
2025-08-15 16:07:02,987: Landmark 2 | Epoch 1/20 | Train Loss: 0.4803 | Val Loss: 0.4084 | Validation AUC: 0.7854 | F1-Score: 0.2703
2025-08-15 16:07:03,315: New best model saved at /cluster/work/projects/ec12/michechi/cache/best/best_model_emilyalsentzer_Bio_ClinicalBERT_4550_landmark2_compact_4_512_last_visit_all_landmarks_True_20250815_160551_.pt with AUC: 0.7854, F1: 0.2703, Val Loss: 0.4084
2025-08-15 16:08:14,793: Landmark 2 | Epoch 2/20 | Train Loss: 0.3946 | Val Loss: 0.3734 | Validation AUC: 0.8237 | F1-Score: 0.3938
2025-08-15 16:08:15,122: New best model saved at /cluster/work/projects/ec12/michechi/cache/best/best_model_emilyalsentzer_Bio_ClinicalBERT_4550_landmark2_compact_4_512_last_visit_all_landmarks_True_20250815_160551_.pt with AUC: 0.8237, F1: 0.3938, Val Loss: 0.3734
2025-08-15 16:09:26,833: Landmark 2 | Epoch 3/20 | Train Loss: 0.3682 | Val Loss: 0.3691 | Validation AUC: 0.8270 | F1-Score: 0.3493
2025-08-15 16:09:27,146: New best model saved at /cluster/work/projects/ec12/michechi/cache/best/best_model_emilyalsentzer_Bio_ClinicalBERT_4550_landmark2_compact_4_512_last_visit_all_landmarks_True_20250815_160551_.pt with AUC: 0.8270, F1: 0.3493, Val Loss: 0.3691
2025-08-15 16:10:38,716: Landmark 2 | Epoch 4/20 | Train Loss: 0.3485 | Val Loss: 0.3702 | Validation AUC: 0.8262 | F1-Score: 0.4250
2025-08-15 16:10:38,716: No improvement in epoch 4. Current best AUC: 0.8270, F1: 0.3493, Val Loss: 0.3691. Epochs without improvement: 1/1
2025-08-15 16:10:38,716: Early stopping triggered at epoch 4. Best AUC: 0.8270, F1: 0.3493, Val Loss: 0.3691
2025-08-15 16:10:39,071: Tempo impiegato per Landmark 2: 287.7 secondi
2025-08-15 16:10:39,071: Tempo medio per epoca: 71.9 secondi
2025-08-15 16:10:39,073: Loading best model from /cluster/work/projects/ec12/michechi/cache/best/best_model_emilyalsentzer_Bio_ClinicalBERT_4550_landmark2_compact_4_512_last_visit_all_landmarks_True_20250815_160551_.pt for final evaluation on test set
2025-08-15 16:10:45,158: Final Test AUC (Landmark 2): 0.8120 | Test F1-Score: 0.3374
2025-08-15 16:10:45,158: Preparing data for Landmark 3
Using device: cuda
Some weights of BertForSequenceClassification were not initialized from the model checkpoint at emilyalsentzer/Bio_ClinicalBERT and are newly initialized: ['classifier.bias', 'classifier.weight']
You should probably TRAIN this model on a down-stream task to be able to use it for predictions and inference.
2025-08-15 16:10:51,333: Example train text: You are a Doctor.
What is the probability of death in the next 90 days for 46-year-old F patient?
Visit number 3 - NORMAL 
Last visit happened 1127.0 days ago.
Diagnosis history:
	New diagnoses in this visit: Chest pain, unspecified; Orthostatic hypotension
Prescriptions history:
	Chronic medications: Potassium Chl 20 mEq / 1000 mL D5 1/2 NS; LR; Acetaminophen; Ondansetron; Sodium Chloride 0.9%  Flush; Fluticasone Propionate NASAL; Pantoprazole; Heparin; Escitalopram Oxalate
	New medications in this visit:
Procedures history:
	Chronic procedures:
2025-08-15 16:10:51,431: Average train text length: 182.12 words
2025-08-15 16:10:51,431: Average validation text length: 182.95 words
2025-08-15 16:10:51,431: Average test text length: 180.96 words
2025-08-15 16:10:51,431: Training on 8040 samples, validating on 894, testing on 2234 samples
2025-08-15 16:11:01,288: Fine-tuning at Landmark 3
2025-08-15 16:11:01,296: Early stopping criterion: loss
2025-08-15 16:12:13,039: Landmark 3 | Epoch 1/20 | Train Loss: 0.4624 | Val Loss: 0.3738 | Validation AUC: 0.8286 | F1-Score: 0.4412
2025-08-15 16:12:13,348: New best model saved at /cluster/work/projects/ec12/michechi/cache/best/best_model_emilyalsentzer_Bio_ClinicalBERT_4550_landmark3_compact_4_512_last_visit_all_landmarks_True_20250815_161101_.pt with AUC: 0.8286, F1: 0.4412, Val Loss: 0.3738
2025-08-15 16:13:25,157: Landmark 3 | Epoch 2/20 | Train Loss: 0.3765 | Val Loss: 0.3408 | Validation AUC: 0.8702 | F1-Score: 0.5563
2025-08-15 16:13:25,478: New best model saved at /cluster/work/projects/ec12/michechi/cache/best/best_model_emilyalsentzer_Bio_ClinicalBERT_4550_landmark3_compact_4_512_last_visit_all_landmarks_True_20250815_161101_.pt with AUC: 0.8702, F1: 0.5563, Val Loss: 0.3408
2025-08-15 16:14:37,267: Landmark 3 | Epoch 3/20 | Train Loss: 0.3356 | Val Loss: 0.3427 | Validation AUC: 0.8639 | F1-Score: 0.5286
2025-08-15 16:14:37,267: No improvement in epoch 3. Current best AUC: 0.8702, F1: 0.5563, Val Loss: 0.3408. Epochs without improvement: 1/1
2025-08-15 16:14:37,267: Early stopping triggered at epoch 3. Best AUC: 0.8702, F1: 0.5563, Val Loss: 0.3408
2025-08-15 16:14:37,624: Tempo impiegato per Landmark 3: 216.3 secondi
2025-08-15 16:14:37,625: Tempo medio per epoca: 72.1 secondi
2025-08-15 16:14:37,627: Loading best model from /cluster/work/projects/ec12/michechi/cache/best/best_model_emilyalsentzer_Bio_ClinicalBERT_4550_landmark3_compact_4_512_last_visit_all_landmarks_True_20250815_161101_.pt for final evaluation on test set
2025-08-15 16:14:43,712: Final Test AUC (Landmark 3): 0.8455 | Test F1-Score: 0.4597
2025-08-15 16:14:43,712: Preparing data for Landmark 4
Using device: cuda
Some weights of BertForSequenceClassification were not initialized from the model checkpoint at emilyalsentzer/Bio_ClinicalBERT and are newly initialized: ['classifier.bias', 'classifier.weight']
You should probably TRAIN this model on a down-stream task to be able to use it for predictions and inference.
2025-08-15 16:14:50,864: Example train text: You are a Doctor.
What is the probability of death in the next 90 days for 47-year-old F patient?
Visit number 4 - NORMAL 
Last visit happened 233.0 days ago.
Diagnosis history:
	Chronic diagnoses: Esophageal reflux; Diverticulosis of colon (without mention of hemorrhage)
	New diagnoses in this visit: Other specified disorders of intestine; Ulceration of intestine; Other and unspecified ovarian cyst; Intestinal bypass or anastomosis status; Anxiety state, unspecified
Prescriptions history:
	Chronic medications: Lorazepam; HYDROmorphone (Dilaudid); Potassium Chl 20 mEq / 1000 mL D5 1/2 NS; LR; Acetaminophen; Ondansetron; Ketorolac; Sodium Chloride 0.9%  Flush; Docusate Sodium; Fluticasone Propionate NASAL; Pantoprazole; Calcium Carbonate; Heparin; Escitalopram Oxalate; Ranitidine; Ondansetron ODT
	New medications in this visit: Senna; Vitamin D; Omeprazole; Desitin; 0.45% Sodium Chloride; 0.9% Sodium Chloride; Multivitamins; Influenza Virus Vaccine; Golytely; Neutra-Phos; Fish Oil (Omega 3); Naproxen
Procedures history:
	Chronic procedures:
	New procedures in this visit: Closed [endoscopic] biopsy of large intestine
2025-08-15 16:14:50,980: Average train text length: 211.68 words
2025-08-15 16:14:50,981: Average validation text length: 212.55 words
2025-08-15 16:14:50,981: Average test text length: 212.17 words
2025-08-15 16:14:50,981: Training on 8040 samples, validating on 894, testing on 2234 samples
2025-08-15 16:15:02,668: Fine-tuning at Landmark 4
2025-08-15 16:15:02,673: Early stopping criterion: loss
2025-08-15 16:16:14,234: Landmark 4 | Epoch 1/20 | Train Loss: 0.3867 | Val Loss: 0.2235 | Validation AUC: 0.9493 | F1-Score: 0.7514
2025-08-15 16:16:14,554: New best model saved at /cluster/work/projects/ec12/michechi/cache/best/best_model_emilyalsentzer_Bio_ClinicalBERT_4550_landmark4_compact_4_512_last_visit_all_landmarks_True_20250815_161502_.pt with AUC: 0.9493, F1: 0.7514, Val Loss: 0.2235
2025-08-15 16:17:26,413: Landmark 4 | Epoch 2/20 | Train Loss: 0.2609 | Val Loss: 0.2358 | Validation AUC: 0.9537 | F1-Score: 0.7636
2025-08-15 16:17:26,414: No improvement in epoch 2. Current best AUC: 0.9493, F1: 0.7514, Val Loss: 0.2235. Epochs without improvement: 1/1
2025-08-15 16:17:26,414: Early stopping triggered at epoch 2. Best AUC: 0.9493, F1: 0.7514, Val Loss: 0.2235
2025-08-15 16:17:26,782: Tempo impiegato per Landmark 4: 144.1 secondi
2025-08-15 16:17:26,783: Tempo medio per epoca: 72.1 secondi
2025-08-15 16:17:26,784: Loading best model from /cluster/work/projects/ec12/michechi/cache/best/best_model_emilyalsentzer_Bio_ClinicalBERT_4550_landmark4_compact_4_512_last_visit_all_landmarks_True_20250815_161502_.pt for final evaluation on test set
2025-08-15 16:17:32,893: Final Test AUC (Landmark 4): 0.9283 | Test F1-Score: 0.7079
2025-08-15 16:17:32,894: Saving results to results_medical_True_emilyalsentzer_Bio_ClinicalBERT_last_visit_visits4_4550_512_compact_20250815_161732.csv
Using device: cuda
   Landmark Val AUC  ... Validation Loss Training Time (s)
0         1  0.8174  ...          0.3819             288.6
1         2  0.8270  ...          0.3691             287.7
2         3  0.8702  ...          0.3408             216.3
3         4  0.9493  ...          0.2235             144.1

[4 rows x 9 columns]

Job 1855296 consumed 5.8 billing hours from project ec12.

Submitted 2025-08-15T15:59:06; waited 10.0 seconds in the queue after becoming eligible to run.

Requested wallclock time: 4.0 hours
Elapsed wallclock time:   18.4 minutes

Job exited normally.

Task and CPU statistics:
ID             CPUs  Tasks  CPU util                Start   Elapsed  Exit status
1855296          16            0.0 %  2025-08-15T15:59:16  1101.0 s  0
1855296.batch    16      1     6.1 %  2025-08-15T15:59:16  1101.0 s  0

Used CPU time:   17.8 CPU minutes
Unused CPU time: 4.6 CPU hours

Memory statistics, in GiB:
ID              Alloc   Usage
1855296          32.0        
1855296.batch    32.0     7.7

GPU usage stats:
Job 1855296 completed at Fri Aug 15 16:17:38 CEST 2025
