Starting job 1663774 on gpu-9 on fox at Mon Jun 2 14:34:52 CEST 2025

2025-06-02 14:35:48,254: Argument batch_size: 8
2025-06-02 14:35:48,254: Argument cache_dir: '/cluster/work/projects/ec403/ec-michechi/Project_M'
2025-06-02 14:35:48,254: Argument epochs: 20
2025-06-02 14:35:48,254: Argument input_csv: '/cluster/work/projects/ec403/ec-michechi/Project_M/data/landmark_df_evo.csv'
2025-06-02 14:35:48,254: Argument lr: 2e-05
2025-06-02 14:35:48,254: Argument max_length: 512
2025-06-02 14:35:48,254: Argument max_visits: 3
2025-06-02 14:35:48,254: Argument model_name: 'Charangan/MedBERT'
2025-06-02 14:35:48,254: Argument model_type: 'medbert'
2025-06-02 14:35:48,254: Argument patience: 3
2025-06-02 14:35:48,254: Argument peft: False
2025-06-02 14:35:48,254: Argument seed: 9550
/fp/projects01/ec30/software/easybuild/software/nlpl-pytorch/2.1.2-foss-2022b-cuda-12.0.0-Python-3.10.8/lib/python3.10/site-packages/torch/_utils.py:831: UserWarning: TypedStorage is deprecated. It will be removed in the future and UntypedStorage will be the only storage class. This should only matter to you if you are using storages directly.  To access UntypedStorage directly, use tensor.untyped_storage() instead of tensor.storage()
  return self.fget.__get__(instance, owner)()
Some weights of BertForSequenceClassification were not initialized from the model checkpoint at Charangan/MedBERT and are newly initialized: ['classifier.bias', 'classifier.weight']
You should probably TRAIN this model on a down-stream task to be able to use it for predictions and inference.
2025-06-02 14:38:05,216: Preparing data for Landmark 1
2025-06-02 14:38:08,109: Average train text length: 147.92 words
2025-06-02 14:38:08,109: Average test text length: 148.18 words
2025-06-02 14:38:08,109: Training on 16086 samples, testing on 4022 samples
2025-06-02 14:38:21,373: Fine-tuning at Landmark 1
/fp/projects01/ec30/software/easybuild/software/nlpl-transformers/4.47.1-foss-2022b-Python-3.10.8/lib/python3.10/site-packages/transformers/optimization.py:591: FutureWarning: This implementation of AdamW is deprecated and will be removed in a future version. Use the PyTorch implementation torch.optim.AdamW instead, or set `no_deprecation_warning=True` to disable this warning
  warnings.warn(
2025-06-02 14:44:23,953: Landmark 1 | Epoch 1/20 | Train Loss: 0.3767 | Val Loss: 0.3610 | Validation AUC: 0.8067 | F1-Score: 0.3712
2025-06-02 14:50:24,422: Landmark 1 | Epoch 2/20 | Train Loss: 0.3340 | Val Loss: 0.3308 | Validation AUC: 0.8170 | F1-Score: 0.0000
2025-06-02 14:56:24,841: Landmark 1 | Epoch 3/20 | Train Loss: 0.3193 | Val Loss: 0.3281 | Validation AUC: 0.8164 | F1-Score: 0.0837
2025-06-02 15:02:25,127: Landmark 1 | Epoch 4/20 | Train Loss: 0.2997 | Val Loss: 0.3403 | Validation AUC: 0.8126 | F1-Score: 0.3443
2025-06-02 15:08:25,489: Landmark 1 | Epoch 5/20 | Train Loss: 0.2703 | Val Loss: 0.3597 | Validation AUC: 0.8020 | F1-Score: 0.4039
2025-06-02 15:08:25,490: Early stopping triggered at epoch 5
2025-06-02 15:08:26,704: Tempo impiegato per Landmark 1: 1805.3 secondi
2025-06-02 15:08:26,705: Preparing data for Landmark 2
2025-06-02 15:08:31,136: Average train text length: 159.94 words
2025-06-02 15:08:31,136: Average test text length: 158.47 words
2025-06-02 15:08:31,136: Training on 16086 samples, testing on 4022 samples
2025-06-02 15:08:45,493: Fine-tuning at Landmark 2
/fp/projects01/ec30/software/easybuild/software/nlpl-transformers/4.47.1-foss-2022b-Python-3.10.8/lib/python3.10/site-packages/transformers/optimization.py:591: FutureWarning: This implementation of AdamW is deprecated and will be removed in a future version. Use the PyTorch implementation torch.optim.AdamW instead, or set `no_deprecation_warning=True` to disable this warning
  warnings.warn(
2025-06-02 15:14:46,521: Landmark 2 | Epoch 1/20 | Train Loss: 0.3017 | Val Loss: 0.3033 | Validation AUC: 0.8511 | F1-Score: 0.3845
2025-06-02 15:20:47,628: Landmark 2 | Epoch 2/20 | Train Loss: 0.2929 | Val Loss: 0.3062 | Validation AUC: 0.8518 | F1-Score: 0.4694
2025-06-02 15:26:48,817: Landmark 2 | Epoch 3/20 | Train Loss: 0.2712 | Val Loss: 0.3117 | Validation AUC: 0.8444 | F1-Score: 0.3756
2025-06-02 15:32:49,669: Landmark 2 | Epoch 4/20 | Train Loss: 0.2360 | Val Loss: 0.3404 | Validation AUC: 0.8310 | F1-Score: 0.4635
2025-06-02 15:38:50,574: Landmark 2 | Epoch 5/20 | Train Loss: 0.1871 | Val Loss: 0.3879 | Validation AUC: 0.8209 | F1-Score: 0.4282
2025-06-02 15:38:50,575: Early stopping triggered at epoch 5
2025-06-02 15:38:51,845: Tempo impiegato per Landmark 2: 1806.3 secondi
2025-06-02 15:38:51,845: Preparing data for Landmark 3
2025-06-02 15:38:57,865: Average train text length: 185.42 words
2025-06-02 15:38:57,866: Average test text length: 186.19 words
2025-06-02 15:38:57,866: Training on 16086 samples, testing on 4022 samples
2025-06-02 15:39:13,967: Fine-tuning at Landmark 3
/fp/projects01/ec30/software/easybuild/software/nlpl-transformers/4.47.1-foss-2022b-Python-3.10.8/lib/python3.10/site-packages/transformers/optimization.py:591: FutureWarning: This implementation of AdamW is deprecated and will be removed in a future version. Use the PyTorch implementation torch.optim.AdamW instead, or set `no_deprecation_warning=True` to disable this warning
  warnings.warn(
2025-06-02 15:45:14,497: Landmark 3 | Epoch 1/20 | Train Loss: 0.2040 | Val Loss: 0.2000 | Validation AUC: 0.9437 | F1-Score: 0.7016
2025-06-02 15:51:15,524: Landmark 3 | Epoch 2/20 | Train Loss: 0.1863 | Val Loss: 0.1967 | Validation AUC: 0.9440 | F1-Score: 0.6830
2025-06-02 15:57:16,523: Landmark 3 | Epoch 3/20 | Train Loss: 0.1567 | Val Loss: 0.2154 | Validation AUC: 0.9413 | F1-Score: 0.7189
2025-06-02 16:03:17,221: Landmark 3 | Epoch 4/20 | Train Loss: 0.1220 | Val Loss: 0.2668 | Validation AUC: 0.9395 | F1-Score: 0.6860
2025-06-02 16:09:18,043: Landmark 3 | Epoch 5/20 | Train Loss: 0.0806 | Val Loss: 0.3298 | Validation AUC: 0.9236 | F1-Score: 0.6818
2025-06-02 16:09:18,043: Early stopping triggered at epoch 5
2025-06-02 16:09:18,750: Tempo impiegato per Landmark 3: 1804.8 secondi
2025-06-02 16:09:19,069: 0    0.8170
1    0.8518
2    0.9440
Name: AUC, dtype: object
   Landmark     AUC  ...  Validation Loss Training Time (s)
0         1  0.8170  ...           0.3308            1805.3
1         2  0.8518  ...           0.3062            1806.3
2         3  0.9440  ...           0.1967            1804.8

[3 rows x 6 columns]

Job 1663774 consumed 30.0 billing hours from project ec403.

Submitted 2025-06-02T14:34:51; waited 1.0 seconds in the queue after becoming eligible to run.

Requested wallclock time: 24.0 hours
Elapsed wallclock time:   1.6 hours

Job exited normally.

Task and CPU statistics:
ID             CPUs  Tasks  CPU util                Start  Elapsed  Exit status
1663774          16            0.0 %  2025-06-02T14:34:52    1.6 h  0
1663774.batch    16      1     6.1 %  2025-06-02T14:34:52    1.6 h  0

Used CPU time:   1.6 CPU hours
Unused CPU time: 23.7 CPU hours

Memory statistics, in GiB:
ID              Alloc   Usage
1663774          32.0        
1663774.batch    32.0    21.8

GPU usage stats:
Job 1663774 completed at Mon Jun 2 16:09:30 CEST 2025
