Starting job 1835936 on gpu-5 on fox at Tue Jul 29 12:31:24 CEST 2025

2025-07-29 12:31:44,858: Argument CI: False
2025-07-29 12:31:44,858: Argument all_landmarks: True
2025-07-29 12:31:44,858: Argument batch_size: 8
2025-07-29 12:31:44,858: Argument cache_dir: '/cluster/work/projects/ec12/michechi/cache'
2025-07-29 12:31:44,858: Argument early: 'loss'
2025-07-29 12:31:44,858: Argument epochs: 20
2025-07-29 12:31:44,858: Argument gradient_accumulation_steps: 1
2025-07-29 12:31:44,858: Argument input_csv: '/fp/homes01/u01/ec-michelec/MIMICIV/data/splitted/splitted/landmark_df_evo.csv'
2025-07-29 12:31:44,858: Argument lr: 2e-05
2025-07-29 12:31:44,858: Argument max_length: 512
2025-07-29 12:31:44,858: Argument max_visits: 3
2025-07-29 12:31:44,858: Argument model_name: 'Charangan/MedBERT'
2025-07-29 12:31:44,858: Argument model_type: 'medical'
2025-07-29 12:31:44,858: Argument patience: 1
2025-07-29 12:31:44,858: Argument peft: False
2025-07-29 12:31:44,858: Argument prompt_type: 'full'
2025-07-29 12:31:44,858: Argument seed: 9550
2025-07-29 12:31:44,858: Argument test_csv: '/fp/homes01/u01/ec-michelec/MIMICIV/data/splitted/splitted/landmark_evo_test.csv'
2025-07-29 12:31:44,858: Argument train_csv: '/fp/homes01/u01/ec-michelec/MIMICIV/data/splitted/splitted/landmark_evo_train.csv'
2025-07-29 12:31:44,858: Argument use_quantization: False
2025-07-29 12:31:44,858: Argument val_csv: '/fp/homes01/u01/ec-michelec/MIMICIV/data/splitted/splitted/landmark_evo_vali.csv'
2025-07-29 12:31:44,867: Using prompt type: full
/fp/homes01/u01/ec-michelec/MIMICIV/src/Finetuning_rfct.py:77: DtypeWarning: Columns (16,17,18,19) have mixed types. Specify dtype option on import or set low_memory=False.
  full_train_df = pd.read_csv(args.train_csv, na_values=['', 'None', 'NaN', 'na', 'nan']).fillna('')
/fp/homes01/u01/ec-michelec/MIMICIV/src/Finetuning_rfct.py:79: DtypeWarning: Columns (16,17,18,19) have mixed types. Specify dtype option on import or set low_memory=False.
  full_test_df = pd.read_csv(args.test_csv, na_values=['', 'None', 'NaN', 'na', 'nan']).fillna('')
2025-07-29 12:32:24,371: Processing all landmarks from 1 to 3
2025-07-29 12:32:24,371: Preparing data for Landmark 1
/fp/projects01/ec30/software/easybuild/software/nlpl-pytorch/2.1.2-foss-2022b-cuda-12.0.0-Python-3.10.8/lib/python3.10/site-packages/torch/_utils.py:831: UserWarning: TypedStorage is deprecated. It will be removed in the future and UntypedStorage will be the only storage class. This should only matter to you if you are using storages directly.  To access UntypedStorage directly, use tensor.untyped_storage() instead of tensor.storage()
  return self.fget.__get__(instance, owner)()
Some weights of BertForSequenceClassification were not initialized from the model checkpoint at Charangan/MedBERT and are newly initialized: ['classifier.bias', 'classifier.weight']
You should probably TRAIN this model on a down-stream task to be able to use it for predictions and inference.
2025-07-29 12:32:31,778: Average train text length: 138.90 words
2025-07-29 12:32:31,778: Average validation text length: 138.07 words
2025-07-29 12:32:31,778: Average test text length: 139.65 words
2025-07-29 12:32:31,778: Training on 14472 samples, validating on 1608, testing on 4020 samples
2025-07-29 12:32:44,112: Fine-tuning at Landmark 1
2025-07-29 12:32:44,983: Early stopping criterion: loss
2025-07-29 12:37:44,819: Landmark 1 | Epoch 1/20 | Train Loss: 0.3781 | Val Loss: 0.3588 | Validation AUC: 0.8091 | F1-Score: 0.0820
2025-07-29 12:37:45,147: New best model saved at /cluster/work/projects/ec12/michechi/cache/best/best_model_Charangan_MedBERT_9550_landmark1_full_3_512_all_landmarks_True_20250729_123244_.pt with AUC: 0.8091, F1: 0.0820, Val Loss: 0.3588
2025-07-29 12:42:45,240: Landmark 1 | Epoch 2/20 | Train Loss: 0.3342 | Val Loss: 0.3224 | Validation AUC: 0.8308 | F1-Score: 0.3504
2025-07-29 12:42:45,568: New best model saved at /cluster/work/projects/ec12/michechi/cache/best/best_model_Charangan_MedBERT_9550_landmark1_full_3_512_all_landmarks_True_20250729_123244_.pt with AUC: 0.8308, F1: 0.3504, Val Loss: 0.3224
2025-07-29 12:47:45,633: Landmark 1 | Epoch 3/20 | Train Loss: 0.3161 | Val Loss: 0.3297 | Validation AUC: 0.8165 | F1-Score: 0.3522
2025-07-29 12:47:45,633: No improvement in epoch 3. Current best AUC: 0.8308, F1: 0.3504, Val Loss: 0.3224. Epochs without improvement: 1/1
2025-07-29 12:47:45,633: Early stopping triggered at epoch 3. Best AUC: 0.8308, F1: 0.3504, Val Loss: 0.3224
2025-07-29 12:47:45,908: Tempo impiegato per Landmark 1: 901.8 secondi
2025-07-29 12:47:45,909: Tempo medio per epoca: 300.6 secondi
2025-07-29 12:47:45,910: Loading best model from /cluster/work/projects/ec12/michechi/cache/best/best_model_Charangan_MedBERT_9550_landmark1_full_3_512_all_landmarks_True_20250729_123244_.pt for final evaluation on test set
2025-07-29 12:48:09,112: Final Test AUC (Landmark 1): 0.8231 | Test F1-Score: 0.3645
2025-07-29 12:48:09,113: Preparing data for Landmark 2
Using device: cuda
Some weights of BertForSequenceClassification were not initialized from the model checkpoint at Charangan/MedBERT and are newly initialized: ['classifier.bias', 'classifier.weight']
You should probably TRAIN this model on a down-stream task to be able to use it for predictions and inference.
2025-07-29 12:48:16,801: Average train text length: 254.75 words
2025-07-29 12:48:16,801: Average validation text length: 253.84 words
2025-07-29 12:48:16,801: Average test text length: 253.66 words
2025-07-29 12:48:16,801: Training on 14472 samples, validating on 1608, testing on 4020 samples
2025-07-29 12:48:39,940: Fine-tuning at Landmark 2
2025-07-29 12:48:39,946: Early stopping criterion: loss
2025-07-29 12:53:39,741: Landmark 2 | Epoch 1/20 | Train Loss: 0.3711 | Val Loss: 0.3048 | Validation AUC: 0.8680 | F1-Score: 0.4478
2025-07-29 12:53:40,073: New best model saved at /cluster/work/projects/ec12/michechi/cache/best/best_model_Charangan_MedBERT_9550_landmark2_full_3_512_all_landmarks_True_20250729_124839_.pt with AUC: 0.8680, F1: 0.4478, Val Loss: 0.3048
2025-07-29 12:58:40,247: Landmark 2 | Epoch 2/20 | Train Loss: 0.3183 | Val Loss: 0.2890 | Validation AUC: 0.8750 | F1-Score: 0.4690
2025-07-29 12:58:40,570: New best model saved at /cluster/work/projects/ec12/michechi/cache/best/best_model_Charangan_MedBERT_9550_landmark2_full_3_512_all_landmarks_True_20250729_124839_.pt with AUC: 0.8750, F1: 0.4690, Val Loss: 0.2890
2025-07-29 13:03:40,713: Landmark 2 | Epoch 3/20 | Train Loss: 0.2913 | Val Loss: 0.2890 | Validation AUC: 0.8799 | F1-Score: 0.5362
2025-07-29 13:03:40,713: No improvement in epoch 3. Current best AUC: 0.8750, F1: 0.4690, Val Loss: 0.2890. Epochs without improvement: 1/1
2025-07-29 13:03:40,713: Early stopping triggered at epoch 3. Best AUC: 0.8750, F1: 0.4690, Val Loss: 0.2890
2025-07-29 13:03:40,959: Tempo impiegato per Landmark 2: 901.0 secondi
2025-07-29 13:03:40,960: Tempo medio per epoca: 300.3 secondi
2025-07-29 13:03:40,961: Loading best model from /cluster/work/projects/ec12/michechi/cache/best/best_model_Charangan_MedBERT_9550_landmark2_full_3_512_all_landmarks_True_20250729_124839_.pt for final evaluation on test set
2025-07-29 13:04:04,094: Final Test AUC (Landmark 2): 0.8492 | Test F1-Score: 0.4239
2025-07-29 13:04:04,095: Preparing data for Landmark 3
Using device: cuda
Some weights of BertForSequenceClassification were not initialized from the model checkpoint at Charangan/MedBERT and are newly initialized: ['classifier.bias', 'classifier.weight']
You should probably TRAIN this model on a down-stream task to be able to use it for predictions and inference.
2025-07-29 13:04:14,253: Average train text length: 382.21 words
2025-07-29 13:04:14,253: Average validation text length: 377.55 words
2025-07-29 13:04:14,253: Average test text length: 380.77 words
2025-07-29 13:04:14,253: Training on 14472 samples, validating on 1608, testing on 4020 samples
2025-07-29 13:04:48,506: Fine-tuning at Landmark 3
2025-07-29 13:04:48,512: Early stopping criterion: loss
2025-07-29 13:09:44,563: Landmark 3 | Epoch 1/20 | Train Loss: 0.2826 | Val Loss: 0.2247 | Validation AUC: 0.9415 | F1-Score: 0.6785
2025-07-29 13:09:44,881: New best model saved at /cluster/work/projects/ec12/michechi/cache/best/best_model_Charangan_MedBERT_9550_landmark3_full_3_512_all_landmarks_True_20250729_130448_.pt with AUC: 0.9415, F1: 0.6785, Val Loss: 0.2247
2025-07-29 13:14:41,225: Landmark 3 | Epoch 2/20 | Train Loss: 0.2089 | Val Loss: 0.1910 | Validation AUC: 0.9467 | F1-Score: 0.7264
2025-07-29 13:14:41,541: New best model saved at /cluster/work/projects/ec12/michechi/cache/best/best_model_Charangan_MedBERT_9550_landmark3_full_3_512_all_landmarks_True_20250729_130448_.pt with AUC: 0.9467, F1: 0.7264, Val Loss: 0.1910
2025-07-29 13:19:37,802: Landmark 3 | Epoch 3/20 | Train Loss: 0.1792 | Val Loss: 0.2009 | Validation AUC: 0.9453 | F1-Score: 0.6861
2025-07-29 13:19:37,802: No improvement in epoch 3. Current best AUC: 0.9467, F1: 0.7264, Val Loss: 0.1910. Epochs without improvement: 1/1
2025-07-29 13:19:37,802: Early stopping triggered at epoch 3. Best AUC: 0.9467, F1: 0.7264, Val Loss: 0.1910
2025-07-29 13:19:38,059: Tempo impiegato per Landmark 3: 889.6 secondi
2025-07-29 13:19:38,059: Tempo medio per epoca: 296.5 secondi
2025-07-29 13:19:38,061: Loading best model from /cluster/work/projects/ec12/michechi/cache/best/best_model_Charangan_MedBERT_9550_landmark3_full_3_512_all_landmarks_True_20250729_130448_.pt for final evaluation on test set
2025-07-29 13:20:00,200: Final Test AUC (Landmark 3): 0.9470 | Test F1-Score: 0.7254
2025-07-29 13:20:00,201: Saving results to results_medical_True_Charangan_MedBERT_visits3_9550_full_20250729_132000.csv
Using device: cuda
   Landmark Val AUC  ... Validation Loss Training Time (s)
0         1  0.8308  ...          0.3224             901.8
1         2  0.8750  ...          0.2890             901.0
2         3  0.9467  ...          0.1910             889.6

[3 rows x 9 columns]

Job 1835936 consumed 15.4 billing hours from project ec12.

Submitted 2025-07-29T12:31:14; waited 10.0 seconds in the queue after becoming eligible to run.

Requested wallclock time: 24.0 hours
Elapsed wallclock time:   48.7 minutes

Job exited normally.

Task and CPU statistics:
ID             CPUs  Tasks  CPU util                Start   Elapsed  Exit status
1835936          16            0.0 %  2025-07-29T12:31:24  2921.0 s  0
1835936.batch    16      1     6.2 %  2025-07-29T12:31:24  2921.0 s  0

Used CPU time:   48.3 CPU minutes
Unused CPU time: 12.2 CPU hours

Memory statistics, in GiB:
ID              Alloc   Usage
1835936          32.0        
1835936.batch    32.0    12.5

Job 1835936 completed at Tue Jul 29 13:20:05 CEST 2025
