Starting job 1836046 on gpu-2 on fox at Tue Jul 29 17:53:21 CEST 2025

2025-07-29 17:53:35,560: Argument CI: False
2025-07-29 17:53:35,561: Argument all_landmarks: True
2025-07-29 17:53:35,561: Argument batch_size: 8
2025-07-29 17:53:35,561: Argument cache_dir: '/cluster/work/projects/ec12/michechi/cache'
2025-07-29 17:53:35,561: Argument early: 'loss'
2025-07-29 17:53:35,561: Argument epochs: 20
2025-07-29 17:53:35,561: Argument gradient_accumulation_steps: 1
2025-07-29 17:53:35,561: Argument input_csv: '/fp/homes01/u01/ec-michelec/MIMICIV/data/splitted/splitted/landmark_df_evo.csv'
2025-07-29 17:53:35,561: Argument lr: 2e-05
2025-07-29 17:53:35,561: Argument max_length: 512
2025-07-29 17:53:35,561: Argument max_visits: 3
2025-07-29 17:53:35,562: Argument model_name: 'answerdotai/ModernBERT-large'
2025-07-29 17:53:35,562: Argument model_type: 'medical'
2025-07-29 17:53:35,562: Argument patience: 1
2025-07-29 17:53:35,562: Argument peft: False
2025-07-29 17:53:35,562: Argument prompt_type: 'compact_no_time_rnd'
2025-07-29 17:53:35,562: Argument seed: 9559
2025-07-29 17:53:35,562: Argument test_csv: '/fp/homes01/u01/ec-michelec/MIMICIV/data/splitted/splitted/landmark_evo_test.csv'
2025-07-29 17:53:35,562: Argument train_csv: '/fp/homes01/u01/ec-michelec/MIMICIV/data/splitted/splitted/landmark_evo_train.csv'
2025-07-29 17:53:35,562: Argument use_quantization: False
2025-07-29 17:53:35,562: Argument val_csv: '/fp/homes01/u01/ec-michelec/MIMICIV/data/splitted/splitted/landmark_evo_vali.csv'
2025-07-29 17:53:35,567: Using prompt type: compact_no_time_rnd
/fp/homes01/u01/ec-michelec/MIMICIV/src/Finetuning_rfct.py:79: DtypeWarning: Columns (16,17,18,19) have mixed types. Specify dtype option on import or set low_memory=False.
  full_train_df = pd.read_csv(args.train_csv, na_values=['', 'None', 'NaN', 'na', 'nan']).fillna('')
/fp/homes01/u01/ec-michelec/MIMICIV/src/Finetuning_rfct.py:81: DtypeWarning: Columns (16,17,18,19) have mixed types. Specify dtype option on import or set low_memory=False.
  full_test_df = pd.read_csv(args.test_csv, na_values=['', 'None', 'NaN', 'na', 'nan']).fillna('')
2025-07-29 17:54:11,419: Processing all landmarks from 1 to 3
2025-07-29 17:54:11,419: Preparing data for Landmark 1
Some weights of ModernBertForSequenceClassification were not initialized from the model checkpoint at answerdotai/ModernBERT-large and are newly initialized: ['classifier.bias', 'classifier.weight']
You should probably TRAIN this model on a down-stream task to be able to use it for predictions and inference.
2025-07-29 17:54:23,586: Average train text length: 133.90 words
2025-07-29 17:54:23,586: Average validation text length: 133.07 words
2025-07-29 17:54:23,586: Average test text length: 134.65 words
2025-07-29 17:54:23,586: Training on 14472 samples, validating on 1608, testing on 4020 samples
2025-07-29 17:54:34,008: Fine-tuning at Landmark 1
2025-07-29 17:54:34,014: Early stopping criterion: loss
/fp/homes01/u01/ec-michelec/ModernBERT/lib64/python3.9/site-packages/networkx/utils/backends.py:135: RuntimeWarning: networkx backend defined more than once: nx-loopback
  backends.update(_get_backends("networkx.backends"))
2025-07-29 18:02:04,585: Landmark 1 | Epoch 1/20 | Train Loss: 0.4027 | Val Loss: 0.3745 | Validation AUC: 0.7660 | F1-Score: 0.0000
2025-07-29 18:02:05,984: New best model saved at /cluster/work/projects/ec12/michechi/cache/best/best_model_answerdotai_ModernBERT-large_9559_landmark1_compact_no_time_rnd_3_512_all_landmarks_True_20250729_175434_.pt with AUC: 0.7660, F1: 0.0000, Val Loss: 0.3745
2025-07-29 18:09:22,925: Landmark 1 | Epoch 2/20 | Train Loss: 0.3802 | Val Loss: 0.3688 | Validation AUC: 0.7895 | F1-Score: 0.0171
2025-07-29 18:09:23,978: New best model saved at /cluster/work/projects/ec12/michechi/cache/best/best_model_answerdotai_ModernBERT-large_9559_landmark1_compact_no_time_rnd_3_512_all_landmarks_True_20250729_175434_.pt with AUC: 0.7895, F1: 0.0171, Val Loss: 0.3688
2025-07-29 18:16:39,938: Landmark 1 | Epoch 3/20 | Train Loss: 0.3583 | Val Loss: 0.3303 | Validation AUC: 0.8136 | F1-Score: 0.1379
2025-07-29 18:16:40,987: New best model saved at /cluster/work/projects/ec12/michechi/cache/best/best_model_answerdotai_ModernBERT-large_9559_landmark1_compact_no_time_rnd_3_512_all_landmarks_True_20250729_175434_.pt with AUC: 0.8136, F1: 0.1379, Val Loss: 0.3303
2025-07-29 18:23:57,110: Landmark 1 | Epoch 4/20 | Train Loss: 0.3442 | Val Loss: 0.3803 | Validation AUC: 0.8179 | F1-Score: 0.4618
2025-07-29 18:23:57,110: No improvement in epoch 4. Current best AUC: 0.8136, F1: 0.1379, Val Loss: 0.3303. Epochs without improvement: 1/1
2025-07-29 18:23:57,110: Early stopping triggered at epoch 4. Best AUC: 0.8136, F1: 0.1379, Val Loss: 0.3303
2025-07-29 18:23:57,894: Tempo impiegato per Landmark 1: 1763.9 secondi
2025-07-29 18:23:57,894: Tempo medio per epoca: 441.0 secondi
2025-07-29 18:23:57,896: Loading best model from /cluster/work/projects/ec12/michechi/cache/best/best_model_answerdotai_ModernBERT-large_9559_landmark1_compact_no_time_rnd_3_512_all_landmarks_True_20250729_175434_.pt for final evaluation on test set
2025-07-29 18:24:31,809: Final Test AUC (Landmark 1): 0.8108 | Test F1-Score: 0.1515
2025-07-29 18:24:31,809: Preparing data for Landmark 2
Some weights of ModernBertForSequenceClassification were not initialized from the model checkpoint at answerdotai/ModernBERT-large and are newly initialized: ['classifier.bias', 'classifier.weight']
You should probably TRAIN this model on a down-stream task to be able to use it for predictions and inference.
2025-07-29 18:24:38,890: Average train text length: 137.85 words
2025-07-29 18:24:38,890: Average validation text length: 137.77 words
2025-07-29 18:24:38,890: Average test text length: 136.01 words
2025-07-29 18:24:38,890: Training on 14472 samples, validating on 1608, testing on 4020 samples
2025-07-29 18:24:50,030: Fine-tuning at Landmark 2
2025-07-29 18:24:50,046: Early stopping criterion: loss
2025-07-29 18:32:07,357: Landmark 2 | Epoch 1/20 | Train Loss: 0.3581 | Val Loss: 0.3502 | Validation AUC: 0.8683 | F1-Score: 0.2022
2025-07-29 18:32:08,406: New best model saved at /cluster/work/projects/ec12/michechi/cache/best/best_model_answerdotai_ModernBERT-large_9559_landmark2_compact_no_time_rnd_3_512_all_landmarks_True_20250729_182450_.pt with AUC: 0.8683, F1: 0.2022, Val Loss: 0.3502
2025-07-29 18:39:25,749: Landmark 2 | Epoch 2/20 | Train Loss: 0.3104 | Val Loss: 0.2791 | Validation AUC: 0.8823 | F1-Score: 0.4785
2025-07-29 18:39:26,818: New best model saved at /cluster/work/projects/ec12/michechi/cache/best/best_model_answerdotai_ModernBERT-large_9559_landmark2_compact_no_time_rnd_3_512_all_landmarks_True_20250729_182450_.pt with AUC: 0.8823, F1: 0.4785, Val Loss: 0.2791
2025-07-29 18:46:44,243: Landmark 2 | Epoch 3/20 | Train Loss: 0.2926 | Val Loss: 0.2885 | Validation AUC: 0.8871 | F1-Score: 0.3487
2025-07-29 18:46:44,243: No improvement in epoch 3. Current best AUC: 0.8823, F1: 0.4785, Val Loss: 0.2791. Epochs without improvement: 1/1
2025-07-29 18:46:44,243: Early stopping triggered at epoch 3. Best AUC: 0.8823, F1: 0.4785, Val Loss: 0.2791
2025-07-29 18:46:45,039: Tempo impiegato per Landmark 2: 1315.0 secondi
2025-07-29 18:46:45,040: Tempo medio per epoca: 438.3 secondi
2025-07-29 18:46:45,042: Loading best model from /cluster/work/projects/ec12/michechi/cache/best/best_model_answerdotai_ModernBERT-large_9559_landmark2_compact_no_time_rnd_3_512_all_landmarks_True_20250729_182450_.pt for final evaluation on test set
2025-07-29 18:47:18,967: Final Test AUC (Landmark 2): 0.8512 | Test F1-Score: 0.4406
2025-07-29 18:47:18,967: Preparing data for Landmark 3
Some weights of ModernBertForSequenceClassification were not initialized from the model checkpoint at answerdotai/ModernBERT-large and are newly initialized: ['classifier.bias', 'classifier.weight']
You should probably TRAIN this model on a down-stream task to be able to use it for predictions and inference.
2025-07-29 18:47:27,623: Average train text length: 180.40 words
2025-07-29 18:47:27,623: Average validation text length: 176.07 words
2025-07-29 18:47:27,623: Average test text length: 180.19 words
2025-07-29 18:47:27,624: Training on 14472 samples, validating on 1608, testing on 4020 samples
2025-07-29 18:47:41,640: Fine-tuning at Landmark 3
2025-07-29 18:47:41,660: Early stopping criterion: loss
2025-07-29 18:55:00,488: Landmark 3 | Epoch 1/20 | Train Loss: 0.2881 | Val Loss: 0.2042 | Validation AUC: 0.9442 | F1-Score: 0.6650
2025-07-29 18:55:02,008: New best model saved at /cluster/work/projects/ec12/michechi/cache/best/best_model_answerdotai_ModernBERT-large_9559_landmark3_compact_no_time_rnd_3_512_all_landmarks_True_20250729_184741_.pt with AUC: 0.9442, F1: 0.6650, Val Loss: 0.2042
2025-07-29 19:02:21,568: Landmark 3 | Epoch 2/20 | Train Loss: 0.2127 | Val Loss: 0.2109 | Validation AUC: 0.9539 | F1-Score: 0.5848
2025-07-29 19:02:21,568: No improvement in epoch 2. Current best AUC: 0.9442, F1: 0.6650, Val Loss: 0.2042. Epochs without improvement: 1/1
2025-07-29 19:02:21,568: Early stopping triggered at epoch 2. Best AUC: 0.9442, F1: 0.6650, Val Loss: 0.2042
2025-07-29 19:02:22,401: Tempo impiegato per Landmark 3: 880.8 secondi
2025-07-29 19:02:22,402: Tempo medio per epoca: 440.4 secondi
2025-07-29 19:02:22,404: Loading best model from /cluster/work/projects/ec12/michechi/cache/best/best_model_answerdotai_ModernBERT-large_9559_landmark3_compact_no_time_rnd_3_512_all_landmarks_True_20250729_184741_.pt for final evaluation on test set
2025-07-29 19:02:56,327: Final Test AUC (Landmark 3): 0.9423 | Test F1-Score: 0.6836
2025-07-29 19:02:56,328: Saving results to results_medical_True_answerdotai_ModernBERT-large_visits3_9559_compact_no_time_rnd_20250729_190256.csv
Using device: cuda
Using device: cuda
Using device: cuda
   Landmark Val AUC  ... Validation Loss Training Time (s)
0         1  0.8136  ...          0.3303            1763.9
1         2  0.8823  ...          0.2791            1315.0
2         3  0.9442  ...          0.2042             880.8

[3 rows x 9 columns]

Job 1836046 consumed 22.1 billing hours from project ec12.

Submitted 2025-07-29T17:53:05; waited 16.0 seconds in the queue after becoming eligible to run.

Requested wallclock time: 1.8 days
Elapsed wallclock time:   1.2 hours

Job exited normally.

Task and CPU statistics:
ID             CPUs  Tasks  CPU util                Start  Elapsed  Exit status
1836046          16            0.0 %  2025-07-29T17:53:21    1.2 h  0
1836046.batch    16      1     9.0 %  2025-07-29T17:53:21    1.2 h  0

Used CPU time:   1.7 CPU hours
Unused CPU time: 16.9 CPU hours

Memory statistics, in GiB:
ID              Alloc   Usage
1836046          32.0        
1836046.batch    32.0    10.7

GPU usage stats:
Job 1836046 completed at Tue Jul 29 19:03:01 CEST 2025
