Starting job 1825323 on gpu-11 on fox at Thu Jul 24 17:38:44 CEST 2025

2025-07-24 17:39:29,405: Argument all_landmarks: True
2025-07-24 17:39:29,406: Argument batch_size: 8
2025-07-24 17:39:29,406: Argument cache_dir: '/cluster/work/projects/ec12/michechi/cache'
2025-07-24 17:39:29,406: Argument early: 'loss'
2025-07-24 17:39:29,406: Argument epochs: 20
2025-07-24 17:39:29,406: Argument gradient_accumulation_steps: 1
2025-07-24 17:39:29,406: Argument input_csv: '/fp/homes01/u01/ec-michelec/MIMICIV/data/splitted/splitted/landmark_df_evo.csv'
2025-07-24 17:39:29,406: Argument lr: 2e-05
2025-07-24 17:39:29,406: Argument max_length: 512
2025-07-24 17:39:29,406: Argument max_visits: 3
2025-07-24 17:39:29,406: Argument model_name: 'emilyalsentzer/Bio_ClinicalBERT'
2025-07-24 17:39:29,406: Argument model_type: 'medbert'
2025-07-24 17:39:29,406: Argument patience: 3
2025-07-24 17:39:29,406: Argument peft: False
2025-07-24 17:39:29,406: Argument prompt_type: 'compact_no_time_rnd'
2025-07-24 17:39:29,407: Argument seed: 9550
2025-07-24 17:39:29,407: Argument test_csv: '/fp/homes01/u01/ec-michelec/MIMICIV/data/splitted/splitted/landmark_evo_test.csv'
2025-07-24 17:39:29,407: Argument train_csv: '/fp/homes01/u01/ec-michelec/MIMICIV/data/splitted/splitted/landmark_evo_train.csv'
2025-07-24 17:39:29,407: Argument use_quantization: False
2025-07-24 17:39:29,407: Argument val_csv: '/fp/homes01/u01/ec-michelec/MIMICIV/data/splitted/splitted/landmark_evo_vali.csv'
2025-07-24 17:39:30,201: Using prompt type: compact_no_time_rnd
/fp/homes01/u01/ec-michelec/MIMICIV/src/Finetuning.py:450: DtypeWarning: Columns (16,17,18,19) have mixed types. Specify dtype option on import or set low_memory=False.
  full_train_df = pd.read_csv(args.train_csv, na_values=['', 'None', 'NaN', 'na', 'nan']).fillna('')
/fp/homes01/u01/ec-michelec/MIMICIV/src/Finetuning.py:452: DtypeWarning: Columns (16,17,18,19) have mixed types. Specify dtype option on import or set low_memory=False.
  full_test_df = pd.read_csv(args.test_csv, na_values=['', 'None', 'NaN', 'na', 'nan']).fillna('')
2025-07-24 17:40:07,251: Processing all landmarks from 1 to 3
2025-07-24 17:40:07,252: Preparing data for Landmark 1
/fp/projects01/ec30/software/easybuild/software/nlpl-pytorch/2.1.2-foss-2022b-cuda-12.0.0-Python-3.10.8/lib/python3.10/site-packages/torch/_utils.py:831: UserWarning: TypedStorage is deprecated. It will be removed in the future and UntypedStorage will be the only storage class. This should only matter to you if you are using storages directly.  To access UntypedStorage directly, use tensor.untyped_storage() instead of tensor.storage()
  return self.fget.__get__(instance, owner)()
Some weights of BertForSequenceClassification were not initialized from the model checkpoint at emilyalsentzer/Bio_ClinicalBERT and are newly initialized: ['classifier.bias', 'classifier.weight']
You should probably TRAIN this model on a down-stream task to be able to use it for predictions and inference.
2025-07-24 17:40:13,228: Average train text length: 133.90 words
2025-07-24 17:40:13,229: Average validation text length: 133.07 words
2025-07-24 17:40:13,229: Average test text length: 134.65 words
2025-07-24 17:40:13,229: Training on 14472 samples, validating on 1608, testing on 4020 samples
2025-07-24 17:40:26,828: Fine-tuning at Landmark 1
2025-07-24 17:40:28,290: Early stopping criterion: loss
2025-07-24 17:45:33,733: Landmark 1 | Epoch 1/20 | Train Loss: 0.3877 | Val Loss: 0.3611 | Validation AUC: 0.7889 | F1-Score: 0.0000
2025-07-24 17:50:39,543: Landmark 1 | Epoch 2/20 | Train Loss: 0.3444 | Val Loss: 0.3193 | Validation AUC: 0.8278 | F1-Score: 0.3111
2025-07-24 17:55:44,950: Landmark 1 | Epoch 3/20 | Train Loss: 0.3236 | Val Loss: 0.3221 | Validation AUC: 0.8256 | F1-Score: 0.3259
2025-07-24 18:00:50,124: Landmark 1 | Epoch 4/20 | Train Loss: 0.3014 | Val Loss: 0.3225 | Validation AUC: 0.8337 | F1-Score: 0.4390
2025-07-24 18:05:55,234: Landmark 1 | Epoch 5/20 | Train Loss: 0.2625 | Val Loss: 0.3556 | Validation AUC: 0.8221 | F1-Score: 0.4537
2025-07-24 18:05:55,239: Early stopping triggered at epoch 5
2025-07-24 18:05:55,844: Tempo impiegato per Landmark 1: 1529.0 secondi
2025-07-24 18:05:55,844: Tempo medio per epoca: 305.8 secondi
2025-07-24 18:05:55,846: Loading best model from /cluster/work/projects/ec12/michechi/cache/best/best_model_emilyalsentzer_Bio_ClinicalBERT_landmark1_compact_no_time_rnd_3_512_all_landmarks_True_20250724_174028_.pt for final evaluation on test set
2025-07-24 18:06:19,423: Final Test AUC (Landmark 1): 0.8275 | Test F1-Score: 0.3120
2025-07-24 18:06:19,423: Preparing data for Landmark 2
Using device: cuda
Some weights of BertForSequenceClassification were not initialized from the model checkpoint at emilyalsentzer/Bio_ClinicalBERT and are newly initialized: ['classifier.bias', 'classifier.weight']
You should probably TRAIN this model on a down-stream task to be able to use it for predictions and inference.
2025-07-24 18:06:25,310: Average train text length: 137.85 words
2025-07-24 18:06:25,311: Average validation text length: 137.77 words
2025-07-24 18:06:25,311: Average test text length: 136.01 words
2025-07-24 18:06:25,311: Training on 14472 samples, validating on 1608, testing on 4020 samples
2025-07-24 18:06:40,074: Fine-tuning at Landmark 2
2025-07-24 18:06:40,078: Early stopping criterion: loss
2025-07-24 18:11:44,986: Landmark 2 | Epoch 1/20 | Train Loss: 0.3874 | Val Loss: 0.3235 | Validation AUC: 0.8605 | F1-Score: 0.4202
2025-07-24 18:16:50,285: Landmark 2 | Epoch 2/20 | Train Loss: 0.3181 | Val Loss: 0.2855 | Validation AUC: 0.8768 | F1-Score: 0.4062
2025-07-24 18:21:55,238: Landmark 2 | Epoch 3/20 | Train Loss: 0.2947 | Val Loss: 0.3007 | Validation AUC: 0.8707 | F1-Score: 0.5166
2025-07-24 18:26:59,850: Landmark 2 | Epoch 4/20 | Train Loss: 0.2647 | Val Loss: 0.2979 | Validation AUC: 0.8697 | F1-Score: 0.4894
2025-07-24 18:32:04,409: Landmark 2 | Epoch 5/20 | Train Loss: 0.2157 | Val Loss: 0.3580 | Validation AUC: 0.8456 | F1-Score: 0.4920
2025-07-24 18:32:04,410: Early stopping triggered at epoch 5
2025-07-24 18:32:04,776: Tempo impiegato per Landmark 2: 1524.7 secondi
2025-07-24 18:32:04,776: Tempo medio per epoca: 304.9 secondi
2025-07-24 18:32:04,778: Loading best model from /cluster/work/projects/ec12/michechi/cache/best/best_model_emilyalsentzer_Bio_ClinicalBERT_landmark2_compact_no_time_rnd_3_512_all_landmarks_True_20250724_180640_.pt for final evaluation on test set
2025-07-24 18:32:28,199: Final Test AUC (Landmark 2): 0.8484 | Test F1-Score: 0.3483
2025-07-24 18:32:28,200: Preparing data for Landmark 3
Using device: cuda
Some weights of BertForSequenceClassification were not initialized from the model checkpoint at emilyalsentzer/Bio_ClinicalBERT and are newly initialized: ['classifier.bias', 'classifier.weight']
You should probably TRAIN this model on a down-stream task to be able to use it for predictions and inference.
2025-07-24 18:32:36,471: Average train text length: 180.40 words
2025-07-24 18:32:36,471: Average validation text length: 176.07 words
2025-07-24 18:32:36,471: Average test text length: 180.19 words
2025-07-24 18:32:36,471: Training on 14472 samples, validating on 1608, testing on 4020 samples
2025-07-24 18:32:54,708: Fine-tuning at Landmark 3
2025-07-24 18:32:54,712: Early stopping criterion: loss
2025-07-24 18:37:58,302: Landmark 3 | Epoch 1/20 | Train Loss: 0.3040 | Val Loss: 0.2052 | Validation AUC: 0.9451 | F1-Score: 0.7037
2025-07-24 18:43:02,629: Landmark 3 | Epoch 2/20 | Train Loss: 0.2112 | Val Loss: 0.1901 | Validation AUC: 0.9515 | F1-Score: 0.7118
2025-07-24 18:48:06,818: Landmark 3 | Epoch 3/20 | Train Loss: 0.1870 | Val Loss: 0.1906 | Validation AUC: 0.9551 | F1-Score: 0.7407
2025-07-24 18:53:10,548: Landmark 3 | Epoch 4/20 | Train Loss: 0.1647 | Val Loss: 0.2056 | Validation AUC: 0.9512 | F1-Score: 0.7015
2025-07-24 18:58:14,384: Landmark 3 | Epoch 5/20 | Train Loss: 0.1368 | Val Loss: 0.2244 | Validation AUC: 0.9529 | F1-Score: 0.6941
2025-07-24 18:58:14,384: Early stopping triggered at epoch 5
2025-07-24 18:58:14,869: Tempo impiegato per Landmark 3: 1520.2 secondi
2025-07-24 18:58:14,869: Tempo medio per epoca: 304.0 secondi
2025-07-24 18:58:14,872: Loading best model from /cluster/work/projects/ec12/michechi/cache/best/best_model_emilyalsentzer_Bio_ClinicalBERT_landmark3_compact_no_time_rnd_3_512_all_landmarks_True_20250724_183254_.pt for final evaluation on test set
2025-07-24 18:58:38,320: Final Test AUC (Landmark 3): 0.9439 | Test F1-Score: 0.7104
2025-07-24 18:58:38,349: Saving results to results_medbert_emilyalsentzer_Bio_ClinicalBERT_visits3_9550_compact_no_time_rnd_20250724_185838.csv
Using device: cuda
   Landmark Val AUC  ... Validation Loss Training Time (s)
0         1  0.8278  ...          0.3193            1529.0
1         2  0.8768  ...          0.2855            1524.7
2         3  0.9515  ...          0.1901            1520.2

[3 rows x 9 columns]

Job 1825323 consumed 25.3 billing hours from project ec12.

Submitted 2025-07-24T17:38:31; waited 13.0 seconds in the queue after becoming eligible to run.

Requested wallclock time: 10.0 hours
Elapsed wallclock time:   1.3 hours

Job exited normally.

Task and CPU statistics:
ID             CPUs  Tasks  CPU util                Start  Elapsed  Exit status
1825323          16            0.0 %  2025-07-24T17:38:44    1.3 h  0
1825323.batch    16      1     6.2 %  2025-07-24T17:38:44    1.3 h  0

Used CPU time:   1.3 CPU hours
Unused CPU time: 20.0 CPU hours

Memory statistics, in GiB:
ID              Alloc   Usage
1825323          32.0        
1825323.batch    32.0    10.0

Job 1825323 completed at Thu Jul 24 18:58:47 CEST 2025
