Starting job 1836053 on gpu-1 on fox at Tue Jul 29 19:12:52 CEST 2025

2025-07-29 19:16:10,078: Argument CI: False
2025-07-29 19:16:10,078: Argument all_landmarks: True
2025-07-29 19:16:10,078: Argument batch_size: 8
2025-07-29 19:16:10,078: Argument cache_dir: '/cluster/work/projects/ec12/michechi/cache'
2025-07-29 19:16:10,078: Argument early: 'loss'
2025-07-29 19:16:10,078: Argument epochs: 20
2025-07-29 19:16:10,078: Argument gradient_accumulation_steps: 1
2025-07-29 19:16:10,078: Argument input_csv: '/fp/homes01/u01/ec-michelec/MIMICIV/data/splitted/splitted/landmark_df_evo.csv'
2025-07-29 19:16:10,078: Argument lr: 2e-05
2025-07-29 19:16:10,078: Argument max_length: 512
2025-07-29 19:16:10,078: Argument max_visits: 3
2025-07-29 19:16:10,078: Argument model_name: 'answerdotai/ModernBERT-large'
2025-07-29 19:16:10,078: Argument model_type: 'medical'
2025-07-29 19:16:10,079: Argument patience: 1
2025-07-29 19:16:10,079: Argument peft: False
2025-07-29 19:16:10,079: Argument prompt_type: 'full'
2025-07-29 19:16:10,079: Argument seed: 5550
2025-07-29 19:16:10,079: Argument test_csv: '/fp/homes01/u01/ec-michelec/MIMICIV/data/splitted/splitted/landmark_evo_test.csv'
2025-07-29 19:16:10,079: Argument train_csv: '/fp/homes01/u01/ec-michelec/MIMICIV/data/splitted/splitted/landmark_evo_train.csv'
2025-07-29 19:16:10,079: Argument use_quantization: False
2025-07-29 19:16:10,079: Argument val_csv: '/fp/homes01/u01/ec-michelec/MIMICIV/data/splitted/splitted/landmark_evo_vali.csv'
2025-07-29 19:16:10,114: Using prompt type: full
/fp/homes01/u01/ec-michelec/MIMICIV/src/Finetuning_rfct.py:79: DtypeWarning: Columns (16,17,18,19) have mixed types. Specify dtype option on import or set low_memory=False.
  full_train_df = pd.read_csv(args.train_csv, na_values=['', 'None', 'NaN', 'na', 'nan']).fillna('')
/fp/homes01/u01/ec-michelec/MIMICIV/src/Finetuning_rfct.py:81: DtypeWarning: Columns (16,17,18,19) have mixed types. Specify dtype option on import or set low_memory=False.
  full_test_df = pd.read_csv(args.test_csv, na_values=['', 'None', 'NaN', 'na', 'nan']).fillna('')
2025-07-29 19:17:22,123: Processing all landmarks from 1 to 3
2025-07-29 19:17:22,128: Preparing data for Landmark 1
Some weights of ModernBertForSequenceClassification were not initialized from the model checkpoint at answerdotai/ModernBERT-large and are newly initialized: ['classifier.bias', 'classifier.weight']
You should probably TRAIN this model on a down-stream task to be able to use it for predictions and inference.
2025-07-29 19:17:53,621: Average train text length: 138.90 words
2025-07-29 19:17:53,628: Average validation text length: 138.07 words
2025-07-29 19:17:53,632: Average test text length: 139.65 words
2025-07-29 19:17:53,636: Training on 14472 samples, validating on 1608, testing on 4020 samples
2025-07-29 19:18:04,327: Fine-tuning at Landmark 1
2025-07-29 19:18:04,361: Early stopping criterion: loss
/fp/homes01/u01/ec-michelec/ModernBERT/lib64/python3.9/site-packages/networkx/utils/backends.py:135: RuntimeWarning: networkx backend defined more than once: nx-loopback
  backends.update(_get_backends("networkx.backends"))
2025-07-29 19:26:36,239: Landmark 1 | Epoch 1/20 | Train Loss: 0.3844 | Val Loss: 0.3282 | Validation AUC: 0.8281 | F1-Score: 0.1250
2025-07-29 19:26:37,648: New best model saved at /cluster/work/projects/ec12/michechi/cache/best/best_model_answerdotai_ModernBERT-large_5550_landmark1_full_3_512_all_landmarks_True_20250729_191804_.pt with AUC: 0.8281, F1: 0.1250, Val Loss: 0.3282
2025-07-29 19:33:58,449: Landmark 1 | Epoch 2/20 | Train Loss: 0.3369 | Val Loss: 0.3271 | Validation AUC: 0.8337 | F1-Score: 0.0576
2025-07-29 19:33:59,488: New best model saved at /cluster/work/projects/ec12/michechi/cache/best/best_model_answerdotai_ModernBERT-large_5550_landmark1_full_3_512_all_landmarks_True_20250729_191804_.pt with AUC: 0.8337, F1: 0.0576, Val Loss: 0.3271
2025-07-29 19:41:20,288: Landmark 1 | Epoch 3/20 | Train Loss: 0.3203 | Val Loss: 0.3372 | Validation AUC: 0.8354 | F1-Score: 0.0887
2025-07-29 19:41:20,292: No improvement in epoch 3. Current best AUC: 0.8337, F1: 0.0576, Val Loss: 0.3271. Epochs without improvement: 1/1
2025-07-29 19:41:20,292: Early stopping triggered at epoch 3. Best AUC: 0.8337, F1: 0.0576, Val Loss: 0.3271
2025-07-29 19:41:21,214: Tempo impiegato per Landmark 1: 1396.9 secondi
2025-07-29 19:41:21,214: Tempo medio per epoca: 465.6 secondi
2025-07-29 19:41:21,216: Loading best model from /cluster/work/projects/ec12/michechi/cache/best/best_model_answerdotai_ModernBERT-large_5550_landmark1_full_3_512_all_landmarks_True_20250729_191804_.pt for final evaluation on test set
2025-07-29 19:41:55,507: Final Test AUC (Landmark 1): 0.8329 | Test F1-Score: 0.0501
2025-07-29 19:41:55,508: Preparing data for Landmark 2
Some weights of ModernBertForSequenceClassification were not initialized from the model checkpoint at answerdotai/ModernBERT-large and are newly initialized: ['classifier.bias', 'classifier.weight']
You should probably TRAIN this model on a down-stream task to be able to use it for predictions and inference.
2025-07-29 19:42:03,109: Average train text length: 254.75 words
2025-07-29 19:42:03,109: Average validation text length: 253.84 words
2025-07-29 19:42:03,109: Average test text length: 253.66 words
2025-07-29 19:42:03,109: Training on 14472 samples, validating on 1608, testing on 4020 samples
2025-07-29 19:42:22,751: Fine-tuning at Landmark 2
2025-07-29 19:42:22,769: Early stopping criterion: loss
2025-07-29 19:49:46,266: Landmark 2 | Epoch 1/20 | Train Loss: 0.3537 | Val Loss: 0.3025 | Validation AUC: 0.8688 | F1-Score: 0.4444
2025-07-29 19:49:47,313: New best model saved at /cluster/work/projects/ec12/michechi/cache/best/best_model_answerdotai_ModernBERT-large_5550_landmark2_full_3_512_all_landmarks_True_20250729_194222_.pt with AUC: 0.8688, F1: 0.4444, Val Loss: 0.3025
2025-07-29 19:57:11,504: Landmark 2 | Epoch 2/20 | Train Loss: 0.3173 | Val Loss: 0.3066 | Validation AUC: 0.8852 | F1-Score: 0.1275
2025-07-29 19:57:11,505: No improvement in epoch 2. Current best AUC: 0.8688, F1: 0.4444, Val Loss: 0.3025. Epochs without improvement: 1/1
2025-07-29 19:57:11,505: Early stopping triggered at epoch 2. Best AUC: 0.8688, F1: 0.4444, Val Loss: 0.3025
2025-07-29 19:57:12,610: Tempo impiegato per Landmark 2: 889.9 secondi
2025-07-29 19:57:12,611: Tempo medio per epoca: 444.9 secondi
2025-07-29 19:57:12,613: Loading best model from /cluster/work/projects/ec12/michechi/cache/best/best_model_answerdotai_ModernBERT-large_5550_landmark2_full_3_512_all_landmarks_True_20250729_194222_.pt for final evaluation on test set
2025-07-29 19:57:47,285: Final Test AUC (Landmark 2): 0.8482 | Test F1-Score: 0.4225
2025-07-29 19:57:47,285: Preparing data for Landmark 3
Some weights of ModernBertForSequenceClassification were not initialized from the model checkpoint at answerdotai/ModernBERT-large and are newly initialized: ['classifier.bias', 'classifier.weight']
You should probably TRAIN this model on a down-stream task to be able to use it for predictions and inference.
2025-07-29 19:57:57,072: Average train text length: 382.21 words
2025-07-29 19:57:57,072: Average validation text length: 377.55 words
2025-07-29 19:57:57,072: Average test text length: 380.77 words
2025-07-29 19:57:57,072: Training on 14472 samples, validating on 1608, testing on 4020 samples
2025-07-29 19:58:26,018: Fine-tuning at Landmark 3
2025-07-29 19:58:26,032: Early stopping criterion: loss
2025-07-29 20:05:51,491: Landmark 3 | Epoch 1/20 | Train Loss: 0.3021 | Val Loss: 0.3807 | Validation AUC: 0.8245 | F1-Score: 0.0085
2025-07-29 20:05:52,533: New best model saved at /cluster/work/projects/ec12/michechi/cache/best/best_model_answerdotai_ModernBERT-large_5550_landmark3_full_3_512_all_landmarks_True_20250729_195826_.pt with AUC: 0.8245, F1: 0.0085, Val Loss: 0.3807
2025-07-29 20:13:18,433: Landmark 3 | Epoch 2/20 | Train Loss: 0.2919 | Val Loss: 0.2167 | Validation AUC: 0.9357 | F1-Score: 0.6789
2025-07-29 20:13:19,491: New best model saved at /cluster/work/projects/ec12/michechi/cache/best/best_model_answerdotai_ModernBERT-large_5550_landmark3_full_3_512_all_landmarks_True_20250729_195826_.pt with AUC: 0.9357, F1: 0.6789, Val Loss: 0.2167
2025-07-29 20:20:45,290: Landmark 3 | Epoch 3/20 | Train Loss: 0.2306 | Val Loss: 0.2080 | Validation AUC: 0.9506 | F1-Score: 0.6322
2025-07-29 20:20:46,348: New best model saved at /cluster/work/projects/ec12/michechi/cache/best/best_model_answerdotai_ModernBERT-large_5550_landmark3_full_3_512_all_landmarks_True_20250729_195826_.pt with AUC: 0.9506, F1: 0.6322, Val Loss: 0.2080
2025-07-29 20:28:12,224: Landmark 3 | Epoch 4/20 | Train Loss: 0.2096 | Val Loss: 0.2041 | Validation AUC: 0.9494 | F1-Score: 0.6485
2025-07-29 20:28:13,241: New best model saved at /cluster/work/projects/ec12/michechi/cache/best/best_model_answerdotai_ModernBERT-large_5550_landmark3_full_3_512_all_landmarks_True_20250729_195826_.pt with AUC: 0.9494, F1: 0.6485, Val Loss: 0.2041
2025-07-29 20:35:39,347: Landmark 3 | Epoch 5/20 | Train Loss: 0.1996 | Val Loss: 0.1885 | Validation AUC: 0.9518 | F1-Score: 0.7244
2025-07-29 20:35:40,400: New best model saved at /cluster/work/projects/ec12/michechi/cache/best/best_model_answerdotai_ModernBERT-large_5550_landmark3_full_3_512_all_landmarks_True_20250729_195826_.pt with AUC: 0.9518, F1: 0.7244, Val Loss: 0.1885
2025-07-29 20:43:05,812: Landmark 3 | Epoch 6/20 | Train Loss: 0.1908 | Val Loss: 0.1845 | Validation AUC: 0.9507 | F1-Score: 0.7321
2025-07-29 20:43:06,846: New best model saved at /cluster/work/projects/ec12/michechi/cache/best/best_model_answerdotai_ModernBERT-large_5550_landmark3_full_3_512_all_landmarks_True_20250729_195826_.pt with AUC: 0.9507, F1: 0.7321, Val Loss: 0.1845
2025-07-29 20:50:32,402: Landmark 3 | Epoch 7/20 | Train Loss: 0.1779 | Val Loss: 0.1898 | Validation AUC: 0.9479 | F1-Score: 0.7169
2025-07-29 20:50:32,403: No improvement in epoch 7. Current best AUC: 0.9507, F1: 0.7321, Val Loss: 0.1845. Epochs without improvement: 1/1
2025-07-29 20:50:32,404: Early stopping triggered at epoch 7. Best AUC: 0.9507, F1: 0.7321, Val Loss: 0.1845
2025-07-29 20:50:33,692: Tempo impiegato per Landmark 3: 3127.7 secondi
2025-07-29 20:50:33,693: Tempo medio per epoca: 446.8 secondi
2025-07-29 20:50:33,695: Loading best model from /cluster/work/projects/ec12/michechi/cache/best/best_model_answerdotai_ModernBERT-large_5550_landmark3_full_3_512_all_landmarks_True_20250729_195826_.pt for final evaluation on test set
2025-07-29 20:51:08,270: Final Test AUC (Landmark 3): 0.9472 | Test F1-Score: 0.7141
2025-07-29 20:51:08,271: Saving results to results_medical_True_answerdotai_ModernBERT-large_visits3_5550_full_20250729_205108.csv
Using device: cuda
Using device: cuda
Using device: cuda
   Landmark Val AUC  ... Validation Loss Training Time (s)
0         1  0.8337  ...          0.3271            1396.9
1         2  0.8688  ...          0.3025             889.9
2         3  0.9507  ...          0.1845            3127.7

[3 rows x 9 columns]

Job 1836053 consumed 31.1 billing hours from project ec12.

Submitted 2025-07-29T17:54:29; waited 1.3 hours in the queue after becoming eligible to run.

Requested wallclock time: 1.8 days
Elapsed wallclock time:   1.6 hours

Job exited normally.

Task and CPU statistics:
ID             CPUs  Tasks  CPU util                Start  Elapsed  Exit status
1836053          16            0.0 %  2025-07-29T19:12:52    1.6 h  0
1836053.batch    16      1     8.5 %  2025-07-29T19:12:52    1.6 h  0

Used CPU time:   2.2 CPU hours
Unused CPU time: 24.0 CPU hours

Memory statistics, in GiB:
ID              Alloc   Usage
1836053          32.0        
1836053.batch    32.0    12.6

GPU usage stats:
Job 1836053 completed at Tue Jul 29 20:51:14 CEST 2025
