Starting job 1836102 on gpu-1 on fox at Tue Jul 29 21:46:21 CEST 2025

2025-07-29 21:46:35,042: Argument CI: False
2025-07-29 21:46:35,042: Argument all_landmarks: True
2025-07-29 21:46:35,042: Argument batch_size: 8
2025-07-29 21:46:35,042: Argument cache_dir: '/cluster/work/projects/ec12/michechi/cache'
2025-07-29 21:46:35,043: Argument early: 'loss'
2025-07-29 21:46:35,043: Argument epochs: 20
2025-07-29 21:46:35,043: Argument gradient_accumulation_steps: 1
2025-07-29 21:46:35,043: Argument input_csv: '/fp/homes01/u01/ec-michelec/MIMICIV/data/splitted/splitted/landmark_df_evo.csv'
2025-07-29 21:46:35,043: Argument lr: 2e-05
2025-07-29 21:46:35,043: Argument max_length: 1024
2025-07-29 21:46:35,043: Argument max_visits: 3
2025-07-29 21:46:35,043: Argument model_name: 'answerdotai/ModernBERT-large'
2025-07-29 21:46:35,043: Argument model_type: 'medical'
2025-07-29 21:46:35,043: Argument patience: 1
2025-07-29 21:46:35,043: Argument peft: False
2025-07-29 21:46:35,043: Argument prompt_type: 'full_no_time'
2025-07-29 21:46:35,043: Argument seed: 4550
2025-07-29 21:46:35,043: Argument test_csv: '/fp/homes01/u01/ec-michelec/MIMICIV/data/splitted/splitted/landmark_evo_test.csv'
2025-07-29 21:46:35,043: Argument train_csv: '/fp/homes01/u01/ec-michelec/MIMICIV/data/splitted/splitted/landmark_evo_train.csv'
2025-07-29 21:46:35,043: Argument use_quantization: False
2025-07-29 21:46:35,043: Argument val_csv: '/fp/homes01/u01/ec-michelec/MIMICIV/data/splitted/splitted/landmark_evo_vali.csv'
2025-07-29 21:46:35,066: Using prompt type: full_no_time
/fp/homes01/u01/ec-michelec/MIMICIV/src/Finetuning_rfct.py:79: DtypeWarning: Columns (16,17,18,19) have mixed types. Specify dtype option on import or set low_memory=False.
  full_train_df = pd.read_csv(args.train_csv, na_values=['', 'None', 'NaN', 'na', 'nan']).fillna('')
/fp/homes01/u01/ec-michelec/MIMICIV/src/Finetuning_rfct.py:81: DtypeWarning: Columns (16,17,18,19) have mixed types. Specify dtype option on import or set low_memory=False.
  full_test_df = pd.read_csv(args.test_csv, na_values=['', 'None', 'NaN', 'na', 'nan']).fillna('')
2025-07-29 21:47:11,477: Processing all landmarks from 1 to 3
2025-07-29 21:47:11,478: Preparing data for Landmark 1
Some weights of ModernBertForSequenceClassification were not initialized from the model checkpoint at answerdotai/ModernBERT-large and are newly initialized: ['classifier.bias', 'classifier.weight']
You should probably TRAIN this model on a down-stream task to be able to use it for predictions and inference.
2025-07-29 21:47:21,640: Average train text length: 130.90 words
2025-07-29 21:47:21,640: Average validation text length: 130.07 words
2025-07-29 21:47:21,640: Average test text length: 131.65 words
2025-07-29 21:47:21,640: Training on 14472 samples, validating on 1608, testing on 4020 samples
2025-07-29 21:47:32,914: Fine-tuning at Landmark 1
2025-07-29 21:47:32,927: Early stopping criterion: loss
/fp/homes01/u01/ec-michelec/ModernBERT/lib64/python3.9/site-packages/networkx/utils/backends.py:135: RuntimeWarning: networkx backend defined more than once: nx-loopback
  backends.update(_get_backends("networkx.backends"))
2025-07-29 22:04:48,652: Landmark 1 | Epoch 1/20 | Train Loss: 0.3884 | Val Loss: 0.3243 | Validation AUC: 0.8291 | F1-Score: 0.0333
2025-07-29 22:04:49,728: New best model saved at /cluster/work/projects/ec12/michechi/cache/best/best_model_answerdotai_ModernBERT-large_4550_landmark1_full_no_time_3_1024_all_landmarks_True_20250729_214732_.pt with AUC: 0.8291, F1: 0.0333, Val Loss: 0.3243
2025-07-29 22:21:47,456: Landmark 1 | Epoch 2/20 | Train Loss: 0.3368 | Val Loss: 0.3263 | Validation AUC: 0.8283 | F1-Score: 0.0720
2025-07-29 22:21:47,456: No improvement in epoch 2. Current best AUC: 0.8291, F1: 0.0333, Val Loss: 0.3243. Epochs without improvement: 1/1
2025-07-29 22:21:47,456: Early stopping triggered at epoch 2. Best AUC: 0.8291, F1: 0.0333, Val Loss: 0.3243
2025-07-29 22:21:48,315: Tempo impiegato per Landmark 1: 2055.4 secondi
2025-07-29 22:21:48,319: Tempo medio per epoca: 1027.7 secondi
2025-07-29 22:21:48,321: Loading best model from /cluster/work/projects/ec12/michechi/cache/best/best_model_answerdotai_ModernBERT-large_4550_landmark1_full_no_time_3_1024_all_landmarks_True_20250729_214732_.pt for final evaluation on test set
2025-07-29 22:23:05,817: Final Test AUC (Landmark 1): 0.8110 | Test F1-Score: 0.0689
2025-07-29 22:23:05,818: Preparing data for Landmark 2
Some weights of ModernBertForSequenceClassification were not initialized from the model checkpoint at answerdotai/ModernBERT-large and are newly initialized: ['classifier.bias', 'classifier.weight']
You should probably TRAIN this model on a down-stream task to be able to use it for predictions and inference.
2025-07-29 22:23:12,790: Average train text length: 237.75 words
2025-07-29 22:23:12,790: Average validation text length: 236.84 words
2025-07-29 22:23:12,790: Average test text length: 236.66 words
2025-07-29 22:23:12,791: Training on 14472 samples, validating on 1608, testing on 4020 samples
2025-07-29 22:23:32,149: Fine-tuning at Landmark 2
2025-07-29 22:23:32,165: Early stopping criterion: loss
2025-07-29 22:40:36,991: Landmark 2 | Epoch 1/20 | Train Loss: 0.4153 | Val Loss: 0.4426 | Validation AUC: 0.8306 | F1-Score: 0.4810
2025-07-29 22:40:38,072: New best model saved at /cluster/work/projects/ec12/michechi/cache/best/best_model_answerdotai_ModernBERT-large_4550_landmark2_full_no_time_3_1024_all_landmarks_True_20250729_222332_.pt with AUC: 0.8306, F1: 0.4810, Val Loss: 0.4426
2025-07-29 22:57:41,880: Landmark 2 | Epoch 2/20 | Train Loss: 0.3410 | Val Loss: 0.3352 | Validation AUC: 0.8677 | F1-Score: 0.1285
2025-07-29 22:57:43,008: New best model saved at /cluster/work/projects/ec12/michechi/cache/best/best_model_answerdotai_ModernBERT-large_4550_landmark2_full_no_time_3_1024_all_landmarks_True_20250729_222332_.pt with AUC: 0.8677, F1: 0.1285, Val Loss: 0.3352
2025-07-29 23:14:47,446: Landmark 2 | Epoch 3/20 | Train Loss: 0.3141 | Val Loss: 0.2903 | Validation AUC: 0.8721 | F1-Score: 0.4576
2025-07-29 23:14:48,527: New best model saved at /cluster/work/projects/ec12/michechi/cache/best/best_model_answerdotai_ModernBERT-large_4550_landmark2_full_no_time_3_1024_all_landmarks_True_20250729_222332_.pt with AUC: 0.8721, F1: 0.4576, Val Loss: 0.2903
2025-07-29 23:31:53,180: Landmark 2 | Epoch 4/20 | Train Loss: 0.2973 | Val Loss: 0.3236 | Validation AUC: 0.8711 | F1-Score: 0.3144
2025-07-29 23:31:53,181: No improvement in epoch 4. Current best AUC: 0.8721, F1: 0.4576, Val Loss: 0.2903. Epochs without improvement: 1/1
2025-07-29 23:31:53,181: Early stopping triggered at epoch 4. Best AUC: 0.8721, F1: 0.4576, Val Loss: 0.2903
2025-07-29 23:31:54,153: Tempo impiegato per Landmark 2: 4102.0 secondi
2025-07-29 23:31:54,153: Tempo medio per epoca: 1025.5 secondi
2025-07-29 23:31:54,155: Loading best model from /cluster/work/projects/ec12/michechi/cache/best/best_model_answerdotai_ModernBERT-large_4550_landmark2_full_no_time_3_1024_all_landmarks_True_20250729_222332_.pt for final evaluation on test set
2025-07-29 23:33:11,938: Final Test AUC (Landmark 2): 0.8535 | Test F1-Score: 0.4603
2025-07-29 23:33:11,938: Preparing data for Landmark 3
Some weights of ModernBertForSequenceClassification were not initialized from the model checkpoint at answerdotai/ModernBERT-large and are newly initialized: ['classifier.bias', 'classifier.weight']
You should probably TRAIN this model on a down-stream task to be able to use it for predictions and inference.
2025-07-29 23:33:22,622: Average train text length: 356.21 words
2025-07-29 23:33:22,623: Average validation text length: 351.55 words
2025-07-29 23:33:22,623: Average test text length: 354.77 words
2025-07-29 23:33:22,623: Training on 14472 samples, validating on 1608, testing on 4020 samples
2025-07-29 23:33:49,822: Fine-tuning at Landmark 3
2025-07-29 23:33:49,839: Early stopping criterion: loss
2025-07-29 23:51:02,688: Landmark 3 | Epoch 1/20 | Train Loss: 0.2981 | Val Loss: 0.2260 | Validation AUC: 0.9395 | F1-Score: 0.7015
2025-07-29 23:51:03,795: New best model saved at /cluster/work/projects/ec12/michechi/cache/best/best_model_answerdotai_ModernBERT-large_4550_landmark3_full_no_time_3_1024_all_landmarks_True_20250729_233349_.pt with AUC: 0.9395, F1: 0.7015, Val Loss: 0.2260
2025-07-30 00:08:17,057: Landmark 3 | Epoch 2/20 | Train Loss: 0.2227 | Val Loss: 0.1868 | Validation AUC: 0.9537 | F1-Score: 0.7268
2025-07-30 00:08:18,140: New best model saved at /cluster/work/projects/ec12/michechi/cache/best/best_model_answerdotai_ModernBERT-large_4550_landmark3_full_no_time_3_1024_all_landmarks_True_20250729_233349_.pt with AUC: 0.9537, F1: 0.7268, Val Loss: 0.1868
2025-07-30 00:25:31,631: Landmark 3 | Epoch 3/20 | Train Loss: 0.1889 | Val Loss: 0.1755 | Validation AUC: 0.9593 | F1-Score: 0.6992
2025-07-30 00:25:32,641: New best model saved at /cluster/work/projects/ec12/michechi/cache/best/best_model_answerdotai_ModernBERT-large_4550_landmark3_full_no_time_3_1024_all_landmarks_True_20250729_233349_.pt with AUC: 0.9593, F1: 0.6992, Val Loss: 0.1755
2025-07-30 00:42:46,152: Landmark 3 | Epoch 4/20 | Train Loss: 0.1653 | Val Loss: 0.1815 | Validation AUC: 0.9541 | F1-Score: 0.7204
2025-07-30 00:42:46,152: No improvement in epoch 4. Current best AUC: 0.9593, F1: 0.6992, Val Loss: 0.1755. Epochs without improvement: 1/1
2025-07-30 00:42:46,152: Early stopping triggered at epoch 4. Best AUC: 0.9593, F1: 0.6992, Val Loss: 0.1755
2025-07-30 00:42:47,524: Tempo impiegato per Landmark 3: 4137.7 secondi
2025-07-30 00:42:47,524: Tempo medio per epoca: 1034.4 secondi
2025-07-30 00:42:47,526: Loading best model from /cluster/work/projects/ec12/michechi/cache/best/best_model_answerdotai_ModernBERT-large_4550_landmark3_full_no_time_3_1024_all_landmarks_True_20250729_233349_.pt for final evaluation on test set
2025-07-30 00:44:05,649: Final Test AUC (Landmark 3): 0.9447 | Test F1-Score: 0.7035
2025-07-30 00:44:05,651: Saving results to results_medical_True_answerdotai_ModernBERT-large_visits3_4550_full_no_time_20250730_004405.csv
Using device: cuda
Using device: cuda
Using device: cuda
   Landmark Val AUC  ... Validation Loss Training Time (s)
0         1  0.8291  ...          0.3243            2055.4
1         2  0.8721  ...          0.2903            4102.0
2         3  0.9593  ...          0.1755            4137.7

[3 rows x 9 columns]

Job 1836102 consumed 56.3 billing hours from project ec12.

Submitted 2025-07-29T21:46:11; waited 10.0 seconds in the queue after becoming eligible to run.

Requested wallclock time: 1.8 days
Elapsed wallclock time:   3.0 hours

Job exited normally.

Task and CPU statistics:
ID             CPUs  Tasks  CPU util                Start  Elapsed  Exit status
1836102          16            0.0 %  2025-07-29T21:46:21    3.0 h  0
1836102.batch    16      1     7.5 %  2025-07-29T21:46:21    3.0 h  0

Used CPU time:   3.5 CPU hours
Unused CPU time: 1.8 CPU days

Memory statistics, in GiB:
ID              Alloc   Usage
1836102          32.0        
1836102.batch    32.0    15.5

GPU usage stats:
Job 1836102 completed at Wed Jul 30 00:44:12 CEST 2025
