Starting job 1854176 on gpu-9 on fox at Thu Aug 14 09:55:07 CEST 2025

2025-08-14 09:55:19,511: Argument CI: False
2025-08-14 09:55:19,511: Argument all_landmarks: True
2025-08-14 09:55:19,511: Argument batch_size: 8
2025-08-14 09:55:19,511: Argument cache_dir: '/cluster/work/projects/ec12/michechi/cache'
2025-08-14 09:55:19,511: Argument early: 'loss'
2025-08-14 09:55:19,511: Argument epochs: 20
2025-08-14 09:55:19,511: Argument gradient_accumulation_steps: 1
2025-08-14 09:55:19,511: Argument input_csv: '/fp/homes01/u01/ec-michelec/MIMICIV/data/splitted/splitted/landmark_df_evo.csv'
2025-08-14 09:55:19,511: Argument lr: 2e-05
2025-08-14 09:55:19,511: Argument max_length: 2048
2025-08-14 09:55:19,511: Argument max_visits: 4
2025-08-14 09:55:19,511: Argument model_name: 'answerdotai/ModernBERT-large'
2025-08-14 09:55:19,511: Argument model_type: 'general'
2025-08-14 09:55:19,511: Argument patience: 1
2025-08-14 09:55:19,511: Argument peft: False
2025-08-14 09:55:19,511: Argument prompt_type: 'compact_narrative'
2025-08-14 09:55:19,511: Argument seed: 4550
2025-08-14 09:55:19,511: Argument test_csv: '/fp/homes01/u01/ec-michelec/MIMICIV/data/splitted/splitted/landmark_evo_test_dod.csv'
2025-08-14 09:55:19,511: Argument train_csv: '/fp/homes01/u01/ec-michelec/MIMICIV/data/splitted/splitted/landmark_evo_train_dod.csv'
2025-08-14 09:55:19,511: Argument use_quantization: False
2025-08-14 09:55:19,511: Argument val_csv: '/fp/homes01/u01/ec-michelec/MIMICIV/data/splitted/splitted/landmark_evo_vali_dod.csv'
2025-08-14 09:55:19,512: Argument when_counting_death: 'last_visit'
2025-08-14 09:55:19,520: Using prompt type: compact_narrative
/fp/homes01/u01/ec-michelec/MIMICIV/src/Finetuning_rfct.py:79: DtypeWarning: Columns (16,17,18,19) have mixed types. Specify dtype option on import or set low_memory=False.
  full_train_df = pd.read_csv(args.train_csv, na_values=['', 'None', 'NaN', 'na', 'nan']).fillna('')
/fp/homes01/u01/ec-michelec/MIMICIV/src/Finetuning_rfct.py:81: DtypeWarning: Columns (16,17,18,19) have mixed types. Specify dtype option on import or set low_memory=False.
  full_test_df = pd.read_csv(args.test_csv, na_values=['', 'None', 'NaN', 'na', 'nan']).fillna('')
2025-08-14 09:55:55,388: Processing all landmarks from 1 to 4
2025-08-14 09:55:55,389: Preparing data for Landmark 1
2025-08-14 09:55:59,625: We will use 90% of the memory on device 0 for storing the model, and 10% for the buffer to avoid OOM. You can set `max_memory` in to a higher value to use more memory (at your own risk).
Some weights of ModernBertForSequenceClassification were not initialized from the model checkpoint at answerdotai/ModernBERT-large and are newly initialized: ['classifier.bias', 'classifier.weight']
You should probably TRAIN this model on a down-stream task to be able to use it for predictions and inference.
2025-08-14 09:56:04,483: Example train text: You are a Doctor.
A 43-year-old F patient is currently hospitalized for a emergency admission (visit number 1).
During the current visit, new diagnoses include: Diverticulitis of colon (without mention of hemorrhage), Acute kidney failure, unspecified, Abscess of intestine, Other postoperative infection, Cellulitis and abscess of trunk, Methicillin susceptible Staphylococcus aureus in conditions classified elsewhere and of unspecified site, Removal of other organ (partial) (total) causing abnormal patient reaction, or later complication, without mention of misadventure at time of operation, Hypovolemia, Nausea with vomiting.
New medications prescribed in this visit are: NS, Potassium Chloride, OxycoDONE (Immediate Release) , Magnesium Citrate, SW, Magnesium Sulfate, Prochlorperazine, Lorazepam, HYDROmorphone (Dilaudid), Iso-Osmotic Dextrose, Piperacillin-Tazobactam Na, Potassium Chl 20 mEq / 1000 mL D5 1/2 NS, Insulin, LR, Acetaminophen, Ondansetron, Ketorolac, OxycoDONE-Acetaminophen Elixir, Sodium Chloride 0.9%  Flush, Docusate Sodium, Hydrocodone-Acetaminophen, D5W, Clindamycin, Fluticasone Propionate NASAL, Ciprofloxacin, Pantoprazole, Metoclopramide, Calcium Carbonate, Vancomycin, Cephalexin, Heparin, Bupivacaine 0.5%, Promethazine HCl, D5 1/2NS, Hydrocortisone (Rectal) 2.5% Cream, Morphine Sulfate, Escitalopram Oxalate, Maalox/Diphenhydramine/Lidocaine, Nafcillin, HydrOXYzine, MetRONIDAZOLE (FLagyl), Ibuprofen.
New procedures during this visit include: Open and other sigmoidectomy.

What is the probability of death in the next 90 days?
2025-08-14 09:56:04,550: Average train text length: 152.15 words
2025-08-14 09:56:04,550: Average validation text length: 156.37 words
2025-08-14 09:56:04,550: Average test text length: 153.44 words
2025-08-14 09:56:04,550: Training on 8040 samples, validating on 894, testing on 2234 samples
2025-08-14 09:56:12,171: Fine-tuning at Landmark 1
2025-08-14 09:56:12,176: Early stopping criterion: loss
/fp/homes01/u01/ec-michelec/ModernBERT/lib64/python3.9/site-packages/networkx/utils/backends.py:135: RuntimeWarning: networkx backend defined more than once: nx-loopback
  backends.update(_get_backends("networkx.backends"))
2025-08-14 10:07:21,716: Landmark 1 | Epoch 1/20 | Train Loss: 0.6484 | Val Loss: 0.4640 | Validation AUC: 0.6287 | F1-Score: 0.0000
2025-08-14 10:07:22,274: New best model saved at /cluster/work/projects/ec12/michechi/cache/best/best_model_answerdotai_ModernBERT-large_4550_landmark1_compact_narrative_4_2048_last_visit_all_landmarks_True_20250814_095612_.pt with AUC: 0.6287, F1: 0.0000, Val Loss: 0.4640
2025-08-14 10:18:16,098: Landmark 1 | Epoch 2/20 | Train Loss: 0.4616 | Val Loss: 0.4438 | Validation AUC: 0.7100 | F1-Score: 0.0000
2025-08-14 10:18:16,643: New best model saved at /cluster/work/projects/ec12/michechi/cache/best/best_model_answerdotai_ModernBERT-large_4550_landmark1_compact_narrative_4_2048_last_visit_all_landmarks_True_20250814_095612_.pt with AUC: 0.7100, F1: 0.0000, Val Loss: 0.4438
2025-08-14 10:29:10,687: Landmark 1 | Epoch 3/20 | Train Loss: 0.4482 | Val Loss: 0.4365 | Validation AUC: 0.7137 | F1-Score: 0.0000
2025-08-14 10:29:11,235: New best model saved at /cluster/work/projects/ec12/michechi/cache/best/best_model_answerdotai_ModernBERT-large_4550_landmark1_compact_narrative_4_2048_last_visit_all_landmarks_True_20250814_095612_.pt with AUC: 0.7137, F1: 0.0000, Val Loss: 0.4365
2025-08-14 10:40:05,364: Landmark 1 | Epoch 4/20 | Train Loss: 0.4345 | Val Loss: 0.4239 | Validation AUC: 0.7403 | F1-Score: 0.0118
2025-08-14 10:40:06,009: New best model saved at /cluster/work/projects/ec12/michechi/cache/best/best_model_answerdotai_ModernBERT-large_4550_landmark1_compact_narrative_4_2048_last_visit_all_landmarks_True_20250814_095612_.pt with AUC: 0.7403, F1: 0.0118, Val Loss: 0.4239
2025-08-14 10:51:00,256: Landmark 1 | Epoch 5/20 | Train Loss: 0.4243 | Val Loss: 0.4152 | Validation AUC: 0.7600 | F1-Score: 0.0778
2025-08-14 10:51:00,791: New best model saved at /cluster/work/projects/ec12/michechi/cache/best/best_model_answerdotai_ModernBERT-large_4550_landmark1_compact_narrative_4_2048_last_visit_all_landmarks_True_20250814_095612_.pt with AUC: 0.7600, F1: 0.0778, Val Loss: 0.4152
2025-08-14 11:01:54,977: Landmark 1 | Epoch 6/20 | Train Loss: 0.4221 | Val Loss: 0.4870 | Validation AUC: 0.7165 | F1-Score: 0.3463
2025-08-14 11:01:54,978: No improvement in epoch 6. Current best AUC: 0.7600, F1: 0.0778, Val Loss: 0.4152. Epochs without improvement: 1/1
2025-08-14 11:01:54,978: Early stopping triggered at epoch 6. Best AUC: 0.7600, F1: 0.0778, Val Loss: 0.4152
2025-08-14 11:01:55,537: Tempo impiegato per Landmark 1: 3943.4 secondi
2025-08-14 11:01:55,537: Tempo medio per epoca: 657.2 secondi
2025-08-14 11:01:55,539: Loading best model from /cluster/work/projects/ec12/michechi/cache/best/best_model_answerdotai_ModernBERT-large_4550_landmark1_compact_narrative_4_2048_last_visit_all_landmarks_True_20250814_095612_.pt for final evaluation on test set
2025-08-14 11:02:43,694: Final Test AUC (Landmark 1): 0.7290 | Test F1-Score: 0.0595
2025-08-14 11:02:43,695: Preparing data for Landmark 2
2025-08-14 11:02:46,153: We will use 90% of the memory on device 0 for storing the model, and 10% for the buffer to avoid OOM. You can set `max_memory` in to a higher value to use more memory (at your own risk).
Some weights of ModernBertForSequenceClassification were not initialized from the model checkpoint at answerdotai/ModernBERT-large and are newly initialized: ['classifier.bias', 'classifier.weight']
You should probably TRAIN this model on a down-stream task to be able to use it for predictions and inference.
2025-08-14 11:02:49,590: Example train text: You are a Doctor.
A 43-year-old F patient is currently hospitalized for a emergency admission (visit number 2).
The previous visit occurred 6.0 days ago.
During the current visit, new diagnoses include: Esophageal reflux, Diverticulosis of colon (without mention of hemorrhage), Other specified aftercare following surgery.
Ongoing medications include: Potassium Chl 20 mEq / 1000 mL D5 1/2 NS, LR, Acetaminophen, Ondansetron, Sodium Chloride 0.9%  Flush, Fluticasone Propionate NASAL, Pantoprazole, Heparin, Escitalopram Oxalate.
New medications prescribed in this visit are: Ranitidine, Promethazine, Ondansetron ODT.
New procedures during this visit include: .

What is the probability of death in the next 90 days?
2025-08-14 11:02:49,664: Average train text length: 173.12 words
2025-08-14 11:02:49,664: Average validation text length: 173.51 words
2025-08-14 11:02:49,664: Average test text length: 172.99 words
2025-08-14 11:02:49,664: Training on 8040 samples, validating on 894, testing on 2234 samples
2025-08-14 11:02:58,905: Fine-tuning at Landmark 2
2025-08-14 11:02:58,920: Early stopping criterion: loss
2025-08-14 11:13:49,497: Landmark 2 | Epoch 1/20 | Train Loss: 0.6296 | Val Loss: 0.4631 | Validation AUC: 0.6349 | F1-Score: 0.0000
2025-08-14 11:13:50,059: New best model saved at /cluster/work/projects/ec12/michechi/cache/best/best_model_answerdotai_ModernBERT-large_4550_landmark2_compact_narrative_4_2048_last_visit_all_landmarks_True_20250814_110258_.pt with AUC: 0.6349, F1: 0.0000, Val Loss: 0.4631
2025-08-14 11:24:40,560: Landmark 2 | Epoch 2/20 | Train Loss: 0.4525 | Val Loss: 0.4418 | Validation AUC: 0.7092 | F1-Score: 0.0000
2025-08-14 11:24:41,090: New best model saved at /cluster/work/projects/ec12/michechi/cache/best/best_model_answerdotai_ModernBERT-large_4550_landmark2_compact_narrative_4_2048_last_visit_all_landmarks_True_20250814_110258_.pt with AUC: 0.7092, F1: 0.0000, Val Loss: 0.4418
2025-08-14 11:35:31,599: Landmark 2 | Epoch 3/20 | Train Loss: 0.4325 | Val Loss: 0.4200 | Validation AUC: 0.7490 | F1-Score: 0.0581
2025-08-14 11:35:32,131: New best model saved at /cluster/work/projects/ec12/michechi/cache/best/best_model_answerdotai_ModernBERT-large_4550_landmark2_compact_narrative_4_2048_last_visit_all_landmarks_True_20250814_110258_.pt with AUC: 0.7490, F1: 0.0581, Val Loss: 0.4200
2025-08-14 11:46:22,726: Landmark 2 | Epoch 4/20 | Train Loss: 0.4128 | Val Loss: 0.4079 | Validation AUC: 0.7748 | F1-Score: 0.1117
2025-08-14 11:46:23,259: New best model saved at /cluster/work/projects/ec12/michechi/cache/best/best_model_answerdotai_ModernBERT-large_4550_landmark2_compact_narrative_4_2048_last_visit_all_landmarks_True_20250814_110258_.pt with AUC: 0.7748, F1: 0.1117, Val Loss: 0.4079
2025-08-14 11:57:13,779: Landmark 2 | Epoch 5/20 | Train Loss: 0.3998 | Val Loss: 0.3939 | Validation AUC: 0.7865 | F1-Score: 0.2736
2025-08-14 11:57:14,340: New best model saved at /cluster/work/projects/ec12/michechi/cache/best/best_model_answerdotai_ModernBERT-large_4550_landmark2_compact_narrative_4_2048_last_visit_all_landmarks_True_20250814_110258_.pt with AUC: 0.7865, F1: 0.2736, Val Loss: 0.3939
2025-08-14 12:08:05,022: Landmark 2 | Epoch 6/20 | Train Loss: 0.3911 | Val Loss: 0.4882 | Validation AUC: 0.7858 | F1-Score: 0.4695
2025-08-14 12:08:05,022: No improvement in epoch 6. Current best AUC: 0.7865, F1: 0.2736, Val Loss: 0.3939. Epochs without improvement: 1/1
2025-08-14 12:08:05,022: Early stopping triggered at epoch 6. Best AUC: 0.7865, F1: 0.2736, Val Loss: 0.3939
2025-08-14 12:08:05,479: Tempo impiegato per Landmark 2: 3906.6 secondi
2025-08-14 12:08:05,479: Tempo medio per epoca: 651.1 secondi
2025-08-14 12:08:05,481: Loading best model from /cluster/work/projects/ec12/michechi/cache/best/best_model_answerdotai_ModernBERT-large_4550_landmark2_compact_narrative_4_2048_last_visit_all_landmarks_True_20250814_110258_.pt for final evaluation on test set
2025-08-14 12:08:52,734: Final Test AUC (Landmark 2): 0.7664 | Test F1-Score: 0.2794
2025-08-14 12:08:52,734: Preparing data for Landmark 3
2025-08-14 12:08:55,140: We will use 90% of the memory on device 0 for storing the model, and 10% for the buffer to avoid OOM. You can set `max_memory` in to a higher value to use more memory (at your own risk).
Some weights of ModernBertForSequenceClassification were not initialized from the model checkpoint at answerdotai/ModernBERT-large and are newly initialized: ['classifier.bias', 'classifier.weight']
You should probably TRAIN this model on a down-stream task to be able to use it for predictions and inference.
2025-08-14 12:08:59,318: Example train text: You are a Doctor.
A 46-year-old F patient is currently hospitalized for a normal admission (visit number 3).
The previous visit occurred 1127.0 days ago.
During the current visit, new diagnoses include: Chest pain, unspecified, Orthostatic hypotension.
Ongoing medications include: Potassium Chl 20 mEq / 1000 mL D5 1/2 NS, LR, Acetaminophen, Ondansetron, Sodium Chloride 0.9%  Flush, Fluticasone Propionate NASAL, Pantoprazole, Heparin, Escitalopram Oxalate.
New medications prescribed in this visit are: .
The patient has undergone repeated procedures such as: .

What is the probability of death in the next 90 days?
2025-08-14 12:08:59,409: Average train text length: 196.65 words
2025-08-14 12:08:59,410: Average validation text length: 197.49 words
2025-08-14 12:08:59,410: Average test text length: 195.61 words
2025-08-14 12:08:59,410: Training on 8040 samples, validating on 894, testing on 2234 samples
2025-08-14 12:09:08,765: Fine-tuning at Landmark 3
2025-08-14 12:09:08,788: Early stopping criterion: loss
2025-08-14 12:19:59,676: Landmark 3 | Epoch 1/20 | Train Loss: 0.6406 | Val Loss: 0.4424 | Validation AUC: 0.7053 | F1-Score: 0.0000
2025-08-14 12:20:00,230: New best model saved at /cluster/work/projects/ec12/michechi/cache/best/best_model_answerdotai_ModernBERT-large_4550_landmark3_compact_narrative_4_2048_last_visit_all_landmarks_True_20250814_120908_.pt with AUC: 0.7053, F1: 0.0000, Val Loss: 0.4424
2025-08-14 12:30:51,229: Landmark 3 | Epoch 2/20 | Train Loss: 0.4294 | Val Loss: 0.4112 | Validation AUC: 0.8009 | F1-Score: 0.1099
2025-08-14 12:30:51,763: New best model saved at /cluster/work/projects/ec12/michechi/cache/best/best_model_answerdotai_ModernBERT-large_4550_landmark3_compact_narrative_4_2048_last_visit_all_landmarks_True_20250814_120908_.pt with AUC: 0.8009, F1: 0.1099, Val Loss: 0.4112
2025-08-14 12:41:42,765: Landmark 3 | Epoch 3/20 | Train Loss: 0.3959 | Val Loss: 0.3677 | Validation AUC: 0.8291 | F1-Score: 0.3364
2025-08-14 12:41:43,318: New best model saved at /cluster/work/projects/ec12/michechi/cache/best/best_model_answerdotai_ModernBERT-large_4550_landmark3_compact_narrative_4_2048_last_visit_all_landmarks_True_20250814_120908_.pt with AUC: 0.8291, F1: 0.3364, Val Loss: 0.3677
2025-08-14 12:52:35,143: Landmark 3 | Epoch 4/20 | Train Loss: 0.3727 | Val Loss: 0.3626 | Validation AUC: 0.8375 | F1-Score: 0.2899
2025-08-14 12:52:35,692: New best model saved at /cluster/work/projects/ec12/michechi/cache/best/best_model_answerdotai_ModernBERT-large_4550_landmark3_compact_narrative_4_2048_last_visit_all_landmarks_True_20250814_120908_.pt with AUC: 0.8375, F1: 0.2899, Val Loss: 0.3626
2025-08-14 13:03:27,550: Landmark 3 | Epoch 5/20 | Train Loss: 0.3597 | Val Loss: 0.3566 | Validation AUC: 0.8425 | F1-Score: 0.3668
2025-08-14 13:03:28,101: New best model saved at /cluster/work/projects/ec12/michechi/cache/best/best_model_answerdotai_ModernBERT-large_4550_landmark3_compact_narrative_4_2048_last_visit_all_landmarks_True_20250814_120908_.pt with AUC: 0.8425, F1: 0.3668, Val Loss: 0.3566
2025-08-14 13:14:19,993: Landmark 3 | Epoch 6/20 | Train Loss: 0.3506 | Val Loss: 0.4745 | Validation AUC: 0.8387 | F1-Score: 0.5265
2025-08-14 13:14:20,005: No improvement in epoch 6. Current best AUC: 0.8425, F1: 0.3668, Val Loss: 0.3566. Epochs without improvement: 1/1
2025-08-14 13:14:20,005: Early stopping triggered at epoch 6. Best AUC: 0.8425, F1: 0.3668, Val Loss: 0.3566
2025-08-14 13:14:20,810: Tempo impiegato per Landmark 3: 3912.0 secondi
2025-08-14 13:14:20,810: Tempo medio per epoca: 652.0 secondi
2025-08-14 13:14:20,812: Loading best model from /cluster/work/projects/ec12/michechi/cache/best/best_model_answerdotai_ModernBERT-large_4550_landmark3_compact_narrative_4_2048_last_visit_all_landmarks_True_20250814_120908_.pt for final evaluation on test set
2025-08-14 13:15:08,416: Final Test AUC (Landmark 3): 0.8129 | Test F1-Score: 0.3105
2025-08-14 13:15:08,417: Preparing data for Landmark 4
2025-08-14 13:15:11,430: We will use 90% of the memory on device 0 for storing the model, and 10% for the buffer to avoid OOM. You can set `max_memory` in to a higher value to use more memory (at your own risk).
Some weights of ModernBertForSequenceClassification were not initialized from the model checkpoint at answerdotai/ModernBERT-large and are newly initialized: ['classifier.bias', 'classifier.weight']
You should probably TRAIN this model on a down-stream task to be able to use it for predictions and inference.
2025-08-14 13:15:19,356: Example train text: You are a Doctor.
A 47-year-old F patient is currently hospitalized for a normal admission (visit number 4).
The previous visit occurred 233.0 days ago.
The patient has a chronic history of: Esophageal reflux, Diverticulosis of colon (without mention of hemorrhage).
During the current visit, new diagnoses include: Other specified disorders of intestine, Ulceration of intestine, Other and unspecified ovarian cyst, Intestinal bypass or anastomosis status, Anxiety state, unspecified.
Ongoing medications include: Lorazepam, HYDROmorphone (Dilaudid), Potassium Chl 20 mEq / 1000 mL D5 1/2 NS, LR, Acetaminophen, Ondansetron, Ketorolac, Sodium Chloride 0.9%  Flush, Docusate Sodium, Fluticasone Propionate NASAL, Pantoprazole, Calcium Carbonate, Heparin, Escitalopram Oxalate, Ranitidine, Ondansetron ODT.
New medications prescribed in this visit are: Senna, Vitamin D, Omeprazole, Desitin, 0.45% Sodium Chloride, 0.9% Sodium Chloride, Multivitamins, Influenza Virus Vaccine, Golytely, Neutra-Phos, Fish Oil (Omega 3), Naproxen.
The patient has undergone repeated procedures such as: .
New procedures during this visit include: Closed [endoscopic] biopsy of large intestine.

What is the probability of death in the next 90 days?
2025-08-14 13:15:19,463: Average train text length: 227.40 words
2025-08-14 13:15:19,463: Average validation text length: 228.38 words
2025-08-14 13:15:19,463: Average test text length: 227.93 words
2025-08-14 13:15:19,463: Training on 8040 samples, validating on 894, testing on 2234 samples
2025-08-14 13:15:29,713: Fine-tuning at Landmark 4
2025-08-14 13:15:29,745: Early stopping criterion: loss
