2026-01-17 17:31:49 - RNN_Baseline - INFO - Logging initialized. Log file: results/dataset_9/logs/training_20260117_173149.log
2026-01-17 17:31:49 - RNN_Baseline - INFO - ======================================================================
2026-01-17 17:31:49 - RNN_Baseline - INFO - RNN BASELINE TRAINING SCRIPT
2026-01-17 17:31:49 - RNN_Baseline - INFO - ======================================================================
2026-01-17 17:31:49 - RNN_Baseline - INFO - Arguments:
2026-01-17 17:31:49 - RNN_Baseline - INFO -   path_csv: /fp/homes01/u01/ec-michelec/MIMICIV/data/simulation/
2026-01-17 17:31:49 - RNN_Baseline - INFO -   number_to_use: 9
2026-01-17 17:31:49 - RNN_Baseline - INFO -   sequence_column: Sequences
2026-01-17 17:31:49 - RNN_Baseline - INFO -   label_column: Outcome
2026-01-17 17:31:49 - RNN_Baseline - INFO -   test_rnd: False
2026-01-17 17:31:49 - RNN_Baseline - INFO -   sequence_separator: 
2026-01-17 17:31:49 - RNN_Baseline - INFO -   models: all
2026-01-17 17:31:49 - RNN_Baseline - INFO -   no_search: False
2026-01-17 17:31:49 - RNN_Baseline - INFO -   use_optimal: True
2026-01-17 17:31:49 - RNN_Baseline - INFO -   search_trials: 20
2026-01-17 17:31:49 - RNN_Baseline - INFO -   batch_size: 64
2026-01-17 17:31:49 - RNN_Baseline - INFO -   final_epochs: 30
2026-01-17 17:31:49 - RNN_Baseline - INFO -   seed: 3456
2026-01-17 17:31:49 - RNN_Baseline - INFO -   save_models: False
2026-01-17 17:31:49 - RNN_Baseline - INFO -   output_dir: results
2026-01-17 17:31:49 - RNN_Baseline - INFO - Random seed set to: 3456
2026-01-17 17:31:49 - RNN_Baseline - INFO - Using device: cuda
2026-01-17 17:31:49 - RNN_Baseline - INFO -   GPU: NVIDIA A100 80GB PCIe
2026-01-17 17:31:49 - RNN_Baseline - INFO -   Memory: 85.29 GB
2026-01-17 17:31:49 - RNN_Baseline - INFO - Loading data from: /fp/homes01/u01/ec-michelec/MIMICIV/data/simulation/
2026-01-17 17:31:49 - RNN_Baseline - INFO - Using dataset number: 9
2026-01-17 17:31:49 - RNN_Baseline - INFO - Sequence separator: '\x1f'
2026-01-17 17:31:50 - RNN_Baseline - DEBUG - CSV files loaded successfully
2026-01-17 17:31:50 - RNN_Baseline - DEBUG -   X_train shape: (400000, 1)
2026-01-17 17:31:50 - RNN_Baseline - INFO - Preprocessing sequences (splitting by separator)...
2026-01-17 17:31:50 - RNN_Baseline - DEBUG -   Example raw sequence: 'M\x1fE\x1fN\x1fZ\x1fN\x1fI\x1fG\x1fZ\x1fT\x1fX\x1fV\x1fD\x1fE\x1fX\x1fE\x1fN\x1fW\x1fO\x1fC\x1fF'
2026-01-17 17:31:51 - RNN_Baseline - DEBUG -   Example processed sequence: MENZNIGZTXVDEXENWOCF
2026-01-17 17:31:51 - RNN_Baseline - INFO - Data loaded successfully:
2026-01-17 17:31:51 - RNN_Baseline - INFO -   Train: 400000 sequences
2026-01-17 17:31:51 - RNN_Baseline - INFO -   Val:   50000 sequences
2026-01-17 17:31:51 - RNN_Baseline - INFO -   Test:  50000 sequences
2026-01-17 17:31:51 - RNN_Baseline - INFO -   Class distribution (train): 232630 (label=0) / 167370 (label=1)
2026-01-17 17:31:52 - RNN_Baseline - INFO -   Sequence length: min=20, max=20, mean=20.0
2026-01-17 17:31:52 - RNN_Baseline - INFO - Creating PyTorch datasets...
2026-01-17 17:31:52 - RNN_Baseline - INFO - Creating dataloaders (batch_size=64)...
2026-01-17 17:31:52 - RNN_Baseline - INFO -   Train batches: 6250
2026-01-17 17:31:52 - RNN_Baseline - INFO -   Val batches:   782
2026-01-17 17:31:52 - RNN_Baseline - INFO -   Test batches:  782
2026-01-17 17:31:52 - RNN_Baseline - INFO - Models to train: LSTM, BiLSTM, GRU
2026-01-17 17:31:52 - RNN_Baseline - INFO - 
######################################################################
2026-01-17 17:31:52 - RNN_Baseline - INFO - # TRAINING LSTM
2026-01-17 17:31:52 - RNN_Baseline - INFO - ######################################################################
2026-01-17 17:31:52 - RNN_Baseline - INFO - Using optimal configuration (no search)
2026-01-17 17:31:52 - RNN_Baseline - INFO - 
============================================================
2026-01-17 17:31:52 - RNN_Baseline - INFO - FINAL TRAINING with best configuration
2026-01-17 17:31:52 - RNN_Baseline - INFO - ============================================================
2026-01-17 17:31:52 - RNN_Baseline - INFO - Model parameters: 207,522
2026-01-17 17:31:52 - RNN_Baseline - INFO - Starting training for LSTM
2026-01-17 17:31:52 - RNN_Baseline - DEBUG -   Device: cuda
2026-01-17 17:31:52 - RNN_Baseline - DEBUG -   Epochs: 30
2026-01-17 17:31:52 - RNN_Baseline - DEBUG -   Learning rate: 0.001
2026-01-17 17:31:52 - RNN_Baseline - DEBUG -   Batch size: 64
2026-01-17 17:32:14 - RNN_Baseline - DEBUG -   Epoch 1/30: NEW BEST - Train Loss: 0.6604, Val F1: 0.4685, Val AUC: 0.6426
2026-01-17 17:32:32 - RNN_Baseline - DEBUG -   Epoch 2/30: NEW BEST - Train Loss: 0.6407, Val F1: 0.5358, Val AUC: 0.6581
2026-01-17 17:32:49 - RNN_Baseline - DEBUG -   Epoch 3/30: NEW BEST - Train Loss: 0.6344, Val F1: 0.5458, Val AUC: 0.6596
2026-01-17 17:33:07 - RNN_Baseline - DEBUG -   Epoch 4/30: NEW BEST - Train Loss: 0.6308, Val F1: 0.5544, Val AUC: 0.6639
2026-01-17 17:33:24 - RNN_Baseline - DEBUG -   Epoch 5/30: Train Loss: 0.6271, Val F1: 0.5382, Val AUC: 0.6652 (patience: 1/5)
2026-01-17 17:33:24 - RNN_Baseline - INFO -   Epoch [5/30] Train Loss: 0.6271, Val F1: 0.5382, Val AUC: 0.6652
2026-01-17 17:33:42 - RNN_Baseline - DEBUG -   Epoch 6/30: Train Loss: 0.6250, Val F1: 0.5538, Val AUC: 0.6645 (patience: 2/5)
2026-01-17 17:34:00 - RNN_Baseline - DEBUG -   Epoch 7/30: NEW BEST - Train Loss: 0.6228, Val F1: 0.5570, Val AUC: 0.6670
2026-01-17 17:34:17 - RNN_Baseline - DEBUG -   Epoch 8/30: Train Loss: 0.6215, Val F1: 0.5527, Val AUC: 0.6648 (patience: 1/5)
2026-01-17 17:34:35 - RNN_Baseline - DEBUG -   Epoch 9/30: NEW BEST - Train Loss: 0.6202, Val F1: 0.5605, Val AUC: 0.6669
2026-01-17 17:34:53 - RNN_Baseline - DEBUG -   Epoch 10/30: Train Loss: 0.6194, Val F1: 0.5578, Val AUC: 0.6688 (patience: 1/5)
2026-01-17 17:34:53 - RNN_Baseline - INFO -   Epoch [10/30] Train Loss: 0.6194, Val F1: 0.5578, Val AUC: 0.6688
2026-01-17 17:35:10 - RNN_Baseline - DEBUG -   Epoch 11/30: Train Loss: 0.6184, Val F1: 0.5533, Val AUC: 0.6650 (patience: 2/5)
2026-01-17 17:35:28 - RNN_Baseline - DEBUG -   Epoch 12/30: Train Loss: 0.6173, Val F1: 0.5526, Val AUC: 0.6645 (patience: 3/5)
2026-01-17 17:35:45 - RNN_Baseline - DEBUG -   Epoch 13/30: Train Loss: 0.6172, Val F1: 0.5560, Val AUC: 0.6643 (patience: 4/5)
2026-01-17 17:36:03 - RNN_Baseline - DEBUG -   Epoch 14/30: Train Loss: 0.6159, Val F1: 0.5543, Val AUC: 0.6640 (patience: 5/5)
2026-01-17 17:36:03 - RNN_Baseline - INFO -   Early stopping at epoch 14
2026-01-17 17:36:03 - RNN_Baseline - INFO - Training completed. Best epoch: 9, Best Val F1: 0.5605
2026-01-17 17:36:03 - RNN_Baseline - INFO - Final Validation F1: 0.5605
2026-01-17 17:36:03 - RNN_Baseline - INFO - 
============================================================
2026-01-17 17:36:03 - RNN_Baseline - INFO - TEST SET EVALUATION
2026-01-17 17:36:03 - RNN_Baseline - INFO - ============================================================
2026-01-17 17:36:05 - RNN_Baseline - INFO - 
Test Results for LSTM:
2026-01-17 17:36:05 - RNN_Baseline - INFO -   Accuracy:  0.6863
2026-01-17 17:36:05 - RNN_Baseline - INFO -   Precision: 0.6784
2026-01-17 17:36:05 - RNN_Baseline - INFO -   Recall:    0.4817
2026-01-17 17:36:05 - RNN_Baseline - INFO -   F1 Score:  0.5634
2026-01-17 17:36:05 - RNN_Baseline - INFO -   AUC:       0.6674
2026-01-17 17:36:05 - RNN_Baseline - INFO -   Confusion Matrix:
2026-01-17 17:36:05 - RNN_Baseline - INFO -     [[24200, 4797], [10886, 10117]]
2026-01-17 17:36:05 - RNN_Baseline - DEBUG - Predictions saved to: results/dataset_9/LSTM_predictions_dataset9.csv
2026-01-17 17:36:05 - RNN_Baseline - INFO - Results saved:
2026-01-17 17:36:05 - RNN_Baseline - INFO -   Predictions: results/dataset_9/LSTM_predictions_dataset9.csv
2026-01-17 17:36:05 - RNN_Baseline - INFO -   Summary:     results/dataset_9/LSTM_summary_dataset9.json
2026-01-17 17:36:05 - RNN_Baseline - INFO - 
######################################################################
2026-01-17 17:36:05 - RNN_Baseline - INFO - # TRAINING BiLSTM
2026-01-17 17:36:05 - RNN_Baseline - INFO - ######################################################################
2026-01-17 17:36:05 - RNN_Baseline - INFO - Using optimal configuration (no search)
2026-01-17 17:36:05 - RNN_Baseline - INFO - 
============================================================
2026-01-17 17:36:05 - RNN_Baseline - INFO - FINAL TRAINING with best configuration
2026-01-17 17:36:05 - RNN_Baseline - INFO - ============================================================
2026-01-17 17:36:05 - RNN_Baseline - INFO - Model parameters: 957,762
2026-01-17 17:36:05 - RNN_Baseline - INFO - Starting training for BiLSTM
2026-01-17 17:36:05 - RNN_Baseline - DEBUG -   Device: cuda
2026-01-17 17:36:05 - RNN_Baseline - DEBUG -   Epochs: 30
2026-01-17 17:36:05 - RNN_Baseline - DEBUG -   Learning rate: 0.0005
2026-01-17 17:36:05 - RNN_Baseline - DEBUG -   Batch size: 64
2026-01-17 17:36:28 - RNN_Baseline - DEBUG -   Epoch 1/30: NEW BEST - Train Loss: 0.6606, Val F1: 0.4940, Val AUC: 0.6366
2026-01-17 17:36:52 - RNN_Baseline - DEBUG -   Epoch 2/30: NEW BEST - Train Loss: 0.6430, Val F1: 0.5298, Val AUC: 0.6547
2026-01-17 17:37:15 - RNN_Baseline - DEBUG -   Epoch 3/30: NEW BEST - Train Loss: 0.6341, Val F1: 0.5556, Val AUC: 0.6602
2026-01-17 17:37:38 - RNN_Baseline - DEBUG -   Epoch 4/30: Train Loss: 0.6299, Val F1: 0.5540, Val AUC: 0.6615 (patience: 1/5)
2026-01-17 17:38:01 - RNN_Baseline - DEBUG -   Epoch 5/30: NEW BEST - Train Loss: 0.6272, Val F1: 0.5615, Val AUC: 0.6636
2026-01-17 17:38:01 - RNN_Baseline - INFO -   Epoch [5/30] Train Loss: 0.6272, Val F1: 0.5615, Val AUC: 0.6636
2026-01-17 17:38:24 - RNN_Baseline - DEBUG -   Epoch 6/30: Train Loss: 0.6251, Val F1: 0.5589, Val AUC: 0.6646 (patience: 1/5)
2026-01-17 17:38:47 - RNN_Baseline - DEBUG -   Epoch 7/30: NEW BEST - Train Loss: 0.6226, Val F1: 0.5678, Val AUC: 0.6646
2026-01-17 17:39:10 - RNN_Baseline - DEBUG -   Epoch 8/30: Train Loss: 0.6212, Val F1: 0.5596, Val AUC: 0.6648 (patience: 1/5)
2026-01-17 17:39:33 - RNN_Baseline - DEBUG -   Epoch 9/30: Train Loss: 0.6196, Val F1: 0.5604, Val AUC: 0.6628 (patience: 2/5)
2026-01-17 17:39:56 - RNN_Baseline - DEBUG -   Epoch 10/30: Train Loss: 0.6183, Val F1: 0.5588, Val AUC: 0.6641 (patience: 3/5)
2026-01-17 17:39:56 - RNN_Baseline - INFO -   Epoch [10/30] Train Loss: 0.6183, Val F1: 0.5588, Val AUC: 0.6641
2026-01-17 17:40:19 - RNN_Baseline - DEBUG -   Epoch 11/30: Train Loss: 0.6168, Val F1: 0.5619, Val AUC: 0.6636 (patience: 4/5)
2026-01-17 17:40:42 - RNN_Baseline - DEBUG -   Epoch 12/30: Train Loss: 0.6149, Val F1: 0.5621, Val AUC: 0.6638 (patience: 5/5)
2026-01-17 17:40:42 - RNN_Baseline - INFO -   Early stopping at epoch 12
2026-01-17 17:40:42 - RNN_Baseline - INFO - Training completed. Best epoch: 7, Best Val F1: 0.5678
2026-01-17 17:40:42 - RNN_Baseline - INFO - Final Validation F1: 0.5678
2026-01-17 17:40:42 - RNN_Baseline - INFO - 
============================================================
2026-01-17 17:40:42 - RNN_Baseline - INFO - TEST SET EVALUATION
2026-01-17 17:40:42 - RNN_Baseline - INFO - ============================================================
2026-01-17 17:40:44 - RNN_Baseline - INFO - 
Test Results for BiLSTM:
2026-01-17 17:40:44 - RNN_Baseline - INFO -   Accuracy:  0.6861
2026-01-17 17:40:44 - RNN_Baseline - INFO -   Precision: 0.6761
2026-01-17 17:40:44 - RNN_Baseline - INFO -   Recall:    0.4849
2026-01-17 17:40:44 - RNN_Baseline - INFO -   F1 Score:  0.5648
2026-01-17 17:40:44 - RNN_Baseline - INFO -   AUC:       0.6679
2026-01-17 17:40:44 - RNN_Baseline - INFO -   Confusion Matrix:
2026-01-17 17:40:44 - RNN_Baseline - INFO -     [[24119, 4878], [10819, 10184]]
2026-01-17 17:40:44 - RNN_Baseline - DEBUG - Predictions saved to: results/dataset_9/BiLSTM_predictions_dataset9.csv
2026-01-17 17:40:44 - RNN_Baseline - INFO - Results saved:
2026-01-17 17:40:44 - RNN_Baseline - INFO -   Predictions: results/dataset_9/BiLSTM_predictions_dataset9.csv
2026-01-17 17:40:44 - RNN_Baseline - INFO -   Summary:     results/dataset_9/BiLSTM_summary_dataset9.json
2026-01-17 17:40:44 - RNN_Baseline - INFO - 
######################################################################
2026-01-17 17:40:44 - RNN_Baseline - INFO - # TRAINING GRU
2026-01-17 17:40:44 - RNN_Baseline - INFO - ######################################################################
2026-01-17 17:40:44 - RNN_Baseline - INFO - Using optimal configuration (no search)
2026-01-17 17:40:44 - RNN_Baseline - INFO - 
============================================================
2026-01-17 17:40:44 - RNN_Baseline - INFO - FINAL TRAINING with best configuration
2026-01-17 17:40:44 - RNN_Baseline - INFO - ============================================================
2026-01-17 17:40:44 - RNN_Baseline - INFO - Model parameters: 51,714
2026-01-17 17:40:44 - RNN_Baseline - INFO - Starting training for GRU
2026-01-17 17:40:44 - RNN_Baseline - DEBUG -   Device: cuda
2026-01-17 17:40:44 - RNN_Baseline - DEBUG -   Epochs: 30
2026-01-17 17:40:44 - RNN_Baseline - DEBUG -   Learning rate: 0.0005
2026-01-17 17:40:44 - RNN_Baseline - DEBUG -   Batch size: 64
2026-01-17 17:41:01 - RNN_Baseline - DEBUG -   Epoch 1/30: NEW BEST - Train Loss: 0.6658, Val F1: 0.4623, Val AUC: 0.6180
2026-01-17 17:41:17 - RNN_Baseline - DEBUG -   Epoch 2/30: NEW BEST - Train Loss: 0.6529, Val F1: 0.4872, Val AUC: 0.6483
2026-01-17 17:41:34 - RNN_Baseline - DEBUG -   Epoch 3/30: NEW BEST - Train Loss: 0.6410, Val F1: 0.5302, Val AUC: 0.6571
2026-01-17 17:41:50 - RNN_Baseline - DEBUG -   Epoch 4/30: NEW BEST - Train Loss: 0.6357, Val F1: 0.5427, Val AUC: 0.6602
2026-01-17 17:42:07 - RNN_Baseline - DEBUG -   Epoch 5/30: NEW BEST - Train Loss: 0.6327, Val F1: 0.5471, Val AUC: 0.6590
2026-01-17 17:42:07 - RNN_Baseline - INFO -   Epoch [5/30] Train Loss: 0.6327, Val F1: 0.5471, Val AUC: 0.6590
2026-01-17 17:42:24 - RNN_Baseline - DEBUG -   Epoch 6/30: NEW BEST - Train Loss: 0.6309, Val F1: 0.5559, Val AUC: 0.6609
2026-01-17 17:42:42 - RNN_Baseline - DEBUG -   Epoch 7/30: NEW BEST - Train Loss: 0.6297, Val F1: 0.5613, Val AUC: 0.6633
2026-01-17 17:42:59 - RNN_Baseline - DEBUG -   Epoch 8/30: Train Loss: 0.6283, Val F1: 0.5598, Val AUC: 0.6633 (patience: 1/5)
2026-01-17 17:43:16 - RNN_Baseline - DEBUG -   Epoch 9/30: Train Loss: 0.6277, Val F1: 0.5567, Val AUC: 0.6612 (patience: 2/5)
2026-01-17 17:43:33 - RNN_Baseline - DEBUG -   Epoch 10/30: NEW BEST - Train Loss: 0.6270, Val F1: 0.5631, Val AUC: 0.6651
2026-01-17 17:43:33 - RNN_Baseline - INFO -   Epoch [10/30] Train Loss: 0.6270, Val F1: 0.5631, Val AUC: 0.6651
2026-01-17 17:43:51 - RNN_Baseline - DEBUG -   Epoch 11/30: Train Loss: 0.6260, Val F1: 0.5618, Val AUC: 0.6660 (patience: 1/5)
2026-01-17 17:44:08 - RNN_Baseline - DEBUG -   Epoch 12/30: Train Loss: 0.6260, Val F1: 0.5537, Val AUC: 0.6623 (patience: 2/5)
2026-01-17 17:44:25 - RNN_Baseline - DEBUG -   Epoch 13/30: Train Loss: 0.6256, Val F1: 0.5630, Val AUC: 0.6640 (patience: 3/5)
2026-01-17 17:44:42 - RNN_Baseline - DEBUG -   Epoch 14/30: Train Loss: 0.6247, Val F1: 0.5581, Val AUC: 0.6637 (patience: 4/5)
2026-01-17 17:45:00 - RNN_Baseline - DEBUG -   Epoch 15/30: Train Loss: 0.6245, Val F1: 0.5512, Val AUC: 0.6601 (patience: 5/5)
2026-01-17 17:45:00 - RNN_Baseline - INFO -   Epoch [15/30] Train Loss: 0.6245, Val F1: 0.5512, Val AUC: 0.6601
2026-01-17 17:45:00 - RNN_Baseline - INFO -   Early stopping at epoch 15
2026-01-17 17:45:00 - RNN_Baseline - INFO - Training completed. Best epoch: 10, Best Val F1: 0.5631
2026-01-17 17:45:00 - RNN_Baseline - INFO - Final Validation F1: 0.5631
2026-01-17 17:45:00 - RNN_Baseline - INFO - 
============================================================
2026-01-17 17:45:00 - RNN_Baseline - INFO - TEST SET EVALUATION
2026-01-17 17:45:00 - RNN_Baseline - INFO - ============================================================
2026-01-17 17:45:01 - RNN_Baseline - INFO - 
Test Results for GRU:
2026-01-17 17:45:01 - RNN_Baseline - INFO -   Accuracy:  0.6815
2026-01-17 17:45:01 - RNN_Baseline - INFO -   Precision: 0.6618
2026-01-17 17:45:01 - RNN_Baseline - INFO -   Recall:    0.4946
2026-01-17 17:45:01 - RNN_Baseline - INFO -   F1 Score:  0.5661
2026-01-17 17:45:01 - RNN_Baseline - INFO -   AUC:       0.6655
2026-01-17 17:45:01 - RNN_Baseline - INFO -   Confusion Matrix:
2026-01-17 17:45:01 - RNN_Baseline - INFO -     [[23687, 5310], [10614, 10389]]
2026-01-17 17:45:01 - RNN_Baseline - DEBUG - Predictions saved to: results/dataset_9/GRU_predictions_dataset9.csv
2026-01-17 17:45:01 - RNN_Baseline - INFO - Results saved:
2026-01-17 17:45:01 - RNN_Baseline - INFO -   Predictions: results/dataset_9/GRU_predictions_dataset9.csv
2026-01-17 17:45:01 - RNN_Baseline - INFO -   Summary:     results/dataset_9/GRU_summary_dataset9.json
2026-01-17 17:45:01 - RNN_Baseline - INFO - 
######################################################################
2026-01-17 17:45:01 - RNN_Baseline - INFO - # FINAL COMPARISON OF ALL MODELS
2026-01-17 17:45:01 - RNN_Baseline - INFO - ######################################################################

2026-01-17 17:45:01 - RNN_Baseline - INFO - Model      Accuracy   Precision  Recall     F1         AUC       
2026-01-17 17:45:01 - RNN_Baseline - INFO - ----------------------------------------------------------------------
2026-01-17 17:45:01 - RNN_Baseline - INFO - LSTM       0.6863     0.6784     0.4817     0.5634     0.6674    
2026-01-17 17:45:01 - RNN_Baseline - INFO - BiLSTM     0.6861     0.6761     0.4849     0.5648     0.6679    
2026-01-17 17:45:01 - RNN_Baseline - INFO - GRU        0.6815     0.6618     0.4946     0.5661     0.6655    
2026-01-17 17:45:01 - RNN_Baseline - INFO - 
Comparison saved to: results/dataset_9/comparison_dataset9.json
2026-01-17 17:45:01 - RNN_Baseline - INFO - 
============================================================
2026-01-17 17:45:01 - RNN_Baseline - INFO - BEST MODEL: GRU
2026-01-17 17:45:01 - RNN_Baseline - INFO -   F1 Score: 0.5661
2026-01-17 17:45:01 - RNN_Baseline - INFO -   AUC:      0.6655
2026-01-17 17:45:01 - RNN_Baseline - INFO - ============================================================
2026-01-17 17:45:01 - RNN_Baseline - INFO - 
Training completed successfully!
