Starting job 99348 on gpu-1-76 on Olivia at Mon Jan 26 12:32:50 CET 2026

=== JOB CONFIGURATION ===
Job ID: 99348
Node: gpu-1-76
Scratch Cache: /cluster/software/gpujobscratch/jobs/99348/hf_cache_99348
Free space in SCRATCH: 468T
The following modules were not unloaded:
  (Use "module --force purge" to unload all):

  1) init-NRIS
=== STARTING CONTAINER ===
Container: /cluster/work/projects/nn12048k/michechi/extended-pytorch/extended-pytorch.sif
Environment: HUGGING_FACE_HUB_TOKEN=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,HF_HOME=/cluster/software/gpujobscratch/jobs/99348/hf_cache_99348,HF_DATASETS_CACHE=/cluster/software/gpujobscratch/jobs/99348/hf_cache_99348,XDG_CACHE_HOME=/cluster/software/gpujobscratch/jobs/99348/hf_cache_99348,PYTHONUNBUFFERED=1
INFO:    gocryptfs not found, will not be able to use gocryptfs
Requirement already satisfied: accelerate in /usr/local/lib/python3.12/dist-packages (1.12.0)
Requirement already satisfied: numpy>=1.17 in /usr/local/lib/python3.12/dist-packages (from accelerate) (1.26.4)
Requirement already satisfied: packaging>=20.0 in /usr/local/lib/python3.12/dist-packages (from accelerate) (25.0)
Requirement already satisfied: psutil in /usr/local/lib/python3.12/dist-packages (from accelerate) (7.2.0)
Requirement already satisfied: pyyaml in /usr/local/lib/python3.12/dist-packages (from accelerate) (6.0.3)
Requirement already satisfied: torch>=2.0.0 in /usr/local/lib/python3.12/dist-packages (from accelerate) (2.8.0a0+5228986c39.nv25.6)
Requirement already satisfied: huggingface_hub>=0.21.0 in /usr/local/lib/python3.12/dist-packages (from accelerate) (0.36.0)
Requirement already satisfied: safetensors>=0.4.3 in /usr/local/lib/python3.12/dist-packages (from accelerate) (0.7.0)
Requirement already satisfied: filelock in /usr/local/lib/python3.12/dist-packages (from huggingface_hub>=0.21.0->accelerate) (3.20.1)
Requirement already satisfied: fsspec>=2023.5.0 in /usr/local/lib/python3.12/dist-packages (from huggingface_hub>=0.21.0->accelerate) (2025.10.0)
Requirement already satisfied: requests in /usr/local/lib/python3.12/dist-packages (from huggingface_hub>=0.21.0->accelerate) (2.32.5)
Requirement already satisfied: tqdm>=4.42.1 in /usr/local/lib/python3.12/dist-packages (from huggingface_hub>=0.21.0->accelerate) (4.67.1)
Requirement already satisfied: typing-extensions>=3.7.4.3 in /usr/local/lib/python3.12/dist-packages (from huggingface_hub>=0.21.0->accelerate) (4.15.0)
Requirement already satisfied: hf-xet<2.0.0,>=1.1.3 in /usr/local/lib/python3.12/dist-packages (from huggingface_hub>=0.21.0->accelerate) (1.2.0)
Requirement already satisfied: sympy>=1.13.3 in /usr/local/lib/python3.12/dist-packages (from torch>=2.0.0->accelerate) (1.14.0)
Requirement already satisfied: networkx in /usr/local/lib/python3.12/dist-packages (from torch>=2.0.0->accelerate) (3.6.1)
Requirement already satisfied: jinja2 in /usr/local/lib/python3.12/dist-packages (from torch>=2.0.0->accelerate) (3.1.6)
Requirement already satisfied: setuptools in /usr/local/lib/python3.12/dist-packages (from torch>=2.0.0->accelerate) (80.9.0)
Requirement already satisfied: mpmath<1.4,>=1.1.0 in /usr/local/lib/python3.12/dist-packages (from sympy>=1.13.3->torch>=2.0.0->accelerate) (1.3.0)
Requirement already satisfied: MarkupSafe>=2.0 in /usr/local/lib/python3.12/dist-packages (from jinja2->torch>=2.0.0->accelerate) (3.0.3)
Requirement already satisfied: charset_normalizer<4,>=2 in /usr/local/lib/python3.12/dist-packages (from requests->huggingface_hub>=0.21.0->accelerate) (3.4.4)
Requirement already satisfied: idna<4,>=2.5 in /usr/local/lib/python3.12/dist-packages (from requests->huggingface_hub>=0.21.0->accelerate) (3.11)
Requirement already satisfied: urllib3<3,>=1.21.1 in /usr/local/lib/python3.12/dist-packages (from requests->huggingface_hub>=0.21.0->accelerate) (2.6.2)
Requirement already satisfied: certifi>=2017.4.17 in /usr/local/lib/python3.12/dist-packages (from requests->huggingface_hub>=0.21.0->accelerate) (2025.11.12)

[notice] A new release of pip is available: 25.1.1 -> 25.3
[notice] To update, run: python -m pip install --upgrade pip
INFO:    gocryptfs not found, will not be able to use gocryptfs
The following values were not passed to `accelerate launch` and had defaults used instead:
		More than one GPU was found, enabling multi-GPU training.
		If this was unintended please pass in `--num_processes=1`.
	`--num_machines` was set to a value of `1`
	`--dynamo_backend` was set to a value of `'no'`
To avoid this warning pass in values for each of the problematic parameters or run `accelerate config`.
`torch_dtype` is deprecated! Use `dtype` instead!
Loading checkpoint shards:   0%|          | 0/8 [00:00<?, ?it/s]`torch_dtype` is deprecated! Use `dtype` instead!
Loading checkpoint shards:  50%|█████     | 4/8 [00:00<00:00, 27.26it/s]`torch_dtype` is deprecated! Use `dtype` instead!
`torch_dtype` is deprecated! Use `dtype` instead!
Loading checkpoint shards:  88%|████████▊ | 7/8 [00:00<00:00, 18.53it/s]Loading checkpoint shards: 100%|██████████| 8/8 [00:00<00:00, 22.22it/s]
Loading checkpoint shards:   0%|          | 0/8 [00:00<?, ?it/s]Loading checkpoint shards:   0%|          | 0/8 [00:00<?, ?it/s]Loading checkpoint shards:   0%|          | 0/8 [00:00<?, ?it/s]Loading checkpoint shards:  75%|███████▌  | 6/8 [00:00<00:00, 57.82it/s]Loading checkpoint shards: 100%|██████████| 8/8 [00:00<00:00, 72.50it/s]
Loading checkpoint shards: 100%|██████████| 8/8 [00:00<00:00, 86.85it/s]
Loading checkpoint shards: 100%|██████████| 8/8 [00:00<00:00, 118.79it/s]
trainable params: 12,582,912 || all params: 14,004,048,896 || trainable%: 0.0899
trainable params: 12,582,912 || all params: 14,004,048,896 || trainable%: 0.0899
trainable params: 12,582,912 || all params: 14,004,048,896 || trainable%: 0.0899
trainable params: 12,582,912 || all params: 14,004,048,896 || trainable%: 0.0899
[2026-01-26T13:14:22.214] error: *** JOB 99348 ON gpu-1-76 CANCELLED AT 2026-01-26T13:14:22 DUE to SIGNAL Terminated ***

Job 99348 consumed 0.0 billing hours and 2.8 GPU hours from project nn12048k.

Submitted 2026-01-26T12:32:49; waited 0.0 seconds in the queue after becoming eligible to run.

Requested wallclock time: 20.0 hours
Elapsed wallclock time:   41.5 minutes

Job was cancelled.

Task and CPU statistics:
ID               CPUs  Tasks  CPU util                Start   Elapsed  Exit status
99348               1            0.0 %  2026-01-26T12:32:49  2493.0 s  0
99348.batch         1      1    91.5 %  2026-01-26T12:32:49  2496.0 s  Signal 15
99348.apptainer     1      1     0.0 %  2026-01-26T12:32:51     2.0 s  0

Used CPU time:   38.1 CPU minutes
Unused CPU time: 3.5 CPU minutes

Memory statistics, in GiB:
ID                Alloc   Usage
99348              90.0        
99348.batch        90.0    90.1
99348.apptainer    90.0     0.4

Job 99348 completed at Mon Jan 26 13:14:27 CET 2026
