Starting job 98262 on gpu-1-50 on Olivia at Fri Jan 23 18:43:34 CET 2026

=== JOB CONFIGURATION ===
Job ID: 98262
Node: gpu-1-50
Scratch Cache: /cluster/software/gpujobscratch/jobs/98262/hf_cache_98262
Free space in SCRATCH: 468T
The following modules were not unloaded:
  (Use "module --force purge" to unload all):

  1) init-NRIS
=== STARTING CONTAINER ===
Container: /cluster/work/projects/nn12048k/michechi/extended-pytorch/extended-pytorch.sif
Environment: HUGGING_FACE_HUB_TOKEN=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,HF_HOME=/cluster/software/gpujobscratch/jobs/98262/hf_cache_98262,HF_DATASETS_CACHE=/cluster/software/gpujobscratch/jobs/98262/hf_cache_98262,XDG_CACHE_HOME=/cluster/software/gpujobscratch/jobs/98262/hf_cache_98262,PYTHONUNBUFFERED=1
INFO:    gocryptfs not found, will not be able to use gocryptfs
/usr/bin/rm: cannot remove '/usr/local/cuda/compat/lib': Read-only file system
rm: cannot remove '/usr/local/cuda/compat/lib': Read-only file system
srun: Job step aborted: Waiting up to 32 seconds for job step to finish.
[2026-01-23T18:43:39.380] error: *** STEP 98262.0 ON gpu-1-50 CANCELLED AT 2026-01-23T18:43:39 DUE to SIGNAL Terminated ***
[2026-01-23T18:43:39.380] error: *** JOB 98262 ON gpu-1-50 CANCELLED AT 2026-01-23T18:43:39 DUE to SIGNAL Terminated ***

Job 98262 consumed 0.0 billing hours and 0.0 GPU hours from project nn12048k.

Submitted 2026-01-23T18:43:33; waited 0.0 seconds in the queue after becoming eligible to run.

Requested wallclock time: 2.0 days
Elapsed wallclock time:   6.0 seconds

Job was cancelled.

Task and CPU statistics:
ID               CPUs  Tasks  CPU util                Start  Elapsed  Exit status
98262               1            0.0 %  2026-01-23T18:43:33    6.0 s  0
98262.batch         1      1     2.3 %  2026-01-23T18:43:33    7.0 s  Signal 15
98262.apptainer     1      1     0.0 %  2026-01-23T18:43:34    7.0 s  Signal 15

Used CPU time:   0.2 CPU seconds
Unused CPU time: 5.8 CPU seconds

Memory statistics, in GiB:
ID                Alloc   Usage
98262              90.0        
98262.batch        90.0     0.0
98262.apptainer    90.0     1.9

Job 98262 completed at Fri Jan 23 18:43:43 CET 2026
