2025-12-28 12:07:04 - RNN_Baseline - INFO - Logging initialized. Log file: results_rnn_baseline/dataset_9/logs/training_20251228_120704.log
2025-12-28 12:07:04 - RNN_Baseline - INFO - ======================================================================
2025-12-28 12:07:04 - RNN_Baseline - INFO - RNN BASELINE TRAINING SCRIPT
2025-12-28 12:07:04 - RNN_Baseline - INFO - ======================================================================
2025-12-28 12:07:04 - RNN_Baseline - INFO - Arguments:
2025-12-28 12:07:04 - RNN_Baseline - INFO -   path_csv: /cluster/home/michechi/MIMICIV/data/simulation/tested/
2025-12-28 12:07:04 - RNN_Baseline - INFO -   number_to_use: 9
2025-12-28 12:07:04 - RNN_Baseline - INFO -   sequence_column: Sequences
2025-12-28 12:07:04 - RNN_Baseline - INFO -   label_column: label
2025-12-28 12:07:04 - RNN_Baseline - INFO -   test_rnd: False
2025-12-28 12:07:04 - RNN_Baseline - INFO -   sequence_separator: 
2025-12-28 12:07:04 - RNN_Baseline - INFO -   models: all
2025-12-28 12:07:04 - RNN_Baseline - INFO -   no_search: False
2025-12-28 12:07:04 - RNN_Baseline - INFO -   search_trials: 20
2025-12-28 12:07:04 - RNN_Baseline - INFO -   batch_size: 64
2025-12-28 12:07:04 - RNN_Baseline - INFO -   final_epochs: 30
2025-12-28 12:07:04 - RNN_Baseline - INFO -   seed: 42
2025-12-28 12:07:04 - RNN_Baseline - INFO -   save_models: True
2025-12-28 12:07:04 - RNN_Baseline - INFO -   output_dir: results_rnn_baseline
2025-12-28 12:07:04 - RNN_Baseline - INFO - Random seed set to: 42
2025-12-28 12:07:04 - RNN_Baseline - INFO - Using device: cuda
2025-12-28 12:07:04 - RNN_Baseline - INFO -   GPU: NVIDIA GH200 120GB
2025-12-28 12:07:04 - RNN_Baseline - INFO -   Memory: 102.01 GB
2025-12-28 12:07:04 - RNN_Baseline - INFO - Loading data from: /cluster/home/michechi/MIMICIV/data/simulation/tested/
2025-12-28 12:07:04 - RNN_Baseline - INFO - Using dataset number: 9
2025-12-28 12:07:04 - RNN_Baseline - INFO - Sequence separator: '\x1f'
2025-12-28 12:07:05 - RNN_Baseline - DEBUG - CSV files loaded successfully
2025-12-28 12:07:05 - RNN_Baseline - DEBUG -   X_train shape: (400000, 1)
2025-12-28 12:07:05 - RNN_Baseline - INFO - Preprocessing sequences (splitting by separator)...
2025-12-28 12:07:05 - RNN_Baseline - DEBUG -   Example raw sequence: 'M\x1fE\x1fN\x1fZ\x1fN\x1fI\x1fG\x1fZ\x1fT\x1fX\x1fV\x1fD\x1fE\x1fX\x1fE\x1fN\x1fW\x1fO\x1fC\x1fF'
2025-12-28 12:07:05 - RNN_Baseline - DEBUG -   Example processed sequence: MENZNIGZTXVDEXENWOCF
