2026-01-18 00:24:20 - RNN_Baseline - INFO - Logging initialized. Log file: results_rnn_baseline/dataset_9/logs/training_20260118_002420.log
2026-01-18 00:24:20 - RNN_Baseline - INFO - ======================================================================
2026-01-18 00:24:20 - RNN_Baseline - INFO - RNN BASELINE TRAINING SCRIPT
2026-01-18 00:24:20 - RNN_Baseline - INFO - ======================================================================
2026-01-18 00:24:20 - RNN_Baseline - INFO - Arguments:
2026-01-18 00:24:20 - RNN_Baseline - INFO -   path_csv: /cluster/home/michechi/MIMICIV/data/simulation/tested/
2026-01-18 00:24:20 - RNN_Baseline - INFO -   number_to_use: 9
2026-01-18 00:24:20 - RNN_Baseline - INFO -   sequence_column: Sequences
2026-01-18 00:24:20 - RNN_Baseline - INFO -   label_column: Outcome
2026-01-18 00:24:20 - RNN_Baseline - INFO -   test_rnd: False
2026-01-18 00:24:20 - RNN_Baseline - INFO -   sequence_separator: 
2026-01-18 00:24:20 - RNN_Baseline - INFO -   models: Transformer,RNNTransformer
2026-01-18 00:24:20 - RNN_Baseline - INFO -   no_search: False
2026-01-18 00:24:20 - RNN_Baseline - INFO -   search_trials: 5
2026-01-18 00:24:20 - RNN_Baseline - INFO -   batch_size: 64
2026-01-18 00:24:20 - RNN_Baseline - INFO -   final_epochs: 20
2026-01-18 00:24:20 - RNN_Baseline - INFO -   seed: 42
2026-01-18 00:24:20 - RNN_Baseline - INFO -   save_models: True
2026-01-18 00:24:20 - RNN_Baseline - INFO -   output_dir: results_rnn_baseline
2026-01-18 00:24:20 - RNN_Baseline - INFO - Random seed set to: 42
2026-01-18 00:24:21 - RNN_Baseline - INFO - Using device: cuda
2026-01-18 00:24:21 - RNN_Baseline - INFO -   GPU: NVIDIA GH200 120GB
2026-01-18 00:24:21 - RNN_Baseline - INFO -   Memory: 102.01 GB
2026-01-18 00:24:21 - RNN_Baseline - INFO - Loading data from: /cluster/home/michechi/MIMICIV/data/simulation/tested/
2026-01-18 00:24:21 - RNN_Baseline - INFO - Using dataset number: 9
2026-01-18 00:24:21 - RNN_Baseline - INFO - Sequence separator: '\x1f'
2026-01-18 00:24:21 - RNN_Baseline - DEBUG - CSV files loaded successfully
2026-01-18 00:24:21 - RNN_Baseline - INFO - Preprocessing sequences (splitting by separator)...
2026-01-18 00:24:21 - RNN_Baseline - DEBUG -   Example raw sequence: 'M\x1fE\x1fN\x1fZ\x1fN\x1fI\x1fG\x1fZ\x1fT\x1fX\x1fV\x1fD\x1fE\x1fX\x1fE\x1fN\x1fW\x1fO\x1fC\x1fF'
2026-01-18 00:24:22 - RNN_Baseline - DEBUG -   Example processed sequence: MENZNIGZTXVDEXENWOCF
2026-01-18 00:24:22 - RNN_Baseline - INFO - Data loaded successfully:
2026-01-18 00:24:22 - RNN_Baseline - INFO -   Train: 400000 sequences
2026-01-18 00:24:22 - RNN_Baseline - INFO -   Val:   50000 sequences
2026-01-18 00:24:22 - RNN_Baseline - INFO -   Test:  50000 sequences
2026-01-18 00:24:22 - RNN_Baseline - INFO -   Class distribution (train): 232630 (label=0) / 167370 (label=1)
2026-01-18 00:24:22 - RNN_Baseline - INFO -   Sequence length: min=20, max=20, mean=20.0
2026-01-18 00:24:22 - RNN_Baseline - INFO - Maximum sequence length in dataset: 20
2026-01-18 00:24:22 - RNN_Baseline - INFO - Creating PyTorch datasets...
2026-01-18 00:24:22 - RNN_Baseline - INFO - Creating dataloaders (batch_size=64)...
2026-01-18 00:24:22 - RNN_Baseline - INFO -   Train batches: 6250
2026-01-18 00:24:22 - RNN_Baseline - INFO -   Val batches:   782
2026-01-18 00:24:22 - RNN_Baseline - INFO -   Test batches:  782
2026-01-18 00:24:22 - RNN_Baseline - INFO - Models to train: Transformer, RNNTransformer
2026-01-18 00:24:22 - RNN_Baseline - INFO - 
######################################################################
2026-01-18 00:24:22 - RNN_Baseline - INFO - # TRAINING Transformer
2026-01-18 00:24:22 - RNN_Baseline - INFO - ######################################################################
2026-01-18 00:24:22 - RNN_Baseline - INFO - ============================================================
2026-01-18 00:24:22 - RNN_Baseline - INFO - RANDOM SEARCH for Transformer (5 trials)
2026-01-18 00:24:22 - RNN_Baseline - INFO - ============================================================
2026-01-18 00:24:22 - RNN_Baseline - INFO - 
Trial 1/5:
2026-01-18 00:24:22 - RNN_Baseline - INFO -   Config: {'vocab_size': 26, 'embedding_dim': 64, 'num_heads': 4, 'num_layers': 4, 'dim_feedforward': 256, 'num_classes': 2, 'dropout': 0.1, 'max_seq_length': 30}
2026-01-18 00:24:22 - RNN_Baseline - INFO -   LR: 0.0001
2026-01-18 00:24:22 - RNN_Baseline - DEBUG -   Model parameters: 203,778
2026-01-18 00:24:22 - RNN_Baseline - INFO - Starting training for Transformer_trial0
2026-01-18 00:24:22 - RNN_Baseline - DEBUG -   Device: cuda
2026-01-18 00:24:22 - RNN_Baseline - DEBUG -   Epochs: 15
2026-01-18 00:24:22 - RNN_Baseline - DEBUG -   Learning rate: 0.0001
2026-01-18 00:25:22 - RNN_Baseline - DEBUG -   Epoch 1/15: NEW BEST - Train Loss: 0.6701, Val F1: 0.2777, Val AUC: 0.6049
2026-01-18 00:26:18 - RNN_Baseline - DEBUG -   Epoch 2/15: NEW BEST - Train Loss: 0.6492, Val F1: 0.5752, Val AUC: 0.6640
2026-01-18 00:27:15 - RNN_Baseline - DEBUG -   Epoch 3/15: Train Loss: 0.6250, Val F1: 0.5729, Val AUC: 0.6684 (patience: 1/5)
2026-01-18 00:28:11 - RNN_Baseline - DEBUG -   Epoch 4/15: NEW BEST - Train Loss: 0.6193, Val F1: 0.5764, Val AUC: 0.6689
2026-01-18 00:29:08 - RNN_Baseline - DEBUG -   Epoch 5/15: Train Loss: 0.6168, Val F1: 0.5750, Val AUC: 0.6673 (patience: 1/5)
2026-01-18 00:29:08 - RNN_Baseline - INFO -   Epoch [5/15] Train Loss: 0.6168, Val F1: 0.5750, Val AUC: 0.6673
2026-01-18 00:30:04 - RNN_Baseline - DEBUG -   Epoch 6/15: Train Loss: 0.6157, Val F1: 0.5755, Val AUC: 0.6693 (patience: 2/5)
2026-01-18 00:31:01 - RNN_Baseline - DEBUG -   Epoch 7/15: Train Loss: 0.6153, Val F1: 0.5755, Val AUC: 0.6678 (patience: 3/5)
2026-01-18 00:31:57 - RNN_Baseline - DEBUG -   Epoch 8/15: Train Loss: 0.6150, Val F1: 0.5760, Val AUC: 0.6678 (patience: 4/5)
2026-01-18 00:32:54 - RNN_Baseline - DEBUG -   Epoch 9/15: Train Loss: 0.6147, Val F1: 0.5764, Val AUC: 0.6671 (patience: 5/5)
2026-01-18 00:32:54 - RNN_Baseline - INFO -   Early stopping at epoch 9
2026-01-18 00:32:54 - RNN_Baseline - INFO - Training completed. Best epoch: 4, Best Val F1: 0.5764
2026-01-18 00:32:54 - RNN_Baseline - INFO -   → Val F1: 0.5764
2026-01-18 00:32:54 - RNN_Baseline - INFO - 
Trial 2/5:
2026-01-18 00:32:54 - RNN_Baseline - INFO -   Config: {'vocab_size': 26, 'embedding_dim': 64, 'num_heads': 4, 'num_layers': 4, 'dim_feedforward': 512, 'num_classes': 2, 'dropout': 0.3, 'max_seq_length': 30}
2026-01-18 00:32:54 - RNN_Baseline - INFO -   LR: 0.0001
2026-01-18 00:32:54 - RNN_Baseline - DEBUG -   Model parameters: 335,874
2026-01-18 00:32:54 - RNN_Baseline - INFO - Starting training for Transformer_trial1
2026-01-18 00:32:54 - RNN_Baseline - DEBUG -   Device: cuda
2026-01-18 00:32:54 - RNN_Baseline - DEBUG -   Epochs: 15
2026-01-18 00:32:54 - RNN_Baseline - DEBUG -   Learning rate: 0.0001
2026-01-18 00:33:52 - RNN_Baseline - DEBUG -   Epoch 1/15: NEW BEST - Train Loss: 0.6708, Val F1: 0.3606, Val AUC: 0.6000
2026-01-18 00:34:49 - RNN_Baseline - DEBUG -   Epoch 2/15: NEW BEST - Train Loss: 0.6565, Val F1: 0.5767, Val AUC: 0.6624
2026-01-18 00:35:47 - RNN_Baseline - DEBUG -   Epoch 3/15: Train Loss: 0.6327, Val F1: 0.5733, Val AUC: 0.6664 (patience: 1/5)
2026-01-18 00:36:45 - RNN_Baseline - DEBUG -   Epoch 4/15: Train Loss: 0.6274, Val F1: 0.5765, Val AUC: 0.6659 (patience: 2/5)
2026-01-18 00:37:43 - RNN_Baseline - DEBUG -   Epoch 5/15: Train Loss: 0.6239, Val F1: 0.5718, Val AUC: 0.6664 (patience: 3/5)
2026-01-18 00:37:43 - RNN_Baseline - INFO -   Epoch [5/15] Train Loss: 0.6239, Val F1: 0.5718, Val AUC: 0.6664
2026-01-18 00:38:41 - RNN_Baseline - DEBUG -   Epoch 6/15: Train Loss: 0.6213, Val F1: 0.5719, Val AUC: 0.6656 (patience: 4/5)
2026-01-18 00:39:38 - RNN_Baseline - DEBUG -   Epoch 7/15: Train Loss: 0.6197, Val F1: 0.5751, Val AUC: 0.6664 (patience: 5/5)
2026-01-18 00:39:38 - RNN_Baseline - INFO -   Early stopping at epoch 7
2026-01-18 00:39:38 - RNN_Baseline - INFO - Training completed. Best epoch: 2, Best Val F1: 0.5767
2026-01-18 00:39:38 - RNN_Baseline - INFO -   → Val F1: 0.5767
2026-01-18 00:39:38 - RNN_Baseline - INFO - 
Trial 3/5:
2026-01-18 00:39:38 - RNN_Baseline - INFO -   Config: {'vocab_size': 26, 'embedding_dim': 128, 'num_heads': 4, 'num_layers': 2, 'dim_feedforward': 128, 'num_classes': 2, 'dropout': 0.1, 'max_seq_length': 30}
2026-01-18 00:39:38 - RNN_Baseline - INFO -   LR: 0.0001
2026-01-18 00:39:38 - RNN_Baseline - DEBUG -   Model parameters: 206,850
2026-01-18 00:39:38 - RNN_Baseline - INFO - Starting training for Transformer_trial2
2026-01-18 00:39:38 - RNN_Baseline - DEBUG -   Device: cuda
2026-01-18 00:39:38 - RNN_Baseline - DEBUG -   Epochs: 15
2026-01-18 00:39:38 - RNN_Baseline - DEBUG -   Learning rate: 0.0001
2026-01-18 00:40:14 - RNN_Baseline - DEBUG -   Epoch 1/15: NEW BEST - Train Loss: 0.6638, Val F1: 0.5463, Val AUC: 0.6622
2026-01-18 00:40:49 - RNN_Baseline - DEBUG -   Epoch 2/15: NEW BEST - Train Loss: 0.6271, Val F1: 0.5741, Val AUC: 0.6685
2026-01-18 00:41:25 - RNN_Baseline - DEBUG -   Epoch 3/15: NEW BEST - Train Loss: 0.6220, Val F1: 0.5755, Val AUC: 0.6689
2026-01-18 00:42:00 - RNN_Baseline - DEBUG -   Epoch 4/15: Train Loss: 0.6207, Val F1: 0.5698, Val AUC: 0.6687 (patience: 1/5)
2026-01-18 00:42:35 - RNN_Baseline - DEBUG -   Epoch 5/15: Train Loss: 0.6193, Val F1: 0.5657, Val AUC: 0.6676 (patience: 2/5)
2026-01-18 00:42:35 - RNN_Baseline - INFO -   Epoch [5/15] Train Loss: 0.6193, Val F1: 0.5657, Val AUC: 0.6676
2026-01-18 00:43:11 - RNN_Baseline - DEBUG -   Epoch 6/15: Train Loss: 0.6185, Val F1: 0.5596, Val AUC: 0.6683 (patience: 3/5)
2026-01-18 00:43:46 - RNN_Baseline - DEBUG -   Epoch 7/15: Train Loss: 0.6177, Val F1: 0.5710, Val AUC: 0.6686 (patience: 4/5)
2026-01-18 00:44:21 - RNN_Baseline - DEBUG -   Epoch 8/15: Train Loss: 0.6173, Val F1: 0.5696, Val AUC: 0.6680 (patience: 5/5)
2026-01-18 00:44:21 - RNN_Baseline - INFO -   Early stopping at epoch 8
2026-01-18 00:44:21 - RNN_Baseline - INFO - Training completed. Best epoch: 3, Best Val F1: 0.5755
2026-01-18 00:44:21 - RNN_Baseline - INFO -   → Val F1: 0.5755
2026-01-18 00:44:21 - RNN_Baseline - INFO - 
Trial 4/5:
2026-01-18 00:44:21 - RNN_Baseline - INFO -   Config: {'vocab_size': 26, 'embedding_dim': 64, 'num_heads': 4, 'num_layers': 4, 'dim_feedforward': 512, 'num_classes': 2, 'dropout': 0.3, 'max_seq_length': 30}
2026-01-18 00:44:21 - RNN_Baseline - INFO -   LR: 0.001
2026-01-18 00:44:21 - RNN_Baseline - DEBUG -   Model parameters: 335,874
2026-01-18 00:44:21 - RNN_Baseline - INFO - Starting training for Transformer_trial3
2026-01-18 00:44:21 - RNN_Baseline - DEBUG -   Device: cuda
2026-01-18 00:44:21 - RNN_Baseline - DEBUG -   Epochs: 15
2026-01-18 00:44:21 - RNN_Baseline - DEBUG -   Learning rate: 0.001
2026-01-18 00:45:19 - RNN_Baseline - DEBUG -   Epoch 1/15: NEW BEST - Train Loss: 0.6762, Val F1: 0.1475, Val AUC: 0.5588
2026-01-18 00:46:17 - RNN_Baseline - DEBUG -   Epoch 2/15: Train Loss: 0.6796, Val F1: 0.0000, Val AUC: 0.4898 (patience: 1/5)
2026-01-18 00:47:15 - RNN_Baseline - DEBUG -   Epoch 3/15: Train Loss: 0.6800, Val F1: 0.0000, Val AUC: 0.5008 (patience: 2/5)
2026-01-18 00:48:13 - RNN_Baseline - DEBUG -   Epoch 4/15: Train Loss: 0.6799, Val F1: 0.0000, Val AUC: 0.5020 (patience: 3/5)
2026-01-18 00:49:11 - RNN_Baseline - DEBUG -   Epoch 5/15: Train Loss: 0.6799, Val F1: 0.0000, Val AUC: 0.5108 (patience: 4/5)
2026-01-18 00:49:11 - RNN_Baseline - INFO -   Epoch [5/15] Train Loss: 0.6799, Val F1: 0.0000, Val AUC: 0.5108
2026-01-18 00:50:09 - RNN_Baseline - DEBUG -   Epoch 6/15: Train Loss: 0.6799, Val F1: 0.0000, Val AUC: 0.4958 (patience: 5/5)
2026-01-18 00:50:09 - RNN_Baseline - INFO -   Early stopping at epoch 6
2026-01-18 00:50:09 - RNN_Baseline - INFO - Training completed. Best epoch: 1, Best Val F1: 0.1475
2026-01-18 00:50:09 - RNN_Baseline - INFO -   → Val F1: 0.1475
2026-01-18 00:50:09 - RNN_Baseline - INFO - 
Trial 5/5:
2026-01-18 00:50:09 - RNN_Baseline - INFO -   Config: {'vocab_size': 26, 'embedding_dim': 128, 'num_heads': 4, 'num_layers': 3, 'dim_feedforward': 512, 'num_classes': 2, 'dropout': 0.2, 'max_seq_length': 30}
2026-01-18 00:50:09 - RNN_Baseline - INFO -   LR: 0.0001
2026-01-18 00:50:09 - RNN_Baseline - DEBUG -   Model parameters: 602,498
2026-01-18 00:50:09 - RNN_Baseline - INFO - Starting training for Transformer_trial4
2026-01-18 00:50:09 - RNN_Baseline - DEBUG -   Device: cuda
2026-01-18 00:50:09 - RNN_Baseline - DEBUG -   Epochs: 15
2026-01-18 00:50:09 - RNN_Baseline - DEBUG -   Learning rate: 0.0001
2026-01-18 00:50:56 - RNN_Baseline - DEBUG -   Epoch 1/15: NEW BEST - Train Loss: 0.6605, Val F1: 0.5595, Val AUC: 0.6632
2026-01-18 00:51:44 - RNN_Baseline - DEBUG -   Epoch 2/15: NEW BEST - Train Loss: 0.6269, Val F1: 0.5730, Val AUC: 0.6686
2026-01-18 00:52:31 - RNN_Baseline - DEBUG -   Epoch 3/15: Train Loss: 0.6188, Val F1: 0.5691, Val AUC: 0.6683 (patience: 1/5)
2026-01-18 00:53:18 - RNN_Baseline - DEBUG -   Epoch 4/15: NEW BEST - Train Loss: 0.6166, Val F1: 0.5757, Val AUC: 0.6672
2026-01-18 00:54:05 - RNN_Baseline - DEBUG -   Epoch 5/15: NEW BEST - Train Loss: 0.6156, Val F1: 0.5757, Val AUC: 0.6679
2026-01-18 00:54:05 - RNN_Baseline - INFO -   Epoch [5/15] Train Loss: 0.6156, Val F1: 0.5757, Val AUC: 0.6679
2026-01-18 00:54:52 - RNN_Baseline - DEBUG -   Epoch 6/15: NEW BEST - Train Loss: 0.6153, Val F1: 0.5758, Val AUC: 0.6687
2026-01-18 00:55:39 - RNN_Baseline - DEBUG -   Epoch 7/15: Train Loss: 0.6152, Val F1: 0.5757, Val AUC: 0.6681 (patience: 1/5)
2026-01-18 00:56:27 - RNN_Baseline - DEBUG -   Epoch 8/15: NEW BEST - Train Loss: 0.6151, Val F1: 0.5762, Val AUC: 0.6682
2026-01-18 00:57:14 - RNN_Baseline - DEBUG -   Epoch 9/15: Train Loss: 0.6150, Val F1: 0.5760, Val AUC: 0.6669 (patience: 1/5)
2026-01-18 00:58:01 - RNN_Baseline - DEBUG -   Epoch 10/15: NEW BEST - Train Loss: 0.6149, Val F1: 0.5768, Val AUC: 0.6696
2026-01-18 00:58:01 - RNN_Baseline - INFO -   Epoch [10/15] Train Loss: 0.6149, Val F1: 0.5768, Val AUC: 0.6696
2026-01-18 00:58:48 - RNN_Baseline - DEBUG -   Epoch 11/15: Train Loss: 0.6148, Val F1: 0.5752, Val AUC: 0.6669 (patience: 1/5)
2026-01-18 00:59:35 - RNN_Baseline - DEBUG -   Epoch 12/15: Train Loss: 0.6151, Val F1: 0.5760, Val AUC: 0.6677 (patience: 2/5)
2026-01-18 01:00:22 - RNN_Baseline - DEBUG -   Epoch 13/15: Train Loss: 0.6148, Val F1: 0.5704, Val AUC: 0.6680 (patience: 3/5)
2026-01-18 01:01:08 - RNN_Baseline - DEBUG -   Epoch 14/15: Train Loss: 0.6147, Val F1: 0.5709, Val AUC: 0.6660 (patience: 4/5)
2026-01-18 01:01:55 - RNN_Baseline - DEBUG -   Epoch 15/15: Train Loss: 0.6146, Val F1: 0.5725, Val AUC: 0.6679 (patience: 5/5)
2026-01-18 01:01:55 - RNN_Baseline - INFO -   Epoch [15/15] Train Loss: 0.6146, Val F1: 0.5725, Val AUC: 0.6679
2026-01-18 01:01:55 - RNN_Baseline - INFO -   Early stopping at epoch 15
2026-01-18 01:01:55 - RNN_Baseline - INFO - Training completed. Best epoch: 10, Best Val F1: 0.5768
2026-01-18 01:01:55 - RNN_Baseline - INFO -   → Val F1: 0.5768
2026-01-18 01:01:55 - RNN_Baseline - INFO - 
============================================================
2026-01-18 01:01:55 - RNN_Baseline - INFO - BEST CONFIGURATION (Trial 5):
2026-01-18 01:01:55 - RNN_Baseline - INFO - ============================================================
2026-01-18 01:01:55 - RNN_Baseline - INFO - Val F1: 0.5768
2026-01-18 01:01:55 - RNN_Baseline - INFO - Parameters: 602,498
2026-01-18 01:01:55 - RNN_Baseline - INFO - Config:
2026-01-18 01:01:55 - RNN_Baseline - INFO -   embedding_dim: 128
2026-01-18 01:01:55 - RNN_Baseline - INFO -   num_heads: 4
2026-01-18 01:01:55 - RNN_Baseline - INFO -   num_layers: 3
2026-01-18 01:01:55 - RNN_Baseline - INFO -   dim_feedforward: 512
2026-01-18 01:01:55 - RNN_Baseline - INFO -   dropout: 0.2
2026-01-18 01:01:55 - RNN_Baseline - INFO -   max_seq_length: 30
2026-01-18 01:01:55 - RNN_Baseline - INFO -   lr: 0.0001
2026-01-18 01:01:55 - RNN_Baseline - INFO - 
============================================================
2026-01-18 01:01:55 - RNN_Baseline - INFO - FINAL TRAINING with best configuration
2026-01-18 01:01:55 - RNN_Baseline - INFO - ============================================================
2026-01-18 01:01:55 - RNN_Baseline - INFO - Model parameters: 602,498
2026-01-18 01:01:55 - RNN_Baseline - INFO - Starting training for Transformer
2026-01-18 01:01:55 - RNN_Baseline - DEBUG -   Device: cuda
2026-01-18 01:01:55 - RNN_Baseline - DEBUG -   Epochs: 20
2026-01-18 01:01:55 - RNN_Baseline - DEBUG -   Learning rate: 0.0001
2026-01-18 01:02:42 - RNN_Baseline - DEBUG -   Epoch 1/20: NEW BEST - Train Loss: 0.6622, Val F1: 0.5601, Val AUC: 0.6634
2026-01-18 01:03:28 - RNN_Baseline - DEBUG -   Epoch 2/20: NEW BEST - Train Loss: 0.6247, Val F1: 0.5741, Val AUC: 0.6679
2026-01-18 01:04:14 - RNN_Baseline - DEBUG -   Epoch 3/20: NEW BEST - Train Loss: 0.6186, Val F1: 0.5755, Val AUC: 0.6675
2026-01-18 01:05:00 - RNN_Baseline - DEBUG -   Epoch 4/20: Train Loss: 0.6167, Val F1: 0.5702, Val AUC: 0.6690 (patience: 1/5)
2026-01-18 01:05:47 - RNN_Baseline - DEBUG -   Epoch 5/20: NEW BEST - Train Loss: 0.6160, Val F1: 0.5758, Val AUC: 0.6674
2026-01-18 01:05:47 - RNN_Baseline - INFO -   Epoch [5/20] Train Loss: 0.6160, Val F1: 0.5758, Val AUC: 0.6674
2026-01-18 01:06:33 - RNN_Baseline - DEBUG -   Epoch 6/20: NEW BEST - Train Loss: 0.6155, Val F1: 0.5758, Val AUC: 0.6684
2026-01-18 01:07:19 - RNN_Baseline - DEBUG -   Epoch 7/20: Train Loss: 0.6155, Val F1: 0.5750, Val AUC: 0.6671 (patience: 1/5)
2026-01-18 01:08:06 - RNN_Baseline - DEBUG -   Epoch 8/20: Train Loss: 0.6153, Val F1: 0.5757, Val AUC: 0.6682 (patience: 2/5)
2026-01-18 01:08:52 - RNN_Baseline - DEBUG -   Epoch 9/20: Train Loss: 0.6151, Val F1: 0.5755, Val AUC: 0.6690 (patience: 3/5)
2026-01-18 01:09:39 - RNN_Baseline - DEBUG -   Epoch 10/20: NEW BEST - Train Loss: 0.6151, Val F1: 0.5759, Val AUC: 0.6681
2026-01-18 01:09:39 - RNN_Baseline - INFO -   Epoch [10/20] Train Loss: 0.6151, Val F1: 0.5759, Val AUC: 0.6681
2026-01-18 01:10:25 - RNN_Baseline - DEBUG -   Epoch 11/20: Train Loss: 0.6149, Val F1: 0.5756, Val AUC: 0.6676 (patience: 1/5)
2026-01-18 01:11:12 - RNN_Baseline - DEBUG -   Epoch 12/20: Train Loss: 0.6147, Val F1: 0.5756, Val AUC: 0.6653 (patience: 2/5)
2026-01-18 01:11:58 - RNN_Baseline - DEBUG -   Epoch 13/20: Train Loss: 0.6150, Val F1: 0.5629, Val AUC: 0.6646 (patience: 3/5)
2026-01-18 01:12:44 - RNN_Baseline - DEBUG -   Epoch 14/20: Train Loss: 0.6149, Val F1: 0.5747, Val AUC: 0.6694 (patience: 4/5)
2026-01-18 01:13:31 - RNN_Baseline - DEBUG -   Epoch 15/20: NEW BEST - Train Loss: 0.6147, Val F1: 0.5759, Val AUC: 0.6675
2026-01-18 01:13:31 - RNN_Baseline - INFO -   Epoch [15/20] Train Loss: 0.6147, Val F1: 0.5759, Val AUC: 0.6675
2026-01-18 01:14:17 - RNN_Baseline - DEBUG -   Epoch 16/20: Train Loss: 0.6146, Val F1: 0.5751, Val AUC: 0.6681 (patience: 1/5)
2026-01-18 01:15:03 - RNN_Baseline - DEBUG -   Epoch 17/20: NEW BEST - Train Loss: 0.6147, Val F1: 0.5759, Val AUC: 0.6672
2026-01-18 01:15:49 - RNN_Baseline - DEBUG -   Epoch 18/20: Train Loss: 0.6145, Val F1: 0.5741, Val AUC: 0.6687 (patience: 1/5)
2026-01-18 01:16:36 - RNN_Baseline - DEBUG -   Epoch 19/20: Train Loss: 0.6145, Val F1: 0.5758, Val AUC: 0.6673 (patience: 2/5)
2026-01-18 01:17:22 - RNN_Baseline - DEBUG -   Epoch 20/20: Train Loss: 0.6147, Val F1: 0.5699, Val AUC: 0.6661 (patience: 3/5)
2026-01-18 01:17:22 - RNN_Baseline - INFO -   Epoch [20/20] Train Loss: 0.6147, Val F1: 0.5699, Val AUC: 0.6661
2026-01-18 01:17:22 - RNN_Baseline - INFO - Training completed. Best epoch: 17, Best Val F1: 0.5759
2026-01-18 01:17:22 - RNN_Baseline - INFO - Final Validation F1: 0.5759
2026-01-18 01:17:22 - RNN_Baseline - INFO - 
============================================================
2026-01-18 01:17:22 - RNN_Baseline - INFO - TEST SET EVALUATION
2026-01-18 01:17:22 - RNN_Baseline - INFO - ============================================================
2026-01-18 01:17:24 - RNN_Baseline - INFO - 
Test Results for Transformer:
2026-01-18 01:17:24 - RNN_Baseline - INFO -   Accuracy:  0.6955
2026-01-18 01:17:24 - RNN_Baseline - INFO -   Precision: 0.7011
2026-01-18 01:17:24 - RNN_Baseline - INFO -   Recall:    0.4796
2026-01-18 01:17:24 - RNN_Baseline - INFO -   F1 Score:  0.5696
2026-01-18 01:17:24 - RNN_Baseline - INFO -   AUC:       0.6689
2026-01-18 01:17:24 - RNN_Baseline - INFO -   Confusion Matrix:
2026-01-18 01:17:24 - RNN_Baseline - INFO -     [[24704, 4293], [10931, 10072]]
2026-01-18 01:17:24 - RNN_Baseline - DEBUG - Predictions saved to: results_rnn_baseline/dataset_9/Transformer_predictions_dataset9.csv
2026-01-18 01:17:24 - RNN_Baseline - INFO - Results saved:
2026-01-18 01:17:24 - RNN_Baseline - INFO -   Predictions: results_rnn_baseline/dataset_9/Transformer_predictions_dataset9.csv
2026-01-18 01:17:24 - RNN_Baseline - INFO -   Summary:     results_rnn_baseline/dataset_9/Transformer_summary_dataset9.json
2026-01-18 01:17:24 - RNN_Baseline - INFO -   Model checkpoint: results_rnn_baseline/dataset_9/models/Transformer_best.pt
2026-01-18 01:17:24 - RNN_Baseline - INFO - 
######################################################################
2026-01-18 01:17:24 - RNN_Baseline - INFO - # TRAINING RNNTransformer
2026-01-18 01:17:24 - RNN_Baseline - INFO - ######################################################################
2026-01-18 01:17:24 - RNN_Baseline - INFO - ============================================================
2026-01-18 01:17:24 - RNN_Baseline - INFO - RANDOM SEARCH for RNNTransformer (5 trials)
2026-01-18 01:17:24 - RNN_Baseline - INFO - ============================================================
2026-01-18 01:17:24 - RNN_Baseline - INFO - 
Trial 1/5:
2026-01-18 01:17:24 - RNN_Baseline - INFO -   Config: {'vocab_size': 26, 'embedding_dim': 32, 'rnn_hidden_dim': 64, 'num_heads': 8, 'num_transformer_layers': 2, 'dim_feedforward': 256, 'num_classes': 2, 'dropout': 0.1, 'max_seq_length': 30}
2026-01-18 01:17:24 - RNN_Baseline - INFO -   LR: 0.0001
2026-01-18 01:17:24 - RNN_Baseline - DEBUG -   Model parameters: 98,274
2026-01-18 01:17:24 - RNN_Baseline - INFO - Starting training for RNNTransformer_trial0
2026-01-18 01:17:24 - RNN_Baseline - DEBUG -   Device: cuda
2026-01-18 01:17:24 - RNN_Baseline - DEBUG -   Epochs: 15
2026-01-18 01:17:24 - RNN_Baseline - DEBUG -   Learning rate: 0.0001
2026-01-18 01:18:07 - RNN_Baseline - DEBUG -   Epoch 1/15: NEW BEST - Train Loss: 0.6706, Val F1: 0.3148, Val AUC: 0.5988
2026-01-18 01:18:50 - RNN_Baseline - DEBUG -   Epoch 2/15: Train Loss: 0.6653, Val F1: 0.3142, Val AUC: 0.6029 (patience: 1/5)
2026-01-18 01:19:33 - RNN_Baseline - DEBUG -   Epoch 3/15: NEW BEST - Train Loss: 0.6638, Val F1: 0.3617, Val AUC: 0.6083
2026-01-18 01:20:16 - RNN_Baseline - DEBUG -   Epoch 4/15: NEW BEST - Train Loss: 0.6620, Val F1: 0.3775, Val AUC: 0.6121
2026-01-18 01:20:59 - RNN_Baseline - DEBUG -   Epoch 5/15: NEW BEST - Train Loss: 0.6602, Val F1: 0.4028, Val AUC: 0.6178
2026-01-18 01:20:59 - RNN_Baseline - INFO -   Epoch [5/15] Train Loss: 0.6602, Val F1: 0.4028, Val AUC: 0.6178
2026-01-18 01:21:43 - RNN_Baseline - DEBUG -   Epoch 6/15: NEW BEST - Train Loss: 0.6572, Val F1: 0.4675, Val AUC: 0.6286
2026-01-18 01:22:27 - RNN_Baseline - DEBUG -   Epoch 7/15: NEW BEST - Train Loss: 0.6504, Val F1: 0.4731, Val AUC: 0.6470
2026-01-18 01:23:11 - RNN_Baseline - DEBUG -   Epoch 8/15: NEW BEST - Train Loss: 0.6414, Val F1: 0.5263, Val AUC: 0.6576
2026-01-18 01:23:55 - RNN_Baseline - DEBUG -   Epoch 9/15: NEW BEST - Train Loss: 0.6360, Val F1: 0.5600, Val AUC: 0.6607
2026-01-18 01:24:39 - RNN_Baseline - DEBUG -   Epoch 10/15: NEW BEST - Train Loss: 0.6323, Val F1: 0.5601, Val AUC: 0.6621
2026-01-18 01:24:39 - RNN_Baseline - INFO -   Epoch [10/15] Train Loss: 0.6323, Val F1: 0.5601, Val AUC: 0.6621
2026-01-18 01:25:24 - RNN_Baseline - DEBUG -   Epoch 11/15: Train Loss: 0.6294, Val F1: 0.5441, Val AUC: 0.6641 (patience: 1/5)
2026-01-18 01:26:09 - RNN_Baseline - DEBUG -   Epoch 12/15: NEW BEST - Train Loss: 0.6271, Val F1: 0.5605, Val AUC: 0.6649
2026-01-18 01:26:53 - RNN_Baseline - DEBUG -   Epoch 13/15: Train Loss: 0.6252, Val F1: 0.5602, Val AUC: 0.6660 (patience: 1/5)
2026-01-18 01:27:37 - RNN_Baseline - DEBUG -   Epoch 14/15: NEW BEST - Train Loss: 0.6235, Val F1: 0.5657, Val AUC: 0.6667
2026-01-18 01:28:22 - RNN_Baseline - DEBUG -   Epoch 15/15: NEW BEST - Train Loss: 0.6224, Val F1: 0.5696, Val AUC: 0.6676
2026-01-18 01:28:22 - RNN_Baseline - INFO -   Epoch [15/15] Train Loss: 0.6224, Val F1: 0.5696, Val AUC: 0.6676
2026-01-18 01:28:22 - RNN_Baseline - INFO - Training completed. Best epoch: 15, Best Val F1: 0.5696
2026-01-18 01:28:22 - RNN_Baseline - INFO -   → Val F1: 0.5696
2026-01-18 01:28:22 - RNN_Baseline - INFO - 
Trial 2/5:
2026-01-18 01:28:22 - RNN_Baseline - INFO -   Config: {'vocab_size': 26, 'embedding_dim': 64, 'rnn_hidden_dim': 32, 'num_heads': 2, 'num_transformer_layers': 2, 'dim_feedforward': 128, 'num_classes': 2, 'dropout': 0.2, 'max_seq_length': 30}
2026-01-18 01:28:22 - RNN_Baseline - INFO -   LR: 0.0005
2026-01-18 01:28:22 - RNN_Baseline - DEBUG -   Model parameters: 100,034
2026-01-18 01:28:22 - RNN_Baseline - INFO - Starting training for RNNTransformer_trial1
2026-01-18 01:28:22 - RNN_Baseline - DEBUG -   Device: cuda
2026-01-18 01:28:22 - RNN_Baseline - DEBUG -   Epochs: 15
2026-01-18 01:28:22 - RNN_Baseline - DEBUG -   Learning rate: 0.0005
2026-01-18 01:29:06 - RNN_Baseline - DEBUG -   Epoch 1/15: NEW BEST - Train Loss: 0.6640, Val F1: 0.5281, Val AUC: 0.6525
2026-01-18 01:29:51 - RNN_Baseline - DEBUG -   Epoch 2/15: NEW BEST - Train Loss: 0.6400, Val F1: 0.5412, Val AUC: 0.6600
2026-01-18 01:30:36 - RNN_Baseline - DEBUG -   Epoch 3/15: NEW BEST - Train Loss: 0.6340, Val F1: 0.5498, Val AUC: 0.6653
2026-01-18 01:31:21 - RNN_Baseline - DEBUG -   Epoch 4/15: NEW BEST - Train Loss: 0.6305, Val F1: 0.5633, Val AUC: 0.6663
2026-01-18 01:32:06 - RNN_Baseline - DEBUG -   Epoch 5/15: Train Loss: 0.6289, Val F1: 0.5351, Val AUC: 0.6677 (patience: 1/5)
2026-01-18 01:32:06 - RNN_Baseline - INFO -   Epoch [5/15] Train Loss: 0.6289, Val F1: 0.5351, Val AUC: 0.6677
2026-01-18 01:32:51 - RNN_Baseline - DEBUG -   Epoch 6/15: NEW BEST - Train Loss: 0.6272, Val F1: 0.5634, Val AUC: 0.6674
2026-01-18 01:33:36 - RNN_Baseline - DEBUG -   Epoch 7/15: Train Loss: 0.6266, Val F1: 0.5475, Val AUC: 0.6665 (patience: 1/5)
2026-01-18 01:34:21 - RNN_Baseline - DEBUG -   Epoch 8/15: Train Loss: 0.6257, Val F1: 0.5333, Val AUC: 0.6629 (patience: 2/5)
2026-01-18 01:35:05 - RNN_Baseline - DEBUG -   Epoch 9/15: Train Loss: 0.6252, Val F1: 0.5432, Val AUC: 0.6684 (patience: 3/5)
2026-01-18 01:35:50 - RNN_Baseline - DEBUG -   Epoch 10/15: Train Loss: 0.6242, Val F1: 0.5381, Val AUC: 0.6650 (patience: 4/5)
2026-01-18 01:35:50 - RNN_Baseline - INFO -   Epoch [10/15] Train Loss: 0.6242, Val F1: 0.5381, Val AUC: 0.6650
2026-01-18 01:36:35 - RNN_Baseline - DEBUG -   Epoch 11/15: Train Loss: 0.6255, Val F1: 0.5547, Val AUC: 0.6678 (patience: 5/5)
2026-01-18 01:36:35 - RNN_Baseline - INFO -   Early stopping at epoch 11
2026-01-18 01:36:35 - RNN_Baseline - INFO - Training completed. Best epoch: 6, Best Val F1: 0.5634
2026-01-18 01:36:35 - RNN_Baseline - INFO -   → Val F1: 0.5634
2026-01-18 01:36:35 - RNN_Baseline - INFO - 
Trial 3/5:
2026-01-18 01:36:35 - RNN_Baseline - INFO -   Config: {'vocab_size': 26, 'embedding_dim': 128, 'rnn_hidden_dim': 32, 'num_heads': 4, 'num_transformer_layers': 3, 'dim_feedforward': 256, 'num_classes': 2, 'dropout': 0.3, 'max_seq_length': 30}
2026-01-18 01:36:35 - RNN_Baseline - INFO -   LR: 0.0001
2026-01-18 01:36:35 - RNN_Baseline - DEBUG -   Model parameters: 454,914
2026-01-18 01:36:35 - RNN_Baseline - INFO - Starting training for RNNTransformer_trial2
2026-01-18 01:36:35 - RNN_Baseline - DEBUG -   Device: cuda
2026-01-18 01:36:35 - RNN_Baseline - DEBUG -   Epochs: 15
2026-01-18 01:36:35 - RNN_Baseline - DEBUG -   Learning rate: 0.0001
2026-01-18 01:37:31 - RNN_Baseline - DEBUG -   Epoch 1/15: NEW BEST - Train Loss: 0.6706, Val F1: 0.3577, Val AUC: 0.5984
2026-01-18 01:38:28 - RNN_Baseline - DEBUG -   Epoch 2/15: NEW BEST - Train Loss: 0.6618, Val F1: 0.5568, Val AUC: 0.6555
2026-01-18 01:39:25 - RNN_Baseline - DEBUG -   Epoch 3/15: NEW BEST - Train Loss: 0.6321, Val F1: 0.5716, Val AUC: 0.6678
2026-01-18 01:40:22 - RNN_Baseline - DEBUG -   Epoch 4/15: NEW BEST - Train Loss: 0.6243, Val F1: 0.5736, Val AUC: 0.6700
2026-01-18 01:41:18 - RNN_Baseline - DEBUG -   Epoch 5/15: NEW BEST - Train Loss: 0.6210, Val F1: 0.5752, Val AUC: 0.6678
2026-01-18 01:41:18 - RNN_Baseline - INFO -   Epoch [5/15] Train Loss: 0.6210, Val F1: 0.5752, Val AUC: 0.6678
2026-01-18 01:42:15 - RNN_Baseline - DEBUG -   Epoch 6/15: NEW BEST - Train Loss: 0.6191, Val F1: 0.5767, Val AUC: 0.6702
2026-01-18 01:43:12 - RNN_Baseline - DEBUG -   Epoch 7/15: Train Loss: 0.6181, Val F1: 0.5761, Val AUC: 0.6699 (patience: 1/5)
2026-01-18 01:44:09 - RNN_Baseline - DEBUG -   Epoch 8/15: Train Loss: 0.6175, Val F1: 0.5758, Val AUC: 0.6695 (patience: 2/5)
2026-01-18 01:45:06 - RNN_Baseline - DEBUG -   Epoch 9/15: Train Loss: 0.6170, Val F1: 0.5762, Val AUC: 0.6689 (patience: 3/5)
2026-01-18 01:46:04 - RNN_Baseline - DEBUG -   Epoch 10/15: Train Loss: 0.6168, Val F1: 0.5762, Val AUC: 0.6694 (patience: 4/5)
2026-01-18 01:46:04 - RNN_Baseline - INFO -   Epoch [10/15] Train Loss: 0.6168, Val F1: 0.5762, Val AUC: 0.6694
2026-01-18 01:47:01 - RNN_Baseline - DEBUG -   Epoch 11/15: Train Loss: 0.6166, Val F1: 0.5758, Val AUC: 0.6686 (patience: 5/5)
2026-01-18 01:47:01 - RNN_Baseline - INFO -   Early stopping at epoch 11
2026-01-18 01:47:01 - RNN_Baseline - INFO - Training completed. Best epoch: 6, Best Val F1: 0.5767
2026-01-18 01:47:01 - RNN_Baseline - INFO -   → Val F1: 0.5767
2026-01-18 01:47:01 - RNN_Baseline - INFO - 
Trial 4/5:
2026-01-18 01:47:01 - RNN_Baseline - INFO -   Config: {'vocab_size': 26, 'embedding_dim': 64, 'rnn_hidden_dim': 128, 'num_heads': 2, 'num_transformer_layers': 2, 'dim_feedforward': 512, 'num_classes': 2, 'dropout': 0.3, 'max_seq_length': 30}
2026-01-18 01:47:01 - RNN_Baseline - INFO -   LR: 0.0005
2026-01-18 01:47:01 - RNN_Baseline - DEBUG -   Model parameters: 384,962
2026-01-18 01:47:01 - RNN_Baseline - INFO - Starting training for RNNTransformer_trial3
2026-01-18 01:47:01 - RNN_Baseline - DEBUG -   Device: cuda
2026-01-18 01:47:01 - RNN_Baseline - DEBUG -   Epochs: 15
2026-01-18 01:47:01 - RNN_Baseline - DEBUG -   Learning rate: 0.0005
2026-01-18 01:47:47 - RNN_Baseline - DEBUG -   Epoch 1/15: NEW BEST - Train Loss: 0.6639, Val F1: 0.4993, Val AUC: 0.6415
2026-01-18 01:48:32 - RNN_Baseline - DEBUG -   Epoch 2/15: Train Loss: 0.6431, Val F1: 0.4948, Val AUC: 0.6459 (patience: 1/5)
2026-01-18 01:49:18 - RNN_Baseline - DEBUG -   Epoch 3/15: NEW BEST - Train Loss: 0.6401, Val F1: 0.5027, Val AUC: 0.6496
2026-01-18 01:50:04 - RNN_Baseline - DEBUG -   Epoch 4/15: NEW BEST - Train Loss: 0.6379, Val F1: 0.5198, Val AUC: 0.6511
2026-01-18 01:50:50 - RNN_Baseline - DEBUG -   Epoch 5/15: Train Loss: 0.6376, Val F1: 0.5182, Val AUC: 0.6522 (patience: 1/5)
2026-01-18 01:50:50 - RNN_Baseline - INFO -   Epoch [5/15] Train Loss: 0.6376, Val F1: 0.5182, Val AUC: 0.6522
2026-01-18 01:51:35 - RNN_Baseline - DEBUG -   Epoch 6/15: Train Loss: 0.6403, Val F1: 0.5114, Val AUC: 0.6506 (patience: 2/5)
2026-01-18 01:52:20 - RNN_Baseline - DEBUG -   Epoch 7/15: Train Loss: 0.6374, Val F1: 0.5113, Val AUC: 0.6530 (patience: 3/5)
2026-01-18 01:53:05 - RNN_Baseline - DEBUG -   Epoch 8/15: Train Loss: 0.6398, Val F1: 0.4871, Val AUC: 0.6494 (patience: 4/5)
2026-01-18 01:53:50 - RNN_Baseline - DEBUG -   Epoch 9/15: Train Loss: 0.6401, Val F1: 0.4967, Val AUC: 0.6471 (patience: 5/5)
2026-01-18 01:53:50 - RNN_Baseline - INFO -   Early stopping at epoch 9
2026-01-18 01:53:50 - RNN_Baseline - INFO - Training completed. Best epoch: 4, Best Val F1: 0.5198
2026-01-18 01:53:50 - RNN_Baseline - INFO -   → Val F1: 0.5198
2026-01-18 01:53:50 - RNN_Baseline - INFO - 
Trial 5/5:
2026-01-18 01:53:50 - RNN_Baseline - INFO -   Config: {'vocab_size': 26, 'embedding_dim': 128, 'rnn_hidden_dim': 128, 'num_heads': 2, 'num_transformer_layers': 1, 'dim_feedforward': 128, 'num_classes': 2, 'dropout': 0.3, 'max_seq_length': 30}
2026-01-18 01:53:50 - RNN_Baseline - INFO -   LR: 0.0001
2026-01-18 01:53:50 - RNN_Baseline - DEBUG -   Model parameters: 404,354
2026-01-18 01:53:50 - RNN_Baseline - INFO - Starting training for RNNTransformer_trial4
2026-01-18 01:53:50 - RNN_Baseline - DEBUG -   Device: cuda
2026-01-18 01:53:50 - RNN_Baseline - DEBUG -   Epochs: 15
2026-01-18 01:53:50 - RNN_Baseline - DEBUG -   Learning rate: 0.0001
2026-01-18 01:54:23 - RNN_Baseline - DEBUG -   Epoch 1/15: NEW BEST - Train Loss: 0.6699, Val F1: 0.3217, Val AUC: 0.6015
2026-01-18 01:54:55 - RNN_Baseline - DEBUG -   Epoch 2/15: NEW BEST - Train Loss: 0.6641, Val F1: 0.3523, Val AUC: 0.6107
2026-01-18 01:55:28 - RNN_Baseline - DEBUG -   Epoch 3/15: NEW BEST - Train Loss: 0.6606, Val F1: 0.3951, Val AUC: 0.6231
2026-01-18 01:56:01 - RNN_Baseline - DEBUG -   Epoch 4/15: NEW BEST - Train Loss: 0.6546, Val F1: 0.4133, Val AUC: 0.6360
2026-01-18 01:56:33 - RNN_Baseline - DEBUG -   Epoch 5/15: NEW BEST - Train Loss: 0.6476, Val F1: 0.4833, Val AUC: 0.6490
2026-01-18 01:56:33 - RNN_Baseline - INFO -   Epoch [5/15] Train Loss: 0.6476, Val F1: 0.4833, Val AUC: 0.6490
2026-01-18 01:57:06 - RNN_Baseline - DEBUG -   Epoch 6/15: NEW BEST - Train Loss: 0.6401, Val F1: 0.5040, Val AUC: 0.6521
2026-01-18 01:57:39 - RNN_Baseline - DEBUG -   Epoch 7/15: NEW BEST - Train Loss: 0.6356, Val F1: 0.5072, Val AUC: 0.6553
2026-01-18 01:58:12 - RNN_Baseline - DEBUG -   Epoch 8/15: NEW BEST - Train Loss: 0.6328, Val F1: 0.5313, Val AUC: 0.6561
2026-01-18 01:58:45 - RNN_Baseline - DEBUG -   Epoch 9/15: Train Loss: 0.6306, Val F1: 0.5176, Val AUC: 0.6582 (patience: 1/5)
2026-01-18 01:59:18 - RNN_Baseline - DEBUG -   Epoch 10/15: NEW BEST - Train Loss: 0.6289, Val F1: 0.5407, Val AUC: 0.6593
2026-01-18 01:59:18 - RNN_Baseline - INFO -   Epoch [10/15] Train Loss: 0.6289, Val F1: 0.5407, Val AUC: 0.6593
2026-01-18 01:59:51 - RNN_Baseline - DEBUG -   Epoch 11/15: Train Loss: 0.6272, Val F1: 0.5282, Val AUC: 0.6588 (patience: 1/5)
2026-01-18 02:00:23 - RNN_Baseline - DEBUG -   Epoch 12/15: Train Loss: 0.6256, Val F1: 0.5161, Val AUC: 0.6561 (patience: 2/5)
2026-01-18 02:00:57 - RNN_Baseline - DEBUG -   Epoch 13/15: Train Loss: 0.6241, Val F1: 0.5342, Val AUC: 0.6614 (patience: 3/5)
2026-01-18 02:01:30 - RNN_Baseline - DEBUG -   Epoch 14/15: Train Loss: 0.6224, Val F1: 0.5221, Val AUC: 0.6597 (patience: 4/5)
2026-01-18 02:02:03 - RNN_Baseline - DEBUG -   Epoch 15/15: NEW BEST - Train Loss: 0.6210, Val F1: 0.5452, Val AUC: 0.6622
2026-01-18 02:02:03 - RNN_Baseline - INFO -   Epoch [15/15] Train Loss: 0.6210, Val F1: 0.5452, Val AUC: 0.6622
2026-01-18 02:02:03 - RNN_Baseline - INFO - Training completed. Best epoch: 15, Best Val F1: 0.5452
2026-01-18 02:02:03 - RNN_Baseline - INFO -   → Val F1: 0.5452
2026-01-18 02:02:03 - RNN_Baseline - INFO - 
============================================================
2026-01-18 02:02:03 - RNN_Baseline - INFO - BEST CONFIGURATION (Trial 3):
2026-01-18 02:02:03 - RNN_Baseline - INFO - ============================================================
2026-01-18 02:02:03 - RNN_Baseline - INFO - Val F1: 0.5767
2026-01-18 02:02:03 - RNN_Baseline - INFO - Parameters: 454,914
2026-01-18 02:02:03 - RNN_Baseline - INFO - Config:
2026-01-18 02:02:03 - RNN_Baseline - INFO -   embedding_dim: 128
2026-01-18 02:02:03 - RNN_Baseline - INFO -   rnn_hidden_dim: 32
2026-01-18 02:02:03 - RNN_Baseline - INFO -   num_heads: 4
2026-01-18 02:02:03 - RNN_Baseline - INFO -   num_transformer_layers: 3
2026-01-18 02:02:03 - RNN_Baseline - INFO -   dim_feedforward: 256
2026-01-18 02:02:03 - RNN_Baseline - INFO -   dropout: 0.3
2026-01-18 02:02:03 - RNN_Baseline - INFO -   max_seq_length: 30
2026-01-18 02:02:03 - RNN_Baseline - INFO -   lr: 0.0001
2026-01-18 02:02:03 - RNN_Baseline - INFO - 
============================================================
2026-01-18 02:02:03 - RNN_Baseline - INFO - FINAL TRAINING with best configuration
2026-01-18 02:02:03 - RNN_Baseline - INFO - ============================================================
2026-01-18 02:02:03 - RNN_Baseline - INFO - Model parameters: 454,914
2026-01-18 02:02:03 - RNN_Baseline - INFO - Starting training for RNNTransformer
2026-01-18 02:02:03 - RNN_Baseline - DEBUG -   Device: cuda
2026-01-18 02:02:03 - RNN_Baseline - DEBUG -   Epochs: 20
2026-01-18 02:02:03 - RNN_Baseline - DEBUG -   Learning rate: 0.0001
2026-01-18 02:02:59 - RNN_Baseline - DEBUG -   Epoch 1/20: NEW BEST - Train Loss: 0.6705, Val F1: 0.4095, Val AUC: 0.5983
2026-01-18 02:03:56 - RNN_Baseline - DEBUG -   Epoch 2/20: Train Loss: 0.6659, Val F1: 0.3641, Val AUC: 0.6056 (patience: 1/5)
2026-01-18 02:04:53 - RNN_Baseline - DEBUG -   Epoch 3/20: NEW BEST - Train Loss: 0.6505, Val F1: 0.5736, Val AUC: 0.6662
2026-01-18 02:05:50 - RNN_Baseline - DEBUG -   Epoch 4/20: Train Loss: 0.6312, Val F1: 0.5667, Val AUC: 0.6691 (patience: 1/5)
2026-01-18 02:06:47 - RNN_Baseline - DEBUG -   Epoch 5/20: Train Loss: 0.6255, Val F1: 0.5705, Val AUC: 0.6711 (patience: 2/5)
2026-01-18 02:06:47 - RNN_Baseline - INFO -   Epoch [5/20] Train Loss: 0.6255, Val F1: 0.5705, Val AUC: 0.6711
2026-01-18 02:07:44 - RNN_Baseline - DEBUG -   Epoch 6/20: Train Loss: 0.6230, Val F1: 0.5724, Val AUC: 0.6704 (patience: 3/5)
2026-01-18 02:08:40 - RNN_Baseline - DEBUG -   Epoch 7/20: Train Loss: 0.6208, Val F1: 0.5706, Val AUC: 0.6716 (patience: 4/5)
2026-01-18 02:09:37 - RNN_Baseline - DEBUG -   Epoch 8/20: Train Loss: 0.6196, Val F1: 0.5703, Val AUC: 0.6694 (patience: 5/5)
2026-01-18 02:09:37 - RNN_Baseline - INFO -   Early stopping at epoch 8
2026-01-18 02:09:37 - RNN_Baseline - INFO - Training completed. Best epoch: 3, Best Val F1: 0.5736
2026-01-18 02:09:37 - RNN_Baseline - INFO - Final Validation F1: 0.5736
2026-01-18 02:09:37 - RNN_Baseline - INFO - 
============================================================
2026-01-18 02:09:37 - RNN_Baseline - INFO - TEST SET EVALUATION
2026-01-18 02:09:37 - RNN_Baseline - INFO - ============================================================
2026-01-18 02:09:39 - RNN_Baseline - INFO - 
Test Results for RNNTransformer:
2026-01-18 02:09:39 - RNN_Baseline - INFO -   Accuracy:  0.6964
2026-01-18 02:09:39 - RNN_Baseline - INFO -   Precision: 0.6986
2026-01-18 02:09:39 - RNN_Baseline - INFO -   Recall:    0.4875
2026-01-18 02:09:39 - RNN_Baseline - INFO -   F1 Score:  0.5742
2026-01-18 02:09:39 - RNN_Baseline - INFO -   AUC:       0.6698
2026-01-18 02:09:39 - RNN_Baseline - INFO -   Confusion Matrix:
2026-01-18 02:09:39 - RNN_Baseline - INFO -     [[24581, 4416], [10765, 10238]]
2026-01-18 02:09:39 - RNN_Baseline - DEBUG - Predictions saved to: results_rnn_baseline/dataset_9/RNNTransformer_predictions_dataset9.csv
2026-01-18 02:09:39 - RNN_Baseline - INFO - Results saved:
2026-01-18 02:09:39 - RNN_Baseline - INFO -   Predictions: results_rnn_baseline/dataset_9/RNNTransformer_predictions_dataset9.csv
2026-01-18 02:09:39 - RNN_Baseline - INFO -   Summary:     results_rnn_baseline/dataset_9/RNNTransformer_summary_dataset9.json
2026-01-18 02:09:39 - RNN_Baseline - INFO -   Model checkpoint: results_rnn_baseline/dataset_9/models/RNNTransformer_best.pt
2026-01-18 02:09:39 - RNN_Baseline - INFO - 
######################################################################
2026-01-18 02:09:39 - RNN_Baseline - INFO - # FINAL COMPARISON OF ALL MODELS
2026-01-18 02:09:39 - RNN_Baseline - INFO - ######################################################################

2026-01-18 02:09:39 - RNN_Baseline - INFO - Model           Accuracy   Precision  Recall     F1         AUC       
2026-01-18 02:09:39 - RNN_Baseline - INFO - ---------------------------------------------------------------------------
2026-01-18 02:09:39 - RNN_Baseline - INFO - Transformer     0.6955     0.7011     0.4796     0.5696     0.6689    
2026-01-18 02:09:39 - RNN_Baseline - INFO - RNNTransformer  0.6964     0.6986     0.4875     0.5742     0.6698    
2026-01-18 02:09:39 - RNN_Baseline - INFO - 
Comparison saved to: results_rnn_baseline/dataset_9/comparison_dataset9.json
2026-01-18 02:09:39 - RNN_Baseline - INFO - 
============================================================
2026-01-18 02:09:39 - RNN_Baseline - INFO - BEST MODEL: RNNTransformer
2026-01-18 02:09:39 - RNN_Baseline - INFO -   F1 Score: 0.5742
2026-01-18 02:09:39 - RNN_Baseline - INFO -   AUC:      0.6698
2026-01-18 02:09:39 - RNN_Baseline - INFO - ============================================================
2026-01-18 02:09:39 - RNN_Baseline - INFO - 
Training completed successfully!
