2025-12-28 23:02:30 - RNN_Baseline - INFO - Logging initialized. Log file: results_rnn_baseline/dataset_9/logs/training_20251228_230230.log
2025-12-28 23:02:30 - RNN_Baseline - INFO - ======================================================================
2025-12-28 23:02:30 - RNN_Baseline - INFO - RNN BASELINE TRAINING SCRIPT
2025-12-28 23:02:30 - RNN_Baseline - INFO - ======================================================================
2025-12-28 23:02:30 - RNN_Baseline - INFO - Arguments:
2025-12-28 23:02:30 - RNN_Baseline - INFO -   path_csv: /cluster/home/michechi/MIMICIV/data/simulation/tested/
2025-12-28 23:02:30 - RNN_Baseline - INFO -   number_to_use: 9
2025-12-28 23:02:30 - RNN_Baseline - INFO -   sequence_column: Sequences
2025-12-28 23:02:30 - RNN_Baseline - INFO -   label_column: Outcome
2025-12-28 23:02:30 - RNN_Baseline - INFO -   test_rnd: False
2025-12-28 23:02:30 - RNN_Baseline - INFO -   sequence_separator: 
2025-12-28 23:02:30 - RNN_Baseline - INFO -   models: MLP,CNN1D,Transformer
2025-12-28 23:02:30 - RNN_Baseline - INFO -   no_search: False
2025-12-28 23:02:30 - RNN_Baseline - INFO -   search_trials: 20
2025-12-28 23:02:30 - RNN_Baseline - INFO -   batch_size: 64
2025-12-28 23:02:30 - RNN_Baseline - INFO -   final_epochs: 30
2025-12-28 23:02:30 - RNN_Baseline - INFO -   seed: 42
2025-12-28 23:02:30 - RNN_Baseline - INFO -   save_models: True
2025-12-28 23:02:30 - RNN_Baseline - INFO -   output_dir: results_rnn_baseline
2025-12-28 23:02:30 - RNN_Baseline - INFO - Random seed set to: 42
2025-12-28 23:02:30 - RNN_Baseline - INFO - Using device: cuda
2025-12-28 23:02:30 - RNN_Baseline - INFO -   GPU: NVIDIA GH200 120GB
2025-12-28 23:02:30 - RNN_Baseline - INFO -   Memory: 102.01 GB
2025-12-28 23:02:30 - RNN_Baseline - INFO - Loading data from: /cluster/home/michechi/MIMICIV/data/simulation/tested/
2025-12-28 23:02:30 - RNN_Baseline - INFO - Using dataset number: 9
2025-12-28 23:02:30 - RNN_Baseline - INFO - Sequence separator: '\x1f'
2025-12-28 23:02:31 - RNN_Baseline - DEBUG - CSV files loaded successfully
2025-12-28 23:02:31 - RNN_Baseline - INFO - Preprocessing sequences (splitting by separator)...
2025-12-28 23:02:31 - RNN_Baseline - DEBUG -   Example raw sequence: 'M\x1fE\x1fN\x1fZ\x1fN\x1fI\x1fG\x1fZ\x1fT\x1fX\x1fV\x1fD\x1fE\x1fX\x1fE\x1fN\x1fW\x1fO\x1fC\x1fF'
2025-12-28 23:02:31 - RNN_Baseline - DEBUG -   Example processed sequence: MENZNIGZTXVDEXENWOCF
2025-12-28 23:02:31 - RNN_Baseline - INFO - Data loaded successfully:
2025-12-28 23:02:31 - RNN_Baseline - INFO -   Train: 400000 sequences
2025-12-28 23:02:31 - RNN_Baseline - INFO -   Val:   50000 sequences
2025-12-28 23:02:31 - RNN_Baseline - INFO -   Test:  50000 sequences
2025-12-28 23:02:31 - RNN_Baseline - INFO -   Class distribution (train): 232630 (label=0) / 167370 (label=1)
2025-12-28 23:02:31 - RNN_Baseline - INFO -   Sequence length: min=20, max=20, mean=20.0
2025-12-28 23:02:31 - RNN_Baseline - INFO - Maximum sequence length in dataset: 20
2025-12-28 23:02:31 - RNN_Baseline - INFO - Creating PyTorch datasets...
2025-12-28 23:02:31 - RNN_Baseline - INFO - Creating dataloaders (batch_size=64)...
2025-12-28 23:02:31 - RNN_Baseline - INFO -   Train batches: 6250
2025-12-28 23:02:31 - RNN_Baseline - INFO -   Val batches:   782
2025-12-28 23:02:31 - RNN_Baseline - INFO -   Test batches:  782
2025-12-28 23:02:31 - RNN_Baseline - INFO - Models to train: MLP, CNN1D, Transformer
2025-12-28 23:02:31 - RNN_Baseline - INFO - 
######################################################################
2025-12-28 23:02:31 - RNN_Baseline - INFO - # TRAINING MLP
2025-12-28 23:02:31 - RNN_Baseline - INFO - ######################################################################
2025-12-28 23:02:31 - RNN_Baseline - INFO - ============================================================
2025-12-28 23:02:31 - RNN_Baseline - INFO - RANDOM SEARCH for MLP (20 trials)
2025-12-28 23:02:31 - RNN_Baseline - INFO - ============================================================
2025-12-28 23:02:31 - RNN_Baseline - INFO - 
Trial 1/20:
2025-12-28 23:02:31 - RNN_Baseline - INFO -   Config: {'vocab_size': 26, 'max_seq_length': 30, 'hidden_dims': [256, 128], 'num_classes': 2, 'dropout': 0.2}
2025-12-28 23:02:31 - RNN_Baseline - INFO -   LR: 0.002
2025-12-28 23:02:31 - RNN_Baseline - DEBUG -   Model parameters: 233,090
2025-12-28 23:02:31 - RNN_Baseline - INFO - Starting training for MLP_trial0
2025-12-28 23:02:31 - RNN_Baseline - DEBUG -   Device: cuda
2025-12-28 23:02:31 - RNN_Baseline - DEBUG -   Epochs: 15
2025-12-28 23:02:31 - RNN_Baseline - DEBUG -   Learning rate: 0.002
2025-12-28 23:10:30 - RNN_Baseline - DEBUG -   Epoch 1/15: NEW BEST - Train Loss: 0.6696, Val F1: 0.2735, Val AUC: 0.5981
2025-12-28 23:18:23 - RNN_Baseline - DEBUG -   Epoch 2/15: Train Loss: 0.6628, Val F1: 0.2631, Val AUC: 0.6066 (patience: 1/5)
2025-12-28 23:26:14 - RNN_Baseline - DEBUG -   Epoch 3/15: NEW BEST - Train Loss: 0.6487, Val F1: 0.3493, Val AUC: 0.6164
2025-12-28 23:34:07 - RNN_Baseline - DEBUG -   Epoch 4/15: NEW BEST - Train Loss: 0.6308, Val F1: 0.3517, Val AUC: 0.6129
2025-12-28 23:42:00 - RNN_Baseline - DEBUG -   Epoch 5/15: NEW BEST - Train Loss: 0.6146, Val F1: 0.4078, Val AUC: 0.6113
2025-12-28 23:42:00 - RNN_Baseline - INFO -   Epoch [5/15] Train Loss: 0.6146, Val F1: 0.4078, Val AUC: 0.6113
2025-12-28 23:49:53 - RNN_Baseline - DEBUG -   Epoch 6/15: NEW BEST - Train Loss: 0.5992, Val F1: 0.4232, Val AUC: 0.6070
2025-12-28 23:57:45 - RNN_Baseline - DEBUG -   Epoch 7/15: NEW BEST - Train Loss: 0.5868, Val F1: 0.4279, Val AUC: 0.6070
2025-12-29 00:05:38 - RNN_Baseline - DEBUG -   Epoch 8/15: NEW BEST - Train Loss: 0.5751, Val F1: 0.4475, Val AUC: 0.6041
2025-12-29 00:13:30 - RNN_Baseline - DEBUG -   Epoch 9/15: Train Loss: 0.5646, Val F1: 0.4284, Val AUC: 0.5982 (patience: 1/5)
2025-12-29 00:21:20 - RNN_Baseline - DEBUG -   Epoch 10/15: Train Loss: 0.5564, Val F1: 0.4198, Val AUC: 0.5977 (patience: 2/5)
2025-12-29 00:21:20 - RNN_Baseline - INFO -   Epoch [10/15] Train Loss: 0.5564, Val F1: 0.4198, Val AUC: 0.5977
2025-12-29 00:29:09 - RNN_Baseline - DEBUG -   Epoch 11/15: Train Loss: 0.5490, Val F1: 0.4315, Val AUC: 0.5966 (patience: 3/5)
2025-12-29 00:36:57 - RNN_Baseline - DEBUG -   Epoch 12/15: Train Loss: 0.5419, Val F1: 0.4207, Val AUC: 0.5932 (patience: 4/5)
2025-12-29 00:44:46 - RNN_Baseline - DEBUG -   Epoch 13/15: Train Loss: 0.5362, Val F1: 0.4341, Val AUC: 0.5924 (patience: 5/5)
2025-12-29 00:44:46 - RNN_Baseline - INFO -   Early stopping at epoch 13
2025-12-29 00:44:46 - RNN_Baseline - INFO - Training completed. Best epoch: 8, Best Val F1: 0.4475
2025-12-29 00:44:46 - RNN_Baseline - INFO -   → Val F1: 0.4475
2025-12-29 00:44:46 - RNN_Baseline - INFO - 
Trial 2/20:
2025-12-29 00:44:46 - RNN_Baseline - INFO -   Config: {'vocab_size': 26, 'max_seq_length': 30, 'hidden_dims': [256, 128, 64], 'num_classes': 2, 'dropout': 0.3}
2025-12-29 00:44:46 - RNN_Baseline - INFO -   LR: 0.0005
2025-12-29 00:44:46 - RNN_Baseline - DEBUG -   Model parameters: 241,218
2025-12-29 00:44:46 - RNN_Baseline - INFO - Starting training for MLP_trial1
2025-12-29 00:44:46 - RNN_Baseline - DEBUG -   Device: cuda
2025-12-29 00:44:46 - RNN_Baseline - DEBUG -   Epochs: 15
2025-12-29 00:44:46 - RNN_Baseline - DEBUG -   Learning rate: 0.0005
2025-12-29 00:52:44 - RNN_Baseline - DEBUG -   Epoch 1/15: NEW BEST - Train Loss: 0.6688, Val F1: 0.2822, Val AUC: 0.5991
2025-12-29 01:00:41 - RNN_Baseline - DEBUG -   Epoch 2/15: NEW BEST - Train Loss: 0.6619, Val F1: 0.3968, Val AUC: 0.6092
2025-12-29 01:08:38 - RNN_Baseline - DEBUG -   Epoch 3/15: NEW BEST - Train Loss: 0.6473, Val F1: 0.4344, Val AUC: 0.6168
2025-12-29 01:16:35 - RNN_Baseline - DEBUG -   Epoch 4/15: NEW BEST - Train Loss: 0.6307, Val F1: 0.4380, Val AUC: 0.6163
2025-12-29 01:24:31 - RNN_Baseline - DEBUG -   Epoch 5/15: NEW BEST - Train Loss: 0.6164, Val F1: 0.4461, Val AUC: 0.6155
2025-12-29 01:24:31 - RNN_Baseline - INFO -   Epoch [5/15] Train Loss: 0.6164, Val F1: 0.4461, Val AUC: 0.6155
2025-12-29 01:32:28 - RNN_Baseline - DEBUG -   Epoch 6/15: NEW BEST - Train Loss: 0.6045, Val F1: 0.4495, Val AUC: 0.6122
2025-12-29 01:40:23 - RNN_Baseline - DEBUG -   Epoch 7/15: Train Loss: 0.5946, Val F1: 0.4443, Val AUC: 0.6098 (patience: 1/5)
2025-12-29 01:48:19 - RNN_Baseline - DEBUG -   Epoch 8/15: Train Loss: 0.5857, Val F1: 0.4333, Val AUC: 0.6076 (patience: 2/5)
2025-12-29 01:56:16 - RNN_Baseline - DEBUG -   Epoch 9/15: NEW BEST - Train Loss: 0.5791, Val F1: 0.4603, Val AUC: 0.6055
2025-12-29 02:04:12 - RNN_Baseline - DEBUG -   Epoch 10/15: NEW BEST - Train Loss: 0.5717, Val F1: 0.4629, Val AUC: 0.6038
2025-12-29 02:04:12 - RNN_Baseline - INFO -   Epoch [10/15] Train Loss: 0.5717, Val F1: 0.4629, Val AUC: 0.6038
2025-12-29 02:12:08 - RNN_Baseline - DEBUG -   Epoch 11/15: Train Loss: 0.5664, Val F1: 0.4598, Val AUC: 0.6028 (patience: 1/5)
2025-12-29 02:20:05 - RNN_Baseline - DEBUG -   Epoch 12/15: Train Loss: 0.5598, Val F1: 0.4473, Val AUC: 0.6009 (patience: 2/5)
2025-12-29 02:28:02 - RNN_Baseline - DEBUG -   Epoch 13/15: Train Loss: 0.5549, Val F1: 0.4493, Val AUC: 0.5987 (patience: 3/5)
2025-12-29 02:35:58 - RNN_Baseline - DEBUG -   Epoch 14/15: Train Loss: 0.5498, Val F1: 0.4465, Val AUC: 0.5960 (patience: 4/5)
2025-12-29 02:43:54 - RNN_Baseline - DEBUG -   Epoch 15/15: Train Loss: 0.5461, Val F1: 0.4607, Val AUC: 0.5969 (patience: 5/5)
2025-12-29 02:43:54 - RNN_Baseline - INFO -   Epoch [15/15] Train Loss: 0.5461, Val F1: 0.4607, Val AUC: 0.5969
2025-12-29 02:43:54 - RNN_Baseline - INFO -   Early stopping at epoch 15
2025-12-29 02:43:54 - RNN_Baseline - INFO - Training completed. Best epoch: 10, Best Val F1: 0.4629
2025-12-29 02:43:54 - RNN_Baseline - INFO -   → Val F1: 0.4629
2025-12-29 02:43:54 - RNN_Baseline - INFO - 
Trial 3/20:
2025-12-29 02:43:54 - RNN_Baseline - INFO -   Config: {'vocab_size': 26, 'max_seq_length': 30, 'hidden_dims': [512, 256], 'num_classes': 2, 'dropout': 0.2}
2025-12-29 02:43:54 - RNN_Baseline - INFO -   LR: 0.002
2025-12-29 02:43:54 - RNN_Baseline - DEBUG -   Model parameters: 531,714
2025-12-29 02:43:54 - RNN_Baseline - INFO - Starting training for MLP_trial2
2025-12-29 02:43:54 - RNN_Baseline - DEBUG -   Device: cuda
2025-12-29 02:43:54 - RNN_Baseline - DEBUG -   Epochs: 15
2025-12-29 02:43:54 - RNN_Baseline - DEBUG -   Learning rate: 0.002
2025-12-29 02:51:48 - RNN_Baseline - DEBUG -   Epoch 1/15: NEW BEST - Train Loss: 0.6701, Val F1: 0.2141, Val AUC: 0.5971
2025-12-29 02:59:41 - RNN_Baseline - DEBUG -   Epoch 2/15: NEW BEST - Train Loss: 0.6630, Val F1: 0.4002, Val AUC: 0.6032
2025-12-29 03:07:34 - RNN_Baseline - DEBUG -   Epoch 3/15: Train Loss: 0.6453, Val F1: 0.3540, Val AUC: 0.6092 (patience: 1/5)
2025-12-29 03:15:26 - RNN_Baseline - DEBUG -   Epoch 4/15: Train Loss: 0.6199, Val F1: 0.3518, Val AUC: 0.6069 (patience: 2/5)
2025-12-29 03:23:18 - RNN_Baseline - DEBUG -   Epoch 5/15: NEW BEST - Train Loss: 0.5935, Val F1: 0.4381, Val AUC: 0.6055
2025-12-29 03:23:18 - RNN_Baseline - INFO -   Epoch [5/15] Train Loss: 0.5935, Val F1: 0.4381, Val AUC: 0.6055
2025-12-29 03:31:11 - RNN_Baseline - DEBUG -   Epoch 6/15: Train Loss: 0.5678, Val F1: 0.4162, Val AUC: 0.5978 (patience: 1/5)
2025-12-29 03:39:03 - RNN_Baseline - DEBUG -   Epoch 7/15: Train Loss: 0.5458, Val F1: 0.4363, Val AUC: 0.5975 (patience: 2/5)
2025-12-29 03:46:56 - RNN_Baseline - DEBUG -   Epoch 8/15: NEW BEST - Train Loss: 0.5245, Val F1: 0.4436, Val AUC: 0.5944
2025-12-29 03:54:48 - RNN_Baseline - DEBUG -   Epoch 9/15: Train Loss: 0.5073, Val F1: 0.4198, Val AUC: 0.5867 (patience: 1/5)
2025-12-29 04:02:41 - RNN_Baseline - DEBUG -   Epoch 10/15: Train Loss: 0.4922, Val F1: 0.4378, Val AUC: 0.5884 (patience: 2/5)
2025-12-29 04:02:41 - RNN_Baseline - INFO -   Epoch [10/15] Train Loss: 0.4922, Val F1: 0.4378, Val AUC: 0.5884
2025-12-29 04:10:32 - RNN_Baseline - DEBUG -   Epoch 11/15: NEW BEST - Train Loss: 0.4776, Val F1: 0.4437, Val AUC: 0.5862
2025-12-29 04:18:24 - RNN_Baseline - DEBUG -   Epoch 12/15: NEW BEST - Train Loss: 0.4637, Val F1: 0.4479, Val AUC: 0.5847
2025-12-29 04:26:17 - RNN_Baseline - DEBUG -   Epoch 13/15: NEW BEST - Train Loss: 0.4539, Val F1: 0.4595, Val AUC: 0.5836
2025-12-29 04:34:09 - RNN_Baseline - DEBUG -   Epoch 14/15: Train Loss: 0.4431, Val F1: 0.4388, Val AUC: 0.5787 (patience: 1/5)
2025-12-29 04:42:01 - RNN_Baseline - DEBUG -   Epoch 15/15: Train Loss: 0.4329, Val F1: 0.4440, Val AUC: 0.5820 (patience: 2/5)
2025-12-29 04:42:01 - RNN_Baseline - INFO -   Epoch [15/15] Train Loss: 0.4329, Val F1: 0.4440, Val AUC: 0.5820
2025-12-29 04:42:01 - RNN_Baseline - INFO - Training completed. Best epoch: 13, Best Val F1: 0.4595
2025-12-29 04:42:01 - RNN_Baseline - INFO -   → Val F1: 0.4595
2025-12-29 04:42:01 - RNN_Baseline - INFO - 
Trial 4/20:
2025-12-29 04:42:01 - RNN_Baseline - INFO -   Config: {'vocab_size': 26, 'max_seq_length': 30, 'hidden_dims': [256, 128], 'num_classes': 2, 'dropout': 0.5}
2025-12-29 04:42:01 - RNN_Baseline - INFO -   LR: 0.0005
2025-12-29 04:42:01 - RNN_Baseline - DEBUG -   Model parameters: 233,090
2025-12-29 04:42:01 - RNN_Baseline - INFO - Starting training for MLP_trial3
2025-12-29 04:42:01 - RNN_Baseline - DEBUG -   Device: cuda
2025-12-29 04:42:01 - RNN_Baseline - DEBUG -   Epochs: 15
2025-12-29 04:42:01 - RNN_Baseline - DEBUG -   Learning rate: 0.0005
2025-12-29 04:49:53 - RNN_Baseline - DEBUG -   Epoch 1/15: NEW BEST - Train Loss: 0.6692, Val F1: 0.2872, Val AUC: 0.5986
2025-12-29 04:57:45 - RNN_Baseline - DEBUG -   Epoch 2/15: NEW BEST - Train Loss: 0.6640, Val F1: 0.3647, Val AUC: 0.6031
2025-12-29 05:05:37 - RNN_Baseline - DEBUG -   Epoch 3/15: Train Loss: 0.6573, Val F1: 0.3457, Val AUC: 0.6103 (patience: 1/5)
2025-12-29 05:13:30 - RNN_Baseline - DEBUG -   Epoch 4/15: NEW BEST - Train Loss: 0.6477, Val F1: 0.3734, Val AUC: 0.6168
2025-12-29 05:21:23 - RNN_Baseline - DEBUG -   Epoch 5/15: Train Loss: 0.6389, Val F1: 0.3583, Val AUC: 0.6186 (patience: 1/5)
2025-12-29 05:21:23 - RNN_Baseline - INFO -   Epoch [5/15] Train Loss: 0.6389, Val F1: 0.3583, Val AUC: 0.6186
2025-12-29 05:29:15 - RNN_Baseline - DEBUG -   Epoch 6/15: NEW BEST - Train Loss: 0.6313, Val F1: 0.3913, Val AUC: 0.6205
2025-12-29 05:37:07 - RNN_Baseline - DEBUG -   Epoch 7/15: NEW BEST - Train Loss: 0.6251, Val F1: 0.4231, Val AUC: 0.6221
2025-12-29 05:45:00 - RNN_Baseline - DEBUG -   Epoch 8/15: Train Loss: 0.6187, Val F1: 0.3869, Val AUC: 0.6214 (patience: 1/5)
2025-12-29 05:52:51 - RNN_Baseline - DEBUG -   Epoch 9/15: Train Loss: 0.6135, Val F1: 0.4138, Val AUC: 0.6203 (patience: 2/5)
2025-12-29 06:00:44 - RNN_Baseline - DEBUG -   Epoch 10/15: Train Loss: 0.6092, Val F1: 0.4194, Val AUC: 0.6197 (patience: 3/5)
2025-12-29 06:00:44 - RNN_Baseline - INFO -   Epoch [10/15] Train Loss: 0.6092, Val F1: 0.4194, Val AUC: 0.6197
2025-12-29 06:08:36 - RNN_Baseline - DEBUG -   Epoch 11/15: Train Loss: 0.6050, Val F1: 0.4136, Val AUC: 0.6189 (patience: 4/5)
2025-12-29 06:16:28 - RNN_Baseline - DEBUG -   Epoch 12/15: Train Loss: 0.6010, Val F1: 0.4223, Val AUC: 0.6195 (patience: 5/5)
2025-12-29 06:16:28 - RNN_Baseline - INFO -   Early stopping at epoch 12
2025-12-29 06:16:28 - RNN_Baseline - INFO - Training completed. Best epoch: 7, Best Val F1: 0.4231
2025-12-29 06:16:28 - RNN_Baseline - INFO -   → Val F1: 0.4231
2025-12-29 06:16:28 - RNN_Baseline - INFO - 
Trial 5/20:
2025-12-29 06:16:28 - RNN_Baseline - INFO -   Config: {'vocab_size': 26, 'max_seq_length': 30, 'hidden_dims': [256, 128], 'num_classes': 2, 'dropout': 0.2}
2025-12-29 06:16:28 - RNN_Baseline - INFO -   LR: 0.0005
2025-12-29 06:16:28 - RNN_Baseline - DEBUG -   Model parameters: 233,090
2025-12-29 06:16:28 - RNN_Baseline - INFO - Starting training for MLP_trial4
2025-12-29 06:16:28 - RNN_Baseline - DEBUG -   Device: cuda
2025-12-29 06:16:28 - RNN_Baseline - DEBUG -   Epochs: 15
2025-12-29 06:16:28 - RNN_Baseline - DEBUG -   Learning rate: 0.0005
2025-12-29 06:24:21 - RNN_Baseline - DEBUG -   Epoch 1/15: NEW BEST - Train Loss: 0.6679, Val F1: 0.3456, Val AUC: 0.5998
2025-12-29 06:32:12 - RNN_Baseline - DEBUG -   Epoch 2/15: NEW BEST - Train Loss: 0.6585, Val F1: 0.3999, Val AUC: 0.6157
2025-12-29 06:40:04 - RNN_Baseline - DEBUG -   Epoch 3/15: NEW BEST - Train Loss: 0.6368, Val F1: 0.4305, Val AUC: 0.6202
2025-12-29 06:47:53 - RNN_Baseline - DEBUG -   Epoch 4/15: Train Loss: 0.6143, Val F1: 0.4261, Val AUC: 0.6129 (patience: 1/5)
2025-12-29 06:55:41 - RNN_Baseline - DEBUG -   Epoch 5/15: NEW BEST - Train Loss: 0.5962, Val F1: 0.4491, Val AUC: 0.6128
2025-12-29 06:55:41 - RNN_Baseline - INFO -   Epoch [5/15] Train Loss: 0.5962, Val F1: 0.4491, Val AUC: 0.6128
2025-12-29 07:03:30 - RNN_Baseline - DEBUG -   Epoch 6/15: Train Loss: 0.5819, Val F1: 0.4228, Val AUC: 0.6087 (patience: 1/5)
2025-12-29 07:11:18 - RNN_Baseline - DEBUG -   Epoch 7/15: Train Loss: 0.5694, Val F1: 0.4400, Val AUC: 0.6046 (patience: 2/5)
2025-12-29 07:19:05 - RNN_Baseline - DEBUG -   Epoch 8/15: Train Loss: 0.5581, Val F1: 0.4445, Val AUC: 0.6036 (patience: 3/5)
2025-12-29 07:26:53 - RNN_Baseline - DEBUG -   Epoch 9/15: Train Loss: 0.5488, Val F1: 0.4159, Val AUC: 0.5999 (patience: 4/5)
2025-12-29 07:34:41 - RNN_Baseline - DEBUG -   Epoch 10/15: NEW BEST - Train Loss: 0.5411, Val F1: 0.4498, Val AUC: 0.5985
2025-12-29 07:34:41 - RNN_Baseline - INFO -   Epoch [10/15] Train Loss: 0.5411, Val F1: 0.4498, Val AUC: 0.5985
2025-12-29 07:42:29 - RNN_Baseline - DEBUG -   Epoch 11/15: Train Loss: 0.5339, Val F1: 0.4446, Val AUC: 0.5981 (patience: 1/5)
2025-12-29 07:50:17 - RNN_Baseline - DEBUG -   Epoch 12/15: Train Loss: 0.5262, Val F1: 0.4287, Val AUC: 0.5946 (patience: 2/5)
2025-12-29 07:58:05 - RNN_Baseline - DEBUG -   Epoch 13/15: Train Loss: 0.5205, Val F1: 0.4369, Val AUC: 0.5952 (patience: 3/5)
2025-12-29 08:05:53 - RNN_Baseline - DEBUG -   Epoch 14/15: Train Loss: 0.5138, Val F1: 0.4308, Val AUC: 0.5944 (patience: 4/5)
2025-12-29 08:13:42 - RNN_Baseline - DEBUG -   Epoch 15/15: Train Loss: 0.5086, Val F1: 0.4351, Val AUC: 0.5942 (patience: 5/5)
2025-12-29 08:13:42 - RNN_Baseline - INFO -   Epoch [15/15] Train Loss: 0.5086, Val F1: 0.4351, Val AUC: 0.5942
2025-12-29 08:13:42 - RNN_Baseline - INFO -   Early stopping at epoch 15
2025-12-29 08:13:42 - RNN_Baseline - INFO - Training completed. Best epoch: 10, Best Val F1: 0.4498
2025-12-29 08:13:42 - RNN_Baseline - INFO -   → Val F1: 0.4498
2025-12-29 08:13:42 - RNN_Baseline - INFO - 
Trial 6/20:
2025-12-29 08:13:42 - RNN_Baseline - INFO -   Config: {'vocab_size': 26, 'max_seq_length': 30, 'hidden_dims': [512, 256], 'num_classes': 2, 'dropout': 0.2}
2025-12-29 08:13:42 - RNN_Baseline - INFO -   LR: 0.002
2025-12-29 08:13:42 - RNN_Baseline - DEBUG -   Model parameters: 531,714
2025-12-29 08:13:42 - RNN_Baseline - INFO - Starting training for MLP_trial5
2025-12-29 08:13:42 - RNN_Baseline - DEBUG -   Device: cuda
2025-12-29 08:13:42 - RNN_Baseline - DEBUG -   Epochs: 15
2025-12-29 08:13:42 - RNN_Baseline - DEBUG -   Learning rate: 0.002
2025-12-29 08:21:35 - RNN_Baseline - DEBUG -   Epoch 1/15: NEW BEST - Train Loss: 0.6698, Val F1: 0.3568, Val AUC: 0.5968
2025-12-29 08:29:27 - RNN_Baseline - DEBUG -   Epoch 2/15: NEW BEST - Train Loss: 0.6624, Val F1: 0.3968, Val AUC: 0.6091
2025-12-29 08:37:20 - RNN_Baseline - DEBUG -   Epoch 3/15: Train Loss: 0.6434, Val F1: 0.3955, Val AUC: 0.6166 (patience: 1/5)
2025-12-29 08:45:13 - RNN_Baseline - DEBUG -   Epoch 4/15: NEW BEST - Train Loss: 0.6160, Val F1: 0.4366, Val AUC: 0.6133
2025-12-29 08:53:05 - RNN_Baseline - DEBUG -   Epoch 5/15: Train Loss: 0.5891, Val F1: 0.3993, Val AUC: 0.6070 (patience: 1/5)
2025-12-29 08:53:05 - RNN_Baseline - INFO -   Epoch [5/15] Train Loss: 0.5891, Val F1: 0.3993, Val AUC: 0.6070
2025-12-29 09:00:58 - RNN_Baseline - DEBUG -   Epoch 6/15: Train Loss: 0.5637, Val F1: 0.4349, Val AUC: 0.5988 (patience: 2/5)
2025-12-29 09:08:50 - RNN_Baseline - DEBUG -   Epoch 7/15: Train Loss: 0.5415, Val F1: 0.4150, Val AUC: 0.5927 (patience: 3/5)
2025-12-29 09:16:42 - RNN_Baseline - DEBUG -   Epoch 8/15: Train Loss: 0.5211, Val F1: 0.4236, Val AUC: 0.5943 (patience: 4/5)
2025-12-29 09:24:34 - RNN_Baseline - DEBUG -   Epoch 9/15: Train Loss: 0.5041, Val F1: 0.4186, Val AUC: 0.5930 (patience: 5/5)
2025-12-29 09:24:34 - RNN_Baseline - INFO -   Early stopping at epoch 9
2025-12-29 09:24:34 - RNN_Baseline - INFO - Training completed. Best epoch: 4, Best Val F1: 0.4366
2025-12-29 09:24:34 - RNN_Baseline - INFO -   → Val F1: 0.4366
2025-12-29 09:24:34 - RNN_Baseline - INFO - 
Trial 7/20:
2025-12-29 09:24:34 - RNN_Baseline - INFO -   Config: {'vocab_size': 26, 'max_seq_length': 30, 'hidden_dims': [512, 256], 'num_classes': 2, 'dropout': 0.5}
2025-12-29 09:24:34 - RNN_Baseline - INFO -   LR: 0.0005
2025-12-29 09:24:34 - RNN_Baseline - DEBUG -   Model parameters: 531,714
2025-12-29 09:24:34 - RNN_Baseline - INFO - Starting training for MLP_trial6
2025-12-29 09:24:34 - RNN_Baseline - DEBUG -   Device: cuda
2025-12-29 09:24:34 - RNN_Baseline - DEBUG -   Epochs: 15
2025-12-29 09:24:34 - RNN_Baseline - DEBUG -   Learning rate: 0.0005
2025-12-29 09:32:26 - RNN_Baseline - DEBUG -   Epoch 1/15: NEW BEST - Train Loss: 0.6693, Val F1: 0.2647, Val AUC: 0.5986
2025-12-29 09:40:18 - RNN_Baseline - DEBUG -   Epoch 2/15: NEW BEST - Train Loss: 0.6630, Val F1: 0.3577, Val AUC: 0.6053
2025-12-29 09:48:10 - RNN_Baseline - DEBUG -   Epoch 3/15: Train Loss: 0.6526, Val F1: 0.3011, Val AUC: 0.6158 (patience: 1/5)
2025-12-29 09:56:02 - RNN_Baseline - DEBUG -   Epoch 4/15: NEW BEST - Train Loss: 0.6367, Val F1: 0.3680, Val AUC: 0.6197
2025-12-29 10:03:55 - RNN_Baseline - DEBUG -   Epoch 5/15: NEW BEST - Train Loss: 0.6220, Val F1: 0.4259, Val AUC: 0.6212
2025-12-29 10:03:55 - RNN_Baseline - INFO -   Epoch [5/15] Train Loss: 0.6220, Val F1: 0.4259, Val AUC: 0.6212
2025-12-29 10:11:47 - RNN_Baseline - DEBUG -   Epoch 6/15: NEW BEST - Train Loss: 0.6084, Val F1: 0.4315, Val AUC: 0.6191
2025-12-29 10:19:40 - RNN_Baseline - DEBUG -   Epoch 7/15: Train Loss: 0.5977, Val F1: 0.4009, Val AUC: 0.6180 (patience: 1/5)
2025-12-29 10:27:32 - RNN_Baseline - DEBUG -   Epoch 8/15: Train Loss: 0.5876, Val F1: 0.4168, Val AUC: 0.6172 (patience: 2/5)
2025-12-29 10:35:25 - RNN_Baseline - DEBUG -   Epoch 9/15: NEW BEST - Train Loss: 0.5777, Val F1: 0.4604, Val AUC: 0.6161
2025-12-29 10:43:17 - RNN_Baseline - DEBUG -   Epoch 10/15: Train Loss: 0.5691, Val F1: 0.4362, Val AUC: 0.6152 (patience: 1/5)
2025-12-29 10:43:17 - RNN_Baseline - INFO -   Epoch [10/15] Train Loss: 0.5691, Val F1: 0.4362, Val AUC: 0.6152
2025-12-29 10:51:10 - RNN_Baseline - DEBUG -   Epoch 11/15: Train Loss: 0.5617, Val F1: 0.4113, Val AUC: 0.6123 (patience: 2/5)
2025-12-29 10:59:02 - RNN_Baseline - DEBUG -   Epoch 12/15: Train Loss: 0.5535, Val F1: 0.4414, Val AUC: 0.6128 (patience: 3/5)
2025-12-29 11:06:55 - RNN_Baseline - DEBUG -   Epoch 13/15: Train Loss: 0.5477, Val F1: 0.4226, Val AUC: 0.6112 (patience: 4/5)
2025-12-29 11:14:48 - RNN_Baseline - DEBUG -   Epoch 14/15: Train Loss: 0.5411, Val F1: 0.4284, Val AUC: 0.6098 (patience: 5/5)
2025-12-29 11:14:48 - RNN_Baseline - INFO -   Early stopping at epoch 14
2025-12-29 11:14:48 - RNN_Baseline - INFO - Training completed. Best epoch: 9, Best Val F1: 0.4604
2025-12-29 11:14:48 - RNN_Baseline - INFO -   → Val F1: 0.4604
2025-12-29 11:14:48 - RNN_Baseline - INFO - 
Trial 8/20:
2025-12-29 11:14:48 - RNN_Baseline - INFO -   Config: {'vocab_size': 26, 'max_seq_length': 30, 'hidden_dims': [512, 256, 128], 'num_classes': 2, 'dropout': 0.4}
2025-12-29 11:14:48 - RNN_Baseline - INFO -   LR: 0.0005
2025-12-29 11:14:48 - RNN_Baseline - DEBUG -   Model parameters: 564,354
2025-12-29 11:14:48 - RNN_Baseline - INFO - Starting training for MLP_trial7
2025-12-29 11:14:48 - RNN_Baseline - DEBUG -   Device: cuda
2025-12-29 11:14:48 - RNN_Baseline - DEBUG -   Epochs: 15
2025-12-29 11:14:48 - RNN_Baseline - DEBUG -   Learning rate: 0.0005
2025-12-29 11:22:43 - RNN_Baseline - DEBUG -   Epoch 1/15: NEW BEST - Train Loss: 0.6690, Val F1: 0.2497, Val AUC: 0.5985
2025-12-29 11:30:37 - RNN_Baseline - DEBUG -   Epoch 2/15: NEW BEST - Train Loss: 0.6622, Val F1: 0.3849, Val AUC: 0.6113
2025-12-29 11:38:32 - RNN_Baseline - DEBUG -   Epoch 3/15: NEW BEST - Train Loss: 0.6459, Val F1: 0.4084, Val AUC: 0.6207
2025-12-29 11:46:27 - RNN_Baseline - DEBUG -   Epoch 4/15: NEW BEST - Train Loss: 0.6253, Val F1: 0.4549, Val AUC: 0.6219
2025-12-29 11:54:21 - RNN_Baseline - DEBUG -   Epoch 5/15: NEW BEST - Train Loss: 0.6065, Val F1: 0.4785, Val AUC: 0.6190
2025-12-29 11:54:21 - RNN_Baseline - INFO -   Epoch [5/15] Train Loss: 0.6065, Val F1: 0.4785, Val AUC: 0.6190
2025-12-29 12:02:15 - RNN_Baseline - DEBUG -   Epoch 6/15: Train Loss: 0.5899, Val F1: 0.4768, Val AUC: 0.6157 (patience: 1/5)
2025-12-29 12:10:10 - RNN_Baseline - DEBUG -   Epoch 7/15: Train Loss: 0.5758, Val F1: 0.4292, Val AUC: 0.6132 (patience: 2/5)
2025-12-29 12:18:04 - RNN_Baseline - DEBUG -   Epoch 8/15: Train Loss: 0.5624, Val F1: 0.4651, Val AUC: 0.6099 (patience: 3/5)
2025-12-29 12:25:58 - RNN_Baseline - DEBUG -   Epoch 9/15: Train Loss: 0.5519, Val F1: 0.4715, Val AUC: 0.6093 (patience: 4/5)
2025-12-29 12:33:52 - RNN_Baseline - DEBUG -   Epoch 10/15: Train Loss: 0.5407, Val F1: 0.4742, Val AUC: 0.6081 (patience: 5/5)
2025-12-29 12:33:52 - RNN_Baseline - INFO -   Epoch [10/15] Train Loss: 0.5407, Val F1: 0.4742, Val AUC: 0.6081
2025-12-29 12:33:52 - RNN_Baseline - INFO -   Early stopping at epoch 10
2025-12-29 12:33:52 - RNN_Baseline - INFO - Training completed. Best epoch: 5, Best Val F1: 0.4785
2025-12-29 12:33:52 - RNN_Baseline - INFO -   → Val F1: 0.4785
2025-12-29 12:33:52 - RNN_Baseline - INFO - 
Trial 9/20:
2025-12-29 12:33:52 - RNN_Baseline - INFO -   Config: {'vocab_size': 26, 'max_seq_length': 30, 'hidden_dims': [512, 256], 'num_classes': 2, 'dropout': 0.5}
2025-12-29 12:33:52 - RNN_Baseline - INFO -   LR: 0.001
2025-12-29 12:33:52 - RNN_Baseline - DEBUG -   Model parameters: 531,714
2025-12-29 12:33:52 - RNN_Baseline - INFO - Starting training for MLP_trial8
2025-12-29 12:33:52 - RNN_Baseline - DEBUG -   Device: cuda
2025-12-29 12:33:52 - RNN_Baseline - DEBUG -   Epochs: 15
2025-12-29 12:33:52 - RNN_Baseline - DEBUG -   Learning rate: 0.001
2025-12-29 12:41:44 - RNN_Baseline - DEBUG -   Epoch 1/15: NEW BEST - Train Loss: 0.6702, Val F1: 0.2776, Val AUC: 0.5952
2025-12-29 12:49:36 - RNN_Baseline - DEBUG -   Epoch 2/15: NEW BEST - Train Loss: 0.6656, Val F1: 0.3427, Val AUC: 0.6032
2025-12-29 12:57:28 - RNN_Baseline - DEBUG -   Epoch 3/15: Train Loss: 0.6589, Val F1: 0.3056, Val AUC: 0.6083 (patience: 1/5)
2025-12-29 13:05:20 - RNN_Baseline - DEBUG -   Epoch 4/15: Train Loss: 0.6479, Val F1: 0.3048, Val AUC: 0.6122 (patience: 2/5)
2025-12-29 13:13:09 - RNN_Baseline - DEBUG -   Epoch 5/15: Train Loss: 0.6353, Val F1: 0.3354, Val AUC: 0.6127 (patience: 3/5)
2025-12-29 13:13:09 - RNN_Baseline - INFO -   Epoch [5/15] Train Loss: 0.6353, Val F1: 0.3354, Val AUC: 0.6127
2025-12-29 13:20:57 - RNN_Baseline - DEBUG -   Epoch 6/15: Train Loss: 0.6234, Val F1: 0.3264, Val AUC: 0.6096 (patience: 4/5)
2025-12-29 13:28:45 - RNN_Baseline - DEBUG -   Epoch 7/15: NEW BEST - Train Loss: 0.6119, Val F1: 0.3919, Val AUC: 0.6123
2025-12-29 13:36:33 - RNN_Baseline - DEBUG -   Epoch 8/15: NEW BEST - Train Loss: 0.6002, Val F1: 0.4013, Val AUC: 0.6097
2025-12-29 13:44:20 - RNN_Baseline - DEBUG -   Epoch 9/15: Train Loss: 0.5904, Val F1: 0.3643, Val AUC: 0.6093 (patience: 1/5)
2025-12-29 13:52:09 - RNN_Baseline - DEBUG -   Epoch 10/15: Train Loss: 0.5803, Val F1: 0.3731, Val AUC: 0.6088 (patience: 2/5)
2025-12-29 13:52:09 - RNN_Baseline - INFO -   Epoch [10/15] Train Loss: 0.5803, Val F1: 0.3731, Val AUC: 0.6088
2025-12-29 13:59:56 - RNN_Baseline - DEBUG -   Epoch 11/15: NEW BEST - Train Loss: 0.5724, Val F1: 0.4169, Val AUC: 0.6075
2025-12-29 14:07:45 - RNN_Baseline - DEBUG -   Epoch 12/15: Train Loss: 0.5635, Val F1: 0.4168, Val AUC: 0.6069 (patience: 1/5)
2025-12-29 14:15:32 - RNN_Baseline - DEBUG -   Epoch 13/15: Train Loss: 0.5571, Val F1: 0.4131, Val AUC: 0.6077 (patience: 2/5)
2025-12-29 14:23:20 - RNN_Baseline - DEBUG -   Epoch 14/15: NEW BEST - Train Loss: 0.5505, Val F1: 0.4384, Val AUC: 0.6072
2025-12-29 14:31:08 - RNN_Baseline - DEBUG -   Epoch 15/15: Train Loss: 0.5431, Val F1: 0.4043, Val AUC: 0.6047 (patience: 1/5)
2025-12-29 14:31:08 - RNN_Baseline - INFO -   Epoch [15/15] Train Loss: 0.5431, Val F1: 0.4043, Val AUC: 0.6047
2025-12-29 14:31:08 - RNN_Baseline - INFO - Training completed. Best epoch: 14, Best Val F1: 0.4384
2025-12-29 14:31:08 - RNN_Baseline - INFO -   → Val F1: 0.4384
2025-12-29 14:31:08 - RNN_Baseline - INFO - 
Trial 10/20:
2025-12-29 14:31:08 - RNN_Baseline - INFO -   Config: {'vocab_size': 26, 'max_seq_length': 30, 'hidden_dims': [256, 128, 64], 'num_classes': 2, 'dropout': 0.3}
2025-12-29 14:31:08 - RNN_Baseline - INFO -   LR: 0.0005
2025-12-29 14:31:08 - RNN_Baseline - DEBUG -   Model parameters: 241,218
2025-12-29 14:31:08 - RNN_Baseline - INFO - Starting training for MLP_trial9
2025-12-29 14:31:08 - RNN_Baseline - DEBUG -   Device: cuda
2025-12-29 14:31:08 - RNN_Baseline - DEBUG -   Epochs: 15
2025-12-29 14:31:08 - RNN_Baseline - DEBUG -   Learning rate: 0.0005
2025-12-29 14:39:02 - RNN_Baseline - DEBUG -   Epoch 1/15: NEW BEST - Train Loss: 0.6692, Val F1: 0.3352, Val AUC: 0.5990
2025-12-29 14:46:57 - RNN_Baseline - DEBUG -   Epoch 2/15: NEW BEST - Train Loss: 0.6620, Val F1: 0.3717, Val AUC: 0.6093
2025-12-29 14:54:52 - RNN_Baseline - DEBUG -   Epoch 3/15: NEW BEST - Train Loss: 0.6479, Val F1: 0.4025, Val AUC: 0.6194
2025-12-29 15:02:47 - RNN_Baseline - DEBUG -   Epoch 4/15: NEW BEST - Train Loss: 0.6314, Val F1: 0.4150, Val AUC: 0.6209
2025-12-29 15:10:43 - RNN_Baseline - DEBUG -   Epoch 5/15: NEW BEST - Train Loss: 0.6176, Val F1: 0.4285, Val AUC: 0.6215
2025-12-29 15:10:43 - RNN_Baseline - INFO -   Epoch [5/15] Train Loss: 0.6176, Val F1: 0.4285, Val AUC: 0.6215
2025-12-29 15:18:39 - RNN_Baseline - DEBUG -   Epoch 6/15: NEW BEST - Train Loss: 0.6059, Val F1: 0.4335, Val AUC: 0.6162
2025-12-29 15:26:34 - RNN_Baseline - DEBUG -   Epoch 7/15: Train Loss: 0.5963, Val F1: 0.4290, Val AUC: 0.6155 (patience: 1/5)
2025-12-29 15:34:30 - RNN_Baseline - DEBUG -   Epoch 8/15: NEW BEST - Train Loss: 0.5871, Val F1: 0.4490, Val AUC: 0.6118
2025-12-29 15:42:25 - RNN_Baseline - DEBUG -   Epoch 9/15: Train Loss: 0.5788, Val F1: 0.4270, Val AUC: 0.6073 (patience: 1/5)
2025-12-29 15:50:21 - RNN_Baseline - DEBUG -   Epoch 10/15: Train Loss: 0.5724, Val F1: 0.4457, Val AUC: 0.6068 (patience: 2/5)
2025-12-29 15:50:21 - RNN_Baseline - INFO -   Epoch [10/15] Train Loss: 0.5724, Val F1: 0.4457, Val AUC: 0.6068
2025-12-29 15:58:16 - RNN_Baseline - DEBUG -   Epoch 11/15: Train Loss: 0.5665, Val F1: 0.4411, Val AUC: 0.6063 (patience: 3/5)
2025-12-29 16:06:12 - RNN_Baseline - DEBUG -   Epoch 12/15: Train Loss: 0.5607, Val F1: 0.4449, Val AUC: 0.6047 (patience: 4/5)
2025-12-29 16:14:07 - RNN_Baseline - DEBUG -   Epoch 13/15: Train Loss: 0.5547, Val F1: 0.4432, Val AUC: 0.6019 (patience: 5/5)
2025-12-29 16:14:07 - RNN_Baseline - INFO -   Early stopping at epoch 13
2025-12-29 16:14:07 - RNN_Baseline - INFO - Training completed. Best epoch: 8, Best Val F1: 0.4490
2025-12-29 16:14:07 - RNN_Baseline - INFO -   → Val F1: 0.4490
2025-12-29 16:14:07 - RNN_Baseline - INFO - 
Trial 11/20:
2025-12-29 16:14:07 - RNN_Baseline - INFO -   Config: {'vocab_size': 26, 'max_seq_length': 30, 'hidden_dims': [256, 128, 64], 'num_classes': 2, 'dropout': 0.2}
2025-12-29 16:14:07 - RNN_Baseline - INFO -   LR: 0.0005
2025-12-29 16:14:07 - RNN_Baseline - DEBUG -   Model parameters: 241,218
2025-12-29 16:14:07 - RNN_Baseline - INFO - Starting training for MLP_trial10
2025-12-29 16:14:07 - RNN_Baseline - DEBUG -   Device: cuda
2025-12-29 16:14:07 - RNN_Baseline - DEBUG -   Epochs: 15
2025-12-29 16:14:07 - RNN_Baseline - DEBUG -   Learning rate: 0.0005
2025-12-29 16:22:04 - RNN_Baseline - DEBUG -   Epoch 1/15: NEW BEST - Train Loss: 0.6680, Val F1: 0.3592, Val AUC: 0.5998
2025-12-29 16:30:01 - RNN_Baseline - DEBUG -   Epoch 2/15: NEW BEST - Train Loss: 0.6592, Val F1: 0.4251, Val AUC: 0.6130
2025-12-29 16:37:57 - RNN_Baseline - DEBUG -   Epoch 3/15: Train Loss: 0.6387, Val F1: 0.4149, Val AUC: 0.6209 (patience: 1/5)
2025-12-29 16:45:54 - RNN_Baseline - DEBUG -   Epoch 4/15: Train Loss: 0.6173, Val F1: 0.4112, Val AUC: 0.6162 (patience: 2/5)
2025-12-29 16:53:50 - RNN_Baseline - DEBUG -   Epoch 5/15: NEW BEST - Train Loss: 0.5997, Val F1: 0.4485, Val AUC: 0.6115
2025-12-29 16:53:50 - RNN_Baseline - INFO -   Epoch [5/15] Train Loss: 0.5997, Val F1: 0.4485, Val AUC: 0.6115
2025-12-29 17:01:46 - RNN_Baseline - DEBUG -   Epoch 6/15: Train Loss: 0.5851, Val F1: 0.4462, Val AUC: 0.6063 (patience: 1/5)
2025-12-29 17:09:42 - RNN_Baseline - DEBUG -   Epoch 7/15: Train Loss: 0.5726, Val F1: 0.4461, Val AUC: 0.6037 (patience: 2/5)
2025-12-29 17:17:39 - RNN_Baseline - DEBUG -   Epoch 8/15: NEW BEST - Train Loss: 0.5627, Val F1: 0.4524, Val AUC: 0.6020
2025-12-29 17:25:35 - RNN_Baseline - DEBUG -   Epoch 9/15: Train Loss: 0.5534, Val F1: 0.4374, Val AUC: 0.5999 (patience: 1/5)
2025-12-29 17:33:32 - RNN_Baseline - DEBUG -   Epoch 10/15: NEW BEST - Train Loss: 0.5457, Val F1: 0.4575, Val AUC: 0.5999
2025-12-29 17:33:32 - RNN_Baseline - INFO -   Epoch [10/15] Train Loss: 0.5457, Val F1: 0.4575, Val AUC: 0.5999
2025-12-29 17:41:28 - RNN_Baseline - DEBUG -   Epoch 11/15: NEW BEST - Train Loss: 0.5375, Val F1: 0.4631, Val AUC: 0.5967
2025-12-29 17:49:25 - RNN_Baseline - DEBUG -   Epoch 12/15: NEW BEST - Train Loss: 0.5308, Val F1: 0.4707, Val AUC: 0.5974
2025-12-29 17:57:21 - RNN_Baseline - DEBUG -   Epoch 13/15: Train Loss: 0.5245, Val F1: 0.4481, Val AUC: 0.5949 (patience: 1/5)
2025-12-29 18:05:18 - RNN_Baseline - DEBUG -   Epoch 14/15: Train Loss: 0.5181, Val F1: 0.4594, Val AUC: 0.5922 (patience: 2/5)
2025-12-29 18:13:14 - RNN_Baseline - DEBUG -   Epoch 15/15: Train Loss: 0.5137, Val F1: 0.4513, Val AUC: 0.5894 (patience: 3/5)
2025-12-29 18:13:14 - RNN_Baseline - INFO -   Epoch [15/15] Train Loss: 0.5137, Val F1: 0.4513, Val AUC: 0.5894
2025-12-29 18:13:14 - RNN_Baseline - INFO - Training completed. Best epoch: 12, Best Val F1: 0.4707
2025-12-29 18:13:14 - RNN_Baseline - INFO -   → Val F1: 0.4707
2025-12-29 18:13:14 - RNN_Baseline - INFO - 
Trial 12/20:
2025-12-29 18:13:14 - RNN_Baseline - INFO -   Config: {'vocab_size': 26, 'max_seq_length': 30, 'hidden_dims': [512, 256, 128], 'num_classes': 2, 'dropout': 0.2}
2025-12-29 18:13:14 - RNN_Baseline - INFO -   LR: 0.001
2025-12-29 18:13:14 - RNN_Baseline - DEBUG -   Model parameters: 564,354
2025-12-29 18:13:14 - RNN_Baseline - INFO - Starting training for MLP_trial11
2025-12-29 18:13:14 - RNN_Baseline - DEBUG -   Device: cuda
2025-12-29 18:13:14 - RNN_Baseline - DEBUG -   Epochs: 15
2025-12-29 18:13:14 - RNN_Baseline - DEBUG -   Learning rate: 0.001
2025-12-29 18:21:09 - RNN_Baseline - DEBUG -   Epoch 1/15: NEW BEST - Train Loss: 0.6687, Val F1: 0.2708, Val AUC: 0.5989
2025-12-29 18:29:04 - RNN_Baseline - DEBUG -   Epoch 2/15: NEW BEST - Train Loss: 0.6582, Val F1: 0.3572, Val AUC: 0.6170
2025-12-29 18:37:00 - RNN_Baseline - DEBUG -   Epoch 3/15: NEW BEST - Train Loss: 0.6316, Val F1: 0.4530, Val AUC: 0.6228
2025-12-29 18:44:56 - RNN_Baseline - DEBUG -   Epoch 4/15: NEW BEST - Train Loss: 0.6002, Val F1: 0.4622, Val AUC: 0.6161
2025-12-29 18:52:51 - RNN_Baseline - DEBUG -   Epoch 5/15: Train Loss: 0.5704, Val F1: 0.4206, Val AUC: 0.6098 (patience: 1/5)
2025-12-29 18:52:51 - RNN_Baseline - INFO -   Epoch [5/15] Train Loss: 0.5704, Val F1: 0.4206, Val AUC: 0.6098
2025-12-29 19:00:46 - RNN_Baseline - DEBUG -   Epoch 6/15: Train Loss: 0.5442, Val F1: 0.4153, Val AUC: 0.6014 (patience: 2/5)
2025-12-29 19:08:42 - RNN_Baseline - DEBUG -   Epoch 7/15: Train Loss: 0.5204, Val F1: 0.4392, Val AUC: 0.5943 (patience: 3/5)
2025-12-29 19:16:38 - RNN_Baseline - DEBUG -   Epoch 8/15: Train Loss: 0.5011, Val F1: 0.4456, Val AUC: 0.5959 (patience: 4/5)
2025-12-29 19:24:33 - RNN_Baseline - DEBUG -   Epoch 9/15: Train Loss: 0.4823, Val F1: 0.4621, Val AUC: 0.5910 (patience: 5/5)
2025-12-29 19:24:33 - RNN_Baseline - INFO -   Early stopping at epoch 9
2025-12-29 19:24:33 - RNN_Baseline - INFO - Training completed. Best epoch: 4, Best Val F1: 0.4622
2025-12-29 19:24:33 - RNN_Baseline - INFO -   → Val F1: 0.4622
2025-12-29 19:24:33 - RNN_Baseline - INFO - 
Trial 13/20:
2025-12-29 19:24:33 - RNN_Baseline - INFO -   Config: {'vocab_size': 26, 'max_seq_length': 30, 'hidden_dims': [256, 128, 64], 'num_classes': 2, 'dropout': 0.4}
2025-12-29 19:24:33 - RNN_Baseline - INFO -   LR: 0.0005
2025-12-29 19:24:33 - RNN_Baseline - DEBUG -   Model parameters: 241,218
2025-12-29 19:24:33 - RNN_Baseline - INFO - Starting training for MLP_trial12
2025-12-29 19:24:33 - RNN_Baseline - DEBUG -   Device: cuda
2025-12-29 19:24:33 - RNN_Baseline - DEBUG -   Epochs: 15
2025-12-29 19:24:33 - RNN_Baseline - DEBUG -   Learning rate: 0.0005
2025-12-29 19:32:27 - RNN_Baseline - DEBUG -   Epoch 1/15: NEW BEST - Train Loss: 0.6698, Val F1: 0.3384, Val AUC: 0.5985
2025-12-29 19:40:19 - RNN_Baseline - DEBUG -   Epoch 2/15: NEW BEST - Train Loss: 0.6631, Val F1: 0.3399, Val AUC: 0.6067
2025-12-29 19:48:13 - RNN_Baseline - DEBUG -   Epoch 3/15: NEW BEST - Train Loss: 0.6532, Val F1: 0.4184, Val AUC: 0.6184
2025-12-29 19:56:10 - RNN_Baseline - DEBUG -   Epoch 4/15: Train Loss: 0.6408, Val F1: 0.4112, Val AUC: 0.6234 (patience: 1/5)
2025-12-29 20:04:06 - RNN_Baseline - DEBUG -   Epoch 5/15: NEW BEST - Train Loss: 0.6288, Val F1: 0.4268, Val AUC: 0.6223
2025-12-29 20:04:06 - RNN_Baseline - INFO -   Epoch [5/15] Train Loss: 0.6288, Val F1: 0.4268, Val AUC: 0.6223
2025-12-29 20:12:02 - RNN_Baseline - DEBUG -   Epoch 6/15: NEW BEST - Train Loss: 0.6201, Val F1: 0.4395, Val AUC: 0.6201
2025-12-29 20:19:58 - RNN_Baseline - DEBUG -   Epoch 7/15: Train Loss: 0.6115, Val F1: 0.4166, Val AUC: 0.6192 (patience: 1/5)
2025-12-29 20:27:54 - RNN_Baseline - DEBUG -   Epoch 8/15: NEW BEST - Train Loss: 0.6048, Val F1: 0.4490, Val AUC: 0.6199
2025-12-29 20:35:49 - RNN_Baseline - DEBUG -   Epoch 9/15: Train Loss: 0.5988, Val F1: 0.4415, Val AUC: 0.6173 (patience: 1/5)
2025-12-29 20:43:45 - RNN_Baseline - DEBUG -   Epoch 10/15: NEW BEST - Train Loss: 0.5931, Val F1: 0.4554, Val AUC: 0.6161
2025-12-29 20:43:45 - RNN_Baseline - INFO -   Epoch [10/15] Train Loss: 0.5931, Val F1: 0.4554, Val AUC: 0.6161
2025-12-29 20:51:41 - RNN_Baseline - DEBUG -   Epoch 11/15: Train Loss: 0.5877, Val F1: 0.4481, Val AUC: 0.6150 (patience: 1/5)
2025-12-29 20:59:37 - RNN_Baseline - DEBUG -   Epoch 12/15: Train Loss: 0.5841, Val F1: 0.4503, Val AUC: 0.6136 (patience: 2/5)
2025-12-29 21:07:33 - RNN_Baseline - DEBUG -   Epoch 13/15: Train Loss: 0.5792, Val F1: 0.4531, Val AUC: 0.6112 (patience: 3/5)
2025-12-29 21:15:29 - RNN_Baseline - DEBUG -   Epoch 14/15: NEW BEST - Train Loss: 0.5750, Val F1: 0.4640, Val AUC: 0.6112
2025-12-29 21:23:24 - RNN_Baseline - DEBUG -   Epoch 15/15: Train Loss: 0.5711, Val F1: 0.4539, Val AUC: 0.6107 (patience: 1/5)
2025-12-29 21:23:24 - RNN_Baseline - INFO -   Epoch [15/15] Train Loss: 0.5711, Val F1: 0.4539, Val AUC: 0.6107
2025-12-29 21:23:24 - RNN_Baseline - INFO - Training completed. Best epoch: 14, Best Val F1: 0.4640
2025-12-29 21:23:24 - RNN_Baseline - INFO -   → Val F1: 0.4640
2025-12-29 21:23:24 - RNN_Baseline - INFO - 
Trial 14/20:
2025-12-29 21:23:24 - RNN_Baseline - INFO -   Config: {'vocab_size': 26, 'max_seq_length': 30, 'hidden_dims': [512, 256, 128], 'num_classes': 2, 'dropout': 0.2}
2025-12-29 21:23:24 - RNN_Baseline - INFO -   LR: 0.001
2025-12-29 21:23:24 - RNN_Baseline - DEBUG -   Model parameters: 564,354
2025-12-29 21:23:24 - RNN_Baseline - INFO - Starting training for MLP_trial13
2025-12-29 21:23:24 - RNN_Baseline - DEBUG -   Device: cuda
2025-12-29 21:23:24 - RNN_Baseline - DEBUG -   Epochs: 15
2025-12-29 21:23:24 - RNN_Baseline - DEBUG -   Learning rate: 0.001
2025-12-29 21:31:19 - RNN_Baseline - DEBUG -   Epoch 1/15: NEW BEST - Train Loss: 0.6686, Val F1: 0.3296, Val AUC: 0.5997
2025-12-29 21:39:16 - RNN_Baseline - DEBUG -   Epoch 2/15: NEW BEST - Train Loss: 0.6592, Val F1: 0.3921, Val AUC: 0.6122
2025-12-29 21:47:11 - RNN_Baseline - DEBUG -   Epoch 3/15: NEW BEST - Train Loss: 0.6343, Val F1: 0.4472, Val AUC: 0.6216
2025-12-29 21:55:07 - RNN_Baseline - DEBUG -   Epoch 4/15: NEW BEST - Train Loss: 0.6027, Val F1: 0.4494, Val AUC: 0.6168
2025-12-29 22:03:02 - RNN_Baseline - DEBUG -   Epoch 5/15: Train Loss: 0.5739, Val F1: 0.4421, Val AUC: 0.6072 (patience: 1/5)
2025-12-29 22:03:02 - RNN_Baseline - INFO -   Epoch [5/15] Train Loss: 0.5739, Val F1: 0.4421, Val AUC: 0.6072
2025-12-29 22:10:58 - RNN_Baseline - DEBUG -   Epoch 6/15: NEW BEST - Train Loss: 0.5467, Val F1: 0.4608, Val AUC: 0.6046
2025-12-29 22:18:53 - RNN_Baseline - DEBUG -   Epoch 7/15: Train Loss: 0.5236, Val F1: 0.4578, Val AUC: 0.6002 (patience: 1/5)
2025-12-29 22:26:49 - RNN_Baseline - DEBUG -   Epoch 8/15: NEW BEST - Train Loss: 0.5025, Val F1: 0.4685, Val AUC: 0.5963
2025-12-29 22:34:44 - RNN_Baseline - DEBUG -   Epoch 9/15: Train Loss: 0.4844, Val F1: 0.4684, Val AUC: 0.5945 (patience: 1/5)
2025-12-29 22:42:40 - RNN_Baseline - DEBUG -   Epoch 10/15: NEW BEST - Train Loss: 0.4666, Val F1: 0.4802, Val AUC: 0.5962
2025-12-29 22:42:40 - RNN_Baseline - INFO -   Epoch [10/15] Train Loss: 0.4666, Val F1: 0.4802, Val AUC: 0.5962
2025-12-29 22:50:35 - RNN_Baseline - DEBUG -   Epoch 11/15: Train Loss: 0.4528, Val F1: 0.4695, Val AUC: 0.5906 (patience: 1/5)
2025-12-29 22:58:31 - RNN_Baseline - DEBUG -   Epoch 12/15: Train Loss: 0.4398, Val F1: 0.4792, Val AUC: 0.5912 (patience: 2/5)
