2026-01-17 15:31:48 - RNN_Baseline - INFO - Logging initialized. Log file: results_rnn_baseline/dataset_9/logs/training_20260117_153148.log
2026-01-17 15:31:48 - RNN_Baseline - INFO - ======================================================================
2026-01-17 15:31:48 - RNN_Baseline - INFO - RNN BASELINE TRAINING SCRIPT
2026-01-17 15:31:48 - RNN_Baseline - INFO - ======================================================================
2026-01-17 15:31:48 - RNN_Baseline - INFO - Arguments:
2026-01-17 15:31:48 - RNN_Baseline - INFO -   path_csv: /cluster/home/michechi/MIMICIV/data/simulation/tested/
2026-01-17 15:31:48 - RNN_Baseline - INFO -   number_to_use: 9
2026-01-17 15:31:48 - RNN_Baseline - INFO -   sequence_column: Sequences
2026-01-17 15:31:48 - RNN_Baseline - INFO -   label_column: Outcome
2026-01-17 15:31:48 - RNN_Baseline - INFO -   test_rnd: False
2026-01-17 15:31:48 - RNN_Baseline - INFO -   sequence_separator: 
2026-01-17 15:31:48 - RNN_Baseline - INFO -   models: Transformer,RNNTransformer
2026-01-17 15:31:48 - RNN_Baseline - INFO -   no_search: False
2026-01-17 15:31:48 - RNN_Baseline - INFO -   search_trials: 15
2026-01-17 15:31:48 - RNN_Baseline - INFO -   batch_size: 64
2026-01-17 15:31:48 - RNN_Baseline - INFO -   final_epochs: 30
2026-01-17 15:31:48 - RNN_Baseline - INFO -   seed: 42
2026-01-17 15:31:48 - RNN_Baseline - INFO -   save_models: True
2026-01-17 15:31:48 - RNN_Baseline - INFO -   output_dir: results_rnn_baseline
2026-01-17 15:31:48 - RNN_Baseline - INFO - Random seed set to: 42
2026-01-17 15:31:48 - RNN_Baseline - INFO - Using device: cuda
2026-01-17 15:31:48 - RNN_Baseline - INFO -   GPU: NVIDIA GH200 120GB
2026-01-17 15:31:48 - RNN_Baseline - INFO -   Memory: 102.01 GB
2026-01-17 15:31:48 - RNN_Baseline - INFO - Loading data from: /cluster/home/michechi/MIMICIV/data/simulation/tested/
2026-01-17 15:31:48 - RNN_Baseline - INFO - Using dataset number: 9
2026-01-17 15:31:48 - RNN_Baseline - INFO - Sequence separator: '\x1f'
2026-01-17 15:31:49 - RNN_Baseline - DEBUG - CSV files loaded successfully
2026-01-17 15:31:49 - RNN_Baseline - INFO - Preprocessing sequences (splitting by separator)...
2026-01-17 15:31:49 - RNN_Baseline - DEBUG -   Example raw sequence: 'M\x1fE\x1fN\x1fZ\x1fN\x1fI\x1fG\x1fZ\x1fT\x1fX\x1fV\x1fD\x1fE\x1fX\x1fE\x1fN\x1fW\x1fO\x1fC\x1fF'
2026-01-17 15:31:49 - RNN_Baseline - DEBUG -   Example processed sequence: MENZNIGZTXVDEXENWOCF
2026-01-17 15:31:49 - RNN_Baseline - INFO - Data loaded successfully:
2026-01-17 15:31:49 - RNN_Baseline - INFO -   Train: 400000 sequences
2026-01-17 15:31:49 - RNN_Baseline - INFO -   Val:   50000 sequences
2026-01-17 15:31:49 - RNN_Baseline - INFO -   Test:  50000 sequences
2026-01-17 15:31:49 - RNN_Baseline - INFO -   Class distribution (train): 232630 (label=0) / 167370 (label=1)
2026-01-17 15:31:49 - RNN_Baseline - INFO -   Sequence length: min=20, max=20, mean=20.0
2026-01-17 15:31:49 - RNN_Baseline - INFO - Maximum sequence length in dataset: 20
2026-01-17 15:31:49 - RNN_Baseline - INFO - Creating PyTorch datasets...
2026-01-17 15:31:49 - RNN_Baseline - INFO - Creating dataloaders (batch_size=64)...
2026-01-17 15:31:49 - RNN_Baseline - INFO -   Train batches: 6250
2026-01-17 15:31:49 - RNN_Baseline - INFO -   Val batches:   782
2026-01-17 15:31:49 - RNN_Baseline - INFO -   Test batches:  782
2026-01-17 15:31:49 - RNN_Baseline - INFO - Models to train: Transformer, RNNTransformer
2026-01-17 15:31:49 - RNN_Baseline - INFO - 
######################################################################
2026-01-17 15:31:49 - RNN_Baseline - INFO - # TRAINING Transformer
2026-01-17 15:31:49 - RNN_Baseline - INFO - ######################################################################
2026-01-17 15:31:49 - RNN_Baseline - INFO - ============================================================
2026-01-17 15:31:49 - RNN_Baseline - INFO - RANDOM SEARCH for Transformer (15 trials)
2026-01-17 15:31:49 - RNN_Baseline - INFO - ============================================================
2026-01-17 15:31:49 - RNN_Baseline - INFO - 
Trial 1/15:
2026-01-17 15:31:49 - RNN_Baseline - INFO -   Config: {'vocab_size': 26, 'embedding_dim': 64, 'num_heads': 4, 'num_layers': 4, 'dim_feedforward': 256, 'num_classes': 2, 'dropout': 0.1, 'max_seq_length': 30}
2026-01-17 15:31:49 - RNN_Baseline - INFO -   LR: 0.0001
2026-01-17 15:31:49 - RNN_Baseline - DEBUG -   Model parameters: 203,778
2026-01-17 15:31:49 - RNN_Baseline - INFO - Starting training for Transformer_trial0
2026-01-17 15:31:49 - RNN_Baseline - DEBUG -   Device: cuda
2026-01-17 15:31:49 - RNN_Baseline - DEBUG -   Epochs: 15
2026-01-17 15:31:49 - RNN_Baseline - DEBUG -   Learning rate: 0.0001
2026-01-17 15:32:51 - RNN_Baseline - DEBUG -   Epoch 1/15: NEW BEST - Train Loss: 0.6701, Val F1: 0.2777, Val AUC: 0.6049
2026-01-17 15:33:50 - RNN_Baseline - DEBUG -   Epoch 2/15: NEW BEST - Train Loss: 0.6492, Val F1: 0.5752, Val AUC: 0.6640
2026-01-17 15:34:50 - RNN_Baseline - DEBUG -   Epoch 3/15: Train Loss: 0.6250, Val F1: 0.5729, Val AUC: 0.6684 (patience: 1/5)
2026-01-17 15:35:50 - RNN_Baseline - DEBUG -   Epoch 4/15: NEW BEST - Train Loss: 0.6193, Val F1: 0.5764, Val AUC: 0.6689
2026-01-17 15:36:49 - RNN_Baseline - DEBUG -   Epoch 5/15: Train Loss: 0.6168, Val F1: 0.5750, Val AUC: 0.6673 (patience: 1/5)
2026-01-17 15:36:49 - RNN_Baseline - INFO -   Epoch [5/15] Train Loss: 0.6168, Val F1: 0.5750, Val AUC: 0.6673
2026-01-17 15:37:49 - RNN_Baseline - DEBUG -   Epoch 6/15: Train Loss: 0.6157, Val F1: 0.5755, Val AUC: 0.6693 (patience: 2/5)
2026-01-17 15:38:49 - RNN_Baseline - DEBUG -   Epoch 7/15: Train Loss: 0.6153, Val F1: 0.5755, Val AUC: 0.6678 (patience: 3/5)
2026-01-17 15:39:48 - RNN_Baseline - DEBUG -   Epoch 8/15: Train Loss: 0.6150, Val F1: 0.5760, Val AUC: 0.6678 (patience: 4/5)
2026-01-17 15:40:48 - RNN_Baseline - DEBUG -   Epoch 9/15: Train Loss: 0.6147, Val F1: 0.5764, Val AUC: 0.6671 (patience: 5/5)
2026-01-17 15:40:48 - RNN_Baseline - INFO -   Early stopping at epoch 9
2026-01-17 15:40:48 - RNN_Baseline - INFO - Training completed. Best epoch: 4, Best Val F1: 0.5764
2026-01-17 15:40:48 - RNN_Baseline - INFO -   → Val F1: 0.5764
2026-01-17 15:40:48 - RNN_Baseline - INFO - 
Trial 2/15:
2026-01-17 15:40:48 - RNN_Baseline - INFO -   Config: {'vocab_size': 26, 'embedding_dim': 64, 'num_heads': 4, 'num_layers': 4, 'dim_feedforward': 512, 'num_classes': 2, 'dropout': 0.3, 'max_seq_length': 30}
2026-01-17 15:40:48 - RNN_Baseline - INFO -   LR: 0.0001
2026-01-17 15:40:48 - RNN_Baseline - DEBUG -   Model parameters: 335,874
2026-01-17 15:40:48 - RNN_Baseline - INFO - Starting training for Transformer_trial1
2026-01-17 15:40:48 - RNN_Baseline - DEBUG -   Device: cuda
2026-01-17 15:40:48 - RNN_Baseline - DEBUG -   Epochs: 15
2026-01-17 15:40:48 - RNN_Baseline - DEBUG -   Learning rate: 0.0001
2026-01-17 15:41:49 - RNN_Baseline - DEBUG -   Epoch 1/15: NEW BEST - Train Loss: 0.6708, Val F1: 0.3606, Val AUC: 0.6000
2026-01-17 15:42:50 - RNN_Baseline - DEBUG -   Epoch 2/15: NEW BEST - Train Loss: 0.6565, Val F1: 0.5767, Val AUC: 0.6624
2026-01-17 15:43:51 - RNN_Baseline - DEBUG -   Epoch 3/15: Train Loss: 0.6327, Val F1: 0.5733, Val AUC: 0.6664 (patience: 1/5)
2026-01-17 15:44:52 - RNN_Baseline - DEBUG -   Epoch 4/15: Train Loss: 0.6274, Val F1: 0.5765, Val AUC: 0.6659 (patience: 2/5)
2026-01-17 15:45:53 - RNN_Baseline - DEBUG -   Epoch 5/15: Train Loss: 0.6239, Val F1: 0.5718, Val AUC: 0.6664 (patience: 3/5)
2026-01-17 15:45:53 - RNN_Baseline - INFO -   Epoch [5/15] Train Loss: 0.6239, Val F1: 0.5718, Val AUC: 0.6664
2026-01-17 15:46:54 - RNN_Baseline - DEBUG -   Epoch 6/15: Train Loss: 0.6213, Val F1: 0.5719, Val AUC: 0.6656 (patience: 4/5)
2026-01-17 15:47:55 - RNN_Baseline - DEBUG -   Epoch 7/15: Train Loss: 0.6197, Val F1: 0.5751, Val AUC: 0.6664 (patience: 5/5)
2026-01-17 15:47:55 - RNN_Baseline - INFO -   Early stopping at epoch 7
2026-01-17 15:47:55 - RNN_Baseline - INFO - Training completed. Best epoch: 2, Best Val F1: 0.5767
2026-01-17 15:47:55 - RNN_Baseline - INFO -   → Val F1: 0.5767
2026-01-17 15:47:55 - RNN_Baseline - INFO - 
Trial 3/15:
2026-01-17 15:47:55 - RNN_Baseline - INFO -   Config: {'vocab_size': 26, 'embedding_dim': 128, 'num_heads': 4, 'num_layers': 2, 'dim_feedforward': 128, 'num_classes': 2, 'dropout': 0.1, 'max_seq_length': 30}
2026-01-17 15:47:55 - RNN_Baseline - INFO -   LR: 0.0001
2026-01-17 15:47:55 - RNN_Baseline - DEBUG -   Model parameters: 206,850
2026-01-17 15:47:55 - RNN_Baseline - INFO - Starting training for Transformer_trial2
2026-01-17 15:47:55 - RNN_Baseline - DEBUG -   Device: cuda
2026-01-17 15:47:55 - RNN_Baseline - DEBUG -   Epochs: 15
2026-01-17 15:47:55 - RNN_Baseline - DEBUG -   Learning rate: 0.0001
2026-01-17 15:48:32 - RNN_Baseline - DEBUG -   Epoch 1/15: NEW BEST - Train Loss: 0.6638, Val F1: 0.5463, Val AUC: 0.6622
2026-01-17 15:49:09 - RNN_Baseline - DEBUG -   Epoch 2/15: NEW BEST - Train Loss: 0.6271, Val F1: 0.5741, Val AUC: 0.6685
2026-01-17 15:49:46 - RNN_Baseline - DEBUG -   Epoch 3/15: NEW BEST - Train Loss: 0.6220, Val F1: 0.5755, Val AUC: 0.6689
2026-01-17 15:50:23 - RNN_Baseline - DEBUG -   Epoch 4/15: Train Loss: 0.6207, Val F1: 0.5698, Val AUC: 0.6687 (patience: 1/5)
2026-01-17 15:51:00 - RNN_Baseline - DEBUG -   Epoch 5/15: Train Loss: 0.6193, Val F1: 0.5657, Val AUC: 0.6676 (patience: 2/5)
2026-01-17 15:51:00 - RNN_Baseline - INFO -   Epoch [5/15] Train Loss: 0.6193, Val F1: 0.5657, Val AUC: 0.6676
2026-01-17 15:51:37 - RNN_Baseline - DEBUG -   Epoch 6/15: Train Loss: 0.6185, Val F1: 0.5596, Val AUC: 0.6683 (patience: 3/5)
2026-01-17 15:52:15 - RNN_Baseline - DEBUG -   Epoch 7/15: Train Loss: 0.6177, Val F1: 0.5710, Val AUC: 0.6686 (patience: 4/5)
2026-01-17 15:52:52 - RNN_Baseline - DEBUG -   Epoch 8/15: Train Loss: 0.6173, Val F1: 0.5696, Val AUC: 0.6680 (patience: 5/5)
2026-01-17 15:52:52 - RNN_Baseline - INFO -   Early stopping at epoch 8
2026-01-17 15:52:52 - RNN_Baseline - INFO - Training completed. Best epoch: 3, Best Val F1: 0.5755
2026-01-17 15:52:52 - RNN_Baseline - INFO -   → Val F1: 0.5755
2026-01-17 15:52:52 - RNN_Baseline - INFO - 
Trial 4/15:
2026-01-17 15:52:52 - RNN_Baseline - INFO -   Config: {'vocab_size': 26, 'embedding_dim': 64, 'num_heads': 4, 'num_layers': 4, 'dim_feedforward': 512, 'num_classes': 2, 'dropout': 0.3, 'max_seq_length': 30}
2026-01-17 15:52:52 - RNN_Baseline - INFO -   LR: 0.001
2026-01-17 15:52:52 - RNN_Baseline - DEBUG -   Model parameters: 335,874
2026-01-17 15:52:52 - RNN_Baseline - INFO - Starting training for Transformer_trial3
2026-01-17 15:52:52 - RNN_Baseline - DEBUG -   Device: cuda
2026-01-17 15:52:52 - RNN_Baseline - DEBUG -   Epochs: 15
2026-01-17 15:52:52 - RNN_Baseline - DEBUG -   Learning rate: 0.001
2026-01-17 15:53:53 - RNN_Baseline - DEBUG -   Epoch 1/15: NEW BEST - Train Loss: 0.6762, Val F1: 0.1475, Val AUC: 0.5588
2026-01-17 15:54:54 - RNN_Baseline - DEBUG -   Epoch 2/15: Train Loss: 0.6796, Val F1: 0.0000, Val AUC: 0.4898 (patience: 1/5)
2026-01-17 15:55:55 - RNN_Baseline - DEBUG -   Epoch 3/15: Train Loss: 0.6800, Val F1: 0.0000, Val AUC: 0.5008 (patience: 2/5)
2026-01-17 15:56:56 - RNN_Baseline - DEBUG -   Epoch 4/15: Train Loss: 0.6799, Val F1: 0.0000, Val AUC: 0.5020 (patience: 3/5)
2026-01-17 15:57:57 - RNN_Baseline - DEBUG -   Epoch 5/15: Train Loss: 0.6799, Val F1: 0.0000, Val AUC: 0.5108 (patience: 4/5)
2026-01-17 15:57:57 - RNN_Baseline - INFO -   Epoch [5/15] Train Loss: 0.6799, Val F1: 0.0000, Val AUC: 0.5108
2026-01-17 15:58:58 - RNN_Baseline - DEBUG -   Epoch 6/15: Train Loss: 0.6799, Val F1: 0.0000, Val AUC: 0.4958 (patience: 5/5)
2026-01-17 15:58:58 - RNN_Baseline - INFO -   Early stopping at epoch 6
2026-01-17 15:58:58 - RNN_Baseline - INFO - Training completed. Best epoch: 1, Best Val F1: 0.1475
2026-01-17 15:58:58 - RNN_Baseline - INFO -   → Val F1: 0.1475
2026-01-17 15:58:58 - RNN_Baseline - INFO - 
Trial 5/15:
2026-01-17 15:58:58 - RNN_Baseline - INFO -   Config: {'vocab_size': 26, 'embedding_dim': 128, 'num_heads': 4, 'num_layers': 3, 'dim_feedforward': 512, 'num_classes': 2, 'dropout': 0.2, 'max_seq_length': 30}
2026-01-17 15:58:58 - RNN_Baseline - INFO -   LR: 0.0001
2026-01-17 15:58:58 - RNN_Baseline - DEBUG -   Model parameters: 602,498
2026-01-17 15:58:58 - RNN_Baseline - INFO - Starting training for Transformer_trial4
2026-01-17 15:58:58 - RNN_Baseline - DEBUG -   Device: cuda
2026-01-17 15:58:58 - RNN_Baseline - DEBUG -   Epochs: 15
2026-01-17 15:58:58 - RNN_Baseline - DEBUG -   Learning rate: 0.0001
2026-01-17 15:59:48 - RNN_Baseline - DEBUG -   Epoch 1/15: NEW BEST - Train Loss: 0.6605, Val F1: 0.5595, Val AUC: 0.6632
2026-01-17 16:00:37 - RNN_Baseline - DEBUG -   Epoch 2/15: NEW BEST - Train Loss: 0.6269, Val F1: 0.5730, Val AUC: 0.6686
2026-01-17 16:01:27 - RNN_Baseline - DEBUG -   Epoch 3/15: Train Loss: 0.6188, Val F1: 0.5691, Val AUC: 0.6683 (patience: 1/5)
2026-01-17 16:02:17 - RNN_Baseline - DEBUG -   Epoch 4/15: NEW BEST - Train Loss: 0.6166, Val F1: 0.5757, Val AUC: 0.6672
2026-01-17 16:03:06 - RNN_Baseline - DEBUG -   Epoch 5/15: NEW BEST - Train Loss: 0.6156, Val F1: 0.5757, Val AUC: 0.6679
2026-01-17 16:03:06 - RNN_Baseline - INFO -   Epoch [5/15] Train Loss: 0.6156, Val F1: 0.5757, Val AUC: 0.6679
2026-01-17 16:03:56 - RNN_Baseline - DEBUG -   Epoch 6/15: NEW BEST - Train Loss: 0.6153, Val F1: 0.5758, Val AUC: 0.6687
2026-01-17 16:04:45 - RNN_Baseline - DEBUG -   Epoch 7/15: Train Loss: 0.6152, Val F1: 0.5757, Val AUC: 0.6681 (patience: 1/5)
2026-01-17 16:05:35 - RNN_Baseline - DEBUG -   Epoch 8/15: NEW BEST - Train Loss: 0.6151, Val F1: 0.5762, Val AUC: 0.6682
2026-01-17 16:06:24 - RNN_Baseline - DEBUG -   Epoch 9/15: Train Loss: 0.6150, Val F1: 0.5760, Val AUC: 0.6669 (patience: 1/5)
2026-01-17 16:07:14 - RNN_Baseline - DEBUG -   Epoch 10/15: NEW BEST - Train Loss: 0.6149, Val F1: 0.5768, Val AUC: 0.6696
2026-01-17 16:07:14 - RNN_Baseline - INFO -   Epoch [10/15] Train Loss: 0.6149, Val F1: 0.5768, Val AUC: 0.6696
2026-01-17 16:08:04 - RNN_Baseline - DEBUG -   Epoch 11/15: Train Loss: 0.6148, Val F1: 0.5752, Val AUC: 0.6669 (patience: 1/5)
2026-01-17 16:08:53 - RNN_Baseline - DEBUG -   Epoch 12/15: Train Loss: 0.6151, Val F1: 0.5760, Val AUC: 0.6677 (patience: 2/5)
2026-01-17 16:09:43 - RNN_Baseline - DEBUG -   Epoch 13/15: Train Loss: 0.6148, Val F1: 0.5704, Val AUC: 0.6680 (patience: 3/5)
2026-01-17 16:10:33 - RNN_Baseline - DEBUG -   Epoch 14/15: Train Loss: 0.6147, Val F1: 0.5709, Val AUC: 0.6660 (patience: 4/5)
2026-01-17 16:11:22 - RNN_Baseline - DEBUG -   Epoch 15/15: Train Loss: 0.6146, Val F1: 0.5725, Val AUC: 0.6679 (patience: 5/5)
2026-01-17 16:11:22 - RNN_Baseline - INFO -   Epoch [15/15] Train Loss: 0.6146, Val F1: 0.5725, Val AUC: 0.6679
2026-01-17 16:11:22 - RNN_Baseline - INFO -   Early stopping at epoch 15
2026-01-17 16:11:22 - RNN_Baseline - INFO - Training completed. Best epoch: 10, Best Val F1: 0.5768
2026-01-17 16:11:22 - RNN_Baseline - INFO -   → Val F1: 0.5768
2026-01-17 16:11:22 - RNN_Baseline - INFO - 
Trial 6/15:
2026-01-17 16:11:22 - RNN_Baseline - INFO -   Config: {'vocab_size': 26, 'embedding_dim': 64, 'num_heads': 8, 'num_layers': 3, 'dim_feedforward': 256, 'num_classes': 2, 'dropout': 0.1, 'max_seq_length': 30}
2026-01-17 16:11:22 - RNN_Baseline - INFO -   LR: 0.0001
2026-01-17 16:11:22 - RNN_Baseline - DEBUG -   Model parameters: 153,794
2026-01-17 16:11:22 - RNN_Baseline - INFO - Starting training for Transformer_trial5
2026-01-17 16:11:22 - RNN_Baseline - DEBUG -   Device: cuda
2026-01-17 16:11:22 - RNN_Baseline - DEBUG -   Epochs: 15
2026-01-17 16:11:22 - RNN_Baseline - DEBUG -   Learning rate: 0.0001
2026-01-17 16:12:11 - RNN_Baseline - DEBUG -   Epoch 1/15: NEW BEST - Train Loss: 0.6706, Val F1: 0.2415, Val AUC: 0.5979
2026-01-17 16:13:00 - RNN_Baseline - DEBUG -   Epoch 2/15: NEW BEST - Train Loss: 0.6609, Val F1: 0.4649, Val AUC: 0.6427
2026-01-17 16:13:49 - RNN_Baseline - DEBUG -   Epoch 3/15: NEW BEST - Train Loss: 0.6394, Val F1: 0.5615, Val AUC: 0.6641
2026-01-17 16:14:37 - RNN_Baseline - DEBUG -   Epoch 4/15: NEW BEST - Train Loss: 0.6278, Val F1: 0.5737, Val AUC: 0.6683
2026-01-17 16:15:26 - RNN_Baseline - DEBUG -   Epoch 5/15: NEW BEST - Train Loss: 0.6214, Val F1: 0.5754, Val AUC: 0.6688
2026-01-17 16:15:26 - RNN_Baseline - INFO -   Epoch [5/15] Train Loss: 0.6214, Val F1: 0.5754, Val AUC: 0.6688
2026-01-17 16:16:15 - RNN_Baseline - DEBUG -   Epoch 6/15: NEW BEST - Train Loss: 0.6176, Val F1: 0.5757, Val AUC: 0.6699
2026-01-17 16:17:04 - RNN_Baseline - DEBUG -   Epoch 7/15: Train Loss: 0.6163, Val F1: 0.5756, Val AUC: 0.6703 (patience: 1/5)
2026-01-17 16:17:53 - RNN_Baseline - DEBUG -   Epoch 8/15: Train Loss: 0.6156, Val F1: 0.5745, Val AUC: 0.6685 (patience: 2/5)
2026-01-17 16:18:42 - RNN_Baseline - DEBUG -   Epoch 9/15: Train Loss: 0.6154, Val F1: 0.5754, Val AUC: 0.6711 (patience: 3/5)
2026-01-17 16:19:31 - RNN_Baseline - DEBUG -   Epoch 10/15: Train Loss: 0.6149, Val F1: 0.5757, Val AUC: 0.6701 (patience: 4/5)
2026-01-17 16:19:31 - RNN_Baseline - INFO -   Epoch [10/15] Train Loss: 0.6149, Val F1: 0.5757, Val AUC: 0.6701
2026-01-17 16:20:20 - RNN_Baseline - DEBUG -   Epoch 11/15: Train Loss: 0.6148, Val F1: 0.5756, Val AUC: 0.6699 (patience: 5/5)
2026-01-17 16:20:20 - RNN_Baseline - INFO -   Early stopping at epoch 11
2026-01-17 16:20:20 - RNN_Baseline - INFO - Training completed. Best epoch: 6, Best Val F1: 0.5757
2026-01-17 16:20:20 - RNN_Baseline - INFO -   → Val F1: 0.5757
2026-01-17 16:20:20 - RNN_Baseline - INFO - 
Trial 7/15:
2026-01-17 16:20:20 - RNN_Baseline - INFO -   Config: {'vocab_size': 26, 'embedding_dim': 128, 'num_heads': 4, 'num_layers': 2, 'dim_feedforward': 256, 'num_classes': 2, 'dropout': 0.1, 'max_seq_length': 30}
2026-01-17 16:20:20 - RNN_Baseline - INFO -   LR: 0.0005
2026-01-17 16:20:20 - RNN_Baseline - DEBUG -   Model parameters: 272,642
2026-01-17 16:20:20 - RNN_Baseline - INFO - Starting training for Transformer_trial6
2026-01-17 16:20:20 - RNN_Baseline - DEBUG -   Device: cuda
2026-01-17 16:20:20 - RNN_Baseline - DEBUG -   Epochs: 15
2026-01-17 16:20:20 - RNN_Baseline - DEBUG -   Learning rate: 0.0005
2026-01-17 16:20:57 - RNN_Baseline - DEBUG -   Epoch 1/15: NEW BEST - Train Loss: 0.6421, Val F1: 0.5456, Val AUC: 0.6612
2026-01-17 16:21:34 - RNN_Baseline - DEBUG -   Epoch 2/15: NEW BEST - Train Loss: 0.6267, Val F1: 0.5723, Val AUC: 0.6657
2026-01-17 16:22:12 - RNN_Baseline - DEBUG -   Epoch 3/15: NEW BEST - Train Loss: 0.6256, Val F1: 0.5749, Val AUC: 0.6662
2026-01-17 16:22:49 - RNN_Baseline - DEBUG -   Epoch 4/15: Train Loss: 0.6258, Val F1: 0.5731, Val AUC: 0.6645 (patience: 1/5)
2026-01-17 16:23:26 - RNN_Baseline - DEBUG -   Epoch 5/15: Train Loss: 0.6249, Val F1: 0.5484, Val AUC: 0.6607 (patience: 2/5)
2026-01-17 16:23:26 - RNN_Baseline - INFO -   Epoch [5/15] Train Loss: 0.6249, Val F1: 0.5484, Val AUC: 0.6607
2026-01-17 16:24:04 - RNN_Baseline - DEBUG -   Epoch 6/15: Train Loss: 0.6263, Val F1: 0.5650, Val AUC: 0.6631 (patience: 3/5)
2026-01-17 16:24:41 - RNN_Baseline - DEBUG -   Epoch 7/15: Train Loss: 0.6270, Val F1: 0.5679, Val AUC: 0.6670 (patience: 4/5)
2026-01-17 16:25:19 - RNN_Baseline - DEBUG -   Epoch 8/15: Train Loss: 0.6259, Val F1: 0.5744, Val AUC: 0.6661 (patience: 5/5)
2026-01-17 16:25:19 - RNN_Baseline - INFO -   Early stopping at epoch 8
2026-01-17 16:25:19 - RNN_Baseline - INFO - Training completed. Best epoch: 3, Best Val F1: 0.5749
2026-01-17 16:25:19 - RNN_Baseline - INFO -   → Val F1: 0.5749
2026-01-17 16:25:19 - RNN_Baseline - INFO - 
Trial 8/15:
2026-01-17 16:25:19 - RNN_Baseline - INFO -   Config: {'vocab_size': 26, 'embedding_dim': 128, 'num_heads': 8, 'num_layers': 2, 'dim_feedforward': 512, 'num_classes': 2, 'dropout': 0.2, 'max_seq_length': 30}
2026-01-17 16:25:19 - RNN_Baseline - INFO -   LR: 0.001
2026-01-17 16:25:19 - RNN_Baseline - DEBUG -   Model parameters: 404,226
2026-01-17 16:25:19 - RNN_Baseline - INFO - Starting training for Transformer_trial7
2026-01-17 16:25:19 - RNN_Baseline - DEBUG -   Device: cuda
2026-01-17 16:25:19 - RNN_Baseline - DEBUG -   Epochs: 15
2026-01-17 16:25:19 - RNN_Baseline - DEBUG -   Learning rate: 0.001
2026-01-17 16:25:56 - RNN_Baseline - DEBUG -   Epoch 1/15: NEW BEST - Train Loss: 0.6582, Val F1: 0.4760, Val AUC: 0.6525
2026-01-17 16:26:34 - RNN_Baseline - DEBUG -   Epoch 2/15: NEW BEST - Train Loss: 0.6424, Val F1: 0.5612, Val AUC: 0.6608
2026-01-17 16:27:11 - RNN_Baseline - DEBUG -   Epoch 3/15: Train Loss: 0.6408, Val F1: 0.5232, Val AUC: 0.6586 (patience: 1/5)
2026-01-17 16:27:49 - RNN_Baseline - DEBUG -   Epoch 4/15: Train Loss: 0.6405, Val F1: 0.5504, Val AUC: 0.6583 (patience: 2/5)
2026-01-17 16:28:26 - RNN_Baseline - DEBUG -   Epoch 5/15: Train Loss: 0.6387, Val F1: 0.5548, Val AUC: 0.6629 (patience: 3/5)
2026-01-17 16:28:26 - RNN_Baseline - INFO -   Epoch [5/15] Train Loss: 0.6387, Val F1: 0.5548, Val AUC: 0.6629
2026-01-17 16:29:04 - RNN_Baseline - DEBUG -   Epoch 6/15: Train Loss: 0.6396, Val F1: 0.5532, Val AUC: 0.6587 (patience: 4/5)
2026-01-17 16:29:41 - RNN_Baseline - DEBUG -   Epoch 7/15: Train Loss: 0.6396, Val F1: 0.5560, Val AUC: 0.6580 (patience: 5/5)
2026-01-17 16:29:41 - RNN_Baseline - INFO -   Early stopping at epoch 7
2026-01-17 16:29:41 - RNN_Baseline - INFO - Training completed. Best epoch: 2, Best Val F1: 0.5612
2026-01-17 16:29:41 - RNN_Baseline - INFO -   → Val F1: 0.5612
2026-01-17 16:29:41 - RNN_Baseline - INFO - 
Trial 9/15:
2026-01-17 16:29:41 - RNN_Baseline - INFO -   Config: {'vocab_size': 26, 'embedding_dim': 64, 'num_heads': 8, 'num_layers': 2, 'dim_feedforward': 512, 'num_classes': 2, 'dropout': 0.2, 'max_seq_length': 30}
2026-01-17 16:29:41 - RNN_Baseline - INFO -   LR: 0.001
2026-01-17 16:29:41 - RNN_Baseline - DEBUG -   Model parameters: 169,858
2026-01-17 16:29:41 - RNN_Baseline - INFO - Starting training for Transformer_trial8
2026-01-17 16:29:41 - RNN_Baseline - DEBUG -   Device: cuda
2026-01-17 16:29:41 - RNN_Baseline - DEBUG -   Epochs: 15
2026-01-17 16:29:41 - RNN_Baseline - DEBUG -   Learning rate: 0.001
2026-01-17 16:30:19 - RNN_Baseline - DEBUG -   Epoch 1/15: NEW BEST - Train Loss: 0.6619, Val F1: 0.5487, Val AUC: 0.6562
2026-01-17 16:30:57 - RNN_Baseline - DEBUG -   Epoch 2/15: NEW BEST - Train Loss: 0.6339, Val F1: 0.5670, Val AUC: 0.6648
2026-01-17 16:31:34 - RNN_Baseline - DEBUG -   Epoch 3/15: Train Loss: 0.6282, Val F1: 0.5598, Val AUC: 0.6670 (patience: 1/5)
2026-01-17 16:32:12 - RNN_Baseline - DEBUG -   Epoch 4/15: Train Loss: 0.6259, Val F1: 0.5617, Val AUC: 0.6663 (patience: 2/5)
2026-01-17 16:32:50 - RNN_Baseline - DEBUG -   Epoch 5/15: Train Loss: 0.6245, Val F1: 0.5644, Val AUC: 0.6688 (patience: 3/5)
2026-01-17 16:32:50 - RNN_Baseline - INFO -   Epoch [5/15] Train Loss: 0.6245, Val F1: 0.5644, Val AUC: 0.6688
2026-01-17 16:33:27 - RNN_Baseline - DEBUG -   Epoch 6/15: Train Loss: 0.6235, Val F1: 0.5579, Val AUC: 0.6682 (patience: 4/5)
2026-01-17 16:34:05 - RNN_Baseline - DEBUG -   Epoch 7/15: Train Loss: 0.6233, Val F1: 0.5665, Val AUC: 0.6686 (patience: 5/5)
2026-01-17 16:34:05 - RNN_Baseline - INFO -   Early stopping at epoch 7
2026-01-17 16:34:05 - RNN_Baseline - INFO - Training completed. Best epoch: 2, Best Val F1: 0.5670
2026-01-17 16:34:05 - RNN_Baseline - INFO -   → Val F1: 0.5670
2026-01-17 16:34:05 - RNN_Baseline - INFO - 
Trial 10/15:
2026-01-17 16:34:05 - RNN_Baseline - INFO -   Config: {'vocab_size': 26, 'embedding_dim': 128, 'num_heads': 4, 'num_layers': 4, 'dim_feedforward': 128, 'num_classes': 2, 'dropout': 0.1, 'max_seq_length': 30}
2026-01-17 16:34:05 - RNN_Baseline - INFO -   LR: 0.001
2026-01-17 16:34:05 - RNN_Baseline - DEBUG -   Model parameters: 406,018
2026-01-17 16:34:05 - RNN_Baseline - INFO - Starting training for Transformer_trial9
2026-01-17 16:34:05 - RNN_Baseline - DEBUG -   Device: cuda
2026-01-17 16:34:05 - RNN_Baseline - DEBUG -   Epochs: 15
2026-01-17 16:34:05 - RNN_Baseline - DEBUG -   Learning rate: 0.001
2026-01-17 16:35:06 - RNN_Baseline - DEBUG -   Epoch 1/15: Train Loss: 0.6772, Val F1: 0.0000, Val AUC: 0.5323 (patience: 1/5)
2026-01-17 16:36:06 - RNN_Baseline - DEBUG -   Epoch 2/15: Train Loss: 0.6802, Val F1: 0.0000, Val AUC: 0.5234 (patience: 2/5)
2026-01-17 16:37:06 - RNN_Baseline - DEBUG -   Epoch 3/15: Train Loss: 0.6799, Val F1: 0.0000, Val AUC: 0.5001 (patience: 3/5)
2026-01-17 16:38:06 - RNN_Baseline - DEBUG -   Epoch 4/15: Train Loss: 0.6799, Val F1: 0.0000, Val AUC: 0.4976 (patience: 4/5)
2026-01-17 16:39:06 - RNN_Baseline - DEBUG -   Epoch 5/15: Train Loss: 0.6799, Val F1: 0.0000, Val AUC: 0.5001 (patience: 5/5)
2026-01-17 16:39:06 - RNN_Baseline - INFO -   Epoch [5/15] Train Loss: 0.6799, Val F1: 0.0000, Val AUC: 0.5001
2026-01-17 16:39:06 - RNN_Baseline - INFO -   Early stopping at epoch 5
