The following modules were not unloaded:
  (Use "module --force purge" to unload all):

  1) init-NRIS
INFO:    gocryptfs not found, will not be able to use gocryptfs
/usr/bin/rm: cannot remove '/usr/local/cuda/compat/lib': Read-only file system
rm: cannot remove '/usr/local/cuda/compat/lib': Read-only file system
INFO:__main__:Argument batch_size: 32
INFO:__main__:Argument cache_dir: '/cluster/software/gpujobscratch/jobs/295037/hf_cache_295037'
INFO:__main__:Argument cold_start: False
INFO:__main__:Argument early: 'loss'
INFO:__main__:Argument epochs: 20
INFO:__main__:Argument fractions: '1.0'
INFO:__main__:Argument gradient_accumulation_steps: 1
INFO:__main__:Argument lr: 2e-05
INFO:__main__:Argument max_length: 200
INFO:__main__:Argument model_name: 'bert-base-uncased'
INFO:__main__:Argument number_to_use: '100'
INFO:__main__:Argument output_dir: '/cluster/work/projects/nn12048k/michechi/results/sensitivity_stochastic/'
INFO:__main__:Argument path_csv: '/cluster/home/michechi/MIMICIV/data/simulation/sensitivity_stochastic/'
INFO:__main__:Argument patience: 3
INFO:__main__:Argument peft: False
INFO:__main__:Argument seed: 9550
INFO:__main__:Argument tiny: False
INFO:__main__:Argument tiny_type: '1M'
INFO:__main__:Using device: cuda
INFO:__main__:Output directory: /cluster/work/projects/nn12048k/michechi/results/sensitivity_stochastic/
INFO:__main__:Loading datasets...
INFO:__main__:Dataset sizes - Train: 320000, Val: 40000, Test: 40000
INFO:__main__:Testing fractions: [1.0]
INFO:__main__:======================================================================
INFO:__main__:Training with 100% of training data
INFO:__main__:======================================================================
INFO:__main__:Training subset size: 320000
INFO:__main__:Loading pre-trained BERT model (WARM START)
Some weights of BertForSequenceClassification were not initialized from the model checkpoint at bert-base-uncased and are newly initialized: ['classifier.bias', 'classifier.weight']
You should probably TRAIN this model on a down-stream task to be able to use it for predictions and inference.
INFO:__main__:Model parameters: 109,483,778
INFO:__main__:Epoch 1/20 | Train Loss: 0.6296 | Val Loss: 0.6166 | Val AUC: 0.5751 | Val F1: 0.3200
INFO:__main__:New best model (AUC: 0.5751)
INFO:__main__:Epoch 2/20 | Train Loss: 0.6128 | Val Loss: 0.6152 | Val AUC: 0.5721 | Val F1: 0.3219
INFO:__main__:New best model (AUC: 0.5721)
INFO:__main__:Epoch 3/20 | Train Loss: 0.6117 | Val Loss: 0.6101 | Val AUC: 0.5728 | Val F1: 0.3043
INFO:__main__:New best model (AUC: 0.5728)
INFO:__main__:Epoch 4/20 | Train Loss: 0.6113 | Val Loss: 0.6088 | Val AUC: 0.5749 | Val F1: 0.3038
INFO:__main__:New best model (AUC: 0.5749)
INFO:__main__:Epoch 5/20 | Train Loss: 0.6105 | Val Loss: 0.6088 | Val AUC: 0.5735 | Val F1: 0.3025
INFO:__main__:New best model (AUC: 0.5735)
INFO:__main__:Epoch 6/20 | Train Loss: 0.6096 | Val Loss: 0.6097 | Val AUC: 0.5787 | Val F1: 0.3034
INFO:__main__:Epoch 7/20 | Train Loss: 0.6097 | Val Loss: 0.6091 | Val AUC: 0.5734 | Val F1: 0.3034
INFO:__main__:Epoch 8/20 | Train Loss: 0.6094 | Val Loss: 0.6091 | Val AUC: 0.5733 | Val F1: 0.3034
INFO:__main__:Early stopping at epoch 8
INFO:__main__:Optimal threshold: 0.10 (Val F1: 0.5012)
INFO:__main__:Fraction 100% - Test AUC: 0.5694, Test F1: 0.5012, Time: 3859.9s
INFO:__main__:Results saved to: /cluster/work/projects/nn12048k/michechi/results/sensitivity_stochastic/bert_fraction_experiment_bert-base-uncased_100_20260322_122928.csv
INFO:__main__:
======================================================================
INFO:__main__:EXPERIMENT SUMMARY
INFO:__main__:======================================================================
INFO:    gocryptfs not found, will not be able to use gocryptfs
/usr/bin/rm: cannot remove '/usr/local/cuda/compat/lib': Read-only file system
rm: cannot remove '/usr/local/cuda/compat/lib': Read-only file system
INFO:__main__:Argument batch_size: 32
INFO:__main__:Argument cache_dir: '/cluster/software/gpujobscratch/jobs/295037/hf_cache_295037'
INFO:__main__:Argument cold_start: False
INFO:__main__:Argument early: 'loss'
INFO:__main__:Argument epochs: 20
INFO:__main__:Argument fractions: '1.0'
INFO:__main__:Argument gradient_accumulation_steps: 1
INFO:__main__:Argument lr: 2e-05
INFO:__main__:Argument max_length: 200
INFO:__main__:Argument model_name: 'bert-base-uncased'
INFO:__main__:Argument number_to_use: '101'
INFO:__main__:Argument output_dir: '/cluster/work/projects/nn12048k/michechi/results/sensitivity_stochastic/'
INFO:__main__:Argument path_csv: '/cluster/home/michechi/MIMICIV/data/simulation/sensitivity_stochastic/'
INFO:__main__:Argument patience: 3
INFO:__main__:Argument peft: False
INFO:__main__:Argument seed: 9550
INFO:__main__:Argument tiny: False
INFO:__main__:Argument tiny_type: '1M'
INFO:__main__:Using device: cuda
INFO:__main__:Output directory: /cluster/work/projects/nn12048k/michechi/results/sensitivity_stochastic/
INFO:__main__:Loading datasets...
INFO:__main__:Dataset sizes - Train: 320000, Val: 40000, Test: 40000
INFO:__main__:Testing fractions: [1.0]
INFO:__main__:======================================================================
INFO:__main__:Training with 100% of training data
INFO:__main__:======================================================================
INFO:__main__:Training subset size: 320000
INFO:__main__:Loading pre-trained BERT model (WARM START)
Some weights of BertForSequenceClassification were not initialized from the model checkpoint at bert-base-uncased and are newly initialized: ['classifier.bias', 'classifier.weight']
You should probably TRAIN this model on a down-stream task to be able to use it for predictions and inference.
INFO:__main__:Model parameters: 109,483,778
INFO:__main__:Epoch 1/20 | Train Loss: 0.6545 | Val Loss: 0.6241 | Val AUC: 0.6407 | Val F1: 0.7702
INFO:__main__:New best model (AUC: 0.6407)
INFO:__main__:Epoch 2/20 | Train Loss: 0.6197 | Val Loss: 0.6114 | Val AUC: 0.6427 | Val F1: 0.7848
INFO:__main__:New best model (AUC: 0.6427)
INFO:__main__:Epoch 3/20 | Train Loss: 0.6124 | Val Loss: 0.6089 | Val AUC: 0.6468 | Val F1: 0.7887
INFO:__main__:New best model (AUC: 0.6468)
INFO:__main__:Epoch 4/20 | Train Loss: 0.6119 | Val Loss: 0.6072 | Val AUC: 0.6472 | Val F1: 0.7890
INFO:__main__:New best model (AUC: 0.6472)
INFO:__main__:Epoch 5/20 | Train Loss: 0.6107 | Val Loss: 0.6076 | Val AUC: 0.6472 | Val F1: 0.7888
INFO:__main__:Epoch 6/20 | Train Loss: 0.6101 | Val Loss: 0.6076 | Val AUC: 0.6464 | Val F1: 0.7894
INFO:__main__:Epoch 7/20 | Train Loss: 0.6098 | Val Loss: 0.6066 | Val AUC: 0.6444 | Val F1: 0.7895
INFO:__main__:New best model (AUC: 0.6444)
INFO:__main__:Epoch 8/20 | Train Loss: 0.6096 | Val Loss: 0.6071 | Val AUC: 0.6458 | Val F1: 0.7889
INFO:__main__:Epoch 9/20 | Train Loss: 0.6093 | Val Loss: 0.6076 | Val AUC: 0.6457 | Val F1: 0.7887
INFO:__main__:Epoch 10/20 | Train Loss: 0.6095 | Val Loss: 0.6073 | Val AUC: 0.6472 | Val F1: 0.7895
INFO:__main__:Early stopping at epoch 10
INFO:__main__:Optimal threshold: 0.64 (Val F1: 0.7895)
INFO:__main__:Fraction 100% - Test AUC: 0.6433, Test F1: 0.7877, Time: 5146.4s
INFO:__main__:Results saved to: /cluster/work/projects/nn12048k/michechi/results/sensitivity_stochastic/bert_fraction_experiment_bert-base-uncased_101_20260322_135531.csv
INFO:__main__:
======================================================================
INFO:__main__:EXPERIMENT SUMMARY
INFO:__main__:======================================================================
INFO:    gocryptfs not found, will not be able to use gocryptfs
/usr/bin/rm: cannot remove '/usr/local/cuda/compat/lib': Read-only file system
rm: cannot remove '/usr/local/cuda/compat/lib': Read-only file system
INFO:__main__:Argument batch_size: 32
INFO:__main__:Argument cache_dir: '/cluster/software/gpujobscratch/jobs/295037/hf_cache_295037'
INFO:__main__:Argument cold_start: False
INFO:__main__:Argument early: 'loss'
INFO:__main__:Argument epochs: 20
INFO:__main__:Argument fractions: '1.0'
INFO:__main__:Argument gradient_accumulation_steps: 1
INFO:__main__:Argument lr: 2e-05
INFO:__main__:Argument max_length: 200
INFO:__main__:Argument model_name: 'bert-base-uncased'
INFO:__main__:Argument number_to_use: '102'
INFO:__main__:Argument output_dir: '/cluster/work/projects/nn12048k/michechi/results/sensitivity_stochastic/'
INFO:__main__:Argument path_csv: '/cluster/home/michechi/MIMICIV/data/simulation/sensitivity_stochastic/'
INFO:__main__:Argument patience: 3
INFO:__main__:Argument peft: False
INFO:__main__:Argument seed: 9550
INFO:__main__:Argument tiny: False
INFO:__main__:Argument tiny_type: '1M'
INFO:__main__:Using device: cuda
INFO:__main__:Output directory: /cluster/work/projects/nn12048k/michechi/results/sensitivity_stochastic/
INFO:__main__:Loading datasets...
INFO:__main__:Dataset sizes - Train: 320000, Val: 40000, Test: 40000
INFO:__main__:Testing fractions: [1.0]
INFO:__main__:======================================================================
INFO:__main__:Training with 100% of training data
INFO:__main__:======================================================================
INFO:__main__:Training subset size: 320000
INFO:__main__:Loading pre-trained BERT model (WARM START)
Some weights of BertForSequenceClassification were not initialized from the model checkpoint at bert-base-uncased and are newly initialized: ['classifier.bias', 'classifier.weight']
You should probably TRAIN this model on a down-stream task to be able to use it for predictions and inference.
INFO:__main__:Model parameters: 109,483,778
INFO:__main__:Epoch 1/20 | Train Loss: 0.6677 | Val Loss: 0.6587 | Val AUC: 0.6354 | Val F1: 0.5611
INFO:__main__:New best model (AUC: 0.6354)
INFO:__main__:Epoch 2/20 | Train Loss: 0.6257 | Val Loss: 0.6124 | Val AUC: 0.6733 | Val F1: 0.5788
INFO:__main__:New best model (AUC: 0.6733)
INFO:__main__:Epoch 3/20 | Train Loss: 0.6140 | Val Loss: 0.6093 | Val AUC: 0.6734 | Val F1: 0.5783
INFO:__main__:New best model (AUC: 0.6734)
INFO:__main__:Epoch 4/20 | Train Loss: 0.6125 | Val Loss: 0.6092 | Val AUC: 0.6736 | Val F1: 0.5788
INFO:__main__:New best model (AUC: 0.6736)
INFO:__main__:Epoch 5/20 | Train Loss: 0.6119 | Val Loss: 0.6092 | Val AUC: 0.6725 | Val F1: 0.5782
INFO:__main__:Epoch 6/20 | Train Loss: 0.6108 | Val Loss: 0.6105 | Val AUC: 0.6731 | Val F1: 0.5789
INFO:__main__:Epoch 7/20 | Train Loss: 0.6104 | Val Loss: 0.6095 | Val AUC: 0.6717 | Val F1: 0.5790
INFO:__main__:Early stopping at epoch 7
INFO:__main__:Optimal threshold: 0.10 (Val F1: 0.5886)
INFO:__main__:Fraction 100% - Test AUC: 0.6701, Test F1: 0.5886, Time: 3625.8s
INFO:__main__:Results saved to: /cluster/work/projects/nn12048k/michechi/results/sensitivity_stochastic/bert_fraction_experiment_bert-base-uncased_102_20260322_145612.csv
INFO:__main__:
======================================================================
INFO:__main__:EXPERIMENT SUMMARY
INFO:__main__:======================================================================
INFO:    gocryptfs not found, will not be able to use gocryptfs
/usr/bin/rm: cannot remove '/usr/local/cuda/compat/lib': Read-only file system
rm: cannot remove '/usr/local/cuda/compat/lib': Read-only file system
INFO:__main__:Argument batch_size: 32
INFO:__main__:Argument cache_dir: '/cluster/software/gpujobscratch/jobs/295037/hf_cache_295037'
INFO:__main__:Argument cold_start: False
INFO:__main__:Argument early: 'loss'
INFO:__main__:Argument epochs: 20
INFO:__main__:Argument fractions: '1.0'
INFO:__main__:Argument gradient_accumulation_steps: 1
INFO:__main__:Argument lr: 2e-05
INFO:__main__:Argument max_length: 200
INFO:__main__:Argument model_name: 'bert-base-uncased'
INFO:__main__:Argument number_to_use: '103'
INFO:__main__:Argument output_dir: '/cluster/work/projects/nn12048k/michechi/results/sensitivity_stochastic/'
INFO:__main__:Argument path_csv: '/cluster/home/michechi/MIMICIV/data/simulation/sensitivity_stochastic/'
INFO:__main__:Argument patience: 3
INFO:__main__:Argument peft: False
INFO:__main__:Argument seed: 9550
INFO:__main__:Argument tiny: False
INFO:__main__:Argument tiny_type: '1M'
INFO:__main__:Using device: cuda
INFO:__main__:Output directory: /cluster/work/projects/nn12048k/michechi/results/sensitivity_stochastic/
INFO:__main__:Loading datasets...
INFO:__main__:Dataset sizes - Train: 320000, Val: 40000, Test: 40000
INFO:__main__:Testing fractions: [1.0]
INFO:__main__:======================================================================
INFO:__main__:Training with 100% of training data
INFO:__main__:======================================================================
INFO:__main__:Training subset size: 320000
INFO:__main__:Loading pre-trained BERT model (WARM START)
Some weights of BertForSequenceClassification were not initialized from the model checkpoint at bert-base-uncased and are newly initialized: ['classifier.bias', 'classifier.weight']
You should probably TRAIN this model on a down-stream task to be able to use it for predictions and inference.
INFO:__main__:Model parameters: 109,483,778
INFO:__main__:Epoch 1/20 | Train Loss: 0.6800 | Val Loss: 0.6669 | Val AUC: 0.6449 | Val F1: 0.6402
INFO:__main__:New best model (AUC: 0.6449)
INFO:__main__:Epoch 2/20 | Train Loss: 0.6418 | Val Loss: 0.6174 | Val AUC: 0.6970 | Val F1: 0.6634
INFO:__main__:New best model (AUC: 0.6970)
INFO:__main__:Epoch 3/20 | Train Loss: 0.6192 | Val Loss: 0.6130 | Val AUC: 0.6973 | Val F1: 0.6615
INFO:__main__:New best model (AUC: 0.6973)
INFO:__main__:Epoch 4/20 | Train Loss: 0.6147 | Val Loss: 0.6116 | Val AUC: 0.6985 | Val F1: 0.6659
INFO:__main__:New best model (AUC: 0.6985)
INFO:__main__:Epoch 5/20 | Train Loss: 0.6121 | Val Loss: 0.6118 | Val AUC: 0.6962 | Val F1: 0.6657
INFO:__main__:Epoch 6/20 | Train Loss: 0.6116 | Val Loss: 0.6098 | Val AUC: 0.6986 | Val F1: 0.6667
INFO:__main__:New best model (AUC: 0.6986)
INFO:__main__:Epoch 7/20 | Train Loss: 0.6113 | Val Loss: 0.6133 | Val AUC: 0.6978 | Val F1: 0.6659
INFO:__main__:Epoch 8/20 | Train Loss: 0.6103 | Val Loss: 0.6108 | Val AUC: 0.6999 | Val F1: 0.6642
INFO:__main__:Epoch 9/20 | Train Loss: 0.6099 | Val Loss: 0.6101 | Val AUC: 0.6989 | Val F1: 0.6659
INFO:__main__:Early stopping at epoch 9
INFO:__main__:Optimal threshold: 0.33 (Val F1: 0.6669)
INFO:__main__:Fraction 100% - Test AUC: 0.6990, Test F1: 0.6716, Time: 4630.0s
INFO:__main__:Results saved to: /cluster/work/projects/nn12048k/michechi/results/sensitivity_stochastic/bert_fraction_experiment_bert-base-uncased_103_20260322_161338.csv
INFO:__main__:
======================================================================
INFO:__main__:EXPERIMENT SUMMARY
INFO:__main__:======================================================================
INFO:    gocryptfs not found, will not be able to use gocryptfs
/usr/bin/rm: cannot remove '/usr/local/cuda/compat/lib': Read-only file system
rm: cannot remove '/usr/local/cuda/compat/lib': Read-only file system
INFO:__main__:Argument batch_size: 32
INFO:__main__:Argument cache_dir: '/cluster/software/gpujobscratch/jobs/295037/hf_cache_295037'
INFO:__main__:Argument cold_start: False
INFO:__main__:Argument early: 'loss'
INFO:__main__:Argument epochs: 20
INFO:__main__:Argument fractions: '1.0'
INFO:__main__:Argument gradient_accumulation_steps: 1
INFO:__main__:Argument lr: 2e-05
INFO:__main__:Argument max_length: 200
INFO:__main__:Argument model_name: 'bert-base-uncased'
INFO:__main__:Argument number_to_use: '110'
INFO:__main__:Argument output_dir: '/cluster/work/projects/nn12048k/michechi/results/sensitivity_stochastic/'
INFO:__main__:Argument path_csv: '/cluster/home/michechi/MIMICIV/data/simulation/sensitivity_stochastic/'
INFO:__main__:Argument patience: 3
INFO:__main__:Argument peft: False
INFO:__main__:Argument seed: 9550
INFO:__main__:Argument tiny: False
INFO:__main__:Argument tiny_type: '1M'
INFO:__main__:Using device: cuda
INFO:__main__:Output directory: /cluster/work/projects/nn12048k/michechi/results/sensitivity_stochastic/
INFO:__main__:Loading datasets...
INFO:__main__:Dataset sizes - Train: 320000, Val: 40000, Test: 40000
INFO:__main__:Testing fractions: [1.0]
INFO:__main__:======================================================================
INFO:__main__:Training with 100% of training data
INFO:__main__:======================================================================
INFO:__main__:Training subset size: 320000
INFO:__main__:Loading pre-trained BERT model (WARM START)
Some weights of BertForSequenceClassification were not initialized from the model checkpoint at bert-base-uncased and are newly initialized: ['classifier.bias', 'classifier.weight']
You should probably TRAIN this model on a down-stream task to be able to use it for predictions and inference.
INFO:__main__:Model parameters: 109,483,778
INFO:__main__:Epoch 1/20 | Train Loss: 0.6371 | Val Loss: 0.6231 | Val AUC: 0.5811 | Val F1: 0.1962
INFO:__main__:New best model (AUC: 0.5811)
INFO:__main__:Epoch 2/20 | Train Loss: 0.6179 | Val Loss: 0.6108 | Val AUC: 0.5853 | Val F1: 0.3330
INFO:__main__:New best model (AUC: 0.5853)
INFO:__main__:Epoch 3/20 | Train Loss: 0.6200 | Val Loss: 0.6403 | Val AUC: 0.5066 | Val F1: 0.0000
INFO:__main__:Epoch 4/20 | Train Loss: 0.6407 | Val Loss: 0.6400 | Val AUC: 0.4878 | Val F1: 0.0000
INFO:__main__:Epoch 5/20 | Train Loss: 0.6403 | Val Loss: 0.6411 | Val AUC: 0.5329 | Val F1: 0.0000
INFO:__main__:Early stopping at epoch 5
INFO:__main__:Optimal threshold: 0.10 (Val F1: 0.5057)
INFO:__main__:Fraction 100% - Test AUC: 0.5844, Test F1: 0.5057, Time: 2609.3s
INFO:__main__:Results saved to: /cluster/work/projects/nn12048k/michechi/results/sensitivity_stochastic/bert_fraction_experiment_bert-base-uncased_110_20260322_165723.csv
INFO:__main__:
======================================================================
INFO:__main__:EXPERIMENT SUMMARY
INFO:__main__:======================================================================
INFO:    gocryptfs not found, will not be able to use gocryptfs
/usr/bin/rm: cannot remove '/usr/local/cuda/compat/lib': Read-only file system
rm: cannot remove '/usr/local/cuda/compat/lib': Read-only file system
INFO:__main__:Argument batch_size: 32
INFO:__main__:Argument cache_dir: '/cluster/software/gpujobscratch/jobs/295037/hf_cache_295037'
INFO:__main__:Argument cold_start: False
INFO:__main__:Argument early: 'loss'
INFO:__main__:Argument epochs: 20
INFO:__main__:Argument fractions: '1.0'
INFO:__main__:Argument gradient_accumulation_steps: 1
INFO:__main__:Argument lr: 2e-05
INFO:__main__:Argument max_length: 200
INFO:__main__:Argument model_name: 'bert-base-uncased'
INFO:__main__:Argument number_to_use: '112'
INFO:__main__:Argument output_dir: '/cluster/work/projects/nn12048k/michechi/results/sensitivity_stochastic/'
INFO:__main__:Argument path_csv: '/cluster/home/michechi/MIMICIV/data/simulation/sensitivity_stochastic/'
INFO:__main__:Argument patience: 3
INFO:__main__:Argument peft: False
INFO:__main__:Argument seed: 9550
INFO:__main__:Argument tiny: False
INFO:__main__:Argument tiny_type: '1M'
INFO:__main__:Using device: cuda
INFO:__main__:Output directory: /cluster/work/projects/nn12048k/michechi/results/sensitivity_stochastic/
INFO:__main__:Loading datasets...
INFO:__main__:Dataset sizes - Train: 320000, Val: 40000, Test: 40000
INFO:__main__:Testing fractions: [1.0]
INFO:__main__:======================================================================
INFO:__main__:Training with 100% of training data
INFO:__main__:======================================================================
INFO:__main__:Training subset size: 320000
INFO:__main__:Loading pre-trained BERT model (WARM START)
Some weights of BertForSequenceClassification were not initialized from the model checkpoint at bert-base-uncased and are newly initialized: ['classifier.bias', 'classifier.weight']
You should probably TRAIN this model on a down-stream task to be able to use it for predictions and inference.
INFO:__main__:Model parameters: 109,483,778
INFO:__main__:Epoch 1/20 | Train Loss: 0.6829 | Val Loss: 0.6784 | Val AUC: 0.6153 | Val F1: 0.6785
INFO:__main__:New best model (AUC: 0.6153)
INFO:__main__:Epoch 2/20 | Train Loss: 0.6590 | Val Loss: 0.6197 | Val AUC: 0.6970 | Val F1: 0.7104
INFO:__main__:New best model (AUC: 0.6970)
INFO:__main__:Epoch 3/20 | Train Loss: 0.6173 | Val Loss: 0.6095 | Val AUC: 0.7006 | Val F1: 0.7212
INFO:__main__:New best model (AUC: 0.7006)
INFO:__main__:Epoch 4/20 | Train Loss: 0.6121 | Val Loss: 0.6095 | Val AUC: 0.7023 | Val F1: 0.7219
INFO:__main__:New best model (AUC: 0.7023)
INFO:__main__:Epoch 5/20 | Train Loss: 0.6114 | Val Loss: 0.6093 | Val AUC: 0.7021 | Val F1: 0.7224
INFO:__main__:New best model (AUC: 0.7021)
INFO:__main__:Epoch 6/20 | Train Loss: 0.6103 | Val Loss: 0.6092 | Val AUC: 0.7026 | Val F1: 0.7223
INFO:__main__:New best model (AUC: 0.7026)
INFO:__main__:Epoch 7/20 | Train Loss: 0.6097 | Val Loss: 0.6090 | Val AUC: 0.7009 | Val F1: 0.7223
INFO:__main__:New best model (AUC: 0.7009)
INFO:__main__:Epoch 8/20 | Train Loss: 0.6094 | Val Loss: 0.6100 | Val AUC: 0.7003 | Val F1: 0.7218
INFO:__main__:Epoch 9/20 | Train Loss: 0.6095 | Val Loss: 0.6094 | Val AUC: 0.7036 | Val F1: 0.7218
INFO:__main__:Epoch 10/20 | Train Loss: 0.6091 | Val Loss: 0.6092 | Val AUC: 0.7022 | Val F1: 0.7219
INFO:__main__:Early stopping at epoch 10
INFO:__main__:Optimal threshold: 0.42 (Val F1: 0.7223)
INFO:__main__:Fraction 100% - Test AUC: 0.7018, Test F1: 0.7226, Time: 5086.0s
INFO:__main__:Results saved to: /cluster/work/projects/nn12048k/michechi/results/sensitivity_stochastic/bert_fraction_experiment_bert-base-uncased_112_20260322_182224.csv
INFO:__main__:
======================================================================
INFO:__main__:EXPERIMENT SUMMARY
INFO:__main__:======================================================================
INFO:    gocryptfs not found, will not be able to use gocryptfs
/usr/bin/rm: cannot remove '/usr/local/cuda/compat/lib': Read-only file system
rm: cannot remove '/usr/local/cuda/compat/lib': Read-only file system
INFO:__main__:Argument batch_size: 32
INFO:__main__:Argument cache_dir: '/cluster/software/gpujobscratch/jobs/295037/hf_cache_295037'
INFO:__main__:Argument cold_start: False
INFO:__main__:Argument early: 'loss'
INFO:__main__:Argument epochs: 20
INFO:__main__:Argument fractions: '1.0'
INFO:__main__:Argument gradient_accumulation_steps: 1
INFO:__main__:Argument lr: 2e-05
INFO:__main__:Argument max_length: 200
INFO:__main__:Argument model_name: 'bert-base-uncased'
INFO:__main__:Argument number_to_use: '120'
INFO:__main__:Argument output_dir: '/cluster/work/projects/nn12048k/michechi/results/sensitivity_stochastic/'
INFO:__main__:Argument path_csv: '/cluster/home/michechi/MIMICIV/data/simulation/sensitivity_stochastic/'
INFO:__main__:Argument patience: 3
INFO:__main__:Argument peft: False
INFO:__main__:Argument seed: 9550
INFO:__main__:Argument tiny: False
INFO:__main__:Argument tiny_type: '1M'
INFO:__main__:Using device: cuda
INFO:__main__:Output directory: /cluster/work/projects/nn12048k/michechi/results/sensitivity_stochastic/
INFO:__main__:Loading datasets...
INFO:__main__:Dataset sizes - Train: 320000, Val: 40000, Test: 40000
INFO:__main__:Testing fractions: [1.0]
INFO:__main__:======================================================================
INFO:__main__:Training with 100% of training data
INFO:__main__:======================================================================
INFO:__main__:Training subset size: 320000
INFO:__main__:Loading pre-trained BERT model (WARM START)
Some weights of BertForSequenceClassification were not initialized from the model checkpoint at bert-base-uncased and are newly initialized: ['classifier.bias', 'classifier.weight']
You should probably TRAIN this model on a down-stream task to be able to use it for predictions and inference.
INFO:__main__:Model parameters: 109,483,778
INFO:__main__:Epoch 1/20 | Train Loss: 0.6421 | Val Loss: 0.6861 | Val AUC: 0.5124 | Val F1: 0.0000
INFO:__main__:New best model (AUC: 0.5124)
INFO:__main__:Epoch 2/20 | Train Loss: 0.6865 | Val Loss: 0.6856 | Val AUC: 0.5022 | Val F1: 0.0000
INFO:__main__:New best model (AUC: 0.5022)
INFO:__main__:Epoch 3/20 | Train Loss: 0.6856 | Val Loss: 0.6848 | Val AUC: 0.4820 | Val F1: 0.0000
INFO:__main__:New best model (AUC: 0.4820)
INFO:__main__:Epoch 4/20 | Train Loss: 0.6853 | Val Loss: 0.6851 | Val AUC: 0.4994 | Val F1: 0.0000
INFO:__main__:Epoch 5/20 | Train Loss: 0.6852 | Val Loss: 0.6862 | Val AUC: 0.5284 | Val F1: 0.0000
INFO:__main__:Epoch 6/20 | Train Loss: 0.6855 | Val Loss: 0.6853 | Val AUC: 0.4960 | Val F1: 0.0000
INFO:__main__:Early stopping at epoch 6
INFO:__main__:Optimal threshold: 0.10 (Val F1: 0.6066)
INFO:__main__:Fraction 100% - Test AUC: 0.4801, Test F1: 0.6066, Time: 3085.2s
INFO:__main__:Results saved to: /cluster/work/projects/nn12048k/michechi/results/sensitivity_stochastic/bert_fraction_experiment_bert-base-uncased_120_20260322_191405.csv
INFO:__main__:
======================================================================
INFO:__main__:EXPERIMENT SUMMARY
INFO:__main__:======================================================================
INFO:    gocryptfs not found, will not be able to use gocryptfs
/usr/bin/rm: cannot remove '/usr/local/cuda/compat/lib': Read-only file system
rm: cannot remove '/usr/local/cuda/compat/lib': Read-only file system
INFO:__main__:Argument batch_size: 32
INFO:__main__:Argument cache_dir: '/cluster/software/gpujobscratch/jobs/295037/hf_cache_295037'
INFO:__main__:Argument cold_start: False
INFO:__main__:Argument early: 'loss'
INFO:__main__:Argument epochs: 20
INFO:__main__:Argument fractions: '1.0'
INFO:__main__:Argument gradient_accumulation_steps: 1
INFO:__main__:Argument lr: 2e-05
INFO:__main__:Argument max_length: 200
INFO:__main__:Argument model_name: 'bert-base-uncased'
INFO:__main__:Argument number_to_use: '121'
INFO:__main__:Argument output_dir: '/cluster/work/projects/nn12048k/michechi/results/sensitivity_stochastic/'
INFO:__main__:Argument path_csv: '/cluster/home/michechi/MIMICIV/data/simulation/sensitivity_stochastic/'
INFO:__main__:Argument patience: 3
INFO:__main__:Argument peft: False
INFO:__main__:Argument seed: 9550
INFO:__main__:Argument tiny: False
INFO:__main__:Argument tiny_type: '1M'
INFO:__main__:Using device: cuda
INFO:__main__:Output directory: /cluster/work/projects/nn12048k/michechi/results/sensitivity_stochastic/
INFO:__main__:Loading datasets...
INFO:__main__:Dataset sizes - Train: 320000, Val: 40000, Test: 40000
INFO:__main__:Testing fractions: [1.0]
INFO:__main__:======================================================================
INFO:__main__:Training with 100% of training data
INFO:__main__:======================================================================
INFO:__main__:Training subset size: 320000
INFO:__main__:Loading pre-trained BERT model (WARM START)
Some weights of BertForSequenceClassification were not initialized from the model checkpoint at bert-base-uncased and are newly initialized: ['classifier.bias', 'classifier.weight']
You should probably TRAIN this model on a down-stream task to be able to use it for predictions and inference.
INFO:__main__:Model parameters: 109,483,778
INFO:__main__:Epoch 1/20 | Train Loss: 0.6698 | Val Loss: 0.6396 | Val AUC: 0.6632 | Val F1: 0.5805
INFO:__main__:New best model (AUC: 0.6632)
INFO:__main__:Epoch 2/20 | Train Loss: 0.6297 | Val Loss: 0.6111 | Val AUC: 0.6839 | Val F1: 0.6026
INFO:__main__:New best model (AUC: 0.6839)
INFO:__main__:Epoch 3/20 | Train Loss: 0.6142 | Val Loss: 0.6076 | Val AUC: 0.6837 | Val F1: 0.6087
INFO:__main__:New best model (AUC: 0.6837)
INFO:__main__:Epoch 4/20 | Train Loss: 0.6125 | Val Loss: 0.6068 | Val AUC: 0.6832 | Val F1: 0.6087
INFO:__main__:New best model (AUC: 0.6832)
INFO:__main__:Epoch 5/20 | Train Loss: 0.6110 | Val Loss: 0.6080 | Val AUC: 0.6844 | Val F1: 0.6026
INFO:__main__:Epoch 6/20 | Train Loss: 0.6102 | Val Loss: 0.6070 | Val AUC: 0.6878 | Val F1: 0.6080
INFO:__main__:Epoch 7/20 | Train Loss: 0.6098 | Val Loss: 0.6063 | Val AUC: 0.6843 | Val F1: 0.6091
INFO:__main__:New best model (AUC: 0.6843)
INFO:__main__:Epoch 8/20 | Train Loss: 0.6095 | Val Loss: 0.6062 | Val AUC: 0.6834 | Val F1: 0.6090
INFO:__main__:New best model (AUC: 0.6834)
INFO:__main__:Epoch 9/20 | Train Loss: 0.6092 | Val Loss: 0.6060 | Val AUC: 0.6833 | Val F1: 0.6093
INFO:__main__:New best model (AUC: 0.6833)
INFO:__main__:Epoch 10/20 | Train Loss: 0.6089 | Val Loss: 0.6065 | Val AUC: 0.6825 | Val F1: 0.6092
INFO:__main__:Epoch 11/20 | Train Loss: 0.6087 | Val Loss: 0.6062 | Val AUC: 0.6814 | Val F1: 0.6092
INFO:__main__:Epoch 12/20 | Train Loss: 0.6083 | Val Loss: 0.6063 | Val AUC: 0.6825 | Val F1: 0.6087
INFO:__main__:Early stopping at epoch 12
INFO:__main__:Optimal threshold: 0.32 (Val F1: 0.6095)
INFO:__main__:Fraction 100% - Test AUC: 0.6812, Test F1: 0.6037, Time: 6117.6s
INFO:__main__:Results saved to: /cluster/work/projects/nn12048k/michechi/results/sensitivity_stochastic/bert_fraction_experiment_bert-base-uncased_121_20260322_205617.csv
INFO:__main__:
======================================================================
INFO:__main__:EXPERIMENT SUMMARY
INFO:__main__:======================================================================
INFO:    gocryptfs not found, will not be able to use gocryptfs
/usr/bin/rm: cannot remove '/usr/local/cuda/compat/lib': Read-only file system
rm: cannot remove '/usr/local/cuda/compat/lib': Read-only file system
INFO:__main__:Argument batch_size: 32
INFO:__main__:Argument cache_dir: '/cluster/software/gpujobscratch/jobs/295037/hf_cache_295037'
INFO:__main__:Argument cold_start: False
INFO:__main__:Argument early: 'loss'
INFO:__main__:Argument epochs: 20
INFO:__main__:Argument fractions: '1.0'
INFO:__main__:Argument gradient_accumulation_steps: 1
INFO:__main__:Argument lr: 2e-05
INFO:__main__:Argument max_length: 200
INFO:__main__:Argument model_name: 'bert-base-uncased'
INFO:__main__:Argument number_to_use: '122'
INFO:__main__:Argument output_dir: '/cluster/work/projects/nn12048k/michechi/results/sensitivity_stochastic/'
INFO:__main__:Argument path_csv: '/cluster/home/michechi/MIMICIV/data/simulation/sensitivity_stochastic/'
INFO:__main__:Argument patience: 3
INFO:__main__:Argument peft: False
INFO:__main__:Argument seed: 9550
INFO:__main__:Argument tiny: False
INFO:__main__:Argument tiny_type: '1M'
INFO:__main__:Using device: cuda
INFO:__main__:Output directory: /cluster/work/projects/nn12048k/michechi/results/sensitivity_stochastic/
INFO:__main__:Loading datasets...
INFO:__main__:Dataset sizes - Train: 320000, Val: 40000, Test: 40000
INFO:__main__:Testing fractions: [1.0]
INFO:__main__:======================================================================
INFO:__main__:Training with 100% of training data
INFO:__main__:======================================================================
INFO:__main__:Training subset size: 320000
INFO:__main__:Loading pre-trained BERT model (WARM START)
Some weights of BertForSequenceClassification were not initialized from the model checkpoint at bert-base-uncased and are newly initialized: ['classifier.bias', 'classifier.weight']
You should probably TRAIN this model on a down-stream task to be able to use it for predictions and inference.
INFO:__main__:Model parameters: 109,483,778
INFO:__main__:Epoch 1/20 | Train Loss: 0.6686 | Val Loss: 0.6477 | Val AUC: 0.6484 | Val F1: 0.5287
INFO:__main__:New best model (AUC: 0.6484)
INFO:__main__:Epoch 2/20 | Train Loss: 0.6348 | Val Loss: 0.6151 | Val AUC: 0.6772 | Val F1: 0.5946
INFO:__main__:New best model (AUC: 0.6772)
INFO:__main__:Epoch 3/20 | Train Loss: 0.6174 | Val Loss: 0.6109 | Val AUC: 0.6807 | Val F1: 0.5901
INFO:__main__:New best model (AUC: 0.6807)
INFO:__main__:Epoch 4/20 | Train Loss: 0.6135 | Val Loss: 0.6085 | Val AUC: 0.6811 | Val F1: 0.5952
INFO:__main__:New best model (AUC: 0.6811)
INFO:__main__:Epoch 5/20 | Train Loss: 0.6117 | Val Loss: 0.6096 | Val AUC: 0.6775 | Val F1: 0.5918
INFO:__main__:Epoch 6/20 | Train Loss: 0.6113 | Val Loss: 0.6112 | Val AUC: 0.6792 | Val F1: 0.5857
INFO:__main__:Epoch 7/20 | Train Loss: 0.6102 | Val Loss: 0.6094 | Val AUC: 0.6789 | Val F1: 0.5951
INFO:__main__:Early stopping at epoch 7
INFO:__main__:Optimal threshold: 0.32 (Val F1: 0.5954)
INFO:__main__:Fraction 100% - Test AUC: 0.6798, Test F1: 0.5953, Time: 3633.1s
INFO:__main__:Results saved to: /cluster/work/projects/nn12048k/michechi/results/sensitivity_stochastic/bert_fraction_experiment_bert-base-uncased_122_20260322_215707.csv
INFO:__main__:
======================================================================
INFO:__main__:EXPERIMENT SUMMARY
INFO:__main__:======================================================================
INFO:    gocryptfs not found, will not be able to use gocryptfs
/usr/bin/rm: cannot remove '/usr/local/cuda/compat/lib': Read-only file system
rm: cannot remove '/usr/local/cuda/compat/lib': Read-only file system
INFO:__main__:Argument batch_size: 32
INFO:__main__:Argument cache_dir: '/cluster/software/gpujobscratch/jobs/295037/hf_cache_295037'
INFO:__main__:Argument cold_start: False
INFO:__main__:Argument early: 'loss'
INFO:__main__:Argument epochs: 20
INFO:__main__:Argument fractions: '1.0'
INFO:__main__:Argument gradient_accumulation_steps: 1
INFO:__main__:Argument lr: 2e-05
INFO:__main__:Argument max_length: 200
INFO:__main__:Argument model_name: 'bert-base-uncased'
INFO:__main__:Argument number_to_use: '123'
INFO:__main__:Argument output_dir: '/cluster/work/projects/nn12048k/michechi/results/sensitivity_stochastic/'
INFO:__main__:Argument path_csv: '/cluster/home/michechi/MIMICIV/data/simulation/sensitivity_stochastic/'
INFO:__main__:Argument patience: 3
INFO:__main__:Argument peft: False
INFO:__main__:Argument seed: 9550
INFO:__main__:Argument tiny: False
INFO:__main__:Argument tiny_type: '1M'
INFO:__main__:Using device: cuda
INFO:__main__:Output directory: /cluster/work/projects/nn12048k/michechi/results/sensitivity_stochastic/
INFO:__main__:Loading datasets...
INFO:__main__:Dataset sizes - Train: 320000, Val: 40000, Test: 40000
INFO:__main__:Testing fractions: [1.0]
INFO:__main__:======================================================================
INFO:__main__:Training with 100% of training data
INFO:__main__:======================================================================
INFO:__main__:Training subset size: 320000
INFO:__main__:Loading pre-trained BERT model (WARM START)
Some weights of BertForSequenceClassification were not initialized from the model checkpoint at bert-base-uncased and are newly initialized: ['classifier.bias', 'classifier.weight']
You should probably TRAIN this model on a down-stream task to be able to use it for predictions and inference.
INFO:__main__:Model parameters: 109,483,778
INFO:__main__:Epoch 1/20 | Train Loss: 0.6668 | Val Loss: 0.6612 | Val AUC: 0.6178 | Val F1: 0.4815
INFO:__main__:New best model (AUC: 0.6178)
INFO:__main__:Epoch 2/20 | Train Loss: 0.6322 | Val Loss: 0.6163 | Val AUC: 0.6649 | Val F1: 0.5643
INFO:__main__:New best model (AUC: 0.6649)
INFO:__main__:Epoch 3/20 | Train Loss: 0.6146 | Val Loss: 0.6109 | Val AUC: 0.6688 | Val F1: 0.5604
INFO:__main__:New best model (AUC: 0.6688)
INFO:__main__:Epoch 4/20 | Train Loss: 0.6119 | Val Loss: 0.6101 | Val AUC: 0.6672 | Val F1: 0.5666
INFO:__main__:New best model (AUC: 0.6672)
INFO:__main__:Epoch 5/20 | Train Loss: 0.6110 | Val Loss: 0.6098 | Val AUC: 0.6667 | Val F1: 0.5652
INFO:__main__:New best model (AUC: 0.6667)
INFO:__main__:Epoch 6/20 | Train Loss: 0.6105 | Val Loss: 0.6092 | Val AUC: 0.6658 | Val F1: 0.5653
INFO:__main__:New best model (AUC: 0.6658)
INFO:__main__:Epoch 7/20 | Train Loss: 0.6102 | Val Loss: 0.6099 | Val AUC: 0.6675 | Val F1: 0.5664
INFO:__main__:Epoch 8/20 | Train Loss: 0.6097 | Val Loss: 0.6088 | Val AUC: 0.6674 | Val F1: 0.5660
INFO:__main__:New best model (AUC: 0.6674)
INFO:__main__:Epoch 9/20 | Train Loss: 0.6096 | Val Loss: 0.6098 | Val AUC: 0.6659 | Val F1: 0.5654
INFO:__main__:Epoch 10/20 | Train Loss: 0.6093 | Val Loss: 0.6095 | Val AUC: 0.6682 | Val F1: 0.5660
INFO:__main__:Epoch 11/20 | Train Loss: 0.6093 | Val Loss: 0.6101 | Val AUC: 0.6664 | Val F1: 0.5663
INFO:__main__:Early stopping at epoch 11
INFO:__main__:Optimal threshold: 0.10 (Val F1: 0.5821)
INFO:__main__:Fraction 100% - Test AUC: 0.6709, Test F1: 0.5821, Time: 5633.3s
INFO:__main__:Results saved to: /cluster/work/projects/nn12048k/michechi/results/sensitivity_stochastic/bert_fraction_experiment_bert-base-uncased_123_20260322_233117.csv
INFO:__main__:
======================================================================
INFO:__main__:EXPERIMENT SUMMARY
INFO:__main__:======================================================================
INFO:    gocryptfs not found, will not be able to use gocryptfs
/usr/bin/rm: cannot remove '/usr/local/cuda/compat/lib': Read-only file system
rm: cannot remove '/usr/local/cuda/compat/lib': Read-only file system
INFO:__main__:Argument batch_size: 32
INFO:__main__:Argument cache_dir: '/cluster/software/gpujobscratch/jobs/295037/hf_cache_295037'
INFO:__main__:Argument cold_start: False
INFO:__main__:Argument early: 'loss'
INFO:__main__:Argument epochs: 20
INFO:__main__:Argument fractions: '1.0'
INFO:__main__:Argument gradient_accumulation_steps: 1
INFO:__main__:Argument lr: 2e-05
INFO:__main__:Argument max_length: 200
INFO:__main__:Argument model_name: 'bert-base-uncased'
INFO:__main__:Argument number_to_use: '124'
INFO:__main__:Argument output_dir: '/cluster/work/projects/nn12048k/michechi/results/sensitivity_stochastic/'
INFO:__main__:Argument path_csv: '/cluster/home/michechi/MIMICIV/data/simulation/sensitivity_stochastic/'
INFO:__main__:Argument patience: 3
INFO:__main__:Argument peft: False
INFO:__main__:Argument seed: 9550
INFO:__main__:Argument tiny: False
INFO:__main__:Argument tiny_type: '1M'
INFO:__main__:Using device: cuda
INFO:__main__:Output directory: /cluster/work/projects/nn12048k/michechi/results/sensitivity_stochastic/
INFO:__main__:Loading datasets...
INFO:__main__:Dataset sizes - Train: 320000, Val: 40000, Test: 40000
INFO:__main__:Testing fractions: [1.0]
INFO:__main__:======================================================================
INFO:__main__:Training with 100% of training data
INFO:__main__:======================================================================
INFO:__main__:Training subset size: 320000
INFO:__main__:Loading pre-trained BERT model (WARM START)
Some weights of BertForSequenceClassification were not initialized from the model checkpoint at bert-base-uncased and are newly initialized: ['classifier.bias', 'classifier.weight']
You should probably TRAIN this model on a down-stream task to be able to use it for predictions and inference.
INFO:__main__:Model parameters: 109,483,778
INFO:__main__:Epoch 1/20 | Train Loss: 0.6650 | Val Loss: 0.6544 | Val AUC: 0.6282 | Val F1: 0.4429
INFO:__main__:New best model (AUC: 0.6282)
INFO:__main__:Epoch 2/20 | Train Loss: 0.6286 | Val Loss: 0.6113 | Val AUC: 0.6647 | Val F1: 0.5577
INFO:__main__:New best model (AUC: 0.6647)
INFO:__main__:Epoch 3/20 | Train Loss: 0.6125 | Val Loss: 0.6127 | Val AUC: 0.6635 | Val F1: 0.5605
INFO:__main__:Epoch 4/20 | Train Loss: 0.6133 | Val Loss: 0.6092 | Val AUC: 0.6651 | Val F1: 0.5605
INFO:__main__:New best model (AUC: 0.6651)
INFO:__main__:Epoch 5/20 | Train Loss: 0.6104 | Val Loss: 0.6106 | Val AUC: 0.6679 | Val F1: 0.5605
INFO:__main__:Epoch 6/20 | Train Loss: 0.6101 | Val Loss: 0.6102 | Val AUC: 0.6663 | Val F1: 0.5604
INFO:__main__:Epoch 7/20 | Train Loss: 0.6095 | Val Loss: 0.6092 | Val AUC: 0.6643 | Val F1: 0.5606
INFO:__main__:New best model (AUC: 0.6643)
INFO:__main__:Epoch 8/20 | Train Loss: 0.6094 | Val Loss: 0.6096 | Val AUC: 0.6628 | Val F1: 0.5599
INFO:__main__:Epoch 9/20 | Train Loss: 0.6095 | Val Loss: 0.6106 | Val AUC: 0.6616 | Val F1: 0.5606
INFO:__main__:Epoch 10/20 | Train Loss: 0.6088 | Val Loss: 0.6092 | Val AUC: 0.6639 | Val F1: 0.5605
INFO:__main__:Early stopping at epoch 10
INFO:__main__:Optimal threshold: 0.10 (Val F1: 0.5783)
INFO:__main__:Fraction 100% - Test AUC: 0.6621, Test F1: 0.5783, Time: 5088.0s
INFO:__main__:Results saved to: /cluster/work/projects/nn12048k/michechi/results/sensitivity_stochastic/bert_fraction_experiment_bert-base-uncased_124_20260323_005621.csv
INFO:__main__:
======================================================================
INFO:__main__:EXPERIMENT SUMMARY
INFO:__main__:======================================================================
INFO:    gocryptfs not found, will not be able to use gocryptfs
/usr/bin/rm: cannot remove '/usr/local/cuda/compat/lib': Read-only file system
rm: cannot remove '/usr/local/cuda/compat/lib': Read-only file system
INFO:__main__:Argument batch_size: 32
INFO:__main__:Argument cache_dir: '/cluster/software/gpujobscratch/jobs/295037/hf_cache_295037'
INFO:__main__:Argument cold_start: False
INFO:__main__:Argument early: 'loss'
INFO:__main__:Argument epochs: 20
INFO:__main__:Argument fractions: '1.0'
INFO:__main__:Argument gradient_accumulation_steps: 1
INFO:__main__:Argument lr: 2e-05
INFO:__main__:Argument max_length: 200
INFO:__main__:Argument model_name: 'bert-base-uncased'
INFO:__main__:Argument number_to_use: '130'
INFO:__main__:Argument output_dir: '/cluster/work/projects/nn12048k/michechi/results/sensitivity_stochastic/'
INFO:__main__:Argument path_csv: '/cluster/home/michechi/MIMICIV/data/simulation/sensitivity_stochastic/'
INFO:__main__:Argument patience: 3
INFO:__main__:Argument peft: False
INFO:__main__:Argument seed: 9550
INFO:__main__:Argument tiny: False
INFO:__main__:Argument tiny_type: '1M'
INFO:__main__:Using device: cuda
INFO:__main__:Output directory: /cluster/work/projects/nn12048k/michechi/results/sensitivity_stochastic/
INFO:__main__:Loading datasets...
INFO:__main__:Dataset sizes - Train: 320000, Val: 40000, Test: 40000
INFO:__main__:Testing fractions: [1.0]
INFO:__main__:======================================================================
INFO:__main__:Training with 100% of training data
INFO:__main__:======================================================================
INFO:__main__:Training subset size: 320000
INFO:__main__:Loading pre-trained BERT model (WARM START)
Some weights of BertForSequenceClassification were not initialized from the model checkpoint at bert-base-uncased and are newly initialized: ['classifier.bias', 'classifier.weight']
You should probably TRAIN this model on a down-stream task to be able to use it for predictions and inference.
INFO:__main__:Model parameters: 109,483,778
INFO:__main__:Epoch 1/20 | Train Loss: 0.6241 | Val Loss: 0.6117 | Val AUC: 0.6030 | Val F1: 0.3846
INFO:__main__:New best model (AUC: 0.6030)
INFO:__main__:Epoch 2/20 | Train Loss: 0.6132 | Val Loss: 0.6352 | Val AUC: 0.5691 | Val F1: 0.2064
INFO:__main__:Epoch 3/20 | Train Loss: 0.6115 | Val Loss: 0.6116 | Val AUC: 0.6031 | Val F1: 0.3842
INFO:__main__:New best model (AUC: 0.6031)
INFO:__main__:Epoch 4/20 | Train Loss: 0.6134 | Val Loss: 0.6124 | Val AUC: 0.6026 | Val F1: 0.3850
INFO:__main__:Epoch 5/20 | Train Loss: 0.6100 | Val Loss: 0.6109 | Val AUC: 0.6016 | Val F1: 0.3848
INFO:__main__:New best model (AUC: 0.6016)
INFO:__main__:Epoch 6/20 | Train Loss: 0.6099 | Val Loss: 0.6111 | Val AUC: 0.6009 | Val F1: 0.3849
INFO:__main__:Epoch 7/20 | Train Loss: 0.6097 | Val Loss: 0.6117 | Val AUC: 0.6039 | Val F1: 0.3854
INFO:__main__:Epoch 8/20 | Train Loss: 0.6096 | Val Loss: 0.6107 | Val AUC: 0.6005 | Val F1: 0.3849
INFO:__main__:New best model (AUC: 0.6005)
INFO:__main__:Epoch 9/20 | Train Loss: 0.6092 | Val Loss: 0.6110 | Val AUC: 0.6000 | Val F1: 0.3846
INFO:__main__:Epoch 10/20 | Train Loss: 0.6090 | Val Loss: 0.6109 | Val AUC: 0.6004 | Val F1: 0.3848
INFO:__main__:Epoch 11/20 | Train Loss: 0.6094 | Val Loss: 0.6112 | Val AUC: 0.5978 | Val F1: 0.3850
INFO:__main__:Early stopping at epoch 11
INFO:__main__:Optimal threshold: 0.10 (Val F1: 0.5200)
INFO:__main__:Fraction 100% - Test AUC: 0.6025, Test F1: 0.5199, Time: 5580.1s
INFO:__main__:Results saved to: /cluster/work/projects/nn12048k/michechi/results/sensitivity_stochastic/bert_fraction_experiment_bert-base-uncased_130_20260323_022937.csv
INFO:__main__:
======================================================================
INFO:__main__:EXPERIMENT SUMMARY
INFO:__main__:======================================================================
INFO:    gocryptfs not found, will not be able to use gocryptfs
/usr/bin/rm: cannot remove '/usr/local/cuda/compat/lib': Read-only file system
rm: cannot remove '/usr/local/cuda/compat/lib': Read-only file system
INFO:__main__:Argument batch_size: 32
INFO:__main__:Argument cache_dir: '/cluster/software/gpujobscratch/jobs/295037/hf_cache_295037'
INFO:__main__:Argument cold_start: False
INFO:__main__:Argument early: 'loss'
INFO:__main__:Argument epochs: 20
INFO:__main__:Argument fractions: '1.0'
INFO:__main__:Argument gradient_accumulation_steps: 1
INFO:__main__:Argument lr: 2e-05
INFO:__main__:Argument max_length: 200
INFO:__main__:Argument model_name: 'bert-base-uncased'
INFO:__main__:Argument number_to_use: '131'
INFO:__main__:Argument output_dir: '/cluster/work/projects/nn12048k/michechi/results/sensitivity_stochastic/'
INFO:__main__:Argument path_csv: '/cluster/home/michechi/MIMICIV/data/simulation/sensitivity_stochastic/'
INFO:__main__:Argument patience: 3
INFO:__main__:Argument peft: False
INFO:__main__:Argument seed: 9550
INFO:__main__:Argument tiny: False
INFO:__main__:Argument tiny_type: '1M'
INFO:__main__:Using device: cuda
INFO:__main__:Output directory: /cluster/work/projects/nn12048k/michechi/results/sensitivity_stochastic/
INFO:__main__:Loading datasets...
INFO:__main__:Dataset sizes - Train: 320000, Val: 40000, Test: 40000
INFO:__main__:Testing fractions: [1.0]
INFO:__main__:======================================================================
INFO:__main__:Training with 100% of training data
INFO:__main__:======================================================================
INFO:__main__:Training subset size: 320000
INFO:__main__:Loading pre-trained BERT model (WARM START)
Some weights of BertForSequenceClassification were not initialized from the model checkpoint at bert-base-uncased and are newly initialized: ['classifier.bias', 'classifier.weight']
You should probably TRAIN this model on a down-stream task to be able to use it for predictions and inference.
INFO:__main__:Model parameters: 109,483,778
INFO:__main__:Epoch 1/20 | Train Loss: 0.6381 | Val Loss: 0.6195 | Val AUC: 0.5931 | Val F1: 0.3503
INFO:__main__:New best model (AUC: 0.5931)
INFO:__main__:Epoch 2/20 | Train Loss: 0.6138 | Val Loss: 0.6126 | Val AUC: 0.5960 | Val F1: 0.3645
INFO:__main__:New best model (AUC: 0.5960)
INFO:__main__:Epoch 3/20 | Train Loss: 0.6114 | Val Loss: 0.6112 | Val AUC: 0.5943 | Val F1: 0.3624
INFO:__main__:New best model (AUC: 0.5943)
INFO:__main__:Epoch 4/20 | Train Loss: 0.6106 | Val Loss: 0.6116 | Val AUC: 0.5968 | Val F1: 0.3653
INFO:__main__:Epoch 5/20 | Train Loss: 0.6103 | Val Loss: 0.6116 | Val AUC: 0.5971 | Val F1: 0.3640
INFO:__main__:Epoch 6/20 | Train Loss: 0.6098 | Val Loss: 0.6123 | Val AUC: 0.5961 | Val F1: 0.3675
INFO:__main__:Early stopping at epoch 6
INFO:__main__:Optimal threshold: 0.10 (Val F1: 0.5154)
INFO:__main__:Fraction 100% - Test AUC: 0.5935, Test F1: 0.5153, Time: 3100.0s
INFO:__main__:Results saved to: /cluster/work/projects/nn12048k/michechi/results/sensitivity_stochastic/bert_fraction_experiment_bert-base-uncased_131_20260323_032133.csv
INFO:__main__:
======================================================================
INFO:__main__:EXPERIMENT SUMMARY
INFO:__main__:======================================================================
INFO:    gocryptfs not found, will not be able to use gocryptfs
/usr/bin/rm: cannot remove '/usr/local/cuda/compat/lib': Read-only file system
rm: cannot remove '/usr/local/cuda/compat/lib': Read-only file system
INFO:__main__:Argument batch_size: 32
INFO:__main__:Argument cache_dir: '/cluster/software/gpujobscratch/jobs/295037/hf_cache_295037'
INFO:__main__:Argument cold_start: False
INFO:__main__:Argument early: 'loss'
INFO:__main__:Argument epochs: 20
INFO:__main__:Argument fractions: '1.0'
INFO:__main__:Argument gradient_accumulation_steps: 1
INFO:__main__:Argument lr: 2e-05
INFO:__main__:Argument max_length: 200
INFO:__main__:Argument model_name: 'bert-base-uncased'
INFO:__main__:Argument number_to_use: '132'
INFO:__main__:Argument output_dir: '/cluster/work/projects/nn12048k/michechi/results/sensitivity_stochastic/'
INFO:__main__:Argument path_csv: '/cluster/home/michechi/MIMICIV/data/simulation/sensitivity_stochastic/'
INFO:__main__:Argument patience: 3
INFO:__main__:Argument peft: False
INFO:__main__:Argument seed: 9550
INFO:__main__:Argument tiny: False
INFO:__main__:Argument tiny_type: '1M'
INFO:__main__:Using device: cuda
INFO:__main__:Output directory: /cluster/work/projects/nn12048k/michechi/results/sensitivity_stochastic/
INFO:__main__:Loading datasets...
INFO:__main__:Dataset sizes - Train: 320000, Val: 40000, Test: 40000
INFO:__main__:Testing fractions: [1.0]
INFO:__main__:======================================================================
INFO:__main__:Training with 100% of training data
INFO:__main__:======================================================================
INFO:__main__:Training subset size: 320000
INFO:__main__:Loading pre-trained BERT model (WARM START)
Some weights of BertForSequenceClassification were not initialized from the model checkpoint at bert-base-uncased and are newly initialized: ['classifier.bias', 'classifier.weight']
You should probably TRAIN this model on a down-stream task to be able to use it for predictions and inference.
INFO:__main__:Model parameters: 109,483,778
INFO:__main__:Epoch 1/20 | Train Loss: 0.6401 | Val Loss: 0.6372 | Val AUC: 0.5725 | Val F1: 0.2611
INFO:__main__:New best model (AUC: 0.5725)
INFO:__main__:Epoch 2/20 | Train Loss: 0.6273 | Val Loss: 0.6212 | Val AUC: 0.5883 | Val F1: 0.3535
INFO:__main__:New best model (AUC: 0.5883)
INFO:__main__:Epoch 3/20 | Train Loss: 0.6196 | Val Loss: 0.6143 | Val AUC: 0.5881 | Val F1: 0.3365
INFO:__main__:New best model (AUC: 0.5881)
INFO:__main__:Epoch 4/20 | Train Loss: 0.6130 | Val Loss: 0.6113 | Val AUC: 0.5855 | Val F1: 0.3367
INFO:__main__:New best model (AUC: 0.5855)
INFO:__main__:Epoch 5/20 | Train Loss: 0.6114 | Val Loss: 0.6128 | Val AUC: 0.5880 | Val F1: 0.3398
INFO:__main__:Epoch 6/20 | Train Loss: 0.6270 | Val Loss: 0.6126 | Val AUC: 0.5925 | Val F1: 0.3394
INFO:__main__:Epoch 7/20 | Train Loss: 0.6104 | Val Loss: 0.6112 | Val AUC: 0.5847 | Val F1: 0.3398
INFO:__main__:New best model (AUC: 0.5847)
INFO:__main__:Epoch 8/20 | Train Loss: 0.6098 | Val Loss: 0.6109 | Val AUC: 0.5884 | Val F1: 0.3404
INFO:__main__:New best model (AUC: 0.5884)
INFO:__main__:Epoch 9/20 | Train Loss: 0.6094 | Val Loss: 0.6103 | Val AUC: 0.5879 | Val F1: 0.3398
INFO:__main__:New best model (AUC: 0.5879)
INFO:__main__:Epoch 10/20 | Train Loss: 0.6090 | Val Loss: 0.6104 | Val AUC: 0.5887 | Val F1: 0.3404
INFO:__main__:Epoch 11/20 | Train Loss: 0.6087 | Val Loss: 0.6110 | Val AUC: 0.5893 | Val F1: 0.3417
INFO:__main__:Epoch 12/20 | Train Loss: 0.6084 | Val Loss: 0.6112 | Val AUC: 0.5883 | Val F1: 0.3414
INFO:__main__:Early stopping at epoch 12
INFO:__main__:Optimal threshold: 0.10 (Val F1: 0.5112)
INFO:__main__:Fraction 100% - Test AUC: 0.5906, Test F1: 0.5112, Time: 5621.4s
INFO:__main__:Results saved to: /cluster/work/projects/nn12048k/michechi/results/sensitivity_stochastic/bert_fraction_experiment_bert-base-uncased_132_20260323_045529.csv
INFO:__main__:
======================================================================
INFO:__main__:EXPERIMENT SUMMARY
INFO:__main__:======================================================================
INFO:    gocryptfs not found, will not be able to use gocryptfs
/usr/bin/rm: cannot remove '/usr/local/cuda/compat/lib': Read-only file system
rm: cannot remove '/usr/local/cuda/compat/lib': Read-only file system
INFO:__main__:Argument batch_size: 32
INFO:__main__:Argument cache_dir: '/cluster/software/gpujobscratch/jobs/295037/hf_cache_295037'
INFO:__main__:Argument cold_start: False
INFO:__main__:Argument early: 'loss'
INFO:__main__:Argument epochs: 20
INFO:__main__:Argument fractions: '1.0'
INFO:__main__:Argument gradient_accumulation_steps: 1
INFO:__main__:Argument lr: 2e-05
INFO:__main__:Argument max_length: 200
INFO:__main__:Argument model_name: 'bert-base-uncased'
INFO:__main__:Argument number_to_use: '133'
INFO:__main__:Argument output_dir: '/cluster/work/projects/nn12048k/michechi/results/sensitivity_stochastic/'
INFO:__main__:Argument path_csv: '/cluster/home/michechi/MIMICIV/data/simulation/sensitivity_stochastic/'
INFO:__main__:Argument patience: 3
INFO:__main__:Argument peft: False
INFO:__main__:Argument seed: 9550
INFO:__main__:Argument tiny: False
INFO:__main__:Argument tiny_type: '1M'
INFO:__main__:Using device: cuda
INFO:__main__:Output directory: /cluster/work/projects/nn12048k/michechi/results/sensitivity_stochastic/
INFO:__main__:Loading datasets...
INFO:__main__:Dataset sizes - Train: 320000, Val: 40000, Test: 40000
INFO:__main__:Testing fractions: [1.0]
INFO:__main__:======================================================================
INFO:__main__:Training with 100% of training data
INFO:__main__:======================================================================
INFO:__main__:Training subset size: 320000
INFO:__main__:Loading pre-trained BERT model (WARM START)
Some weights of BertForSequenceClassification were not initialized from the model checkpoint at bert-base-uncased and are newly initialized: ['classifier.bias', 'classifier.weight']
You should probably TRAIN this model on a down-stream task to be able to use it for predictions and inference.
INFO:__main__:Model parameters: 109,483,778
INFO:__main__:Epoch 1/20 | Train Loss: 0.6354 | Val Loss: 0.6287 | Val AUC: 0.5632 | Val F1: 0.0000
INFO:__main__:New best model (AUC: 0.5632)
INFO:__main__:Epoch 2/20 | Train Loss: 0.6212 | Val Loss: 0.6141 | Val AUC: 0.5789 | Val F1: 0.3109
INFO:__main__:New best model (AUC: 0.5789)
INFO:__main__:Epoch 3/20 | Train Loss: 0.6123 | Val Loss: 0.6078 | Val AUC: 0.5768 | Val F1: 0.3033
INFO:__main__:New best model (AUC: 0.5768)
INFO:__main__:Epoch 4/20 | Train Loss: 0.6118 | Val Loss: 0.6091 | Val AUC: 0.5803 | Val F1: 0.3040
INFO:__main__:Epoch 5/20 | Train Loss: 0.6105 | Val Loss: 0.6078 | Val AUC: 0.5731 | Val F1: 0.3029
INFO:__main__:New best model (AUC: 0.5731)
INFO:__main__:Epoch 6/20 | Train Loss: 0.6104 | Val Loss: 0.6104 | Val AUC: 0.5798 | Val F1: 0.3047
INFO:__main__:Epoch 7/20 | Train Loss: 0.6102 | Val Loss: 0.6090 | Val AUC: 0.5774 | Val F1: 0.3036
INFO:__main__:Epoch 8/20 | Train Loss: 0.6099 | Val Loss: 0.6076 | Val AUC: 0.5827 | Val F1: 0.3042
INFO:__main__:New best model (AUC: 0.5827)
INFO:__main__:Epoch 9/20 | Train Loss: 0.6097 | Val Loss: 0.6074 | Val AUC: 0.5795 | Val F1: 0.3021
INFO:__main__:New best model (AUC: 0.5795)
INFO:__main__:Epoch 10/20 | Train Loss: 0.6096 | Val Loss: 0.6082 | Val AUC: 0.5748 | Val F1: 0.3035
INFO:__main__:Epoch 11/20 | Train Loss: 0.6094 | Val Loss: 0.6070 | Val AUC: 0.5779 | Val F1: 0.3022
INFO:__main__:New best model (AUC: 0.5779)
INFO:__main__:Epoch 12/20 | Train Loss: 0.6091 | Val Loss: 0.6080 | Val AUC: 0.5774 | Val F1: 0.3000
INFO:__main__:Epoch 13/20 | Train Loss: 0.6092 | Val Loss: 0.6071 | Val AUC: 0.5798 | Val F1: 0.3027
INFO:__main__:Epoch 14/20 | Train Loss: 0.6090 | Val Loss: 0.6071 | Val AUC: 0.5797 | Val F1: 0.3009
INFO:__main__:Early stopping at epoch 14
INFO:__main__:Optimal threshold: 0.10 (Val F1: 0.4999)
INFO:__main__:Fraction 100% - Test AUC: 0.5720, Test F1: 0.4999, Time: 6475.3s
INFO:__main__:Results saved to: /cluster/work/projects/nn12048k/michechi/results/sensitivity_stochastic/bert_fraction_experiment_bert-base-uncased_133_20260323_064338.csv
INFO:__main__:
======================================================================
INFO:__main__:EXPERIMENT SUMMARY
INFO:__main__:======================================================================
INFO:    gocryptfs not found, will not be able to use gocryptfs
/usr/bin/rm: cannot remove '/usr/local/cuda/compat/lib': Read-only file system
rm: cannot remove '/usr/local/cuda/compat/lib': Read-only file system
INFO:__main__:Argument batch_size: 32
INFO:__main__:Argument cache_dir: '/cluster/software/gpujobscratch/jobs/295037/hf_cache_295037'
INFO:__main__:Argument cold_start: False
INFO:__main__:Argument early: 'loss'
INFO:__main__:Argument epochs: 20
INFO:__main__:Argument fractions: '1.0'
INFO:__main__:Argument gradient_accumulation_steps: 1
INFO:__main__:Argument lr: 2e-05
INFO:__main__:Argument max_length: 200
INFO:__main__:Argument model_name: 'bert-base-uncased'
INFO:__main__:Argument number_to_use: '134'
INFO:__main__:Argument output_dir: '/cluster/work/projects/nn12048k/michechi/results/sensitivity_stochastic/'
INFO:__main__:Argument path_csv: '/cluster/home/michechi/MIMICIV/data/simulation/sensitivity_stochastic/'
INFO:__main__:Argument patience: 3
INFO:__main__:Argument peft: False
INFO:__main__:Argument seed: 9550
INFO:__main__:Argument tiny: False
INFO:__main__:Argument tiny_type: '1M'
INFO:__main__:Using device: cuda
INFO:__main__:Output directory: /cluster/work/projects/nn12048k/michechi/results/sensitivity_stochastic/
INFO:__main__:Loading datasets...
INFO:__main__:Dataset sizes - Train: 320000, Val: 40000, Test: 40000
INFO:__main__:Testing fractions: [1.0]
INFO:__main__:======================================================================
INFO:__main__:Training with 100% of training data
INFO:__main__:======================================================================
INFO:__main__:Training subset size: 320000
INFO:__main__:Loading pre-trained BERT model (WARM START)
Some weights of BertForSequenceClassification were not initialized from the model checkpoint at bert-base-uncased and are newly initialized: ['classifier.bias', 'classifier.weight']
You should probably TRAIN this model on a down-stream task to be able to use it for predictions and inference.
INFO:__main__:Model parameters: 109,483,778
INFO:__main__:Epoch 1/20 | Train Loss: 0.6347 | Val Loss: 0.6269 | Val AUC: 0.5605 | Val F1: 0.0011
INFO:__main__:New best model (AUC: 0.5605)
INFO:__main__:Epoch 2/20 | Train Loss: 0.6175 | Val Loss: 0.6083 | Val AUC: 0.5687 | Val F1: 0.2923
INFO:__main__:New best model (AUC: 0.5687)
INFO:__main__:Epoch 3/20 | Train Loss: 0.6113 | Val Loss: 0.6120 | Val AUC: 0.5691 | Val F1: 0.2852
INFO:__main__:Epoch 4/20 | Train Loss: 0.6100 | Val Loss: 0.6090 | Val AUC: 0.5741 | Val F1: 0.2939
INFO:__main__:Epoch 5/20 | Train Loss: 0.6099 | Val Loss: 0.6072 | Val AUC: 0.5729 | Val F1: 0.2941
INFO:__main__:New best model (AUC: 0.5729)
INFO:__main__:Epoch 6/20 | Train Loss: 0.6103 | Val Loss: 0.6078 | Val AUC: 0.5729 | Val F1: 0.2914
INFO:__main__:Epoch 7/20 | Train Loss: 0.6095 | Val Loss: 0.6072 | Val AUC: 0.5716 | Val F1: 0.2928
INFO:__main__:Epoch 8/20 | Train Loss: 0.6092 | Val Loss: 0.6078 | Val AUC: 0.5718 | Val F1: 0.2929
INFO:__main__:Early stopping at epoch 8
INFO:__main__:Optimal threshold: 0.10 (Val F1: 0.4991)
INFO:__main__:Fraction 100% - Test AUC: 0.5695, Test F1: 0.4991, Time: 3745.5s
INFO:__main__:Results saved to: /cluster/work/projects/nn12048k/michechi/results/sensitivity_stochastic/bert_fraction_experiment_bert-base-uncased_134_20260323_074618.csv
INFO:__main__:
======================================================================
INFO:__main__:EXPERIMENT SUMMARY
INFO:__main__:======================================================================
INFO:    gocryptfs not found, will not be able to use gocryptfs
/usr/bin/rm: cannot remove '/usr/local/cuda/compat/lib': Read-only file system
rm: cannot remove '/usr/local/cuda/compat/lib': Read-only file system
INFO:__main__:Argument batch_size: 32
INFO:__main__:Argument cache_dir: '/cluster/software/gpujobscratch/jobs/295037/hf_cache_295037'
INFO:__main__:Argument cold_start: False
INFO:__main__:Argument early: 'loss'
INFO:__main__:Argument epochs: 20
INFO:__main__:Argument fractions: '1.0'
INFO:__main__:Argument gradient_accumulation_steps: 1
INFO:__main__:Argument lr: 2e-05
INFO:__main__:Argument max_length: 200
INFO:__main__:Argument model_name: 'bert-base-uncased'
INFO:__main__:Argument number_to_use: '140'
INFO:__main__:Argument output_dir: '/cluster/work/projects/nn12048k/michechi/results/sensitivity_stochastic/'
INFO:__main__:Argument path_csv: '/cluster/home/michechi/MIMICIV/data/simulation/sensitivity_stochastic/'
INFO:__main__:Argument patience: 3
INFO:__main__:Argument peft: False
INFO:__main__:Argument seed: 9550
INFO:__main__:Argument tiny: False
INFO:__main__:Argument tiny_type: '1M'
INFO:__main__:Using device: cuda
INFO:__main__:Output directory: /cluster/work/projects/nn12048k/michechi/results/sensitivity_stochastic/
INFO:__main__:Loading datasets...
INFO:__main__:Dataset sizes - Train: 320000, Val: 40000, Test: 40000
INFO:__main__:Testing fractions: [1.0]
INFO:__main__:======================================================================
INFO:__main__:Training with 100% of training data
INFO:__main__:======================================================================
INFO:__main__:Training subset size: 320000
INFO:__main__:Loading pre-trained BERT model (WARM START)
Some weights of BertForSequenceClassification were not initialized from the model checkpoint at bert-base-uncased and are newly initialized: ['classifier.bias', 'classifier.weight']
You should probably TRAIN this model on a down-stream task to be able to use it for predictions and inference.
INFO:__main__:Model parameters: 109,483,778
INFO:__main__:Epoch 1/20 | Train Loss: 0.6566 | Val Loss: 0.6085 | Val AUC: 0.7054 | Val F1: 0.7216
INFO:__main__:New best model (AUC: 0.7054)
INFO:__main__:Epoch 2/20 | Train Loss: 0.6133 | Val Loss: 0.6064 | Val AUC: 0.7052 | Val F1: 0.7218
INFO:__main__:New best model (AUC: 0.7052)
INFO:__main__:Epoch 3/20 | Train Loss: 0.6122 | Val Loss: 0.6074 | Val AUC: 0.7052 | Val F1: 0.7190
INFO:__main__:Epoch 4/20 | Train Loss: 0.6110 | Val Loss: 0.6066 | Val AUC: 0.7057 | Val F1: 0.7223
INFO:__main__:Epoch 5/20 | Train Loss: 0.6105 | Val Loss: 0.6060 | Val AUC: 0.7043 | Val F1: 0.7224
INFO:__main__:New best model (AUC: 0.7043)
INFO:__main__:Epoch 6/20 | Train Loss: 0.6108 | Val Loss: 0.6059 | Val AUC: 0.7060 | Val F1: 0.7226
INFO:__main__:New best model (AUC: 0.7060)
INFO:__main__:Epoch 7/20 | Train Loss: 0.6099 | Val Loss: 0.6062 | Val AUC: 0.7067 | Val F1: 0.7229
INFO:__main__:Epoch 8/20 | Train Loss: 0.6100 | Val Loss: 0.6084 | Val AUC: 0.7064 | Val F1: 0.7221
INFO:__main__:Epoch 9/20 | Train Loss: 0.6094 | Val Loss: 0.6056 | Val AUC: 0.7042 | Val F1: 0.7228
INFO:__main__:New best model (AUC: 0.7042)
INFO:__main__:Epoch 10/20 | Train Loss: 0.6098 | Val Loss: 0.6056 | Val AUC: 0.7051 | Val F1: 0.7228
INFO:__main__:New best model (AUC: 0.7051)
INFO:__main__:Epoch 11/20 | Train Loss: 0.6095 | Val Loss: 0.6055 | Val AUC: 0.7053 | Val F1: 0.7228
INFO:__main__:New best model (AUC: 0.7053)
INFO:__main__:Epoch 12/20 | Train Loss: 0.6094 | Val Loss: 0.6062 | Val AUC: 0.7056 | Val F1: 0.7230
INFO:__main__:Epoch 13/20 | Train Loss: 0.6092 | Val Loss: 0.6055 | Val AUC: 0.7058 | Val F1: 0.7227
INFO:__main__:New best model (AUC: 0.7058)
INFO:__main__:Epoch 14/20 | Train Loss: 0.6087 | Val Loss: 0.6052 | Val AUC: 0.7062 | Val F1: 0.7230
INFO:__main__:New best model (AUC: 0.7062)
INFO:__main__:Epoch 15/20 | Train Loss: 0.6087 | Val Loss: 0.6057 | Val AUC: 0.7057 | Val F1: 0.7226
INFO:__main__:Epoch 16/20 | Train Loss: 0.6084 | Val Loss: 0.6056 | Val AUC: 0.7057 | Val F1: 0.7226
INFO:__main__:Epoch 17/20 | Train Loss: 0.6084 | Val Loss: 0.6056 | Val AUC: 0.7059 | Val F1: 0.7227
INFO:__main__:Early stopping at epoch 17
INFO:__main__:Optimal threshold: 0.46 (Val F1: 0.7230)
INFO:__main__:Fraction 100% - Test AUC: 0.7000, Test F1: 0.7166, Time: 7940.7s
INFO:__main__:Results saved to: /cluster/work/projects/nn12048k/michechi/results/sensitivity_stochastic/bert_fraction_experiment_bert-base-uncased_140_20260323_095851.csv
INFO:__main__:
======================================================================
INFO:__main__:EXPERIMENT SUMMARY
INFO:__main__:======================================================================
INFO:    gocryptfs not found, will not be able to use gocryptfs
/usr/bin/rm: cannot remove '/usr/local/cuda/compat/lib': Read-only file system
rm: cannot remove '/usr/local/cuda/compat/lib': Read-only file system
INFO:__main__:Argument batch_size: 32
INFO:__main__:Argument cache_dir: '/cluster/software/gpujobscratch/jobs/295037/hf_cache_295037'
INFO:__main__:Argument cold_start: False
INFO:__main__:Argument early: 'loss'
INFO:__main__:Argument epochs: 20
INFO:__main__:Argument fractions: '1.0'
INFO:__main__:Argument gradient_accumulation_steps: 1
INFO:__main__:Argument lr: 2e-05
INFO:__main__:Argument max_length: 200
INFO:__main__:Argument model_name: 'bert-base-uncased'
INFO:__main__:Argument number_to_use: '141'
INFO:__main__:Argument output_dir: '/cluster/work/projects/nn12048k/michechi/results/sensitivity_stochastic/'
INFO:__main__:Argument path_csv: '/cluster/home/michechi/MIMICIV/data/simulation/sensitivity_stochastic/'
INFO:__main__:Argument patience: 3
INFO:__main__:Argument peft: False
INFO:__main__:Argument seed: 9550
INFO:__main__:Argument tiny: False
INFO:__main__:Argument tiny_type: '1M'
INFO:__main__:Using device: cuda
INFO:__main__:Output directory: /cluster/work/projects/nn12048k/michechi/results/sensitivity_stochastic/
INFO:__main__:Loading datasets...
INFO:__main__:Dataset sizes - Train: 320000, Val: 40000, Test: 40000
INFO:__main__:Testing fractions: [1.0]
INFO:__main__:======================================================================
INFO:__main__:Training with 100% of training data
INFO:__main__:======================================================================
INFO:__main__:Training subset size: 320000
INFO:__main__:Loading pre-trained BERT model (WARM START)
Some weights of BertForSequenceClassification were not initialized from the model checkpoint at bert-base-uncased and are newly initialized: ['classifier.bias', 'classifier.weight']
You should probably TRAIN this model on a down-stream task to be able to use it for predictions and inference.
INFO:__main__:Model parameters: 109,483,778
INFO:__main__:Epoch 1/20 | Train Loss: 0.6874 | Val Loss: 0.6566 | Val AUC: 0.6543 | Val F1: 0.6620
INFO:__main__:New best model (AUC: 0.6543)
INFO:__main__:Epoch 2/20 | Train Loss: 0.6297 | Val Loss: 0.6148 | Val AUC: 0.7039 | Val F1: 0.7123
INFO:__main__:New best model (AUC: 0.7039)
INFO:__main__:Epoch 3/20 | Train Loss: 0.6159 | Val Loss: 0.6097 | Val AUC: 0.7020 | Val F1: 0.7206
INFO:__main__:New best model (AUC: 0.7020)
INFO:__main__:Epoch 4/20 | Train Loss: 0.6134 | Val Loss: 0.6109 | Val AUC: 0.7039 | Val F1: 0.7202
INFO:__main__:Epoch 5/20 | Train Loss: 0.6125 | Val Loss: 0.6087 | Val AUC: 0.7049 | Val F1: 0.7201
INFO:__main__:New best model (AUC: 0.7049)
INFO:__main__:Epoch 6/20 | Train Loss: 0.6114 | Val Loss: 0.6097 | Val AUC: 0.7021 | Val F1: 0.7187
INFO:__main__:Epoch 7/20 | Train Loss: 0.6110 | Val Loss: 0.6084 | Val AUC: 0.7044 | Val F1: 0.7217
INFO:__main__:New best model (AUC: 0.7044)
INFO:__main__:Epoch 8/20 | Train Loss: 0.6103 | Val Loss: 0.6091 | Val AUC: 0.7047 | Val F1: 0.7212
INFO:__main__:Epoch 9/20 | Train Loss: 0.6097 | Val Loss: 0.6089 | Val AUC: 0.7030 | Val F1: 0.7213
INFO:__main__:Epoch 10/20 | Train Loss: 0.6091 | Val Loss: 0.6093 | Val AUC: 0.7039 | Val F1: 0.7207
INFO:__main__:Early stopping at epoch 10
INFO:__main__:Optimal threshold: 0.34 (Val F1: 0.7220)
INFO:__main__:Fraction 100% - Test AUC: 0.7049, Test F1: 0.7217, Time: 4641.6s
INFO:__main__:Results saved to: /cluster/work/projects/nn12048k/michechi/results/sensitivity_stochastic/bert_fraction_experiment_bert-base-uncased_141_20260323_111626.csv
INFO:__main__:
======================================================================
INFO:__main__:EXPERIMENT SUMMARY
INFO:__main__:======================================================================
INFO:    gocryptfs not found, will not be able to use gocryptfs
/usr/bin/rm: cannot remove '/usr/local/cuda/compat/lib': Read-only file system
rm: cannot remove '/usr/local/cuda/compat/lib': Read-only file system
INFO:__main__:Argument batch_size: 32
INFO:__main__:Argument cache_dir: '/cluster/software/gpujobscratch/jobs/295037/hf_cache_295037'
INFO:__main__:Argument cold_start: False
INFO:__main__:Argument early: 'loss'
INFO:__main__:Argument epochs: 20
INFO:__main__:Argument fractions: '1.0'
INFO:__main__:Argument gradient_accumulation_steps: 1
INFO:__main__:Argument lr: 2e-05
INFO:__main__:Argument max_length: 200
INFO:__main__:Argument model_name: 'bert-base-uncased'
INFO:__main__:Argument number_to_use: '142'
INFO:__main__:Argument output_dir: '/cluster/work/projects/nn12048k/michechi/results/sensitivity_stochastic/'
INFO:__main__:Argument path_csv: '/cluster/home/michechi/MIMICIV/data/simulation/sensitivity_stochastic/'
INFO:__main__:Argument patience: 3
INFO:__main__:Argument peft: False
INFO:__main__:Argument seed: 9550
INFO:__main__:Argument tiny: False
INFO:__main__:Argument tiny_type: '1M'
INFO:__main__:Using device: cuda
INFO:__main__:Output directory: /cluster/work/projects/nn12048k/michechi/results/sensitivity_stochastic/
INFO:__main__:Loading datasets...
INFO:__main__:Dataset sizes - Train: 320000, Val: 40000, Test: 40000
INFO:__main__:Testing fractions: [1.0]
INFO:__main__:======================================================================
INFO:__main__:Training with 100% of training data
INFO:__main__:======================================================================
INFO:__main__:Training subset size: 320000
INFO:__main__:Loading pre-trained BERT model (WARM START)
Some weights of BertForSequenceClassification were not initialized from the model checkpoint at bert-base-uncased and are newly initialized: ['classifier.bias', 'classifier.weight']
You should probably TRAIN this model on a down-stream task to be able to use it for predictions and inference.
INFO:__main__:Model parameters: 109,483,778
INFO:__main__:Epoch 1/20 | Train Loss: 0.6859 | Val Loss: 0.6684 | Val AUC: 0.6337 | Val F1: 0.6787
INFO:__main__:New best model (AUC: 0.6337)
INFO:__main__:Epoch 2/20 | Train Loss: 0.6471 | Val Loss: 0.6133 | Val AUC: 0.7003 | Val F1: 0.7173
INFO:__main__:New best model (AUC: 0.7003)
INFO:__main__:Epoch 3/20 | Train Loss: 0.6155 | Val Loss: 0.6118 | Val AUC: 0.7001 | Val F1: 0.7196
INFO:__main__:New best model (AUC: 0.7001)
INFO:__main__:Epoch 4/20 | Train Loss: 0.6118 | Val Loss: 0.6115 | Val AUC: 0.6987 | Val F1: 0.7194
INFO:__main__:New best model (AUC: 0.6987)
INFO:__main__:Epoch 5/20 | Train Loss: 0.6113 | Val Loss: 0.6138 | Val AUC: 0.6992 | Val F1: 0.7147
INFO:__main__:Epoch 6/20 | Train Loss: 0.6108 | Val Loss: 0.6107 | Val AUC: 0.6988 | Val F1: 0.7202
INFO:__main__:New best model (AUC: 0.6988)
INFO:__main__:Epoch 7/20 | Train Loss: 0.6101 | Val Loss: 0.6123 | Val AUC: 0.7008 | Val F1: 0.7188
INFO:__main__:Epoch 8/20 | Train Loss: 0.6892 | Val Loss: 0.6926 | Val AUC: 0.5125 | Val F1: 0.6849
INFO:__main__:Epoch 9/20 | Train Loss: 0.6928 | Val Loss: 0.6924 | Val AUC: 0.4984 | Val F1: 0.6849
INFO:__main__:Early stopping at epoch 9
INFO:__main__:Optimal threshold: 0.33 (Val F1: 0.7204)
INFO:__main__:Fraction 100% - Test AUC: 0.6969, Test F1: 0.7212, Time: 4196.5s
INFO:__main__:Results saved to: /cluster/work/projects/nn12048k/michechi/results/sensitivity_stochastic/bert_fraction_experiment_bert-base-uncased_142_20260323_122636.csv
INFO:__main__:
======================================================================
INFO:__main__:EXPERIMENT SUMMARY
INFO:__main__:======================================================================
INFO:    gocryptfs not found, will not be able to use gocryptfs
/usr/bin/rm: cannot remove '/usr/local/cuda/compat/lib': Read-only file system
rm: cannot remove '/usr/local/cuda/compat/lib': Read-only file system
INFO:__main__:Argument batch_size: 32
INFO:__main__:Argument cache_dir: '/cluster/software/gpujobscratch/jobs/295037/hf_cache_295037'
INFO:__main__:Argument cold_start: False
INFO:__main__:Argument early: 'loss'
INFO:__main__:Argument epochs: 20
INFO:__main__:Argument fractions: '1.0'
INFO:__main__:Argument gradient_accumulation_steps: 1
INFO:__main__:Argument lr: 2e-05
INFO:__main__:Argument max_length: 200
INFO:__main__:Argument model_name: 'bert-base-uncased'
INFO:__main__:Argument number_to_use: '143'
INFO:__main__:Argument output_dir: '/cluster/work/projects/nn12048k/michechi/results/sensitivity_stochastic/'
INFO:__main__:Argument path_csv: '/cluster/home/michechi/MIMICIV/data/simulation/sensitivity_stochastic/'
INFO:__main__:Argument patience: 3
INFO:__main__:Argument peft: False
INFO:__main__:Argument seed: 9550
INFO:__main__:Argument tiny: False
INFO:__main__:Argument tiny_type: '1M'
INFO:__main__:Using device: cuda
INFO:__main__:Output directory: /cluster/work/projects/nn12048k/michechi/results/sensitivity_stochastic/
INFO:__main__:Loading datasets...
INFO:__main__:Dataset sizes - Train: 320000, Val: 40000, Test: 40000
INFO:__main__:Testing fractions: [1.0]
INFO:__main__:======================================================================
INFO:__main__:Training with 100% of training data
INFO:__main__:======================================================================
INFO:__main__:Training subset size: 320000
INFO:__main__:Loading pre-trained BERT model (WARM START)
Some weights of BertForSequenceClassification were not initialized from the model checkpoint at bert-base-uncased and are newly initialized: ['classifier.bias', 'classifier.weight']
You should probably TRAIN this model on a down-stream task to be able to use it for predictions and inference.
INFO:__main__:Model parameters: 109,483,778
INFO:__main__:Epoch 1/20 | Train Loss: 0.6800 | Val Loss: 0.6720 | Val AUC: 0.6235 | Val F1: 0.6821
INFO:__main__:New best model (AUC: 0.6235)
INFO:__main__:Epoch 2/20 | Train Loss: 0.6632 | Val Loss: 0.6326 | Val AUC: 0.6902 | Val F1: 0.7109
INFO:__main__:New best model (AUC: 0.6902)
INFO:__main__:Epoch 3/20 | Train Loss: 0.6219 | Val Loss: 0.6190 | Val AUC: 0.6971 | Val F1: 0.7226
INFO:__main__:New best model (AUC: 0.6971)
INFO:__main__:Epoch 4/20 | Train Loss: 0.6136 | Val Loss: 0.6124 | Val AUC: 0.7008 | Val F1: 0.7262
INFO:__main__:New best model (AUC: 0.7008)
INFO:__main__:Epoch 5/20 | Train Loss: 0.6115 | Val Loss: 0.6084 | Val AUC: 0.7012 | Val F1: 0.7290
INFO:__main__:New best model (AUC: 0.7012)
INFO:__main__:Epoch 6/20 | Train Loss: 0.6113 | Val Loss: 0.6088 | Val AUC: 0.7003 | Val F1: 0.7290
INFO:__main__:Epoch 7/20 | Train Loss: 0.6102 | Val Loss: 0.6088 | Val AUC: 0.6993 | Val F1: 0.7287
INFO:__main__:Epoch 8/20 | Train Loss: 0.6095 | Val Loss: 0.6089 | Val AUC: 0.6995 | Val F1: 0.7291
INFO:__main__:Early stopping at epoch 8
INFO:__main__:Optimal threshold: 0.32 (Val F1: 0.7295)
INFO:__main__:Fraction 100% - Test AUC: 0.6966, Test F1: 0.7240, Time: 3728.3s
INFO:__main__:Results saved to: /cluster/work/projects/nn12048k/michechi/results/sensitivity_stochastic/bert_fraction_experiment_bert-base-uncased_143_20260323_132857.csv
INFO:__main__:
======================================================================
INFO:__main__:EXPERIMENT SUMMARY
INFO:__main__:======================================================================
INFO:    gocryptfs not found, will not be able to use gocryptfs
/usr/bin/rm: cannot remove '/usr/local/cuda/compat/lib': Read-only file system
rm: cannot remove '/usr/local/cuda/compat/lib': Read-only file system
INFO:__main__:Argument batch_size: 32
INFO:__main__:Argument cache_dir: '/cluster/software/gpujobscratch/jobs/295037/hf_cache_295037'
INFO:__main__:Argument cold_start: False
INFO:__main__:Argument early: 'loss'
INFO:__main__:Argument epochs: 20
INFO:__main__:Argument fractions: '1.0'
INFO:__main__:Argument gradient_accumulation_steps: 1
INFO:__main__:Argument lr: 2e-05
INFO:__main__:Argument max_length: 200
INFO:__main__:Argument model_name: 'bert-base-uncased'
INFO:__main__:Argument number_to_use: '144'
INFO:__main__:Argument output_dir: '/cluster/work/projects/nn12048k/michechi/results/sensitivity_stochastic/'
INFO:__main__:Argument path_csv: '/cluster/home/michechi/MIMICIV/data/simulation/sensitivity_stochastic/'
INFO:__main__:Argument patience: 3
INFO:__main__:Argument peft: False
INFO:__main__:Argument seed: 9550
INFO:__main__:Argument tiny: False
INFO:__main__:Argument tiny_type: '1M'
INFO:__main__:Using device: cuda
INFO:__main__:Output directory: /cluster/work/projects/nn12048k/michechi/results/sensitivity_stochastic/
INFO:__main__:Loading datasets...
INFO:__main__:Dataset sizes - Train: 320000, Val: 40000, Test: 40000
INFO:__main__:Testing fractions: [1.0]
INFO:__main__:======================================================================
INFO:__main__:Training with 100% of training data
INFO:__main__:======================================================================
INFO:__main__:Training subset size: 320000
INFO:__main__:Loading pre-trained BERT model (WARM START)
Some weights of BertForSequenceClassification were not initialized from the model checkpoint at bert-base-uncased and are newly initialized: ['classifier.bias', 'classifier.weight']
You should probably TRAIN this model on a down-stream task to be able to use it for predictions and inference.
INFO:__main__:Model parameters: 109,483,778
INFO:__main__:Epoch 1/20 | Train Loss: 0.6776 | Val Loss: 0.6793 | Val AUC: 0.6237 | Val F1: 0.5558
INFO:__main__:New best model (AUC: 0.6237)
INFO:__main__:Epoch 2/20 | Train Loss: 0.6451 | Val Loss: 0.6238 | Val AUC: 0.6934 | Val F1: 0.7128
INFO:__main__:New best model (AUC: 0.6934)
INFO:__main__:Epoch 3/20 | Train Loss: 0.6163 | Val Loss: 0.6166 | Val AUC: 0.6969 | Val F1: 0.7137
INFO:__main__:New best model (AUC: 0.6969)
INFO:__main__:Epoch 4/20 | Train Loss: 0.6120 | Val Loss: 0.6098 | Val AUC: 0.6994 | Val F1: 0.7286
INFO:__main__:New best model (AUC: 0.6994)
INFO:__main__:Epoch 5/20 | Train Loss: 0.6108 | Val Loss: 0.6094 | Val AUC: 0.7009 | Val F1: 0.7286
INFO:__main__:New best model (AUC: 0.7009)
INFO:__main__:Epoch 6/20 | Train Loss: 0.6103 | Val Loss: 0.6096 | Val AUC: 0.7006 | Val F1: 0.7285
INFO:__main__:Epoch 7/20 | Train Loss: 0.6097 | Val Loss: 0.6101 | Val AUC: 0.7001 | Val F1: 0.7285
INFO:__main__:Epoch 8/20 | Train Loss: 0.6104 | Val Loss: 0.6098 | Val AUC: 0.6999 | Val F1: 0.7289
INFO:__main__:Early stopping at epoch 8
INFO:__main__:Optimal threshold: 0.63 (Val F1: 0.7288)
INFO:__main__:Fraction 100% - Test AUC: 0.7008, Test F1: 0.7326, Time: 3726.5s
INFO:__main__:Results saved to: /cluster/work/projects/nn12048k/michechi/results/sensitivity_stochastic/bert_fraction_experiment_bert-base-uncased_144_20260323_143116.csv
INFO:__main__:
======================================================================
INFO:__main__:EXPERIMENT SUMMARY
INFO:__main__:======================================================================
