Starting job 295036 on gpu-1-111 on Olivia at Sun Mar 22 11:24:49 CET 2026

=== Sensitivity: Transformer + LSTM on 21 datasets ===

========== Dataset 100 ==========

========== Dataset 101 ==========

========== Dataset 102 ==========

========== Dataset 103 ==========

========== Dataset 110 ==========

========== Dataset 112 ==========

========== Dataset 120 ==========

========== Dataset 121 ==========

========== Dataset 122 ==========

========== Dataset 123 ==========

========== Dataset 124 ==========

========== Dataset 130 ==========

========== Dataset 131 ==========

========== Dataset 132 ==========

========== Dataset 133 ==========

========== Dataset 134 ==========

========== Dataset 140 ==========

========== Dataset 141 ==========

========== Dataset 142 ==========

========== Dataset 143 ==========

========== Dataset 144 ==========
=== ALL DONE ===

Job 295036 consumed 0.0 billing hours and 3.4 GPU hours from project nn12048k.

Submitted 2026-03-22T11:24:48; waited 1.0 seconds in the queue after becoming eligible to run.

Requested wallclock time: 3.0 days
Elapsed wallclock time:   3.4 hours

Job exited normally.

Task and CPU statistics:
ID                CPUs  Tasks  CPU util                Start  Elapsed  Exit status
295036               1            0.0 %  2026-03-22T11:24:49    3.4 h  0
295036.batch         1      1     0.0 %  2026-03-22T11:24:49    3.4 h  0
295036.apptainer     1      1     0.0 %  2026-03-22T11:24:49    0.1 h  0
295036.apptainer     1      1     0.0 %  2026-03-22T11:31:55    0.1 h  0
295036.apptainer     1      1     0.0 %  2026-03-22T11:39:37    0.1 h  0
295036.apptainer     1      1     0.0 %  2026-03-22T11:47:41    0.3 h  0
295036.apptainer     1      1     0.0 %  2026-03-22T12:03:24    0.1 h  0
295036.apptainer     1      1     0.0 %  2026-03-22T12:11:17    0.2 h  0
295036.apptainer     1      1     0.0 %  2026-03-22T12:22:00    0.2 h  0
295036.apptainer     1      1     0.0 %  2026-03-22T12:31:15    0.1 h  0
295036.apptainer     1      1     0.0 %  2026-03-22T12:39:42    0.2 h  0
295036.apptainer     1      1     0.0 %  2026-03-22T12:50:14    0.1 h  0
295036.apptainer     1      1     0.0 %  2026-03-22T12:57:47    0.2 h  0
295036.apptainer     1      1     0.0 %  2026-03-22T13:07:08    0.1 h  0
295036.apptainer     1      1     0.0 %  2026-03-22T13:15:10    0.1 h  0
295036.apptainer     1      1     0.0 %  2026-03-22T13:23:39    0.2 h  0
295036.apptainer     1      1     0.0 %  2026-03-22T13:34:35    0.1 h  0
295036.apptainer     1      1     0.0 %  2026-03-22T13:43:12    0.2 h  0
295036.apptainer     1      1     0.0 %  2026-03-22T13:53:28    0.1 h  0
295036.apptainer     1      1     0.0 %  2026-03-22T14:00:44    0.2 h  0
295036.apptainer     1      1     0.0 %  2026-03-22T14:12:08    0.2 h  0
295036.apptainer     1      1     0.0 %  2026-03-22T14:23:28    0.2 h  0
295036.apptainer     1      1     0.0 %  2026-03-22T14:32:40    0.3 h  0

Used CPU time:   0.6 CPU seconds
Unused CPU time: 3.4 CPU hours

Memory statistics, in GiB:
ID                 Alloc   Usage
295036              40.0        
295036.batch        40.0     0.1
295036.apptainer    40.0     3.4
295036.apptainer    40.0     2.9
295036.apptainer    40.0     2.9
295036.apptainer    40.0     2.8
295036.apptainer    40.0     2.7
295036.apptainer    40.0     3.1
295036.apptainer    40.0     2.7
295036.apptainer    40.0     4.2
295036.apptainer    40.0     2.8
295036.apptainer    40.0     2.9
295036.apptainer    40.0     3.2
295036.apptainer    40.0     2.7
295036.apptainer    40.0     2.7
295036.apptainer    40.0     2.8
295036.apptainer    40.0     3.0
295036.apptainer    40.0     2.7
295036.apptainer    40.0     2.9
295036.apptainer    40.0     3.1
295036.apptainer    40.0     5.5
295036.apptainer    40.0     2.9
295036.apptainer    40.0     3.3

Job 295036 completed at Sun Mar 22 14:49:02 CET 2026
