Starting job 72337 on gpu-1-74 on Olivia at Sun Dec 28 11:53:08 CET 2025

================================================================
SLURM Job Information
================================================================
Job ID: 72337
Node: gpu-1-74
Date: Sun Dec 28 11:53:09 AM CET 2025
================================================================
Scratch Cache: /cluster/software/gpujobscratch/jobs/72337/rnn_cache_72337
Free space in SCRATCH: 472T

Job 72337 consumed 0.0 billing hours and 0.0 GPU hours from project nn12048k.

Submitted 2025-12-28T11:53:06; waited 2.0 seconds in the queue after becoming eligible to run.

Requested wallclock time: 24.0 hours
Elapsed wallclock time:   2.0 seconds

Job failed.

Task and CPU statistics:
ID           CPUs  Tasks  CPU util                Start  Elapsed  Exit status
72337           1            0.0 %  2025-12-28T11:53:08    2.0 s  1
72337.batch     1      1    73.0 %  2025-12-28T11:53:08    2.0 s  1

Used CPU time:   1.5 CPU seconds
Unused CPU time: 0.5 CPU seconds

Memory statistics, in GiB:
ID            Alloc   Usage
72337          64.0        
72337.batch    64.0     0.2

Job 72337 completed at Sun Dec 28 11:53:11 CET 2025
