The following modules were not unloaded:
  (Use "module --force purge" to unload all):

  1) init-NRIS
INFO:    gocryptfs not found, will not be able to use gocryptfs
/usr/bin/rm: cannot remove '/usr/local/cuda/compat/lib': Read-only file system
rm: cannot remove '/usr/local/cuda/compat/lib': Read-only file system
Traceback (most recent call last):
  File "/usr/local/lib/python3.12/dist-packages/pandas/core/indexes/base.py", line 3812, in get_loc
    return self._engine.get_loc(casted_key)
           ^^^^^^^^^^^^^^^^^^^^^^^^^^^^^^^^
  File "pandas/_libs/index.pyx", line 167, in pandas._libs.index.IndexEngine.get_loc
  File "pandas/_libs/index.pyx", line 196, in pandas._libs.index.IndexEngine.get_loc
  File "pandas/_libs/hashtable_class_helper.pxi", line 7088, in pandas._libs.hashtable.PyObjectHashTable.get_item
  File "pandas/_libs/hashtable_class_helper.pxi", line 7096, in pandas._libs.hashtable.PyObjectHashTable.get_item
KeyError: 'label'

The above exception was the direct cause of the following exception:

Traceback (most recent call last):
  File "/cluster/home/michechi/MIMICIV/src/DL_baselines.py", line 1019, in <module>
    main(args)
  File "/cluster/home/michechi/MIMICIV/src/DL_baselines.py", line 757, in main
    test_sequences, test_labels) = load_data_from_csv(
                                   ^^^^^^^^^^^^^^^^^^^
  File "/cluster/home/michechi/MIMICIV/src/DL_baselines.py", line 612, in load_data_from_csv
    train_labels = y_train[label_column].values
                   ~~~~~~~^^^^^^^^^^^^^^
  File "/usr/local/lib/python3.12/dist-packages/pandas/core/frame.py", line 4113, in __getitem__
    indexer = self.columns.get_loc(key)
              ^^^^^^^^^^^^^^^^^^^^^^^^^
  File "/usr/local/lib/python3.12/dist-packages/pandas/core/indexes/base.py", line 3819, in get_loc
    raise KeyError(key) from err
KeyError: 'label'
srun: error: gpu-1-74: task 0: Exited with exit code 1
srun: Terminating StepId=72352.0
