Starting job 72336 on gpu-1-74 on Olivia at Sun Dec 28 11:52:20 CET 2025

================================================================
SLURM Job Information
================================================================
Job ID: 72336
Node: gpu-1-74
Date: Sun Dec 28 11:52:20 AM CET 2025
================================================================
Scratch Cache: /cluster/software/gpujobscratch/jobs/72336/rnn_cache_72336
Free space in SCRATCH: 472T

Job 72336 consumed 0.0 billing hours and 0.0 GPU hours from project nn12048k.

Submitted 2025-12-28T11:52:19; waited 0.0 seconds in the queue after becoming eligible to run.

Requested wallclock time: 24.0 hours
Elapsed wallclock time:   3.0 seconds

Job failed.

Task and CPU statistics:
ID           CPUs  Tasks  CPU util                Start  Elapsed  Exit status
72336           1            0.0 %  2025-12-28T11:52:19    3.0 s  1
72336.batch     1      1    48.5 %  2025-12-28T11:52:19    3.0 s  1

Used CPU time:   1.5 CPU seconds
Unused CPU time: 1.5 CPU seconds

Memory statistics, in GiB:
ID            Alloc   Usage
72336          64.0        
72336.batch    64.0     0.2

Job 72336 completed at Sun Dec 28 11:52:23 CET 2025
