Starting job 72348 on gpu-1-74 on Olivia at Sun Dec 28 11:58:26 CET 2025

=== JOB CONFIGURATION ===
Job ID: 72348
Node: gpu-1-74
Permanent Cache: /cluster/work/projects/nn12048k/michechi/cache
=== STARTING CONTAINER ===
Container: /cluster/work/projects/nn12048k/michechi/extended-pytorch/extended-pytorch.sif
Environment: HUGGING_FACE_HUB_TOKEN=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,HF_HOME=/cluster/work/projects/nn12048k/michechi/cache,HF_DATASETS_CACHE=/cluster/work/projects/nn12048k/michechi/cache,XDG_CACHE_HOME=/cluster/work/projects/nn12048k/michechi/cache,PYTHONUNBUFFERED=1

Job 72348 consumed 0.0 billing hours and 0.0 GPU hours from project nn12048k.

Submitted 2025-12-28T11:58:25; waited 0.0 seconds in the queue after becoming eligible to run.

Requested wallclock time: 24.0 hours
Elapsed wallclock time:   5.0 seconds

Job failed.

Task and CPU statistics:
ID               CPUs  Tasks  CPU util                Start  Elapsed  Exit status
72348               1            0.0 %  2025-12-28T11:58:25    5.0 s  2 (shell builtin error)
72348.batch         1      1     4.2 %  2025-12-28T11:58:25    5.0 s  2 (shell builtin error)
72348.apptainer     1      1     0.0 %  2025-12-28T11:58:27    2.0 s  2 (shell builtin error)

Used CPU time:   0.2 CPU seconds
Unused CPU time: 4.8 CPU seconds

Memory statistics, in GiB:
ID                Alloc   Usage
72348             128.0        
72348.batch       128.0     0.1
72348.apptainer   128.0     0.3

Job 72348 completed at Sun Dec 28 11:58:31 CET 2025
