The following modules were not unloaded:
  (Use "module --force purge" to unload all):

  1) init-NRIS
INFO:    gocryptfs not found, will not be able to use gocryptfs
/usr/bin/rm: cannot remove '/usr/local/cuda/compat/lib': Read-only file system
rm: cannot remove '/usr/local/cuda/compat/lib': Read-only file system
Traceback (most recent call last):
  File "/cluster/home/michechi/MIMICIV/src/DL_baselines.py", line 1019, in <module>
    main(args)
  File "/cluster/home/michechi/MIMICIV/src/DL_baselines.py", line 757, in main
    test_sequences, test_labels) = load_data_from_csv(
                                   ^^^^^^^^^^^^^^^^^^^
  File "/cluster/home/michechi/MIMICIV/src/DL_baselines.py", line 551, in load_data_from_csv
    X_train = pd.read_csv(
              ^^^^^^^^^^^^
  File "/usr/local/lib/python3.12/dist-packages/pandas/io/parsers/readers.py", line 1026, in read_csv
    return _read(filepath_or_buffer, kwds)
           ^^^^^^^^^^^^^^^^^^^^^^^^^^^^^^^
  File "/usr/local/lib/python3.12/dist-packages/pandas/io/parsers/readers.py", line 620, in _read
    parser = TextFileReader(filepath_or_buffer, **kwds)
             ^^^^^^^^^^^^^^^^^^^^^^^^^^^^^^^^^^^^^^^^^^
  File "/usr/local/lib/python3.12/dist-packages/pandas/io/parsers/readers.py", line 1620, in __init__
    self._engine = self._make_engine(f, self.engine)
                   ^^^^^^^^^^^^^^^^^^^^^^^^^^^^^^^^^
  File "/usr/local/lib/python3.12/dist-packages/pandas/io/parsers/readers.py", line 1880, in _make_engine
    self.handles = get_handle(
                   ^^^^^^^^^^^
  File "/usr/local/lib/python3.12/dist-packages/pandas/io/common.py", line 873, in get_handle
    handle = open(
             ^^^^^
FileNotFoundError: [Errno 2] No such file or directory: '/fp/homes01/u01/ec-michelec/MIMICIV/data/simulation/X_train_9.csv'
srun: error: gpu-1-74: task 0: Exited with exit code 1
srun: Terminating StepId=72350.0
