The following modules were not unloaded:
  (Use "module --force purge" to unload all):

  1) init-NRIS
INFO:    gocryptfs not found, will not be able to use gocryptfs
/usr/bin/rm: cannot remove '/usr/local/cuda/compat/lib': Read-only file system
rm: cannot remove '/usr/local/cuda/compat/lib': Read-only file system
2026-01-20 15:09:46,611: Arguments:
2026-01-20 15:09:46,611:   batch_size: 64
2026-01-20 15:09:46,612:   epochs: 30
2026-01-20 15:09:46,612:   fractions: 0.01,0.10,0.30,0.50,0.75,1.0
2026-01-20 15:09:46,612:   label_column: label
2026-01-20 15:09:46,612:   models: all
2026-01-20 15:09:46,612:   no_search: False
2026-01-20 15:09:46,612:   number_to_use: 9
2026-01-20 15:09:46,612:   optimal: True
2026-01-20 15:09:46,612:   output_dir: results
2026-01-20 15:09:46,612:   path_csv: /fp/homes01/u01/ec-michelec/MIMICIV/data/simulation/
2026-01-20 15:09:46,612:   patience: 5
2026-01-20 15:09:46,613:   seed: 42
2026-01-20 15:09:46,613:   sequence_column: Sequences
2026-01-20 15:09:46,613:   sequence_separator: 
2026-01-20 15:09:46,793: Using device: cuda
2026-01-20 15:09:46,794: Loading data from: /fp/homes01/u01/ec-michelec/MIMICIV/data/simulation/
Traceback (most recent call last):
  File "/cluster/home/michechi/MIMICIV/src/DL_TR_baselines_experiment.py", line 1130, in <module>
    results_df = run_fraction_experiment(args)
                 ^^^^^^^^^^^^^^^^^^^^^^^^^^^^^
  File "/cluster/home/michechi/MIMICIV/src/DL_TR_baselines_experiment.py", line 937, in run_fraction_experiment
    test_sequences, test_labels) = load_data(args)
                                   ^^^^^^^^^^^^^^^
  File "/cluster/home/michechi/MIMICIV/src/DL_TR_baselines_experiment.py", line 861, in load_data
    X_train = pd.read_csv(
              ^^^^^^^^^^^^
  File "/usr/local/lib/python3.12/dist-packages/pandas/io/parsers/readers.py", line 1026, in read_csv
    return _read(filepath_or_buffer, kwds)
           ^^^^^^^^^^^^^^^^^^^^^^^^^^^^^^^
  File "/usr/local/lib/python3.12/dist-packages/pandas/io/parsers/readers.py", line 620, in _read
    parser = TextFileReader(filepath_or_buffer, **kwds)
             ^^^^^^^^^^^^^^^^^^^^^^^^^^^^^^^^^^^^^^^^^^
  File "/usr/local/lib/python3.12/dist-packages/pandas/io/parsers/readers.py", line 1620, in __init__
    self._engine = self._make_engine(f, self.engine)
                   ^^^^^^^^^^^^^^^^^^^^^^^^^^^^^^^^^
  File "/usr/local/lib/python3.12/dist-packages/pandas/io/parsers/readers.py", line 1880, in _make_engine
    self.handles = get_handle(
                   ^^^^^^^^^^^
  File "/usr/local/lib/python3.12/dist-packages/pandas/io/common.py", line 873, in get_handle
    handle = open(
             ^^^^^
FileNotFoundError: [Errno 2] No such file or directory: '/fp/homes01/u01/ec-michelec/MIMICIV/data/simulation/X_train_9.csv'
srun: error: gpu-1-73: task 0: Exited with exit code 1
srun: Terminating StepId=90717.0
