The following modules were not unloaded:
  (Use "module --force purge" to unload all):

  1) init-NRIS
INFO:    gocryptfs not found, will not be able to use gocryptfs
/usr/bin/rm: cannot remove '/usr/local/cuda/compat/lib': Read-only file system
rm: cannot remove '/usr/local/cuda/compat/lib': Read-only file system
2026-01-22 10:53:36,963: Arguments:
2026-01-22 10:53:36,963:   batch_size: 64
2026-01-22 10:53:36,963:   epochs: 30
2026-01-22 10:53:36,963:   fractions: 0.01,0.10,0.30,0.50,0.75,1.0
2026-01-22 10:53:36,963:   label_column: Outcome
2026-01-22 10:53:36,963:   models: RNNTransformer
2026-01-22 10:53:36,964:   no_search: False
2026-01-22 10:53:36,964:   number_to_use: 9
2026-01-22 10:53:36,964:   optimal: True
2026-01-22 10:53:36,964:   output_dir: results
2026-01-22 10:53:36,964:   path_csv: /cluster/home/michechi/MIMICIV/data/simulation/tested/
2026-01-22 10:53:36,964:   patience: 2
2026-01-22 10:53:36,964:   seed: 2234
2026-01-22 10:53:36,964:   sequence_column: Sequences
2026-01-22 10:53:36,964:   sequence_separator: 
2026-01-22 10:53:37,520: Using device: cuda
2026-01-22 10:53:37,521: Loading data from: /cluster/home/michechi/MIMICIV/data/simulation/tested/
2026-01-22 10:53:38,489: Data loaded - Train: 400000, Val: 50000, Test: 50000
2026-01-22 10:53:38,517: Maximum sequence length: 20
2026-01-22 10:53:38,518: Testing fractions: [0.01, 0.1, 0.3, 0.5, 0.75, 1.0]
2026-01-22 10:53:38,518: Models to train: ['RNNTransformer']
2026-01-22 10:53:38,518: Using OPTIMAL configurations
2026-01-22 10:53:38,518: 
======================================================================
2026-01-22 10:53:38,518: MODEL: RNNTransformer
2026-01-22 10:53:38,519: ======================================================================
2026-01-22 10:53:38,519: --------------------------------------------------
2026-01-22 10:53:38,519: Training RNNTransformer with 1% of training data
2026-01-22 10:53:38,519: --------------------------------------------------
2026-01-22 10:53:38,596: Training subset size: 4000
2026-01-22 10:53:49,077:   Early stopping at epoch 3
2026-01-22 10:53:51,100: RNNTransformer @ 1% - Test AUC: 0.5183, Test F1: 0.0251, Precision: 0.4487, Recall: 0.0129, Time: 12.6s
2026-01-22 10:53:51,101:   Confusion Matrix: TN=28664, FP=333, FN=20732, TP=271
2026-01-22 10:53:51,180: --------------------------------------------------
2026-01-22 10:53:51,181: Training RNNTransformer with 10% of training data
2026-01-22 10:53:51,181: --------------------------------------------------
2026-01-22 10:53:51,266: Training subset size: 40000
2026-01-22 10:54:27,533:   Epoch [5/30] Train Loss: 0.6692, Val F1: 0.2672, Val AUC: 0.5889
2026-01-22 10:54:27,533:   Early stopping at epoch 5
2026-01-22 10:54:29,585: RNNTransformer @ 10% - Test AUC: 0.5825, Test F1: 0.2796, Precision: 0.5518, Recall: 0.1873, Time: 38.4s
2026-01-22 10:54:29,585:   Confusion Matrix: TN=25803, FP=3194, FN=17070, TP=3933
2026-01-22 10:54:29,671: --------------------------------------------------
2026-01-22 10:54:29,672: Training RNNTransformer with 30% of training data
2026-01-22 10:54:29,672: --------------------------------------------------
2026-01-22 10:54:29,756: Training subset size: 120000
2026-01-22 10:55:59,995:   Epoch [5/30] Train Loss: 0.6665, Val F1: 0.4140, Val AUC: 0.5993
2026-01-22 10:56:36,512:   Early stopping at epoch 7
2026-01-22 10:56:38,586: RNNTransformer @ 30% - Test AUC: 0.5970, Test F1: 0.4130, Precision: 0.5339, Recall: 0.3368, Time: 128.9s
2026-01-22 10:56:38,587:   Confusion Matrix: TN=22821, FP=6176, FN=13930, TP=7073
2026-01-22 10:56:38,676: --------------------------------------------------
2026-01-22 10:56:38,677: Training RNNTransformer with 50% of training data
2026-01-22 10:56:38,677: --------------------------------------------------
2026-01-22 10:56:38,763: Training subset size: 200000
2026-01-22 10:58:06,396:   Early stopping at epoch 3
2026-01-22 10:58:08,475: RNNTransformer @ 50% - Test AUC: 0.5900, Test F1: 0.3207, Precision: 0.5475, Recall: 0.2267, Time: 89.8s
2026-01-22 10:58:08,475:   Confusion Matrix: TN=25061, FP=3936, FN=16241, TP=4762
2026-01-22 10:58:08,565: --------------------------------------------------
2026-01-22 10:58:08,566: Training RNNTransformer with 75% of training data
2026-01-22 10:58:08,566: --------------------------------------------------
2026-01-22 10:58:08,654: Training subset size: 300000
2026-01-22 11:00:17,816:   Early stopping at epoch 3
2026-01-22 11:00:19,883: RNNTransformer @ 75% - Test AUC: 0.5908, Test F1: 0.4193, Precision: 0.5199, Recall: 0.3512, Time: 131.3s
2026-01-22 11:00:19,883:   Confusion Matrix: TN=22186, FP=6811, FN=13626, TP=7377
2026-01-22 11:00:19,975: --------------------------------------------------
2026-01-22 11:00:19,975: Training RNNTransformer with 100% of training data
2026-01-22 11:00:19,975: --------------------------------------------------
2026-01-22 11:00:19,977: Training subset size: 400000
2026-01-22 11:05:04,557:   Epoch [5/30] Train Loss: 0.6594, Val F1: 0.5146, Val AUC: 0.6408
2026-01-22 11:09:52,083:   Epoch [10/30] Train Loss: 0.6309, Val F1: 0.5769, Val AUC: 0.6664
2026-01-22 11:11:47,198:   Early stopping at epoch 12
2026-01-22 11:11:49,310: RNNTransformer @ 100% - Test AUC: 0.6664, Test F1: 0.5783, Precision: 0.6476, Recall: 0.5223, Time: 689.3s
2026-01-22 11:11:49,310:   Confusion Matrix: TN=23028, FP=5969, FN=10033, TP=10970
2026-01-22 11:11:49,407: 
Results saved to: results/dl_fraction_experiment_9_OPTIMAL_20260122_111149.csv
2026-01-22 11:11:49,409: Detailed results saved to: results/dl_fraction_experiment_9_OPTIMAL_20260122_111149.json
2026-01-22 11:11:49,409: 
======================================================================
2026-01-22 11:11:49,409: EXPERIMENT SUMMARY
2026-01-22 11:11:49,409: ======================================================================
2026-01-22 11:11:49,409: 
RNNTransformer:
2026-01-22 11:11:49,409: Fraction   Train N    Test AUC   Test F1    Precision  Recall    
2026-01-22 11:11:49,409: ------------------------------------------------------------
2026-01-22 11:11:49,409:      1%    4000       0.5183     0.0251     0.4487     0.0129    
2026-01-22 11:11:49,410:     10%    40000      0.5825     0.2796     0.5518     0.1873    
2026-01-22 11:11:49,410:     30%    120000     0.5970     0.4130     0.5339     0.3368    
2026-01-22 11:11:49,410:     50%    200000     0.5900     0.3207     0.5475     0.2267    
2026-01-22 11:11:49,410:     75%    300000     0.5908     0.4193     0.5199     0.3512    
2026-01-22 11:11:49,410:    100%    400000     0.6664     0.5783     0.6476     0.5223    
