Starting job 93426 on gpu-1-67 on Olivia at Wed Jan 21 16:54:53 CET 2026

=== JOB CONFIGURATION ===
Job ID: 93426
Node: gpu-1-67
Permanent Cache: /cluster/work/projects/nn12048k/michechi/cache
=== STARTING CONTAINER ===
Container: /cluster/work/projects/nn12048k/michechi/extended-pytorch/extended-pytorch.sif
Environment: HUGGING_FACE_HUB_TOKEN=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,HF_HOME=/cluster/work/projects/nn12048k/michechi/cache,HF_DATASETS_CACHE=/cluster/work/projects/nn12048k/michechi/cache,XDG_CACHE_HOME=/cluster/work/projects/nn12048k/michechi/cache,PYTHONUNBUFFERED=1
=== JOB FINISHED ===
Exit code: 0
Cache permanente mantenuta in: /cluster/work/projects/nn12048k/michechi/cache

Job 93426 consumed 0.0 billing hours and 0.7 GPU hours from project nn12048k.

Submitted 2026-01-21T16:54:47; waited 5.0 seconds in the queue after becoming eligible to run.

Requested wallclock time: 15.0 hours
Elapsed wallclock time:   42.6 minutes

Job exited normally.

Task and CPU statistics:
ID               CPUs  Tasks  CPU util                Start   Elapsed  Exit status
93426               1            0.0 %  2026-01-21T16:54:52  2556.0 s  0
93426.batch         1      1     0.0 %  2026-01-21T16:54:52  2556.0 s  0
93426.apptainer     1      1     0.0 %  2026-01-21T16:54:53  2555.0 s  0

Used CPU time:   0.2 CPU seconds
Unused CPU time: 42.6 CPU minutes

Memory statistics, in GiB:
ID                Alloc   Usage
93426              40.0        
93426.batch        40.0     0.0
93426.apptainer    40.0     3.4

Job 93426 completed at Wed Jan 21 17:37:28 CET 2026
