The following modules were not unloaded:
  (Use "module --force purge" to unload all):

  1) init-NRIS
INFO:    gocryptfs not found, will not be able to use gocryptfs
/usr/bin/rm: cannot remove '/usr/local/cuda/compat/lib': Read-only file system
rm: cannot remove '/usr/local/cuda/compat/lib': Read-only file system
2026-01-20 17:01:17,199: Arguments:
2026-01-20 17:01:17,200:   batch_size: 64
2026-01-20 17:01:17,200:   epochs: 30
2026-01-20 17:01:17,200:   fractions: 0.01,0.10,0.30,0.50,0.75,1.0
2026-01-20 17:01:17,200:   label_column: Outcome
2026-01-20 17:01:17,200:   models: all
2026-01-20 17:01:17,200:   no_search: False
2026-01-20 17:01:17,201:   number_to_use: test_just_pair
2026-01-20 17:01:17,201:   optimal: True
2026-01-20 17:01:17,201:   output_dir: results
2026-01-20 17:01:17,201:   path_csv: /cluster/home/michechi/MIMICIV/data/simulation/tested/
2026-01-20 17:01:17,201:   patience: 5
2026-01-20 17:01:17,201:   seed: 42
2026-01-20 17:01:17,201:   sequence_column: Sequences
2026-01-20 17:01:17,201:   sequence_separator: 
2026-01-20 17:01:17,560: Using device: cuda
2026-01-20 17:01:17,561: Loading data from: /cluster/home/michechi/MIMICIV/data/simulation/tested/
2026-01-20 17:01:19,175: Data loaded - Train: 800000, Val: 100000, Test: 100000
2026-01-20 17:01:19,231: Maximum sequence length: 20
2026-01-20 17:01:19,233: Testing fractions: [0.01, 0.1, 0.3, 0.5, 0.75, 1.0]
2026-01-20 17:01:19,233: Models to train: ['MLP', 'CNN1D', 'Transformer', 'LSTM', 'BiLSTM', 'GRU', 'RNNTransformer']
2026-01-20 17:01:19,233: Using OPTIMAL configurations
2026-01-20 17:01:19,233: 
======================================================================
2026-01-20 17:01:19,233: MODEL: MLP
2026-01-20 17:01:19,233: ======================================================================
2026-01-20 17:01:19,233: --------------------------------------------------
2026-01-20 17:01:19,234: Training MLP with 1% of training data
2026-01-20 17:01:19,234: --------------------------------------------------
2026-01-20 17:01:19,408: Training subset size: 8000
2026-01-20 17:10:40,182:   Epoch [5/30] Train Loss: 0.2836, Val F1: 0.5157, Val AUC: 0.4994
2026-01-20 17:14:23,744:   Early stopping at epoch 7
2026-01-20 17:16:07,476: MLP @ 1% - Test AUC: 0.4974, Test F1: 0.5493, Precision: 0.5001, Recall: 0.6092, Time: 888.2s
2026-01-20 17:16:07,476:   Confusion Matrix: TN=19338, FP=30527, FN=19595, TP=30540
2026-01-20 17:16:07,572: --------------------------------------------------
2026-01-20 17:16:07,572: Training MLP with 10% of training data
2026-01-20 17:16:07,572: --------------------------------------------------
2026-01-20 17:16:07,758: Training subset size: 80000
2026-01-20 17:31:47,689:   Epoch [5/30] Train Loss: 0.6362, Val F1: 0.4658, Val AUC: 0.4966
2026-01-20 17:38:02,540:   Early stopping at epoch 7
2026-01-20 17:39:45,784: MLP @ 10% - Test AUC: 0.5027, Test F1: 0.5192, Precision: 0.5032, Recall: 0.5363, Time: 1418.2s
2026-01-20 17:39:45,785:   Confusion Matrix: TN=23314, FP=26551, FN=23246, TP=26889
2026-01-20 17:39:45,881: --------------------------------------------------
2026-01-20 17:39:45,881: Training MLP with 30% of training data
2026-01-20 17:39:45,881: --------------------------------------------------
2026-01-20 17:39:46,065: Training subset size: 240000
2026-01-20 18:09:29,464:   Epoch [5/30] Train Loss: 0.6931, Val F1: 0.6622, Val AUC: 0.4997
2026-01-20 18:27:18,860:   Early stopping at epoch 8
2026-01-20 18:29:02,580: MLP @ 30% - Test AUC: 0.5002, Test F1: 0.6638, Precision: 0.5013, Recall: 0.9823, Time: 2956.7s
2026-01-20 18:29:02,581:   Confusion Matrix: TN=868, FP=48997, FN=885, TP=49250
2026-01-20 18:29:02,683: --------------------------------------------------
2026-01-20 18:29:02,684: Training MLP with 50% of training data
2026-01-20 18:29:02,684: --------------------------------------------------
2026-01-20 18:29:02,872: Training subset size: 400000
2026-01-20 19:12:49,769:   Epoch [5/30] Train Loss: 0.6932, Val F1: 0.0000, Val AUC: 0.5000
2026-01-20 19:30:19,282:   Early stopping at epoch 7
2026-01-20 19:32:02,765: MLP @ 50% - Test AUC: 0.5018, Test F1: 0.4144, Precision: 0.5035, Recall: 0.3521, Time: 3780.1s
2026-01-20 19:32:02,765:   Confusion Matrix: TN=32461, FP=17404, FN=32483, TP=17652
2026-01-20 19:32:02,869: --------------------------------------------------
2026-01-20 19:32:02,869: Training MLP with 75% of training data
2026-01-20 19:32:02,869: --------------------------------------------------
2026-01-20 19:32:03,061: Training subset size: 600000
2026-01-20 20:33:30,892:   Epoch [5/30] Train Loss: 0.6932, Val F1: 0.6682, Val AUC: 0.5000
2026-01-20 21:22:33,501:   Early stopping at epoch 9
2026-01-20 21:24:17,129: MLP @ 75% - Test AUC: 0.5000, Test F1: 0.6679, Precision: 0.5013, Recall: 1.0000, Time: 6734.3s
2026-01-20 21:24:17,129:   Confusion Matrix: TN=0, FP=49865, FN=0, TP=50135
2026-01-20 21:24:17,240: --------------------------------------------------
2026-01-20 21:24:17,240: Training MLP with 100% of training data
2026-01-20 21:24:17,240: --------------------------------------------------
2026-01-20 21:24:17,245: Training subset size: 800000
2026-01-20 22:43:15,193:   Epoch [5/30] Train Loss: 0.6932, Val F1: 0.0000, Val AUC: 0.5000
2026-01-20 22:59:02,234:   Early stopping at epoch 6
2026-01-20 23:00:45,991: MLP @ 100% - Test AUC: 0.4999, Test F1: 0.0002, Precision: 0.8571, Recall: 0.0001, Time: 5788.7s
2026-01-20 23:00:45,991:   Confusion Matrix: TN=49864, FP=1, FN=50129, TP=6
2026-01-20 23:00:46,094: 
======================================================================
2026-01-20 23:00:46,095: MODEL: CNN1D
2026-01-20 23:00:46,095: ======================================================================
2026-01-20 23:00:46,095: --------------------------------------------------
2026-01-20 23:00:46,095: Training CNN1D with 1% of training data
2026-01-20 23:00:46,095: --------------------------------------------------
2026-01-20 23:00:46,282: Training subset size: 8000
2026-01-20 23:01:00,020:   Epoch [5/30] Train Loss: 0.6180, Val F1: 0.6464, Val AUC: 0.4969
2026-01-20 23:01:05,270:   Early stopping at epoch 7
2026-01-20 23:01:07,570: CNN1D @ 1% - Test AUC: 0.4993, Test F1: 0.6648, Precision: 0.5013, Recall: 0.9866, Time: 21.5s
2026-01-20 23:01:07,570:   Confusion Matrix: TN=659, FP=49206, FN=673, TP=49462
2026-01-20 23:01:07,663: --------------------------------------------------
2026-01-20 23:01:07,664: Training CNN1D with 10% of training data
2026-01-20 23:01:07,664: --------------------------------------------------
2026-01-20 23:01:07,849: Training subset size: 80000
2026-01-20 23:01:37,451:   Epoch [5/30] Train Loss: 0.6939, Val F1: 0.4648, Val AUC: 0.4999
2026-01-20 23:01:55,215:   Early stopping at epoch 8
2026-01-20 23:01:57,519: CNN1D @ 10% - Test AUC: 0.5020, Test F1: 0.6511, Precision: 0.5018, Recall: 0.9270, Time: 49.9s
2026-01-20 23:01:57,519:   Confusion Matrix: TN=3723, FP=46142, FN=3658, TP=46477
2026-01-20 23:01:57,613: --------------------------------------------------
2026-01-20 23:01:57,613: Training CNN1D with 30% of training data
2026-01-20 23:01:57,613: --------------------------------------------------
2026-01-20 23:01:57,797: Training subset size: 240000
2026-01-20 23:03:04,064:   Epoch [5/30] Train Loss: 0.6932, Val F1: 0.0531, Val AUC: 0.4984
2026-01-20 23:04:10,213:   Epoch [10/30] Train Loss: 0.6932, Val F1: 0.0013, Val AUC: 0.4994
2026-01-20 23:04:49,955:   Early stopping at epoch 13
2026-01-20 23:04:52,258: CNN1D @ 30% - Test AUC: 0.5001, Test F1: 0.6678, Precision: 0.5014, Recall: 0.9998, Time: 174.6s
2026-01-20 23:04:52,258:   Confusion Matrix: TN=14, FP=49851, FN=9, TP=50126
2026-01-20 23:04:52,357: --------------------------------------------------
2026-01-20 23:04:52,358: Training CNN1D with 50% of training data
2026-01-20 23:04:52,358: --------------------------------------------------
2026-01-20 23:04:52,543: Training subset size: 400000
2026-01-20 23:06:35,871:   Epoch [5/30] Train Loss: 0.6932, Val F1: 0.0087, Val AUC: 0.5001
2026-01-20 23:07:17,103:   Early stopping at epoch 7
2026-01-20 23:07:19,408: CNN1D @ 50% - Test AUC: 0.4975, Test F1: 0.6674, Precision: 0.5013, Recall: 0.9982, Time: 147.0s
2026-01-20 23:07:19,408:   Confusion Matrix: TN=87, FP=49778, FN=92, TP=50043
2026-01-20 23:07:19,510: --------------------------------------------------
2026-01-20 23:07:19,511: Training CNN1D with 75% of training data
2026-01-20 23:07:19,511: --------------------------------------------------
2026-01-20 23:07:19,700: Training subset size: 600000
2026-01-20 23:09:48,896:   Epoch [5/30] Train Loss: 0.6932, Val F1: 0.0007, Val AUC: 0.4999
2026-01-20 23:12:18,286:   Epoch [10/30] Train Loss: 0.6932, Val F1: 0.6682, Val AUC: 0.5000
2026-01-20 23:14:47,519:   Epoch [15/30] Train Loss: 0.6932, Val F1: 0.0000, Val AUC: 0.5000
2026-01-20 23:14:47,519:   Early stopping at epoch 15
2026-01-20 23:14:49,819: CNN1D @ 75% - Test AUC: 0.5000, Test F1: 0.6679, Precision: 0.5014, Recall: 1.0000, Time: 450.3s
2026-01-20 23:14:49,820:   Confusion Matrix: TN=1, FP=49864, FN=0, TP=50135
2026-01-20 23:14:49,928: --------------------------------------------------
2026-01-20 23:14:49,928: Training CNN1D with 100% of training data
2026-01-20 23:14:49,928: --------------------------------------------------
2026-01-20 23:14:49,933: Training subset size: 800000
2026-01-20 23:18:05,954:   Epoch [5/30] Train Loss: 0.6932, Val F1: 0.6680, Val AUC: 0.5000
2026-01-20 23:21:22,184:   Epoch [10/30] Train Loss: 0.6932, Val F1: 0.6682, Val AUC: 0.4999
2026-01-20 23:24:38,031:   Epoch [15/30] Train Loss: 0.6932, Val F1: 0.0001, Val AUC: 0.5001
2026-01-20 23:24:38,031:   Early stopping at epoch 15
2026-01-20 23:24:40,342: CNN1D @ 100% - Test AUC: 0.5000, Test F1: 0.6679, Precision: 0.5013, Recall: 1.0000, Time: 590.4s
2026-01-20 23:24:40,342:   Confusion Matrix: TN=0, FP=49865, FN=0, TP=50135
2026-01-20 23:24:40,447: 
======================================================================
2026-01-20 23:24:40,447: MODEL: Transformer
2026-01-20 23:24:40,447: ======================================================================
2026-01-20 23:24:40,447: --------------------------------------------------
2026-01-20 23:24:40,447: Training Transformer with 1% of training data
2026-01-20 23:24:40,448: --------------------------------------------------
2026-01-20 23:24:40,632: Training subset size: 8000
2026-01-20 23:25:03,476:   Epoch [5/30] Train Loss: 0.6948, Val F1: 0.0959, Val AUC: 0.4993
2026-01-20 23:25:21,526:   Early stopping at epoch 9
2026-01-20 23:25:25,162: Transformer @ 1% - Test AUC: 0.4981, Test F1: 0.6626, Precision: 0.5014, Recall: 0.9764, Time: 44.7s
2026-01-20 23:25:25,162:   Confusion Matrix: TN=1193, FP=48672, FN=1184, TP=48951
2026-01-20 23:25:25,264: --------------------------------------------------
2026-01-20 23:25:25,265: Training Transformer with 10% of training data
2026-01-20 23:25:25,265: --------------------------------------------------
2026-01-20 23:25:25,450: Training subset size: 80000
2026-01-20 23:26:29,702:   Epoch [5/30] Train Loss: 0.6936, Val F1: 0.6682, Val AUC: 0.5011
2026-01-20 23:26:42,562:   Early stopping at epoch 6
2026-01-20 23:26:46,195: Transformer @ 10% - Test AUC: 0.4995, Test F1: 0.6679, Precision: 0.5013, Recall: 1.0000, Time: 80.9s
2026-01-20 23:26:46,195:   Confusion Matrix: TN=0, FP=49865, FN=0, TP=50135
2026-01-20 23:26:46,287: --------------------------------------------------
2026-01-20 23:26:46,288: Training Transformer with 30% of training data
2026-01-20 23:26:46,288: --------------------------------------------------
2026-01-20 23:26:46,470: Training subset size: 240000
2026-01-20 23:29:23,842:   Epoch [5/30] Train Loss: 0.6932, Val F1: 0.6681, Val AUC: 0.5021
2026-01-20 23:30:26,813:   Early stopping at epoch 7
2026-01-20 23:30:30,466: Transformer @ 30% - Test AUC: 0.5028, Test F1: 0.6679, Precision: 0.5013, Recall: 1.0000, Time: 224.2s
2026-01-20 23:30:30,466:   Confusion Matrix: TN=0, FP=49865, FN=0, TP=50135
2026-01-20 23:30:30,566: --------------------------------------------------
2026-01-20 23:30:30,566: Training Transformer with 50% of training data
2026-01-20 23:30:30,566: --------------------------------------------------
2026-01-20 23:30:30,752: Training subset size: 400000
2026-01-20 23:34:42,227:   Epoch [5/30] Train Loss: 0.6932, Val F1: 0.3143, Val AUC: 0.5038
2026-01-20 23:36:23,020:   Early stopping at epoch 7
2026-01-20 23:36:26,654: Transformer @ 50% - Test AUC: 0.5008, Test F1: 0.6679, Precision: 0.5013, Recall: 1.0000, Time: 356.1s
2026-01-20 23:36:26,654:   Confusion Matrix: TN=0, FP=49865, FN=0, TP=50135
2026-01-20 23:36:26,759: --------------------------------------------------
2026-01-20 23:36:26,759: Training Transformer with 75% of training data
2026-01-20 23:36:26,759: --------------------------------------------------
2026-01-20 23:36:26,951: Training subset size: 600000
2026-01-20 23:42:35,913:   Epoch [5/30] Train Loss: 0.6933, Val F1: 0.0000, Val AUC: 0.5007
2026-01-20 23:46:17,445:   Early stopping at epoch 8
2026-01-20 23:46:21,102: Transformer @ 75% - Test AUC: 0.5019, Test F1: 0.6679, Precision: 0.5013, Recall: 1.0000, Time: 594.3s
2026-01-20 23:46:21,102:   Confusion Matrix: TN=0, FP=49865, FN=0, TP=50135
2026-01-20 23:46:21,210: --------------------------------------------------
2026-01-20 23:46:21,211: Training Transformer with 100% of training data
2026-01-20 23:46:21,211: --------------------------------------------------
2026-01-20 23:46:21,216: Training subset size: 800000
2026-01-20 23:54:27,121:   Epoch [5/30] Train Loss: 0.6933, Val F1: 0.6682, Val AUC: 0.5031
2026-01-20 23:59:19,307:   Early stopping at epoch 8
2026-01-20 23:59:22,967: Transformer @ 100% - Test AUC: 0.5005, Test F1: 0.6679, Precision: 0.5013, Recall: 1.0000, Time: 781.8s
2026-01-20 23:59:22,968:   Confusion Matrix: TN=0, FP=49865, FN=0, TP=50135
2026-01-20 23:59:23,070: 
======================================================================
2026-01-20 23:59:23,071: MODEL: LSTM
2026-01-20 23:59:23,071: ======================================================================
2026-01-20 23:59:23,071: --------------------------------------------------
2026-01-20 23:59:23,071: Training LSTM with 1% of training data
2026-01-20 23:59:23,072: --------------------------------------------------
2026-01-20 23:59:23,259: Training subset size: 8000
2026-01-20 23:59:34,865:   Epoch [5/30] Train Loss: 0.6888, Val F1: 0.4023, Val AUC: 0.5010
2026-01-20 23:59:37,137:   Early stopping at epoch 6
2026-01-20 23:59:39,143: LSTM @ 1% - Test AUC: 0.4969, Test F1: 0.6179, Precision: 0.5018, Recall: 0.8037, Time: 16.1s
2026-01-20 23:59:39,143:   Confusion Matrix: TN=9864, FP=40001, FN=9839, TP=40296
2026-01-20 23:59:39,233: --------------------------------------------------
2026-01-20 23:59:39,234: Training LSTM with 10% of training data
2026-01-20 23:59:39,234: --------------------------------------------------
2026-01-20 23:59:39,417: Training subset size: 80000
2026-01-21 00:00:05,032:   Epoch [5/30] Train Loss: 0.6927, Val F1: 0.4460, Val AUC: 0.5037
2026-01-21 00:00:25,558:   Early stopping at epoch 9
2026-01-21 00:00:27,542: LSTM @ 10% - Test AUC: 0.4992, Test F1: 0.6572, Precision: 0.5012, Recall: 0.9541, Time: 48.3s
2026-01-21 00:00:27,542:   Confusion Matrix: TN=2254, FP=47611, FN=2299, TP=47836
2026-01-21 00:00:27,636: --------------------------------------------------
2026-01-21 00:00:27,637: Training LSTM with 30% of training data
2026-01-21 00:00:27,637: --------------------------------------------------
2026-01-21 00:00:27,821: Training subset size: 240000
2026-01-21 00:01:25,681:   Epoch [5/30] Train Loss: 0.6932, Val F1: 0.0000, Val AUC: 0.5005
2026-01-21 00:01:48,869:   Early stopping at epoch 7
2026-01-21 00:01:50,883: LSTM @ 30% - Test AUC: 0.5006, Test F1: 0.6679, Precision: 0.5013, Recall: 1.0000, Time: 83.2s
2026-01-21 00:01:50,883:   Confusion Matrix: TN=0, FP=49865, FN=0, TP=50135
2026-01-21 00:01:50,981: --------------------------------------------------
2026-01-21 00:01:50,981: Training LSTM with 50% of training data
2026-01-21 00:01:50,981: --------------------------------------------------
2026-01-21 00:01:51,167: Training subset size: 400000
2026-01-21 00:03:21,724:   Epoch [5/30] Train Loss: 0.6932, Val F1: 0.0000, Val AUC: 0.5015
2026-01-21 00:03:58,039:   Early stopping at epoch 7
2026-01-21 00:04:00,064: LSTM @ 50% - Test AUC: 0.4995, Test F1: 0.6679, Precision: 0.5013, Recall: 1.0000, Time: 129.1s
2026-01-21 00:04:00,064:   Confusion Matrix: TN=0, FP=49865, FN=0, TP=50135
2026-01-21 00:04:00,166: --------------------------------------------------
2026-01-21 00:04:00,167: Training LSTM with 75% of training data
2026-01-21 00:04:00,167: --------------------------------------------------
2026-01-21 00:04:00,357: Training subset size: 600000
2026-01-21 00:06:11,943:   Epoch [5/30] Train Loss: 0.6933, Val F1: 0.6682, Val AUC: 0.5017
2026-01-21 00:06:38,287:   Early stopping at epoch 6
2026-01-21 00:06:40,328: LSTM @ 75% - Test AUC: 0.5020, Test F1: 0.6679, Precision: 0.5013, Recall: 1.0000, Time: 160.2s
2026-01-21 00:06:40,329:   Confusion Matrix: TN=0, FP=49865, FN=0, TP=50135
2026-01-21 00:06:40,435: --------------------------------------------------
2026-01-21 00:06:40,435: Training LSTM with 100% of training data
2026-01-21 00:06:40,435: --------------------------------------------------
2026-01-21 00:06:40,440: Training subset size: 800000
2026-01-21 00:09:33,462:   Epoch [5/30] Train Loss: 0.6932, Val F1: 0.6682, Val AUC: 0.4984
2026-01-21 00:11:18,419:   Early stopping at epoch 8
2026-01-21 00:11:20,492: LSTM @ 100% - Test AUC: 0.5000, Test F1: 0.6679, Precision: 0.5013, Recall: 1.0000, Time: 280.1s
2026-01-21 00:11:20,493:   Confusion Matrix: TN=0, FP=49865, FN=0, TP=50135
2026-01-21 00:11:20,594: 
======================================================================
2026-01-21 00:11:20,595: MODEL: BiLSTM
2026-01-21 00:11:20,595: ======================================================================
2026-01-21 00:11:20,595: --------------------------------------------------
2026-01-21 00:11:20,595: Training BiLSTM with 1% of training data
2026-01-21 00:11:20,595: --------------------------------------------------
2026-01-21 00:11:20,783: Training subset size: 8000
2026-01-21 00:11:34,415:   Epoch [5/30] Train Loss: 0.6858, Val F1: 0.5849, Val AUC: 0.5013
2026-01-21 00:11:47,913:   Epoch [10/30] Train Loss: 0.4536, Val F1: 0.4915, Val AUC: 0.5016
2026-01-21 00:11:47,913:   Early stopping at epoch 10
2026-01-21 00:11:50,264: BiLSTM @ 1% - Test AUC: 0.4995, Test F1: 0.5816, Precision: 0.5007, Recall: 0.6936, Time: 29.7s
2026-01-21 00:11:50,264:   Confusion Matrix: TN=15190, FP=34675, FN=15362, TP=34773
2026-01-21 00:11:50,356: --------------------------------------------------
2026-01-21 00:11:50,357: Training BiLSTM with 10% of training data
2026-01-21 00:11:50,357: --------------------------------------------------
2026-01-21 00:11:50,543: Training subset size: 80000
2026-01-21 00:12:22,147:   Epoch [5/30] Train Loss: 0.6929, Val F1: 0.3948, Val AUC: 0.5001
2026-01-21 00:12:41,029:   Early stopping at epoch 8
2026-01-21 00:12:43,375: BiLSTM @ 10% - Test AUC: 0.5003, Test F1: 0.6663, Precision: 0.5013, Recall: 0.9930, Time: 53.0s
2026-01-21 00:12:43,375:   Confusion Matrix: TN=344, FP=49521, FN=350, TP=49785
2026-01-21 00:12:43,471: --------------------------------------------------
2026-01-21 00:12:43,472: Training BiLSTM with 30% of training data
2026-01-21 00:12:43,472: --------------------------------------------------
2026-01-21 00:12:43,659: Training subset size: 240000
2026-01-21 00:13:55,605:   Epoch [5/30] Train Loss: 0.6932, Val F1: 0.6682, Val AUC: 0.4977
2026-01-21 00:14:52,849:   Early stopping at epoch 9
2026-01-21 00:14:55,197: BiLSTM @ 30% - Test AUC: 0.5011, Test F1: 0.6679, Precision: 0.5013, Recall: 1.0000, Time: 131.7s
2026-01-21 00:14:55,197:   Confusion Matrix: TN=0, FP=49865, FN=0, TP=50135
2026-01-21 00:14:55,310: --------------------------------------------------
2026-01-21 00:14:55,310: Training BiLSTM with 50% of training data
2026-01-21 00:14:55,310: --------------------------------------------------
2026-01-21 00:14:55,497: Training subset size: 400000
2026-01-21 00:16:48,010:   Epoch [5/30] Train Loss: 0.6932, Val F1: 0.0000, Val AUC: 0.4990
2026-01-21 00:17:10,583:   Early stopping at epoch 6
2026-01-21 00:17:12,947: BiLSTM @ 50% - Test AUC: 0.5038, Test F1: 0.6679, Precision: 0.5013, Recall: 1.0000, Time: 137.6s
2026-01-21 00:17:12,947:   Confusion Matrix: TN=0, FP=49865, FN=0, TP=50135
2026-01-21 00:17:13,051: --------------------------------------------------
2026-01-21 00:17:13,052: Training BiLSTM with 75% of training data
2026-01-21 00:17:13,052: --------------------------------------------------
2026-01-21 00:17:13,245: Training subset size: 600000
2026-01-21 00:19:57,279:   Epoch [5/30] Train Loss: 0.6932, Val F1: 0.0000, Val AUC: 0.5013
2026-01-21 00:20:30,194:   Early stopping at epoch 6
2026-01-21 00:20:32,550: BiLSTM @ 75% - Test AUC: 0.5025, Test F1: 0.6679, Precision: 0.5013, Recall: 1.0000, Time: 199.5s
2026-01-21 00:20:32,550:   Confusion Matrix: TN=0, FP=49865, FN=0, TP=50135
2026-01-21 00:20:32,658: --------------------------------------------------
2026-01-21 00:20:32,659: Training BiLSTM with 100% of training data
2026-01-21 00:20:32,659: --------------------------------------------------
2026-01-21 00:20:32,663: Training subset size: 800000
2026-01-21 00:24:07,873:   Epoch [5/30] Train Loss: 0.6932, Val F1: 0.6682, Val AUC: 0.4957
2026-01-21 00:27:43,468:   Epoch [10/30] Train Loss: 0.6932, Val F1: 0.6682, Val AUC: 0.5005
2026-01-21 00:29:09,834:   Early stopping at epoch 12
2026-01-21 00:29:12,217: BiLSTM @ 100% - Test AUC: 0.4993, Test F1: 0.6679, Precision: 0.5014, Recall: 1.0000, Time: 519.6s
2026-01-21 00:29:12,218:   Confusion Matrix: TN=2, FP=49863, FN=1, TP=50134
2026-01-21 00:29:12,319: 
======================================================================
2026-01-21 00:29:12,319: MODEL: GRU
2026-01-21 00:29:12,319: ======================================================================
2026-01-21 00:29:12,319: --------------------------------------------------
2026-01-21 00:29:12,319: Training GRU with 1% of training data
2026-01-21 00:29:12,320: --------------------------------------------------
2026-01-21 00:29:12,506: Training subset size: 8000
2026-01-21 00:29:24,118:   Epoch [5/30] Train Loss: 0.6910, Val F1: 0.4016, Val AUC: 0.5014
2026-01-21 00:29:31,031:   Early stopping at epoch 8
2026-01-21 00:29:33,057: GRU @ 1% - Test AUC: 0.4983, Test F1: 0.6364, Precision: 0.5005, Recall: 0.8738, Time: 20.7s
2026-01-21 00:29:33,057:   Confusion Matrix: TN=6138, FP=43727, FN=6326, TP=43809
2026-01-21 00:29:33,146: --------------------------------------------------
2026-01-21 00:29:33,147: Training GRU with 10% of training data
2026-01-21 00:29:33,147: --------------------------------------------------
2026-01-21 00:29:33,330: Training subset size: 80000
2026-01-21 00:29:59,416:   Epoch [5/30] Train Loss: 0.6938, Val F1: 0.1336, Val AUC: 0.5005
2026-01-21 00:30:20,298:   Early stopping at epoch 9
2026-01-21 00:30:22,338: GRU @ 10% - Test AUC: 0.5000, Test F1: 0.6275, Precision: 0.5003, Recall: 0.8414, Time: 49.2s
2026-01-21 00:30:22,339:   Confusion Matrix: TN=7730, FP=42135, FN=7953, TP=42182
2026-01-21 00:30:22,431: --------------------------------------------------
2026-01-21 00:30:22,431: Training GRU with 30% of training data
2026-01-21 00:30:22,431: --------------------------------------------------
2026-01-21 00:30:22,614: Training subset size: 240000
2026-01-21 00:31:21,003:   Epoch [5/30] Train Loss: 0.6939, Val F1: 0.6509, Val AUC: 0.5001
2026-01-21 00:32:19,355:   Epoch [10/30] Train Loss: 0.6932, Val F1: 0.0103, Val AUC: 0.5005
2026-01-21 00:32:42,714:   Early stopping at epoch 12
2026-01-21 00:32:44,760: GRU @ 30% - Test AUC: 0.5000, Test F1: 0.6679, Precision: 0.5013, Recall: 1.0000, Time: 142.3s
2026-01-21 00:32:44,761:   Confusion Matrix: TN=0, FP=49865, FN=0, TP=50135
2026-01-21 00:32:44,858: --------------------------------------------------
2026-01-21 00:32:44,858: Training GRU with 50% of training data
2026-01-21 00:32:44,858: --------------------------------------------------
2026-01-21 00:32:45,046: Training subset size: 400000
2026-01-21 00:34:16,142:   Epoch [5/30] Train Loss: 0.6932, Val F1: 0.0000, Val AUC: 0.5002
2026-01-21 00:35:29,205:   Early stopping at epoch 9
2026-01-21 00:35:31,261: GRU @ 50% - Test AUC: 0.4992, Test F1: 0.6585, Precision: 0.5016, Recall: 0.9581, Time: 166.4s
2026-01-21 00:35:31,261:   Confusion Matrix: TN=2138, FP=47727, FN=2099, TP=48036
2026-01-21 00:35:31,362: --------------------------------------------------
2026-01-21 00:35:31,363: Training GRU with 75% of training data
2026-01-21 00:35:31,363: --------------------------------------------------
2026-01-21 00:35:31,555: Training subset size: 600000
2026-01-21 00:37:43,798:   Epoch [5/30] Train Loss: 0.6932, Val F1: 0.6682, Val AUC: 0.4984
2026-01-21 00:39:29,077:   Early stopping at epoch 9
2026-01-21 00:39:31,128: GRU @ 75% - Test AUC: 0.4974, Test F1: 0.6679, Precision: 0.5013, Recall: 1.0000, Time: 239.8s
2026-01-21 00:39:31,128:   Confusion Matrix: TN=0, FP=49865, FN=0, TP=50135
2026-01-21 00:39:31,235: --------------------------------------------------
2026-01-21 00:39:31,235: Training GRU with 100% of training data
2026-01-21 00:39:31,235: --------------------------------------------------
2026-01-21 00:39:31,240: Training subset size: 800000
2026-01-21 00:42:23,601:   Epoch [5/30] Train Loss: 0.6932, Val F1: 0.6682, Val AUC: 0.4988
2026-01-21 00:44:42,137:   Early stopping at epoch 9
2026-01-21 00:44:44,207: GRU @ 100% - Test AUC: 0.4987, Test F1: 0.6679, Precision: 0.5013, Recall: 1.0000, Time: 313.0s
2026-01-21 00:44:44,207:   Confusion Matrix: TN=0, FP=49865, FN=0, TP=50135
2026-01-21 00:44:44,307: 
======================================================================
2026-01-21 00:44:44,307: MODEL: RNNTransformer
2026-01-21 00:44:44,307: ======================================================================
2026-01-21 00:44:44,307: --------------------------------------------------
2026-01-21 00:44:44,308: Training RNNTransformer with 1% of training data
2026-01-21 00:44:44,308: --------------------------------------------------
2026-01-21 00:44:44,495: Training subset size: 8000
2026-01-21 00:45:08,175:   Epoch [5/30] Train Loss: 0.6956, Val F1: 0.6021, Val AUC: 0.5015
2026-01-21 00:45:12,893:   Early stopping at epoch 6
2026-01-21 00:45:16,736: RNNTransformer @ 1% - Test AUC: 0.5041, Test F1: 0.6677, Precision: 0.5013, Recall: 0.9992, Time: 32.4s
2026-01-21 00:45:16,736:   Confusion Matrix: TN=40, FP=49825, FN=41, TP=50094
2026-01-21 00:45:16,827: --------------------------------------------------
2026-01-21 00:45:16,827: Training RNNTransformer with 10% of training data
2026-01-21 00:45:16,827: --------------------------------------------------
2026-01-21 00:45:17,013: Training subset size: 80000
2026-01-21 00:46:23,092:   Epoch [5/30] Train Loss: 0.6937, Val F1: 0.6670, Val AUC: 0.5018
2026-01-21 00:47:29,111:   Epoch [10/30] Train Loss: 0.6930, Val F1: 0.2522, Val AUC: 0.5001
2026-01-21 00:47:29,112:   Early stopping at epoch 10
2026-01-21 00:47:32,919: RNNTransformer @ 10% - Test AUC: 0.5002, Test F1: 0.6666, Precision: 0.5015, Recall: 0.9940, Time: 136.1s
2026-01-21 00:47:32,919:   Confusion Matrix: TN=325, FP=49540, FN=301, TP=49834
2026-01-21 00:47:33,014: --------------------------------------------------
2026-01-21 00:47:33,015: Training RNNTransformer with 30% of training data
2026-01-21 00:47:33,015: --------------------------------------------------
2026-01-21 00:47:33,202: Training subset size: 240000
2026-01-21 00:50:13,857:   Epoch [5/30] Train Loss: 0.6933, Val F1: 0.2838, Val AUC: 0.5011
2026-01-21 00:50:45,926:   Early stopping at epoch 6
2026-01-21 00:50:49,733: RNNTransformer @ 30% - Test AUC: 0.5031, Test F1: 0.6679, Precision: 0.5013, Recall: 1.0000, Time: 196.7s
2026-01-21 00:50:49,733:   Confusion Matrix: TN=0, FP=49865, FN=0, TP=50135
2026-01-21 00:50:49,832: --------------------------------------------------
2026-01-21 00:50:49,832: Training RNNTransformer with 50% of training data
2026-01-21 00:50:49,832: --------------------------------------------------
2026-01-21 00:50:50,020: Training subset size: 400000
2026-01-21 00:55:07,492:   Epoch [5/30] Train Loss: 0.6933, Val F1: 0.0001, Val AUC: 0.5020
2026-01-21 00:57:40,536:   Early stopping at epoch 8
2026-01-21 00:57:44,341: RNNTransformer @ 50% - Test AUC: 0.4991, Test F1: 0.6679, Precision: 0.5013, Recall: 1.0000, Time: 414.5s
2026-01-21 00:57:44,342:   Confusion Matrix: TN=0, FP=49865, FN=0, TP=50135
2026-01-21 00:57:44,444: --------------------------------------------------
2026-01-21 00:57:44,445: Training RNNTransformer with 75% of training data
2026-01-21 00:57:44,445: --------------------------------------------------
2026-01-21 00:57:44,635: Training subset size: 600000
2026-01-21 01:03:58,009:   Epoch [5/30] Train Loss: 0.6932, Val F1: 0.5989, Val AUC: 0.5027
2026-01-21 01:05:12,511:   Early stopping at epoch 6
2026-01-21 01:05:16,316: RNNTransformer @ 75% - Test AUC: 0.5033, Test F1: 0.6679, Precision: 0.5013, Recall: 1.0000, Time: 451.9s
2026-01-21 01:05:16,316:   Confusion Matrix: TN=0, FP=49865, FN=0, TP=50135
2026-01-21 01:05:16,424: --------------------------------------------------
2026-01-21 01:05:16,425: Training RNNTransformer with 100% of training data
2026-01-21 01:05:16,425: --------------------------------------------------
2026-01-21 01:05:16,429: Training subset size: 800000
2026-01-21 01:13:29,979:   Epoch [5/30] Train Loss: 0.6932, Val F1: 0.6193, Val AUC: 0.5023
2026-01-21 01:15:08,380:   Early stopping at epoch 6
2026-01-21 01:15:12,231: RNNTransformer @ 100% - Test AUC: 0.4993, Test F1: 0.6679, Precision: 0.5013, Recall: 1.0000, Time: 595.8s
2026-01-21 01:15:12,231:   Confusion Matrix: TN=0, FP=49865, FN=0, TP=50135
2026-01-21 01:15:12,352: 
Results saved to: results/dl_fraction_experiment_test_just_pair_OPTIMAL_20260121_011512.csv
2026-01-21 01:15:12,354: Detailed results saved to: results/dl_fraction_experiment_test_just_pair_OPTIMAL_20260121_011512.json
2026-01-21 01:15:12,354: 
======================================================================
2026-01-21 01:15:12,354: EXPERIMENT SUMMARY
2026-01-21 01:15:12,354: ======================================================================
2026-01-21 01:15:12,354: 
MLP:
2026-01-21 01:15:12,355: Fraction   Train N    Test AUC   Test F1    Precision  Recall    
2026-01-21 01:15:12,355: ------------------------------------------------------------
2026-01-21 01:15:12,355:      1%    8000       0.4974     0.5493     0.5001     0.6092    
2026-01-21 01:15:12,355:     10%    80000      0.5027     0.5192     0.5032     0.5363    
2026-01-21 01:15:12,355:     30%    240000     0.5002     0.6638     0.5013     0.9823    
2026-01-21 01:15:12,355:     50%    400000     0.5018     0.4144     0.5035     0.3521    
2026-01-21 01:15:12,355:     75%    600000     0.5000     0.6679     0.5013     1.0000    
2026-01-21 01:15:12,355:    100%    800000     0.4999     0.0002     0.8571     0.0001    
2026-01-21 01:15:12,355: 
CNN1D:
2026-01-21 01:15:12,356: Fraction   Train N    Test AUC   Test F1    Precision  Recall    
2026-01-21 01:15:12,356: ------------------------------------------------------------
2026-01-21 01:15:12,356:      1%    8000       0.4993     0.6648     0.5013     0.9866    
2026-01-21 01:15:12,356:     10%    80000      0.5020     0.6511     0.5018     0.9270    
2026-01-21 01:15:12,356:     30%    240000     0.5001     0.6678     0.5014     0.9998    
2026-01-21 01:15:12,356:     50%    400000     0.4975     0.6674     0.5013     0.9982    
2026-01-21 01:15:12,356:     75%    600000     0.5000     0.6679     0.5014     1.0000    
2026-01-21 01:15:12,356:    100%    800000     0.5000     0.6679     0.5013     1.0000    
2026-01-21 01:15:12,356: 
Transformer:
2026-01-21 01:15:12,356: Fraction   Train N    Test AUC   Test F1    Precision  Recall    
2026-01-21 01:15:12,357: ------------------------------------------------------------
2026-01-21 01:15:12,357:      1%    8000       0.4981     0.6626     0.5014     0.9764    
2026-01-21 01:15:12,357:     10%    80000      0.4995     0.6679     0.5013     1.0000    
2026-01-21 01:15:12,357:     30%    240000     0.5028     0.6679     0.5013     1.0000    
2026-01-21 01:15:12,357:     50%    400000     0.5008     0.6679     0.5013     1.0000    
2026-01-21 01:15:12,357:     75%    600000     0.5019     0.6679     0.5013     1.0000    
2026-01-21 01:15:12,357:    100%    800000     0.5005     0.6679     0.5013     1.0000    
2026-01-21 01:15:12,357: 
LSTM:
2026-01-21 01:15:12,357: Fraction   Train N    Test AUC   Test F1    Precision  Recall    
2026-01-21 01:15:12,357: ------------------------------------------------------------
2026-01-21 01:15:12,358:      1%    8000       0.4969     0.6179     0.5018     0.8037    
2026-01-21 01:15:12,358:     10%    80000      0.4992     0.6572     0.5012     0.9541    
2026-01-21 01:15:12,358:     30%    240000     0.5006     0.6679     0.5013     1.0000    
2026-01-21 01:15:12,358:     50%    400000     0.4995     0.6679     0.5013     1.0000    
2026-01-21 01:15:12,358:     75%    600000     0.5020     0.6679     0.5013     1.0000    
2026-01-21 01:15:12,358:    100%    800000     0.5000     0.6679     0.5013     1.0000    
2026-01-21 01:15:12,358: 
BiLSTM:
2026-01-21 01:15:12,358: Fraction   Train N    Test AUC   Test F1    Precision  Recall    
2026-01-21 01:15:12,358: ------------------------------------------------------------
2026-01-21 01:15:12,358:      1%    8000       0.4995     0.5816     0.5007     0.6936    
2026-01-21 01:15:12,359:     10%    80000      0.5003     0.6663     0.5013     0.9930    
2026-01-21 01:15:12,359:     30%    240000     0.5011     0.6679     0.5013     1.0000    
2026-01-21 01:15:12,359:     50%    400000     0.5038     0.6679     0.5013     1.0000    
2026-01-21 01:15:12,359:     75%    600000     0.5025     0.6679     0.5013     1.0000    
2026-01-21 01:15:12,359:    100%    800000     0.4993     0.6679     0.5014     1.0000    
2026-01-21 01:15:12,359: 
GRU:
2026-01-21 01:15:12,359: Fraction   Train N    Test AUC   Test F1    Precision  Recall    
2026-01-21 01:15:12,359: ------------------------------------------------------------
2026-01-21 01:15:12,359:      1%    8000       0.4983     0.6364     0.5005     0.8738    
2026-01-21 01:15:12,359:     10%    80000      0.5000     0.6275     0.5003     0.8414    
2026-01-21 01:15:12,360:     30%    240000     0.5000     0.6679     0.5013     1.0000    
2026-01-21 01:15:12,360:     50%    400000     0.4992     0.6585     0.5016     0.9581    
2026-01-21 01:15:12,360:     75%    600000     0.4974     0.6679     0.5013     1.0000    
2026-01-21 01:15:12,360:    100%    800000     0.4987     0.6679     0.5013     1.0000    
2026-01-21 01:15:12,360: 
RNNTransformer:
2026-01-21 01:15:12,360: Fraction   Train N    Test AUC   Test F1    Precision  Recall    
2026-01-21 01:15:12,360: ------------------------------------------------------------
2026-01-21 01:15:12,360:      1%    8000       0.5041     0.6677     0.5013     0.9992    
2026-01-21 01:15:12,360:     10%    80000      0.5002     0.6666     0.5015     0.9940    
2026-01-21 01:15:12,360:     30%    240000     0.5031     0.6679     0.5013     1.0000    
2026-01-21 01:15:12,361:     50%    400000     0.4991     0.6679     0.5013     1.0000    
2026-01-21 01:15:12,361:     75%    600000     0.5033     0.6679     0.5013     1.0000    
2026-01-21 01:15:12,361:    100%    800000     0.4993     0.6679     0.5013     1.0000    
