Starting job 91211 on gpu-1-30 on Olivia at Tue Jan 20 19:50:45 CET 2026

=== JOB CONFIGURATION ===
Job ID: 91211
Node: gpu-1-30
Permanent Cache: /cluster/work/projects/nn12048k/michechi/cache
=== STARTING CONTAINER ===
Container: /cluster/work/projects/nn12048k/michechi/extended-pytorch/extended-pytorch.sif
Environment: HUGGING_FACE_HUB_TOKEN=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,HF_HOME=/cluster/work/projects/nn12048k/michechi/cache,HF_DATASETS_CACHE=/cluster/work/projects/nn12048k/michechi/cache,XDG_CACHE_HOME=/cluster/work/projects/nn12048k/michechi/cache,PYTHONUNBUFFERED=1

Job 91211 consumed 0.0 billing hours and 0.0 GPU hours from project nn12048k.

Submitted 2026-01-20T17:52:05; waited 2.0 hours in the queue after becoming eligible to run.

Requested wallclock time: 1.6 days
Elapsed wallclock time:   9.0 seconds

Job failed.

Task and CPU statistics:
ID               CPUs  Tasks  CPU util                Start  Elapsed  Exit status
91211               1            0.0 %  2026-01-20T19:50:45    9.0 s  2 (shell builtin error)
91211.batch         1      1     1.8 %  2026-01-20T19:50:45    9.0 s  2 (shell builtin error)
91211.apptainer     1      1     0.0 %  2026-01-20T19:50:45    8.0 s  2 (shell builtin error)

Used CPU time:   0.2 CPU seconds
Unused CPU time: 8.8 CPU seconds

Memory statistics, in GiB:
ID                Alloc   Usage
91211              80.0        
91211.batch        80.0     0.0
91211.apptainer    80.0     2.9

Job 91211 completed at Tue Jan 20 19:50:55 CET 2026
