The following modules were not unloaded:
  (Use "module --force purge" to unload all):

  1) init-NRIS
INFO:    gocryptfs not found, will not be able to use gocryptfs
Traceback (most recent call last):
  File "/cluster/home/michechi/MIMICIV/src/DL_TR_baselines.py", line 1405, in <module>
    main(args)
  File "/cluster/home/michechi/MIMICIV/src/DL_TR_baselines.py", line 1210, in main
    best_config, best_lr, search_results = random_search(
                                           ^^^^^^^^^^^^^^
  File "/cluster/home/michechi/MIMICIV/src/DL_TR_baselines.py", line 782, in random_search
    trained_model, val_f1, _ = train_model(
                               ^^^^^^^^^^^^
  File "/cluster/home/michechi/MIMICIV/src/DL_TR_baselines.py", line 582, in train_model
    model.load_state_dict(best_model_state)
  File "/usr/local/lib/python3.12/dist-packages/torch/nn/modules/module.py", line 2525, in load_state_dict
    raise TypeError(
TypeError: Expected state_dict to be dict-like, got <class 'NoneType'>.
srun: error: gpu-1-76: task 0: Exited with exit code 1
srun: Terminating StepId=87488.0
