The following modules were not unloaded:
  (Use "module --force purge" to unload all):

  1) init-NRIS
INFO:    gocryptfs not found, will not be able to use gocryptfs
/usr/bin/rm: cannot remove '/usr/local/cuda/compat/lib': Read-only file system
rm: cannot remove '/usr/local/cuda/compat/lib': Read-only file system
2026-01-21 16:18:48,858: Arguments:
2026-01-21 16:18:48,858:   batch_size: 64
2026-01-21 16:18:48,858:   epochs: 30
2026-01-21 16:18:48,858:   fractions: 0.01,0.10,0.30,0.50,0.75,1.0
2026-01-21 16:18:48,858:   label_column: Outcome
2026-01-21 16:18:48,859:   models: LSTM,Transformer
2026-01-21 16:18:48,859:   no_search: False
2026-01-21 16:18:48,859:   number_to_use: 9
2026-01-21 16:18:48,859:   optimal: True
2026-01-21 16:18:48,859:   output_dir: results
2026-01-21 16:18:48,859:   path_csv: /cluster/home/michechi/MIMICIV/data/simulation/tested/
2026-01-21 16:18:48,859:   patience: 2
2026-01-21 16:18:48,859:   seed: 42
2026-01-21 16:18:48,859:   sequence_column: Sequences
2026-01-21 16:18:48,859:   sequence_separator: 
2026-01-21 16:18:49,420: Using device: cuda
2026-01-21 16:18:49,420: Loading data from: /cluster/home/michechi/MIMICIV/data/simulation/tested/
2026-01-21 16:18:50,357: Data loaded - Train: 400000, Val: 50000, Test: 50000
2026-01-21 16:18:50,385: Maximum sequence length: 20
2026-01-21 16:18:50,386: Testing fractions: [0.01, 0.1, 0.3, 0.5, 0.75, 1.0]
2026-01-21 16:18:50,386: Models to train: ['LSTM', 'Transformer']
2026-01-21 16:18:50,386: Using OPTIMAL configurations
2026-01-21 16:18:50,386: 
======================================================================
2026-01-21 16:18:50,386: MODEL: LSTM
2026-01-21 16:18:50,386: ======================================================================
2026-01-21 16:18:50,386: --------------------------------------------------
2026-01-21 16:18:50,386: Training LSTM with 1% of training data
2026-01-21 16:18:50,387: --------------------------------------------------
2026-01-21 16:18:50,459: Training subset size: 4000
2026-01-21 16:18:58,414:   Epoch [5/30] Train Loss: 0.6634, Val F1: 0.2322, Val AUC: 0.5548
2026-01-21 16:19:03,755:   Epoch [10/30] Train Loss: 0.5376, Val F1: 0.3778, Val AUC: 0.5403
2026-01-21 16:19:03,755:   Early stopping at epoch 10
2026-01-21 16:19:04,699: LSTM @ 1% - Test AUC: 0.5402, Test F1: 0.4370, Precision: 0.4572, Recall: 0.4185, Time: 14.3s
2026-01-21 16:19:04,699:   Confusion Matrix: TN=18563, FP=10434, FN=12214, TP=8789
2026-01-21 16:19:04,780: --------------------------------------------------
2026-01-21 16:19:04,781: Training LSTM with 10% of training data
2026-01-21 16:19:04,781: --------------------------------------------------
2026-01-21 16:19:04,864: Training subset size: 40000
2026-01-21 16:19:16,987:   Epoch [5/30] Train Loss: 0.6570, Val F1: 0.3919, Val AUC: 0.6032
2026-01-21 16:19:29,144:   Epoch [10/30] Train Loss: 0.5967, Val F1: 0.4588, Val AUC: 0.5898
2026-01-21 16:19:29,144:   Early stopping at epoch 10
2026-01-21 16:19:30,100: LSTM @ 10% - Test AUC: 0.5959, Test F1: 0.4849, Precision: 0.5155, Recall: 0.4578, Time: 25.3s
2026-01-21 16:19:30,100:   Confusion Matrix: TN=19959, FP=9038, FN=11388, TP=9615
2026-01-21 16:19:30,183: --------------------------------------------------
2026-01-21 16:19:30,183: Training LSTM with 30% of training data
2026-01-21 16:19:30,183: --------------------------------------------------
2026-01-21 16:19:30,265: Training subset size: 120000
2026-01-21 16:19:57,782:   Epoch [5/30] Train Loss: 0.6421, Val F1: 0.5192, Val AUC: 0.6485
2026-01-21 16:20:14,363:   Early stopping at epoch 8
2026-01-21 16:20:15,372: LSTM @ 30% - Test AUC: 0.6513, Test F1: 0.5379, Precision: 0.6199, Recall: 0.4751, Time: 45.2s
2026-01-21 16:20:15,372:   Confusion Matrix: TN=22878, FP=6119, FN=11024, TP=9979
2026-01-21 16:20:15,458: --------------------------------------------------
2026-01-21 16:20:15,458: Training LSTM with 50% of training data
2026-01-21 16:20:15,458: --------------------------------------------------
2026-01-21 16:20:15,542: Training subset size: 200000
2026-01-21 16:20:58,305:   Epoch [5/30] Train Loss: 0.6384, Val F1: 0.5142, Val AUC: 0.6517
2026-01-21 16:21:24,094:   Early stopping at epoch 8
2026-01-21 16:21:25,062: LSTM @ 50% - Test AUC: 0.6568, Test F1: 0.5380, Precision: 0.6378, Recall: 0.4652, Time: 69.6s
2026-01-21 16:21:25,062:   Confusion Matrix: TN=23449, FP=5548, FN=11232, TP=9771
2026-01-21 16:21:25,253: --------------------------------------------------
2026-01-21 16:21:25,253: Training LSTM with 75% of training data
2026-01-21 16:21:25,253: --------------------------------------------------
2026-01-21 16:21:25,337: Training subset size: 300000
2026-01-21 16:22:28,229:   Epoch [5/30] Train Loss: 0.6337, Val F1: 0.5381, Val AUC: 0.6558
2026-01-21 16:22:53,442:   Early stopping at epoch 7
2026-01-21 16:22:54,424: LSTM @ 75% - Test AUC: 0.6582, Test F1: 0.5418, Precision: 0.6341, Recall: 0.4730, Time: 89.2s
2026-01-21 16:22:54,424:   Confusion Matrix: TN=23264, FP=5733, FN=11068, TP=9935
2026-01-21 16:22:54,515: --------------------------------------------------
2026-01-21 16:22:54,515: Training LSTM with 100% of training data
2026-01-21 16:22:54,515: --------------------------------------------------
2026-01-21 16:22:54,517: Training subset size: 400000
2026-01-21 16:24:17,389:   Epoch [5/30] Train Loss: 0.6326, Val F1: 0.5430, Val AUC: 0.6606
2026-01-21 16:25:40,481:   Epoch [10/30] Train Loss: 0.6241, Val F1: 0.5561, Val AUC: 0.6640
2026-01-21 16:26:47,073:   Early stopping at epoch 14
2026-01-21 16:26:48,063: LSTM @ 100% - Test AUC: 0.6647, Test F1: 0.5596, Precision: 0.6602, Recall: 0.4855, Time: 233.5s
2026-01-21 16:26:48,063:   Confusion Matrix: TN=23749, FP=5248, FN=10805, TP=10198
2026-01-21 16:26:48,153: 
======================================================================
2026-01-21 16:26:48,153: MODEL: Transformer
2026-01-21 16:26:48,153: ======================================================================
2026-01-21 16:26:48,153: --------------------------------------------------
2026-01-21 16:26:48,153: Training Transformer with 1% of training data
2026-01-21 16:26:48,154: --------------------------------------------------
2026-01-21 16:26:48,236: Training subset size: 4000
2026-01-21 16:26:59,966:   Epoch [5/30] Train Loss: 0.6728, Val F1: 0.3338, Val AUC: 0.5752
2026-01-21 16:27:06,725:   Early stopping at epoch 8
2026-01-21 16:27:08,508: Transformer @ 1% - Test AUC: 0.5695, Test F1: 0.4048, Precision: 0.4942, Recall: 0.3428, Time: 20.4s
2026-01-21 16:27:08,508:   Confusion Matrix: TN=21628, FP=7369, FN=13804, TP=7199
2026-01-21 16:27:08,592: --------------------------------------------------
2026-01-21 16:27:08,593: Training Transformer with 10% of training data
2026-01-21 16:27:08,593: --------------------------------------------------
2026-01-21 16:27:08,676: Training subset size: 40000
2026-01-21 16:27:42,126:   Epoch [5/30] Train Loss: 0.6668, Val F1: 0.3739, Val AUC: 0.5953
2026-01-21 16:27:42,126:   Early stopping at epoch 5
2026-01-21 16:27:43,911: Transformer @ 10% - Test AUC: 0.5894, Test F1: 0.3926, Precision: 0.5266, Recall: 0.3130, Time: 35.3s
2026-01-21 16:27:43,911:   Confusion Matrix: TN=23088, FP=5909, FN=14429, TP=6574
2026-01-21 16:27:43,994: --------------------------------------------------
2026-01-21 16:27:43,995: Training Transformer with 30% of training data
2026-01-21 16:27:43,995: --------------------------------------------------
2026-01-21 16:27:44,077: Training subset size: 120000
2026-01-21 16:29:07,052:   Epoch [5/30] Train Loss: 0.6324, Val F1: 0.5670, Val AUC: 0.6653
2026-01-21 16:30:13,598:   Early stopping at epoch 9
2026-01-21 16:30:15,420: Transformer @ 30% - Test AUC: 0.6697, Test F1: 0.5779, Precision: 0.6728, Recall: 0.5064, Time: 151.4s
2026-01-21 16:30:15,420:   Confusion Matrix: TN=23824, FP=5173, FN=10367, TP=10636
2026-01-21 16:30:15,509: --------------------------------------------------
2026-01-21 16:30:15,509: Training Transformer with 50% of training data
2026-01-21 16:30:15,509: --------------------------------------------------
2026-01-21 16:30:15,592: Training subset size: 200000
2026-01-21 16:32:28,483:   Epoch [5/30] Train Loss: 0.6188, Val F1: 0.5766, Val AUC: 0.6666
2026-01-21 16:32:28,483:   Early stopping at epoch 5
2026-01-21 16:32:30,281: Transformer @ 50% - Test AUC: 0.6679, Test F1: 0.5803, Precision: 0.6586, Recall: 0.5187, Time: 134.8s
2026-01-21 16:32:30,281:   Confusion Matrix: TN=23351, FP=5646, FN=10109, TP=10894
2026-01-21 16:32:30,369: --------------------------------------------------
2026-01-21 16:32:30,370: Training Transformer with 75% of training data
2026-01-21 16:32:30,370: --------------------------------------------------
2026-01-21 16:32:30,455: Training subset size: 300000
2026-01-21 16:35:45,829:   Epoch [5/30] Train Loss: 0.6166, Val F1: 0.5756, Val AUC: 0.6717
2026-01-21 16:35:45,829:   Early stopping at epoch 5
2026-01-21 16:35:47,664: Transformer @ 75% - Test AUC: 0.6718, Test F1: 0.5782, Precision: 0.6953, Recall: 0.4949, Time: 197.3s
2026-01-21 16:35:47,665:   Confusion Matrix: TN=24442, FP=4555, FN=10609, TP=10394
2026-01-21 16:35:47,759: --------------------------------------------------
2026-01-21 16:35:47,759: Training Transformer with 100% of training data
2026-01-21 16:35:47,759: --------------------------------------------------
2026-01-21 16:35:47,762: Training subset size: 400000
2026-01-21 16:40:01,703:   Epoch [5/30] Train Loss: 0.6157, Val F1: 0.5750, Val AUC: 0.6678
2026-01-21 16:40:52,591:   Early stopping at epoch 6
2026-01-21 16:40:54,431: Transformer @ 100% - Test AUC: 0.6708, Test F1: 0.5780, Precision: 0.7026, Recall: 0.4910, Time: 306.7s
2026-01-21 16:40:54,431:   Confusion Matrix: TN=24632, FP=4365, FN=10691, TP=10312
2026-01-21 16:40:54,530: 
Results saved to: results/dl_fraction_experiment_9_OPTIMAL_20260121_164054.csv
2026-01-21 16:40:54,532: Detailed results saved to: results/dl_fraction_experiment_9_OPTIMAL_20260121_164054.json
2026-01-21 16:40:54,532: 
======================================================================
2026-01-21 16:40:54,532: EXPERIMENT SUMMARY
2026-01-21 16:40:54,532: ======================================================================
2026-01-21 16:40:54,532: 
LSTM:
2026-01-21 16:40:54,532: Fraction   Train N    Test AUC   Test F1    Precision  Recall    
2026-01-21 16:40:54,532: ------------------------------------------------------------
2026-01-21 16:40:54,532:      1%    4000       0.5402     0.4370     0.4572     0.4185    
2026-01-21 16:40:54,532:     10%    40000      0.5959     0.4849     0.5155     0.4578    
2026-01-21 16:40:54,532:     30%    120000     0.6513     0.5379     0.6199     0.4751    
2026-01-21 16:40:54,533:     50%    200000     0.6568     0.5380     0.6378     0.4652    
2026-01-21 16:40:54,533:     75%    300000     0.6582     0.5418     0.6341     0.4730    
2026-01-21 16:40:54,533:    100%    400000     0.6647     0.5596     0.6602     0.4855    
2026-01-21 16:40:54,533: 
Transformer:
2026-01-21 16:40:54,533: Fraction   Train N    Test AUC   Test F1    Precision  Recall    
2026-01-21 16:40:54,533: ------------------------------------------------------------
2026-01-21 16:40:54,533:      1%    4000       0.5695     0.4048     0.4942     0.3428    
2026-01-21 16:40:54,533:     10%    40000      0.5894     0.3926     0.5266     0.3130    
2026-01-21 16:40:54,533:     30%    120000     0.6697     0.5779     0.6728     0.5064    
2026-01-21 16:40:54,533:     50%    200000     0.6679     0.5803     0.6586     0.5187    
2026-01-21 16:40:54,533:     75%    300000     0.6718     0.5782     0.6953     0.4949    
2026-01-21 16:40:54,534:    100%    400000     0.6708     0.5780     0.7026     0.4910    
