Starting job 87518 on gpu-1-20 on Olivia at Sun Jan 18 00:24:12 CET 2026

=== JOB CONFIGURATION ===
Job ID: 87518
Node: gpu-1-20
Permanent Cache: /cluster/work/projects/nn12048k/michechi/cache
=== STARTING CONTAINER ===
Container: /cluster/work/projects/nn12048k/michechi/extended-pytorch/extended-pytorch.sif
Environment: HUGGING_FACE_HUB_TOKEN=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,HF_HOME=/cluster/work/projects/nn12048k/michechi/cache,HF_DATASETS_CACHE=/cluster/work/projects/nn12048k/michechi/cache,XDG_CACHE_HOME=/cluster/work/projects/nn12048k/michechi/cache,PYTHONUNBUFFERED=1
2026-01-18 00:24:20 - RNN_Baseline - INFO - Logging initialized. Log file: results_rnn_baseline/dataset_9/logs/training_20260118_002420.log
2026-01-18 00:24:20 - RNN_Baseline - INFO - ======================================================================
2026-01-18 00:24:20 - RNN_Baseline - INFO - RNN BASELINE TRAINING SCRIPT
2026-01-18 00:24:20 - RNN_Baseline - INFO - ======================================================================
2026-01-18 00:24:20 - RNN_Baseline - INFO - Arguments:
2026-01-18 00:24:20 - RNN_Baseline - INFO -   path_csv: /cluster/home/michechi/MIMICIV/data/simulation/tested/
2026-01-18 00:24:20 - RNN_Baseline - INFO -   number_to_use: 9
2026-01-18 00:24:20 - RNN_Baseline - INFO -   sequence_column: Sequences
2026-01-18 00:24:20 - RNN_Baseline - INFO -   label_column: Outcome
2026-01-18 00:24:20 - RNN_Baseline - INFO -   test_rnd: False
2026-01-18 00:24:20 - RNN_Baseline - INFO -   sequence_separator: 
2026-01-18 00:24:20 - RNN_Baseline - INFO -   models: Transformer,RNNTransformer
2026-01-18 00:24:20 - RNN_Baseline - INFO -   no_search: False
2026-01-18 00:24:20 - RNN_Baseline - INFO -   search_trials: 5
2026-01-18 00:24:20 - RNN_Baseline - INFO -   batch_size: 64
2026-01-18 00:24:20 - RNN_Baseline - INFO -   final_epochs: 20
2026-01-18 00:24:20 - RNN_Baseline - INFO -   seed: 42
2026-01-18 00:24:20 - RNN_Baseline - INFO -   save_models: True
2026-01-18 00:24:20 - RNN_Baseline - INFO -   output_dir: results_rnn_baseline
2026-01-18 00:24:20 - RNN_Baseline - INFO - Random seed set to: 42
2026-01-18 00:24:21 - RNN_Baseline - INFO - Using device: cuda
2026-01-18 00:24:21 - RNN_Baseline - INFO -   GPU: NVIDIA GH200 120GB
2026-01-18 00:24:21 - RNN_Baseline - INFO -   Memory: 102.01 GB
2026-01-18 00:24:21 - RNN_Baseline - INFO - Loading data from: /cluster/home/michechi/MIMICIV/data/simulation/tested/
2026-01-18 00:24:21 - RNN_Baseline - INFO - Using dataset number: 9
2026-01-18 00:24:21 - RNN_Baseline - INFO - Sequence separator: '\x1f'
2026-01-18 00:24:21 - RNN_Baseline - INFO - Preprocessing sequences (splitting by separator)...
2026-01-18 00:24:22 - RNN_Baseline - INFO - Data loaded successfully:
2026-01-18 00:24:22 - RNN_Baseline - INFO -   Train: 400000 sequences
2026-01-18 00:24:22 - RNN_Baseline - INFO -   Val:   50000 sequences
2026-01-18 00:24:22 - RNN_Baseline - INFO -   Test:  50000 sequences
2026-01-18 00:24:22 - RNN_Baseline - INFO -   Class distribution (train): 232630 (label=0) / 167370 (label=1)
2026-01-18 00:24:22 - RNN_Baseline - INFO -   Sequence length: min=20, max=20, mean=20.0
2026-01-18 00:24:22 - RNN_Baseline - INFO - Maximum sequence length in dataset: 20
2026-01-18 00:24:22 - RNN_Baseline - INFO - Creating PyTorch datasets...
2026-01-18 00:24:22 - RNN_Baseline - INFO - Creating dataloaders (batch_size=64)...
2026-01-18 00:24:22 - RNN_Baseline - INFO -   Train batches: 6250
2026-01-18 00:24:22 - RNN_Baseline - INFO -   Val batches:   782
2026-01-18 00:24:22 - RNN_Baseline - INFO -   Test batches:  782
2026-01-18 00:24:22 - RNN_Baseline - INFO - Models to train: Transformer, RNNTransformer
2026-01-18 00:24:22 - RNN_Baseline - INFO - 
######################################################################
2026-01-18 00:24:22 - RNN_Baseline - INFO - # TRAINING Transformer
2026-01-18 00:24:22 - RNN_Baseline - INFO - ######################################################################
2026-01-18 00:24:22 - RNN_Baseline - INFO - ============================================================
2026-01-18 00:24:22 - RNN_Baseline - INFO - RANDOM SEARCH for Transformer (5 trials)
2026-01-18 00:24:22 - RNN_Baseline - INFO - ============================================================
2026-01-18 00:24:22 - RNN_Baseline - INFO - 
Trial 1/5:
2026-01-18 00:24:22 - RNN_Baseline - INFO -   Config: {'vocab_size': 26, 'embedding_dim': 64, 'num_heads': 4, 'num_layers': 4, 'dim_feedforward': 256, 'num_classes': 2, 'dropout': 0.1, 'max_seq_length': 30}
2026-01-18 00:24:22 - RNN_Baseline - INFO -   LR: 0.0001
2026-01-18 00:24:22 - RNN_Baseline - INFO - Starting training for Transformer_trial0
2026-01-18 00:29:08 - RNN_Baseline - INFO -   Epoch [5/15] Train Loss: 0.6168, Val F1: 0.5750, Val AUC: 0.6673
2026-01-18 00:32:54 - RNN_Baseline - INFO -   Early stopping at epoch 9
2026-01-18 00:32:54 - RNN_Baseline - INFO - Training completed. Best epoch: 4, Best Val F1: 0.5764
2026-01-18 00:32:54 - RNN_Baseline - INFO -   → Val F1: 0.5764
2026-01-18 00:32:54 - RNN_Baseline - INFO - 
Trial 2/5:
2026-01-18 00:32:54 - RNN_Baseline - INFO -   Config: {'vocab_size': 26, 'embedding_dim': 64, 'num_heads': 4, 'num_layers': 4, 'dim_feedforward': 512, 'num_classes': 2, 'dropout': 0.3, 'max_seq_length': 30}
2026-01-18 00:32:54 - RNN_Baseline - INFO -   LR: 0.0001
2026-01-18 00:32:54 - RNN_Baseline - INFO - Starting training for Transformer_trial1
2026-01-18 00:37:43 - RNN_Baseline - INFO -   Epoch [5/15] Train Loss: 0.6239, Val F1: 0.5718, Val AUC: 0.6664
2026-01-18 00:39:38 - RNN_Baseline - INFO -   Early stopping at epoch 7
2026-01-18 00:39:38 - RNN_Baseline - INFO - Training completed. Best epoch: 2, Best Val F1: 0.5767
2026-01-18 00:39:38 - RNN_Baseline - INFO -   → Val F1: 0.5767
2026-01-18 00:39:38 - RNN_Baseline - INFO - 
Trial 3/5:
2026-01-18 00:39:38 - RNN_Baseline - INFO -   Config: {'vocab_size': 26, 'embedding_dim': 128, 'num_heads': 4, 'num_layers': 2, 'dim_feedforward': 128, 'num_classes': 2, 'dropout': 0.1, 'max_seq_length': 30}
2026-01-18 00:39:38 - RNN_Baseline - INFO -   LR: 0.0001
2026-01-18 00:39:38 - RNN_Baseline - INFO - Starting training for Transformer_trial2
2026-01-18 00:42:35 - RNN_Baseline - INFO -   Epoch [5/15] Train Loss: 0.6193, Val F1: 0.5657, Val AUC: 0.6676
2026-01-18 00:44:21 - RNN_Baseline - INFO -   Early stopping at epoch 8
2026-01-18 00:44:21 - RNN_Baseline - INFO - Training completed. Best epoch: 3, Best Val F1: 0.5755
2026-01-18 00:44:21 - RNN_Baseline - INFO -   → Val F1: 0.5755
2026-01-18 00:44:21 - RNN_Baseline - INFO - 
Trial 4/5:
2026-01-18 00:44:21 - RNN_Baseline - INFO -   Config: {'vocab_size': 26, 'embedding_dim': 64, 'num_heads': 4, 'num_layers': 4, 'dim_feedforward': 512, 'num_classes': 2, 'dropout': 0.3, 'max_seq_length': 30}
2026-01-18 00:44:21 - RNN_Baseline - INFO -   LR: 0.001
2026-01-18 00:44:21 - RNN_Baseline - INFO - Starting training for Transformer_trial3
2026-01-18 00:49:11 - RNN_Baseline - INFO -   Epoch [5/15] Train Loss: 0.6799, Val F1: 0.0000, Val AUC: 0.5108
2026-01-18 00:50:09 - RNN_Baseline - INFO -   Early stopping at epoch 6
2026-01-18 00:50:09 - RNN_Baseline - INFO - Training completed. Best epoch: 1, Best Val F1: 0.1475
2026-01-18 00:50:09 - RNN_Baseline - INFO -   → Val F1: 0.1475
2026-01-18 00:50:09 - RNN_Baseline - INFO - 
Trial 5/5:
2026-01-18 00:50:09 - RNN_Baseline - INFO -   Config: {'vocab_size': 26, 'embedding_dim': 128, 'num_heads': 4, 'num_layers': 3, 'dim_feedforward': 512, 'num_classes': 2, 'dropout': 0.2, 'max_seq_length': 30}
2026-01-18 00:50:09 - RNN_Baseline - INFO -   LR: 0.0001
2026-01-18 00:50:09 - RNN_Baseline - INFO - Starting training for Transformer_trial4
2026-01-18 00:54:05 - RNN_Baseline - INFO -   Epoch [5/15] Train Loss: 0.6156, Val F1: 0.5757, Val AUC: 0.6679
2026-01-18 00:58:01 - RNN_Baseline - INFO -   Epoch [10/15] Train Loss: 0.6149, Val F1: 0.5768, Val AUC: 0.6696
2026-01-18 01:01:55 - RNN_Baseline - INFO -   Epoch [15/15] Train Loss: 0.6146, Val F1: 0.5725, Val AUC: 0.6679
2026-01-18 01:01:55 - RNN_Baseline - INFO -   Early stopping at epoch 15
2026-01-18 01:01:55 - RNN_Baseline - INFO - Training completed. Best epoch: 10, Best Val F1: 0.5768
2026-01-18 01:01:55 - RNN_Baseline - INFO -   → Val F1: 0.5768
2026-01-18 01:01:55 - RNN_Baseline - INFO - 
============================================================
2026-01-18 01:01:55 - RNN_Baseline - INFO - BEST CONFIGURATION (Trial 5):
2026-01-18 01:01:55 - RNN_Baseline - INFO - ============================================================
2026-01-18 01:01:55 - RNN_Baseline - INFO - Val F1: 0.5768
2026-01-18 01:01:55 - RNN_Baseline - INFO - Parameters: 602,498
2026-01-18 01:01:55 - RNN_Baseline - INFO - Config:
2026-01-18 01:01:55 - RNN_Baseline - INFO -   embedding_dim: 128
2026-01-18 01:01:55 - RNN_Baseline - INFO -   num_heads: 4
2026-01-18 01:01:55 - RNN_Baseline - INFO -   num_layers: 3
2026-01-18 01:01:55 - RNN_Baseline - INFO -   dim_feedforward: 512
2026-01-18 01:01:55 - RNN_Baseline - INFO -   dropout: 0.2
2026-01-18 01:01:55 - RNN_Baseline - INFO -   max_seq_length: 30
2026-01-18 01:01:55 - RNN_Baseline - INFO -   lr: 0.0001
2026-01-18 01:01:55 - RNN_Baseline - INFO - 
============================================================
2026-01-18 01:01:55 - RNN_Baseline - INFO - FINAL TRAINING with best configuration
2026-01-18 01:01:55 - RNN_Baseline - INFO - ============================================================
2026-01-18 01:01:55 - RNN_Baseline - INFO - Model parameters: 602,498
2026-01-18 01:01:55 - RNN_Baseline - INFO - Starting training for Transformer
2026-01-18 01:05:47 - RNN_Baseline - INFO -   Epoch [5/20] Train Loss: 0.6160, Val F1: 0.5758, Val AUC: 0.6674
2026-01-18 01:09:39 - RNN_Baseline - INFO -   Epoch [10/20] Train Loss: 0.6151, Val F1: 0.5759, Val AUC: 0.6681
2026-01-18 01:13:31 - RNN_Baseline - INFO -   Epoch [15/20] Train Loss: 0.6147, Val F1: 0.5759, Val AUC: 0.6675
2026-01-18 01:17:22 - RNN_Baseline - INFO -   Epoch [20/20] Train Loss: 0.6147, Val F1: 0.5699, Val AUC: 0.6661
2026-01-18 01:17:22 - RNN_Baseline - INFO - Training completed. Best epoch: 17, Best Val F1: 0.5759
2026-01-18 01:17:22 - RNN_Baseline - INFO - Final Validation F1: 0.5759
2026-01-18 01:17:22 - RNN_Baseline - INFO - 
============================================================
2026-01-18 01:17:22 - RNN_Baseline - INFO - TEST SET EVALUATION
2026-01-18 01:17:22 - RNN_Baseline - INFO - ============================================================
2026-01-18 01:17:24 - RNN_Baseline - INFO - 
Test Results for Transformer:
2026-01-18 01:17:24 - RNN_Baseline - INFO -   Accuracy:  0.6955
2026-01-18 01:17:24 - RNN_Baseline - INFO -   Precision: 0.7011
2026-01-18 01:17:24 - RNN_Baseline - INFO -   Recall:    0.4796
2026-01-18 01:17:24 - RNN_Baseline - INFO -   F1 Score:  0.5696
2026-01-18 01:17:24 - RNN_Baseline - INFO -   AUC:       0.6689
2026-01-18 01:17:24 - RNN_Baseline - INFO -   Confusion Matrix:
2026-01-18 01:17:24 - RNN_Baseline - INFO -     [[24704, 4293], [10931, 10072]]
2026-01-18 01:17:24 - RNN_Baseline - INFO - Results saved:
2026-01-18 01:17:24 - RNN_Baseline - INFO -   Predictions: results_rnn_baseline/dataset_9/Transformer_predictions_dataset9.csv
2026-01-18 01:17:24 - RNN_Baseline - INFO -   Summary:     results_rnn_baseline/dataset_9/Transformer_summary_dataset9.json
2026-01-18 01:17:24 - RNN_Baseline - INFO -   Model checkpoint: results_rnn_baseline/dataset_9/models/Transformer_best.pt
2026-01-18 01:17:24 - RNN_Baseline - INFO - 
######################################################################
2026-01-18 01:17:24 - RNN_Baseline - INFO - # TRAINING RNNTransformer
2026-01-18 01:17:24 - RNN_Baseline - INFO - ######################################################################
2026-01-18 01:17:24 - RNN_Baseline - INFO - ============================================================
2026-01-18 01:17:24 - RNN_Baseline - INFO - RANDOM SEARCH for RNNTransformer (5 trials)
2026-01-18 01:17:24 - RNN_Baseline - INFO - ============================================================
2026-01-18 01:17:24 - RNN_Baseline - INFO - 
Trial 1/5:
2026-01-18 01:17:24 - RNN_Baseline - INFO -   Config: {'vocab_size': 26, 'embedding_dim': 32, 'rnn_hidden_dim': 64, 'num_heads': 8, 'num_transformer_layers': 2, 'dim_feedforward': 256, 'num_classes': 2, 'dropout': 0.1, 'max_seq_length': 30}
2026-01-18 01:17:24 - RNN_Baseline - INFO -   LR: 0.0001
2026-01-18 01:17:24 - RNN_Baseline - INFO - Starting training for RNNTransformer_trial0
2026-01-18 01:20:59 - RNN_Baseline - INFO -   Epoch [5/15] Train Loss: 0.6602, Val F1: 0.4028, Val AUC: 0.6178
2026-01-18 01:24:39 - RNN_Baseline - INFO -   Epoch [10/15] Train Loss: 0.6323, Val F1: 0.5601, Val AUC: 0.6621
2026-01-18 01:28:22 - RNN_Baseline - INFO -   Epoch [15/15] Train Loss: 0.6224, Val F1: 0.5696, Val AUC: 0.6676
2026-01-18 01:28:22 - RNN_Baseline - INFO - Training completed. Best epoch: 15, Best Val F1: 0.5696
2026-01-18 01:28:22 - RNN_Baseline - INFO -   → Val F1: 0.5696
2026-01-18 01:28:22 - RNN_Baseline - INFO - 
Trial 2/5:
2026-01-18 01:28:22 - RNN_Baseline - INFO -   Config: {'vocab_size': 26, 'embedding_dim': 64, 'rnn_hidden_dim': 32, 'num_heads': 2, 'num_transformer_layers': 2, 'dim_feedforward': 128, 'num_classes': 2, 'dropout': 0.2, 'max_seq_length': 30}
2026-01-18 01:28:22 - RNN_Baseline - INFO -   LR: 0.0005
2026-01-18 01:28:22 - RNN_Baseline - INFO - Starting training for RNNTransformer_trial1
2026-01-18 01:32:06 - RNN_Baseline - INFO -   Epoch [5/15] Train Loss: 0.6289, Val F1: 0.5351, Val AUC: 0.6677
2026-01-18 01:35:50 - RNN_Baseline - INFO -   Epoch [10/15] Train Loss: 0.6242, Val F1: 0.5381, Val AUC: 0.6650
2026-01-18 01:36:35 - RNN_Baseline - INFO -   Early stopping at epoch 11
2026-01-18 01:36:35 - RNN_Baseline - INFO - Training completed. Best epoch: 6, Best Val F1: 0.5634
2026-01-18 01:36:35 - RNN_Baseline - INFO -   → Val F1: 0.5634
2026-01-18 01:36:35 - RNN_Baseline - INFO - 
Trial 3/5:
2026-01-18 01:36:35 - RNN_Baseline - INFO -   Config: {'vocab_size': 26, 'embedding_dim': 128, 'rnn_hidden_dim': 32, 'num_heads': 4, 'num_transformer_layers': 3, 'dim_feedforward': 256, 'num_classes': 2, 'dropout': 0.3, 'max_seq_length': 30}
2026-01-18 01:36:35 - RNN_Baseline - INFO -   LR: 0.0001
2026-01-18 01:36:35 - RNN_Baseline - INFO - Starting training for RNNTransformer_trial2
2026-01-18 01:41:18 - RNN_Baseline - INFO -   Epoch [5/15] Train Loss: 0.6210, Val F1: 0.5752, Val AUC: 0.6678
2026-01-18 01:46:04 - RNN_Baseline - INFO -   Epoch [10/15] Train Loss: 0.6168, Val F1: 0.5762, Val AUC: 0.6694
2026-01-18 01:47:01 - RNN_Baseline - INFO -   Early stopping at epoch 11
2026-01-18 01:47:01 - RNN_Baseline - INFO - Training completed. Best epoch: 6, Best Val F1: 0.5767
2026-01-18 01:47:01 - RNN_Baseline - INFO -   → Val F1: 0.5767
2026-01-18 01:47:01 - RNN_Baseline - INFO - 
Trial 4/5:
2026-01-18 01:47:01 - RNN_Baseline - INFO -   Config: {'vocab_size': 26, 'embedding_dim': 64, 'rnn_hidden_dim': 128, 'num_heads': 2, 'num_transformer_layers': 2, 'dim_feedforward': 512, 'num_classes': 2, 'dropout': 0.3, 'max_seq_length': 30}
2026-01-18 01:47:01 - RNN_Baseline - INFO -   LR: 0.0005
2026-01-18 01:47:01 - RNN_Baseline - INFO - Starting training for RNNTransformer_trial3
2026-01-18 01:50:50 - RNN_Baseline - INFO -   Epoch [5/15] Train Loss: 0.6376, Val F1: 0.5182, Val AUC: 0.6522
2026-01-18 01:53:50 - RNN_Baseline - INFO -   Early stopping at epoch 9
2026-01-18 01:53:50 - RNN_Baseline - INFO - Training completed. Best epoch: 4, Best Val F1: 0.5198
2026-01-18 01:53:50 - RNN_Baseline - INFO -   → Val F1: 0.5198
2026-01-18 01:53:50 - RNN_Baseline - INFO - 
Trial 5/5:
2026-01-18 01:53:50 - RNN_Baseline - INFO -   Config: {'vocab_size': 26, 'embedding_dim': 128, 'rnn_hidden_dim': 128, 'num_heads': 2, 'num_transformer_layers': 1, 'dim_feedforward': 128, 'num_classes': 2, 'dropout': 0.3, 'max_seq_length': 30}
2026-01-18 01:53:50 - RNN_Baseline - INFO -   LR: 0.0001
2026-01-18 01:53:50 - RNN_Baseline - INFO - Starting training for RNNTransformer_trial4
2026-01-18 01:56:33 - RNN_Baseline - INFO -   Epoch [5/15] Train Loss: 0.6476, Val F1: 0.4833, Val AUC: 0.6490
2026-01-18 01:59:18 - RNN_Baseline - INFO -   Epoch [10/15] Train Loss: 0.6289, Val F1: 0.5407, Val AUC: 0.6593
2026-01-18 02:02:03 - RNN_Baseline - INFO -   Epoch [15/15] Train Loss: 0.6210, Val F1: 0.5452, Val AUC: 0.6622
2026-01-18 02:02:03 - RNN_Baseline - INFO - Training completed. Best epoch: 15, Best Val F1: 0.5452
2026-01-18 02:02:03 - RNN_Baseline - INFO -   → Val F1: 0.5452
2026-01-18 02:02:03 - RNN_Baseline - INFO - 
============================================================
2026-01-18 02:02:03 - RNN_Baseline - INFO - BEST CONFIGURATION (Trial 3):
2026-01-18 02:02:03 - RNN_Baseline - INFO - ============================================================
2026-01-18 02:02:03 - RNN_Baseline - INFO - Val F1: 0.5767
2026-01-18 02:02:03 - RNN_Baseline - INFO - Parameters: 454,914
2026-01-18 02:02:03 - RNN_Baseline - INFO - Config:
2026-01-18 02:02:03 - RNN_Baseline - INFO -   embedding_dim: 128
2026-01-18 02:02:03 - RNN_Baseline - INFO -   rnn_hidden_dim: 32
2026-01-18 02:02:03 - RNN_Baseline - INFO -   num_heads: 4
2026-01-18 02:02:03 - RNN_Baseline - INFO -   num_transformer_layers: 3
2026-01-18 02:02:03 - RNN_Baseline - INFO -   dim_feedforward: 256
2026-01-18 02:02:03 - RNN_Baseline - INFO -   dropout: 0.3
2026-01-18 02:02:03 - RNN_Baseline - INFO -   max_seq_length: 30
2026-01-18 02:02:03 - RNN_Baseline - INFO -   lr: 0.0001
2026-01-18 02:02:03 - RNN_Baseline - INFO - 
============================================================
2026-01-18 02:02:03 - RNN_Baseline - INFO - FINAL TRAINING with best configuration
2026-01-18 02:02:03 - RNN_Baseline - INFO - ============================================================
2026-01-18 02:02:03 - RNN_Baseline - INFO - Model parameters: 454,914
2026-01-18 02:02:03 - RNN_Baseline - INFO - Starting training for RNNTransformer
2026-01-18 02:06:47 - RNN_Baseline - INFO -   Epoch [5/20] Train Loss: 0.6255, Val F1: 0.5705, Val AUC: 0.6711
2026-01-18 02:09:37 - RNN_Baseline - INFO -   Early stopping at epoch 8
2026-01-18 02:09:37 - RNN_Baseline - INFO - Training completed. Best epoch: 3, Best Val F1: 0.5736
2026-01-18 02:09:37 - RNN_Baseline - INFO - Final Validation F1: 0.5736
2026-01-18 02:09:37 - RNN_Baseline - INFO - 
============================================================
2026-01-18 02:09:37 - RNN_Baseline - INFO - TEST SET EVALUATION
2026-01-18 02:09:37 - RNN_Baseline - INFO - ============================================================
2026-01-18 02:09:39 - RNN_Baseline - INFO - 
Test Results for RNNTransformer:
2026-01-18 02:09:39 - RNN_Baseline - INFO -   Accuracy:  0.6964
2026-01-18 02:09:39 - RNN_Baseline - INFO -   Precision: 0.6986
2026-01-18 02:09:39 - RNN_Baseline - INFO -   Recall:    0.4875
2026-01-18 02:09:39 - RNN_Baseline - INFO -   F1 Score:  0.5742
2026-01-18 02:09:39 - RNN_Baseline - INFO -   AUC:       0.6698
2026-01-18 02:09:39 - RNN_Baseline - INFO -   Confusion Matrix:
2026-01-18 02:09:39 - RNN_Baseline - INFO -     [[24581, 4416], [10765, 10238]]
2026-01-18 02:09:39 - RNN_Baseline - INFO - Results saved:
2026-01-18 02:09:39 - RNN_Baseline - INFO -   Predictions: results_rnn_baseline/dataset_9/RNNTransformer_predictions_dataset9.csv
2026-01-18 02:09:39 - RNN_Baseline - INFO -   Summary:     results_rnn_baseline/dataset_9/RNNTransformer_summary_dataset9.json
2026-01-18 02:09:39 - RNN_Baseline - INFO -   Model checkpoint: results_rnn_baseline/dataset_9/models/RNNTransformer_best.pt
2026-01-18 02:09:39 - RNN_Baseline - INFO - 
######################################################################
2026-01-18 02:09:39 - RNN_Baseline - INFO - # FINAL COMPARISON OF ALL MODELS
2026-01-18 02:09:39 - RNN_Baseline - INFO - ######################################################################

2026-01-18 02:09:39 - RNN_Baseline - INFO - Model           Accuracy   Precision  Recall     F1         AUC       
2026-01-18 02:09:39 - RNN_Baseline - INFO - ---------------------------------------------------------------------------
2026-01-18 02:09:39 - RNN_Baseline - INFO - Transformer     0.6955     0.7011     0.4796     0.5696     0.6689    
2026-01-18 02:09:39 - RNN_Baseline - INFO - RNNTransformer  0.6964     0.6986     0.4875     0.5742     0.6698    
2026-01-18 02:09:39 - RNN_Baseline - INFO - 
Comparison saved to: results_rnn_baseline/dataset_9/comparison_dataset9.json
2026-01-18 02:09:39 - RNN_Baseline - INFO - 
============================================================
2026-01-18 02:09:39 - RNN_Baseline - INFO - BEST MODEL: RNNTransformer
2026-01-18 02:09:39 - RNN_Baseline - INFO -   F1 Score: 0.5742
2026-01-18 02:09:39 - RNN_Baseline - INFO -   AUC:      0.6698
2026-01-18 02:09:39 - RNN_Baseline - INFO - ============================================================
2026-01-18 02:09:39 - RNN_Baseline - INFO - 
Training completed successfully!
=== JOB FINISHED ===
Exit code: 0
Cache permanente mantenuta in: /cluster/work/projects/nn12048k/michechi/cache

Job 87518 consumed 0.0 billing hours and 1.8 GPU hours from project nn12048k.

Submitted 2026-01-17T17:24:17; waited 7.0 hours in the queue after becoming eligible to run.

Requested wallclock time: 14.0 hours
Elapsed wallclock time:   1.8 hours

Job exited normally.

Task and CPU statistics:
ID               CPUs  Tasks  CPU util                Start  Elapsed  Exit status
87518               1            0.0 %  2026-01-18T00:24:12    1.8 h  0
87518.batch         1      1     0.0 %  2026-01-18T00:24:12    1.8 h  0
87518.apptainer     1      1     0.0 %  2026-01-18T00:24:13    1.8 h  0

Used CPU time:   0.2 CPU seconds
Unused CPU time: 1.8 CPU hours

Memory statistics, in GiB:
ID                Alloc   Usage
87518             128.0        
87518.batch       128.0     0.1
87518.apptainer   128.0     5.5

Job 87518 completed at Sun Jan 18 02:09:40 CET 2026
