Starting job 91076 on gpu-1-13 on Olivia at Tue Jan 20 16:25:49 CET 2026

=== JOB CONFIGURATION ===
Job ID: 91076
Node: gpu-1-13
Permanent Cache: /cluster/work/projects/nn12048k/michechi/cache
=== STARTING CONTAINER ===
Container: /cluster/work/projects/nn12048k/michechi/extended-pytorch/extended-pytorch.sif
Environment: HUGGING_FACE_HUB_TOKEN=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,HF_HOME=/cluster/work/projects/nn12048k/michechi/cache,HF_DATASETS_CACHE=/cluster/work/projects/nn12048k/michechi/cache,XDG_CACHE_HOME=/cluster/work/projects/nn12048k/michechi/cache,PYTHONUNBUFFERED=1

Job 91076 consumed 0.0 billing hours and 0.0 GPU hours from project nn12048k.

Submitted 2026-01-20T16:09:59; waited 15.8 minutes in the queue after becoming eligible to run.

Requested wallclock time: 2.0 hours
Elapsed wallclock time:   11.0 seconds

Job failed.

Task and CPU statistics:
ID               CPUs  Tasks  CPU util                Start  Elapsed  Exit status
91076               1            0.0 %  2026-01-20T16:25:48   11.0 s  1
91076.batch         1      1     1.6 %  2026-01-20T16:25:48   11.0 s  1
91076.apptainer     1      1     0.0 %  2026-01-20T16:25:49   10.0 s  1

Used CPU time:   0.2 CPU seconds
Unused CPU time: 10.8 CPU seconds

Memory statistics, in GiB:
ID                Alloc   Usage
91076              40.0        
91076.batch        40.0     0.0
91076.apptainer    40.0     2.9

Job 91076 completed at Tue Jan 20 16:25:59 CET 2026
