Starting job 91115 on gpu-1-45 on Olivia at Tue Jan 20 17:01:10 CET 2026

=== JOB CONFIGURATION ===
Job ID: 91115
Node: gpu-1-45
Permanent Cache: /cluster/work/projects/nn12048k/michechi/cache
=== STARTING CONTAINER ===
Container: /cluster/work/projects/nn12048k/michechi/extended-pytorch/extended-pytorch.sif
Environment: HUGGING_FACE_HUB_TOKEN=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,HF_HOME=/cluster/work/projects/nn12048k/michechi/cache,HF_DATASETS_CACHE=/cluster/work/projects/nn12048k/michechi/cache,XDG_CACHE_HOME=/cluster/work/projects/nn12048k/michechi/cache,PYTHONUNBUFFERED=1
=== JOB FINISHED ===
Exit code: 0
Cache permanente mantenuta in: /cluster/work/projects/nn12048k/michechi/cache

Job 91115 consumed 0.0 billing hours and 8.2 GPU hours from project nn12048k.

Submitted 2026-01-20T17:01:09; waited 1.0 seconds in the queue after becoming eligible to run.

Requested wallclock time: 15.0 hours
Elapsed wallclock time:   8.2 hours

Job exited normally.

Task and CPU statistics:
ID               CPUs  Tasks  CPU util                Start  Elapsed  Exit status
91115               1            0.0 %  2026-01-20T17:01:10    8.2 h  0
91115.batch         1      1     0.0 %  2026-01-20T17:01:10    8.2 h  0
91115.apptainer     1      1     0.0 %  2026-01-20T17:01:10    8.2 h  0

Used CPU time:   0.3 CPU seconds
Unused CPU time: 8.2 CPU hours

Memory statistics, in GiB:
ID                Alloc   Usage
91115              40.0        
91115.batch        40.0     0.0
91115.apptainer    40.0     7.5

Job 91115 completed at Wed Jan 21 01:15:14 CET 2026
