The following modules were not unloaded:
  (Use "module --force purge" to unload all):

  1) init-NRIS
INFO:    gocryptfs not found, will not be able to use gocryptfs
/usr/bin/rm: cannot remove '/usr/local/cuda/compat/lib': Read-only file system
rm: cannot remove '/usr/local/cuda/compat/lib': Read-only file system
2026-01-21 18:51:41,440: Arguments:
2026-01-21 18:51:41,441:   batch_size: 64
2026-01-21 18:51:41,441:   epochs: 30
2026-01-21 18:51:41,441:   fractions: 0.01,0.10,0.30,0.50,0.75,1.0
2026-01-21 18:51:41,441:   label_column: Outcome
2026-01-21 18:51:41,441:   models: BiLSTM,RNNTransformer
2026-01-21 18:51:41,441:   no_search: False
2026-01-21 18:51:41,441:   number_to_use: 9
2026-01-21 18:51:41,441:   optimal: True
2026-01-21 18:51:41,442:   output_dir: results
2026-01-21 18:51:41,442:   path_csv: /cluster/home/michechi/MIMICIV/data/simulation/tested/
2026-01-21 18:51:41,442:   patience: 2
2026-01-21 18:51:41,442:   seed: 2234
2026-01-21 18:51:41,442:   sequence_column: Sequences
2026-01-21 18:51:41,442:   sequence_separator: 
2026-01-21 18:51:41,987: Using device: cuda
2026-01-21 18:51:41,987: Loading data from: /cluster/home/michechi/MIMICIV/data/simulation/tested/
2026-01-21 18:51:42,758: Data loaded - Train: 400000, Val: 50000, Test: 50000
2026-01-21 18:51:42,785: Maximum sequence length: 20
2026-01-21 18:51:42,786: Testing fractions: [0.01, 0.1, 0.3, 0.5, 0.75, 1.0]
2026-01-21 18:51:42,786: Models to train: ['BiLSTM', 'RNNTransformer']
2026-01-21 18:51:42,787: Using OPTIMAL configurations
2026-01-21 18:51:42,787: 
======================================================================
2026-01-21 18:51:42,787: MODEL: BiLSTM
2026-01-21 18:51:42,787: ======================================================================
2026-01-21 18:51:42,787: --------------------------------------------------
2026-01-21 18:51:42,787: Training BiLSTM with 1% of training data
2026-01-21 18:51:42,787: --------------------------------------------------
2026-01-21 18:51:42,863: Training subset size: 4000
2026-01-21 18:51:51,744:   Epoch [5/30] Train Loss: 0.6422, Val F1: 0.4843, Val AUC: 0.5556
2026-01-21 18:51:54,233:   Early stopping at epoch 7
2026-01-21 18:51:55,320: BiLSTM @ 1% - Test AUC: 0.5551, Test F1: 0.4832, Precision: 0.4597, Recall: 0.5093, Time: 12.5s
2026-01-21 18:51:55,320:   Confusion Matrix: TN=16422, FP=12575, FN=10306, TP=10697
2026-01-21 18:51:55,406: --------------------------------------------------
2026-01-21 18:51:55,407: Training BiLSTM with 10% of training data
2026-01-21 18:51:55,407: --------------------------------------------------
2026-01-21 18:51:55,493: Training subset size: 40000
2026-01-21 18:52:09,929:   Epoch [5/30] Train Loss: 0.6525, Val F1: 0.4068, Val AUC: 0.6006
2026-01-21 18:52:09,929:   Early stopping at epoch 5
2026-01-21 18:52:11,024: BiLSTM @ 10% - Test AUC: 0.5990, Test F1: 0.4436, Precision: 0.5288, Recall: 0.3821, Time: 15.6s
2026-01-21 18:52:11,024:   Confusion Matrix: TN=21845, FP=7152, FN=12978, TP=8025
2026-01-21 18:52:11,107: --------------------------------------------------
2026-01-21 18:52:11,108: Training BiLSTM with 30% of training data
2026-01-21 18:52:11,108: --------------------------------------------------
2026-01-21 18:52:11,191: Training subset size: 120000
2026-01-21 18:52:43,981:   Epoch [5/30] Train Loss: 0.6418, Val F1: 0.5240, Val AUC: 0.6487
2026-01-21 18:52:57,179:   Early stopping at epoch 7
2026-01-21 18:52:58,286: BiLSTM @ 30% - Test AUC: 0.6490, Test F1: 0.5260, Precision: 0.6267, Recall: 0.4532, Time: 47.2s
2026-01-21 18:52:58,286:   Confusion Matrix: TN=23327, FP=5670, FN=11485, TP=9518
2026-01-21 18:52:58,371: --------------------------------------------------
2026-01-21 18:52:58,372: Training BiLSTM with 50% of training data
2026-01-21 18:52:58,372: --------------------------------------------------
2026-01-21 18:52:58,456: Training subset size: 200000
2026-01-21 18:53:50,233:   Epoch [5/30] Train Loss: 0.6359, Val F1: 0.5207, Val AUC: 0.6523
2026-01-21 18:54:21,480:   Early stopping at epoch 8
2026-01-21 18:54:22,594: BiLSTM @ 50% - Test AUC: 0.6545, Test F1: 0.5407, Precision: 0.6498, Recall: 0.4629, Time: 84.2s
2026-01-21 18:54:22,594:   Confusion Matrix: TN=23758, FP=5239, FN=11281, TP=9722
2026-01-21 18:54:22,683: --------------------------------------------------
2026-01-21 18:54:22,684: Training BiLSTM with 75% of training data
2026-01-21 18:54:22,684: --------------------------------------------------
2026-01-21 18:54:22,770: Training subset size: 300000
2026-01-21 18:55:23,479:   Early stopping at epoch 4
2026-01-21 18:55:24,602: BiLSTM @ 75% - Test AUC: 0.6376, Test F1: 0.4860, Precision: 0.5906, Recall: 0.4129, Time: 61.9s
2026-01-21 18:55:24,602:   Confusion Matrix: TN=22984, FP=6013, FN=12330, TP=8673
2026-01-21 18:55:24,693: --------------------------------------------------
2026-01-21 18:55:24,694: Training BiLSTM with 100% of training data
2026-01-21 18:55:24,694: --------------------------------------------------
2026-01-21 18:55:24,696: Training subset size: 400000
2026-01-21 18:57:04,593:   Epoch [5/30] Train Loss: 0.6330, Val F1: 0.5274, Val AUC: 0.6555
2026-01-21 18:57:04,593:   Early stopping at epoch 5
2026-01-21 18:57:05,724: BiLSTM @ 100% - Test AUC: 0.6579, Test F1: 0.5450, Precision: 0.6476, Recall: 0.4705, Time: 101.0s
2026-01-21 18:57:05,724:   Confusion Matrix: TN=23620, FP=5377, FN=11122, TP=9881
2026-01-21 18:57:05,813: 
======================================================================
2026-01-21 18:57:05,813: MODEL: RNNTransformer
2026-01-21 18:57:05,813: ======================================================================
2026-01-21 18:57:05,813: --------------------------------------------------
2026-01-21 18:57:05,813: Training RNNTransformer with 1% of training data
2026-01-21 18:57:05,813: --------------------------------------------------
2026-01-21 18:57:05,898: Training subset size: 4000
2026-01-21 18:57:17,200:   Epoch [5/30] Train Loss: 0.6706, Val F1: 0.2316, Val AUC: 0.5738
2026-01-21 18:57:23,739:   Early stopping at epoch 8
2026-01-21 18:57:25,506: RNNTransformer @ 1% - Test AUC: 0.5718, Test F1: 0.3448, Precision: 0.5140, Recall: 0.2594, Time: 19.7s
2026-01-21 18:57:25,507:   Confusion Matrix: TN=23844, FP=5153, FN=15554, TP=5449
2026-01-21 18:57:25,588: --------------------------------------------------
2026-01-21 18:57:25,589: Training RNNTransformer with 10% of training data
2026-01-21 18:57:25,589: --------------------------------------------------
2026-01-21 18:57:25,675: Training subset size: 40000
2026-01-21 18:57:49,993:   Early stopping at epoch 4
2026-01-21 18:57:51,774: RNNTransformer @ 10% - Test AUC: 0.5888, Test F1: 0.4148, Precision: 0.5215, Recall: 0.3443, Time: 26.2s
2026-01-21 18:57:51,774:   Confusion Matrix: TN=22363, FP=6634, FN=13772, TP=7231
2026-01-21 18:57:51,858: --------------------------------------------------
2026-01-21 18:57:51,859: Training RNNTransformer with 30% of training data
2026-01-21 18:57:51,859: --------------------------------------------------
2026-01-21 18:57:51,943: Training subset size: 120000
2026-01-21 18:59:06,092:   Epoch [5/30] Train Loss: 0.6623, Val F1: 0.3766, Val AUC: 0.6125
2026-01-21 19:00:20,415:   Epoch [10/30] Train Loss: 0.6264, Val F1: 0.5650, Val AUC: 0.6646
2026-01-21 19:01:20,032:   Early stopping at epoch 14
2026-01-21 19:01:21,826: RNNTransformer @ 30% - Test AUC: 0.6688, Test F1: 0.5701, Precision: 0.6649, Recall: 0.4990, Time: 210.0s
2026-01-21 19:01:21,827:   Confusion Matrix: TN=23715, FP=5282, FN=10523, TP=10480
2026-01-21 19:01:21,916: --------------------------------------------------
2026-01-21 19:01:21,917: Training RNNTransformer with 50% of training data
2026-01-21 19:01:21,917: --------------------------------------------------
2026-01-21 19:01:22,005: Training subset size: 200000
2026-01-21 19:02:32,895:   Early stopping at epoch 3
2026-01-21 19:02:34,695: RNNTransformer @ 50% - Test AUC: 0.5987, Test F1: 0.4181, Precision: 0.5327, Recall: 0.3440, Time: 72.8s
2026-01-21 19:02:34,695:   Confusion Matrix: TN=22660, FP=6337, FN=13778, TP=7225
2026-01-21 19:02:34,787: --------------------------------------------------
2026-01-21 19:02:34,788: Training RNNTransformer with 75% of training data
2026-01-21 19:02:34,788: --------------------------------------------------
2026-01-21 19:02:34,875: Training subset size: 300000
2026-01-21 19:05:28,737:   Epoch [5/30] Train Loss: 0.6241, Val F1: 0.5739, Val AUC: 0.6688
2026-01-21 19:06:37,591:   Early stopping at epoch 7
2026-01-21 19:06:39,362: RNNTransformer @ 75% - Test AUC: 0.6705, Test F1: 0.5763, Precision: 0.6726, Recall: 0.5042, Time: 244.6s
2026-01-21 19:06:39,362:   Confusion Matrix: TN=23841, FP=5156, FN=10413, TP=10590
2026-01-21 19:06:39,456: --------------------------------------------------
2026-01-21 19:06:39,457: Training RNNTransformer with 100% of training data
2026-01-21 19:06:39,457: --------------------------------------------------
2026-01-21 19:06:39,459: Training subset size: 400000
2026-01-21 19:10:25,566:   Epoch [5/30] Train Loss: 0.6182, Val F1: 0.5756, Val AUC: 0.6680
2026-01-21 19:11:56,732:   Early stopping at epoch 7
2026-01-21 19:11:58,529: RNNTransformer @ 100% - Test AUC: 0.6701, Test F1: 0.5777, Precision: 0.6922, Recall: 0.4957, Time: 319.1s
2026-01-21 19:11:58,529:   Confusion Matrix: TN=24367, FP=4630, FN=10592, TP=10411
2026-01-21 19:11:58,627: 
Results saved to: results/dl_fraction_experiment_9_OPTIMAL_20260121_191158.csv
2026-01-21 19:11:58,629: Detailed results saved to: results/dl_fraction_experiment_9_OPTIMAL_20260121_191158.json
2026-01-21 19:11:58,630: 
======================================================================
2026-01-21 19:11:58,630: EXPERIMENT SUMMARY
2026-01-21 19:11:58,630: ======================================================================
2026-01-21 19:11:58,630: 
BiLSTM:
2026-01-21 19:11:58,630: Fraction   Train N    Test AUC   Test F1    Precision  Recall    
2026-01-21 19:11:58,630: ------------------------------------------------------------
2026-01-21 19:11:58,630:      1%    4000       0.5551     0.4832     0.4597     0.5093    
2026-01-21 19:11:58,630:     10%    40000      0.5990     0.4436     0.5288     0.3821    
2026-01-21 19:11:58,630:     30%    120000     0.6490     0.5260     0.6267     0.4532    
2026-01-21 19:11:58,631:     50%    200000     0.6545     0.5407     0.6498     0.4629    
2026-01-21 19:11:58,631:     75%    300000     0.6376     0.4860     0.5906     0.4129    
2026-01-21 19:11:58,631:    100%    400000     0.6579     0.5450     0.6476     0.4705    
2026-01-21 19:11:58,631: 
RNNTransformer:
2026-01-21 19:11:58,631: Fraction   Train N    Test AUC   Test F1    Precision  Recall    
2026-01-21 19:11:58,631: ------------------------------------------------------------
2026-01-21 19:11:58,631:      1%    4000       0.5718     0.3448     0.5140     0.2594    
2026-01-21 19:11:58,631:     10%    40000      0.5888     0.4148     0.5215     0.3443    
2026-01-21 19:11:58,631:     30%    120000     0.6688     0.5701     0.6649     0.4990    
2026-01-21 19:11:58,631:     50%    200000     0.5987     0.4181     0.5327     0.3440    
2026-01-21 19:11:58,632:     75%    300000     0.6705     0.5763     0.6726     0.5042    
2026-01-21 19:11:58,632:    100%    400000     0.6701     0.5777     0.6922     0.4957    
