Starting job 98541 on gpu-1-76 on Olivia at Sat Jan 24 15:37:48 CET 2026

=== JOB CONFIGURATION ===
Job ID: 98541
Node: gpu-1-76
Permanent Cache: /cluster/work/projects/nn12048k/michechi/cache
=== STARTING CONTAINER ===
Container: /cluster/work/projects/nn12048k/michechi/extended-pytorch/extended-pytorch.sif
Environment: HUGGING_FACE_HUB_TOKEN=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,HF_HOME=/cluster/work/projects/nn12048k/michechi/cache,HF_DATASETS_CACHE=/cluster/work/projects/nn12048k/michechi/cache,XDG_CACHE_HOME=/cluster/work/projects/nn12048k/michechi/cache,PYTHONUNBUFFERED=1
=== JOB FINISHED ===
Exit code: 0
Cache permanente mantenuta in: /cluster/work/projects/nn12048k/michechi/cache

Job 98541 consumed 0.0 billing hours and 0.2 GPU hours from project nn12048k.

Submitted 2026-01-24T15:37:47; waited 1.0 seconds in the queue after becoming eligible to run.

Requested wallclock time: 15.0 hours
Elapsed wallclock time:   14.3 minutes

Job exited normally.

Task and CPU statistics:
ID               CPUs  Tasks  CPU util                Start  Elapsed  Exit status
98541               1            0.0 %  2026-01-24T15:37:48  857.0 s  0
98541.batch         1      1     0.0 %  2026-01-24T15:37:48  857.0 s  0
98541.apptainer     1      1     0.0 %  2026-01-24T15:37:48  857.0 s  0

Used CPU time:   0.2 CPU seconds
Unused CPU time: 14.3 CPU minutes

Memory statistics, in GiB:
ID                Alloc   Usage
98541              40.0        
98541.batch        40.0     0.0
98541.apptainer    40.0     3.1

Job 98541 completed at Sat Jan 24 15:52:05 CET 2026
