Starting job 98784 on gpu-1-76 on Olivia at Sun Jan 25 09:55:11 CET 2026

=== JOB CONFIGURATION ===
Job ID: 98784
Node: gpu-1-76
Permanent Cache: /cluster/work/projects/nn12048k/michechi/cache
=== STARTING CONTAINER ===
Container: /cluster/work/projects/nn12048k/michechi/extended-pytorch/extended-pytorch.sif
Environment: HUGGING_FACE_HUB_TOKEN=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,HF_HOME=/cluster/work/projects/nn12048k/michechi/cache,HF_DATASETS_CACHE=/cluster/work/projects/nn12048k/michechi/cache,XDG_CACHE_HOME=/cluster/work/projects/nn12048k/michechi/cache,PYTHONUNBUFFERED=1
=== JOB FINISHED ===
Exit code: 0
Cache permanente mantenuta in: /cluster/work/projects/nn12048k/michechi/cache

Job 98784 consumed 0.0 billing hours and 0.6 GPU hours from project nn12048k.

Submitted 2026-01-25T09:55:04; waited 6.0 seconds in the queue after becoming eligible to run.

Requested wallclock time: 15.0 hours
Elapsed wallclock time:   36.9 minutes

Job exited normally.

Task and CPU statistics:
ID               CPUs  Tasks  CPU util                Start   Elapsed  Exit status
98784               1            0.0 %  2026-01-25T09:55:10  2215.0 s  0
98784.batch         1      1     0.0 %  2026-01-25T09:55:10  2215.0 s  0
98784.apptainer     1      1     0.0 %  2026-01-25T09:55:11  2214.0 s  0

Used CPU time:   0.2 CPU seconds
Unused CPU time: 36.9 CPU minutes

Memory statistics, in GiB:
ID                Alloc   Usage
98784              40.0        
98784.batch        40.0     0.1
98784.apptainer    40.0     5.9

Job 98784 completed at Sun Jan 25 10:32:06 CET 2026
