Starting job 94443 on gpu-1-58 on Olivia at Thu Jan 22 00:11:48 CET 2026

=== JOB CONFIGURATION ===
Job ID: 94443
Node: gpu-1-58
Permanent Cache: /cluster/work/projects/nn12048k/michechi/cache
=== STARTING CONTAINER ===
Container: /cluster/work/projects/nn12048k/michechi/extended-pytorch/extended-pytorch.sif
Environment: HUGGING_FACE_HUB_TOKEN=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,HF_HOME=/cluster/work/projects/nn12048k/michechi/cache,HF_DATASETS_CACHE=/cluster/work/projects/nn12048k/michechi/cache,XDG_CACHE_HOME=/cluster/work/projects/nn12048k/michechi/cache,PYTHONUNBUFFERED=1
=== JOB FINISHED ===
Exit code: 0
Cache permanente mantenuta in: /cluster/work/projects/nn12048k/michechi/cache

Job 94443 consumed 0.0 billing hours and 4.2 GPU hours from project nn12048k.

Submitted 2026-01-22T00:11:47; waited 0.0 seconds in the queue after becoming eligible to run.

Requested wallclock time: 15.0 hours
Elapsed wallclock time:   4.2 hours

Job exited normally.

Task and CPU statistics:
ID               CPUs  Tasks  CPU util                Start  Elapsed  Exit status
94443               1            0.0 %  2026-01-22T00:11:47    4.2 h  0
94443.batch         1      1     0.0 %  2026-01-22T00:11:47    4.2 h  0
94443.apptainer     1      1     0.0 %  2026-01-22T00:11:49    4.2 h  0

Used CPU time:   0.2 CPU seconds
Unused CPU time: 4.2 CPU hours

Memory statistics, in GiB:
ID                Alloc   Usage
94443              40.0        
94443.batch        40.0     0.0
94443.apptainer    40.0     5.7

Job 94443 completed at Thu Jan 22 04:22:48 CET 2026
