The following modules were not unloaded:
  (Use "module --force purge" to unload all):

  1) init-NRIS
INFO:    gocryptfs not found, will not be able to use gocryptfs
/usr/bin/rm: cannot remove '/usr/local/cuda/compat/lib': Read-only file system
rm: cannot remove '/usr/local/cuda/compat/lib': Read-only file system
2026-01-20 16:59:07,426: Arguments:
2026-01-20 16:59:07,427:   batch_size: 64
2026-01-20 16:59:07,427:   epochs: 30
2026-01-20 16:59:07,427:   fractions: 0.01,0.10,0.30,0.50,0.75,1.0
2026-01-20 16:59:07,427:   label_column: Outcome
2026-01-20 16:59:07,427:   models: all
2026-01-20 16:59:07,427:   no_search: False
2026-01-20 16:59:07,427:   number_to_use: 9
2026-01-20 16:59:07,427:   optimal: True
2026-01-20 16:59:07,427:   output_dir: results
2026-01-20 16:59:07,428:   path_csv: /cluster/home/michechi/MIMICIV/data/simulation/tested/
2026-01-20 16:59:07,428:   patience: 5
2026-01-20 16:59:07,428:   seed: 42
2026-01-20 16:59:07,428:   sequence_column: Sequences
2026-01-20 16:59:07,428:   sequence_separator: 
2026-01-20 16:59:07,948: Using device: cuda
2026-01-20 16:59:07,948: Loading data from: /cluster/home/michechi/MIMICIV/data/simulation/tested/
2026-01-20 16:59:08,852: Data loaded - Train: 400000, Val: 50000, Test: 50000
2026-01-20 16:59:08,880: Maximum sequence length: 20
2026-01-20 16:59:08,881: Testing fractions: [0.01, 0.1, 0.3, 0.5, 0.75, 1.0]
2026-01-20 16:59:08,881: Models to train: ['MLP', 'CNN1D', 'Transformer', 'LSTM', 'BiLSTM', 'GRU', 'RNNTransformer']
2026-01-20 16:59:08,881: Using OPTIMAL configurations
2026-01-20 16:59:08,881: 
======================================================================
2026-01-20 16:59:08,881: MODEL: MLP
2026-01-20 16:59:08,881: ======================================================================
2026-01-20 16:59:08,882: --------------------------------------------------
2026-01-20 16:59:08,882: Training MLP with 1% of training data
2026-01-20 16:59:08,882: --------------------------------------------------
2026-01-20 16:59:08,953: Training subset size: 4000
2026-01-20 17:03:42,851:   Epoch [5/30] Train Loss: 0.1672, Val F1: 0.4279, Val AUC: 0.5296
2026-01-20 17:06:25,838:   Early stopping at epoch 8
2026-01-20 17:07:16,188: MLP @ 1% - Test AUC: 0.5407, Test F1: 0.4713, Precision: 0.4517, Recall: 0.4928, Time: 487.3s
2026-01-20 17:07:16,189:   Confusion Matrix: TN=16430, FP=12567, FN=10652, TP=10351
2026-01-20 17:07:16,276: --------------------------------------------------
2026-01-20 17:07:16,276: Training MLP with 10% of training data
2026-01-20 17:07:16,276: --------------------------------------------------
2026-01-20 17:07:16,361: Training subset size: 40000
2026-01-20 17:14:53,460:   Epoch [5/30] Train Loss: 0.4609, Val F1: 0.4038, Val AUC: 0.5528
2026-01-20 17:20:59,404:   Early stopping at epoch 9
2026-01-20 17:21:49,847: MLP @ 10% - Test AUC: 0.5649, Test F1: 0.4560, Precision: 0.4806, Recall: 0.4338, Time: 873.6s
2026-01-20 17:21:49,847:   Confusion Matrix: TN=19151, FP=9846, FN=11891, TP=9112
2026-01-20 17:21:49,934: --------------------------------------------------
2026-01-20 17:21:49,934: Training MLP with 30% of training data
2026-01-20 17:21:49,934: --------------------------------------------------
2026-01-20 17:21:50,018: Training subset size: 120000
2026-01-20 17:36:20,017:   Epoch [5/30] Train Loss: 0.5626, Val F1: 0.4298, Val AUC: 0.5736
srun: Job step aborted: Waiting up to 32 seconds for job step to finish.
[2026-01-20T17:42:07.291] error: *** STEP 91112.0 ON gpu-1-54 CANCELLED AT 2026-01-20T17:42:07 DUE to SIGNAL Terminated ***
[2026-01-20T17:42:07.291] error: *** JOB 91112 ON gpu-1-54 CANCELLED AT 2026-01-20T17:42:07 DUE to SIGNAL Terminated ***
