Starting job 91823 on gpu-1-67 on Olivia at Tue Jan 20 23:44:06 CET 2026

=== JOB CONFIGURATION ===
Job ID: 91823
Node: gpu-1-67
Permanent Cache: /cluster/work/projects/nn12048k/michechi/cache
=== STARTING CONTAINER ===
Container: /cluster/work/projects/nn12048k/michechi/extended-pytorch/extended-pytorch.sif
Environment: HUGGING_FACE_HUB_TOKEN=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,HF_HOME=/cluster/work/projects/nn12048k/michechi/cache,HF_DATASETS_CACHE=/cluster/work/projects/nn12048k/michechi/cache,XDG_CACHE_HOME=/cluster/work/projects/nn12048k/michechi/cache,PYTHONUNBUFFERED=1
2026-01-20 23:44:13 - RNN_Baseline - INFO - Logging initialized. Log file: results_rnn_baseline/dataset_test_just_pair/logs/training_20260120_234413.log
2026-01-20 23:44:13 - RNN_Baseline - INFO - ======================================================================
2026-01-20 23:44:13 - RNN_Baseline - INFO - RNN BASELINE TRAINING SCRIPT
2026-01-20 23:44:13 - RNN_Baseline - INFO - ======================================================================
2026-01-20 23:44:13 - RNN_Baseline - INFO - Arguments:
2026-01-20 23:44:13 - RNN_Baseline - INFO -   path_csv: /cluster/home/michechi/MIMICIV/data/simulation/tested/
2026-01-20 23:44:13 - RNN_Baseline - INFO -   number_to_use: test_just_pair
2026-01-20 23:44:13 - RNN_Baseline - INFO -   sequence_column: Sequences
2026-01-20 23:44:13 - RNN_Baseline - INFO -   label_column: Outcome
2026-01-20 23:44:13 - RNN_Baseline - INFO -   test_rnd: False
2026-01-20 23:44:13 - RNN_Baseline - INFO -   sequence_separator: 
2026-01-20 23:44:13 - RNN_Baseline - INFO -   models: all
2026-01-20 23:44:13 - RNN_Baseline - INFO -   no_search: False
2026-01-20 23:44:13 - RNN_Baseline - INFO -   search_trials: 5
2026-01-20 23:44:13 - RNN_Baseline - INFO -   batch_size: 64
2026-01-20 23:44:13 - RNN_Baseline - INFO -   final_epochs: 20
2026-01-20 23:44:13 - RNN_Baseline - INFO -   seed: 12345
2026-01-20 23:44:13 - RNN_Baseline - INFO -   save_models: True
2026-01-20 23:44:13 - RNN_Baseline - INFO -   output_dir: results_rnn_baseline
2026-01-20 23:44:13 - RNN_Baseline - INFO - Random seed set to: 12345
2026-01-20 23:44:14 - RNN_Baseline - INFO - Using device: cuda
2026-01-20 23:44:14 - RNN_Baseline - INFO -   GPU: NVIDIA GH200 120GB
2026-01-20 23:44:14 - RNN_Baseline - INFO -   Memory: 102.01 GB
2026-01-20 23:44:14 - RNN_Baseline - INFO - Loading data from: /cluster/home/michechi/MIMICIV/data/simulation/tested/
2026-01-20 23:44:14 - RNN_Baseline - INFO - Using dataset number: test_just_pair
2026-01-20 23:44:14 - RNN_Baseline - INFO - Sequence separator: '\x1f'
2026-01-20 23:44:15 - RNN_Baseline - INFO - Preprocessing sequences (splitting by separator)...
2026-01-20 23:44:16 - RNN_Baseline - INFO - Reducing dataset by 50% (balanced by class)...
2026-01-20 23:44:16 - RNN_Baseline - INFO -   Dataset reduced to 50% for each split
2026-01-20 23:44:16 - RNN_Baseline - INFO - Data loaded successfully:
2026-01-20 23:44:16 - RNN_Baseline - INFO -   Train: 400000 sequences
2026-01-20 23:44:16 - RNN_Baseline - INFO -   Val:   49999 sequences
2026-01-20 23:44:16 - RNN_Baseline - INFO -   Test:  49999 sequences
2026-01-20 23:44:16 - RNN_Baseline - INFO -   Class distribution (train): 200567 (label=0) / 199433 (label=1)
2026-01-20 23:44:16 - RNN_Baseline - INFO -   Sequence length: min=20, max=20, mean=20.0
2026-01-20 23:44:16 - RNN_Baseline - INFO - Maximum sequence length in dataset: 20
2026-01-20 23:44:16 - RNN_Baseline - INFO - Creating PyTorch datasets...
2026-01-20 23:44:16 - RNN_Baseline - INFO - Creating dataloaders (batch_size=64)...
2026-01-20 23:44:16 - RNN_Baseline - INFO -   Train batches: 6250
2026-01-20 23:44:16 - RNN_Baseline - INFO -   Val batches:   782
2026-01-20 23:44:16 - RNN_Baseline - INFO -   Test batches:  782
2026-01-20 23:44:16 - RNN_Baseline - INFO - Models to train: MLP, CNN1D, Transformer, LSTM, BiLSTM, GRU, RNNTransformer
2026-01-20 23:44:16 - RNN_Baseline - INFO - 
######################################################################
2026-01-20 23:44:16 - RNN_Baseline - INFO - # TRAINING MLP
2026-01-20 23:44:16 - RNN_Baseline - INFO - ######################################################################
2026-01-20 23:44:16 - RNN_Baseline - INFO - ============================================================
2026-01-20 23:44:16 - RNN_Baseline - INFO - RANDOM SEARCH for MLP (5 trials)
2026-01-20 23:44:16 - RNN_Baseline - INFO - ============================================================
2026-01-20 23:44:16 - RNN_Baseline - INFO - 
Trial 1/5:
2026-01-20 23:44:16 - RNN_Baseline - INFO -   Config: {'vocab_size': 26, 'max_seq_length': 30, 'hidden_dims': [512, 256, 128], 'num_classes': 2, 'dropout': 0.2}
2026-01-20 23:44:16 - RNN_Baseline - INFO -   LR: 0.001
2026-01-20 23:44:16 - RNN_Baseline - INFO - Starting training for MLP_trial0
2026-01-21 00:22:32 - RNN_Baseline - INFO -   Epoch [5/15] Train Loss: 0.6908, Val F1: 0.4459, Val AUC: 0.5042
2026-01-21 00:45:29 - RNN_Baseline - INFO -   Early stopping at epoch 8
2026-01-21 00:45:29 - RNN_Baseline - INFO - Training completed. Best epoch: 3, Best Val F1: 0.6206
2026-01-21 00:45:29 - RNN_Baseline - INFO -   → Val F1: 0.6206
2026-01-21 00:45:29 - RNN_Baseline - INFO - 
Trial 2/5:
2026-01-21 00:45:29 - RNN_Baseline - INFO -   Config: {'vocab_size': 26, 'max_seq_length': 30, 'hidden_dims': [256, 128, 64], 'num_classes': 2, 'dropout': 0.3}
2026-01-21 00:45:29 - RNN_Baseline - INFO -   LR: 0.001
2026-01-21 00:45:29 - RNN_Baseline - INFO - Starting training for MLP_trial1
2026-01-21 01:23:40 - RNN_Baseline - INFO -   Epoch [5/15] Train Loss: 0.6926, Val F1: 0.6010, Val AUC: 0.5010
2026-01-21 01:31:18 - RNN_Baseline - INFO -   Early stopping at epoch 6
2026-01-21 01:31:18 - RNN_Baseline - INFO - Training completed. Best epoch: 1, Best Val F1: 0.6682
2026-01-21 01:31:18 - RNN_Baseline - INFO -   → Val F1: 0.6682
2026-01-21 01:31:18 - RNN_Baseline - INFO - 
Trial 3/5:
2026-01-21 01:31:18 - RNN_Baseline - INFO -   Config: {'vocab_size': 26, 'max_seq_length': 30, 'hidden_dims': [512, 256, 128], 'num_classes': 2, 'dropout': 0.3}
2026-01-21 01:31:18 - RNN_Baseline - INFO -   LR: 0.001
2026-01-21 01:31:18 - RNN_Baseline - INFO - Starting training for MLP_trial2
2026-01-21 02:09:17 - RNN_Baseline - INFO -   Epoch [5/15] Train Loss: 0.6933, Val F1: 0.6682, Val AUC: 0.4994
2026-01-21 02:47:15 - RNN_Baseline - INFO -   Epoch [10/15] Train Loss: 0.6922, Val F1: 0.6682, Val AUC: 0.4999
2026-01-21 03:25:13 - RNN_Baseline - INFO -   Epoch [15/15] Train Loss: 0.6732, Val F1: 0.1520, Val AUC: 0.5020
2026-01-21 03:25:13 - RNN_Baseline - INFO -   Early stopping at epoch 15
2026-01-21 03:25:13 - RNN_Baseline - INFO - Training completed. Best epoch: 10, Best Val F1: 0.6682
2026-01-21 03:25:13 - RNN_Baseline - INFO -   → Val F1: 0.6682
2026-01-21 03:25:13 - RNN_Baseline - INFO - 
Trial 4/5:
2026-01-21 03:25:13 - RNN_Baseline - INFO -   Config: {'vocab_size': 26, 'max_seq_length': 30, 'hidden_dims': [256, 128], 'num_classes': 2, 'dropout': 0.5}
2026-01-21 03:25:13 - RNN_Baseline - INFO -   LR: 0.001
2026-01-21 03:25:13 - RNN_Baseline - INFO - Starting training for MLP_trial3
2026-01-21 04:03:04 - RNN_Baseline - INFO -   Epoch [5/15] Train Loss: 0.6932, Val F1: 0.0000, Val AUC: 0.4992
2026-01-21 04:18:13 - RNN_Baseline - INFO -   Early stopping at epoch 7
2026-01-21 04:18:13 - RNN_Baseline - INFO - Training completed. Best epoch: 2, Best Val F1: 0.6642
2026-01-21 04:18:13 - RNN_Baseline - INFO -   → Val F1: 0.6642
2026-01-21 04:18:13 - RNN_Baseline - INFO - 
Trial 5/5:
2026-01-21 04:18:13 - RNN_Baseline - INFO -   Config: {'vocab_size': 26, 'max_seq_length': 30, 'hidden_dims': [512, 256], 'num_classes': 2, 'dropout': 0.3}
2026-01-21 04:18:13 - RNN_Baseline - INFO -   LR: 0.001
2026-01-21 04:18:13 - RNN_Baseline - INFO - Starting training for MLP_trial4
2026-01-21 04:55:56 - RNN_Baseline - INFO -   Epoch [5/15] Train Loss: 0.6914, Val F1: 0.5796, Val AUC: 0.5012
2026-01-21 05:18:39 - RNN_Baseline - INFO -   Early stopping at epoch 8
2026-01-21 05:18:39 - RNN_Baseline - INFO - Training completed. Best epoch: 3, Best Val F1: 0.6242
2026-01-21 05:18:39 - RNN_Baseline - INFO -   → Val F1: 0.6242
2026-01-21 05:18:39 - RNN_Baseline - INFO - 
============================================================
2026-01-21 05:18:39 - RNN_Baseline - INFO - BEST CONFIGURATION (Trial 3):
2026-01-21 05:18:39 - RNN_Baseline - INFO - ============================================================
2026-01-21 05:18:39 - RNN_Baseline - INFO - Val F1: 0.6682
2026-01-21 05:18:39 - RNN_Baseline - INFO - Parameters: 564,354
2026-01-21 05:18:39 - RNN_Baseline - INFO - Config:
2026-01-21 05:18:39 - RNN_Baseline - INFO -   max_seq_length: 30
2026-01-21 05:18:39 - RNN_Baseline - INFO -   hidden_dims: [512, 256, 128]
2026-01-21 05:18:39 - RNN_Baseline - INFO -   dropout: 0.3
2026-01-21 05:18:39 - RNN_Baseline - INFO -   lr: 0.001
2026-01-21 05:18:39 - RNN_Baseline - INFO - 
============================================================
2026-01-21 05:18:39 - RNN_Baseline - INFO - FINAL TRAINING with best configuration
2026-01-21 05:18:39 - RNN_Baseline - INFO - ============================================================
2026-01-21 05:18:39 - RNN_Baseline - INFO - Model parameters: 564,354
2026-01-21 05:18:39 - RNN_Baseline - INFO - Starting training for MLP
2026-01-21 05:56:40 - RNN_Baseline - INFO -   Epoch [5/20] Train Loss: 0.6932, Val F1: 0.6682, Val AUC: 0.5000
2026-01-21 06:27:05 - RNN_Baseline - INFO -   Early stopping at epoch 9
2026-01-21 06:27:05 - RNN_Baseline - INFO - Training completed. Best epoch: 4, Best Val F1: 0.6682
2026-01-21 06:27:05 - RNN_Baseline - INFO - Final Validation F1: 0.6682
2026-01-21 06:27:05 - RNN_Baseline - INFO - 
============================================================
2026-01-21 06:27:05 - RNN_Baseline - INFO - TEST SET EVALUATION
2026-01-21 06:27:05 - RNN_Baseline - INFO - ============================================================
2026-01-21 06:27:55 - RNN_Baseline - INFO - 
Test Results for MLP:
2026-01-21 06:27:55 - RNN_Baseline - INFO -   Accuracy:  0.4986
2026-01-21 06:27:55 - RNN_Baseline - INFO -   Precision: 0.0000
2026-01-21 06:27:55 - RNN_Baseline - INFO -   Recall:    0.0000
2026-01-21 06:27:55 - RNN_Baseline - INFO -   F1 Score:  0.0000
2026-01-21 06:27:55 - RNN_Baseline - INFO -   AUC:       0.5000
2026-01-21 06:27:55 - RNN_Baseline - INFO -   Confusion Matrix:
2026-01-21 06:27:55 - RNN_Baseline - INFO -     [[24932, 0], [25067, 0]]
2026-01-21 06:27:55 - RNN_Baseline - INFO - Results saved:
2026-01-21 06:27:55 - RNN_Baseline - INFO -   Predictions: results_rnn_baseline/dataset_test_just_pair/MLP_predictions_datasettest_just_pair.csv
2026-01-21 06:27:55 - RNN_Baseline - INFO -   Summary:     results_rnn_baseline/dataset_test_just_pair/MLP_summary_datasettest_just_pair.json
2026-01-21 06:27:55 - RNN_Baseline - INFO -   Model checkpoint: results_rnn_baseline/dataset_test_just_pair/models/MLP_best.pt
2026-01-21 06:27:55 - RNN_Baseline - INFO - 
######################################################################
2026-01-21 06:27:55 - RNN_Baseline - INFO - # TRAINING CNN1D
2026-01-21 06:27:55 - RNN_Baseline - INFO - ######################################################################
2026-01-21 06:27:55 - RNN_Baseline - INFO - ============================================================
2026-01-21 06:27:55 - RNN_Baseline - INFO - RANDOM SEARCH for CNN1D (5 trials)
2026-01-21 06:27:55 - RNN_Baseline - INFO - ============================================================
2026-01-21 06:27:55 - RNN_Baseline - INFO - 
Trial 1/5:
2026-01-21 06:27:55 - RNN_Baseline - INFO -   Config: {'vocab_size': 26, 'embedding_dim': 128, 'num_filters': 256, 'kernel_sizes': [3, 4, 5], 'num_classes': 2, 'dropout': 0.4}
2026-01-21 06:27:55 - RNN_Baseline - INFO -   LR: 0.002
2026-01-21 06:27:55 - RNN_Baseline - INFO - Starting training for CNN1D_trial0
2026-01-21 06:29:18 - RNN_Baseline - INFO -   Epoch [5/15] Train Loss: 0.6932, Val F1: 0.6682, Val AUC: 0.5000
2026-01-21 06:30:40 - RNN_Baseline - INFO -   Epoch [10/15] Train Loss: 0.6932, Val F1: 0.6682, Val AUC: 0.5000
2026-01-21 06:30:40 - RNN_Baseline - INFO -   Early stopping at epoch 10
2026-01-21 06:30:40 - RNN_Baseline - INFO - Training completed. Best epoch: 5, Best Val F1: 0.6682
2026-01-21 06:30:40 - RNN_Baseline - INFO -   → Val F1: 0.6682
2026-01-21 06:30:40 - RNN_Baseline - INFO - 
Trial 2/5:
2026-01-21 06:30:40 - RNN_Baseline - INFO -   Config: {'vocab_size': 26, 'embedding_dim': 64, 'num_filters': 256, 'kernel_sizes': [2, 3, 4], 'num_classes': 2, 'dropout': 0.2}
2026-01-21 06:30:40 - RNN_Baseline - INFO -   LR: 0.0005
2026-01-21 06:30:40 - RNN_Baseline - INFO - Starting training for CNN1D_trial1
2026-01-21 06:32:02 - RNN_Baseline - INFO -   Epoch [5/15] Train Loss: 0.6931, Val F1: 0.5944, Val AUC: 0.5002
2026-01-21 06:32:19 - RNN_Baseline - INFO -   Early stopping at epoch 6
2026-01-21 06:32:19 - RNN_Baseline - INFO - Training completed. Best epoch: 1, Best Val F1: 0.6253
2026-01-21 06:32:19 - RNN_Baseline - INFO -   → Val F1: 0.6253
2026-01-21 06:32:19 - RNN_Baseline - INFO - 
Trial 3/5:
2026-01-21 06:32:19 - RNN_Baseline - INFO -   Config: {'vocab_size': 26, 'embedding_dim': 128, 'num_filters': 64, 'kernel_sizes': [2, 3, 4], 'num_classes': 2, 'dropout': 0.3}
2026-01-21 06:32:19 - RNN_Baseline - INFO -   LR: 0.001
2026-01-21 06:32:19 - RNN_Baseline - INFO - Starting training for CNN1D_trial2
2026-01-21 06:33:40 - RNN_Baseline - INFO -   Epoch [5/15] Train Loss: 0.6932, Val F1: 0.0517, Val AUC: 0.5001
2026-01-21 06:35:02 - RNN_Baseline - INFO -   Epoch [10/15] Train Loss: 0.6932, Val F1: 0.0517, Val AUC: 0.5001
2026-01-21 06:35:18 - RNN_Baseline - INFO -   Early stopping at epoch 11
2026-01-21 06:35:18 - RNN_Baseline - INFO - Training completed. Best epoch: 6, Best Val F1: 0.6682
2026-01-21 06:35:18 - RNN_Baseline - INFO -   → Val F1: 0.6682
2026-01-21 06:35:18 - RNN_Baseline - INFO - 
Trial 4/5:
2026-01-21 06:35:18 - RNN_Baseline - INFO -   Config: {'vocab_size': 26, 'embedding_dim': 32, 'num_filters': 128, 'kernel_sizes': [3, 4, 5, 6], 'num_classes': 2, 'dropout': 0.2}
2026-01-21 06:35:18 - RNN_Baseline - INFO -   LR: 0.002
2026-01-21 06:35:18 - RNN_Baseline - INFO - Starting training for CNN1D_trial3
2026-01-21 06:36:49 - RNN_Baseline - INFO -   Epoch [5/15] Train Loss: 0.6932, Val F1: 0.6682, Val AUC: 0.5001
2026-01-21 06:37:44 - RNN_Baseline - INFO -   Early stopping at epoch 8
2026-01-21 06:37:44 - RNN_Baseline - INFO - Training completed. Best epoch: 3, Best Val F1: 0.6682
2026-01-21 06:37:44 - RNN_Baseline - INFO -   → Val F1: 0.6682
2026-01-21 06:37:44 - RNN_Baseline - INFO - 
Trial 5/5:
2026-01-21 06:37:44 - RNN_Baseline - INFO -   Config: {'vocab_size': 26, 'embedding_dim': 128, 'num_filters': 256, 'kernel_sizes': [2, 3, 4, 5], 'num_classes': 2, 'dropout': 0.2}
2026-01-21 06:37:44 - RNN_Baseline - INFO -   LR: 0.0005
2026-01-21 06:37:44 - RNN_Baseline - INFO - Starting training for CNN1D_trial4
2026-01-21 06:39:18 - RNN_Baseline - INFO -   Epoch [5/15] Train Loss: 0.6932, Val F1: 0.6658, Val AUC: 0.4978
2026-01-21 06:40:52 - RNN_Baseline - INFO -   Epoch [10/15] Train Loss: 0.6930, Val F1: 0.6621, Val AUC: 0.4990
2026-01-21 06:40:52 - RNN_Baseline - INFO -   Early stopping at epoch 10
2026-01-21 06:40:52 - RNN_Baseline - INFO - Training completed. Best epoch: 5, Best Val F1: 0.6658
2026-01-21 06:40:52 - RNN_Baseline - INFO -   → Val F1: 0.6658
2026-01-21 06:40:52 - RNN_Baseline - INFO - 
============================================================
2026-01-21 06:40:52 - RNN_Baseline - INFO - BEST CONFIGURATION (Trial 4):
2026-01-21 06:40:52 - RNN_Baseline - INFO - ============================================================
2026-01-21 06:40:52 - RNN_Baseline - INFO - Val F1: 0.6682
2026-01-21 06:40:52 - RNN_Baseline - INFO - Parameters: 76,098
2026-01-21 06:40:52 - RNN_Baseline - INFO - Config:
2026-01-21 06:40:52 - RNN_Baseline - INFO -   embedding_dim: 32
2026-01-21 06:40:52 - RNN_Baseline - INFO -   num_filters: 128
2026-01-21 06:40:52 - RNN_Baseline - INFO -   kernel_sizes: [3, 4, 5, 6]
2026-01-21 06:40:52 - RNN_Baseline - INFO -   dropout: 0.2
2026-01-21 06:40:52 - RNN_Baseline - INFO -   lr: 0.002
2026-01-21 06:40:52 - RNN_Baseline - INFO - 
============================================================
2026-01-21 06:40:52 - RNN_Baseline - INFO - FINAL TRAINING with best configuration
2026-01-21 06:40:52 - RNN_Baseline - INFO - ============================================================
2026-01-21 06:40:52 - RNN_Baseline - INFO - Model parameters: 76,098
2026-01-21 06:40:52 - RNN_Baseline - INFO - Starting training for CNN1D
2026-01-21 06:42:23 - RNN_Baseline - INFO -   Epoch [5/20] Train Loss: 0.6932, Val F1: 0.6682, Val AUC: 0.5000
2026-01-21 06:43:18 - RNN_Baseline - INFO -   Early stopping at epoch 8
2026-01-21 06:43:18 - RNN_Baseline - INFO - Training completed. Best epoch: 3, Best Val F1: 0.6682
2026-01-21 06:43:18 - RNN_Baseline - INFO - Final Validation F1: 0.6682
2026-01-21 06:43:18 - RNN_Baseline - INFO - 
============================================================
2026-01-21 06:43:18 - RNN_Baseline - INFO - TEST SET EVALUATION
2026-01-21 06:43:18 - RNN_Baseline - INFO - ============================================================
2026-01-21 06:43:19 - RNN_Baseline - INFO - 
Test Results for CNN1D:
2026-01-21 06:43:19 - RNN_Baseline - INFO -   Accuracy:  0.4987
2026-01-21 06:43:19 - RNN_Baseline - INFO -   Precision: 1.0000
2026-01-21 06:43:19 - RNN_Baseline - INFO -   Recall:    0.0001
2026-01-21 06:43:19 - RNN_Baseline - INFO -   F1 Score:  0.0002
2026-01-21 06:43:19 - RNN_Baseline - INFO -   AUC:       0.4999
2026-01-21 06:43:19 - RNN_Baseline - INFO -   Confusion Matrix:
2026-01-21 06:43:19 - RNN_Baseline - INFO -     [[24932, 0], [25065, 2]]
2026-01-21 06:43:19 - RNN_Baseline - INFO - Results saved:
2026-01-21 06:43:19 - RNN_Baseline - INFO -   Predictions: results_rnn_baseline/dataset_test_just_pair/CNN1D_predictions_datasettest_just_pair.csv
2026-01-21 06:43:19 - RNN_Baseline - INFO -   Summary:     results_rnn_baseline/dataset_test_just_pair/CNN1D_summary_datasettest_just_pair.json
2026-01-21 06:43:19 - RNN_Baseline - INFO -   Model checkpoint: results_rnn_baseline/dataset_test_just_pair/models/CNN1D_best.pt
2026-01-21 06:43:19 - RNN_Baseline - INFO - 
######################################################################
2026-01-21 06:43:19 - RNN_Baseline - INFO - # TRAINING Transformer
2026-01-21 06:43:19 - RNN_Baseline - INFO - ######################################################################
2026-01-21 06:43:19 - RNN_Baseline - INFO - ============================================================
2026-01-21 06:43:19 - RNN_Baseline - INFO - RANDOM SEARCH for Transformer (5 trials)
2026-01-21 06:43:19 - RNN_Baseline - INFO - ============================================================
2026-01-21 06:43:19 - RNN_Baseline - INFO - 
Trial 1/5:
2026-01-21 06:43:19 - RNN_Baseline - INFO -   Config: {'vocab_size': 26, 'embedding_dim': 64, 'num_heads': 4, 'num_layers': 3, 'dim_feedforward': 128, 'num_classes': 2, 'dropout': 0.3, 'max_seq_length': 30}
2026-01-21 06:43:19 - RNN_Baseline - INFO -   LR: 0.0005
2026-01-21 06:43:19 - RNN_Baseline - INFO - Starting training for Transformer_trial0
2026-01-21 06:47:07 - RNN_Baseline - INFO -   Epoch [5/15] Train Loss: 0.6932, Val F1: 0.6682, Val AUC: 0.4992
2026-01-21 06:47:53 - RNN_Baseline - INFO -   Early stopping at epoch 6
2026-01-21 06:47:53 - RNN_Baseline - INFO - Training completed. Best epoch: 1, Best Val F1: 0.6682
2026-01-21 06:47:53 - RNN_Baseline - INFO -   → Val F1: 0.6682
2026-01-21 06:47:53 - RNN_Baseline - INFO - 
Trial 2/5:
2026-01-21 06:47:53 - RNN_Baseline - INFO -   Config: {'vocab_size': 26, 'embedding_dim': 64, 'num_heads': 4, 'num_layers': 4, 'dim_feedforward': 256, 'num_classes': 2, 'dropout': 0.1, 'max_seq_length': 30}
2026-01-21 06:47:53 - RNN_Baseline - INFO -   LR: 0.001
2026-01-21 06:47:53 - RNN_Baseline - INFO - Starting training for Transformer_trial1
2026-01-21 06:52:38 - RNN_Baseline - INFO -   Epoch [5/15] Train Loss: 0.6932, Val F1: 0.6682, Val AUC: 0.4961
2026-01-21 06:53:36 - RNN_Baseline - INFO -   Early stopping at epoch 6
2026-01-21 06:53:36 - RNN_Baseline - INFO - Training completed. Best epoch: 1, Best Val F1: 0.6682
2026-01-21 06:53:36 - RNN_Baseline - INFO -   → Val F1: 0.6682
2026-01-21 06:53:36 - RNN_Baseline - INFO - 
Trial 3/5:
2026-01-21 06:53:36 - RNN_Baseline - INFO -   Config: {'vocab_size': 26, 'embedding_dim': 128, 'num_heads': 4, 'num_layers': 2, 'dim_feedforward': 128, 'num_classes': 2, 'dropout': 0.2, 'max_seq_length': 30}
2026-01-21 06:53:36 - RNN_Baseline - INFO -   LR: 0.0001
2026-01-21 06:53:36 - RNN_Baseline - INFO - Starting training for Transformer_trial2
2026-01-21 06:56:33 - RNN_Baseline - INFO -   Epoch [5/15] Train Loss: 0.6931, Val F1: 0.6142, Val AUC: 0.5030
2026-01-21 06:57:08 - RNN_Baseline - INFO -   Early stopping at epoch 6
2026-01-21 06:57:08 - RNN_Baseline - INFO - Training completed. Best epoch: 1, Best Val F1: 0.6682
2026-01-21 06:57:08 - RNN_Baseline - INFO -   → Val F1: 0.6682
2026-01-21 06:57:08 - RNN_Baseline - INFO - 
Trial 4/5:
2026-01-21 06:57:08 - RNN_Baseline - INFO -   Config: {'vocab_size': 26, 'embedding_dim': 64, 'num_heads': 8, 'num_layers': 4, 'dim_feedforward': 256, 'num_classes': 2, 'dropout': 0.3, 'max_seq_length': 30}
2026-01-21 06:57:08 - RNN_Baseline - INFO -   LR: 0.0001
2026-01-21 06:57:08 - RNN_Baseline - INFO - Starting training for Transformer_trial3
2026-01-21 07:01:56 - RNN_Baseline - INFO -   Epoch [5/15] Train Loss: 0.6932, Val F1: 0.0000, Val AUC: 0.5018
2026-01-21 07:02:54 - RNN_Baseline - INFO -   Early stopping at epoch 6
2026-01-21 07:02:54 - RNN_Baseline - INFO - Training completed. Best epoch: 1, Best Val F1: 0.6682
2026-01-21 07:02:54 - RNN_Baseline - INFO -   → Val F1: 0.6682
2026-01-21 07:02:54 - RNN_Baseline - INFO - 
Trial 5/5:
2026-01-21 07:02:54 - RNN_Baseline - INFO -   Config: {'vocab_size': 26, 'embedding_dim': 64, 'num_heads': 4, 'num_layers': 3, 'dim_feedforward': 128, 'num_classes': 2, 'dropout': 0.1, 'max_seq_length': 30}
2026-01-21 07:02:54 - RNN_Baseline - INFO -   LR: 0.0001
2026-01-21 07:02:54 - RNN_Baseline - INFO - Starting training for Transformer_trial4
2026-01-21 07:06:48 - RNN_Baseline - INFO -   Epoch [5/15] Train Loss: 0.6932, Val F1: 0.4167, Val AUC: 0.5034
2026-01-21 07:10:40 - RNN_Baseline - INFO -   Epoch [10/15] Train Loss: 0.6922, Val F1: 0.1880, Val AUC: 0.5013
2026-01-21 07:11:26 - RNN_Baseline - INFO -   Early stopping at epoch 11
2026-01-21 07:11:26 - RNN_Baseline - INFO - Training completed. Best epoch: 6, Best Val F1: 0.5168
2026-01-21 07:11:26 - RNN_Baseline - INFO -   → Val F1: 0.5168
2026-01-21 07:11:26 - RNN_Baseline - INFO - 
============================================================
2026-01-21 07:11:26 - RNN_Baseline - INFO - BEST CONFIGURATION (Trial 1):
2026-01-21 07:11:26 - RNN_Baseline - INFO - ============================================================
2026-01-21 07:11:26 - RNN_Baseline - INFO - Val F1: 0.6682
2026-01-21 07:11:26 - RNN_Baseline - INFO - Parameters: 104,258
2026-01-21 07:11:26 - RNN_Baseline - INFO - Config:
2026-01-21 07:11:26 - RNN_Baseline - INFO -   embedding_dim: 64
2026-01-21 07:11:26 - RNN_Baseline - INFO -   num_heads: 4
2026-01-21 07:11:26 - RNN_Baseline - INFO -   num_layers: 3
2026-01-21 07:11:26 - RNN_Baseline - INFO -   dim_feedforward: 128
2026-01-21 07:11:26 - RNN_Baseline - INFO -   dropout: 0.3
2026-01-21 07:11:26 - RNN_Baseline - INFO -   max_seq_length: 30
2026-01-21 07:11:26 - RNN_Baseline - INFO -   lr: 0.0005
2026-01-21 07:11:26 - RNN_Baseline - INFO - 
============================================================
2026-01-21 07:11:26 - RNN_Baseline - INFO - FINAL TRAINING with best configuration
2026-01-21 07:11:26 - RNN_Baseline - INFO - ============================================================
2026-01-21 07:11:26 - RNN_Baseline - INFO - Model parameters: 104,258
2026-01-21 07:11:26 - RNN_Baseline - INFO - Starting training for Transformer
2026-01-21 07:15:19 - RNN_Baseline - INFO -   Epoch [5/20] Train Loss: 0.6932, Val F1: 0.0000, Val AUC: 0.5006
2026-01-21 07:16:52 - RNN_Baseline - INFO -   Early stopping at epoch 7
2026-01-21 07:16:52 - RNN_Baseline - INFO - Training completed. Best epoch: 2, Best Val F1: 0.6682
2026-01-21 07:16:52 - RNN_Baseline - INFO - Final Validation F1: 0.6682
2026-01-21 07:16:52 - RNN_Baseline - INFO - 
============================================================
2026-01-21 07:16:52 - RNN_Baseline - INFO - TEST SET EVALUATION
2026-01-21 07:16:52 - RNN_Baseline - INFO - ============================================================
2026-01-21 07:16:54 - RNN_Baseline - INFO - 
Test Results for Transformer:
2026-01-21 07:16:54 - RNN_Baseline - INFO -   Accuracy:  0.4986
2026-01-21 07:16:54 - RNN_Baseline - INFO -   Precision: 0.0000
2026-01-21 07:16:54 - RNN_Baseline - INFO -   Recall:    0.0000
2026-01-21 07:16:54 - RNN_Baseline - INFO -   F1 Score:  0.0000
2026-01-21 07:16:54 - RNN_Baseline - INFO -   AUC:       0.5020
2026-01-21 07:16:54 - RNN_Baseline - INFO -   Confusion Matrix:
2026-01-21 07:16:54 - RNN_Baseline - INFO -     [[24932, 0], [25067, 0]]
2026-01-21 07:16:54 - RNN_Baseline - INFO - Results saved:
2026-01-21 07:16:54 - RNN_Baseline - INFO -   Predictions: results_rnn_baseline/dataset_test_just_pair/Transformer_predictions_datasettest_just_pair.csv
2026-01-21 07:16:54 - RNN_Baseline - INFO -   Summary:     results_rnn_baseline/dataset_test_just_pair/Transformer_summary_datasettest_just_pair.json
2026-01-21 07:16:54 - RNN_Baseline - INFO -   Model checkpoint: results_rnn_baseline/dataset_test_just_pair/models/Transformer_best.pt
2026-01-21 07:16:54 - RNN_Baseline - INFO - 
######################################################################
2026-01-21 07:16:54 - RNN_Baseline - INFO - # TRAINING LSTM
2026-01-21 07:16:54 - RNN_Baseline - INFO - ######################################################################
2026-01-21 07:16:54 - RNN_Baseline - INFO - ============================================================
2026-01-21 07:16:54 - RNN_Baseline - INFO - RANDOM SEARCH for LSTM (5 trials)
2026-01-21 07:16:54 - RNN_Baseline - INFO - ============================================================
2026-01-21 07:16:54 - RNN_Baseline - INFO - 
Trial 1/5:
2026-01-21 07:16:54 - RNN_Baseline - INFO -   Config: {'vocab_size': 26, 'embedding_dim': 32, 'hidden_dim': 128, 'num_layers': 2, 'num_classes': 2, 'dropout': 0.2}
2026-01-21 07:16:54 - RNN_Baseline - INFO -   LR: 0.002
2026-01-21 07:16:54 - RNN_Baseline - INFO - Starting training for LSTM_trial0
2026-01-21 07:18:15 - RNN_Baseline - INFO -   Epoch [5/15] Train Loss: 0.6932, Val F1: 0.6682, Val AUC: 0.5050
2026-01-21 07:18:31 - RNN_Baseline - INFO -   Early stopping at epoch 6
2026-01-21 07:18:31 - RNN_Baseline - INFO - Training completed. Best epoch: 1, Best Val F1: 0.6682
2026-01-21 07:18:31 - RNN_Baseline - INFO -   → Val F1: 0.6682
2026-01-21 07:18:31 - RNN_Baseline - INFO - 
Trial 2/5:
2026-01-21 07:18:31 - RNN_Baseline - INFO -   Config: {'vocab_size': 26, 'embedding_dim': 32, 'hidden_dim': 32, 'num_layers': 1, 'num_classes': 2, 'dropout': 0.1}
2026-01-21 07:18:31 - RNN_Baseline - INFO -   LR: 0.002
2026-01-21 07:18:31 - RNN_Baseline - INFO - Starting training for LSTM_trial1
2026-01-21 07:19:44 - RNN_Baseline - INFO -   Epoch [5/15] Train Loss: 0.6932, Val F1: 0.2949, Val AUC: 0.5032
2026-01-21 07:20:44 - RNN_Baseline - INFO -   Early stopping at epoch 9
2026-01-21 07:20:44 - RNN_Baseline - INFO - Training completed. Best epoch: 4, Best Val F1: 0.6597
2026-01-21 07:20:44 - RNN_Baseline - INFO -   → Val F1: 0.6597
2026-01-21 07:20:44 - RNN_Baseline - INFO - 
Trial 3/5:
2026-01-21 07:20:44 - RNN_Baseline - INFO -   Config: {'vocab_size': 26, 'embedding_dim': 16, 'hidden_dim': 64, 'num_layers': 1, 'num_classes': 2, 'dropout': 0.1}
2026-01-21 07:20:44 - RNN_Baseline - INFO -   LR: 0.001
2026-01-21 07:20:44 - RNN_Baseline - INFO - Starting training for LSTM_trial2
2026-01-21 07:21:59 - RNN_Baseline - INFO -   Epoch [5/15] Train Loss: 0.6932, Val F1: 0.0165, Val AUC: 0.4993
2026-01-21 07:22:29 - RNN_Baseline - INFO -   Early stopping at epoch 7
2026-01-21 07:22:29 - RNN_Baseline - INFO - Training completed. Best epoch: 2, Best Val F1: 0.6655
2026-01-21 07:22:29 - RNN_Baseline - INFO -   → Val F1: 0.6655
2026-01-21 07:22:29 - RNN_Baseline - INFO - 
Trial 4/5:
2026-01-21 07:22:29 - RNN_Baseline - INFO -   Config: {'vocab_size': 26, 'embedding_dim': 16, 'hidden_dim': 128, 'num_layers': 3, 'num_classes': 2, 'dropout': 0.1}
2026-01-21 07:22:29 - RNN_Baseline - INFO -   LR: 0.002
2026-01-21 07:22:29 - RNN_Baseline - INFO - Starting training for LSTM_trial3
2026-01-21 07:24:01 - RNN_Baseline - INFO -   Epoch [5/15] Train Loss: 0.6932, Val F1: 0.0000, Val AUC: 0.5000
2026-01-21 07:24:20 - RNN_Baseline - INFO -   Early stopping at epoch 6
2026-01-21 07:24:20 - RNN_Baseline - INFO - Training completed. Best epoch: 1, Best Val F1: 0.6682
2026-01-21 07:24:20 - RNN_Baseline - INFO -   → Val F1: 0.6682
2026-01-21 07:24:20 - RNN_Baseline - INFO - 
Trial 5/5:
2026-01-21 07:24:20 - RNN_Baseline - INFO -   Config: {'vocab_size': 26, 'embedding_dim': 64, 'hidden_dim': 64, 'num_layers': 1, 'num_classes': 2, 'dropout': 0.4}
2026-01-21 07:24:20 - RNN_Baseline - INFO -   LR: 0.001
2026-01-21 07:24:20 - RNN_Baseline - INFO - Starting training for LSTM_trial4
2026-01-21 07:25:35 - RNN_Baseline - INFO -   Epoch [5/15] Train Loss: 0.6932, Val F1: 0.6520, Val AUC: 0.5014
2026-01-21 07:26:50 - RNN_Baseline - INFO -   Epoch [10/15] Train Loss: 0.6930, Val F1: 0.1781, Val AUC: 0.4996
2026-01-21 07:26:50 - RNN_Baseline - INFO -   Early stopping at epoch 10
2026-01-21 07:26:50 - RNN_Baseline - INFO - Training completed. Best epoch: 5, Best Val F1: 0.6520
2026-01-21 07:26:50 - RNN_Baseline - INFO -   → Val F1: 0.6520
2026-01-21 07:26:50 - RNN_Baseline - INFO - 
============================================================
2026-01-21 07:26:50 - RNN_Baseline - INFO - BEST CONFIGURATION (Trial 1):
2026-01-21 07:26:50 - RNN_Baseline - INFO - ============================================================
2026-01-21 07:26:50 - RNN_Baseline - INFO - Val F1: 0.6682
2026-01-21 07:26:50 - RNN_Baseline - INFO - Parameters: 216,130
2026-01-21 07:26:50 - RNN_Baseline - INFO - Config:
2026-01-21 07:26:50 - RNN_Baseline - INFO -   embedding_dim: 32
2026-01-21 07:26:50 - RNN_Baseline - INFO -   hidden_dim: 128
2026-01-21 07:26:50 - RNN_Baseline - INFO -   num_layers: 2
2026-01-21 07:26:50 - RNN_Baseline - INFO -   dropout: 0.2
2026-01-21 07:26:50 - RNN_Baseline - INFO -   lr: 0.002
2026-01-21 07:26:50 - RNN_Baseline - INFO - 
============================================================
2026-01-21 07:26:50 - RNN_Baseline - INFO - FINAL TRAINING with best configuration
2026-01-21 07:26:50 - RNN_Baseline - INFO - ============================================================
2026-01-21 07:26:50 - RNN_Baseline - INFO - Model parameters: 216,130
2026-01-21 07:26:50 - RNN_Baseline - INFO - Starting training for LSTM
2026-01-21 07:28:15 - RNN_Baseline - INFO -   Epoch [5/20] Train Loss: 0.6932, Val F1: 0.0000, Val AUC: 0.4997
2026-01-21 07:28:48 - RNN_Baseline - INFO -   Early stopping at epoch 7
2026-01-21 07:28:48 - RNN_Baseline - INFO - Training completed. Best epoch: 2, Best Val F1: 0.6682
2026-01-21 07:28:48 - RNN_Baseline - INFO - Final Validation F1: 0.6682
2026-01-21 07:28:48 - RNN_Baseline - INFO - 
============================================================
2026-01-21 07:28:48 - RNN_Baseline - INFO - TEST SET EVALUATION
2026-01-21 07:28:48 - RNN_Baseline - INFO - ============================================================
2026-01-21 07:28:49 - RNN_Baseline - INFO - 
Test Results for LSTM:
2026-01-21 07:28:49 - RNN_Baseline - INFO -   Accuracy:  0.4986
2026-01-21 07:28:49 - RNN_Baseline - INFO -   Precision: 0.0000
2026-01-21 07:28:49 - RNN_Baseline - INFO -   Recall:    0.0000
2026-01-21 07:28:49 - RNN_Baseline - INFO -   F1 Score:  0.0000
2026-01-21 07:28:49 - RNN_Baseline - INFO -   AUC:       0.4995
2026-01-21 07:28:49 - RNN_Baseline - INFO -   Confusion Matrix:
2026-01-21 07:28:49 - RNN_Baseline - INFO -     [[24932, 0], [25067, 0]]
2026-01-21 07:28:49 - RNN_Baseline - INFO - Results saved:
2026-01-21 07:28:49 - RNN_Baseline - INFO -   Predictions: results_rnn_baseline/dataset_test_just_pair/LSTM_predictions_datasettest_just_pair.csv
2026-01-21 07:28:49 - RNN_Baseline - INFO -   Summary:     results_rnn_baseline/dataset_test_just_pair/LSTM_summary_datasettest_just_pair.json
2026-01-21 07:28:49 - RNN_Baseline - INFO -   Model checkpoint: results_rnn_baseline/dataset_test_just_pair/models/LSTM_best.pt
2026-01-21 07:28:49 - RNN_Baseline - INFO - 
######################################################################
2026-01-21 07:28:49 - RNN_Baseline - INFO - # TRAINING BiLSTM
2026-01-21 07:28:49 - RNN_Baseline - INFO - ######################################################################
2026-01-21 07:28:49 - RNN_Baseline - INFO - ============================================================
2026-01-21 07:28:49 - RNN_Baseline - INFO - RANDOM SEARCH for BiLSTM (5 trials)
2026-01-21 07:28:49 - RNN_Baseline - INFO - ============================================================
2026-01-21 07:28:49 - RNN_Baseline - INFO - 
Trial 1/5:
2026-01-21 07:28:49 - RNN_Baseline - INFO -   Config: {'vocab_size': 26, 'embedding_dim': 64, 'hidden_dim': 64, 'num_layers': 3, 'num_classes': 2, 'dropout': 0.2}
2026-01-21 07:28:49 - RNN_Baseline - INFO -   LR: 0.001
2026-01-21 07:28:49 - RNN_Baseline - INFO - Starting training for BiLSTM_trial0
2026-01-21 07:30:43 - RNN_Baseline - INFO -   Epoch [5/15] Train Loss: 0.6932, Val F1: 0.0350, Val AUC: 0.4999
2026-01-21 07:31:06 - RNN_Baseline - INFO -   Early stopping at epoch 6
2026-01-21 07:31:06 - RNN_Baseline - INFO - Training completed. Best epoch: 1, Best Val F1: 0.6682
2026-01-21 07:31:06 - RNN_Baseline - INFO -   → Val F1: 0.6682
2026-01-21 07:31:06 - RNN_Baseline - INFO - 
Trial 2/5:
2026-01-21 07:31:06 - RNN_Baseline - INFO -   Config: {'vocab_size': 26, 'embedding_dim': 64, 'hidden_dim': 128, 'num_layers': 1, 'num_classes': 2, 'dropout': 0.5}
2026-01-21 07:31:06 - RNN_Baseline - INFO -   LR: 0.0005
2026-01-21 07:31:06 - RNN_Baseline - INFO - Starting training for BiLSTM_trial1
2026-01-21 07:32:32 - RNN_Baseline - INFO -   Epoch [5/15] Train Loss: 0.6933, Val F1: 0.5688, Val AUC: 0.5024
2026-01-21 07:33:59 - RNN_Baseline - INFO -   Epoch [10/15] Train Loss: 0.6928, Val F1: 0.4785, Val AUC: 0.5000
2026-01-21 07:33:59 - RNN_Baseline - INFO -   Early stopping at epoch 10
2026-01-21 07:33:59 - RNN_Baseline - INFO - Training completed. Best epoch: 5, Best Val F1: 0.5688
2026-01-21 07:33:59 - RNN_Baseline - INFO -   → Val F1: 0.5688
2026-01-21 07:33:59 - RNN_Baseline - INFO - 
Trial 3/5:
2026-01-21 07:33:59 - RNN_Baseline - INFO -   Config: {'vocab_size': 26, 'embedding_dim': 16, 'hidden_dim': 64, 'num_layers': 1, 'num_classes': 2, 'dropout': 0.3}
2026-01-21 07:33:59 - RNN_Baseline - INFO -   LR: 0.0005
2026-01-21 07:33:59 - RNN_Baseline - INFO - Starting training for BiLSTM_trial2
2026-01-21 07:35:25 - RNN_Baseline - INFO -   Epoch [5/15] Train Loss: 0.6932, Val F1: 0.1048, Val AUC: 0.4988
2026-01-21 07:35:42 - RNN_Baseline - INFO -   Early stopping at epoch 6
2026-01-21 07:35:42 - RNN_Baseline - INFO - Training completed. Best epoch: 1, Best Val F1: 0.5877
2026-01-21 07:35:42 - RNN_Baseline - INFO -   → Val F1: 0.5877
2026-01-21 07:35:42 - RNN_Baseline - INFO - 
Trial 4/5:
2026-01-21 07:35:42 - RNN_Baseline - INFO -   Config: {'vocab_size': 26, 'embedding_dim': 16, 'hidden_dim': 32, 'num_layers': 1, 'num_classes': 2, 'dropout': 0.3}
2026-01-21 07:35:42 - RNN_Baseline - INFO -   LR: 0.0005
2026-01-21 07:35:42 - RNN_Baseline - INFO - Starting training for BiLSTM_trial3
2026-01-21 07:37:08 - RNN_Baseline - INFO -   Epoch [5/15] Train Loss: 0.6931, Val F1: 0.3050, Val AUC: 0.5070
2026-01-21 07:37:42 - RNN_Baseline - INFO -   Early stopping at epoch 7
2026-01-21 07:37:42 - RNN_Baseline - INFO - Training completed. Best epoch: 2, Best Val F1: 0.5824
2026-01-21 07:37:42 - RNN_Baseline - INFO -   → Val F1: 0.5824
2026-01-21 07:37:42 - RNN_Baseline - INFO - 
Trial 5/5:
2026-01-21 07:37:42 - RNN_Baseline - INFO -   Config: {'vocab_size': 26, 'embedding_dim': 64, 'hidden_dim': 64, 'num_layers': 3, 'num_classes': 2, 'dropout': 0.1}
2026-01-21 07:37:42 - RNN_Baseline - INFO -   LR: 0.0005
2026-01-21 07:37:42 - RNN_Baseline - INFO - Starting training for BiLSTM_trial4
2026-01-21 07:39:37 - RNN_Baseline - INFO -   Epoch [5/15] Train Loss: 0.6929, Val F1: 0.4702, Val AUC: 0.5039
2026-01-21 07:40:23 - RNN_Baseline - INFO -   Early stopping at epoch 7
2026-01-21 07:40:23 - RNN_Baseline - INFO - Training completed. Best epoch: 2, Best Val F1: 0.6227
2026-01-21 07:40:23 - RNN_Baseline - INFO -   → Val F1: 0.6227
2026-01-21 07:40:23 - RNN_Baseline - INFO - 
============================================================
2026-01-21 07:40:23 - RNN_Baseline - INFO - BEST CONFIGURATION (Trial 1):
2026-01-21 07:40:23 - RNN_Baseline - INFO - ============================================================
2026-01-21 07:40:23 - RNN_Baseline - INFO - Val F1: 0.6682
2026-01-21 07:40:23 - RNN_Baseline - INFO - Parameters: 267,138
2026-01-21 07:40:23 - RNN_Baseline - INFO - Config:
2026-01-21 07:40:23 - RNN_Baseline - INFO -   embedding_dim: 64
2026-01-21 07:40:23 - RNN_Baseline - INFO -   hidden_dim: 64
2026-01-21 07:40:23 - RNN_Baseline - INFO -   num_layers: 3
2026-01-21 07:40:23 - RNN_Baseline - INFO -   dropout: 0.2
2026-01-21 07:40:23 - RNN_Baseline - INFO -   lr: 0.001
2026-01-21 07:40:23 - RNN_Baseline - INFO - 
============================================================
2026-01-21 07:40:23 - RNN_Baseline - INFO - FINAL TRAINING with best configuration
2026-01-21 07:40:23 - RNN_Baseline - INFO - ============================================================
2026-01-21 07:40:23 - RNN_Baseline - INFO - Model parameters: 267,138
2026-01-21 07:40:23 - RNN_Baseline - INFO - Starting training for BiLSTM
2026-01-21 07:42:19 - RNN_Baseline - INFO -   Epoch [5/20] Train Loss: 0.6932, Val F1: 0.0008, Val AUC: 0.5062
2026-01-21 07:43:05 - RNN_Baseline - INFO -   Early stopping at epoch 7
2026-01-21 07:43:05 - RNN_Baseline - INFO - Training completed. Best epoch: 2, Best Val F1: 0.6682
2026-01-21 07:43:05 - RNN_Baseline - INFO - Final Validation F1: 0.6682
2026-01-21 07:43:05 - RNN_Baseline - INFO - 
============================================================
2026-01-21 07:43:05 - RNN_Baseline - INFO - TEST SET EVALUATION
2026-01-21 07:43:05 - RNN_Baseline - INFO - ============================================================
2026-01-21 07:43:06 - RNN_Baseline - INFO - 
Test Results for BiLSTM:
2026-01-21 07:43:06 - RNN_Baseline - INFO -   Accuracy:  0.4986
2026-01-21 07:43:06 - RNN_Baseline - INFO -   Precision: 0.0000
2026-01-21 07:43:06 - RNN_Baseline - INFO -   Recall:    0.0000
2026-01-21 07:43:06 - RNN_Baseline - INFO -   F1 Score:  0.0000
2026-01-21 07:43:06 - RNN_Baseline - INFO -   AUC:       0.5037
2026-01-21 07:43:06 - RNN_Baseline - INFO -   Confusion Matrix:
2026-01-21 07:43:06 - RNN_Baseline - INFO -     [[24932, 0], [25067, 0]]
2026-01-21 07:43:06 - RNN_Baseline - INFO - Results saved:
2026-01-21 07:43:06 - RNN_Baseline - INFO -   Predictions: results_rnn_baseline/dataset_test_just_pair/BiLSTM_predictions_datasettest_just_pair.csv
2026-01-21 07:43:06 - RNN_Baseline - INFO -   Summary:     results_rnn_baseline/dataset_test_just_pair/BiLSTM_summary_datasettest_just_pair.json
2026-01-21 07:43:06 - RNN_Baseline - INFO -   Model checkpoint: results_rnn_baseline/dataset_test_just_pair/models/BiLSTM_best.pt
2026-01-21 07:43:06 - RNN_Baseline - INFO - 
######################################################################
2026-01-21 07:43:06 - RNN_Baseline - INFO - # TRAINING GRU
2026-01-21 07:43:06 - RNN_Baseline - INFO - ######################################################################
2026-01-21 07:43:06 - RNN_Baseline - INFO - ============================================================
2026-01-21 07:43:06 - RNN_Baseline - INFO - RANDOM SEARCH for GRU (5 trials)
2026-01-21 07:43:06 - RNN_Baseline - INFO - ============================================================
2026-01-21 07:43:06 - RNN_Baseline - INFO - 
Trial 1/5:
2026-01-21 07:43:06 - RNN_Baseline - INFO -   Config: {'vocab_size': 26, 'embedding_dim': 16, 'hidden_dim': 128, 'num_layers': 2, 'num_classes': 2, 'dropout': 0.2}
2026-01-21 07:43:06 - RNN_Baseline - INFO -   LR: 0.0001
2026-01-21 07:43:06 - RNN_Baseline - INFO - Starting training for GRU_trial0
2026-01-21 07:44:29 - RNN_Baseline - INFO -   Epoch [5/15] Train Loss: 0.6932, Val F1: 0.3166, Val AUC: 0.5032
2026-01-21 07:45:20 - RNN_Baseline - INFO -   Early stopping at epoch 8
2026-01-21 07:45:20 - RNN_Baseline - INFO - Training completed. Best epoch: 3, Best Val F1: 0.6107
2026-01-21 07:45:20 - RNN_Baseline - INFO -   → Val F1: 0.6107
2026-01-21 07:45:20 - RNN_Baseline - INFO - 
Trial 2/5:
2026-01-21 07:45:20 - RNN_Baseline - INFO -   Config: {'vocab_size': 26, 'embedding_dim': 32, 'hidden_dim': 128, 'num_layers': 2, 'num_classes': 2, 'dropout': 0.1}
2026-01-21 07:45:20 - RNN_Baseline - INFO -   LR: 0.002
2026-01-21 07:45:20 - RNN_Baseline - INFO - Starting training for GRU_trial1
2026-01-21 07:46:42 - RNN_Baseline - INFO -   Epoch [5/15] Train Loss: 0.6933, Val F1: 0.0000, Val AUC: 0.4986
2026-01-21 07:47:32 - RNN_Baseline - INFO -   Early stopping at epoch 8
2026-01-21 07:47:32 - RNN_Baseline - INFO - Training completed. Best epoch: 3, Best Val F1: 0.6678
2026-01-21 07:47:32 - RNN_Baseline - INFO -   → Val F1: 0.6678
2026-01-21 07:47:32 - RNN_Baseline - INFO - 
Trial 3/5:
2026-01-21 07:47:32 - RNN_Baseline - INFO -   Config: {'vocab_size': 26, 'embedding_dim': 32, 'hidden_dim': 32, 'num_layers': 1, 'num_classes': 2, 'dropout': 0.2}
2026-01-21 07:47:32 - RNN_Baseline - INFO -   LR: 0.0001
2026-01-21 07:47:32 - RNN_Baseline - INFO - Starting training for GRU_trial2
2026-01-21 07:48:46 - RNN_Baseline - INFO -   Epoch [5/15] Train Loss: 0.6932, Val F1: 0.4089, Val AUC: 0.5034
2026-01-21 07:49:45 - RNN_Baseline - INFO -   Early stopping at epoch 9
2026-01-21 07:49:45 - RNN_Baseline - INFO - Training completed. Best epoch: 4, Best Val F1: 0.5723
2026-01-21 07:49:45 - RNN_Baseline - INFO -   → Val F1: 0.5723
2026-01-21 07:49:45 - RNN_Baseline - INFO - 
Trial 4/5:
2026-01-21 07:49:45 - RNN_Baseline - INFO -   Config: {'vocab_size': 26, 'embedding_dim': 32, 'hidden_dim': 64, 'num_layers': 1, 'num_classes': 2, 'dropout': 0.4}
2026-01-21 07:49:45 - RNN_Baseline - INFO -   LR: 0.0005
2026-01-21 07:49:45 - RNN_Baseline - INFO - Starting training for GRU_trial3
2026-01-21 07:50:59 - RNN_Baseline - INFO -   Epoch [5/15] Train Loss: 0.6933, Val F1: 0.4014, Val AUC: 0.5036
2026-01-21 07:51:14 - RNN_Baseline - INFO -   Early stopping at epoch 6
2026-01-21 07:51:14 - RNN_Baseline - INFO - Training completed. Best epoch: 1, Best Val F1: 0.5766
2026-01-21 07:51:14 - RNN_Baseline - INFO -   → Val F1: 0.5766
2026-01-21 07:51:14 - RNN_Baseline - INFO - 
Trial 5/5:
2026-01-21 07:51:14 - RNN_Baseline - INFO -   Config: {'vocab_size': 26, 'embedding_dim': 16, 'hidden_dim': 128, 'num_layers': 3, 'num_classes': 2, 'dropout': 0.5}
2026-01-21 07:51:14 - RNN_Baseline - INFO -   LR: 0.0005
2026-01-21 07:51:14 - RNN_Baseline - INFO - Starting training for GRU_trial4
2026-01-21 07:52:43 - RNN_Baseline - INFO -   Epoch [5/15] Train Loss: 0.6933, Val F1: 0.6682, Val AUC: 0.5012
2026-01-21 07:54:13 - RNN_Baseline - INFO -   Epoch [10/15] Train Loss: 0.6933, Val F1: 0.6447, Val AUC: 0.5040
2026-01-21 07:54:13 - RNN_Baseline - INFO -   Early stopping at epoch 10
2026-01-21 07:54:13 - RNN_Baseline - INFO - Training completed. Best epoch: 5, Best Val F1: 0.6682
2026-01-21 07:54:13 - RNN_Baseline - INFO -   → Val F1: 0.6682
2026-01-21 07:54:13 - RNN_Baseline - INFO - 
============================================================
2026-01-21 07:54:13 - RNN_Baseline - INFO - BEST CONFIGURATION (Trial 5):
2026-01-21 07:54:13 - RNN_Baseline - INFO - ============================================================
2026-01-21 07:54:13 - RNN_Baseline - INFO - Val F1: 0.6682
2026-01-21 07:54:13 - RNN_Baseline - INFO - Parameters: 254,882
2026-01-21 07:54:13 - RNN_Baseline - INFO - Config:
2026-01-21 07:54:13 - RNN_Baseline - INFO -   embedding_dim: 16
2026-01-21 07:54:13 - RNN_Baseline - INFO -   hidden_dim: 128
2026-01-21 07:54:13 - RNN_Baseline - INFO -   num_layers: 3
2026-01-21 07:54:13 - RNN_Baseline - INFO -   dropout: 0.5
2026-01-21 07:54:13 - RNN_Baseline - INFO -   lr: 0.0005
2026-01-21 07:54:13 - RNN_Baseline - INFO - 
============================================================
2026-01-21 07:54:13 - RNN_Baseline - INFO - FINAL TRAINING with best configuration
2026-01-21 07:54:13 - RNN_Baseline - INFO - ============================================================
2026-01-21 07:54:13 - RNN_Baseline - INFO - Model parameters: 254,882
2026-01-21 07:54:13 - RNN_Baseline - INFO - Starting training for GRU
2026-01-21 07:55:41 - RNN_Baseline - INFO -   Epoch [5/20] Train Loss: 0.6933, Val F1: 0.1705, Val AUC: 0.5002
2026-01-21 07:55:59 - RNN_Baseline - INFO -   Early stopping at epoch 6
2026-01-21 07:55:59 - RNN_Baseline - INFO - Training completed. Best epoch: 1, Best Val F1: 0.5982
2026-01-21 07:55:59 - RNN_Baseline - INFO - Final Validation F1: 0.5982
2026-01-21 07:55:59 - RNN_Baseline - INFO - 
============================================================
2026-01-21 07:55:59 - RNN_Baseline - INFO - TEST SET EVALUATION
2026-01-21 07:55:59 - RNN_Baseline - INFO - ============================================================
2026-01-21 07:56:00 - RNN_Baseline - INFO - 
Test Results for GRU:
2026-01-21 07:56:00 - RNN_Baseline - INFO -   Accuracy:  0.4981
2026-01-21 07:56:00 - RNN_Baseline - INFO -   Precision: 0.4928
2026-01-21 07:56:00 - RNN_Baseline - INFO -   Recall:    0.0367
2026-01-21 07:56:00 - RNN_Baseline - INFO -   F1 Score:  0.0683
2026-01-21 07:56:00 - RNN_Baseline - INFO -   AUC:       0.4977
2026-01-21 07:56:00 - RNN_Baseline - INFO -   Confusion Matrix:
2026-01-21 07:56:00 - RNN_Baseline - INFO -     [[23985, 947], [24147, 920]]
2026-01-21 07:56:00 - RNN_Baseline - INFO - Results saved:
2026-01-21 07:56:00 - RNN_Baseline - INFO -   Predictions: results_rnn_baseline/dataset_test_just_pair/GRU_predictions_datasettest_just_pair.csv
2026-01-21 07:56:00 - RNN_Baseline - INFO -   Summary:     results_rnn_baseline/dataset_test_just_pair/GRU_summary_datasettest_just_pair.json
2026-01-21 07:56:00 - RNN_Baseline - INFO -   Model checkpoint: results_rnn_baseline/dataset_test_just_pair/models/GRU_best.pt
2026-01-21 07:56:00 - RNN_Baseline - INFO - 
######################################################################
2026-01-21 07:56:00 - RNN_Baseline - INFO - # TRAINING RNNTransformer
2026-01-21 07:56:00 - RNN_Baseline - INFO - ######################################################################
2026-01-21 07:56:00 - RNN_Baseline - INFO - ============================================================
2026-01-21 07:56:00 - RNN_Baseline - INFO - RANDOM SEARCH for RNNTransformer (5 trials)
2026-01-21 07:56:00 - RNN_Baseline - INFO - ============================================================
2026-01-21 07:56:00 - RNN_Baseline - INFO - 
Trial 1/5:
2026-01-21 07:56:00 - RNN_Baseline - INFO -   Config: {'vocab_size': 26, 'embedding_dim': 64, 'rnn_hidden_dim': 128, 'num_heads': 8, 'num_transformer_layers': 2, 'dim_feedforward': 256, 'num_classes': 2, 'dropout': 0.1, 'max_seq_length': 30}
2026-01-21 07:56:00 - RNN_Baseline - INFO -   LR: 0.0001
2026-01-21 07:56:00 - RNN_Baseline - INFO - Starting training for RNNTransformer_trial0
2026-01-21 07:59:51 - RNN_Baseline - INFO -   Epoch [5/15] Train Loss: 0.6932, Val F1: 0.3316, Val AUC: 0.5059
2026-01-21 08:02:10 - RNN_Baseline - INFO -   Early stopping at epoch 8
2026-01-21 08:02:10 - RNN_Baseline - INFO - Training completed. Best epoch: 3, Best Val F1: 0.6682
2026-01-21 08:02:10 - RNN_Baseline - INFO -   → Val F1: 0.6682
2026-01-21 08:02:10 - RNN_Baseline - INFO - 
Trial 2/5:
2026-01-21 08:02:10 - RNN_Baseline - INFO -   Config: {'vocab_size': 26, 'embedding_dim': 128, 'rnn_hidden_dim': 128, 'num_heads': 4, 'num_transformer_layers': 1, 'dim_feedforward': 512, 'num_classes': 2, 'dropout': 0.3, 'max_seq_length': 30}
2026-01-21 08:02:10 - RNN_Baseline - INFO -   LR: 0.001
2026-01-21 08:02:10 - RNN_Baseline - INFO - Starting training for RNNTransformer_trial1
2026-01-21 08:05:02 - RNN_Baseline - INFO -   Epoch [5/15] Train Loss: 0.6933, Val F1: 0.0002, Val AUC: 0.4982
2026-01-21 08:07:52 - RNN_Baseline - INFO -   Epoch [10/15] Train Loss: 0.6932, Val F1: 0.0000, Val AUC: 0.5032
2026-01-21 08:08:26 - RNN_Baseline - INFO -   Early stopping at epoch 11
2026-01-21 08:08:26 - RNN_Baseline - INFO - Training completed. Best epoch: 6, Best Val F1: 0.6682
2026-01-21 08:08:26 - RNN_Baseline - INFO -   → Val F1: 0.6682
2026-01-21 08:08:26 - RNN_Baseline - INFO - 
Trial 3/5:
2026-01-21 08:08:26 - RNN_Baseline - INFO -   Config: {'vocab_size': 26, 'embedding_dim': 32, 'rnn_hidden_dim': 32, 'num_heads': 8, 'num_transformer_layers': 3, 'dim_feedforward': 128, 'num_classes': 2, 'dropout': 0.2, 'max_seq_length': 30}
2026-01-21 08:08:26 - RNN_Baseline - INFO -   LR: 0.001
2026-01-21 08:08:26 - RNN_Baseline - INFO - Starting training for RNNTransformer_trial2
2026-01-21 08:13:21 - RNN_Baseline - INFO -   Epoch [5/15] Train Loss: 0.6932, Val F1: 0.0000, Val AUC: 0.5002
2026-01-21 08:14:20 - RNN_Baseline - INFO -   Early stopping at epoch 6
2026-01-21 08:14:20 - RNN_Baseline - INFO - Training completed. Best epoch: 1, Best Val F1: 0.6682
2026-01-21 08:14:20 - RNN_Baseline - INFO -   → Val F1: 0.6682
2026-01-21 08:14:20 - RNN_Baseline - INFO - 
Trial 4/5:
2026-01-21 08:14:20 - RNN_Baseline - INFO -   Config: {'vocab_size': 26, 'embedding_dim': 64, 'rnn_hidden_dim': 128, 'num_heads': 2, 'num_transformer_layers': 3, 'dim_feedforward': 512, 'num_classes': 2, 'dropout': 0.3, 'max_seq_length': 30}
2026-01-21 08:14:20 - RNN_Baseline - INFO -   LR: 0.0001
2026-01-21 08:14:20 - RNN_Baseline - INFO - Starting training for RNNTransformer_trial3
2026-01-21 08:19:15 - RNN_Baseline - INFO -   Epoch [5/15] Train Loss: 0.6932, Val F1: 0.0000, Val AUC: 0.5027
2026-01-21 08:21:14 - RNN_Baseline - INFO -   Early stopping at epoch 7
2026-01-21 08:21:14 - RNN_Baseline - INFO - Training completed. Best epoch: 2, Best Val F1: 0.6682
2026-01-21 08:21:14 - RNN_Baseline - INFO -   → Val F1: 0.6682
2026-01-21 08:21:14 - RNN_Baseline - INFO - 
Trial 5/5:
2026-01-21 08:21:14 - RNN_Baseline - INFO -   Config: {'vocab_size': 26, 'embedding_dim': 64, 'rnn_hidden_dim': 32, 'num_heads': 4, 'num_transformer_layers': 2, 'dim_feedforward': 512, 'num_classes': 2, 'dropout': 0.3, 'max_seq_length': 30}
2026-01-21 08:21:14 - RNN_Baseline - INFO -   LR: 0.001
2026-01-21 08:21:14 - RNN_Baseline - INFO - Starting training for RNNTransformer_trial4
2026-01-21 08:25:09 - RNN_Baseline - INFO -   Epoch [5/15] Train Loss: 0.6932, Val F1: 0.0000, Val AUC: 0.5034
2026-01-21 08:25:55 - RNN_Baseline - INFO -   Early stopping at epoch 6
2026-01-21 08:25:55 - RNN_Baseline - INFO - Training completed. Best epoch: 1, Best Val F1: 0.6682
2026-01-21 08:25:55 - RNN_Baseline - INFO -   → Val F1: 0.6682
2026-01-21 08:25:55 - RNN_Baseline - INFO - 
============================================================
2026-01-21 08:25:55 - RNN_Baseline - INFO - BEST CONFIGURATION (Trial 1):
2026-01-21 08:25:55 - RNN_Baseline - INFO - ============================================================
2026-01-21 08:25:55 - RNN_Baseline - INFO - Val F1: 0.6682
2026-01-21 08:25:55 - RNN_Baseline - INFO - Parameters: 318,914
2026-01-21 08:25:55 - RNN_Baseline - INFO - Config:
2026-01-21 08:25:55 - RNN_Baseline - INFO -   embedding_dim: 64
2026-01-21 08:25:55 - RNN_Baseline - INFO -   rnn_hidden_dim: 128
2026-01-21 08:25:55 - RNN_Baseline - INFO -   num_heads: 8
2026-01-21 08:25:55 - RNN_Baseline - INFO -   num_transformer_layers: 2
2026-01-21 08:25:55 - RNN_Baseline - INFO -   dim_feedforward: 256
2026-01-21 08:25:55 - RNN_Baseline - INFO -   dropout: 0.1
2026-01-21 08:25:55 - RNN_Baseline - INFO -   max_seq_length: 30
2026-01-21 08:25:55 - RNN_Baseline - INFO -   lr: 0.0001
2026-01-21 08:25:55 - RNN_Baseline - INFO - 
============================================================
2026-01-21 08:25:55 - RNN_Baseline - INFO - FINAL TRAINING with best configuration
2026-01-21 08:25:55 - RNN_Baseline - INFO - ============================================================
2026-01-21 08:25:55 - RNN_Baseline - INFO - Model parameters: 318,914
2026-01-21 08:25:55 - RNN_Baseline - INFO - Starting training for RNNTransformer
2026-01-21 08:29:48 - RNN_Baseline - INFO -   Epoch [5/20] Train Loss: 0.6932, Val F1: 0.0000, Val AUC: 0.5051
2026-01-21 08:30:35 - RNN_Baseline - INFO -   Early stopping at epoch 6
2026-01-21 08:30:35 - RNN_Baseline - INFO - Training completed. Best epoch: 1, Best Val F1: 0.6682
2026-01-21 08:30:35 - RNN_Baseline - INFO - Final Validation F1: 0.6682
2026-01-21 08:30:35 - RNN_Baseline - INFO - 
============================================================
2026-01-21 08:30:35 - RNN_Baseline - INFO - TEST SET EVALUATION
2026-01-21 08:30:35 - RNN_Baseline - INFO - ============================================================
2026-01-21 08:30:36 - RNN_Baseline - INFO - 
Test Results for RNNTransformer:
2026-01-21 08:30:36 - RNN_Baseline - INFO -   Accuracy:  0.4986
2026-01-21 08:30:36 - RNN_Baseline - INFO -   Precision: 0.0000
2026-01-21 08:30:36 - RNN_Baseline - INFO -   Recall:    0.0000
2026-01-21 08:30:36 - RNN_Baseline - INFO -   F1 Score:  0.0000
2026-01-21 08:30:36 - RNN_Baseline - INFO -   AUC:       0.4968
2026-01-21 08:30:36 - RNN_Baseline - INFO -   Confusion Matrix:
2026-01-21 08:30:36 - RNN_Baseline - INFO -     [[24932, 0], [25067, 0]]
2026-01-21 08:30:36 - RNN_Baseline - INFO - Results saved:
2026-01-21 08:30:36 - RNN_Baseline - INFO -   Predictions: results_rnn_baseline/dataset_test_just_pair/RNNTransformer_predictions_datasettest_just_pair.csv
2026-01-21 08:30:36 - RNN_Baseline - INFO -   Summary:     results_rnn_baseline/dataset_test_just_pair/RNNTransformer_summary_datasettest_just_pair.json
2026-01-21 08:30:36 - RNN_Baseline - INFO -   Model checkpoint: results_rnn_baseline/dataset_test_just_pair/models/RNNTransformer_best.pt
2026-01-21 08:30:36 - RNN_Baseline - INFO - 
######################################################################
2026-01-21 08:30:36 - RNN_Baseline - INFO - # FINAL COMPARISON OF ALL MODELS
2026-01-21 08:30:36 - RNN_Baseline - INFO - ######################################################################

2026-01-21 08:30:36 - RNN_Baseline - INFO - Model           Accuracy   Precision  Recall     F1         AUC       
2026-01-21 08:30:36 - RNN_Baseline - INFO - ---------------------------------------------------------------------------
2026-01-21 08:30:36 - RNN_Baseline - INFO - MLP             0.4986     0.0000     0.0000     0.0000     0.5000    
2026-01-21 08:30:36 - RNN_Baseline - INFO - CNN1D           0.4987     1.0000     0.0001     0.0002     0.4999    
2026-01-21 08:30:36 - RNN_Baseline - INFO - Transformer     0.4986     0.0000     0.0000     0.0000     0.5020    
2026-01-21 08:30:36 - RNN_Baseline - INFO - LSTM            0.4986     0.0000     0.0000     0.0000     0.4995    
2026-01-21 08:30:36 - RNN_Baseline - INFO - BiLSTM          0.4986     0.0000     0.0000     0.0000     0.5037    
2026-01-21 08:30:36 - RNN_Baseline - INFO - GRU             0.4981     0.4928     0.0367     0.0683     0.4977    
2026-01-21 08:30:36 - RNN_Baseline - INFO - RNNTransformer  0.4986     0.0000     0.0000     0.0000     0.4968    
2026-01-21 08:30:36 - RNN_Baseline - INFO - 
Comparison saved to: results_rnn_baseline/dataset_test_just_pair/comparison_datasettest_just_pair.json
2026-01-21 08:30:36 - RNN_Baseline - INFO - 
============================================================
2026-01-21 08:30:36 - RNN_Baseline - INFO - BEST MODEL: GRU
2026-01-21 08:30:36 - RNN_Baseline - INFO -   F1 Score: 0.0683
2026-01-21 08:30:36 - RNN_Baseline - INFO -   AUC:      0.4977
2026-01-21 08:30:36 - RNN_Baseline - INFO - ============================================================
2026-01-21 08:30:36 - RNN_Baseline - INFO - 
Training completed successfully!
=== JOB FINISHED ===
Exit code: 0
Cache permanente mantenuta in: /cluster/work/projects/nn12048k/michechi/cache

Job 91823 consumed 0.0 billing hours and 8.8 GPU hours from project nn12048k.

Submitted 2026-01-20T23:44:05; waited 1.0 seconds in the queue after becoming eligible to run.

Requested wallclock time: 1.6 days
Elapsed wallclock time:   8.8 hours

Job exited normally.

Task and CPU statistics:
ID               CPUs  Tasks  CPU util                Start  Elapsed  Exit status
91823               1            0.0 %  2026-01-20T23:44:06    8.8 h  0
91823.batch         1      1     0.0 %  2026-01-20T23:44:06    8.8 h  0
91823.apptainer     1      1     0.0 %  2026-01-20T23:44:06    8.8 h  0

Used CPU time:   0.2 CPU seconds
Unused CPU time: 8.8 CPU hours

Memory statistics, in GiB:
ID                Alloc   Usage
91823              80.0        
91823.batch        80.0     0.1
91823.apptainer    80.0     7.5

Job 91823 completed at Wed Jan 21 08:30:38 CET 2026
