Starting job 92247 on gpu-1-30 on Olivia at Wed Jan 21 09:11:03 CET 2026

=== JOB CONFIGURATION ===
Job ID: 92247
Node: gpu-1-30
Permanent Cache: /cluster/work/projects/nn12048k/michechi/cache
=== STARTING CONTAINER ===
Container: /cluster/work/projects/nn12048k/michechi/extended-pytorch/extended-pytorch.sif
Environment: HUGGING_FACE_HUB_TOKEN=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,HF_HOME=/cluster/work/projects/nn12048k/michechi/cache,HF_DATASETS_CACHE=/cluster/work/projects/nn12048k/michechi/cache,XDG_CACHE_HOME=/cluster/work/projects/nn12048k/michechi/cache,PYTHONUNBUFFERED=1
=== JOB FINISHED ===
Exit code: 0
Cache permanente mantenuta in: /cluster/work/projects/nn12048k/michechi/cache

Job 92247 consumed 0.0 billing hours and 9.5 GPU hours from project nn12048k.

Submitted 2026-01-21T09:10:40; waited 23.0 seconds in the queue after becoming eligible to run.

Requested wallclock time: 15.0 hours
Elapsed wallclock time:   9.5 hours

Job exited normally.

Task and CPU statistics:
ID               CPUs  Tasks  CPU util                Start  Elapsed  Exit status
92247               1            0.0 %  2026-01-21T09:11:03    9.5 h  0
92247.batch         1      1     0.0 %  2026-01-21T09:11:03    9.5 h  0
92247.apptainer     1      1     0.0 %  2026-01-21T09:11:03    9.5 h  0

Used CPU time:   0.3 CPU seconds
Unused CPU time: 9.5 CPU hours

Memory statistics, in GiB:
ID                Alloc   Usage
92247              40.0        
92247.batch        40.0     0.0
92247.apptainer    40.0     6.7

Job 92247 completed at Wed Jan 21 18:43:36 CET 2026
