Starting job 91112 on gpu-1-54 on Olivia at Tue Jan 20 16:59:00 CET 2026

=== JOB CONFIGURATION ===
Job ID: 91112
Node: gpu-1-54
Permanent Cache: /cluster/work/projects/nn12048k/michechi/cache
=== STARTING CONTAINER ===
Container: /cluster/work/projects/nn12048k/michechi/extended-pytorch/extended-pytorch.sif
Environment: HUGGING_FACE_HUB_TOKEN=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,HF_HOME=/cluster/work/projects/nn12048k/michechi/cache,HF_DATASETS_CACHE=/cluster/work/projects/nn12048k/michechi/cache,XDG_CACHE_HOME=/cluster/work/projects/nn12048k/michechi/cache,PYTHONUNBUFFERED=1

Job 91112 consumed 0.0 billing hours and 0.7 GPU hours from project nn12048k.

Submitted 2026-01-20T16:58:59; waited 1.0 seconds in the queue after becoming eligible to run.

Requested wallclock time: 15.0 hours
Elapsed wallclock time:   43.1 minutes

Job was cancelled.

Task and CPU statistics:
ID               CPUs  Tasks  CPU util                Start   Elapsed  Exit status
91112               1            0.0 %  2026-01-20T16:59:00  2587.0 s  0
91112.batch         1      1     0.0 %  2026-01-20T16:59:00  2587.0 s  Signal 15
91112.apptainer     1      1     0.0 %  2026-01-20T16:59:00  2589.0 s  Signal 15

Used CPU time:   0.2 CPU seconds
Unused CPU time: 43.1 CPU minutes

Memory statistics, in GiB:
ID                Alloc   Usage
91112              40.0        
91112.batch        40.0     0.1
91112.apptainer    40.0     2.1

Job 91112 completed at Tue Jan 20 17:42:11 CET 2026
