Starting job 90717 on gpu-1-73 on Olivia at Tue Jan 20 15:09:38 CET 2026

=== JOB CONFIGURATION ===
Job ID: 90717
Node: gpu-1-73
Permanent Cache: /cluster/work/projects/nn12048k/michechi/cache
=== STARTING CONTAINER ===
Container: /cluster/work/projects/nn12048k/michechi/extended-pytorch/extended-pytorch.sif
Environment: HUGGING_FACE_HUB_TOKEN=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,HF_HOME=/cluster/work/projects/nn12048k/michechi/cache,HF_DATASETS_CACHE=/cluster/work/projects/nn12048k/michechi/cache,XDG_CACHE_HOME=/cluster/work/projects/nn12048k/michechi/cache,PYTHONUNBUFFERED=1

Job 90717 consumed 0.0 billing hours and 0.0 GPU hours from project nn12048k.

Submitted 2026-01-20T14:59:30; waited 10.1 minutes in the queue after becoming eligible to run.

Requested wallclock time: 2.0 hours
Elapsed wallclock time:   11.0 seconds

Job failed.

Task and CPU statistics:
ID               CPUs  Tasks  CPU util                Start  Elapsed  Exit status
90717               1            0.0 %  2026-01-20T15:09:37   11.0 s  1
90717.batch         1      1     2.0 %  2026-01-20T15:09:37   11.0 s  1
90717.apptainer     1      1     0.0 %  2026-01-20T15:09:39    8.0 s  1

Used CPU time:   0.2 CPU seconds
Unused CPU time: 10.8 CPU seconds

Memory statistics, in GiB:
ID                Alloc   Usage
90717              40.0        
90717.batch        40.0     0.0
90717.apptainer    40.0     3.0

Job 90717 completed at Tue Jan 20 15:09:49 CET 2026
