The following modules were not unloaded:
  (Use "module --force purge" to unload all):

  1) init-NRIS
INFO:    gocryptfs not found, will not be able to use gocryptfs
2026-01-24 15:33:39,039: Arguments:
2026-01-24 15:33:39,040:   batch_size: 64
2026-01-24 15:33:39,040:   epochs: 30
2026-01-24 15:33:39,040:   fractions: 0.01,0.10,0.30,0.50,0.75,1.0
2026-01-24 15:33:39,040:   label_column: Outcome
2026-01-24 15:33:39,040:   models: BiLSTM,Trasformer,LSTM,RNNTransformer
2026-01-24 15:33:39,040:   no_search: False
2026-01-24 15:33:39,040:   number_to_use: big
2026-01-24 15:33:39,041:   optimal: True
2026-01-24 15:33:39,041:   output_dir: results
2026-01-24 15:33:39,041:   path_csv: /cluster/home/michechi/MIMICIV/data/simulation/tested/
2026-01-24 15:33:39,041:   patience: 2
2026-01-24 15:33:39,041:   seed: 2234
2026-01-24 15:33:39,041:   sequence_column: Sequences
2026-01-24 15:33:39,041:   sequence_separator: 
2026-01-24 15:33:39,425: Using device: cuda
2026-01-24 15:33:39,426: Loading data from: /cluster/home/michechi/MIMICIV/data/simulation/tested/
2026-01-24 15:33:40,319: Data loaded - Train: 160000, Val: 20000, Test: 20000
2026-01-24 15:33:40,331: Maximum sequence length: 100
2026-01-24 15:33:40,331: Testing fractions: [0.01, 0.1, 0.3, 0.5, 0.75, 1.0]
2026-01-24 15:33:40,331: Models to train: ['BiLSTM', 'Trasformer', 'LSTM', 'RNNTransformer']
2026-01-24 15:33:40,331: Using OPTIMAL configurations
2026-01-24 15:33:40,332: 
======================================================================
2026-01-24 15:33:40,332: MODEL: BiLSTM
2026-01-24 15:33:40,332: ======================================================================
2026-01-24 15:33:40,332: --------------------------------------------------
2026-01-24 15:33:40,332: Training BiLSTM with 1% of training data
2026-01-24 15:33:40,332: --------------------------------------------------
2026-01-24 15:33:40,359: Training subset size: 1600
2026-01-24 15:33:46,300:   Epoch [5/30] Train Loss: 0.6549, Val F1: 0.1141, Val AUC: 0.5009
2026-01-24 15:33:46,301:   Early stopping at epoch 5
2026-01-24 15:33:46,884: BiLSTM @ 1% - Test AUC: 0.5001, Test F1: 0.2027, Precision: 0.4031, Recall: 0.1354, Time: 6.6s
2026-01-24 15:33:46,884:   Confusion Matrix: TN=10396, FP=1604, FN=6917, TP=1083
2026-01-24 15:33:46,959: --------------------------------------------------
2026-01-24 15:33:46,960: Training BiLSTM with 10% of training data
2026-01-24 15:33:46,960: --------------------------------------------------
2026-01-24 15:33:46,992: Training subset size: 16000
2026-01-24 15:33:54,737:   Epoch [5/30] Train Loss: 0.6663, Val F1: 0.2025, Val AUC: 0.5032
2026-01-24 15:34:02,501:   Epoch [10/30] Train Loss: 0.5443, Val F1: 0.3666, Val AUC: 0.5094
2026-01-24 15:34:10,261:   Epoch [15/30] Train Loss: 0.2632, Val F1: 0.3885, Val AUC: 0.5121
2026-01-24 15:34:18,037:   Epoch [20/30] Train Loss: 0.1149, Val F1: 0.3880, Val AUC: 0.5084
2026-01-24 15:34:18,037:   Early stopping at epoch 20
2026-01-24 15:34:18,628: BiLSTM @ 10% - Test AUC: 0.5010, Test F1: 0.4076, Precision: 0.4013, Recall: 0.4141, Time: 31.7s
2026-01-24 15:34:18,628:   Confusion Matrix: TN=7057, FP=4943, FN=4687, TP=3313
2026-01-24 15:34:18,709: --------------------------------------------------
2026-01-24 15:34:18,709: Training BiLSTM with 30% of training data
2026-01-24 15:34:18,709: --------------------------------------------------
2026-01-24 15:34:18,742: Training subset size: 48000
2026-01-24 15:34:29,316:   Early stopping at epoch 3
2026-01-24 15:34:29,904: BiLSTM @ 30% - Test AUC: 0.5011, Test F1: 0.0000, Precision: 0.0000, Recall: 0.0000, Time: 11.2s
2026-01-24 15:34:29,905:   Confusion Matrix: TN=12000, FP=0, FN=8000, TP=0
2026-01-24 15:34:29,979: --------------------------------------------------
2026-01-24 15:34:29,980: Training BiLSTM with 50% of training data
2026-01-24 15:34:29,980: --------------------------------------------------
2026-01-24 15:34:30,011: Training subset size: 80000
2026-01-24 15:34:46,609:   Early stopping at epoch 3
2026-01-24 15:34:47,200: BiLSTM @ 50% - Test AUC: 0.5035, Test F1: 0.0000, Precision: 0.0000, Recall: 0.0000, Time: 17.2s
2026-01-24 15:34:47,200:   Confusion Matrix: TN=12000, FP=0, FN=8000, TP=0
2026-01-24 15:34:47,276: --------------------------------------------------
2026-01-24 15:34:47,276: Training BiLSTM with 75% of training data
2026-01-24 15:34:47,276: --------------------------------------------------
2026-01-24 15:34:47,308: Training subset size: 120000
2026-01-24 15:35:11,282:   Early stopping at epoch 3
2026-01-24 15:35:11,875: BiLSTM @ 75% - Test AUC: 0.5077, Test F1: 0.0000, Precision: 0.0000, Recall: 0.0000, Time: 24.6s
2026-01-24 15:35:11,875:   Confusion Matrix: TN=12000, FP=0, FN=8000, TP=0
2026-01-24 15:35:11,955: --------------------------------------------------
2026-01-24 15:35:11,955: Training BiLSTM with 100% of training data
2026-01-24 15:35:11,955: --------------------------------------------------
2026-01-24 15:35:11,956: Training subset size: 160000
2026-01-24 15:35:43,389:   Early stopping at epoch 3
2026-01-24 15:35:43,983: BiLSTM @ 100% - Test AUC: 0.5103, Test F1: 0.0000, Precision: 0.0000, Recall: 0.0000, Time: 32.0s
2026-01-24 15:35:43,984:   Confusion Matrix: TN=12000, FP=0, FN=8000, TP=0
2026-01-24 15:35:44,064: 
======================================================================
2026-01-24 15:35:44,065: MODEL: Trasformer
2026-01-24 15:35:44,065: ======================================================================
Traceback (most recent call last):
  File "/cluster/home/michechi/MIMICIV/src/DL_TR_baselines_experiment.py", line 1130, in <module>
    results_df = run_fraction_experiment(args)
                 ^^^^^^^^^^^^^^^^^^^^^^^^^^^^^
  File "/cluster/home/michechi/MIMICIV/src/DL_TR_baselines_experiment.py", line 991, in run_fraction_experiment
    config = config_source[model_name].copy()
             ~~~~~~~~~~~~~^^^^^^^^^^^^
KeyError: 'Trasformer'
srun: error: gpu-1-76: task 0: Exited with exit code 1
srun: Terminating StepId=98532.0
