The following modules were not unloaded:
  (Use "module --force purge" to unload all):

  1) init-NRIS
INFO:    gocryptfs not found, will not be able to use gocryptfs
/usr/bin/rm: cannot remove '/usr/local/cuda/compat/lib': Read-only file system
rm: cannot remove '/usr/local/cuda/compat/lib': Read-only file system
2026-01-21 16:55:00,660: Arguments:
2026-01-21 16:55:00,660:   batch_size: 64
2026-01-21 16:55:00,660:   epochs: 30
2026-01-21 16:55:00,660:   fractions: 0.01,0.10,0.30,0.50,0.75,1.0
2026-01-21 16:55:00,660:   label_column: Outcome
2026-01-21 16:55:00,660:   models: LSTM,Transformer,RNNTransformer
2026-01-21 16:55:00,660:   no_search: False
2026-01-21 16:55:00,660:   number_to_use: 9
2026-01-21 16:55:00,661:   optimal: True
2026-01-21 16:55:00,661:   output_dir: results
2026-01-21 16:55:00,661:   path_csv: /cluster/home/michechi/MIMICIV/data/simulation/tested/
2026-01-21 16:55:00,661:   patience: 2
2026-01-21 16:55:00,661:   seed: 1234
2026-01-21 16:55:00,661:   sequence_column: Sequences
2026-01-21 16:55:00,661:   sequence_separator: 
2026-01-21 16:55:01,196: Using device: cuda
2026-01-21 16:55:01,197: Loading data from: /cluster/home/michechi/MIMICIV/data/simulation/tested/
2026-01-21 16:55:01,972: Data loaded - Train: 400000, Val: 50000, Test: 50000
2026-01-21 16:55:01,999: Maximum sequence length: 20
2026-01-21 16:55:02,000: Testing fractions: [0.01, 0.1, 0.3, 0.5, 0.75, 1.0]
2026-01-21 16:55:02,000: Models to train: ['LSTM', 'Transformer', 'RNNTransformer']
2026-01-21 16:55:02,000: Using OPTIMAL configurations
2026-01-21 16:55:02,000: 
======================================================================
2026-01-21 16:55:02,001: MODEL: LSTM
2026-01-21 16:55:02,001: ======================================================================
2026-01-21 16:55:02,001: --------------------------------------------------
2026-01-21 16:55:02,001: Training LSTM with 1% of training data
2026-01-21 16:55:02,001: --------------------------------------------------
2026-01-21 16:55:02,072: Training subset size: 4000
2026-01-21 16:55:09,799:   Epoch [5/30] Train Loss: 0.6522, Val F1: 0.4030, Val AUC: 0.5643
2026-01-21 16:55:09,799:   Early stopping at epoch 5
2026-01-21 16:55:10,735: LSTM @ 1% - Test AUC: 0.5616, Test F1: 0.4041, Precision: 0.4887, Recall: 0.3445, Time: 8.7s
2026-01-21 16:55:10,735:   Confusion Matrix: TN=21428, FP=7569, FN=13768, TP=7235
2026-01-21 16:55:10,811: --------------------------------------------------
2026-01-21 16:55:10,812: Training LSTM with 10% of training data
2026-01-21 16:55:10,812: --------------------------------------------------
2026-01-21 16:55:10,894: Training subset size: 40000
2026-01-21 16:55:22,962:   Epoch [5/30] Train Loss: 0.6575, Val F1: 0.4698, Val AUC: 0.5948
2026-01-21 16:55:27,808:   Early stopping at epoch 7
2026-01-21 16:55:28,754: LSTM @ 10% - Test AUC: 0.5884, Test F1: 0.4634, Precision: 0.5066, Recall: 0.4270, Time: 17.9s
2026-01-21 16:55:28,754:   Confusion Matrix: TN=20262, FP=8735, FN=12035, TP=8968
2026-01-21 16:55:28,833: --------------------------------------------------
2026-01-21 16:55:28,833: Training LSTM with 30% of training data
2026-01-21 16:55:28,833: --------------------------------------------------
2026-01-21 16:55:28,915: Training subset size: 120000
2026-01-21 16:55:56,303:   Epoch [5/30] Train Loss: 0.6461, Val F1: 0.4680, Val AUC: 0.6401
2026-01-21 16:56:23,624:   Epoch [10/30] Train Loss: 0.6239, Val F1: 0.4594, Val AUC: 0.6349
2026-01-21 16:56:23,624:   Early stopping at epoch 10
2026-01-21 16:56:24,582: LSTM @ 30% - Test AUC: 0.6399, Test F1: 0.5101, Precision: 0.6027, Recall: 0.4421, Time: 55.7s
2026-01-21 16:56:24,582:   Confusion Matrix: TN=22875, FP=6122, FN=11717, TP=9286
2026-01-21 16:56:24,667: --------------------------------------------------
2026-01-21 16:56:24,667: Training LSTM with 50% of training data
2026-01-21 16:56:24,668: --------------------------------------------------
2026-01-21 16:56:24,752: Training subset size: 200000
2026-01-21 16:57:07,537:   Epoch [5/30] Train Loss: 0.6387, Val F1: 0.5322, Val AUC: 0.6521
2026-01-21 16:57:33,334:   Early stopping at epoch 8
2026-01-21 16:57:34,302: LSTM @ 50% - Test AUC: 0.6550, Test F1: 0.5384, Precision: 0.6231, Recall: 0.4741, Time: 69.6s
2026-01-21 16:57:34,302:   Confusion Matrix: TN=22973, FP=6024, FN=11046, TP=9957
2026-01-21 16:57:34,386: --------------------------------------------------
2026-01-21 16:57:34,386: Training LSTM with 75% of training data
2026-01-21 16:57:34,386: --------------------------------------------------
2026-01-21 16:57:34,470: Training subset size: 300000
2026-01-21 16:58:37,055:   Epoch [5/30] Train Loss: 0.6334, Val F1: 0.5279, Val AUC: 0.6612
2026-01-21 16:59:40,187:   Epoch [10/30] Train Loss: 0.6225, Val F1: 0.5481, Val AUC: 0.6631
2026-01-21 17:00:05,573:   Early stopping at epoch 12
2026-01-21 17:00:06,558: LSTM @ 75% - Test AUC: 0.6625, Test F1: 0.5495, Precision: 0.6579, Recall: 0.4718, Time: 152.2s
2026-01-21 17:00:06,558:   Confusion Matrix: TN=23844, FP=5153, FN=11094, TP=9909
2026-01-21 17:00:06,651: --------------------------------------------------
2026-01-21 17:00:06,651: Training LSTM with 100% of training data
2026-01-21 17:00:06,652: --------------------------------------------------
2026-01-21 17:00:06,653: Training subset size: 400000
2026-01-21 17:01:30,011:   Epoch [5/30] Train Loss: 0.6263, Val F1: 0.5600, Val AUC: 0.6645
2026-01-21 17:01:46,668:   Early stopping at epoch 6
2026-01-21 17:01:47,659: LSTM @ 100% - Test AUC: 0.6652, Test F1: 0.5635, Precision: 0.6598, Recall: 0.4917, Time: 101.0s
2026-01-21 17:01:47,659:   Confusion Matrix: TN=23673, FP=5324, FN=10676, TP=10327
2026-01-21 17:01:47,748: 
======================================================================
2026-01-21 17:01:47,748: MODEL: Transformer
2026-01-21 17:01:47,748: ======================================================================
2026-01-21 17:01:47,748: --------------------------------------------------
2026-01-21 17:01:47,749: Training Transformer with 1% of training data
2026-01-21 17:01:47,749: --------------------------------------------------
2026-01-21 17:01:47,832: Training subset size: 4000
2026-01-21 17:01:59,341:   Epoch [5/30] Train Loss: 0.6657, Val F1: 0.1523, Val AUC: 0.5728
2026-01-21 17:02:05,997:   Early stopping at epoch 8
2026-01-21 17:02:07,766: Transformer @ 1% - Test AUC: 0.5710, Test F1: 0.3508, Precision: 0.5126, Recall: 0.2667, Time: 20.0s
2026-01-21 17:02:07,767:   Confusion Matrix: TN=23671, FP=5326, FN=15402, TP=5601
2026-01-21 17:02:07,848: --------------------------------------------------
2026-01-21 17:02:07,848: Training Transformer with 10% of training data
2026-01-21 17:02:07,848: --------------------------------------------------
2026-01-21 17:02:07,932: Training subset size: 40000
2026-01-21 17:02:40,808:   Epoch [5/30] Train Loss: 0.6658, Val F1: 0.4295, Val AUC: 0.5958
2026-01-21 17:02:53,998:   Early stopping at epoch 7
2026-01-21 17:02:55,770: Transformer @ 10% - Test AUC: 0.5923, Test F1: 0.4284, Precision: 0.5201, Recall: 0.3642, Time: 47.9s
2026-01-21 17:02:55,770:   Confusion Matrix: TN=21939, FP=7058, FN=13353, TP=7650
2026-01-21 17:02:55,855: --------------------------------------------------
2026-01-21 17:02:55,856: Training Transformer with 30% of training data
2026-01-21 17:02:55,856: --------------------------------------------------
2026-01-21 17:02:55,939: Training subset size: 120000
2026-01-21 17:04:17,400:   Epoch [5/30] Train Loss: 0.6307, Val F1: 0.5738, Val AUC: 0.6645
2026-01-21 17:05:06,545:   Early stopping at epoch 8
2026-01-21 17:05:08,370: Transformer @ 30% - Test AUC: 0.6700, Test F1: 0.5799, Precision: 0.6617, Recall: 0.5161, Time: 132.5s
2026-01-21 17:05:08,370:   Confusion Matrix: TN=23456, FP=5541, FN=10163, TP=10840
2026-01-21 17:05:08,460: --------------------------------------------------
2026-01-21 17:05:08,460: Training Transformer with 50% of training data
2026-01-21 17:05:08,460: --------------------------------------------------
2026-01-21 17:05:08,544: Training subset size: 200000
2026-01-21 17:07:18,752:   Epoch [5/30] Train Loss: 0.6214, Val F1: 0.5755, Val AUC: 0.6703
2026-01-21 17:08:10,733:   Early stopping at epoch 7
2026-01-21 17:08:12,511: Transformer @ 50% - Test AUC: 0.6707, Test F1: 0.5790, Precision: 0.6913, Recall: 0.4980, Time: 184.1s
2026-01-21 17:08:12,512:   Confusion Matrix: TN=24326, FP=4671, FN=10543, TP=10460
2026-01-21 17:08:12,603: --------------------------------------------------
2026-01-21 17:08:12,603: Training Transformer with 75% of training data
2026-01-21 17:08:12,603: --------------------------------------------------
2026-01-21 17:08:12,690: Training subset size: 300000
2026-01-21 17:11:23,358:   Epoch [5/30] Train Loss: 0.6166, Val F1: 0.5747, Val AUC: 0.6685
2026-01-21 17:14:32,763:   Epoch [10/30] Train Loss: 0.6151, Val F1: 0.5751, Val AUC: 0.6699
2026-01-21 17:14:32,763:   Early stopping at epoch 10
2026-01-21 17:14:34,562: Transformer @ 75% - Test AUC: 0.6702, Test F1: 0.5781, Precision: 0.7014, Recall: 0.4916, Time: 382.0s
2026-01-21 17:14:34,563:   Confusion Matrix: TN=24601, FP=4396, FN=10677, TP=10326
2026-01-21 17:14:34,657: --------------------------------------------------
2026-01-21 17:14:34,658: Training Transformer with 100% of training data
2026-01-21 17:14:34,658: --------------------------------------------------
2026-01-21 17:14:34,660: Training subset size: 400000
2026-01-21 17:18:41,496:   Epoch [5/30] Train Loss: 0.6161, Val F1: 0.5757, Val AUC: 0.6693
2026-01-21 17:19:31,010:   Early stopping at epoch 6
2026-01-21 17:19:32,805: Transformer @ 100% - Test AUC: 0.6708, Test F1: 0.5786, Precision: 0.6996, Recall: 0.4933, Time: 298.1s
2026-01-21 17:19:32,805:   Confusion Matrix: TN=24549, FP=4448, FN=10642, TP=10361
2026-01-21 17:19:32,896: 
======================================================================
2026-01-21 17:19:32,897: MODEL: RNNTransformer
2026-01-21 17:19:32,897: ======================================================================
2026-01-21 17:19:32,897: --------------------------------------------------
2026-01-21 17:19:32,897: Training RNNTransformer with 1% of training data
2026-01-21 17:19:32,897: --------------------------------------------------
2026-01-21 17:19:32,982: Training subset size: 4000
2026-01-21 17:19:41,892:   Early stopping at epoch 4
2026-01-21 17:19:43,690: RNNTransformer @ 1% - Test AUC: 0.5641, Test F1: 0.1061, Precision: 0.5679, Recall: 0.0585, Time: 10.8s
2026-01-21 17:19:43,690:   Confusion Matrix: TN=28062, FP=935, FN=19774, TP=1229
2026-01-21 17:19:43,773: --------------------------------------------------
2026-01-21 17:19:43,773: Training RNNTransformer with 10% of training data
2026-01-21 17:19:43,774: --------------------------------------------------
2026-01-21 17:19:43,856: Training subset size: 40000
2026-01-21 17:20:02,422:   Early stopping at epoch 3
2026-01-21 17:20:04,220: RNNTransformer @ 10% - Test AUC: 0.5853, Test F1: 0.3427, Precision: 0.5348, Recall: 0.2522, Time: 20.4s
2026-01-21 17:20:04,220:   Confusion Matrix: TN=24390, FP=4607, FN=15707, TP=5296
2026-01-21 17:20:04,304: --------------------------------------------------
2026-01-21 17:20:04,304: Training RNNTransformer with 30% of training data
2026-01-21 17:20:04,304: --------------------------------------------------
2026-01-21 17:20:04,387: Training subset size: 120000
2026-01-21 17:20:49,557:   Early stopping at epoch 3
2026-01-21 17:20:51,372: RNNTransformer @ 30% - Test AUC: 0.5918, Test F1: 0.3938, Precision: 0.5335, Recall: 0.3120, Time: 47.1s
2026-01-21 17:20:51,372:   Confusion Matrix: TN=23268, FP=5729, FN=14450, TP=6553
2026-01-21 17:20:51,459: --------------------------------------------------
2026-01-21 17:20:51,460: Training RNNTransformer with 50% of training data
2026-01-21 17:20:51,460: --------------------------------------------------
2026-01-21 17:20:51,543: Training subset size: 200000
2026-01-21 17:22:51,372:   Epoch [5/30] Train Loss: 0.6475, Val F1: 0.4945, Val AUC: 0.6527
2026-01-21 17:24:51,186:   Epoch [10/30] Train Loss: 0.6217, Val F1: 0.5732, Val AUC: 0.6679
2026-01-21 17:25:39,415:   Early stopping at epoch 12
2026-01-21 17:25:41,234: RNNTransformer @ 50% - Test AUC: 0.6668, Test F1: 0.5754, Precision: 0.6708, Recall: 0.5037, Time: 289.8s
2026-01-21 17:25:41,235:   Confusion Matrix: TN=23804, FP=5193, FN=10423, TP=10580
2026-01-21 17:25:41,326: --------------------------------------------------
2026-01-21 17:25:41,327: Training RNNTransformer with 75% of training data
2026-01-21 17:25:41,327: --------------------------------------------------
2026-01-21 17:25:41,413: Training subset size: 300000
2026-01-21 17:28:36,899:   Epoch [5/30] Train Loss: 0.6247, Val F1: 0.5683, Val AUC: 0.6697
2026-01-21 17:31:33,972:   Epoch [10/30] Train Loss: 0.6164, Val F1: 0.5744, Val AUC: 0.6706
2026-01-21 17:32:44,432:   Early stopping at epoch 12
2026-01-21 17:32:46,254: RNNTransformer @ 75% - Test AUC: 0.6705, Test F1: 0.5768, Precision: 0.6947, Recall: 0.4930, Time: 424.9s
2026-01-21 17:32:46,255:   Confusion Matrix: TN=24447, FP=4550, FN=10648, TP=10355
2026-01-21 17:32:46,348: --------------------------------------------------
2026-01-21 17:32:46,349: Training RNNTransformer with 100% of training data
2026-01-21 17:32:46,349: --------------------------------------------------
2026-01-21 17:32:46,351: Training subset size: 400000
2026-01-21 17:36:38,638:   Epoch [5/30] Train Loss: 0.6208, Val F1: 0.5739, Val AUC: 0.6686
2026-01-21 17:37:25,119:   Early stopping at epoch 6
2026-01-21 17:37:26,955: RNNTransformer @ 100% - Test AUC: 0.6705, Test F1: 0.5782, Precision: 0.6831, Recall: 0.5012, Time: 280.6s
2026-01-21 17:37:26,955:   Confusion Matrix: TN=24114, FP=4883, FN=10477, TP=10526
2026-01-21 17:37:27,054: 
Results saved to: results/dl_fraction_experiment_9_OPTIMAL_20260121_173727.csv
2026-01-21 17:37:27,056: Detailed results saved to: results/dl_fraction_experiment_9_OPTIMAL_20260121_173727.json
2026-01-21 17:37:27,056: 
======================================================================
2026-01-21 17:37:27,056: EXPERIMENT SUMMARY
2026-01-21 17:37:27,056: ======================================================================
2026-01-21 17:37:27,056: 
LSTM:
2026-01-21 17:37:27,056: Fraction   Train N    Test AUC   Test F1    Precision  Recall    
2026-01-21 17:37:27,056: ------------------------------------------------------------
2026-01-21 17:37:27,056:      1%    4000       0.5616     0.4041     0.4887     0.3445    
2026-01-21 17:37:27,057:     10%    40000      0.5884     0.4634     0.5066     0.4270    
2026-01-21 17:37:27,057:     30%    120000     0.6399     0.5101     0.6027     0.4421    
2026-01-21 17:37:27,057:     50%    200000     0.6550     0.5384     0.6231     0.4741    
2026-01-21 17:37:27,057:     75%    300000     0.6625     0.5495     0.6579     0.4718    
2026-01-21 17:37:27,057:    100%    400000     0.6652     0.5635     0.6598     0.4917    
2026-01-21 17:37:27,057: 
Transformer:
2026-01-21 17:37:27,057: Fraction   Train N    Test AUC   Test F1    Precision  Recall    
2026-01-21 17:37:27,057: ------------------------------------------------------------
2026-01-21 17:37:27,057:      1%    4000       0.5710     0.3508     0.5126     0.2667    
2026-01-21 17:37:27,057:     10%    40000      0.5923     0.4284     0.5201     0.3642    
2026-01-21 17:37:27,058:     30%    120000     0.6700     0.5799     0.6617     0.5161    
2026-01-21 17:37:27,058:     50%    200000     0.6707     0.5790     0.6913     0.4980    
2026-01-21 17:37:27,058:     75%    300000     0.6702     0.5781     0.7014     0.4916    
2026-01-21 17:37:27,058:    100%    400000     0.6708     0.5786     0.6996     0.4933    
2026-01-21 17:37:27,058: 
RNNTransformer:
2026-01-21 17:37:27,058: Fraction   Train N    Test AUC   Test F1    Precision  Recall    
2026-01-21 17:37:27,058: ------------------------------------------------------------
2026-01-21 17:37:27,058:      1%    4000       0.5641     0.1061     0.5679     0.0585    
2026-01-21 17:37:27,058:     10%    40000      0.5853     0.3427     0.5348     0.2522    
2026-01-21 17:37:27,059:     30%    120000     0.5918     0.3938     0.5335     0.3120    
2026-01-21 17:37:27,059:     50%    200000     0.6668     0.5754     0.6708     0.5037    
2026-01-21 17:37:27,059:     75%    300000     0.6705     0.5768     0.6947     0.4930    
2026-01-21 17:37:27,059:    100%    400000     0.6705     0.5782     0.6831     0.5012    
