The following modules were not unloaded:
  (Use "module --force purge" to unload all):

  1) init-NRIS
INFO:    gocryptfs not found, will not be able to use gocryptfs
/usr/bin/rm: cannot remove '/usr/local/cuda/compat/lib': Read-only file system
rm: cannot remove '/usr/local/cuda/compat/lib': Read-only file system
2026-01-22 00:11:56,644: Arguments:
2026-01-22 00:11:56,645:   batch_size: 64
2026-01-22 00:11:56,645:   epochs: 30
2026-01-22 00:11:56,645:   fractions: 0.01,0.10,0.30,0.50,0.75,1.0
2026-01-22 00:11:56,645:   label_column: Outcome
2026-01-22 00:11:56,645:   models: all
2026-01-22 00:11:56,645:   no_search: False
2026-01-22 00:11:56,645:   number_to_use: test_just_pair
2026-01-22 00:11:56,645:   optimal: True
2026-01-22 00:11:56,645:   output_dir: results
2026-01-22 00:11:56,645:   path_csv: /cluster/home/michechi/MIMICIV/data/simulation/tested/
2026-01-22 00:11:56,645:   patience: 2
2026-01-22 00:11:56,646:   seed: 2234
2026-01-22 00:11:56,646:   sequence_column: Sequences
2026-01-22 00:11:56,646:   sequence_separator: 
2026-01-22 00:11:56,820: Using device: cuda
2026-01-22 00:11:56,821: Loading data from: /cluster/home/michechi/MIMICIV/data/simulation/tested/
2026-01-22 00:11:58,458: Data loaded - Train: 800000, Val: 100000, Test: 100000
2026-01-22 00:11:58,513: Maximum sequence length: 20
2026-01-22 00:11:58,515: Testing fractions: [0.01, 0.1, 0.3, 0.5, 0.75, 1.0]
2026-01-22 00:11:58,516: Models to train: ['MLP', 'CNN1D', 'Transformer', 'LSTM', 'BiLSTM', 'GRU', 'RNNTransformer']
2026-01-22 00:11:58,516: Using OPTIMAL configurations
2026-01-22 00:11:58,516: 
======================================================================
2026-01-22 00:11:58,516: MODEL: MLP
2026-01-22 00:11:58,516: ======================================================================
2026-01-22 00:11:58,516: --------------------------------------------------
2026-01-22 00:11:58,516: Training MLP with 1% of training data
2026-01-22 00:11:58,516: --------------------------------------------------
2026-01-22 00:11:58,682: Training subset size: 8000
2026-01-22 00:17:18,261:   Early stopping at epoch 3
2026-01-22 00:18:56,249: MLP @ 1% - Test AUC: 0.4977, Test F1: 0.6627, Precision: 0.5012, Recall: 0.9780, Time: 417.7s
2026-01-22 00:18:56,249:   Confusion Matrix: TN=1059, FP=48806, FN=1102, TP=49033
2026-01-22 00:18:56,343: --------------------------------------------------
2026-01-22 00:18:56,344: Training MLP with 10% of training data
2026-01-22 00:18:56,344: --------------------------------------------------
2026-01-22 00:18:56,521: Training subset size: 80000
2026-01-22 00:33:44,146:   Epoch [5/30] Train Loss: 0.5915, Val F1: 0.5273, Val AUC: 0.4992
2026-01-22 00:36:41,561:   Early stopping at epoch 6
2026-01-22 00:38:19,228: MLP @ 10% - Test AUC: 0.5001, Test F1: 0.5437, Precision: 0.5020, Recall: 0.5929, Time: 1162.9s
2026-01-22 00:38:19,228:   Confusion Matrix: TN=20382, FP=29483, FN=20412, TP=29723
2026-01-22 00:38:19,324: --------------------------------------------------
2026-01-22 00:38:19,324: Training MLP with 30% of training data
2026-01-22 00:38:19,324: --------------------------------------------------
2026-01-22 00:38:19,503: Training subset size: 240000
2026-01-22 00:55:10,487:   Early stopping at epoch 3
2026-01-22 00:56:48,233: MLP @ 30% - Test AUC: 0.5002, Test F1: 0.6574, Precision: 0.5011, Recall: 0.9551, Time: 1108.9s
2026-01-22 00:56:48,233:   Confusion Matrix: TN=2197, FP=47668, FN=2250, TP=47885
2026-01-22 00:56:48,333: --------------------------------------------------
2026-01-22 00:56:48,333: Training MLP with 50% of training data
2026-01-22 00:56:48,334: --------------------------------------------------
2026-01-22 00:56:48,513: Training subset size: 400000
2026-01-22 01:38:13,872:   Epoch [5/30] Train Loss: 0.6933, Val F1: 0.0000, Val AUC: 0.5000
2026-01-22 01:38:13,873:   Early stopping at epoch 5
2026-01-22 01:39:51,388: MLP @ 50% - Test AUC: 0.5002, Test F1: 0.6677, Precision: 0.5013, Recall: 0.9994, Time: 2583.1s
2026-01-22 01:39:51,388:   Confusion Matrix: TN=28, FP=49837, FN=29, TP=50106
2026-01-22 01:39:51,492: --------------------------------------------------
2026-01-22 01:39:51,492: Training MLP with 75% of training data
2026-01-22 01:39:51,492: --------------------------------------------------
2026-01-22 01:39:51,677: Training subset size: 600000
2026-01-22 02:14:46,784:   Early stopping at epoch 3
2026-01-22 02:16:24,735: MLP @ 75% - Test AUC: 0.4965, Test F1: 0.2804, Precision: 0.4975, Recall: 0.1952, Time: 2193.2s
2026-01-22 02:16:24,735:   Confusion Matrix: TN=39978, FP=9887, FN=40347, TP=9788
2026-01-22 02:16:24,844: --------------------------------------------------
2026-01-22 02:16:24,844: Training MLP with 100% of training data
2026-01-22 02:16:24,844: --------------------------------------------------
2026-01-22 02:16:24,849: Training subset size: 800000
2026-01-22 03:16:18,662:   Early stopping at epoch 4
2026-01-22 03:17:56,247: MLP @ 100% - Test AUC: 0.5000, Test F1: 0.6679, Precision: 0.5013, Recall: 1.0000, Time: 3691.4s
2026-01-22 03:17:56,248:   Confusion Matrix: TN=0, FP=49865, FN=0, TP=50135
2026-01-22 03:17:56,350: 
======================================================================
2026-01-22 03:17:56,351: MODEL: CNN1D
2026-01-22 03:17:56,351: ======================================================================
2026-01-22 03:17:56,351: --------------------------------------------------
2026-01-22 03:17:56,351: Training CNN1D with 1% of training data
2026-01-22 03:17:56,351: --------------------------------------------------
2026-01-22 03:17:56,530: Training subset size: 8000
2026-01-22 03:18:07,118:   Early stopping at epoch 4
2026-01-22 03:18:09,302: CNN1D @ 1% - Test AUC: 0.4992, Test F1: 0.6357, Precision: 0.5007, Recall: 0.8704, Time: 13.0s
2026-01-22 03:18:09,302:   Confusion Matrix: TN=6359, FP=43506, FN=6500, TP=43635
2026-01-22 03:18:09,392: --------------------------------------------------
2026-01-22 03:18:09,392: Training CNN1D with 10% of training data
2026-01-22 03:18:09,392: --------------------------------------------------
2026-01-22 03:18:09,566: Training subset size: 80000
2026-01-22 03:18:32,238:   Early stopping at epoch 4
2026-01-22 03:18:34,423: CNN1D @ 10% - Test AUC: 0.5007, Test F1: 0.6498, Precision: 0.5011, Recall: 0.9240, Time: 25.0s
2026-01-22 03:18:34,424:   Confusion Matrix: TN=3741, FP=46124, FN=3808, TP=46327
2026-01-22 03:18:34,516: --------------------------------------------------
2026-01-22 03:18:34,516: Training CNN1D with 30% of training data
2026-01-22 03:18:34,516: --------------------------------------------------
2026-01-22 03:18:34,692: Training subset size: 240000
2026-01-22 03:19:12,799:   Early stopping at epoch 3
2026-01-22 03:19:14,990: CNN1D @ 30% - Test AUC: 0.5002, Test F1: 0.4613, Precision: 0.5014, Recall: 0.4272, Time: 40.5s
2026-01-22 03:19:14,990:   Confusion Matrix: TN=28567, FP=21298, FN=28717, TP=21418
2026-01-22 03:19:15,088: --------------------------------------------------
2026-01-22 03:19:15,089: Training CNN1D with 50% of training data
2026-01-22 03:19:15,089: --------------------------------------------------
2026-01-22 03:19:15,268: Training subset size: 400000
2026-01-22 03:20:53,966:   Epoch [5/30] Train Loss: 0.6932, Val F1: 0.6682, Val AUC: 0.5000
2026-01-22 03:20:53,967:   Early stopping at epoch 5
2026-01-22 03:20:56,146: CNN1D @ 50% - Test AUC: 0.4999, Test F1: 0.6679, Precision: 0.5013, Recall: 1.0000, Time: 101.1s
2026-01-22 03:20:56,146:   Confusion Matrix: TN=0, FP=49865, FN=0, TP=50135
2026-01-22 03:20:56,248: --------------------------------------------------
2026-01-22 03:20:56,248: Training CNN1D with 75% of training data
2026-01-22 03:20:56,248: --------------------------------------------------
2026-01-22 03:20:56,431: Training subset size: 600000
2026-01-22 03:23:19,159:   Epoch [5/30] Train Loss: 0.6932, Val F1: 0.0001, Val AUC: 0.5002
2026-01-22 03:23:19,160:   Early stopping at epoch 5
2026-01-22 03:23:21,348: CNN1D @ 75% - Test AUC: 0.5000, Test F1: 0.6679, Precision: 0.5013, Recall: 1.0000, Time: 145.1s
2026-01-22 03:23:21,348:   Confusion Matrix: TN=0, FP=49865, FN=0, TP=50135
2026-01-22 03:23:21,453: --------------------------------------------------
2026-01-22 03:23:21,454: Training CNN1D with 100% of training data
2026-01-22 03:23:21,454: --------------------------------------------------
2026-01-22 03:23:21,458: Training subset size: 800000
2026-01-22 03:25:50,968:   Early stopping at epoch 4
2026-01-22 03:25:53,154: CNN1D @ 100% - Test AUC: 0.5000, Test F1: 0.6679, Precision: 0.5013, Recall: 1.0000, Time: 151.7s
2026-01-22 03:25:53,154:   Confusion Matrix: TN=0, FP=49865, FN=0, TP=50135
2026-01-22 03:25:53,255: 
======================================================================
2026-01-22 03:25:53,255: MODEL: Transformer
2026-01-22 03:25:53,255: ======================================================================
2026-01-22 03:25:53,256: --------------------------------------------------
2026-01-22 03:25:53,256: Training Transformer with 1% of training data
2026-01-22 03:25:53,256: --------------------------------------------------
2026-01-22 03:25:53,435: Training subset size: 8000
2026-01-22 03:26:10,809:   Early stopping at epoch 4
2026-01-22 03:26:14,250: Transformer @ 1% - Test AUC: 0.4999, Test F1: 0.6677, Precision: 0.5014, Recall: 0.9993, Time: 21.0s
2026-01-22 03:26:14,250:   Confusion Matrix: TN=35, FP=49830, FN=35, TP=50100
2026-01-22 03:26:14,341: --------------------------------------------------
2026-01-22 03:26:14,342: Training Transformer with 10% of training data
2026-01-22 03:26:14,342: --------------------------------------------------
2026-01-22 03:26:14,519: Training subset size: 80000
2026-01-22 03:27:15,973:   Epoch [5/30] Train Loss: 0.6935, Val F1: 0.0616, Val AUC: 0.4997
2026-01-22 03:27:15,973:   Early stopping at epoch 5
2026-01-22 03:27:19,439: Transformer @ 10% - Test AUC: 0.5020, Test F1: 0.6679, Precision: 0.5013, Recall: 1.0000, Time: 65.1s
2026-01-22 03:27:19,440:   Confusion Matrix: TN=0, FP=49865, FN=0, TP=50135
2026-01-22 03:27:19,532: --------------------------------------------------
2026-01-22 03:27:19,533: Training Transformer with 30% of training data
2026-01-22 03:27:19,533: --------------------------------------------------
2026-01-22 03:27:19,711: Training subset size: 240000
2026-01-22 03:28:50,214:   Early stopping at epoch 3
2026-01-22 03:28:53,684: Transformer @ 30% - Test AUC: 0.5025, Test F1: 0.0001, Precision: 1.0000, Recall: 0.0000, Time: 94.2s
2026-01-22 03:28:53,685:   Confusion Matrix: TN=49865, FP=0, FN=50133, TP=2
2026-01-22 03:28:53,784: --------------------------------------------------
2026-01-22 03:28:53,784: Training Transformer with 50% of training data
2026-01-22 03:28:53,784: --------------------------------------------------
2026-01-22 03:28:53,964: Training subset size: 400000
2026-01-22 03:32:06,695:   Early stopping at epoch 4
2026-01-22 03:32:10,171: Transformer @ 50% - Test AUC: 0.4991, Test F1: 0.6679, Precision: 0.5013, Recall: 1.0000, Time: 196.4s
2026-01-22 03:32:10,172:   Confusion Matrix: TN=0, FP=49865, FN=0, TP=50135
2026-01-22 03:32:10,274: --------------------------------------------------
2026-01-22 03:32:10,274: Training Transformer with 75% of training data
2026-01-22 03:32:10,274: --------------------------------------------------
2026-01-22 03:32:10,458: Training subset size: 600000
2026-01-22 03:35:42,508:   Early stopping at epoch 3
2026-01-22 03:35:45,985: Transformer @ 75% - Test AUC: 0.5002, Test F1: 0.6679, Precision: 0.5013, Recall: 1.0000, Time: 215.7s
2026-01-22 03:35:45,986:   Confusion Matrix: TN=0, FP=49865, FN=0, TP=50135
2026-01-22 03:35:46,094: --------------------------------------------------
2026-01-22 03:35:46,095: Training Transformer with 100% of training data
2026-01-22 03:35:46,095: --------------------------------------------------
2026-01-22 03:35:46,100: Training subset size: 800000
2026-01-22 03:40:25,519:   Early stopping at epoch 3
2026-01-22 03:40:28,989: Transformer @ 100% - Test AUC: 0.5013, Test F1: 0.6679, Precision: 0.5013, Recall: 1.0000, Time: 282.9s
2026-01-22 03:40:28,989:   Confusion Matrix: TN=0, FP=49865, FN=0, TP=50135
2026-01-22 03:40:29,093: 
======================================================================
2026-01-22 03:40:29,093: MODEL: LSTM
2026-01-22 03:40:29,093: ======================================================================
2026-01-22 03:40:29,093: --------------------------------------------------
2026-01-22 03:40:29,094: Training LSTM with 1% of training data
2026-01-22 03:40:29,094: --------------------------------------------------
2026-01-22 03:40:29,274: Training subset size: 8000
2026-01-22 03:40:40,488:   Epoch [5/30] Train Loss: 0.6892, Val F1: 0.3147, Val AUC: 0.5015
2026-01-22 03:40:40,488:   Early stopping at epoch 5
2026-01-22 03:40:42,415: LSTM @ 1% - Test AUC: 0.4987, Test F1: 0.6433, Precision: 0.5010, Recall: 0.8984, Time: 13.3s
2026-01-22 03:40:42,415:   Confusion Matrix: TN=5005, FP=44860, FN=5092, TP=45043
2026-01-22 03:40:42,506: --------------------------------------------------
2026-01-22 03:40:42,506: Training LSTM with 10% of training data
2026-01-22 03:40:42,506: --------------------------------------------------
2026-01-22 03:40:42,683: Training subset size: 80000
2026-01-22 03:41:02,473:   Early stopping at epoch 4
2026-01-22 03:41:04,391: LSTM @ 10% - Test AUC: 0.5031, Test F1: 0.6678, Precision: 0.5014, Recall: 0.9998, Time: 21.9s
2026-01-22 03:41:04,392:   Confusion Matrix: TN=11, FP=49854, FN=9, TP=50126
2026-01-22 03:41:04,484: --------------------------------------------------
2026-01-22 03:41:04,484: Training LSTM with 30% of training data
2026-01-22 03:41:04,484: --------------------------------------------------
2026-01-22 03:41:04,660: Training subset size: 240000
2026-01-22 03:41:38,194:   Early stopping at epoch 3
2026-01-22 03:41:40,131: LSTM @ 30% - Test AUC: 0.4994, Test F1: 0.6679, Precision: 0.5013, Recall: 1.0000, Time: 35.6s
2026-01-22 03:41:40,131:   Confusion Matrix: TN=0, FP=49865, FN=0, TP=50135
2026-01-22 03:41:40,229: --------------------------------------------------
2026-01-22 03:41:40,229: Training LSTM with 50% of training data
2026-01-22 03:41:40,229: --------------------------------------------------
2026-01-22 03:41:40,407: Training subset size: 400000
2026-01-22 03:42:32,920:   Early stopping at epoch 3
2026-01-22 03:42:34,872: LSTM @ 50% - Test AUC: 0.5016, Test F1: 0.6679, Precision: 0.5013, Recall: 1.0000, Time: 54.6s
2026-01-22 03:42:34,873:   Confusion Matrix: TN=0, FP=49865, FN=0, TP=50135
2026-01-22 03:42:34,975: --------------------------------------------------
2026-01-22 03:42:34,975: Training LSTM with 75% of training data
2026-01-22 03:42:34,975: --------------------------------------------------
2026-01-22 03:42:35,167: Training subset size: 600000
2026-01-22 03:44:42,586:   Epoch [5/30] Train Loss: 0.6932, Val F1: 0.0000, Val AUC: 0.5006
2026-01-22 03:44:42,587:   Early stopping at epoch 5
2026-01-22 03:44:44,544: LSTM @ 75% - Test AUC: 0.5001, Test F1: 0.6679, Precision: 0.5013, Recall: 1.0000, Time: 129.6s
2026-01-22 03:44:44,544:   Confusion Matrix: TN=0, FP=49865, FN=0, TP=50135
2026-01-22 03:44:44,651: --------------------------------------------------
2026-01-22 03:44:44,652: Training LSTM with 100% of training data
2026-01-22 03:44:44,652: --------------------------------------------------
2026-01-22 03:44:44,656: Training subset size: 800000
2026-01-22 03:46:24,945:   Early stopping at epoch 3
2026-01-22 03:46:26,917: LSTM @ 100% - Test AUC: 0.5019, Test F1: 0.6679, Precision: 0.5013, Recall: 1.0000, Time: 102.3s
2026-01-22 03:46:26,917:   Confusion Matrix: TN=0, FP=49865, FN=0, TP=50135
2026-01-22 03:46:27,018: 
======================================================================
2026-01-22 03:46:27,019: MODEL: BiLSTM
2026-01-22 03:46:27,019: ======================================================================
2026-01-22 03:46:27,019: --------------------------------------------------
2026-01-22 03:46:27,019: Training BiLSTM with 1% of training data
2026-01-22 03:46:27,019: --------------------------------------------------
2026-01-22 03:46:27,196: Training subset size: 8000
2026-01-22 03:46:34,588:   Early stopping at epoch 3
2026-01-22 03:46:36,637: BiLSTM @ 1% - Test AUC: 0.4973, Test F1: 0.6446, Precision: 0.5011, Recall: 0.9034, Time: 9.6s
2026-01-22 03:46:36,637:   Confusion Matrix: TN=4779, FP=45086, FN=4845, TP=45290
2026-01-22 03:46:36,729: --------------------------------------------------
2026-01-22 03:46:36,729: Training BiLSTM with 10% of training data
2026-01-22 03:46:36,729: --------------------------------------------------
2026-01-22 03:46:36,904: Training subset size: 80000
2026-01-22 03:47:08,679:   Epoch [5/30] Train Loss: 0.6926, Val F1: 0.5324, Val AUC: 0.5017
2026-01-22 03:47:08,680:   Early stopping at epoch 5
2026-01-22 03:47:10,731: BiLSTM @ 10% - Test AUC: 0.5030, Test F1: 0.5653, Precision: 0.5029, Recall: 0.6453, Time: 34.0s
2026-01-22 03:47:10,732:   Confusion Matrix: TN=17892, FP=31973, FN=17783, TP=32352
2026-01-22 03:47:10,823: --------------------------------------------------
2026-01-22 03:47:10,823: Training BiLSTM with 30% of training data
2026-01-22 03:47:10,823: --------------------------------------------------
2026-01-22 03:47:10,998: Training subset size: 240000
2026-01-22 03:47:56,256:   Early stopping at epoch 3
2026-01-22 03:47:58,313: BiLSTM @ 30% - Test AUC: 0.5026, Test F1: 0.4654, Precision: 0.5057, Recall: 0.4310, Time: 47.5s
2026-01-22 03:47:58,314:   Confusion Matrix: TN=28746, FP=21119, FN=28528, TP=21607
2026-01-22 03:47:58,411: --------------------------------------------------
2026-01-22 03:47:58,412: Training BiLSTM with 50% of training data
2026-01-22 03:47:58,412: --------------------------------------------------
2026-01-22 03:47:58,589: Training subset size: 400000
2026-01-22 03:49:34,308:   Early stopping at epoch 4
2026-01-22 03:49:36,372: BiLSTM @ 50% - Test AUC: 0.5010, Test F1: 0.6679, Precision: 0.5013, Recall: 1.0000, Time: 98.0s
2026-01-22 03:49:36,373:   Confusion Matrix: TN=0, FP=49865, FN=0, TP=50135
2026-01-22 03:49:36,472: --------------------------------------------------
2026-01-22 03:49:36,473: Training BiLSTM with 75% of training data
2026-01-22 03:49:36,473: --------------------------------------------------
2026-01-22 03:49:36,654: Training subset size: 600000
2026-01-22 03:51:57,043:   Early stopping at epoch 4
2026-01-22 03:51:59,129: BiLSTM @ 75% - Test AUC: 0.5032, Test F1: 0.6679, Precision: 0.5013, Recall: 1.0000, Time: 142.7s
2026-01-22 03:51:59,130:   Confusion Matrix: TN=0, FP=49865, FN=0, TP=50135
2026-01-22 03:51:59,235: --------------------------------------------------
2026-01-22 03:51:59,236: Training BiLSTM with 100% of training data
2026-01-22 03:51:59,236: --------------------------------------------------
2026-01-22 03:51:59,240: Training subset size: 800000
2026-01-22 03:54:17,902:   Early stopping at epoch 3
2026-01-22 03:54:19,995: BiLSTM @ 100% - Test AUC: 0.4982, Test F1: 0.0000, Precision: 0.0000, Recall: 0.0000, Time: 140.8s
2026-01-22 03:54:19,995:   Confusion Matrix: TN=49865, FP=0, FN=50135, TP=0
2026-01-22 03:54:20,095: 
======================================================================
2026-01-22 03:54:20,095: MODEL: GRU
2026-01-22 03:54:20,095: ======================================================================
2026-01-22 03:54:20,096: --------------------------------------------------
2026-01-22 03:54:20,096: Training GRU with 1% of training data
2026-01-22 03:54:20,096: --------------------------------------------------
2026-01-22 03:54:20,273: Training subset size: 8000
2026-01-22 03:54:31,381:   Epoch [5/30] Train Loss: 0.6909, Val F1: 0.4428, Val AUC: 0.5003
2026-01-22 03:54:31,382:   Early stopping at epoch 5
2026-01-22 03:54:33,319: GRU @ 1% - Test AUC: 0.4989, Test F1: 0.5075, Precision: 0.5002, Recall: 0.5150, Time: 13.2s
2026-01-22 03:54:33,319:   Confusion Matrix: TN=24070, FP=25795, FN=24317, TP=25818
2026-01-22 03:54:33,406: --------------------------------------------------
2026-01-22 03:54:33,406: Training GRU with 10% of training data
2026-01-22 03:54:33,406: --------------------------------------------------
2026-01-22 03:54:33,580: Training subset size: 80000
2026-01-22 03:54:53,573:   Early stopping at epoch 4
2026-01-22 03:54:55,513: GRU @ 10% - Test AUC: 0.4996, Test F1: 0.4669, Precision: 0.5002, Recall: 0.4378, Time: 22.1s
2026-01-22 03:54:55,514:   Confusion Matrix: TN=27937, FP=21928, FN=28188, TP=21947
2026-01-22 03:54:55,602: --------------------------------------------------
2026-01-22 03:54:55,603: Training GRU with 30% of training data
2026-01-22 03:54:55,603: --------------------------------------------------
2026-01-22 03:54:55,775: Training subset size: 240000
2026-01-22 03:55:40,477:   Early stopping at epoch 4
2026-01-22 03:55:42,431: GRU @ 30% - Test AUC: 0.5008, Test F1: 0.6208, Precision: 0.5018, Recall: 0.8140, Time: 46.8s
2026-01-22 03:55:42,431:   Confusion Matrix: TN=9342, FP=40523, FN=9326, TP=40809
2026-01-22 03:55:42,525: --------------------------------------------------
2026-01-22 03:55:42,526: Training GRU with 50% of training data
2026-01-22 03:55:42,526: --------------------------------------------------
2026-01-22 03:55:42,702: Training subset size: 400000
2026-01-22 03:57:09,619:   Epoch [5/30] Train Loss: 0.6932, Val F1: 0.6682, Val AUC: 0.5020
2026-01-22 03:57:44,392:   Early stopping at epoch 7
2026-01-22 03:57:46,356: GRU @ 50% - Test AUC: 0.4971, Test F1: 0.6679, Precision: 0.5013, Recall: 1.0000, Time: 123.8s
2026-01-22 03:57:46,356:   Confusion Matrix: TN=0, FP=49865, FN=0, TP=50135
2026-01-22 03:57:46,455: --------------------------------------------------
2026-01-22 03:57:46,456: Training GRU with 75% of training data
2026-01-22 03:57:46,456: --------------------------------------------------
2026-01-22 03:57:46,637: Training subset size: 600000
2026-01-22 03:59:53,290:   Epoch [5/30] Train Loss: 0.6932, Val F1: 0.6682, Val AUC: 0.5021
2026-01-22 04:00:44,255:   Early stopping at epoch 7
2026-01-22 04:00:46,221: GRU @ 75% - Test AUC: 0.5027, Test F1: 0.6679, Precision: 0.5013, Recall: 1.0000, Time: 179.8s
2026-01-22 04:00:46,221:   Confusion Matrix: TN=0, FP=49865, FN=0, TP=50135
2026-01-22 04:00:46,327: --------------------------------------------------
2026-01-22 04:00:46,328: Training GRU with 100% of training data
2026-01-22 04:00:46,328: --------------------------------------------------
2026-01-22 04:00:46,332: Training subset size: 800000
2026-01-22 04:03:32,000:   Epoch [5/30] Train Loss: 0.6932, Val F1: 0.0000, Val AUC: 0.5008
2026-01-22 04:04:05,229:   Early stopping at epoch 6
2026-01-22 04:04:07,215: GRU @ 100% - Test AUC: 0.5004, Test F1: 0.6588, Precision: 0.5012, Recall: 0.9612, Time: 200.9s
2026-01-22 04:04:07,216:   Confusion Matrix: TN=1899, FP=47966, FN=1947, TP=48188
2026-01-22 04:04:07,316: 
======================================================================
2026-01-22 04:04:07,317: MODEL: RNNTransformer
2026-01-22 04:04:07,317: ======================================================================
2026-01-22 04:04:07,317: --------------------------------------------------
2026-01-22 04:04:07,317: Training RNNTransformer with 1% of training data
2026-01-22 04:04:07,317: --------------------------------------------------
2026-01-22 04:04:07,493: Training subset size: 8000
2026-01-22 04:04:21,135:   Early stopping at epoch 3
2026-01-22 04:04:24,796: RNNTransformer @ 1% - Test AUC: 0.5013, Test F1: 0.5189, Precision: 0.5010, Recall: 0.5380, Time: 17.5s
2026-01-22 04:04:24,797:   Confusion Matrix: TN=23004, FP=26861, FN=23163, TP=26972
2026-01-22 04:04:24,886: --------------------------------------------------
2026-01-22 04:04:24,886: Training RNNTransformer with 10% of training data
2026-01-22 04:04:24,887: --------------------------------------------------
2026-01-22 04:04:25,062: Training subset size: 80000
2026-01-22 04:05:16,069:   Early stopping at epoch 4
2026-01-22 04:05:19,737: RNNTransformer @ 10% - Test AUC: 0.5017, Test F1: 0.6679, Precision: 0.5013, Recall: 1.0000, Time: 54.9s
2026-01-22 04:05:19,738:   Confusion Matrix: TN=0, FP=49865, FN=0, TP=50135
2026-01-22 04:05:19,830: --------------------------------------------------
2026-01-22 04:05:19,831: Training RNNTransformer with 30% of training data
2026-01-22 04:05:19,831: --------------------------------------------------
2026-01-22 04:05:20,006: Training subset size: 240000
2026-01-22 04:06:53,070:   Early stopping at epoch 3
2026-01-22 04:06:56,752: RNNTransformer @ 30% - Test AUC: 0.5027, Test F1: 0.4805, Precision: 0.5051, Recall: 0.4581, Time: 96.9s
2026-01-22 04:06:56,752:   Confusion Matrix: TN=27361, FP=22504, FN=27167, TP=22968
2026-01-22 04:06:56,848: --------------------------------------------------
2026-01-22 04:06:56,848: Training RNNTransformer with 50% of training data
2026-01-22 04:06:56,849: --------------------------------------------------
2026-01-22 04:06:57,026: Training subset size: 400000
2026-01-22 04:10:14,720:   Early stopping at epoch 4
2026-01-22 04:10:18,382: RNNTransformer @ 50% - Test AUC: 0.4996, Test F1: 0.6679, Precision: 0.5013, Recall: 1.0000, Time: 201.5s
2026-01-22 04:10:18,382:   Confusion Matrix: TN=0, FP=49865, FN=0, TP=50135
2026-01-22 04:10:18,484: --------------------------------------------------
2026-01-22 04:10:18,484: Training RNNTransformer with 75% of training data
2026-01-22 04:10:18,484: --------------------------------------------------
2026-01-22 04:10:18,666: Training subset size: 600000
2026-01-22 04:16:18,647:   Epoch [5/30] Train Loss: 0.6932, Val F1: 0.0000, Val AUC: 0.5024
2026-01-22 04:16:18,647:   Early stopping at epoch 5
2026-01-22 04:16:22,324: RNNTransformer @ 75% - Test AUC: 0.5000, Test F1: 0.6679, Precision: 0.5013, Recall: 1.0000, Time: 363.8s
2026-01-22 04:16:22,324:   Confusion Matrix: TN=0, FP=49865, FN=0, TP=50135
2026-01-22 04:16:22,431: --------------------------------------------------
2026-01-22 04:16:22,432: Training RNNTransformer with 100% of training data
2026-01-22 04:16:22,432: --------------------------------------------------
2026-01-22 04:16:22,436: Training subset size: 800000
2026-01-22 04:22:43,258:   Early stopping at epoch 4
2026-01-22 04:22:46,947: RNNTransformer @ 100% - Test AUC: 0.5011, Test F1: 0.6679, Precision: 0.5013, Recall: 1.0000, Time: 384.5s
2026-01-22 04:22:46,948:   Confusion Matrix: TN=0, FP=49865, FN=0, TP=50135
2026-01-22 04:22:47,314: 
Results saved to: results/dl_fraction_experiment_test_just_pair_OPTIMAL_20260122_042247.csv
2026-01-22 04:22:47,316: Detailed results saved to: results/dl_fraction_experiment_test_just_pair_OPTIMAL_20260122_042247.json
2026-01-22 04:22:47,317: 
======================================================================
2026-01-22 04:22:47,317: EXPERIMENT SUMMARY
2026-01-22 04:22:47,317: ======================================================================
2026-01-22 04:22:47,317: 
MLP:
2026-01-22 04:22:47,317: Fraction   Train N    Test AUC   Test F1    Precision  Recall    
2026-01-22 04:22:47,317: ------------------------------------------------------------
2026-01-22 04:22:47,317:      1%    8000       0.4977     0.6627     0.5012     0.9780    
2026-01-22 04:22:47,317:     10%    80000      0.5001     0.5437     0.5020     0.5929    
2026-01-22 04:22:47,317:     30%    240000     0.5002     0.6574     0.5011     0.9551    
2026-01-22 04:22:47,318:     50%    400000     0.5002     0.6677     0.5013     0.9994    
2026-01-22 04:22:47,318:     75%    600000     0.4965     0.2804     0.4975     0.1952    
2026-01-22 04:22:47,318:    100%    800000     0.5000     0.6679     0.5013     1.0000    
2026-01-22 04:22:47,318: 
CNN1D:
2026-01-22 04:22:47,318: Fraction   Train N    Test AUC   Test F1    Precision  Recall    
2026-01-22 04:22:47,318: ------------------------------------------------------------
2026-01-22 04:22:47,318:      1%    8000       0.4992     0.6357     0.5007     0.8704    
2026-01-22 04:22:47,318:     10%    80000      0.5007     0.6498     0.5011     0.9240    
2026-01-22 04:22:47,318:     30%    240000     0.5002     0.4613     0.5014     0.4272    
2026-01-22 04:22:47,318:     50%    400000     0.4999     0.6679     0.5013     1.0000    
2026-01-22 04:22:47,319:     75%    600000     0.5000     0.6679     0.5013     1.0000    
2026-01-22 04:22:47,319:    100%    800000     0.5000     0.6679     0.5013     1.0000    
2026-01-22 04:22:47,319: 
Transformer:
2026-01-22 04:22:47,319: Fraction   Train N    Test AUC   Test F1    Precision  Recall    
2026-01-22 04:22:47,319: ------------------------------------------------------------
2026-01-22 04:22:47,319:      1%    8000       0.4999     0.6677     0.5014     0.9993    
2026-01-22 04:22:47,319:     10%    80000      0.5020     0.6679     0.5013     1.0000    
2026-01-22 04:22:47,319:     30%    240000     0.5025     0.0001     1.0000     0.0000    
2026-01-22 04:22:47,319:     50%    400000     0.4991     0.6679     0.5013     1.0000    
2026-01-22 04:22:47,319:     75%    600000     0.5002     0.6679     0.5013     1.0000    
2026-01-22 04:22:47,320:    100%    800000     0.5013     0.6679     0.5013     1.0000    
2026-01-22 04:22:47,320: 
LSTM:
2026-01-22 04:22:47,320: Fraction   Train N    Test AUC   Test F1    Precision  Recall    
2026-01-22 04:22:47,320: ------------------------------------------------------------
2026-01-22 04:22:47,320:      1%    8000       0.4987     0.6433     0.5010     0.8984    
2026-01-22 04:22:47,320:     10%    80000      0.5031     0.6678     0.5014     0.9998    
2026-01-22 04:22:47,320:     30%    240000     0.4994     0.6679     0.5013     1.0000    
2026-01-22 04:22:47,320:     50%    400000     0.5016     0.6679     0.5013     1.0000    
2026-01-22 04:22:47,320:     75%    600000     0.5001     0.6679     0.5013     1.0000    
2026-01-22 04:22:47,320:    100%    800000     0.5019     0.6679     0.5013     1.0000    
2026-01-22 04:22:47,321: 
BiLSTM:
2026-01-22 04:22:47,321: Fraction   Train N    Test AUC   Test F1    Precision  Recall    
2026-01-22 04:22:47,321: ------------------------------------------------------------
2026-01-22 04:22:47,321:      1%    8000       0.4973     0.6446     0.5011     0.9034    
2026-01-22 04:22:47,321:     10%    80000      0.5030     0.5653     0.5029     0.6453    
2026-01-22 04:22:47,321:     30%    240000     0.5026     0.4654     0.5057     0.4310    
2026-01-22 04:22:47,321:     50%    400000     0.5010     0.6679     0.5013     1.0000    
2026-01-22 04:22:47,321:     75%    600000     0.5032     0.6679     0.5013     1.0000    
2026-01-22 04:22:47,321:    100%    800000     0.4982     0.0000     0.0000     0.0000    
2026-01-22 04:22:47,321: 
GRU:
2026-01-22 04:22:47,321: Fraction   Train N    Test AUC   Test F1    Precision  Recall    
2026-01-22 04:22:47,322: ------------------------------------------------------------
2026-01-22 04:22:47,322:      1%    8000       0.4989     0.5075     0.5002     0.5150    
2026-01-22 04:22:47,322:     10%    80000      0.4996     0.4669     0.5002     0.4378    
2026-01-22 04:22:47,322:     30%    240000     0.5008     0.6208     0.5018     0.8140    
2026-01-22 04:22:47,322:     50%    400000     0.4971     0.6679     0.5013     1.0000    
2026-01-22 04:22:47,322:     75%    600000     0.5027     0.6679     0.5013     1.0000    
2026-01-22 04:22:47,322:    100%    800000     0.5004     0.6588     0.5012     0.9612    
2026-01-22 04:22:47,322: 
RNNTransformer:
2026-01-22 04:22:47,322: Fraction   Train N    Test AUC   Test F1    Precision  Recall    
2026-01-22 04:22:47,322: ------------------------------------------------------------
2026-01-22 04:22:47,323:      1%    8000       0.5013     0.5189     0.5010     0.5380    
2026-01-22 04:22:47,323:     10%    80000      0.5017     0.6679     0.5013     1.0000    
2026-01-22 04:22:47,323:     30%    240000     0.5027     0.4805     0.5051     0.4581    
2026-01-22 04:22:47,323:     50%    400000     0.4996     0.6679     0.5013     1.0000    
2026-01-22 04:22:47,323:     75%    600000     0.5000     0.6679     0.5013     1.0000    
2026-01-22 04:22:47,323:    100%    800000     0.5011     0.6679     0.5013     1.0000    
