The following modules were not unloaded:
  (Use "module --force purge" to unload all):

  1) init-NRIS
INFO:    gocryptfs not found, will not be able to use gocryptfs
2026-01-24 15:37:54,208: Arguments:
2026-01-24 15:37:54,208:   batch_size: 64
2026-01-24 15:37:54,209:   epochs: 30
2026-01-24 15:37:54,209:   fractions: 0.01,0.10,0.30,0.50,0.75,1.0
2026-01-24 15:37:54,209:   label_column: Outcome
2026-01-24 15:37:54,209:   models: BiLSTM,Transformer,LSTM,RNNTransformer
2026-01-24 15:37:54,209:   no_search: False
2026-01-24 15:37:54,209:   number_to_use: big
2026-01-24 15:37:54,209:   optimal: True
2026-01-24 15:37:54,209:   output_dir: results
2026-01-24 15:37:54,209:   path_csv: /cluster/home/michechi/MIMICIV/data/simulation/tested/
2026-01-24 15:37:54,209:   patience: 2
2026-01-24 15:37:54,209:   seed: 2235
2026-01-24 15:37:54,210:   sequence_column: Sequences
2026-01-24 15:37:54,210:   sequence_separator: 
2026-01-24 15:37:54,783: Using device: cuda
2026-01-24 15:37:54,783: Loading data from: /cluster/home/michechi/MIMICIV/data/simulation/tested/
2026-01-24 15:37:55,713: Data loaded - Train: 160000, Val: 20000, Test: 20000
2026-01-24 15:37:55,725: Maximum sequence length: 100
2026-01-24 15:37:55,726: Testing fractions: [0.01, 0.1, 0.3, 0.5, 0.75, 1.0]
2026-01-24 15:37:55,726: Models to train: ['BiLSTM', 'Transformer', 'LSTM', 'RNNTransformer']
2026-01-24 15:37:55,726: Using OPTIMAL configurations
2026-01-24 15:37:55,726: 
======================================================================
2026-01-24 15:37:55,727: MODEL: BiLSTM
2026-01-24 15:37:55,727: ======================================================================
2026-01-24 15:37:55,727: --------------------------------------------------
2026-01-24 15:37:55,727: Training BiLSTM with 1% of training data
2026-01-24 15:37:55,727: --------------------------------------------------
2026-01-24 15:37:55,755: Training subset size: 1600
2026-01-24 15:38:01,701:   Epoch [5/30] Train Loss: 0.6422, Val F1: 0.3351, Val AUC: 0.5077
2026-01-24 15:38:03,042:   Early stopping at epoch 7
2026-01-24 15:38:03,627: BiLSTM @ 1% - Test AUC: 0.5045, Test F1: 0.3377, Precision: 0.4111, Recall: 0.2865, Time: 7.9s
2026-01-24 15:38:03,628:   Confusion Matrix: TN=8717, FP=3283, FN=5708, TP=2292
2026-01-24 15:38:03,704: --------------------------------------------------
2026-01-24 15:38:03,705: Training BiLSTM with 10% of training data
2026-01-24 15:38:03,705: --------------------------------------------------
2026-01-24 15:38:03,738: Training subset size: 16000
2026-01-24 15:38:08,434:   Early stopping at epoch 3
2026-01-24 15:38:09,022: BiLSTM @ 10% - Test AUC: 0.5112, Test F1: 0.0000, Precision: 0.0000, Recall: 0.0000, Time: 5.3s
2026-01-24 15:38:09,022:   Confusion Matrix: TN=12000, FP=0, FN=8000, TP=0
2026-01-24 15:38:09,098: --------------------------------------------------
2026-01-24 15:38:09,099: Training BiLSTM with 30% of training data
2026-01-24 15:38:09,099: --------------------------------------------------
2026-01-24 15:38:09,131: Training subset size: 48000
2026-01-24 15:38:26,920:   Epoch [5/30] Train Loss: 0.6685, Val F1: 0.0443, Val AUC: 0.5073
2026-01-24 15:38:44,798:   Epoch [10/30] Train Loss: 0.6060, Val F1: 0.3099, Val AUC: 0.5091
2026-01-24 15:38:55,558:   Early stopping at epoch 13
2026-01-24 15:38:56,154: BiLSTM @ 30% - Test AUC: 0.5112, Test F1: 0.3371, Precision: 0.4147, Recall: 0.2840, Time: 47.1s
2026-01-24 15:38:56,154:   Confusion Matrix: TN=8793, FP=3207, FN=5728, TP=2272
2026-01-24 15:38:56,237: --------------------------------------------------
2026-01-24 15:38:56,238: Training BiLSTM with 50% of training data
2026-01-24 15:38:56,238: --------------------------------------------------
2026-01-24 15:38:56,270: Training subset size: 80000
2026-01-24 15:39:24,396:   Epoch [5/30] Train Loss: 0.6694, Val F1: 0.0157, Val AUC: 0.5136
2026-01-24 15:39:52,658:   Epoch [10/30] Train Loss: 0.6227, Val F1: 0.3396, Val AUC: 0.5174
2026-01-24 15:40:03,966:   Early stopping at epoch 12
2026-01-24 15:40:04,565: BiLSTM @ 50% - Test AUC: 0.5131, Test F1: 0.3369, Precision: 0.4183, Recall: 0.2820, Time: 68.3s
2026-01-24 15:40:04,566:   Confusion Matrix: TN=8863, FP=3137, FN=5744, TP=2256
2026-01-24 15:40:04,651: --------------------------------------------------
2026-01-24 15:40:04,651: Training BiLSTM with 75% of training data
2026-01-24 15:40:04,651: --------------------------------------------------
2026-01-24 15:40:04,684: Training subset size: 120000
2026-01-24 15:40:29,415:   Early stopping at epoch 3
2026-01-24 15:40:30,015: BiLSTM @ 75% - Test AUC: 0.5076, Test F1: 0.0000, Precision: 0.0000, Recall: 0.0000, Time: 25.4s
2026-01-24 15:40:30,016:   Confusion Matrix: TN=12000, FP=0, FN=8000, TP=0
2026-01-24 15:40:30,100: --------------------------------------------------
2026-01-24 15:40:30,101: Training BiLSTM with 100% of training data
2026-01-24 15:40:30,101: --------------------------------------------------
2026-01-24 15:40:30,102: Training subset size: 160000
2026-01-24 15:41:02,567:   Early stopping at epoch 3
2026-01-24 15:41:03,171: BiLSTM @ 100% - Test AUC: 0.5090, Test F1: 0.0000, Precision: 0.0000, Recall: 0.0000, Time: 33.1s
2026-01-24 15:41:03,171:   Confusion Matrix: TN=12000, FP=0, FN=8000, TP=0
2026-01-24 15:41:03,254: 
======================================================================
2026-01-24 15:41:03,255: MODEL: Transformer
2026-01-24 15:41:03,255: ======================================================================
2026-01-24 15:41:03,255: --------------------------------------------------
2026-01-24 15:41:03,255: Training Transformer with 1% of training data
2026-01-24 15:41:03,255: --------------------------------------------------
2026-01-24 15:41:03,287: Training subset size: 1600
2026-01-24 15:41:07,985:   Early stopping at epoch 4
2026-01-24 15:41:08,864: Transformer @ 1% - Test AUC: 0.4980, Test F1: 0.0002, Precision: 1.0000, Recall: 0.0001, Time: 5.6s
2026-01-24 15:41:08,864:   Confusion Matrix: TN=12000, FP=0, FN=7999, TP=1
2026-01-24 15:41:08,941: --------------------------------------------------
2026-01-24 15:41:08,942: Training Transformer with 10% of training data
2026-01-24 15:41:08,942: --------------------------------------------------
2026-01-24 15:41:08,974: Training subset size: 16000
2026-01-24 15:41:17,874:   Early stopping at epoch 3
2026-01-24 15:41:18,748: Transformer @ 10% - Test AUC: 0.5015, Test F1: 0.0000, Precision: 0.0000, Recall: 0.0000, Time: 9.8s
2026-01-24 15:41:18,748:   Confusion Matrix: TN=12000, FP=0, FN=8000, TP=0
2026-01-24 15:41:18,885: --------------------------------------------------
2026-01-24 15:41:18,886: Training Transformer with 30% of training data
2026-01-24 15:41:18,886: --------------------------------------------------
2026-01-24 15:41:18,918: Training subset size: 48000
2026-01-24 15:41:39,883:   Early stopping at epoch 3
2026-01-24 15:41:40,741: Transformer @ 30% - Test AUC: 0.5273, Test F1: 0.0000, Precision: 0.0000, Recall: 0.0000, Time: 21.9s
2026-01-24 15:41:40,742:   Confusion Matrix: TN=12000, FP=0, FN=8000, TP=0
2026-01-24 15:41:40,817: --------------------------------------------------
2026-01-24 15:41:40,817: Training Transformer with 50% of training data
2026-01-24 15:41:40,818: --------------------------------------------------
2026-01-24 15:41:40,849: Training subset size: 80000
2026-01-24 15:42:13,967:   Early stopping at epoch 3
2026-01-24 15:42:14,829: Transformer @ 50% - Test AUC: 0.5259, Test F1: 0.0000, Precision: 0.0000, Recall: 0.0000, Time: 34.0s
2026-01-24 15:42:14,829:   Confusion Matrix: TN=12000, FP=0, FN=8000, TP=0
2026-01-24 15:42:14,907: --------------------------------------------------
2026-01-24 15:42:14,908: Training Transformer with 75% of training data
2026-01-24 15:42:14,908: --------------------------------------------------
2026-01-24 15:42:14,940: Training subset size: 120000
2026-01-24 15:43:03,392:   Early stopping at epoch 3
2026-01-24 15:43:04,256: Transformer @ 75% - Test AUC: 0.5291, Test F1: 0.0000, Precision: 0.0000, Recall: 0.0000, Time: 49.3s
2026-01-24 15:43:04,256:   Confusion Matrix: TN=12000, FP=0, FN=8000, TP=0
2026-01-24 15:43:04,337: --------------------------------------------------
2026-01-24 15:43:04,337: Training Transformer with 100% of training data
2026-01-24 15:43:04,337: --------------------------------------------------
2026-01-24 15:43:04,338: Training subset size: 160000
2026-01-24 15:44:08,502:   Early stopping at epoch 3
2026-01-24 15:44:09,360: Transformer @ 100% - Test AUC: 0.5284, Test F1: 0.0000, Precision: 0.0000, Recall: 0.0000, Time: 65.0s
2026-01-24 15:44:09,360:   Confusion Matrix: TN=12000, FP=0, FN=8000, TP=0
2026-01-24 15:44:09,441: 
======================================================================
2026-01-24 15:44:09,442: MODEL: LSTM
2026-01-24 15:44:09,442: ======================================================================
2026-01-24 15:44:09,442: --------------------------------------------------
2026-01-24 15:44:09,442: Training LSTM with 1% of training data
2026-01-24 15:44:09,442: --------------------------------------------------
2026-01-24 15:44:09,474: Training subset size: 1600
2026-01-24 15:44:13,075:   Epoch [5/30] Train Loss: 0.6590, Val F1: 0.3616, Val AUC: 0.4957
2026-01-24 15:44:14,500:   Early stopping at epoch 7
2026-01-24 15:44:15,141: LSTM @ 1% - Test AUC: 0.4992, Test F1: 0.3605, Precision: 0.4008, Recall: 0.3275, Time: 5.7s
2026-01-24 15:44:15,141:   Confusion Matrix: TN=8083, FP=3917, FN=5380, TP=2620
2026-01-24 15:44:15,213: --------------------------------------------------
2026-01-24 15:44:15,214: Training LSTM with 10% of training data
2026-01-24 15:44:15,214: --------------------------------------------------
2026-01-24 15:44:15,246: Training subset size: 16000
2026-01-24 15:44:19,475:   Early stopping at epoch 3
2026-01-24 15:44:20,115: LSTM @ 10% - Test AUC: 0.5028, Test F1: 0.0000, Precision: 0.0000, Recall: 0.0000, Time: 4.9s
2026-01-24 15:44:20,115:   Confusion Matrix: TN=12000, FP=0, FN=8000, TP=0
2026-01-24 15:44:20,188: --------------------------------------------------
2026-01-24 15:44:20,189: Training LSTM with 30% of training data
2026-01-24 15:44:20,189: --------------------------------------------------
2026-01-24 15:44:20,220: Training subset size: 48000
2026-01-24 15:44:29,044:   Early stopping at epoch 3
2026-01-24 15:44:29,682: LSTM @ 30% - Test AUC: 0.5009, Test F1: 0.0000, Precision: 0.0000, Recall: 0.0000, Time: 9.5s
2026-01-24 15:44:29,682:   Confusion Matrix: TN=11997, FP=3, FN=8000, TP=0
2026-01-24 15:44:29,757: --------------------------------------------------
2026-01-24 15:44:29,757: Training LSTM with 50% of training data
2026-01-24 15:44:29,758: --------------------------------------------------
2026-01-24 15:44:29,789: Training subset size: 80000
2026-01-24 15:44:43,244:   Early stopping at epoch 3
2026-01-24 15:44:43,884: LSTM @ 50% - Test AUC: 0.5071, Test F1: 0.0000, Precision: 0.0000, Recall: 0.0000, Time: 14.1s
2026-01-24 15:44:43,884:   Confusion Matrix: TN=12000, FP=0, FN=8000, TP=0
2026-01-24 15:44:43,961: --------------------------------------------------
2026-01-24 15:44:43,962: Training LSTM with 75% of training data
2026-01-24 15:44:43,962: --------------------------------------------------
2026-01-24 15:44:43,994: Training subset size: 120000
2026-01-24 15:45:03,285:   Early stopping at epoch 3
2026-01-24 15:45:03,927: LSTM @ 75% - Test AUC: 0.5073, Test F1: 0.0000, Precision: 0.0000, Recall: 0.0000, Time: 20.0s
2026-01-24 15:45:03,927:   Confusion Matrix: TN=12000, FP=0, FN=8000, TP=0
2026-01-24 15:45:04,007: --------------------------------------------------
2026-01-24 15:45:04,008: Training LSTM with 100% of training data
2026-01-24 15:45:04,008: --------------------------------------------------
2026-01-24 15:45:04,009: Training subset size: 160000
2026-01-24 15:45:29,157:   Early stopping at epoch 3
2026-01-24 15:45:29,797: LSTM @ 100% - Test AUC: 0.5043, Test F1: 0.0000, Precision: 0.0000, Recall: 0.0000, Time: 25.8s
2026-01-24 15:45:29,798:   Confusion Matrix: TN=12000, FP=0, FN=8000, TP=0
2026-01-24 15:45:29,877: 
======================================================================
2026-01-24 15:45:29,877: MODEL: RNNTransformer
2026-01-24 15:45:29,877: ======================================================================
2026-01-24 15:45:29,878: --------------------------------------------------
2026-01-24 15:45:29,878: Training RNNTransformer with 1% of training data
2026-01-24 15:45:29,878: --------------------------------------------------
2026-01-24 15:45:29,909: Training subset size: 1600
2026-01-24 15:45:33,612:   Early stopping at epoch 3
2026-01-24 15:45:34,604: RNNTransformer @ 1% - Test AUC: 0.4885, Test F1: 0.0000, Precision: 0.0000, Recall: 0.0000, Time: 4.7s
2026-01-24 15:45:34,604:   Confusion Matrix: TN=12000, FP=0, FN=8000, TP=0
2026-01-24 15:45:34,678: --------------------------------------------------
2026-01-24 15:45:34,678: Training RNNTransformer with 10% of training data
2026-01-24 15:45:34,678: --------------------------------------------------
2026-01-24 15:45:34,710: Training subset size: 16000
2026-01-24 15:45:44,919:   Early stopping at epoch 3
2026-01-24 15:45:45,921: RNNTransformer @ 10% - Test AUC: 0.5090, Test F1: 0.0000, Precision: 0.0000, Recall: 0.0000, Time: 11.2s
2026-01-24 15:45:45,921:   Confusion Matrix: TN=12000, FP=0, FN=8000, TP=0
2026-01-24 15:45:46,001: --------------------------------------------------
2026-01-24 15:45:46,002: Training RNNTransformer with 30% of training data
2026-01-24 15:45:46,002: --------------------------------------------------
2026-01-24 15:45:46,034: Training subset size: 48000
2026-01-24 15:46:10,738:   Early stopping at epoch 3
2026-01-24 15:46:11,739: RNNTransformer @ 30% - Test AUC: 0.5201, Test F1: 0.0000, Precision: 0.0000, Recall: 0.0000, Time: 25.7s
2026-01-24 15:46:11,739:   Confusion Matrix: TN=12000, FP=0, FN=8000, TP=0
2026-01-24 15:46:11,821: --------------------------------------------------
2026-01-24 15:46:11,821: Training RNNTransformer with 50% of training data
2026-01-24 15:46:11,821: --------------------------------------------------
2026-01-24 15:46:11,854: Training subset size: 80000
2026-01-24 15:46:51,129:   Early stopping at epoch 3
2026-01-24 15:46:52,126: RNNTransformer @ 50% - Test AUC: 0.5242, Test F1: 0.0000, Precision: 0.0000, Recall: 0.0000, Time: 40.3s
2026-01-24 15:46:52,127:   Confusion Matrix: TN=12000, FP=0, FN=8000, TP=0
2026-01-24 15:46:52,209: --------------------------------------------------
2026-01-24 15:46:52,210: Training RNNTransformer with 75% of training data
2026-01-24 15:46:52,210: --------------------------------------------------
2026-01-24 15:46:52,243: Training subset size: 120000
2026-01-24 15:47:49,616:   Early stopping at epoch 3
2026-01-24 15:47:50,623: RNNTransformer @ 75% - Test AUC: 0.5267, Test F1: 0.0000, Precision: 0.0000, Recall: 0.0000, Time: 58.4s
2026-01-24 15:47:50,624:   Confusion Matrix: TN=12000, FP=0, FN=8000, TP=0
2026-01-24 15:47:50,707: --------------------------------------------------
2026-01-24 15:47:50,708: Training RNNTransformer with 100% of training data
2026-01-24 15:47:50,708: --------------------------------------------------
2026-01-24 15:47:50,709: Training subset size: 160000
2026-01-24 15:49:56,958:   Epoch [5/30] Train Loss: 0.6659, Val F1: 0.0932, Val AUC: 0.5733
2026-01-24 15:52:03,246:   Epoch [10/30] Train Loss: 0.6579, Val F1: 0.2732, Val AUC: 0.5884
2026-01-24 15:52:03,246:   Early stopping at epoch 10
2026-01-24 15:52:04,254: RNNTransformer @ 100% - Test AUC: 0.5853, Test F1: 0.4090, Precision: 0.4859, Recall: 0.3531, Time: 253.5s
2026-01-24 15:52:04,254:   Confusion Matrix: TN=9011, FP=2989, FN=5175, TP=2825
2026-01-24 15:52:04,346: 
Results saved to: results/dl_fraction_experiment_big_OPTIMAL_20260124_155204.csv
2026-01-24 15:52:04,348: Detailed results saved to: results/dl_fraction_experiment_big_OPTIMAL_20260124_155204.json
2026-01-24 15:52:04,348: 
======================================================================
2026-01-24 15:52:04,348: EXPERIMENT SUMMARY
2026-01-24 15:52:04,348: ======================================================================
2026-01-24 15:52:04,349: 
BiLSTM:
2026-01-24 15:52:04,349: Fraction   Train N    Test AUC   Test F1    Precision  Recall    
2026-01-24 15:52:04,349: ------------------------------------------------------------
2026-01-24 15:52:04,349:      1%    1600       0.5045     0.3377     0.4111     0.2865    
2026-01-24 15:52:04,349:     10%    16000      0.5112     0.0000     0.0000     0.0000    
2026-01-24 15:52:04,349:     30%    48000      0.5112     0.3371     0.4147     0.2840    
2026-01-24 15:52:04,349:     50%    80000      0.5131     0.3369     0.4183     0.2820    
2026-01-24 15:52:04,349:     75%    120000     0.5076     0.0000     0.0000     0.0000    
2026-01-24 15:52:04,349:    100%    160000     0.5090     0.0000     0.0000     0.0000    
2026-01-24 15:52:04,349: 
Transformer:
2026-01-24 15:52:04,350: Fraction   Train N    Test AUC   Test F1    Precision  Recall    
2026-01-24 15:52:04,350: ------------------------------------------------------------
2026-01-24 15:52:04,350:      1%    1600       0.4980     0.0002     1.0000     0.0001    
2026-01-24 15:52:04,350:     10%    16000      0.5015     0.0000     0.0000     0.0000    
2026-01-24 15:52:04,350:     30%    48000      0.5273     0.0000     0.0000     0.0000    
2026-01-24 15:52:04,350:     50%    80000      0.5259     0.0000     0.0000     0.0000    
2026-01-24 15:52:04,350:     75%    120000     0.5291     0.0000     0.0000     0.0000    
2026-01-24 15:52:04,350:    100%    160000     0.5284     0.0000     0.0000     0.0000    
2026-01-24 15:52:04,350: 
LSTM:
2026-01-24 15:52:04,350: Fraction   Train N    Test AUC   Test F1    Precision  Recall    
2026-01-24 15:52:04,350: ------------------------------------------------------------
2026-01-24 15:52:04,351:      1%    1600       0.4992     0.3605     0.4008     0.3275    
2026-01-24 15:52:04,351:     10%    16000      0.5028     0.0000     0.0000     0.0000    
2026-01-24 15:52:04,351:     30%    48000      0.5009     0.0000     0.0000     0.0000    
2026-01-24 15:52:04,351:     50%    80000      0.5071     0.0000     0.0000     0.0000    
2026-01-24 15:52:04,351:     75%    120000     0.5073     0.0000     0.0000     0.0000    
2026-01-24 15:52:04,351:    100%    160000     0.5043     0.0000     0.0000     0.0000    
2026-01-24 15:52:04,351: 
RNNTransformer:
2026-01-24 15:52:04,351: Fraction   Train N    Test AUC   Test F1    Precision  Recall    
2026-01-24 15:52:04,351: ------------------------------------------------------------
2026-01-24 15:52:04,351:      1%    1600       0.4885     0.0000     0.0000     0.0000    
2026-01-24 15:52:04,351:     10%    16000      0.5090     0.0000     0.0000     0.0000    
2026-01-24 15:52:04,352:     30%    48000      0.5201     0.0000     0.0000     0.0000    
2026-01-24 15:52:04,352:     50%    80000      0.5242     0.0000     0.0000     0.0000    
2026-01-24 15:52:04,352:     75%    120000     0.5267     0.0000     0.0000     0.0000    
2026-01-24 15:52:04,352:    100%    160000     0.5853     0.4090     0.4859     0.3531    
