Starting job 98532 on gpu-1-76 on Olivia at Sat Jan 24 15:33:33 CET 2026

=== JOB CONFIGURATION ===
Job ID: 98532
Node: gpu-1-76
Permanent Cache: /cluster/work/projects/nn12048k/michechi/cache
=== STARTING CONTAINER ===
Container: /cluster/work/projects/nn12048k/michechi/extended-pytorch/extended-pytorch.sif
Environment: HUGGING_FACE_HUB_TOKEN=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,HF_HOME=/cluster/work/projects/nn12048k/michechi/cache,HF_DATASETS_CACHE=/cluster/work/projects/nn12048k/michechi/cache,XDG_CACHE_HOME=/cluster/work/projects/nn12048k/michechi/cache,PYTHONUNBUFFERED=1

Job 98532 consumed 0.0 billing hours and 0.0 GPU hours from project nn12048k.

Submitted 2026-01-24T15:33:32; waited 1.0 seconds in the queue after becoming eligible to run.

Requested wallclock time: 15.0 hours
Elapsed wallclock time:   2.2 minutes

Job failed.

Task and CPU statistics:
ID               CPUs  Tasks  CPU util                Start  Elapsed  Exit status
98532               1            0.0 %  2026-01-24T15:33:33  131.0 s  1
98532.batch         1      1     0.1 %  2026-01-24T15:33:33  131.0 s  1
98532.apptainer     1      1     0.0 %  2026-01-24T15:33:33  131.0 s  1

Used CPU time:   0.2 CPU seconds
Unused CPU time: 2.2 CPU minutes

Memory statistics, in GiB:
ID                Alloc   Usage
98532              40.0        
98532.batch        40.0     0.0
98532.apptainer    40.0     2.7

Job 98532 completed at Sat Jan 24 15:35:45 CET 2026
