The following modules were not unloaded:
  (Use "module --force purge" to unload all):

  1) init-NRIS
INFO:    gocryptfs not found, will not be able to use gocryptfs
/usr/bin/rm: cannot remove '/usr/local/cuda/compat/lib': Read-only file system
rm: cannot remove '/usr/local/cuda/compat/lib': Read-only file system
2026-01-21 09:11:11,323: Arguments:
2026-01-21 09:11:11,323:   batch_size: 64
2026-01-21 09:11:11,323:   epochs: 30
2026-01-21 09:11:11,323:   fractions: 0.01,0.10,0.30,0.50,0.75,1.0
2026-01-21 09:11:11,323:   label_column: Outcome
2026-01-21 09:11:11,323:   models: all
2026-01-21 09:11:11,323:   no_search: False
2026-01-21 09:11:11,324:   number_to_use: 9
2026-01-21 09:11:11,324:   optimal: True
2026-01-21 09:11:11,324:   output_dir: results
2026-01-21 09:11:11,324:   path_csv: /cluster/home/michechi/MIMICIV/data/simulation/tested/
2026-01-21 09:11:11,324:   patience: 5
2026-01-21 09:11:11,324:   seed: 42
2026-01-21 09:11:11,324:   sequence_column: Sequences
2026-01-21 09:11:11,324:   sequence_separator: 
2026-01-21 09:11:11,833: Using device: cuda
2026-01-21 09:11:11,834: Loading data from: /cluster/home/michechi/MIMICIV/data/simulation/tested/
2026-01-21 09:11:12,795: Data loaded - Train: 400000, Val: 50000, Test: 50000
2026-01-21 09:11:12,823: Maximum sequence length: 20
2026-01-21 09:11:12,825: Testing fractions: [0.01, 0.1, 0.3, 0.5, 0.75, 1.0]
2026-01-21 09:11:12,825: Models to train: ['MLP', 'CNN1D', 'Transformer', 'LSTM', 'BiLSTM', 'GRU', 'RNNTransformer']
2026-01-21 09:11:12,825: Using OPTIMAL configurations
2026-01-21 09:11:12,825: 
======================================================================
2026-01-21 09:11:12,825: MODEL: MLP
2026-01-21 09:11:12,825: ======================================================================
2026-01-21 09:11:12,825: --------------------------------------------------
2026-01-21 09:11:12,825: Training MLP with 1% of training data
2026-01-21 09:11:12,825: --------------------------------------------------
2026-01-21 09:11:12,900: Training subset size: 4000
2026-01-21 09:15:56,224:   Epoch [5/30] Train Loss: 0.1672, Val F1: 0.4279, Val AUC: 0.5296
2026-01-21 09:18:44,421:   Early stopping at epoch 8
2026-01-21 09:19:36,258: MLP @ 1% - Test AUC: 0.5407, Test F1: 0.4713, Precision: 0.4517, Recall: 0.4928, Time: 503.4s
2026-01-21 09:19:36,258:   Confusion Matrix: TN=16430, FP=12567, FN=10652, TP=10351
2026-01-21 09:19:36,348: --------------------------------------------------
2026-01-21 09:19:36,349: Training MLP with 10% of training data
2026-01-21 09:19:36,349: --------------------------------------------------
2026-01-21 09:19:36,436: Training subset size: 40000
2026-01-21 09:27:27,683:   Epoch [5/30] Train Loss: 0.4609, Val F1: 0.4038, Val AUC: 0.5528
2026-01-21 09:33:44,154:   Early stopping at epoch 9
2026-01-21 09:34:36,114: MLP @ 10% - Test AUC: 0.5649, Test F1: 0.4560, Precision: 0.4806, Recall: 0.4338, Time: 899.8s
2026-01-21 09:34:36,114:   Confusion Matrix: TN=19151, FP=9846, FN=11891, TP=9112
2026-01-21 09:34:36,199: --------------------------------------------------
2026-01-21 09:34:36,199: Training MLP with 30% of training data
2026-01-21 09:34:36,199: --------------------------------------------------
2026-01-21 09:34:36,284: Training subset size: 120000
2026-01-21 09:49:31,242:   Epoch [5/30] Train Loss: 0.5626, Val F1: 0.4298, Val AUC: 0.5736
2026-01-21 10:04:27,119:   Epoch [10/30] Train Loss: 0.3795, Val F1: 0.4475, Val AUC: 0.5571
2026-01-21 10:19:19,976:   Epoch [15/30] Train Loss: 0.2962, Val F1: 0.4387, Val AUC: 0.5572
2026-01-21 10:19:19,977:   Early stopping at epoch 15
2026-01-21 10:20:11,897: MLP @ 30% - Test AUC: 0.5618, Test F1: 0.4522, Precision: 0.4773, Recall: 0.4296, Time: 2735.7s
2026-01-21 10:20:11,897:   Confusion Matrix: TN=19115, FP=9882, FN=11980, TP=9023
2026-01-21 10:20:11,988: --------------------------------------------------
2026-01-21 10:20:11,988: Training MLP with 50% of training data
2026-01-21 10:20:11,989: --------------------------------------------------
2026-01-21 10:20:12,075: Training subset size: 200000
2026-01-21 10:42:09,954:   Epoch [5/30] Train Loss: 0.5941, Val F1: 0.3649, Val AUC: 0.5838
2026-01-21 11:04:08,198:   Epoch [10/30] Train Loss: 0.4740, Val F1: 0.4371, Val AUC: 0.5761
2026-01-21 11:26:03,462:   Epoch [15/30] Train Loss: 0.4007, Val F1: 0.4424, Val AUC: 0.5707
2026-01-21 11:34:47,369:   Early stopping at epoch 17
2026-01-21 11:35:39,013: MLP @ 50% - Test AUC: 0.5811, Test F1: 0.4514, Precision: 0.5022, Recall: 0.4098, Time: 4527.0s
2026-01-21 11:35:39,013:   Confusion Matrix: TN=20465, FP=8532, FN=12395, TP=8608
2026-01-21 11:35:39,106: --------------------------------------------------
2026-01-21 11:35:39,106: Training MLP with 75% of training data
2026-01-21 11:35:39,106: --------------------------------------------------
2026-01-21 11:35:39,196: Training subset size: 300000
2026-01-21 12:06:15,800:   Epoch [5/30] Train Loss: 0.6099, Val F1: 0.4066, Val AUC: 0.6024
2026-01-21 12:36:51,204:   Epoch [10/30] Train Loss: 0.5230, Val F1: 0.4449, Val AUC: 0.5911
2026-01-21 13:07:25,392:   Epoch [15/30] Train Loss: 0.4686, Val F1: 0.4599, Val AUC: 0.5853
2026-01-21 13:37:59,886:   Epoch [20/30] Train Loss: 0.4302, Val F1: 0.4639, Val AUC: 0.5803
2026-01-21 14:08:23,166:   Epoch [25/30] Train Loss: 0.4033, Val F1: 0.4743, Val AUC: 0.5805
2026-01-21 14:38:52,215:   Epoch [30/30] Train Loss: 0.3817, Val F1: 0.4705, Val AUC: 0.5795
2026-01-21 14:39:43,756: MLP @ 75% - Test AUC: 0.5815, Test F1: 0.4827, Precision: 0.4923, Recall: 0.4735, Time: 11044.6s
2026-01-21 14:39:43,756:   Confusion Matrix: TN=18739, FP=10258, FN=11058, TP=9945
2026-01-21 14:39:43,854: --------------------------------------------------
2026-01-21 14:39:43,855: Training MLP with 100% of training data
2026-01-21 14:39:43,855: --------------------------------------------------
2026-01-21 14:39:43,857: Training subset size: 400000
2026-01-21 15:19:05,679:   Epoch [5/30] Train Loss: 0.6169, Val F1: 0.3937, Val AUC: 0.6166
2026-01-21 15:58:29,726:   Epoch [10/30] Train Loss: 0.5513, Val F1: 0.4610, Val AUC: 0.6061
2026-01-21 16:37:48,694:   Epoch [15/30] Train Loss: 0.5070, Val F1: 0.4634, Val AUC: 0.5997
2026-01-21 17:01:22,116:   Early stopping at epoch 18
2026-01-21 17:02:13,679: MLP @ 100% - Test AUC: 0.6008, Test F1: 0.4705, Precision: 0.5268, Recall: 0.4251, Time: 8549.8s
2026-01-21 17:02:13,679:   Confusion Matrix: TN=20977, FP=8020, FN=12075, TP=8928
2026-01-21 17:02:13,774: 
======================================================================
2026-01-21 17:02:13,774: MODEL: CNN1D
2026-01-21 17:02:13,774: ======================================================================
2026-01-21 17:02:13,774: --------------------------------------------------
2026-01-21 17:02:13,775: Training CNN1D with 1% of training data
2026-01-21 17:02:13,775: --------------------------------------------------
2026-01-21 17:02:13,862: Training subset size: 4000
2026-01-21 17:02:21,061:   Epoch [5/30] Train Loss: 0.4840, Val F1: 0.4240, Val AUC: 0.5384
2026-01-21 17:02:24,995:   Early stopping at epoch 8
2026-01-21 17:02:26,145: CNN1D @ 1% - Test AUC: 0.5365, Test F1: 0.5734, Precision: 0.4275, Recall: 0.8703, Time: 12.4s
2026-01-21 17:02:26,146:   Confusion Matrix: TN=4521, FP=24476, FN=2725, TP=18278
2026-01-21 17:02:26,233: --------------------------------------------------
2026-01-21 17:02:26,233: Training CNN1D with 10% of training data
2026-01-21 17:02:26,234: --------------------------------------------------
2026-01-21 17:02:26,321: Training subset size: 40000
2026-01-21 17:02:41,053:   Epoch [5/30] Train Loss: 0.6649, Val F1: 0.3947, Val AUC: 0.5643
2026-01-21 17:02:43,990:   Early stopping at epoch 6
2026-01-21 17:02:45,143: CNN1D @ 10% - Test AUC: 0.5709, Test F1: 0.5803, Precision: 0.4383, Recall: 0.8583, Time: 18.9s
2026-01-21 17:02:45,144:   Confusion Matrix: TN=5896, FP=23101, FN=2977, TP=18026
2026-01-21 17:02:45,228: --------------------------------------------------
2026-01-21 17:02:45,228: Training CNN1D with 30% of training data
2026-01-21 17:02:45,228: --------------------------------------------------
2026-01-21 17:02:45,313: Training subset size: 120000
2026-01-21 17:03:18,199:   Epoch [5/30] Train Loss: 0.6712, Val F1: 0.2712, Val AUC: 0.5736
2026-01-21 17:03:37,888:   Early stopping at epoch 8
2026-01-21 17:03:39,040: CNN1D @ 30% - Test AUC: 0.5722, Test F1: 0.3511, Precision: 0.5062, Recall: 0.2688, Time: 53.8s
2026-01-21 17:03:39,040:   Confusion Matrix: TN=23491, FP=5506, FN=15358, TP=5645
2026-01-21 17:03:39,126: --------------------------------------------------
2026-01-21 17:03:39,127: Training CNN1D with 50% of training data
2026-01-21 17:03:39,127: --------------------------------------------------
2026-01-21 17:03:39,212: Training subset size: 200000
2026-01-21 17:04:30,203:   Epoch [5/30] Train Loss: 0.6723, Val F1: 0.1318, Val AUC: 0.5789
2026-01-21 17:04:40,383:   Early stopping at epoch 6
2026-01-21 17:04:41,535: CNN1D @ 50% - Test AUC: 0.5744, Test F1: 0.3231, Precision: 0.5154, Recall: 0.2353, Time: 62.4s
2026-01-21 17:04:41,535:   Confusion Matrix: TN=24352, FP=4645, FN=16062, TP=4941
2026-01-21 17:04:41,622: --------------------------------------------------
2026-01-21 17:04:41,623: Training CNN1D with 75% of training data
2026-01-21 17:04:41,623: --------------------------------------------------
2026-01-21 17:04:41,711: Training subset size: 300000
2026-01-21 17:05:55,358:   Epoch [5/30] Train Loss: 0.6722, Val F1: 0.1816, Val AUC: 0.5769
2026-01-21 17:06:10,060:   Early stopping at epoch 6
2026-01-21 17:06:11,210: CNN1D @ 75% - Test AUC: 0.5749, Test F1: 0.3348, Precision: 0.5164, Recall: 0.2477, Time: 89.6s
2026-01-21 17:06:11,210:   Confusion Matrix: TN=24126, FP=4871, FN=15801, TP=5202
2026-01-21 17:06:11,301: --------------------------------------------------
2026-01-21 17:06:11,301: Training CNN1D with 100% of training data
2026-01-21 17:06:11,301: --------------------------------------------------
2026-01-21 17:06:11,304: Training subset size: 400000
2026-01-21 17:07:47,741:   Epoch [5/30] Train Loss: 0.6723, Val F1: 0.1087, Val AUC: 0.5781
2026-01-21 17:08:26,280:   Early stopping at epoch 7
2026-01-21 17:08:27,431: CNN1D @ 100% - Test AUC: 0.5792, Test F1: 0.2763, Precision: 0.5260, Recall: 0.1874, Time: 136.1s
2026-01-21 17:08:27,431:   Confusion Matrix: TN=25451, FP=3546, FN=17068, TP=3935
2026-01-21 17:08:27,519: 
======================================================================
2026-01-21 17:08:27,520: MODEL: Transformer
2026-01-21 17:08:27,520: ======================================================================
2026-01-21 17:08:27,520: --------------------------------------------------
2026-01-21 17:08:27,520: Training Transformer with 1% of training data
2026-01-21 17:08:27,520: --------------------------------------------------
2026-01-21 17:08:27,606: Training subset size: 4000
2026-01-21 17:08:39,177:   Epoch [5/30] Train Loss: 0.6741, Val F1: 0.3190, Val AUC: 0.5768
2026-01-21 17:08:50,335:   Epoch [10/30] Train Loss: 0.6526, Val F1: 0.2759, Val AUC: 0.5721
2026-01-21 17:08:52,568:   Early stopping at epoch 11
2026-01-21 17:08:54,366: Transformer @ 1% - Test AUC: 0.5704, Test F1: 0.5197, Precision: 0.4638, Recall: 0.5909, Time: 26.8s
2026-01-21 17:08:54,366:   Confusion Matrix: TN=14648, FP=14349, FN=8592, TP=12411
2026-01-21 17:08:54,452: --------------------------------------------------
2026-01-21 17:08:54,453: Training Transformer with 10% of training data
2026-01-21 17:08:54,453: --------------------------------------------------
2026-01-21 17:08:54,540: Training subset size: 40000
2026-01-21 17:09:26,323:   Epoch [5/30] Train Loss: 0.6660, Val F1: 0.3620, Val AUC: 0.5951
2026-01-21 17:09:51,810:   Early stopping at epoch 9
2026-01-21 17:09:53,612: Transformer @ 10% - Test AUC: 0.5914, Test F1: 0.3907, Precision: 0.5340, Recall: 0.3081, Time: 59.2s
2026-01-21 17:09:53,613:   Confusion Matrix: TN=23352, FP=5645, FN=14533, TP=6470
2026-01-21 17:09:53,701: --------------------------------------------------
2026-01-21 17:09:53,702: Training Transformer with 30% of training data
2026-01-21 17:09:53,702: --------------------------------------------------
2026-01-21 17:09:53,788: Training subset size: 120000
2026-01-21 17:11:11,886:   Epoch [5/30] Train Loss: 0.6302, Val F1: 0.5737, Val AUC: 0.6708
2026-01-21 17:12:30,067:   Epoch [10/30] Train Loss: 0.6174, Val F1: 0.5752, Val AUC: 0.6717
2026-01-21 17:13:48,253:   Epoch [15/30] Train Loss: 0.6133, Val F1: 0.5739, Val AUC: 0.6706
2026-01-21 17:13:48,254:   Early stopping at epoch 15
2026-01-21 17:13:50,060: Transformer @ 30% - Test AUC: 0.6698, Test F1: 0.5768, Precision: 0.6856, Recall: 0.4978, Time: 236.4s
2026-01-21 17:13:50,060:   Confusion Matrix: TN=24203, FP=4794, FN=10547, TP=10456
2026-01-21 17:13:50,161: --------------------------------------------------
2026-01-21 17:13:50,161: Training Transformer with 50% of training data
2026-01-21 17:13:50,161: --------------------------------------------------
2026-01-21 17:13:50,250: Training subset size: 200000
2026-01-21 17:15:54,653:   Epoch [5/30] Train Loss: 0.6212, Val F1: 0.5673, Val AUC: 0.6666
2026-01-21 17:17:58,758:   Epoch [10/30] Train Loss: 0.6158, Val F1: 0.5692, Val AUC: 0.6694
2026-01-21 17:19:38,096:   Early stopping at epoch 14
2026-01-21 17:19:39,902: Transformer @ 50% - Test AUC: 0.6698, Test F1: 0.5780, Precision: 0.7004, Recall: 0.4920, Time: 349.7s
2026-01-21 17:19:39,903:   Confusion Matrix: TN=24577, FP=4420, FN=10670, TP=10333
2026-01-21 17:19:39,996: --------------------------------------------------
2026-01-21 17:19:39,997: Training Transformer with 75% of training data
2026-01-21 17:19:39,997: --------------------------------------------------
2026-01-21 17:19:40,086: Training subset size: 300000
2026-01-21 17:22:42,154:   Epoch [5/30] Train Loss: 0.6161, Val F1: 0.5759, Val AUC: 0.6696
2026-01-21 17:25:44,187:   Epoch [10/30] Train Loss: 0.6148, Val F1: 0.5759, Val AUC: 0.6675
2026-01-21 17:27:33,192:   Early stopping at epoch 13
2026-01-21 17:27:34,992: Transformer @ 75% - Test AUC: 0.6709, Test F1: 0.5782, Precision: 0.7002, Recall: 0.4924, Time: 475.0s
2026-01-21 17:27:34,992:   Confusion Matrix: TN=24569, FP=4428, FN=10662, TP=10341
2026-01-21 17:27:35,089: --------------------------------------------------
2026-01-21 17:27:35,090: Training Transformer with 100% of training data
2026-01-21 17:27:35,090: --------------------------------------------------
2026-01-21 17:27:35,092: Training subset size: 400000
2026-01-21 17:31:34,978:   Epoch [5/30] Train Loss: 0.6161, Val F1: 0.5757, Val AUC: 0.6695
2026-01-21 17:33:10,925:   Early stopping at epoch 7
2026-01-21 17:33:12,729: Transformer @ 100% - Test AUC: 0.6702, Test F1: 0.5804, Precision: 0.6719, Recall: 0.5108, Time: 337.6s
2026-01-21 17:33:12,729:   Confusion Matrix: TN=23758, FP=5239, FN=10274, TP=10729
2026-01-21 17:33:12,820: 
======================================================================
2026-01-21 17:33:12,821: MODEL: LSTM
2026-01-21 17:33:12,821: ======================================================================
2026-01-21 17:33:12,821: --------------------------------------------------
2026-01-21 17:33:12,821: Training LSTM with 1% of training data
2026-01-21 17:33:12,821: --------------------------------------------------
2026-01-21 17:33:12,908: Training subset size: 4000
2026-01-21 17:33:18,770:   Epoch [5/30] Train Loss: 0.6575, Val F1: 0.3265, Val AUC: 0.5625
2026-01-21 17:33:22,150:   Early stopping at epoch 8
2026-01-21 17:33:23,146: LSTM @ 1% - Test AUC: 0.5732, Test F1: 0.4230, Precision: 0.4945, Recall: 0.3696, Time: 10.3s
2026-01-21 17:33:23,146:   Confusion Matrix: TN=21060, FP=7937, FN=13240, TP=7763
2026-01-21 17:33:23,230: --------------------------------------------------
2026-01-21 17:33:23,231: Training LSTM with 10% of training data
2026-01-21 17:33:23,231: --------------------------------------------------
2026-01-21 17:33:23,317: Training subset size: 40000
2026-01-21 17:33:35,980:   Epoch [5/30] Train Loss: 0.6576, Val F1: 0.4647, Val AUC: 0.6031
2026-01-21 17:33:48,633:   Epoch [10/30] Train Loss: 0.6070, Val F1: 0.4269, Val AUC: 0.5819
2026-01-21 17:33:48,633:   Early stopping at epoch 10
2026-01-21 17:33:49,625: LSTM @ 10% - Test AUC: 0.5974, Test F1: 0.4601, Precision: 0.5223, Recall: 0.4112, Time: 26.4s
2026-01-21 17:33:49,625:   Confusion Matrix: TN=21097, FP=7900, FN=12366, TP=8637
2026-01-21 17:33:49,709: --------------------------------------------------
2026-01-21 17:33:49,709: Training LSTM with 30% of training data
2026-01-21 17:33:49,709: --------------------------------------------------
2026-01-21 17:33:49,794: Training subset size: 120000
2026-01-21 17:34:18,154:   Epoch [5/30] Train Loss: 0.6427, Val F1: 0.4837, Val AUC: 0.6459
2026-01-21 17:34:46,605:   Epoch [10/30] Train Loss: 0.6246, Val F1: 0.5076, Val AUC: 0.6435
2026-01-21 17:35:15,202:   Epoch [15/30] Train Loss: 0.5959, Val F1: 0.5078, Val AUC: 0.6319
2026-01-21 17:35:20,926:   Early stopping at epoch 16
2026-01-21 17:35:21,930: LSTM @ 30% - Test AUC: 0.6439, Test F1: 0.5284, Precision: 0.6055, Recall: 0.4687, Time: 92.2s
2026-01-21 17:35:21,931:   Confusion Matrix: TN=22584, FP=6413, FN=11159, TP=9844
2026-01-21 17:35:22,016: --------------------------------------------------
2026-01-21 17:35:22,017: Training LSTM with 50% of training data
2026-01-21 17:35:22,017: --------------------------------------------------
2026-01-21 17:35:22,103: Training subset size: 200000
2026-01-21 17:36:06,695:   Epoch [5/30] Train Loss: 0.6379, Val F1: 0.5014, Val AUC: 0.6519
2026-01-21 17:36:51,430:   Epoch [10/30] Train Loss: 0.6225, Val F1: 0.5267, Val AUC: 0.6526
2026-01-21 17:37:27,286:   Early stopping at epoch 14
2026-01-21 17:37:28,299: LSTM @ 50% - Test AUC: 0.6560, Test F1: 0.5344, Precision: 0.6430, Recall: 0.4573, Time: 126.3s
2026-01-21 17:37:28,299:   Confusion Matrix: TN=23664, FP=5333, FN=11399, TP=9604
2026-01-21 17:37:28,387: --------------------------------------------------
2026-01-21 17:37:28,388: Training LSTM with 75% of training data
2026-01-21 17:37:28,388: --------------------------------------------------
2026-01-21 17:37:28,476: Training subset size: 300000
2026-01-21 17:38:33,375:   Epoch [5/30] Train Loss: 0.6333, Val F1: 0.5321, Val AUC: 0.6575
2026-01-21 17:39:38,142:   Epoch [10/30] Train Loss: 0.6240, Val F1: 0.5438, Val AUC: 0.6577
2026-01-21 17:39:51,024:   Early stopping at epoch 11
2026-01-21 17:39:52,034: LSTM @ 75% - Test AUC: 0.6599, Test F1: 0.5545, Precision: 0.6403, Recall: 0.4889, Time: 143.6s
2026-01-21 17:39:52,034:   Confusion Matrix: TN=23229, FP=5768, FN=10734, TP=10269
2026-01-21 17:39:52,127: --------------------------------------------------
2026-01-21 17:39:52,127: Training LSTM with 100% of training data
2026-01-21 17:39:52,127: --------------------------------------------------
2026-01-21 17:39:52,129: Training subset size: 400000
2026-01-21 17:41:16,594:   Epoch [5/30] Train Loss: 0.6284, Val F1: 0.5536, Val AUC: 0.6655
2026-01-21 17:42:41,484:   Epoch [10/30] Train Loss: 0.6199, Val F1: 0.5616, Val AUC: 0.6648
2026-01-21 17:44:06,745:   Epoch [15/30] Train Loss: 0.6146, Val F1: 0.5588, Val AUC: 0.6627
2026-01-21 17:44:40,948:   Early stopping at epoch 17
2026-01-21 17:44:41,971: LSTM @ 100% - Test AUC: 0.6671, Test F1: 0.5680, Precision: 0.6670, Recall: 0.4945, Time: 289.8s
2026-01-21 17:44:41,972:   Confusion Matrix: TN=23811, FP=5186, FN=10616, TP=10387
2026-01-21 17:44:42,063: 
======================================================================
2026-01-21 17:44:42,064: MODEL: BiLSTM
2026-01-21 17:44:42,064: ======================================================================
2026-01-21 17:44:42,064: --------------------------------------------------
2026-01-21 17:44:42,064: Training BiLSTM with 1% of training data
2026-01-21 17:44:42,064: --------------------------------------------------
2026-01-21 17:44:42,151: Training subset size: 4000
2026-01-21 17:44:48,893:   Epoch [5/30] Train Loss: 0.6386, Val F1: 0.3328, Val AUC: 0.5471
2026-01-21 17:44:55,550:   Epoch [10/30] Train Loss: 0.3561, Val F1: 0.3951, Val AUC: 0.5265
2026-01-21 17:45:02,228:   Epoch [15/30] Train Loss: 0.0499, Val F1: 0.4424, Val AUC: 0.5190
2026-01-21 17:45:08,891:   Epoch [20/30] Train Loss: 0.0140, Val F1: 0.4083, Val AUC: 0.5268
2026-01-21 17:45:10,219:   Early stopping at epoch 21
2026-01-21 17:45:11,378: BiLSTM @ 1% - Test AUC: 0.5229, Test F1: 0.4515, Precision: 0.4397, Recall: 0.4640, Time: 29.3s
2026-01-21 17:45:11,379:   Confusion Matrix: TN=16581, FP=12416, FN=11258, TP=9745
2026-01-21 17:45:11,465: --------------------------------------------------
2026-01-21 17:45:11,465: Training BiLSTM with 10% of training data
2026-01-21 17:45:11,465: --------------------------------------------------
2026-01-21 17:45:11,552: Training subset size: 40000
2026-01-21 17:45:27,151:   Epoch [5/30] Train Loss: 0.6544, Val F1: 0.2704, Val AUC: 0.5978
2026-01-21 17:45:42,680:   Epoch [10/30] Train Loss: 0.5445, Val F1: 0.4348, Val AUC: 0.5685
2026-01-21 17:45:58,272:   Epoch [15/30] Train Loss: 0.2963, Val F1: 0.4446, Val AUC: 0.5487
2026-01-21 17:46:10,711:   Early stopping at epoch 19
2026-01-21 17:46:11,878: BiLSTM @ 10% - Test AUC: 0.5464, Test F1: 0.4522, Precision: 0.4692, Recall: 0.4364, Time: 60.4s
2026-01-21 17:46:11,878:   Confusion Matrix: TN=18629, FP=10368, FN=11838, TP=9165
2026-01-21 17:46:11,966: --------------------------------------------------
2026-01-21 17:46:11,967: Training BiLSTM with 30% of training data
2026-01-21 17:46:11,967: --------------------------------------------------
2026-01-21 17:46:12,053: Training subset size: 120000
2026-01-21 17:46:47,647:   Epoch [5/30] Train Loss: 0.6453, Val F1: 0.4701, Val AUC: 0.6376
2026-01-21 17:47:23,336:   Epoch [10/30] Train Loss: 0.6144, Val F1: 0.4852, Val AUC: 0.6337
2026-01-21 17:47:59,052:   Epoch [15/30] Train Loss: 0.5465, Val F1: 0.4813, Val AUC: 0.6091
2026-01-21 17:48:13,352:   Early stopping at epoch 17
2026-01-21 17:48:14,527: BiLSTM @ 30% - Test AUC: 0.6267, Test F1: 0.5126, Precision: 0.5792, Recall: 0.4598, Time: 122.6s
2026-01-21 17:48:14,528:   Confusion Matrix: TN=21980, FP=7017, FN=11346, TP=9657
2026-01-21 17:48:14,619: --------------------------------------------------
2026-01-21 17:48:14,619: Training BiLSTM with 50% of training data
2026-01-21 17:48:14,619: --------------------------------------------------
2026-01-21 17:48:14,707: Training subset size: 200000
2026-01-21 17:49:10,432:   Epoch [5/30] Train Loss: 0.6393, Val F1: 0.5183, Val AUC: 0.6518
2026-01-21 17:50:06,074:   Epoch [10/30] Train Loss: 0.6260, Val F1: 0.5241, Val AUC: 0.6549
2026-01-21 17:51:02,010:   Epoch [15/30] Train Loss: 0.6076, Val F1: 0.5280, Val AUC: 0.6501
2026-01-21 17:51:24,434:   Early stopping at epoch 17
2026-01-21 17:51:25,626: BiLSTM @ 50% - Test AUC: 0.6548, Test F1: 0.5428, Precision: 0.6411, Recall: 0.4706, Time: 191.0s
2026-01-21 17:51:25,626:   Confusion Matrix: TN=23465, FP=5532, FN=11120, TP=9883
2026-01-21 17:51:25,721: --------------------------------------------------
2026-01-21 17:51:25,721: Training BiLSTM with 75% of training data
2026-01-21 17:51:25,722: --------------------------------------------------
2026-01-21 17:51:25,812: Training subset size: 300000
2026-01-21 17:52:47,544:   Epoch [5/30] Train Loss: 0.6327, Val F1: 0.5351, Val AUC: 0.6546
2026-01-21 17:54:09,252:   Epoch [10/30] Train Loss: 0.6244, Val F1: 0.5390, Val AUC: 0.6577
2026-01-21 17:55:14,531:   Early stopping at epoch 14
2026-01-21 17:55:15,726: BiLSTM @ 75% - Test AUC: 0.6586, Test F1: 0.5469, Precision: 0.6523, Recall: 0.4708, Time: 230.0s
2026-01-21 17:55:15,726:   Confusion Matrix: TN=23727, FP=5270, FN=11115, TP=9888
2026-01-21 17:55:15,822: --------------------------------------------------
2026-01-21 17:55:15,822: Training BiLSTM with 100% of training data
2026-01-21 17:55:15,822: --------------------------------------------------
2026-01-21 17:55:15,824: Training subset size: 400000
2026-01-21 17:57:02,571:   Epoch [5/30] Train Loss: 0.6314, Val F1: 0.5426, Val AUC: 0.6599
2026-01-21 17:58:48,311:   Epoch [10/30] Train Loss: 0.6248, Val F1: 0.5465, Val AUC: 0.6591
2026-01-21 18:00:34,296:   Epoch [15/30] Train Loss: 0.6200, Val F1: 0.5512, Val AUC: 0.6576
2026-01-21 18:01:58,997:   Early stopping at epoch 19
2026-01-21 18:02:00,176: BiLSTM @ 100% - Test AUC: 0.6594, Test F1: 0.5589, Precision: 0.6547, Recall: 0.4875, Time: 404.4s
2026-01-21 18:02:00,177:   Confusion Matrix: TN=23597, FP=5400, FN=10763, TP=10240
2026-01-21 18:02:00,269: 
======================================================================
2026-01-21 18:02:00,269: MODEL: GRU
2026-01-21 18:02:00,270: ======================================================================
2026-01-21 18:02:00,270: --------------------------------------------------
2026-01-21 18:02:00,270: Training GRU with 1% of training data
2026-01-21 18:02:00,270: --------------------------------------------------
2026-01-21 18:02:00,356: Training subset size: 4000
2026-01-21 18:02:06,072:   Epoch [5/30] Train Loss: 0.6646, Val F1: 0.2045, Val AUC: 0.5681
2026-01-21 18:02:11,720:   Epoch [10/30] Train Loss: 0.5968, Val F1: 0.4603, Val AUC: 0.5344
2026-01-21 18:02:17,360:   Epoch [15/30] Train Loss: 0.2902, Val F1: 0.4592, Val AUC: 0.5372
2026-01-21 18:02:17,361:   Early stopping at epoch 15
2026-01-21 18:02:18,354: GRU @ 1% - Test AUC: 0.5350, Test F1: 0.4603, Precision: 0.4492, Recall: 0.4719, Time: 18.1s
2026-01-21 18:02:18,354:   Confusion Matrix: TN=16845, FP=12152, FN=11092, TP=9911
2026-01-21 18:02:18,436: --------------------------------------------------
2026-01-21 18:02:18,437: Training GRU with 10% of training data
2026-01-21 18:02:18,437: --------------------------------------------------
2026-01-21 18:02:18,522: Training subset size: 40000
2026-01-21 18:02:31,304:   Epoch [5/30] Train Loss: 0.6574, Val F1: 0.4130, Val AUC: 0.6067
2026-01-21 18:02:44,063:   Epoch [10/30] Train Loss: 0.5940, Val F1: 0.4566, Val AUC: 0.5988
2026-01-21 18:02:46,616:   Early stopping at epoch 11
2026-01-21 18:02:47,616: GRU @ 10% - Test AUC: 0.6111, Test F1: 0.4795, Precision: 0.5420, Recall: 0.4299, Time: 29.2s
2026-01-21 18:02:47,616:   Confusion Matrix: TN=21366, FP=7631, FN=11974, TP=9029
2026-01-21 18:02:47,700: --------------------------------------------------
2026-01-21 18:02:47,700: Training GRU with 30% of training data
2026-01-21 18:02:47,700: --------------------------------------------------
2026-01-21 18:02:47,786: Training subset size: 120000
2026-01-21 18:03:16,374:   Epoch [5/30] Train Loss: 0.6419, Val F1: 0.4763, Val AUC: 0.6498
2026-01-21 18:03:44,844:   Epoch [10/30] Train Loss: 0.6272, Val F1: 0.5154, Val AUC: 0.6485
2026-01-21 18:03:50,527:   Early stopping at epoch 11
2026-01-21 18:03:51,530: GRU @ 30% - Test AUC: 0.6518, Test F1: 0.5271, Precision: 0.6251, Recall: 0.4557, Time: 63.8s
2026-01-21 18:03:51,530:   Confusion Matrix: TN=23257, FP=5740, FN=11432, TP=9571
2026-01-21 18:03:51,618: --------------------------------------------------
2026-01-21 18:03:51,619: Training GRU with 50% of training data
2026-01-21 18:03:51,619: --------------------------------------------------
2026-01-21 18:03:51,705: Training subset size: 200000
2026-01-21 18:04:36,052:   Epoch [5/30] Train Loss: 0.6351, Val F1: 0.5344, Val AUC: 0.6558
2026-01-21 18:05:20,329:   Epoch [10/30] Train Loss: 0.6275, Val F1: 0.5439, Val AUC: 0.6577
2026-01-21 18:06:04,211:   Epoch [15/30] Train Loss: 0.6252, Val F1: 0.5425, Val AUC: 0.6578
2026-01-21 18:06:13,091:   Early stopping at epoch 16
2026-01-21 18:06:14,097: GRU @ 50% - Test AUC: 0.6573, Test F1: 0.5570, Precision: 0.6358, Recall: 0.4956, Time: 142.5s
2026-01-21 18:06:14,097:   Confusion Matrix: TN=23034, FP=5963, FN=10593, TP=10410
2026-01-21 18:06:14,188: --------------------------------------------------
2026-01-21 18:06:14,189: Training GRU with 75% of training data
2026-01-21 18:06:14,189: --------------------------------------------------
2026-01-21 18:06:14,277: Training subset size: 300000
2026-01-21 18:07:18,486:   Epoch [5/30] Train Loss: 0.6329, Val F1: 0.5431, Val AUC: 0.6613
2026-01-21 18:08:22,840:   Epoch [10/30] Train Loss: 0.6285, Val F1: 0.5557, Val AUC: 0.6628
2026-01-21 18:09:27,294:   Epoch [15/30] Train Loss: 0.6282, Val F1: 0.5465, Val AUC: 0.6579
2026-01-21 18:09:27,294:   Early stopping at epoch 15
2026-01-21 18:09:28,306: GRU @ 75% - Test AUC: 0.6627, Test F1: 0.5593, Precision: 0.6480, Recall: 0.4920, Time: 194.1s
2026-01-21 18:09:28,307:   Confusion Matrix: TN=23383, FP=5614, FN=10670, TP=10333
2026-01-21 18:09:28,398: --------------------------------------------------
2026-01-21 18:09:28,398: Training GRU with 100% of training data
2026-01-21 18:09:28,399: --------------------------------------------------
2026-01-21 18:09:28,401: Training subset size: 400000
2026-01-21 18:10:52,991:   Epoch [5/30] Train Loss: 0.6341, Val F1: 0.5436, Val AUC: 0.6586
2026-01-21 18:12:17,360:   Epoch [10/30] Train Loss: 0.6317, Val F1: 0.5443, Val AUC: 0.6575
2026-01-21 18:13:41,582:   Epoch [15/30] Train Loss: 0.6318, Val F1: 0.5387, Val AUC: 0.6542
2026-01-21 18:14:32,005:   Early stopping at epoch 18
2026-01-21 18:14:33,011: GRU @ 100% - Test AUC: 0.6613, Test F1: 0.5576, Precision: 0.6411, Recall: 0.4934, Time: 304.6s
2026-01-21 18:14:33,011:   Confusion Matrix: TN=23197, FP=5800, FN=10641, TP=10362
2026-01-21 18:14:33,102: 
======================================================================
2026-01-21 18:14:33,102: MODEL: RNNTransformer
2026-01-21 18:14:33,102: ======================================================================
2026-01-21 18:14:33,102: --------------------------------------------------
2026-01-21 18:14:33,102: Training RNNTransformer with 1% of training data
2026-01-21 18:14:33,103: --------------------------------------------------
2026-01-21 18:14:33,188: Training subset size: 4000
2026-01-21 18:14:44,721:   Epoch [5/30] Train Loss: 0.6737, Val F1: 0.2655, Val AUC: 0.5781
2026-01-21 18:14:47,009:   Early stopping at epoch 6
2026-01-21 18:14:48,875: RNNTransformer @ 1% - Test AUC: 0.5532, Test F1: 0.4555, Precision: 0.4667, Recall: 0.4448, Time: 15.8s
2026-01-21 18:14:48,875:   Confusion Matrix: TN=18321, FP=10676, FN=11661, TP=9342
2026-01-21 18:14:48,959: --------------------------------------------------
2026-01-21 18:14:48,959: Training RNNTransformer with 10% of training data
2026-01-21 18:14:48,960: --------------------------------------------------
2026-01-21 18:14:49,045: Training subset size: 40000
2026-01-21 18:15:21,104:   Epoch [5/30] Train Loss: 0.6662, Val F1: 0.1839, Val AUC: 0.5963
2026-01-21 18:15:46,640:   Early stopping at epoch 9
2026-01-21 18:15:48,506: RNNTransformer @ 10% - Test AUC: 0.5944, Test F1: 0.4291, Precision: 0.5257, Recall: 0.3625, Time: 59.5s
2026-01-21 18:15:48,506:   Confusion Matrix: TN=22128, FP=6869, FN=13390, TP=7613
2026-01-21 18:15:48,593: --------------------------------------------------
2026-01-21 18:15:48,594: Training RNNTransformer with 30% of training data
2026-01-21 18:15:48,594: --------------------------------------------------
2026-01-21 18:15:48,680: Training subset size: 120000
2026-01-21 18:17:06,678:   Epoch [5/30] Train Loss: 0.6627, Val F1: 0.3598, Val AUC: 0.6091
2026-01-21 18:18:24,860:   Epoch [10/30] Train Loss: 0.6295, Val F1: 0.5307, Val AUC: 0.6654
2026-01-21 18:19:43,276:   Epoch [15/30] Train Loss: 0.6141, Val F1: 0.5441, Val AUC: 0.6663
2026-01-21 18:21:01,551:   Epoch [20/30] Train Loss: 0.6007, Val F1: 0.5670, Val AUC: 0.6627
2026-01-21 18:22:19,774:   Epoch [25/30] Train Loss: 0.5831, Val F1: 0.5369, Val AUC: 0.6516
2026-01-21 18:22:19,775:   Early stopping at epoch 25
2026-01-21 18:22:21,640: RNNTransformer @ 30% - Test AUC: 0.6645, Test F1: 0.5665, Precision: 0.6537, Recall: 0.4998, Time: 393.0s
2026-01-21 18:22:21,640:   Confusion Matrix: TN=23436, FP=5561, FN=10505, TP=10498
2026-01-21 18:22:21,732: --------------------------------------------------
2026-01-21 18:22:21,733: Training RNNTransformer with 50% of training data
2026-01-21 18:22:21,733: --------------------------------------------------
2026-01-21 18:22:21,821: Training subset size: 200000
2026-01-21 18:24:26,015:   Epoch [5/30] Train Loss: 0.6382, Val F1: 0.5660, Val AUC: 0.6659
2026-01-21 18:26:30,759:   Epoch [10/30] Train Loss: 0.6178, Val F1: 0.5748, Val AUC: 0.6699
2026-01-21 18:27:20,647:   Early stopping at epoch 12
2026-01-21 18:27:22,532: RNNTransformer @ 50% - Test AUC: 0.6719, Test F1: 0.5760, Precision: 0.6720, Recall: 0.5041, Time: 300.8s
2026-01-21 18:27:22,532:   Confusion Matrix: TN=23829, FP=5168, FN=10416, TP=10587
2026-01-21 18:27:22,625: --------------------------------------------------
2026-01-21 18:27:22,626: Training RNNTransformer with 75% of training data
2026-01-21 18:27:22,626: --------------------------------------------------
2026-01-21 18:27:22,716: Training subset size: 300000
2026-01-21 18:30:25,022:   Epoch [5/30] Train Loss: 0.6252, Val F1: 0.5659, Val AUC: 0.6682
2026-01-21 18:33:26,968:   Epoch [10/30] Train Loss: 0.6165, Val F1: 0.5721, Val AUC: 0.6702
2026-01-21 18:34:40,108:   Early stopping at epoch 12
2026-01-21 18:34:41,990: RNNTransformer @ 75% - Test AUC: 0.6700, Test F1: 0.5791, Precision: 0.6829, Recall: 0.5027, Time: 439.4s
2026-01-21 18:34:41,990:   Confusion Matrix: TN=24094, FP=4903, FN=10444, TP=10559
2026-01-21 18:34:42,087: --------------------------------------------------
2026-01-21 18:34:42,087: Training RNNTransformer with 100% of training data
2026-01-21 18:34:42,088: --------------------------------------------------
2026-01-21 18:34:42,090: Training subset size: 400000
2026-01-21 18:38:42,879:   Epoch [5/30] Train Loss: 0.6195, Val F1: 0.5753, Val AUC: 0.6709
2026-01-21 18:42:43,810:   Epoch [10/30] Train Loss: 0.6156, Val F1: 0.5673, Val AUC: 0.6694
2026-01-21 18:43:32,296:   Early stopping at epoch 11
2026-01-21 18:43:34,187: RNNTransformer @ 100% - Test AUC: 0.6707, Test F1: 0.5786, Precision: 0.6943, Recall: 0.4959, Time: 532.1s
2026-01-21 18:43:34,187:   Confusion Matrix: TN=24412, FP=4585, FN=10588, TP=10415
2026-01-21 18:43:34,291: 
Results saved to: results/dl_fraction_experiment_9_OPTIMAL_20260121_184334.csv
2026-01-21 18:43:34,294: Detailed results saved to: results/dl_fraction_experiment_9_OPTIMAL_20260121_184334.json
2026-01-21 18:43:34,294: 
======================================================================
2026-01-21 18:43:34,294: EXPERIMENT SUMMARY
2026-01-21 18:43:34,294: ======================================================================
2026-01-21 18:43:34,294: 
MLP:
2026-01-21 18:43:34,294: Fraction   Train N    Test AUC   Test F1    Precision  Recall    
2026-01-21 18:43:34,295: ------------------------------------------------------------
2026-01-21 18:43:34,295:      1%    4000       0.5407     0.4713     0.4517     0.4928    
2026-01-21 18:43:34,295:     10%    40000      0.5649     0.4560     0.4806     0.4338    
2026-01-21 18:43:34,295:     30%    120000     0.5618     0.4522     0.4773     0.4296    
2026-01-21 18:43:34,295:     50%    200000     0.5811     0.4514     0.5022     0.4098    
2026-01-21 18:43:34,295:     75%    300000     0.5815     0.4827     0.4923     0.4735    
2026-01-21 18:43:34,295:    100%    400000     0.6008     0.4705     0.5268     0.4251    
2026-01-21 18:43:34,295: 
CNN1D:
2026-01-21 18:43:34,295: Fraction   Train N    Test AUC   Test F1    Precision  Recall    
2026-01-21 18:43:34,296: ------------------------------------------------------------
2026-01-21 18:43:34,296:      1%    4000       0.5365     0.5734     0.4275     0.8703    
2026-01-21 18:43:34,296:     10%    40000      0.5709     0.5803     0.4383     0.8583    
2026-01-21 18:43:34,296:     30%    120000     0.5722     0.3511     0.5062     0.2688    
2026-01-21 18:43:34,296:     50%    200000     0.5744     0.3231     0.5154     0.2353    
2026-01-21 18:43:34,296:     75%    300000     0.5749     0.3348     0.5164     0.2477    
2026-01-21 18:43:34,296:    100%    400000     0.5792     0.2763     0.5260     0.1874    
2026-01-21 18:43:34,296: 
Transformer:
2026-01-21 18:43:34,296: Fraction   Train N    Test AUC   Test F1    Precision  Recall    
2026-01-21 18:43:34,297: ------------------------------------------------------------
2026-01-21 18:43:34,297:      1%    4000       0.5704     0.5197     0.4638     0.5909    
2026-01-21 18:43:34,297:     10%    40000      0.5914     0.3907     0.5340     0.3081    
2026-01-21 18:43:34,297:     30%    120000     0.6698     0.5768     0.6856     0.4978    
2026-01-21 18:43:34,297:     50%    200000     0.6698     0.5780     0.7004     0.4920    
2026-01-21 18:43:34,297:     75%    300000     0.6709     0.5782     0.7002     0.4924    
2026-01-21 18:43:34,297:    100%    400000     0.6702     0.5804     0.6719     0.5108    
2026-01-21 18:43:34,297: 
LSTM:
2026-01-21 18:43:34,297: Fraction   Train N    Test AUC   Test F1    Precision  Recall    
2026-01-21 18:43:34,298: ------------------------------------------------------------
2026-01-21 18:43:34,298:      1%    4000       0.5732     0.4230     0.4945     0.3696    
2026-01-21 18:43:34,298:     10%    40000      0.5974     0.4601     0.5223     0.4112    
2026-01-21 18:43:34,298:     30%    120000     0.6439     0.5284     0.6055     0.4687    
2026-01-21 18:43:34,298:     50%    200000     0.6560     0.5344     0.6430     0.4573    
2026-01-21 18:43:34,298:     75%    300000     0.6599     0.5545     0.6403     0.4889    
2026-01-21 18:43:34,298:    100%    400000     0.6671     0.5680     0.6670     0.4945    
2026-01-21 18:43:34,298: 
BiLSTM:
2026-01-21 18:43:34,298: Fraction   Train N    Test AUC   Test F1    Precision  Recall    
2026-01-21 18:43:34,299: ------------------------------------------------------------
2026-01-21 18:43:34,299:      1%    4000       0.5229     0.4515     0.4397     0.4640    
2026-01-21 18:43:34,299:     10%    40000      0.5464     0.4522     0.4692     0.4364    
2026-01-21 18:43:34,299:     30%    120000     0.6267     0.5126     0.5792     0.4598    
2026-01-21 18:43:34,299:     50%    200000     0.6548     0.5428     0.6411     0.4706    
2026-01-21 18:43:34,299:     75%    300000     0.6586     0.5469     0.6523     0.4708    
2026-01-21 18:43:34,299:    100%    400000     0.6594     0.5589     0.6547     0.4875    
2026-01-21 18:43:34,299: 
GRU:
2026-01-21 18:43:34,299: Fraction   Train N    Test AUC   Test F1    Precision  Recall    
2026-01-21 18:43:34,299: ------------------------------------------------------------
2026-01-21 18:43:34,300:      1%    4000       0.5350     0.4603     0.4492     0.4719    
2026-01-21 18:43:34,300:     10%    40000      0.6111     0.4795     0.5420     0.4299    
2026-01-21 18:43:34,300:     30%    120000     0.6518     0.5271     0.6251     0.4557    
2026-01-21 18:43:34,300:     50%    200000     0.6573     0.5570     0.6358     0.4956    
2026-01-21 18:43:34,300:     75%    300000     0.6627     0.5593     0.6480     0.4920    
2026-01-21 18:43:34,300:    100%    400000     0.6613     0.5576     0.6411     0.4934    
2026-01-21 18:43:34,300: 
RNNTransformer:
2026-01-21 18:43:34,300: Fraction   Train N    Test AUC   Test F1    Precision  Recall    
2026-01-21 18:43:34,300: ------------------------------------------------------------
2026-01-21 18:43:34,300:      1%    4000       0.5532     0.4555     0.4667     0.4448    
2026-01-21 18:43:34,301:     10%    40000      0.5944     0.4291     0.5257     0.3625    
2026-01-21 18:43:34,301:     30%    120000     0.6645     0.5665     0.6537     0.4998    
2026-01-21 18:43:34,301:     50%    200000     0.6719     0.5760     0.6720     0.5041    
2026-01-21 18:43:34,301:     75%    300000     0.6700     0.5791     0.6829     0.5027    
2026-01-21 18:43:34,301:    100%    400000     0.6707     0.5786     0.6943     0.4959    
