Starting job 91212 on gpu-1-30 on Olivia at Tue Jan 20 19:50:58 CET 2026

=== JOB CONFIGURATION ===
Job ID: 91212
Node: gpu-1-30
Permanent Cache: /cluster/work/projects/nn12048k/michechi/cache
=== STARTING CONTAINER ===
Container: /cluster/work/projects/nn12048k/michechi/extended-pytorch/extended-pytorch.sif
Environment: HUGGING_FACE_HUB_TOKEN=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,HF_HOME=/cluster/work/projects/nn12048k/michechi/cache,HF_DATASETS_CACHE=/cluster/work/projects/nn12048k/michechi/cache,XDG_CACHE_HOME=/cluster/work/projects/nn12048k/michechi/cache,PYTHONUNBUFFERED=1
2026-01-20 19:51:05 - RNN_Baseline - INFO - Logging initialized. Log file: results_rnn_baseline/dataset_6/logs/training_20260120_195105.log
2026-01-20 19:51:05 - RNN_Baseline - INFO - ======================================================================
2026-01-20 19:51:05 - RNN_Baseline - INFO - RNN BASELINE TRAINING SCRIPT
2026-01-20 19:51:05 - RNN_Baseline - INFO - ======================================================================
2026-01-20 19:51:05 - RNN_Baseline - INFO - Arguments:
2026-01-20 19:51:05 - RNN_Baseline - INFO -   path_csv: /cluster/home/michechi/MIMICIV/data/simulation/tested/
2026-01-20 19:51:05 - RNN_Baseline - INFO -   number_to_use: 6
2026-01-20 19:51:05 - RNN_Baseline - INFO -   sequence_column: Sequences
2026-01-20 19:51:05 - RNN_Baseline - INFO -   label_column: Outcome
2026-01-20 19:51:05 - RNN_Baseline - INFO -   test_rnd: False
2026-01-20 19:51:05 - RNN_Baseline - INFO -   sequence_separator: 
2026-01-20 19:51:05 - RNN_Baseline - INFO -   models: all
2026-01-20 19:51:05 - RNN_Baseline - INFO -   no_search: False
2026-01-20 19:51:05 - RNN_Baseline - INFO -   search_trials: 5
2026-01-20 19:51:05 - RNN_Baseline - INFO -   batch_size: 64
2026-01-20 19:51:05 - RNN_Baseline - INFO -   final_epochs: 20
2026-01-20 19:51:05 - RNN_Baseline - INFO -   seed: 12345
2026-01-20 19:51:05 - RNN_Baseline - INFO -   save_models: True
2026-01-20 19:51:05 - RNN_Baseline - INFO -   output_dir: results_rnn_baseline
2026-01-20 19:51:05 - RNN_Baseline - INFO - Random seed set to: 12345
2026-01-20 19:51:05 - RNN_Baseline - INFO - Using device: cuda
2026-01-20 19:51:06 - RNN_Baseline - INFO -   GPU: NVIDIA GH200 120GB
2026-01-20 19:51:06 - RNN_Baseline - INFO -   Memory: 102.01 GB
2026-01-20 19:51:06 - RNN_Baseline - INFO - Loading data from: /cluster/home/michechi/MIMICIV/data/simulation/tested/
2026-01-20 19:51:06 - RNN_Baseline - INFO - Using dataset number: 6
2026-01-20 19:51:06 - RNN_Baseline - INFO - Sequence separator: '\x1f'
2026-01-20 19:51:06 - RNN_Baseline - INFO - Preprocessing sequences (splitting by separator)...
2026-01-20 19:51:06 - RNN_Baseline - INFO - Data loaded successfully:
2026-01-20 19:51:06 - RNN_Baseline - INFO -   Train: 400000 sequences
2026-01-20 19:51:06 - RNN_Baseline - INFO -   Val:   50000 sequences
2026-01-20 19:51:06 - RNN_Baseline - INFO -   Test:  50000 sequences
2026-01-20 19:51:06 - RNN_Baseline - INFO -   Class distribution (train): 256721 (label=0) / 143279 (label=1)
2026-01-20 19:51:06 - RNN_Baseline - INFO -   Sequence length: min=20, max=20, mean=20.0
2026-01-20 19:51:06 - RNN_Baseline - INFO - Maximum sequence length in dataset: 20
2026-01-20 19:51:06 - RNN_Baseline - INFO - Creating PyTorch datasets...
2026-01-20 19:51:06 - RNN_Baseline - INFO - Creating dataloaders (batch_size=64)...
2026-01-20 19:51:06 - RNN_Baseline - INFO -   Train batches: 6250
2026-01-20 19:51:06 - RNN_Baseline - INFO -   Val batches:   782
2026-01-20 19:51:06 - RNN_Baseline - INFO -   Test batches:  782
2026-01-20 19:51:06 - RNN_Baseline - INFO - Models to train: MLP, CNN1D, Transformer, LSTM, BiLSTM, GRU, RNNTransformer
2026-01-20 19:51:06 - RNN_Baseline - INFO - 
######################################################################
2026-01-20 19:51:06 - RNN_Baseline - INFO - # TRAINING MLP
2026-01-20 19:51:06 - RNN_Baseline - INFO - ######################################################################
2026-01-20 19:51:06 - RNN_Baseline - INFO - ============================================================
2026-01-20 19:51:06 - RNN_Baseline - INFO - RANDOM SEARCH for MLP (5 trials)
2026-01-20 19:51:06 - RNN_Baseline - INFO - ============================================================
2026-01-20 19:51:06 - RNN_Baseline - INFO - 
Trial 1/5:
2026-01-20 19:51:06 - RNN_Baseline - INFO -   Config: {'vocab_size': 26, 'max_seq_length': 30, 'hidden_dims': [512, 256, 128], 'num_classes': 2, 'dropout': 0.2}
2026-01-20 19:51:06 - RNN_Baseline - INFO -   LR: 0.001
2026-01-20 19:51:07 - RNN_Baseline - INFO - Starting training for MLP_trial0
2026-01-20 20:28:50 - RNN_Baseline - INFO -   Epoch [5/15] Train Loss: 0.0155, Val F1: 0.9922, Val AUC: 0.9994
2026-01-20 21:06:27 - RNN_Baseline - INFO -   Epoch [10/15] Train Loss: 0.0061, Val F1: 0.9922, Val AUC: 0.9994
2026-01-20 21:21:31 - RNN_Baseline - INFO -   Early stopping at epoch 12
2026-01-20 21:21:31 - RNN_Baseline - INFO - Training completed. Best epoch: 7, Best Val F1: 0.9927
2026-01-20 21:21:31 - RNN_Baseline - INFO -   → Val F1: 0.9927
2026-01-20 21:21:31 - RNN_Baseline - INFO - 
Trial 2/5:
2026-01-20 21:21:31 - RNN_Baseline - INFO -   Config: {'vocab_size': 26, 'max_seq_length': 30, 'hidden_dims': [256, 128, 64], 'num_classes': 2, 'dropout': 0.3}
2026-01-20 21:21:31 - RNN_Baseline - INFO -   LR: 0.001
2026-01-20 21:21:31 - RNN_Baseline - INFO - Starting training for MLP_trial1
2026-01-20 21:59:16 - RNN_Baseline - INFO -   Epoch [5/15] Train Loss: 0.0308, Val F1: 0.9922, Val AUC: 0.9993
2026-01-20 22:37:35 - RNN_Baseline - INFO -   Epoch [10/15] Train Loss: 0.0175, Val F1: 0.9921, Val AUC: 0.9993
2026-01-20 22:52:55 - RNN_Baseline - INFO -   Early stopping at epoch 12
2026-01-20 22:52:55 - RNN_Baseline - INFO - Training completed. Best epoch: 7, Best Val F1: 0.9923
2026-01-20 22:52:55 - RNN_Baseline - INFO -   → Val F1: 0.9923
2026-01-20 22:52:55 - RNN_Baseline - INFO - 
Trial 3/5:
2026-01-20 22:52:55 - RNN_Baseline - INFO -   Config: {'vocab_size': 26, 'max_seq_length': 30, 'hidden_dims': [512, 256, 128], 'num_classes': 2, 'dropout': 0.3}
2026-01-20 22:52:55 - RNN_Baseline - INFO -   LR: 0.001
2026-01-20 22:52:55 - RNN_Baseline - INFO - Starting training for MLP_trial2
2026-01-20 23:31:11 - RNN_Baseline - INFO -   Epoch [5/15] Train Loss: 0.0228, Val F1: 0.9925, Val AUC: 0.9994
2026-01-21 00:09:25 - RNN_Baseline - INFO -   Epoch [10/15] Train Loss: 0.0093, Val F1: 0.9923, Val AUC: 0.9994
2026-01-21 00:47:40 - RNN_Baseline - INFO -   Epoch [15/15] Train Loss: 0.0068, Val F1: 0.9927, Val AUC: 0.9992
2026-01-21 00:47:40 - RNN_Baseline - INFO - Training completed. Best epoch: 13, Best Val F1: 0.9927
2026-01-21 00:47:40 - RNN_Baseline - INFO -   → Val F1: 0.9927
2026-01-21 00:47:40 - RNN_Baseline - INFO - 
Trial 4/5:
2026-01-21 00:47:40 - RNN_Baseline - INFO -   Config: {'vocab_size': 26, 'max_seq_length': 30, 'hidden_dims': [256, 128], 'num_classes': 2, 'dropout': 0.5}
2026-01-21 00:47:40 - RNN_Baseline - INFO -   LR: 0.001
2026-01-21 00:47:40 - RNN_Baseline - INFO - Starting training for MLP_trial3
2026-01-21 01:25:53 - RNN_Baseline - INFO -   Epoch [5/15] Train Loss: 0.0475, Val F1: 0.9916, Val AUC: 0.9990
2026-01-21 02:04:06 - RNN_Baseline - INFO -   Epoch [10/15] Train Loss: 0.0322, Val F1: 0.9920, Val AUC: 0.9993
2026-01-21 02:42:19 - RNN_Baseline - INFO -   Epoch [15/15] Train Loss: 0.0258, Val F1: 0.9922, Val AUC: 0.9994
2026-01-21 02:42:19 - RNN_Baseline - INFO - Training completed. Best epoch: 14, Best Val F1: 0.9922
2026-01-21 02:42:19 - RNN_Baseline - INFO -   → Val F1: 0.9922
2026-01-21 02:42:19 - RNN_Baseline - INFO - 
Trial 5/5:
2026-01-21 02:42:19 - RNN_Baseline - INFO -   Config: {'vocab_size': 26, 'max_seq_length': 30, 'hidden_dims': [512, 256], 'num_classes': 2, 'dropout': 0.3}
2026-01-21 02:42:19 - RNN_Baseline - INFO -   LR: 0.001
2026-01-21 02:42:19 - RNN_Baseline - INFO - Starting training for MLP_trial4
2026-01-21 03:20:35 - RNN_Baseline - INFO -   Epoch [5/15] Train Loss: 0.0175, Val F1: 0.9922, Val AUC: 0.9994
2026-01-21 03:58:52 - RNN_Baseline - INFO -   Epoch [10/15] Train Loss: 0.0075, Val F1: 0.9923, Val AUC: 0.9995
2026-01-21 04:29:18 - RNN_Baseline - INFO -   Early stopping at epoch 14
2026-01-21 04:29:18 - RNN_Baseline - INFO - Training completed. Best epoch: 9, Best Val F1: 0.9927
2026-01-21 04:29:18 - RNN_Baseline - INFO -   → Val F1: 0.9927
2026-01-21 04:29:18 - RNN_Baseline - INFO - 
============================================================
2026-01-21 04:29:18 - RNN_Baseline - INFO - BEST CONFIGURATION (Trial 3):
2026-01-21 04:29:18 - RNN_Baseline - INFO - ============================================================
2026-01-21 04:29:18 - RNN_Baseline - INFO - Val F1: 0.9927
2026-01-21 04:29:18 - RNN_Baseline - INFO - Parameters: 564,354
2026-01-21 04:29:18 - RNN_Baseline - INFO - Config:
2026-01-21 04:29:18 - RNN_Baseline - INFO -   max_seq_length: 30
2026-01-21 04:29:18 - RNN_Baseline - INFO -   hidden_dims: [512, 256, 128]
2026-01-21 04:29:18 - RNN_Baseline - INFO -   dropout: 0.3
2026-01-21 04:29:18 - RNN_Baseline - INFO -   lr: 0.001
2026-01-21 04:29:18 - RNN_Baseline - INFO - 
============================================================
2026-01-21 04:29:18 - RNN_Baseline - INFO - FINAL TRAINING with best configuration
2026-01-21 04:29:18 - RNN_Baseline - INFO - ============================================================
2026-01-21 04:29:18 - RNN_Baseline - INFO - Model parameters: 564,354
2026-01-21 04:29:18 - RNN_Baseline - INFO - Starting training for MLP
2026-01-21 05:07:58 - RNN_Baseline - INFO -   Epoch [5/20] Train Loss: 0.0207, Val F1: 0.9925, Val AUC: 0.9995
2026-01-21 05:46:43 - RNN_Baseline - INFO -   Epoch [10/20] Train Loss: 0.0083, Val F1: 0.9926, Val AUC: 0.9994
2026-01-21 06:25:27 - RNN_Baseline - INFO -   Epoch [15/20] Train Loss: 0.0058, Val F1: 0.9928, Val AUC: 0.9992
2026-01-21 06:40:59 - RNN_Baseline - INFO -   Early stopping at epoch 17
2026-01-21 06:40:59 - RNN_Baseline - INFO - Training completed. Best epoch: 12, Best Val F1: 0.9931
2026-01-21 06:40:59 - RNN_Baseline - INFO - Final Validation F1: 0.9931
2026-01-21 06:40:59 - RNN_Baseline - INFO - 
============================================================
2026-01-21 06:40:59 - RNN_Baseline - INFO - TEST SET EVALUATION
2026-01-21 06:40:59 - RNN_Baseline - INFO - ============================================================
2026-01-21 06:41:49 - RNN_Baseline - INFO - 
Test Results for MLP:
2026-01-21 06:41:49 - RNN_Baseline - INFO -   Accuracy:  0.9945
2026-01-21 06:41:49 - RNN_Baseline - INFO -   Precision: 0.9871
2026-01-21 06:41:49 - RNN_Baseline - INFO -   Recall:    0.9978
2026-01-21 06:41:49 - RNN_Baseline - INFO -   F1 Score:  0.9924
2026-01-21 06:41:49 - RNN_Baseline - INFO -   AUC:       0.9993
2026-01-21 06:41:49 - RNN_Baseline - INFO -   Confusion Matrix:
2026-01-21 06:41:49 - RNN_Baseline - INFO -     [[31852, 234], [40, 17874]]
2026-01-21 06:41:49 - RNN_Baseline - INFO - Results saved:
2026-01-21 06:41:49 - RNN_Baseline - INFO -   Predictions: results_rnn_baseline/dataset_6/MLP_predictions_dataset6.csv
2026-01-21 06:41:49 - RNN_Baseline - INFO -   Summary:     results_rnn_baseline/dataset_6/MLP_summary_dataset6.json
2026-01-21 06:41:49 - RNN_Baseline - INFO -   Model checkpoint: results_rnn_baseline/dataset_6/models/MLP_best.pt
2026-01-21 06:41:49 - RNN_Baseline - INFO - 
######################################################################
2026-01-21 06:41:49 - RNN_Baseline - INFO - # TRAINING CNN1D
2026-01-21 06:41:49 - RNN_Baseline - INFO - ######################################################################
2026-01-21 06:41:49 - RNN_Baseline - INFO - ============================================================
2026-01-21 06:41:49 - RNN_Baseline - INFO - RANDOM SEARCH for CNN1D (5 trials)
2026-01-21 06:41:49 - RNN_Baseline - INFO - ============================================================
2026-01-21 06:41:49 - RNN_Baseline - INFO - 
Trial 1/5:
2026-01-21 06:41:49 - RNN_Baseline - INFO -   Config: {'vocab_size': 26, 'embedding_dim': 128, 'num_filters': 256, 'kernel_sizes': [3, 4, 5], 'num_classes': 2, 'dropout': 0.4}
2026-01-21 06:41:49 - RNN_Baseline - INFO -   LR: 0.002
2026-01-21 06:41:49 - RNN_Baseline - INFO - Starting training for CNN1D_trial0
2026-01-21 06:43:14 - RNN_Baseline - INFO -   Epoch [5/15] Train Loss: 0.5075, Val F1: 0.6151, Val AUC: 0.8191
2026-01-21 06:44:04 - RNN_Baseline - INFO -   Early stopping at epoch 8
2026-01-21 06:44:04 - RNN_Baseline - INFO - Training completed. Best epoch: 3, Best Val F1: 0.6605
2026-01-21 06:44:04 - RNN_Baseline - INFO -   → Val F1: 0.6605
2026-01-21 06:44:04 - RNN_Baseline - INFO - 
Trial 2/5:
2026-01-21 06:44:04 - RNN_Baseline - INFO -   Config: {'vocab_size': 26, 'embedding_dim': 64, 'num_filters': 256, 'kernel_sizes': [2, 3, 4], 'num_classes': 2, 'dropout': 0.2}
2026-01-21 06:44:04 - RNN_Baseline - INFO -   LR: 0.0005
2026-01-21 06:44:04 - RNN_Baseline - INFO - Starting training for CNN1D_trial1
2026-01-21 06:45:27 - RNN_Baseline - INFO -   Epoch [5/15] Train Loss: 0.4869, Val F1: 0.6368, Val AUC: 0.8238
2026-01-21 06:46:50 - RNN_Baseline - INFO -   Epoch [10/15] Train Loss: 0.4805, Val F1: 0.6663, Val AUC: 0.8223
2026-01-21 06:48:13 - RNN_Baseline - INFO -   Epoch [15/15] Train Loss: 0.4770, Val F1: 0.6372, Val AUC: 0.8232
2026-01-21 06:48:13 - RNN_Baseline - INFO -   Early stopping at epoch 15
2026-01-21 06:48:13 - RNN_Baseline - INFO - Training completed. Best epoch: 10, Best Val F1: 0.6663
2026-01-21 06:48:13 - RNN_Baseline - INFO -   → Val F1: 0.6663
2026-01-21 06:48:13 - RNN_Baseline - INFO - 
Trial 3/5:
2026-01-21 06:48:13 - RNN_Baseline - INFO -   Config: {'vocab_size': 26, 'embedding_dim': 128, 'num_filters': 64, 'kernel_sizes': [2, 3, 4], 'num_classes': 2, 'dropout': 0.3}
2026-01-21 06:48:13 - RNN_Baseline - INFO -   LR: 0.001
2026-01-21 06:48:13 - RNN_Baseline - INFO - Starting training for CNN1D_trial2
2026-01-21 06:49:36 - RNN_Baseline - INFO -   Epoch [5/15] Train Loss: 0.5084, Val F1: 0.6166, Val AUC: 0.8155
2026-01-21 06:50:59 - RNN_Baseline - INFO -   Epoch [10/15] Train Loss: 0.5037, Val F1: 0.5515, Val AUC: 0.8166
2026-01-21 06:51:32 - RNN_Baseline - INFO -   Early stopping at epoch 12
2026-01-21 06:51:32 - RNN_Baseline - INFO - Training completed. Best epoch: 7, Best Val F1: 0.6479
2026-01-21 06:51:32 - RNN_Baseline - INFO -   → Val F1: 0.6479
2026-01-21 06:51:32 - RNN_Baseline - INFO - 
Trial 4/5:
2026-01-21 06:51:32 - RNN_Baseline - INFO -   Config: {'vocab_size': 26, 'embedding_dim': 32, 'num_filters': 128, 'kernel_sizes': [3, 4, 5, 6], 'num_classes': 2, 'dropout': 0.2}
2026-01-21 06:51:32 - RNN_Baseline - INFO -   LR: 0.002
2026-01-21 06:51:32 - RNN_Baseline - INFO - Starting training for CNN1D_trial3
2026-01-21 06:53:04 - RNN_Baseline - INFO -   Epoch [5/15] Train Loss: 0.4618, Val F1: 0.6988, Val AUC: 0.8510
2026-01-21 06:54:36 - RNN_Baseline - INFO -   Epoch [10/15] Train Loss: 0.4552, Val F1: 0.6689, Val AUC: 0.8503
2026-01-21 06:54:36 - RNN_Baseline - INFO -   Early stopping at epoch 10
2026-01-21 06:54:36 - RNN_Baseline - INFO - Training completed. Best epoch: 5, Best Val F1: 0.6988
2026-01-21 06:54:36 - RNN_Baseline - INFO -   → Val F1: 0.6988
2026-01-21 06:54:36 - RNN_Baseline - INFO - 
Trial 5/5:
2026-01-21 06:54:36 - RNN_Baseline - INFO -   Config: {'vocab_size': 26, 'embedding_dim': 128, 'num_filters': 256, 'kernel_sizes': [2, 3, 4, 5], 'num_classes': 2, 'dropout': 0.2}
2026-01-21 06:54:36 - RNN_Baseline - INFO -   LR: 0.0005
2026-01-21 06:54:36 - RNN_Baseline - INFO - Starting training for CNN1D_trial4
2026-01-21 06:56:11 - RNN_Baseline - INFO -   Epoch [5/15] Train Loss: 0.4715, Val F1: 0.6094, Val AUC: 0.8361
2026-01-21 06:56:30 - RNN_Baseline - INFO -   Early stopping at epoch 6
2026-01-21 06:56:30 - RNN_Baseline - INFO - Training completed. Best epoch: 1, Best Val F1: 0.6740
2026-01-21 06:56:30 - RNN_Baseline - INFO -   → Val F1: 0.6740
2026-01-21 06:56:30 - RNN_Baseline - INFO - 
============================================================
2026-01-21 06:56:30 - RNN_Baseline - INFO - BEST CONFIGURATION (Trial 4):
2026-01-21 06:56:30 - RNN_Baseline - INFO - ============================================================
2026-01-21 06:56:30 - RNN_Baseline - INFO - Val F1: 0.6988
2026-01-21 06:56:30 - RNN_Baseline - INFO - Parameters: 76,098
2026-01-21 06:56:30 - RNN_Baseline - INFO - Config:
2026-01-21 06:56:30 - RNN_Baseline - INFO -   embedding_dim: 32
2026-01-21 06:56:30 - RNN_Baseline - INFO -   num_filters: 128
2026-01-21 06:56:30 - RNN_Baseline - INFO -   kernel_sizes: [3, 4, 5, 6]
2026-01-21 06:56:30 - RNN_Baseline - INFO -   dropout: 0.2
2026-01-21 06:56:30 - RNN_Baseline - INFO -   lr: 0.002
2026-01-21 06:56:30 - RNN_Baseline - INFO - 
============================================================
2026-01-21 06:56:30 - RNN_Baseline - INFO - FINAL TRAINING with best configuration
2026-01-21 06:56:30 - RNN_Baseline - INFO - ============================================================
2026-01-21 06:56:30 - RNN_Baseline - INFO - Model parameters: 76,098
2026-01-21 06:56:30 - RNN_Baseline - INFO - Starting training for CNN1D
2026-01-21 06:58:03 - RNN_Baseline - INFO -   Epoch [5/20] Train Loss: 0.4620, Val F1: 0.6598, Val AUC: 0.8489
2026-01-21 06:59:35 - RNN_Baseline - INFO -   Epoch [10/20] Train Loss: 0.4545, Val F1: 0.6639, Val AUC: 0.8514
2026-01-21 07:00:30 - RNN_Baseline - INFO -   Early stopping at epoch 13
2026-01-21 07:00:30 - RNN_Baseline - INFO - Training completed. Best epoch: 8, Best Val F1: 0.6980
2026-01-21 07:00:30 - RNN_Baseline - INFO - Final Validation F1: 0.6980
2026-01-21 07:00:30 - RNN_Baseline - INFO - 
============================================================
2026-01-21 07:00:30 - RNN_Baseline - INFO - TEST SET EVALUATION
2026-01-21 07:00:30 - RNN_Baseline - INFO - ============================================================
2026-01-21 07:00:31 - RNN_Baseline - INFO - 
Test Results for CNN1D:
2026-01-21 07:00:31 - RNN_Baseline - INFO -   Accuracy:  0.7799
2026-01-21 07:00:31 - RNN_Baseline - INFO -   Precision: 0.6903
2026-01-21 07:00:31 - RNN_Baseline - INFO -   Recall:    0.6996
2026-01-21 07:00:31 - RNN_Baseline - INFO -   F1 Score:  0.6949
2026-01-21 07:00:31 - RNN_Baseline - INFO -   AUC:       0.8534
2026-01-21 07:00:31 - RNN_Baseline - INFO -   Confusion Matrix:
2026-01-21 07:00:31 - RNN_Baseline - INFO -     [[26464, 5622], [5382, 12532]]
2026-01-21 07:00:32 - RNN_Baseline - INFO - Results saved:
2026-01-21 07:00:32 - RNN_Baseline - INFO -   Predictions: results_rnn_baseline/dataset_6/CNN1D_predictions_dataset6.csv
2026-01-21 07:00:32 - RNN_Baseline - INFO -   Summary:     results_rnn_baseline/dataset_6/CNN1D_summary_dataset6.json
2026-01-21 07:00:32 - RNN_Baseline - INFO -   Model checkpoint: results_rnn_baseline/dataset_6/models/CNN1D_best.pt
2026-01-21 07:00:32 - RNN_Baseline - INFO - 
######################################################################
2026-01-21 07:00:32 - RNN_Baseline - INFO - # TRAINING Transformer
2026-01-21 07:00:32 - RNN_Baseline - INFO - ######################################################################
2026-01-21 07:00:32 - RNN_Baseline - INFO - ============================================================
2026-01-21 07:00:32 - RNN_Baseline - INFO - RANDOM SEARCH for Transformer (5 trials)
2026-01-21 07:00:32 - RNN_Baseline - INFO - ============================================================
2026-01-21 07:00:32 - RNN_Baseline - INFO - 
Trial 1/5:
2026-01-21 07:00:32 - RNN_Baseline - INFO -   Config: {'vocab_size': 26, 'embedding_dim': 64, 'num_heads': 4, 'num_layers': 3, 'dim_feedforward': 128, 'num_classes': 2, 'dropout': 0.3, 'max_seq_length': 30}
2026-01-21 07:00:32 - RNN_Baseline - INFO -   LR: 0.0005
2026-01-21 07:00:32 - RNN_Baseline - INFO - Starting training for Transformer_trial0
2026-01-21 07:04:27 - RNN_Baseline - INFO -   Epoch [5/15] Train Loss: 0.0154, Val F1: 0.9935, Val AUC: 0.9999
2026-01-21 07:08:22 - RNN_Baseline - INFO -   Epoch [10/15] Train Loss: 0.0114, Val F1: 0.9953, Val AUC: 1.0000
2026-01-21 07:12:16 - RNN_Baseline - INFO -   Epoch [15/15] Train Loss: 0.0098, Val F1: 0.9966, Val AUC: 1.0000
2026-01-21 07:12:16 - RNN_Baseline - INFO - Training completed. Best epoch: 14, Best Val F1: 0.9967
2026-01-21 07:12:16 - RNN_Baseline - INFO -   → Val F1: 0.9967
2026-01-21 07:12:16 - RNN_Baseline - INFO - 
Trial 2/5:
2026-01-21 07:12:16 - RNN_Baseline - INFO -   Config: {'vocab_size': 26, 'embedding_dim': 64, 'num_heads': 4, 'num_layers': 4, 'dim_feedforward': 256, 'num_classes': 2, 'dropout': 0.1, 'max_seq_length': 30}
2026-01-21 07:12:16 - RNN_Baseline - INFO -   LR: 0.001
2026-01-21 07:12:16 - RNN_Baseline - INFO - Starting training for Transformer_trial1
2026-01-21 07:17:12 - RNN_Baseline - INFO -   Epoch [5/15] Train Loss: 0.0548, Val F1: 0.9924, Val AUC: 0.9958
2026-01-21 07:20:10 - RNN_Baseline - INFO -   Early stopping at epoch 8
2026-01-21 07:20:10 - RNN_Baseline - INFO - Training completed. Best epoch: 3, Best Val F1: 0.9924
2026-01-21 07:20:10 - RNN_Baseline - INFO -   → Val F1: 0.9924
2026-01-21 07:20:10 - RNN_Baseline - INFO - 
Trial 3/5:
2026-01-21 07:20:10 - RNN_Baseline - INFO -   Config: {'vocab_size': 26, 'embedding_dim': 128, 'num_heads': 4, 'num_layers': 2, 'dim_feedforward': 128, 'num_classes': 2, 'dropout': 0.2, 'max_seq_length': 30}
2026-01-21 07:20:10 - RNN_Baseline - INFO -   LR: 0.0001
2026-01-21 07:20:10 - RNN_Baseline - INFO - Starting training for Transformer_trial2
2026-01-21 07:23:12 - RNN_Baseline - INFO -   Epoch [5/15] Train Loss: 0.0154, Val F1: 0.9940, Val AUC: 0.9998
2026-01-21 07:26:13 - RNN_Baseline - INFO -   Epoch [10/15] Train Loss: 0.0102, Val F1: 0.9964, Val AUC: 0.9999
2026-01-21 07:29:14 - RNN_Baseline - INFO -   Epoch [15/15] Train Loss: 0.0085, Val F1: 0.9971, Val AUC: 1.0000
2026-01-21 07:29:14 - RNN_Baseline - INFO - Training completed. Best epoch: 14, Best Val F1: 0.9971
2026-01-21 07:29:14 - RNN_Baseline - INFO -   → Val F1: 0.9971
2026-01-21 07:29:14 - RNN_Baseline - INFO - 
Trial 4/5:
2026-01-21 07:29:14 - RNN_Baseline - INFO -   Config: {'vocab_size': 26, 'embedding_dim': 64, 'num_heads': 8, 'num_layers': 4, 'dim_feedforward': 256, 'num_classes': 2, 'dropout': 0.3, 'max_seq_length': 30}
2026-01-21 07:29:14 - RNN_Baseline - INFO -   LR: 0.0001
2026-01-21 07:29:14 - RNN_Baseline - INFO - Starting training for Transformer_trial3
2026-01-21 07:34:13 - RNN_Baseline - INFO -   Epoch [5/15] Train Loss: 0.0207, Val F1: 0.9928, Val AUC: 0.9997
2026-01-21 07:39:11 - RNN_Baseline - INFO -   Epoch [10/15] Train Loss: 0.0123, Val F1: 0.9946, Val AUC: 0.9999
2026-01-21 07:44:09 - RNN_Baseline - INFO -   Epoch [15/15] Train Loss: 0.0084, Val F1: 0.9968, Val AUC: 1.0000
2026-01-21 07:44:09 - RNN_Baseline - INFO - Training completed. Best epoch: 15, Best Val F1: 0.9968
2026-01-21 07:44:09 - RNN_Baseline - INFO -   → Val F1: 0.9968
2026-01-21 07:44:09 - RNN_Baseline - INFO - 
Trial 5/5:
2026-01-21 07:44:09 - RNN_Baseline - INFO -   Config: {'vocab_size': 26, 'embedding_dim': 64, 'num_heads': 4, 'num_layers': 3, 'dim_feedforward': 128, 'num_classes': 2, 'dropout': 0.1, 'max_seq_length': 30}
2026-01-21 07:44:09 - RNN_Baseline - INFO -   LR: 0.0001
2026-01-21 07:44:09 - RNN_Baseline - INFO - Starting training for Transformer_trial4
2026-01-21 07:48:11 - RNN_Baseline - INFO -   Epoch [5/15] Train Loss: 0.0135, Val F1: 0.9947, Val AUC: 0.9999
2026-01-21 07:52:12 - RNN_Baseline - INFO -   Epoch [10/15] Train Loss: 0.0069, Val F1: 0.9971, Val AUC: 1.0000
2026-01-21 07:56:13 - RNN_Baseline - INFO -   Epoch [15/15] Train Loss: 0.0044, Val F1: 0.9967, Val AUC: 1.0000
2026-01-21 07:56:13 - RNN_Baseline - INFO - Training completed. Best epoch: 14, Best Val F1: 0.9984
2026-01-21 07:56:13 - RNN_Baseline - INFO -   → Val F1: 0.9984
2026-01-21 07:56:13 - RNN_Baseline - INFO - 
============================================================
2026-01-21 07:56:13 - RNN_Baseline - INFO - BEST CONFIGURATION (Trial 5):
2026-01-21 07:56:13 - RNN_Baseline - INFO - ============================================================
2026-01-21 07:56:13 - RNN_Baseline - INFO - Val F1: 0.9984
2026-01-21 07:56:13 - RNN_Baseline - INFO - Parameters: 104,258
2026-01-21 07:56:13 - RNN_Baseline - INFO - Config:
2026-01-21 07:56:13 - RNN_Baseline - INFO -   embedding_dim: 64
2026-01-21 07:56:13 - RNN_Baseline - INFO -   num_heads: 4
2026-01-21 07:56:13 - RNN_Baseline - INFO -   num_layers: 3
2026-01-21 07:56:13 - RNN_Baseline - INFO -   dim_feedforward: 128
2026-01-21 07:56:13 - RNN_Baseline - INFO -   dropout: 0.1
2026-01-21 07:56:13 - RNN_Baseline - INFO -   max_seq_length: 30
2026-01-21 07:56:13 - RNN_Baseline - INFO -   lr: 0.0001
2026-01-21 07:56:13 - RNN_Baseline - INFO - 
============================================================
2026-01-21 07:56:13 - RNN_Baseline - INFO - FINAL TRAINING with best configuration
2026-01-21 07:56:13 - RNN_Baseline - INFO - ============================================================
2026-01-21 07:56:13 - RNN_Baseline - INFO - Model parameters: 104,258
2026-01-21 07:56:13 - RNN_Baseline - INFO - Starting training for Transformer
2026-01-21 08:00:15 - RNN_Baseline - INFO -   Epoch [5/20] Train Loss: 0.0142, Val F1: 0.9940, Val AUC: 0.9999
2026-01-21 08:04:16 - RNN_Baseline - INFO -   Epoch [10/20] Train Loss: 0.0077, Val F1: 0.9962, Val AUC: 1.0000
2026-01-21 08:08:17 - RNN_Baseline - INFO -   Epoch [15/20] Train Loss: 0.0052, Val F1: 0.9974, Val AUC: 1.0000
2026-01-21 08:12:17 - RNN_Baseline - INFO -   Epoch [20/20] Train Loss: 0.0040, Val F1: 0.9983, Val AUC: 1.0000
2026-01-21 08:12:17 - RNN_Baseline - INFO - Training completed. Best epoch: 20, Best Val F1: 0.9983
2026-01-21 08:12:17 - RNN_Baseline - INFO - Final Validation F1: 0.9983
2026-01-21 08:12:17 - RNN_Baseline - INFO - 
============================================================
2026-01-21 08:12:17 - RNN_Baseline - INFO - TEST SET EVALUATION
2026-01-21 08:12:17 - RNN_Baseline - INFO - ============================================================
2026-01-21 08:12:18 - RNN_Baseline - INFO - 
Test Results for Transformer:
2026-01-21 08:12:18 - RNN_Baseline - INFO -   Accuracy:  0.9988
2026-01-21 08:12:18 - RNN_Baseline - INFO -   Precision: 0.9972
2026-01-21 08:12:18 - RNN_Baseline - INFO -   Recall:    0.9994
2026-01-21 08:12:18 - RNN_Baseline - INFO -   F1 Score:  0.9983
2026-01-21 08:12:18 - RNN_Baseline - INFO -   AUC:       1.0000
2026-01-21 08:12:18 - RNN_Baseline - INFO -   Confusion Matrix:
2026-01-21 08:12:18 - RNN_Baseline - INFO -     [[32036, 50], [10, 17904]]
2026-01-21 08:12:18 - RNN_Baseline - INFO - Results saved:
2026-01-21 08:12:18 - RNN_Baseline - INFO -   Predictions: results_rnn_baseline/dataset_6/Transformer_predictions_dataset6.csv
2026-01-21 08:12:18 - RNN_Baseline - INFO -   Summary:     results_rnn_baseline/dataset_6/Transformer_summary_dataset6.json
2026-01-21 08:12:18 - RNN_Baseline - INFO -   Model checkpoint: results_rnn_baseline/dataset_6/models/Transformer_best.pt
2026-01-21 08:12:18 - RNN_Baseline - INFO - 
######################################################################
2026-01-21 08:12:18 - RNN_Baseline - INFO - # TRAINING LSTM
2026-01-21 08:12:18 - RNN_Baseline - INFO - ######################################################################
2026-01-21 08:12:18 - RNN_Baseline - INFO - ============================================================
2026-01-21 08:12:18 - RNN_Baseline - INFO - RANDOM SEARCH for LSTM (5 trials)
2026-01-21 08:12:18 - RNN_Baseline - INFO - ============================================================
2026-01-21 08:12:18 - RNN_Baseline - INFO - 
Trial 1/5:
2026-01-21 08:12:18 - RNN_Baseline - INFO -   Config: {'vocab_size': 26, 'embedding_dim': 32, 'hidden_dim': 128, 'num_layers': 2, 'num_classes': 2, 'dropout': 0.2}
2026-01-21 08:12:18 - RNN_Baseline - INFO -   LR: 0.002
2026-01-21 08:12:18 - RNN_Baseline - INFO - Starting training for LSTM_trial0
2026-01-21 08:13:40 - RNN_Baseline - INFO -   Epoch [5/15] Train Loss: 0.0114, Val F1: 0.9933, Val AUC: 0.9999
2026-01-21 08:15:01 - RNN_Baseline - INFO -   Epoch [10/15] Train Loss: 0.0092, Val F1: 0.9961, Val AUC: 0.9999
2026-01-21 08:16:24 - RNN_Baseline - INFO -   Epoch [15/15] Train Loss: 0.0072, Val F1: 0.9963, Val AUC: 1.0000
2026-01-21 08:16:24 - RNN_Baseline - INFO - Training completed. Best epoch: 15, Best Val F1: 0.9963
2026-01-21 08:16:24 - RNN_Baseline - INFO -   → Val F1: 0.9963
2026-01-21 08:16:24 - RNN_Baseline - INFO - 
Trial 2/5:
2026-01-21 08:16:24 - RNN_Baseline - INFO -   Config: {'vocab_size': 26, 'embedding_dim': 32, 'hidden_dim': 32, 'num_layers': 1, 'num_classes': 2, 'dropout': 0.1}
2026-01-21 08:16:24 - RNN_Baseline - INFO -   LR: 0.002
2026-01-21 08:16:24 - RNN_Baseline - INFO - Starting training for LSTM_trial1
2026-01-21 08:17:39 - RNN_Baseline - INFO -   Epoch [5/15] Train Loss: 0.0226, Val F1: 0.9906, Val AUC: 0.9996
2026-01-21 08:18:55 - RNN_Baseline - INFO -   Epoch [10/15] Train Loss: 0.0164, Val F1: 0.9910, Val AUC: 0.9997
2026-01-21 08:19:25 - RNN_Baseline - INFO -   Early stopping at epoch 12
2026-01-21 08:19:25 - RNN_Baseline - INFO - Training completed. Best epoch: 7, Best Val F1: 0.9918
2026-01-21 08:19:25 - RNN_Baseline - INFO -   → Val F1: 0.9918
2026-01-21 08:19:25 - RNN_Baseline - INFO - 
Trial 3/5:
2026-01-21 08:19:25 - RNN_Baseline - INFO -   Config: {'vocab_size': 26, 'embedding_dim': 16, 'hidden_dim': 64, 'num_layers': 1, 'num_classes': 2, 'dropout': 0.1}
2026-01-21 08:19:25 - RNN_Baseline - INFO -   LR: 0.001
2026-01-21 08:19:25 - RNN_Baseline - INFO - Starting training for LSTM_trial2
2026-01-21 08:20:41 - RNN_Baseline - INFO -   Epoch [5/15] Train Loss: 0.0145, Val F1: 0.9918, Val AUC: 0.9999
2026-01-21 08:21:58 - RNN_Baseline - INFO -   Epoch [10/15] Train Loss: 0.0093, Val F1: 0.9935, Val AUC: 0.9999
2026-01-21 08:23:14 - RNN_Baseline - INFO -   Epoch [15/15] Train Loss: 0.0062, Val F1: 0.9956, Val AUC: 0.9999
2026-01-21 08:23:14 - RNN_Baseline - INFO - Training completed. Best epoch: 15, Best Val F1: 0.9956
2026-01-21 08:23:14 - RNN_Baseline - INFO -   → Val F1: 0.9956
2026-01-21 08:23:14 - RNN_Baseline - INFO - 
Trial 4/5:
2026-01-21 08:23:14 - RNN_Baseline - INFO -   Config: {'vocab_size': 26, 'embedding_dim': 16, 'hidden_dim': 128, 'num_layers': 3, 'num_classes': 2, 'dropout': 0.1}
2026-01-21 08:23:14 - RNN_Baseline - INFO -   LR: 0.002
2026-01-21 08:23:14 - RNN_Baseline - INFO - Starting training for LSTM_trial3
2026-01-21 08:24:47 - RNN_Baseline - INFO -   Epoch [5/15] Train Loss: 0.0126, Val F1: 0.9923, Val AUC: 0.9999
2026-01-21 08:26:20 - RNN_Baseline - INFO -   Epoch [10/15] Train Loss: 0.0071, Val F1: 0.9956, Val AUC: 0.9999
2026-01-21 08:27:54 - RNN_Baseline - INFO -   Epoch [15/15] Train Loss: 0.0051, Val F1: 0.9965, Val AUC: 1.0000
2026-01-21 08:27:54 - RNN_Baseline - INFO - Training completed. Best epoch: 14, Best Val F1: 0.9965
2026-01-21 08:27:54 - RNN_Baseline - INFO -   → Val F1: 0.9965
2026-01-21 08:27:54 - RNN_Baseline - INFO - 
Trial 5/5:
2026-01-21 08:27:54 - RNN_Baseline - INFO -   Config: {'vocab_size': 26, 'embedding_dim': 64, 'hidden_dim': 64, 'num_layers': 1, 'num_classes': 2, 'dropout': 0.4}
2026-01-21 08:27:54 - RNN_Baseline - INFO -   LR: 0.001
2026-01-21 08:27:54 - RNN_Baseline - INFO - Starting training for LSTM_trial4
2026-01-21 08:29:10 - RNN_Baseline - INFO -   Epoch [5/15] Train Loss: 0.0182, Val F1: 0.9910, Val AUC: 0.9998
2026-01-21 08:30:26 - RNN_Baseline - INFO -   Epoch [10/15] Train Loss: 0.0116, Val F1: 0.9914, Val AUC: 0.9999
2026-01-21 08:31:41 - RNN_Baseline - INFO -   Epoch [15/15] Train Loss: 0.0099, Val F1: 0.9919, Val AUC: 0.9996
2026-01-21 08:31:41 - RNN_Baseline - INFO - Training completed. Best epoch: 12, Best Val F1: 0.9936
2026-01-21 08:31:41 - RNN_Baseline - INFO -   → Val F1: 0.9936
2026-01-21 08:31:41 - RNN_Baseline - INFO - 
============================================================
2026-01-21 08:31:41 - RNN_Baseline - INFO - BEST CONFIGURATION (Trial 4):
2026-01-21 08:31:41 - RNN_Baseline - INFO - ============================================================
2026-01-21 08:31:41 - RNN_Baseline - INFO - Val F1: 0.9965
2026-01-21 08:31:41 - RNN_Baseline - INFO - Parameters: 339,618
2026-01-21 08:31:41 - RNN_Baseline - INFO - Config:
2026-01-21 08:31:41 - RNN_Baseline - INFO -   embedding_dim: 16
2026-01-21 08:31:41 - RNN_Baseline - INFO -   hidden_dim: 128
2026-01-21 08:31:41 - RNN_Baseline - INFO -   num_layers: 3
2026-01-21 08:31:41 - RNN_Baseline - INFO -   dropout: 0.1
2026-01-21 08:31:41 - RNN_Baseline - INFO -   lr: 0.002
2026-01-21 08:31:41 - RNN_Baseline - INFO - 
============================================================
2026-01-21 08:31:41 - RNN_Baseline - INFO - FINAL TRAINING with best configuration
2026-01-21 08:31:41 - RNN_Baseline - INFO - ============================================================
2026-01-21 08:31:41 - RNN_Baseline - INFO - Model parameters: 339,618
2026-01-21 08:31:41 - RNN_Baseline - INFO - Starting training for LSTM
2026-01-21 08:33:15 - RNN_Baseline - INFO -   Epoch [5/20] Train Loss: 0.0135, Val F1: 0.9920, Val AUC: 0.9999
2026-01-21 08:34:48 - RNN_Baseline - INFO -   Epoch [10/20] Train Loss: 0.0093, Val F1: 0.9946, Val AUC: 0.9999
2026-01-21 08:36:22 - RNN_Baseline - INFO -   Epoch [15/20] Train Loss: 0.0060, Val F1: 0.9956, Val AUC: 0.9999
2026-01-21 08:37:55 - RNN_Baseline - INFO -   Epoch [20/20] Train Loss: 0.0051, Val F1: 0.9963, Val AUC: 0.9999
2026-01-21 08:37:55 - RNN_Baseline - INFO - Training completed. Best epoch: 16, Best Val F1: 0.9966
2026-01-21 08:37:55 - RNN_Baseline - INFO - Final Validation F1: 0.9966
2026-01-21 08:37:55 - RNN_Baseline - INFO - 
============================================================
2026-01-21 08:37:55 - RNN_Baseline - INFO - TEST SET EVALUATION
2026-01-21 08:37:55 - RNN_Baseline - INFO - ============================================================
2026-01-21 08:37:57 - RNN_Baseline - INFO - 
Test Results for LSTM:
2026-01-21 08:37:57 - RNN_Baseline - INFO -   Accuracy:  0.9975
2026-01-21 08:37:57 - RNN_Baseline - INFO -   Precision: 0.9960
2026-01-21 08:37:57 - RNN_Baseline - INFO -   Recall:    0.9970
2026-01-21 08:37:57 - RNN_Baseline - INFO -   F1 Score:  0.9965
2026-01-21 08:37:57 - RNN_Baseline - INFO -   AUC:       1.0000
2026-01-21 08:37:57 - RNN_Baseline - INFO -   Confusion Matrix:
2026-01-21 08:37:57 - RNN_Baseline - INFO -     [[32015, 71], [53, 17861]]
2026-01-21 08:37:57 - RNN_Baseline - INFO - Results saved:
2026-01-21 08:37:57 - RNN_Baseline - INFO -   Predictions: results_rnn_baseline/dataset_6/LSTM_predictions_dataset6.csv
2026-01-21 08:37:57 - RNN_Baseline - INFO -   Summary:     results_rnn_baseline/dataset_6/LSTM_summary_dataset6.json
2026-01-21 08:37:57 - RNN_Baseline - INFO -   Model checkpoint: results_rnn_baseline/dataset_6/models/LSTM_best.pt
2026-01-21 08:37:57 - RNN_Baseline - INFO - 
######################################################################
2026-01-21 08:37:57 - RNN_Baseline - INFO - # TRAINING BiLSTM
2026-01-21 08:37:57 - RNN_Baseline - INFO - ######################################################################
2026-01-21 08:37:57 - RNN_Baseline - INFO - ============================================================
2026-01-21 08:37:57 - RNN_Baseline - INFO - RANDOM SEARCH for BiLSTM (5 trials)
2026-01-21 08:37:57 - RNN_Baseline - INFO - ============================================================
2026-01-21 08:37:57 - RNN_Baseline - INFO - 
Trial 1/5:
2026-01-21 08:37:57 - RNN_Baseline - INFO -   Config: {'vocab_size': 26, 'embedding_dim': 64, 'hidden_dim': 64, 'num_layers': 3, 'num_classes': 2, 'dropout': 0.2}
2026-01-21 08:37:57 - RNN_Baseline - INFO -   LR: 0.001
2026-01-21 08:37:57 - RNN_Baseline - INFO - Starting training for BiLSTM_trial0
2026-01-21 08:39:52 - RNN_Baseline - INFO -   Epoch [5/15] Train Loss: 0.0120, Val F1: 0.9948, Val AUC: 0.9999
2026-01-21 08:41:49 - RNN_Baseline - INFO -   Epoch [10/15] Train Loss: 0.0065, Val F1: 0.9963, Val AUC: 1.0000
2026-01-21 08:43:44 - RNN_Baseline - INFO -   Epoch [15/15] Train Loss: 0.0046, Val F1: 0.9969, Val AUC: 1.0000
2026-01-21 08:43:44 - RNN_Baseline - INFO - Training completed. Best epoch: 14, Best Val F1: 0.9974
2026-01-21 08:43:44 - RNN_Baseline - INFO -   → Val F1: 0.9974
2026-01-21 08:43:44 - RNN_Baseline - INFO - 
Trial 2/5:
2026-01-21 08:43:44 - RNN_Baseline - INFO -   Config: {'vocab_size': 26, 'embedding_dim': 64, 'hidden_dim': 128, 'num_layers': 1, 'num_classes': 2, 'dropout': 0.5}
2026-01-21 08:43:44 - RNN_Baseline - INFO -   LR: 0.0005
2026-01-21 08:43:44 - RNN_Baseline - INFO - Starting training for BiLSTM_trial1
2026-01-21 08:45:12 - RNN_Baseline - INFO -   Epoch [5/15] Train Loss: 0.0152, Val F1: 0.9943, Val AUC: 0.9999
2026-01-21 08:46:40 - RNN_Baseline - INFO -   Epoch [10/15] Train Loss: 0.0075, Val F1: 0.9957, Val AUC: 0.9999
2026-01-21 08:48:07 - RNN_Baseline - INFO -   Epoch [15/15] Train Loss: 0.0047, Val F1: 0.9961, Val AUC: 0.9999
2026-01-21 08:48:07 - RNN_Baseline - INFO - Training completed. Best epoch: 14, Best Val F1: 0.9964
2026-01-21 08:48:07 - RNN_Baseline - INFO -   → Val F1: 0.9964
2026-01-21 08:48:07 - RNN_Baseline - INFO - 
Trial 3/5:
2026-01-21 08:48:07 - RNN_Baseline - INFO -   Config: {'vocab_size': 26, 'embedding_dim': 16, 'hidden_dim': 64, 'num_layers': 1, 'num_classes': 2, 'dropout': 0.3}
2026-01-21 08:48:07 - RNN_Baseline - INFO -   LR: 0.0005
2026-01-21 08:48:07 - RNN_Baseline - INFO - Starting training for BiLSTM_trial2
2026-01-21 08:49:35 - RNN_Baseline - INFO -   Epoch [5/15] Train Loss: 0.0321, Val F1: 0.9881, Val AUC: 0.9990
2026-01-21 08:51:03 - RNN_Baseline - INFO -   Epoch [10/15] Train Loss: 0.0154, Val F1: 0.9925, Val AUC: 0.9997
2026-01-21 08:52:32 - RNN_Baseline - INFO -   Epoch [15/15] Train Loss: 0.0089, Val F1: 0.9940, Val AUC: 0.9999
2026-01-21 08:52:32 - RNN_Baseline - INFO - Training completed. Best epoch: 13, Best Val F1: 0.9943
2026-01-21 08:52:32 - RNN_Baseline - INFO -   → Val F1: 0.9943
2026-01-21 08:52:32 - RNN_Baseline - INFO - 
Trial 4/5:
2026-01-21 08:52:32 - RNN_Baseline - INFO -   Config: {'vocab_size': 26, 'embedding_dim': 16, 'hidden_dim': 32, 'num_layers': 1, 'num_classes': 2, 'dropout': 0.3}
2026-01-21 08:52:32 - RNN_Baseline - INFO -   LR: 0.0005
2026-01-21 08:52:32 - RNN_Baseline - INFO - Starting training for BiLSTM_trial3
2026-01-21 08:53:59 - RNN_Baseline - INFO -   Epoch [5/15] Train Loss: 0.1140, Val F1: 0.9473, Val AUC: 0.9939
2026-01-21 08:55:27 - RNN_Baseline - INFO -   Epoch [10/15] Train Loss: 0.0655, Val F1: 0.9735, Val AUC: 0.9978
2026-01-21 08:56:55 - RNN_Baseline - INFO -   Epoch [15/15] Train Loss: 0.0383, Val F1: 0.9859, Val AUC: 0.9988
2026-01-21 08:56:55 - RNN_Baseline - INFO - Training completed. Best epoch: 15, Best Val F1: 0.9859
2026-01-21 08:56:55 - RNN_Baseline - INFO -   → Val F1: 0.9859
2026-01-21 08:56:55 - RNN_Baseline - INFO - 
Trial 5/5:
2026-01-21 08:56:55 - RNN_Baseline - INFO -   Config: {'vocab_size': 26, 'embedding_dim': 64, 'hidden_dim': 64, 'num_layers': 3, 'num_classes': 2, 'dropout': 0.1}
2026-01-21 08:56:55 - RNN_Baseline - INFO -   LR: 0.0005
2026-01-21 08:56:55 - RNN_Baseline - INFO - Starting training for BiLSTM_trial4
2026-01-21 08:58:52 - RNN_Baseline - INFO -   Epoch [5/15] Train Loss: 0.0187, Val F1: 0.9920, Val AUC: 0.9997
2026-01-21 09:00:48 - RNN_Baseline - INFO -   Epoch [10/15] Train Loss: 0.0112, Val F1: 0.9931, Val AUC: 0.9999
2026-01-21 09:02:45 - RNN_Baseline - INFO -   Epoch [15/15] Train Loss: 0.0069, Val F1: 0.9951, Val AUC: 0.9999
2026-01-21 09:02:45 - RNN_Baseline - INFO - Training completed. Best epoch: 15, Best Val F1: 0.9951
2026-01-21 09:02:45 - RNN_Baseline - INFO -   → Val F1: 0.9951
2026-01-21 09:02:45 - RNN_Baseline - INFO - 
============================================================
2026-01-21 09:02:45 - RNN_Baseline - INFO - BEST CONFIGURATION (Trial 1):
2026-01-21 09:02:45 - RNN_Baseline - INFO - ============================================================
2026-01-21 09:02:45 - RNN_Baseline - INFO - Val F1: 0.9974
2026-01-21 09:02:45 - RNN_Baseline - INFO - Parameters: 267,138
2026-01-21 09:02:45 - RNN_Baseline - INFO - Config:
2026-01-21 09:02:45 - RNN_Baseline - INFO -   embedding_dim: 64
2026-01-21 09:02:45 - RNN_Baseline - INFO -   hidden_dim: 64
2026-01-21 09:02:45 - RNN_Baseline - INFO -   num_layers: 3
2026-01-21 09:02:45 - RNN_Baseline - INFO -   dropout: 0.2
2026-01-21 09:02:45 - RNN_Baseline - INFO -   lr: 0.001
2026-01-21 09:02:45 - RNN_Baseline - INFO - 
============================================================
2026-01-21 09:02:45 - RNN_Baseline - INFO - FINAL TRAINING with best configuration
2026-01-21 09:02:45 - RNN_Baseline - INFO - ============================================================
2026-01-21 09:02:45 - RNN_Baseline - INFO - Model parameters: 267,138
2026-01-21 09:02:45 - RNN_Baseline - INFO - Starting training for BiLSTM
2026-01-21 09:04:41 - RNN_Baseline - INFO -   Epoch [5/20] Train Loss: 0.0133, Val F1: 0.9929, Val AUC: 0.9999
2026-01-21 09:06:37 - RNN_Baseline - INFO -   Epoch [10/20] Train Loss: 0.0079, Val F1: 0.9960, Val AUC: 1.0000
2026-01-21 09:08:33 - RNN_Baseline - INFO -   Epoch [15/20] Train Loss: 0.0061, Val F1: 0.9969, Val AUC: 1.0000
2026-01-21 09:10:29 - RNN_Baseline - INFO -   Epoch [20/20] Train Loss: 0.0052, Val F1: 0.9974, Val AUC: 1.0000
2026-01-21 09:10:29 - RNN_Baseline - INFO - Training completed. Best epoch: 20, Best Val F1: 0.9974
2026-01-21 09:10:29 - RNN_Baseline - INFO - Final Validation F1: 0.9974
2026-01-21 09:10:29 - RNN_Baseline - INFO - 
============================================================
2026-01-21 09:10:29 - RNN_Baseline - INFO - TEST SET EVALUATION
2026-01-21 09:10:29 - RNN_Baseline - INFO - ============================================================
2026-01-21 09:10:31 - RNN_Baseline - INFO - 
Test Results for BiLSTM:
2026-01-21 09:10:31 - RNN_Baseline - INFO -   Accuracy:  0.9978
2026-01-21 09:10:31 - RNN_Baseline - INFO -   Precision: 0.9966
2026-01-21 09:10:31 - RNN_Baseline - INFO -   Recall:    0.9973
2026-01-21 09:10:31 - RNN_Baseline - INFO -   F1 Score:  0.9969
2026-01-21 09:10:31 - RNN_Baseline - INFO -   AUC:       1.0000
2026-01-21 09:10:31 - RNN_Baseline - INFO -   Confusion Matrix:
2026-01-21 09:10:31 - RNN_Baseline - INFO -     [[32025, 61], [49, 17865]]
2026-01-21 09:10:31 - RNN_Baseline - INFO - Results saved:
2026-01-21 09:10:31 - RNN_Baseline - INFO -   Predictions: results_rnn_baseline/dataset_6/BiLSTM_predictions_dataset6.csv
2026-01-21 09:10:31 - RNN_Baseline - INFO -   Summary:     results_rnn_baseline/dataset_6/BiLSTM_summary_dataset6.json
2026-01-21 09:10:31 - RNN_Baseline - INFO -   Model checkpoint: results_rnn_baseline/dataset_6/models/BiLSTM_best.pt
2026-01-21 09:10:31 - RNN_Baseline - INFO - 
######################################################################
2026-01-21 09:10:31 - RNN_Baseline - INFO - # TRAINING GRU
2026-01-21 09:10:31 - RNN_Baseline - INFO - ######################################################################
2026-01-21 09:10:31 - RNN_Baseline - INFO - ============================================================
2026-01-21 09:10:31 - RNN_Baseline - INFO - RANDOM SEARCH for GRU (5 trials)
2026-01-21 09:10:31 - RNN_Baseline - INFO - ============================================================
2026-01-21 09:10:31 - RNN_Baseline - INFO - 
Trial 1/5:
2026-01-21 09:10:31 - RNN_Baseline - INFO -   Config: {'vocab_size': 26, 'embedding_dim': 16, 'hidden_dim': 128, 'num_layers': 2, 'num_classes': 2, 'dropout': 0.2}
2026-01-21 09:10:31 - RNN_Baseline - INFO -   LR: 0.0001
2026-01-21 09:10:31 - RNN_Baseline - INFO - Starting training for GRU_trial0
2026-01-21 09:11:55 - RNN_Baseline - INFO -   Epoch [5/15] Train Loss: 0.0237, Val F1: 0.9922, Val AUC: 0.9995
2026-01-21 09:13:19 - RNN_Baseline - INFO -   Epoch [10/15] Train Loss: 0.0132, Val F1: 0.9935, Val AUC: 0.9999
2026-01-21 09:14:43 - RNN_Baseline - INFO -   Epoch [15/15] Train Loss: 0.0096, Val F1: 0.9945, Val AUC: 0.9999
2026-01-21 09:14:43 - RNN_Baseline - INFO - Training completed. Best epoch: 15, Best Val F1: 0.9945
2026-01-21 09:14:43 - RNN_Baseline - INFO -   → Val F1: 0.9945
2026-01-21 09:14:43 - RNN_Baseline - INFO - 
Trial 2/5:
2026-01-21 09:14:43 - RNN_Baseline - INFO -   Config: {'vocab_size': 26, 'embedding_dim': 32, 'hidden_dim': 128, 'num_layers': 2, 'num_classes': 2, 'dropout': 0.1}
2026-01-21 09:14:43 - RNN_Baseline - INFO -   LR: 0.002
2026-01-21 09:14:43 - RNN_Baseline - INFO - Starting training for GRU_trial1
2026-01-21 09:16:07 - RNN_Baseline - INFO -   Epoch [5/15] Train Loss: 0.0192, Val F1: 0.9920, Val AUC: 0.9997
2026-01-21 09:17:30 - RNN_Baseline - INFO -   Epoch [10/15] Train Loss: 0.0312, Val F1: 0.9869, Val AUC: 0.9992
2026-01-21 09:17:47 - RNN_Baseline - INFO -   Early stopping at epoch 11
2026-01-21 09:17:47 - RNN_Baseline - INFO - Training completed. Best epoch: 6, Best Val F1: 0.9921
2026-01-21 09:17:47 - RNN_Baseline - INFO -   → Val F1: 0.9921
2026-01-21 09:17:47 - RNN_Baseline - INFO - 
Trial 3/5:
2026-01-21 09:17:47 - RNN_Baseline - INFO -   Config: {'vocab_size': 26, 'embedding_dim': 32, 'hidden_dim': 32, 'num_layers': 1, 'num_classes': 2, 'dropout': 0.2}
2026-01-21 09:17:47 - RNN_Baseline - INFO -   LR: 0.0001
2026-01-21 09:17:47 - RNN_Baseline - INFO - Starting training for GRU_trial2
2026-01-21 09:19:03 - RNN_Baseline - INFO -   Epoch [5/15] Train Loss: 0.3401, Val F1: 0.7831, Val AUC: 0.9209
2026-01-21 09:20:19 - RNN_Baseline - INFO -   Epoch [10/15] Train Loss: 0.0961, Val F1: 0.9581, Val AUC: 0.9940
2026-01-21 09:21:35 - RNN_Baseline - INFO -   Epoch [15/15] Train Loss: 0.0453, Val F1: 0.9829, Val AUC: 0.9980
2026-01-21 09:21:35 - RNN_Baseline - INFO - Training completed. Best epoch: 15, Best Val F1: 0.9829
2026-01-21 09:21:35 - RNN_Baseline - INFO -   → Val F1: 0.9829
2026-01-21 09:21:35 - RNN_Baseline - INFO - 
Trial 4/5:
2026-01-21 09:21:35 - RNN_Baseline - INFO -   Config: {'vocab_size': 26, 'embedding_dim': 32, 'hidden_dim': 64, 'num_layers': 1, 'num_classes': 2, 'dropout': 0.4}
2026-01-21 09:21:35 - RNN_Baseline - INFO -   LR: 0.0005
2026-01-21 09:21:35 - RNN_Baseline - INFO - Starting training for GRU_trial3
2026-01-21 09:22:51 - RNN_Baseline - INFO -   Epoch [5/15] Train Loss: 0.0195, Val F1: 0.9921, Val AUC: 0.9998
2026-01-21 09:24:07 - RNN_Baseline - INFO -   Epoch [10/15] Train Loss: 0.0117, Val F1: 0.9939, Val AUC: 0.9999
2026-01-21 09:25:22 - RNN_Baseline - INFO -   Epoch [15/15] Train Loss: 0.0086, Val F1: 0.9952, Val AUC: 0.9999
2026-01-21 09:25:22 - RNN_Baseline - INFO - Training completed. Best epoch: 15, Best Val F1: 0.9952
2026-01-21 09:25:22 - RNN_Baseline - INFO -   → Val F1: 0.9952
2026-01-21 09:25:22 - RNN_Baseline - INFO - 
Trial 5/5:
2026-01-21 09:25:22 - RNN_Baseline - INFO -   Config: {'vocab_size': 26, 'embedding_dim': 16, 'hidden_dim': 128, 'num_layers': 3, 'num_classes': 2, 'dropout': 0.5}
2026-01-21 09:25:22 - RNN_Baseline - INFO -   LR: 0.0005
2026-01-21 09:25:22 - RNN_Baseline - INFO - Starting training for GRU_trial4
2026-01-21 09:26:52 - RNN_Baseline - INFO -   Epoch [5/15] Train Loss: 0.0145, Val F1: 0.9937, Val AUC: 0.9999
2026-01-21 09:28:23 - RNN_Baseline - INFO -   Epoch [10/15] Train Loss: 0.0093, Val F1: 0.9953, Val AUC: 1.0000
2026-01-21 09:29:54 - RNN_Baseline - INFO -   Epoch [15/15] Train Loss: 0.0074, Val F1: 0.9963, Val AUC: 1.0000
2026-01-21 09:29:54 - RNN_Baseline - INFO - Training completed. Best epoch: 15, Best Val F1: 0.9963
2026-01-21 09:29:54 - RNN_Baseline - INFO -   → Val F1: 0.9963
2026-01-21 09:29:54 - RNN_Baseline - INFO - 
============================================================
2026-01-21 09:29:54 - RNN_Baseline - INFO - BEST CONFIGURATION (Trial 5):
2026-01-21 09:29:54 - RNN_Baseline - INFO - ============================================================
2026-01-21 09:29:54 - RNN_Baseline - INFO - Val F1: 0.9963
2026-01-21 09:29:54 - RNN_Baseline - INFO - Parameters: 254,882
2026-01-21 09:29:54 - RNN_Baseline - INFO - Config:
2026-01-21 09:29:54 - RNN_Baseline - INFO -   embedding_dim: 16
2026-01-21 09:29:54 - RNN_Baseline - INFO -   hidden_dim: 128
2026-01-21 09:29:54 - RNN_Baseline - INFO -   num_layers: 3
2026-01-21 09:29:54 - RNN_Baseline - INFO -   dropout: 0.5
2026-01-21 09:29:54 - RNN_Baseline - INFO -   lr: 0.0005
2026-01-21 09:29:54 - RNN_Baseline - INFO - 
============================================================
2026-01-21 09:29:54 - RNN_Baseline - INFO - FINAL TRAINING with best configuration
2026-01-21 09:29:54 - RNN_Baseline - INFO - ============================================================
2026-01-21 09:29:54 - RNN_Baseline - INFO - Model parameters: 254,882
2026-01-21 09:29:54 - RNN_Baseline - INFO - Starting training for GRU
2026-01-21 09:31:24 - RNN_Baseline - INFO -   Epoch [5/20] Train Loss: 0.0152, Val F1: 0.9926, Val AUC: 0.9999
2026-01-21 09:32:55 - RNN_Baseline - INFO -   Epoch [10/20] Train Loss: 0.0090, Val F1: 0.9956, Val AUC: 1.0000
2026-01-21 09:34:25 - RNN_Baseline - INFO -   Epoch [15/20] Train Loss: 0.0064, Val F1: 0.9965, Val AUC: 1.0000
2026-01-21 09:35:56 - RNN_Baseline - INFO -   Epoch [20/20] Train Loss: 0.0052, Val F1: 0.9968, Val AUC: 1.0000
2026-01-21 09:35:56 - RNN_Baseline - INFO - Training completed. Best epoch: 19, Best Val F1: 0.9971
2026-01-21 09:35:56 - RNN_Baseline - INFO - Final Validation F1: 0.9971
2026-01-21 09:35:56 - RNN_Baseline - INFO - 
============================================================
2026-01-21 09:35:56 - RNN_Baseline - INFO - TEST SET EVALUATION
2026-01-21 09:35:56 - RNN_Baseline - INFO - ============================================================
2026-01-21 09:35:57 - RNN_Baseline - INFO - 
Test Results for GRU:
2026-01-21 09:35:57 - RNN_Baseline - INFO -   Accuracy:  0.9978
2026-01-21 09:35:57 - RNN_Baseline - INFO -   Precision: 0.9984
2026-01-21 09:35:57 - RNN_Baseline - INFO -   Recall:    0.9955
2026-01-21 09:35:57 - RNN_Baseline - INFO -   F1 Score:  0.9970
2026-01-21 09:35:57 - RNN_Baseline - INFO -   AUC:       1.0000
2026-01-21 09:35:57 - RNN_Baseline - INFO -   Confusion Matrix:
2026-01-21 09:35:57 - RNN_Baseline - INFO -     [[32057, 29], [80, 17834]]
2026-01-21 09:35:57 - RNN_Baseline - INFO - Results saved:
2026-01-21 09:35:57 - RNN_Baseline - INFO -   Predictions: results_rnn_baseline/dataset_6/GRU_predictions_dataset6.csv
2026-01-21 09:35:57 - RNN_Baseline - INFO -   Summary:     results_rnn_baseline/dataset_6/GRU_summary_dataset6.json
2026-01-21 09:35:57 - RNN_Baseline - INFO -   Model checkpoint: results_rnn_baseline/dataset_6/models/GRU_best.pt
2026-01-21 09:35:57 - RNN_Baseline - INFO - 
######################################################################
2026-01-21 09:35:57 - RNN_Baseline - INFO - # TRAINING RNNTransformer
2026-01-21 09:35:57 - RNN_Baseline - INFO - ######################################################################
2026-01-21 09:35:57 - RNN_Baseline - INFO - ============================================================
2026-01-21 09:35:57 - RNN_Baseline - INFO - RANDOM SEARCH for RNNTransformer (5 trials)
2026-01-21 09:35:57 - RNN_Baseline - INFO - ============================================================
2026-01-21 09:35:57 - RNN_Baseline - INFO - 
Trial 1/5:
2026-01-21 09:35:57 - RNN_Baseline - INFO -   Config: {'vocab_size': 26, 'embedding_dim': 64, 'rnn_hidden_dim': 128, 'num_heads': 8, 'num_transformer_layers': 2, 'dim_feedforward': 256, 'num_classes': 2, 'dropout': 0.1, 'max_seq_length': 30}
2026-01-21 09:35:57 - RNN_Baseline - INFO -   LR: 0.0001
2026-01-21 09:35:57 - RNN_Baseline - INFO - Starting training for RNNTransformer_trial0
2026-01-21 09:39:57 - RNN_Baseline - INFO -   Epoch [5/15] Train Loss: 0.0151, Val F1: 0.9935, Val AUC: 0.9998
2026-01-21 09:43:56 - RNN_Baseline - INFO -   Epoch [10/15] Train Loss: 0.0066, Val F1: 0.9958, Val AUC: 1.0000
2026-01-21 09:47:56 - RNN_Baseline - INFO -   Epoch [15/15] Train Loss: 0.0036, Val F1: 0.9969, Val AUC: 1.0000
2026-01-21 09:47:56 - RNN_Baseline - INFO - Training completed. Best epoch: 14, Best Val F1: 0.9969
2026-01-21 09:47:56 - RNN_Baseline - INFO -   → Val F1: 0.9969
2026-01-21 09:47:56 - RNN_Baseline - INFO - 
Trial 2/5:
2026-01-21 09:47:56 - RNN_Baseline - INFO -   Config: {'vocab_size': 26, 'embedding_dim': 128, 'rnn_hidden_dim': 128, 'num_heads': 4, 'num_transformer_layers': 1, 'dim_feedforward': 512, 'num_classes': 2, 'dropout': 0.3, 'max_seq_length': 30}
2026-01-21 09:47:56 - RNN_Baseline - INFO -   LR: 0.001
2026-01-21 09:47:56 - RNN_Baseline - INFO - Starting training for RNNTransformer_trial1
2026-01-21 09:50:50 - RNN_Baseline - INFO -   Epoch [5/15] Train Loss: 0.0189, Val F1: 0.9897, Val AUC: 0.9996
2026-01-21 09:53:45 - RNN_Baseline - INFO -   Epoch [10/15] Train Loss: 0.0184, Val F1: 0.9916, Val AUC: 0.9997
2026-01-21 09:56:04 - RNN_Baseline - INFO -   Early stopping at epoch 14
2026-01-21 09:56:04 - RNN_Baseline - INFO - Training completed. Best epoch: 9, Best Val F1: 0.9921
2026-01-21 09:56:04 - RNN_Baseline - INFO -   → Val F1: 0.9921
2026-01-21 09:56:04 - RNN_Baseline - INFO - 
Trial 3/5:
2026-01-21 09:56:04 - RNN_Baseline - INFO -   Config: {'vocab_size': 26, 'embedding_dim': 32, 'rnn_hidden_dim': 32, 'num_heads': 8, 'num_transformer_layers': 3, 'dim_feedforward': 128, 'num_classes': 2, 'dropout': 0.2, 'max_seq_length': 30}
2026-01-21 09:56:04 - RNN_Baseline - INFO -   LR: 0.001
2026-01-21 09:56:04 - RNN_Baseline - INFO - Starting training for RNNTransformer_trial2
2026-01-21 10:01:09 - RNN_Baseline - INFO -   Epoch [5/15] Train Loss: 0.0171, Val F1: 0.9929, Val AUC: 0.9998
2026-01-21 10:06:14 - RNN_Baseline - INFO -   Epoch [10/15] Train Loss: 0.0106, Val F1: 0.9943, Val AUC: 0.9999
2026-01-21 10:11:20 - RNN_Baseline - INFO -   Epoch [15/15] Train Loss: 0.0090, Val F1: 0.9959, Val AUC: 0.9999
2026-01-21 10:11:20 - RNN_Baseline - INFO - Training completed. Best epoch: 15, Best Val F1: 0.9959
2026-01-21 10:11:20 - RNN_Baseline - INFO -   → Val F1: 0.9959
2026-01-21 10:11:20 - RNN_Baseline - INFO - 
Trial 4/5:
2026-01-21 10:11:20 - RNN_Baseline - INFO -   Config: {'vocab_size': 26, 'embedding_dim': 64, 'rnn_hidden_dim': 128, 'num_heads': 2, 'num_transformer_layers': 3, 'dim_feedforward': 512, 'num_classes': 2, 'dropout': 0.3, 'max_seq_length': 30}
2026-01-21 10:11:20 - RNN_Baseline - INFO -   LR: 0.0001
2026-01-21 10:11:20 - RNN_Baseline - INFO - Starting training for RNNTransformer_trial3
2026-01-21 10:16:26 - RNN_Baseline - INFO -   Epoch [5/15] Train Loss: 0.0173, Val F1: 0.9908, Val AUC: 0.9997
2026-01-21 10:21:33 - RNN_Baseline - INFO -   Epoch [10/15] Train Loss: 0.0088, Val F1: 0.9953, Val AUC: 0.9999
2026-01-21 10:26:41 - RNN_Baseline - INFO -   Epoch [15/15] Train Loss: 0.0055, Val F1: 0.9961, Val AUC: 1.0000
2026-01-21 10:26:41 - RNN_Baseline - INFO - Training completed. Best epoch: 13, Best Val F1: 0.9961
2026-01-21 10:26:41 - RNN_Baseline - INFO -   → Val F1: 0.9961
2026-01-21 10:26:41 - RNN_Baseline - INFO - 
Trial 5/5:
2026-01-21 10:26:41 - RNN_Baseline - INFO -   Config: {'vocab_size': 26, 'embedding_dim': 64, 'rnn_hidden_dim': 32, 'num_heads': 4, 'num_transformer_layers': 2, 'dim_feedforward': 512, 'num_classes': 2, 'dropout': 0.3, 'max_seq_length': 30}
2026-01-21 10:26:41 - RNN_Baseline - INFO -   LR: 0.001
2026-01-21 10:26:41 - RNN_Baseline - INFO - Starting training for RNNTransformer_trial4
2026-01-21 10:30:42 - RNN_Baseline - INFO -   Epoch [5/15] Train Loss: 0.0350, Val F1: 0.9923, Val AUC: 0.9971
2026-01-21 10:31:30 - RNN_Baseline - INFO -   Early stopping at epoch 6
2026-01-21 10:31:30 - RNN_Baseline - INFO - Training completed. Best epoch: 1, Best Val F1: 0.9924
2026-01-21 10:31:30 - RNN_Baseline - INFO -   → Val F1: 0.9924
2026-01-21 10:31:30 - RNN_Baseline - INFO - 
============================================================
2026-01-21 10:31:30 - RNN_Baseline - INFO - BEST CONFIGURATION (Trial 1):
2026-01-21 10:31:30 - RNN_Baseline - INFO - ============================================================
2026-01-21 10:31:30 - RNN_Baseline - INFO - Val F1: 0.9969
2026-01-21 10:31:30 - RNN_Baseline - INFO - Parameters: 318,914
2026-01-21 10:31:30 - RNN_Baseline - INFO - Config:
2026-01-21 10:31:30 - RNN_Baseline - INFO -   embedding_dim: 64
2026-01-21 10:31:30 - RNN_Baseline - INFO -   rnn_hidden_dim: 128
2026-01-21 10:31:30 - RNN_Baseline - INFO -   num_heads: 8
2026-01-21 10:31:30 - RNN_Baseline - INFO -   num_transformer_layers: 2
2026-01-21 10:31:30 - RNN_Baseline - INFO -   dim_feedforward: 256
2026-01-21 10:31:30 - RNN_Baseline - INFO -   dropout: 0.1
2026-01-21 10:31:30 - RNN_Baseline - INFO -   max_seq_length: 30
2026-01-21 10:31:30 - RNN_Baseline - INFO -   lr: 0.0001
2026-01-21 10:31:30 - RNN_Baseline - INFO - 
============================================================
2026-01-21 10:31:30 - RNN_Baseline - INFO - FINAL TRAINING with best configuration
2026-01-21 10:31:30 - RNN_Baseline - INFO - ============================================================
2026-01-21 10:31:30 - RNN_Baseline - INFO - Model parameters: 318,914
2026-01-21 10:31:30 - RNN_Baseline - INFO - Starting training for RNNTransformer
2026-01-21 10:35:30 - RNN_Baseline - INFO -   Epoch [5/20] Train Loss: 0.0184, Val F1: 0.9932, Val AUC: 0.9997
2026-01-21 10:39:30 - RNN_Baseline - INFO -   Epoch [10/20] Train Loss: 0.0081, Val F1: 0.9958, Val AUC: 0.9999
2026-01-21 10:43:31 - RNN_Baseline - INFO -   Epoch [15/20] Train Loss: 0.0041, Val F1: 0.9965, Val AUC: 1.0000
2026-01-21 10:45:08 - RNN_Baseline - INFO -   Early stopping at epoch 17
2026-01-21 10:45:08 - RNN_Baseline - INFO - Training completed. Best epoch: 12, Best Val F1: 0.9966
2026-01-21 10:45:08 - RNN_Baseline - INFO - Final Validation F1: 0.9966
2026-01-21 10:45:08 - RNN_Baseline - INFO - 
============================================================
2026-01-21 10:45:08 - RNN_Baseline - INFO - TEST SET EVALUATION
2026-01-21 10:45:08 - RNN_Baseline - INFO - ============================================================
2026-01-21 10:45:09 - RNN_Baseline - INFO - 
Test Results for RNNTransformer:
2026-01-21 10:45:09 - RNN_Baseline - INFO -   Accuracy:  0.9963
2026-01-21 10:45:09 - RNN_Baseline - INFO -   Precision: 0.9984
2026-01-21 10:45:09 - RNN_Baseline - INFO -   Recall:    0.9912
2026-01-21 10:45:09 - RNN_Baseline - INFO -   F1 Score:  0.9948
2026-01-21 10:45:09 - RNN_Baseline - INFO -   AUC:       1.0000
2026-01-21 10:45:09 - RNN_Baseline - INFO -   Confusion Matrix:
2026-01-21 10:45:09 - RNN_Baseline - INFO -     [[32057, 29], [157, 17757]]
2026-01-21 10:45:10 - RNN_Baseline - INFO - Results saved:
2026-01-21 10:45:10 - RNN_Baseline - INFO -   Predictions: results_rnn_baseline/dataset_6/RNNTransformer_predictions_dataset6.csv
2026-01-21 10:45:10 - RNN_Baseline - INFO -   Summary:     results_rnn_baseline/dataset_6/RNNTransformer_summary_dataset6.json
2026-01-21 10:45:10 - RNN_Baseline - INFO -   Model checkpoint: results_rnn_baseline/dataset_6/models/RNNTransformer_best.pt
2026-01-21 10:45:10 - RNN_Baseline - INFO - 
######################################################################
2026-01-21 10:45:10 - RNN_Baseline - INFO - # FINAL COMPARISON OF ALL MODELS
2026-01-21 10:45:10 - RNN_Baseline - INFO - ######################################################################

2026-01-21 10:45:10 - RNN_Baseline - INFO - Model           Accuracy   Precision  Recall     F1         AUC       
2026-01-21 10:45:10 - RNN_Baseline - INFO - ---------------------------------------------------------------------------
2026-01-21 10:45:10 - RNN_Baseline - INFO - MLP             0.9945     0.9871     0.9978     0.9924     0.9993    
2026-01-21 10:45:10 - RNN_Baseline - INFO - CNN1D           0.7799     0.6903     0.6996     0.6949     0.8534    
2026-01-21 10:45:10 - RNN_Baseline - INFO - Transformer     0.9988     0.9972     0.9994     0.9983     1.0000    
2026-01-21 10:45:10 - RNN_Baseline - INFO - LSTM            0.9975     0.9960     0.9970     0.9965     1.0000    
2026-01-21 10:45:10 - RNN_Baseline - INFO - BiLSTM          0.9978     0.9966     0.9973     0.9969     1.0000    
2026-01-21 10:45:10 - RNN_Baseline - INFO - GRU             0.9978     0.9984     0.9955     0.9970     1.0000    
2026-01-21 10:45:10 - RNN_Baseline - INFO - RNNTransformer  0.9963     0.9984     0.9912     0.9948     1.0000    
2026-01-21 10:45:10 - RNN_Baseline - INFO - 
Comparison saved to: results_rnn_baseline/dataset_6/comparison_dataset6.json
2026-01-21 10:45:10 - RNN_Baseline - INFO - 
============================================================
2026-01-21 10:45:10 - RNN_Baseline - INFO - BEST MODEL: Transformer
2026-01-21 10:45:10 - RNN_Baseline - INFO -   F1 Score: 0.9983
2026-01-21 10:45:10 - RNN_Baseline - INFO -   AUC:      1.0000
2026-01-21 10:45:10 - RNN_Baseline - INFO - ============================================================
2026-01-21 10:45:10 - RNN_Baseline - INFO - 
Training completed successfully!
=== JOB FINISHED ===
Exit code: 0
Cache permanente mantenuta in: /cluster/work/projects/nn12048k/michechi/cache

Job 91212 consumed 0.0 billing hours and 14.9 GPU hours from project nn12048k.

Submitted 2026-01-20T17:52:16; waited 2.0 hours in the queue after becoming eligible to run.

Requested wallclock time: 1.6 days
Elapsed wallclock time:   14.9 hours

Job exited normally.

Task and CPU statistics:
ID               CPUs  Tasks  CPU util                Start  Elapsed  Exit status
91212               1            0.0 %  2026-01-20T19:50:58   14.9 h  0
91212.batch         1      1     0.0 %  2026-01-20T19:50:58   14.9 h  0
91212.apptainer     1      1     0.0 %  2026-01-20T19:50:58   14.9 h  0

Used CPU time:   0.3 CPU seconds
Unused CPU time: 14.9 CPU hours

Memory statistics, in GiB:
ID                Alloc   Usage
91212              80.0        
91212.batch        80.0     0.1
91212.apptainer    80.0     9.6

Job 91212 completed at Wed Jan 21 10:45:12 CET 2026
