Starting job 93204 on gpu-1-67 on Olivia at Wed Jan 21 16:18:41 CET 2026

=== JOB CONFIGURATION ===
Job ID: 93204
Node: gpu-1-67
Permanent Cache: /cluster/work/projects/nn12048k/michechi/cache
=== STARTING CONTAINER ===
Container: /cluster/work/projects/nn12048k/michechi/extended-pytorch/extended-pytorch.sif
Environment: HUGGING_FACE_HUB_TOKEN=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,HF_HOME=/cluster/work/projects/nn12048k/michechi/cache,HF_DATASETS_CACHE=/cluster/work/projects/nn12048k/michechi/cache,XDG_CACHE_HOME=/cluster/work/projects/nn12048k/michechi/cache,PYTHONUNBUFFERED=1
=== JOB FINISHED ===
Exit code: 0
Cache permanente mantenuta in: /cluster/work/projects/nn12048k/michechi/cache

Job 93204 consumed 0.0 billing hours and 0.4 GPU hours from project nn12048k.

Submitted 2026-01-21T16:18:40; waited 0.0 seconds in the queue after becoming eligible to run.

Requested wallclock time: 15.0 hours
Elapsed wallclock time:   22.2 minutes

Job exited normally.

Task and CPU statistics:
ID               CPUs  Tasks  CPU util                Start   Elapsed  Exit status
93204               1            0.0 %  2026-01-21T16:18:40  1335.0 s  0
93204.batch         1      1     0.0 %  2026-01-21T16:18:40  1335.0 s  0
93204.apptainer     1      1     0.0 %  2026-01-21T16:18:41  1334.0 s  0

Used CPU time:   0.2 CPU seconds
Unused CPU time: 22.2 CPU minutes

Memory statistics, in GiB:
ID                Alloc   Usage
93204              40.0        
93204.batch        40.0     0.0
93204.apptainer    40.0     6.0

Job 93204 completed at Wed Jan 21 16:40:55 CET 2026
