Starting job 98796 on gpu-1-37 on Olivia at Sun Jan 25 15:48:19 CET 2026

=== JOB CONFIGURATION ===
Job ID: 98796
Node: gpu-1-37
Scratch Cache: /cluster/software/gpujobscratch/jobs/98796/hf_cache_98796
Free space in SCRATCH: 472T
The following modules were not unloaded:
  (Use "module --force purge" to unload all):

  1) init-NRIS
=== STARTING CONTAINER ===
Container: /cluster/work/projects/nn12048k/michechi/extended-pytorch/extended-pytorch.sif
Environment: HUGGING_FACE_HUB_TOKEN=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,HF_HOME=/cluster/software/gpujobscratch/jobs/98796/hf_cache_98796,HF_DATASETS_CACHE=/cluster/software/gpujobscratch/jobs/98796/hf_cache_98796,XDG_CACHE_HOME=/cluster/software/gpujobscratch/jobs/98796/hf_cache_98796,PYTHONUNBUFFERED=1
INFO:    gocryptfs not found, will not be able to use gocryptfs
/usr/bin/rm: cannot remove '/usr/local/cuda/compat/lib': Read-only file system
rm: cannot remove '/usr/local/cuda/compat/lib': Read-only file system
INFO:__main__:Argument batch_size: 32
INFO:__main__:Argument cache_dir: '/cluster/work/projects/nn12048k/michechi/cache/'
INFO:__main__:Argument cold_start: False
INFO:__main__:Argument early: 'loss'
INFO:__main__:Argument epochs: 20
INFO:__main__:Argument fractions: '0.01,0.10,0.30,0.50,0.75,1.0'
INFO:__main__:Argument gradient_accumulation_steps: 1
INFO:__main__:Argument lr: 2e-05
INFO:__main__:Argument max_length: 200
INFO:__main__:Argument model_name: 'google-bert/bert-base-uncased'
INFO:__main__:Argument number_to_use: '9'
INFO:__main__:Argument output_dir: '/cluster/work/projects/nn12048k/michechi/results/llm_fraction/'
INFO:__main__:Argument path_csv: '/cluster/home/michechi/MIMICIV/data/simulation/tested/'
INFO:__main__:Argument patience: 3
INFO:__main__:Argument peft: False
INFO:__main__:Argument seed: 666
INFO:__main__:Argument tiny: False
INFO:__main__:Argument tiny_type: '1M'
INFO:__main__:Using device: cuda
INFO:__main__:Output directory: /cluster/work/projects/nn12048k/michechi/results/llm_fraction/
INFO:__main__:Loading datasets...
INFO:__main__:Dataset sizes - Train: 400000, Val: 50000, Test: 50000
INFO:__main__:Testing fractions: [0.01, 0.1, 0.3, 0.5, 0.75, 1.0]
INFO:__main__:======================================================================
INFO:__main__:Training with 1% of training data
INFO:__main__:======================================================================
INFO:__main__:Training subset size: 4000
INFO:__main__:Loading pre-trained BERT model (WARM START)
Some weights of BertForSequenceClassification were not initialized from the model checkpoint at google-bert/bert-base-uncased and are newly initialized: ['classifier.bias', 'classifier.weight']
You should probably TRAIN this model on a down-stream task to be able to use it for predictions and inference.
INFO:__main__:Model parameters: 109,483,778
INFO:__main__:Epoch 1/20 | Train Loss: 0.6920 | Val Loss: 0.6821 | Val AUC: 0.4931 | Val F1: 0.0000
INFO:__main__:New best model (AUC: 0.4931)
INFO:__main__:Epoch 2/20 | Train Loss: 0.6897 | Val Loss: 0.6809 | Val AUC: 0.5243 | Val F1: 0.0000
INFO:__main__:New best model (AUC: 0.5243)
INFO:__main__:Epoch 3/20 | Train Loss: 0.6887 | Val Loss: 0.6828 | Val AUC: 0.5337 | Val F1: 0.0000
INFO:__main__:Epoch 4/20 | Train Loss: 0.6852 | Val Loss: 0.6805 | Val AUC: 0.5388 | Val F1: 0.0000
INFO:__main__:New best model (AUC: 0.5388)
INFO:__main__:Epoch 5/20 | Train Loss: 0.6841 | Val Loss: 0.6805 | Val AUC: 0.5560 | Val F1: 0.0000
INFO:__main__:New best model (AUC: 0.5560)
INFO:__main__:Epoch 6/20 | Train Loss: 0.6875 | Val Loss: 0.6801 | Val AUC: 0.5607 | Val F1: 0.0000
INFO:__main__:New best model (AUC: 0.5607)
INFO:__main__:Epoch 7/20 | Train Loss: 0.6837 | Val Loss: 0.6910 | Val AUC: 0.5693 | Val F1: 0.0000
INFO:__main__:Epoch 8/20 | Train Loss: 0.6827 | Val Loss: 0.6804 | Val AUC: 0.5641 | Val F1: 0.0000
INFO:__main__:Epoch 9/20 | Train Loss: 0.6820 | Val Loss: 0.6772 | Val AUC: 0.5605 | Val F1: 0.0069
INFO:__main__:New best model (AUC: 0.5605)
INFO:__main__:Epoch 10/20 | Train Loss: 0.6767 | Val Loss: 0.6788 | Val AUC: 0.5716 | Val F1: 0.0000
INFO:__main__:Epoch 11/20 | Train Loss: 0.6808 | Val Loss: 0.6773 | Val AUC: 0.5699 | Val F1: 0.0000
INFO:__main__:Epoch 12/20 | Train Loss: 0.6731 | Val Loss: 0.6742 | Val AUC: 0.5729 | Val F1: 0.3199
INFO:__main__:New best model (AUC: 0.5729)
INFO:__main__:Epoch 13/20 | Train Loss: 0.6704 | Val Loss: 0.6731 | Val AUC: 0.5758 | Val F1: 0.0256
INFO:__main__:New best model (AUC: 0.5758)
INFO:__main__:Epoch 14/20 | Train Loss: 0.6662 | Val Loss: 0.6732 | Val AUC: 0.5766 | Val F1: 0.2185
INFO:__main__:Epoch 15/20 | Train Loss: 0.6647 | Val Loss: 0.6751 | Val AUC: 0.5769 | Val F1: 0.3645
INFO:__main__:Epoch 16/20 | Train Loss: 0.6568 | Val Loss: 0.6797 | Val AUC: 0.5752 | Val F1: 0.2854
INFO:__main__:Early stopping at epoch 16
INFO:__main__:Optimal threshold: 0.10 (Val F1: 0.5930)
INFO:__main__:Fraction 1% - Test AUC: 0.5720, Test F1: 0.5916, Time: 580.6s
INFO:__main__:======================================================================
INFO:__main__:Training with 10% of training data
INFO:__main__:======================================================================
INFO:__main__:Training subset size: 40000
INFO:__main__:Loading pre-trained BERT model (WARM START)
Some weights of BertForSequenceClassification were not initialized from the model checkpoint at google-bert/bert-base-uncased and are newly initialized: ['classifier.bias', 'classifier.weight']
You should probably TRAIN this model on a down-stream task to be able to use it for predictions and inference.
INFO:__main__:Model parameters: 109,483,778
INFO:__main__:Epoch 1/20 | Train Loss: 0.6831 | Val Loss: 0.6813 | Val AUC: 0.5459 | Val F1: 0.0000
INFO:__main__:New best model (AUC: 0.5459)
INFO:__main__:Epoch 2/20 | Train Loss: 0.6845 | Val Loss: 0.6807 | Val AUC: 0.4801 | Val F1: 0.0000
INFO:__main__:New best model (AUC: 0.4801)
INFO:__main__:Epoch 3/20 | Train Loss: 0.6823 | Val Loss: 0.6849 | Val AUC: 0.5153 | Val F1: 0.0000
INFO:__main__:Epoch 4/20 | Train Loss: 0.6816 | Val Loss: 0.6812 | Val AUC: 0.4950 | Val F1: 0.0000
INFO:__main__:Epoch 5/20 | Train Loss: 0.6816 | Val Loss: 0.6809 | Val AUC: 0.5119 | Val F1: 0.0000
INFO:__main__:Early stopping at epoch 5
INFO:__main__:Optimal threshold: 0.10 (Val F1: 0.5930)
INFO:__main__:Fraction 10% - Test AUC: 0.4725, Test F1: 0.5916, Time: 475.1s
INFO:__main__:======================================================================
INFO:__main__:Training with 30% of training data
INFO:__main__:======================================================================
INFO:__main__:Training subset size: 120000
INFO:__main__:Loading pre-trained BERT model (WARM START)
Some weights of BertForSequenceClassification were not initialized from the model checkpoint at google-bert/bert-base-uncased and are newly initialized: ['classifier.bias', 'classifier.weight']
You should probably TRAIN this model on a down-stream task to be able to use it for predictions and inference.
INFO:__main__:Model parameters: 109,483,778
INFO:__main__:Epoch 1/20 | Train Loss: 0.6750 | Val Loss: 0.6718 | Val AUC: 0.5977 | Val F1: 0.4087
INFO:__main__:New best model (AUC: 0.5977)
INFO:__main__:Epoch 2/20 | Train Loss: 0.6665 | Val Loss: 0.6577 | Val AUC: 0.6264 | Val F1: 0.5042
INFO:__main__:New best model (AUC: 0.6264)
INFO:__main__:Epoch 3/20 | Train Loss: 0.6416 | Val Loss: 0.6257 | Val AUC: 0.6633 | Val F1: 0.5680
INFO:__main__:New best model (AUC: 0.6633)
INFO:__main__:Epoch 4/20 | Train Loss: 0.6284 | Val Loss: 0.6254 | Val AUC: 0.6646 | Val F1: 0.5770
INFO:__main__:New best model (AUC: 0.6646)
INFO:__main__:Epoch 5/20 | Train Loss: 0.6259 | Val Loss: 0.6246 | Val AUC: 0.6668 | Val F1: 0.5754
INFO:__main__:New best model (AUC: 0.6668)
INFO:__main__:Epoch 6/20 | Train Loss: 0.6230 | Val Loss: 0.6191 | Val AUC: 0.6677 | Val F1: 0.5704
INFO:__main__:New best model (AUC: 0.6677)
INFO:__main__:Epoch 7/20 | Train Loss: 0.6185 | Val Loss: 0.6187 | Val AUC: 0.6675 | Val F1: 0.5701
INFO:__main__:New best model (AUC: 0.6675)
INFO:__main__:Epoch 8/20 | Train Loss: 0.6171 | Val Loss: 0.6164 | Val AUC: 0.6694 | Val F1: 0.5730
INFO:__main__:New best model (AUC: 0.6694)
INFO:__main__:Epoch 9/20 | Train Loss: 0.6160 | Val Loss: 0.6159 | Val AUC: 0.6697 | Val F1: 0.5709
INFO:__main__:New best model (AUC: 0.6697)
INFO:__main__:Epoch 10/20 | Train Loss: 0.6149 | Val Loss: 0.6158 | Val AUC: 0.6681 | Val F1: 0.5752
INFO:__main__:New best model (AUC: 0.6681)
INFO:__main__:Epoch 11/20 | Train Loss: 0.6137 | Val Loss: 0.6151 | Val AUC: 0.6687 | Val F1: 0.5747
INFO:__main__:New best model (AUC: 0.6687)
INFO:__main__:Epoch 12/20 | Train Loss: 0.6129 | Val Loss: 0.6153 | Val AUC: 0.6698 | Val F1: 0.5737
INFO:__main__:Epoch 13/20 | Train Loss: 0.6109 | Val Loss: 0.6171 | Val AUC: 0.6681 | Val F1: 0.5744
INFO:__main__:Epoch 14/20 | Train Loss: 0.6087 | Val Loss: 0.6178 | Val AUC: 0.6686 | Val F1: 0.5713
INFO:__main__:Early stopping at epoch 14
INFO:__main__:Optimal threshold: 0.10 (Val F1: 0.5930)
INFO:__main__:Fraction 30% - Test AUC: 0.6713, Test F1: 0.5916, Time: 2841.3s
INFO:__main__:======================================================================
INFO:__main__:Training with 50% of training data
INFO:__main__:======================================================================
INFO:__main__:Training subset size: 200000
INFO:__main__:Loading pre-trained BERT model (WARM START)
Some weights of BertForSequenceClassification were not initialized from the model checkpoint at google-bert/bert-base-uncased and are newly initialized: ['classifier.bias', 'classifier.weight']
You should probably TRAIN this model on a down-stream task to be able to use it for predictions and inference.
INFO:__main__:Model parameters: 109,483,778
INFO:__main__:Epoch 1/20 | Train Loss: 0.6727 | Val Loss: 0.6607 | Val AUC: 0.6251 | Val F1: 0.2749
INFO:__main__:New best model (AUC: 0.6251)
INFO:__main__:Epoch 2/20 | Train Loss: 0.6441 | Val Loss: 0.6188 | Val AUC: 0.6703 | Val F1: 0.5695
INFO:__main__:New best model (AUC: 0.6703)
INFO:__main__:Epoch 3/20 | Train Loss: 0.6223 | Val Loss: 0.6222 | Val AUC: 0.6670 | Val F1: 0.5585
INFO:__main__:Epoch 4/20 | Train Loss: 0.6190 | Val Loss: 0.6147 | Val AUC: 0.6684 | Val F1: 0.5732
INFO:__main__:New best model (AUC: 0.6684)
INFO:__main__:Epoch 5/20 | Train Loss: 0.6174 | Val Loss: 0.6157 | Val AUC: 0.6689 | Val F1: 0.5747
INFO:__main__:Epoch 6/20 | Train Loss: 0.6165 | Val Loss: 0.6151 | Val AUC: 0.6673 | Val F1: 0.5750
INFO:__main__:Epoch 7/20 | Train Loss: 0.6155 | Val Loss: 0.6159 | Val AUC: 0.6665 | Val F1: 0.5716
INFO:__main__:Early stopping at epoch 7
INFO:__main__:Optimal threshold: 0.30 (Val F1: 0.5930)
INFO:__main__:Fraction 50% - Test AUC: 0.6707, Test F1: 0.5917, Time: 2253.4s
INFO:__main__:======================================================================
INFO:__main__:Training with 75% of training data
INFO:__main__:======================================================================
INFO:__main__:Training subset size: 300000
INFO:__main__:Loading pre-trained BERT model (WARM START)
Some weights of BertForSequenceClassification were not initialized from the model checkpoint at google-bert/bert-base-uncased and are newly initialized: ['classifier.bias', 'classifier.weight']
You should probably TRAIN this model on a down-stream task to be able to use it for predictions and inference.
INFO:__main__:Model parameters: 109,483,778
INFO:__main__:Epoch 1/20 | Train Loss: 0.6714 | Val Loss: 0.6613 | Val AUC: 0.6162 | Val F1: 0.4648
INFO:__main__:New best model (AUC: 0.6162)
INFO:__main__:Epoch 2/20 | Train Loss: 0.6397 | Val Loss: 0.6188 | Val AUC: 0.6679 | Val F1: 0.5702
INFO:__main__:New best model (AUC: 0.6679)
INFO:__main__:Epoch 3/20 | Train Loss: 0.6199 | Val Loss: 0.6168 | Val AUC: 0.6679 | Val F1: 0.5722
INFO:__main__:New best model (AUC: 0.6679)
INFO:__main__:Epoch 4/20 | Train Loss: 0.6173 | Val Loss: 0.6249 | Val AUC: 0.6677 | Val F1: 0.5749
INFO:__main__:Epoch 5/20 | Train Loss: 0.6163 | Val Loss: 0.6165 | Val AUC: 0.6689 | Val F1: 0.5745
INFO:__main__:New best model (AUC: 0.6689)
INFO:__main__:Epoch 6/20 | Train Loss: 0.6160 | Val Loss: 0.6152 | Val AUC: 0.6664 | Val F1: 0.5734
INFO:__main__:New best model (AUC: 0.6664)
INFO:__main__:Epoch 7/20 | Train Loss: 0.6154 | Val Loss: 0.6156 | Val AUC: 0.6671 | Val F1: 0.5751
INFO:__main__:Epoch 8/20 | Train Loss: 0.6151 | Val Loss: 0.6147 | Val AUC: 0.6682 | Val F1: 0.5746
INFO:__main__:New best model (AUC: 0.6682)
INFO:__main__:Epoch 9/20 | Train Loss: 0.6151 | Val Loss: 0.6155 | Val AUC: 0.6678 | Val F1: 0.5743
INFO:__main__:Epoch 10/20 | Train Loss: 0.6148 | Val Loss: 0.6153 | Val AUC: 0.6680 | Val F1: 0.5759
INFO:__main__:Epoch 11/20 | Train Loss: 0.6147 | Val Loss: 0.6148 | Val AUC: 0.6689 | Val F1: 0.5742
INFO:__main__:Early stopping at epoch 11
INFO:__main__:Optimal threshold: 0.10 (Val F1: 0.5930)
INFO:__main__:Fraction 75% - Test AUC: 0.6717, Test F1: 0.5916, Time: 5111.1s
INFO:__main__:======================================================================
INFO:__main__:Training with 100% of training data
INFO:__main__:======================================================================
INFO:__main__:Training subset size: 400000
INFO:__main__:Loading pre-trained BERT model (WARM START)
Some weights of BertForSequenceClassification were not initialized from the model checkpoint at google-bert/bert-base-uncased and are newly initialized: ['classifier.bias', 'classifier.weight']
You should probably TRAIN this model on a down-stream task to be able to use it for predictions and inference.
INFO:__main__:Model parameters: 109,483,778
INFO:__main__:Epoch 1/20 | Train Loss: 0.6670 | Val Loss: 0.6440 | Val AUC: 0.6510 | Val F1: 0.5679
INFO:__main__:New best model (AUC: 0.6510)
INFO:__main__:Epoch 2/20 | Train Loss: 0.6304 | Val Loss: 0.6156 | Val AUC: 0.6677 | Val F1: 0.5742
INFO:__main__:New best model (AUC: 0.6677)
INFO:__main__:Epoch 3/20 | Train Loss: 0.6184 | Val Loss: 0.6158 | Val AUC: 0.6688 | Val F1: 0.5734
INFO:__main__:Epoch 4/20 | Train Loss: 0.6166 | Val Loss: 0.6179 | Val AUC: 0.6666 | Val F1: 0.5585
INFO:__main__:Epoch 5/20 | Train Loss: 0.6157 | Val Loss: 0.6141 | Val AUC: 0.6680 | Val F1: 0.5752
INFO:__main__:New best model (AUC: 0.6680)
INFO:__main__:Epoch 6/20 | Train Loss: 0.6154 | Val Loss: 0.6150 | Val AUC: 0.6692 | Val F1: 0.5734
INFO:__main__:Epoch 7/20 | Train Loss: 0.6152 | Val Loss: 0.6141 | Val AUC: 0.6680 | Val F1: 0.5756
INFO:__main__:New best model (AUC: 0.6680)
INFO:__main__:Epoch 8/20 | Train Loss: 0.6146 | Val Loss: 0.6139 | Val AUC: 0.6688 | Val F1: 0.5758
INFO:__main__:New best model (AUC: 0.6688)
INFO:__main__:Epoch 9/20 | Train Loss: 0.6146 | Val Loss: 0.6145 | Val AUC: 0.6684 | Val F1: 0.5745
INFO:__main__:Epoch 10/20 | Train Loss: 0.6144 | Val Loss: 0.6147 | Val AUC: 0.6671 | Val F1: 0.5754
INFO:__main__:Epoch 11/20 | Train Loss: 0.6143 | Val Loss: 0.6141 | Val AUC: 0.6697 | Val F1: 0.5755
INFO:__main__:Early stopping at epoch 11
INFO:__main__:Optimal threshold: 0.10 (Val F1: 0.5930)
INFO:__main__:Fraction 100% - Test AUC: 0.6716, Test F1: 0.5916, Time: 6679.6s
INFO:__main__:Results saved to: /cluster/work/projects/nn12048k/michechi/results/llm_fraction/bert_fraction_experiment_google-bert_bert-base-uncased_9_20260125_204735.csv
INFO:__main__:
======================================================================
INFO:__main__:EXPERIMENT SUMMARY
INFO:__main__:======================================================================
 fraction  train_samples  val_auc   val_f1  val_f1_optimal  val_loss  optimal_threshold  test_auc  test_f1  test_accuracy  test_precision  test_recall  epochs  training_time_s
     0.01           4000 0.575758 0.025598        0.592956  0.673122                0.1  0.571988 0.591609        0.42006        0.420060     1.000000      16       580.572349
     0.10          40000 0.480141 0.000000        0.592956  0.680731                0.1  0.472488 0.591609        0.42006        0.420060     1.000000       5       475.053497
     0.30         120000 0.668708 0.574747        0.592956  0.615102                0.1  0.671273 0.591609        0.42006        0.420060     1.000000      14      2841.278264
     0.50         200000 0.668398 0.573244        0.593026  0.614705                0.3  0.670690 0.591707        0.42198        0.420674     0.997096       7      2253.406484
     0.75         300000 0.668186 0.574563        0.592956  0.614698                0.1  0.671723 0.591609        0.42006        0.420060     1.000000      11      5111.084375
     1.00         400000 0.668778 0.575771        0.592956  0.613904                0.1  0.671571 0.591609        0.42006        0.420060     1.000000      11      6679.647067

Job 98796 consumed 0.0 billing hours and 5.0 GPU hours from project nn12048k.

Submitted 2026-01-25T10:33:50; waited 5.2 hours in the queue after becoming eligible to run.

Requested wallclock time: 24.0 hours
Elapsed wallclock time:   5.0 hours

Job exited normally.

Task and CPU statistics:
ID               CPUs  Tasks  CPU util                Start  Elapsed  Exit status
98796               1            0.0 %  2026-01-25T15:48:19    5.0 h  0
98796.batch         1      1     0.0 %  2026-01-25T15:48:19    5.0 h  0
98796.apptainer     1      1     0.0 %  2026-01-25T15:48:19    5.0 h  0

Used CPU time:   0.2 CPU seconds
Unused CPU time: 5.0 CPU hours

Memory statistics, in GiB:
ID                Alloc   Usage
98796             128.0        
98796.batch       128.0     0.0
98796.apptainer   128.0     6.7

Job 98796 completed at Sun Jan 25 20:47:36 CET 2026
