Starting job 98540 on gpu-1-76 on Olivia at Sat Jan 24 15:37:14 CET 2026

=== JOB CONFIGURATION ===
Job ID: 98540
Node: gpu-1-76
Scratch Cache: /cluster/software/gpujobscratch/jobs/98540/hf_cache_98540
Free space in SCRATCH: 468T
The following modules were not unloaded:
  (Use "module --force purge" to unload all):

  1) init-NRIS
=== STARTING CONTAINER ===
Container: /cluster/work/projects/nn12048k/michechi/extended-pytorch/extended-pytorch.sif
Environment: HUGGING_FACE_HUB_TOKEN=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,HF_HOME=/cluster/software/gpujobscratch/jobs/98540/hf_cache_98540,HF_DATASETS_CACHE=/cluster/software/gpujobscratch/jobs/98540/hf_cache_98540,XDG_CACHE_HOME=/cluster/software/gpujobscratch/jobs/98540/hf_cache_98540,PYTHONUNBUFFERED=1
INFO:    gocryptfs not found, will not be able to use gocryptfs
INFO:__main__:Argument batch_size: 32
INFO:__main__:Argument cache_dir: '/cluster/work/projects/nn12048k/michechi/cache/'
INFO:__main__:Argument cold_start: False
INFO:__main__:Argument early: 'loss'
INFO:__main__:Argument epochs: 20
INFO:__main__:Argument fractions: '0.01,0.10,0.30,0.50,0.75,1.0'
INFO:__main__:Argument gradient_accumulation_steps: 1
INFO:__main__:Argument lr: 2e-05
INFO:__main__:Argument max_length: 100
INFO:__main__:Argument model_name: 'google-bert/bert-base-uncased'
INFO:__main__:Argument number_to_use: 'big'
INFO:__main__:Argument output_dir: '/cluster/work/projects/nn12048k/michechi/results/llm_fraction/'
INFO:__main__:Argument path_csv: '/cluster/home/michechi/MIMICIV/data/simulation/tested/'
INFO:__main__:Argument patience: 3
INFO:__main__:Argument peft: False
INFO:__main__:Argument seed: 9550
INFO:__main__:Argument tiny: False
INFO:__main__:Argument tiny_type: '1M'
INFO:__main__:Using device: cuda
INFO:__main__:Output directory: /cluster/work/projects/nn12048k/michechi/results/llm_fraction/
INFO:__main__:Loading datasets...
INFO:__main__:Dataset sizes - Train: 160000, Val: 20000, Test: 20000
INFO:__main__:Testing fractions: [0.01, 0.1, 0.3, 0.5, 0.75, 1.0]
INFO:__main__:======================================================================
INFO:__main__:Training with 1% of training data
INFO:__main__:======================================================================
INFO:__main__:Training subset size: 1600
INFO:__main__:Loading pre-trained BERT model (WARM START)
Some weights of BertForSequenceClassification were not initialized from the model checkpoint at google-bert/bert-base-uncased and are newly initialized: ['classifier.bias', 'classifier.weight']
You should probably TRAIN this model on a down-stream task to be able to use it for predictions and inference.
INFO:__main__:Model parameters: 109,483,778
INFO:__main__:Epoch 1/20 | Train Loss: 0.6813 | Val Loss: 0.6935 | Val AUC: 0.4956 | Val F1: 0.4343
INFO:__main__:New best model (AUC: 0.4956)
INFO:__main__:Epoch 2/20 | Train Loss: 0.6802 | Val Loss: 0.6746 | Val AUC: 0.4949 | Val F1: 0.0000
INFO:__main__:New best model (AUC: 0.4949)
INFO:__main__:Epoch 3/20 | Train Loss: 0.6767 | Val Loss: 0.6730 | Val AUC: 0.5119 | Val F1: 0.0000
INFO:__main__:New best model (AUC: 0.5119)
INFO:__main__:Epoch 4/20 | Train Loss: 0.6756 | Val Loss: 0.6736 | Val AUC: 0.5062 | Val F1: 0.0000
INFO:__main__:Epoch 5/20 | Train Loss: 0.6749 | Val Loss: 0.6742 | Val AUC: 0.5043 | Val F1: 0.0000
INFO:__main__:Epoch 6/20 | Train Loss: 0.6734 | Val Loss: 0.6729 | Val AUC: 0.5106 | Val F1: 0.0000
INFO:__main__:New best model (AUC: 0.5106)
INFO:__main__:Epoch 7/20 | Train Loss: 0.6591 | Val Loss: 0.6817 | Val AUC: 0.4969 | Val F1: 0.0221
INFO:__main__:Epoch 8/20 | Train Loss: 0.6122 | Val Loss: 0.7395 | Val AUC: 0.5101 | Val F1: 0.1856
INFO:__main__:Epoch 9/20 | Train Loss: 0.5118 | Val Loss: 0.8245 | Val AUC: 0.5075 | Val F1: 0.2895
INFO:__main__:Early stopping at epoch 9
INFO:__main__:Optimal threshold: 0.10 (Val F1: 0.5714)
INFO:__main__:Fraction 1% - Test AUC: 0.5228, Test F1: 0.5714, Time: 130.9s
INFO:__main__:======================================================================
INFO:__main__:Training with 10% of training data
INFO:__main__:======================================================================
INFO:__main__:Training subset size: 16000
INFO:__main__:Loading pre-trained BERT model (WARM START)
Some weights of BertForSequenceClassification were not initialized from the model checkpoint at google-bert/bert-base-uncased and are newly initialized: ['classifier.bias', 'classifier.weight']
You should probably TRAIN this model on a down-stream task to be able to use it for predictions and inference.
INFO:__main__:Model parameters: 109,483,778
INFO:__main__:Epoch 1/20 | Train Loss: 0.6843 | Val Loss: 0.6735 | Val AUC: 0.5214 | Val F1: 0.0000
INFO:__main__:New best model (AUC: 0.5214)
INFO:__main__:Epoch 2/20 | Train Loss: 0.6757 | Val Loss: 0.6728 | Val AUC: 0.5330 | Val F1: 0.0000
INFO:__main__:New best model (AUC: 0.5330)
srun: Job step aborted: Waiting up to 32 seconds for job step to finish.
[2026-01-24T15:40:56.419] error: *** STEP 98540.0 ON gpu-1-76 CANCELLED AT 2026-01-24T15:40:56 DUE to SIGNAL Terminated ***
[2026-01-24T15:40:56.420] error: *** JOB 98540 ON gpu-1-76 CANCELLED AT 2026-01-24T15:40:56 DUE to SIGNAL Terminated ***

Job 98540 consumed 0.0 billing hours and 0.1 GPU hours from project nn12048k.

Submitted 2026-01-24T15:37:13; waited 1.0 seconds in the queue after becoming eligible to run.

Requested wallclock time: 24.0 hours
Elapsed wallclock time:   3.7 minutes

Job was cancelled.

Task and CPU statistics:
ID               CPUs  Tasks  CPU util                Start  Elapsed  Exit status
98540               1            0.0 %  2026-01-24T15:37:14  222.0 s  0
98540.batch         1      1     0.1 %  2026-01-24T15:37:14  223.0 s  Signal 15
98540.apptainer     1      1     0.0 %  2026-01-24T15:37:14  224.0 s  Signal 15

Used CPU time:   0.2 CPU seconds
Unused CPU time: 3.7 CPU minutes

Memory statistics, in GiB:
ID                Alloc   Usage
98540             128.0        
98540.batch       128.0     0.0
98540.apptainer   128.0     4.1

Job 98540 completed at Sat Jan 24 15:41:00 CET 2026
Starting job 98549 on gpu-1-76 on Olivia at Sat Jan 24 15:41:03 CET 2026

=== JOB CONFIGURATION ===
Job ID: 98549
Node: gpu-1-76
Scratch Cache: /cluster/software/gpujobscratch/jobs/98549/hf_cache_98549
Free space in SCRATCH: 468T
The following modules were not unloaded:
  (Use "module --force purge" to unload all):

  1) init-NRIS
=== STARTING CONTAINER ===
Container: /cluster/work/projects/nn12048k/michechi/extended-pytorch/extended-pytorch.sif
Environment: HUGGING_FACE_HUB_TOKEN=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,HF_HOME=/cluster/software/gpujobscratch/jobs/98549/hf_cache_98549,HF_DATASETS_CACHE=/cluster/software/gpujobscratch/jobs/98549/hf_cache_98549,XDG_CACHE_HOME=/cluster/software/gpujobscratch/jobs/98549/hf_cache_98549,PYTHONUNBUFFERED=1
INFO:    gocryptfs not found, will not be able to use gocryptfs
INFO:__main__:Argument batch_size: 32
INFO:__main__:Argument cache_dir: '/cluster/work/projects/nn12048k/michechi/cache/'
INFO:__main__:Argument cold_start: False
INFO:__main__:Argument early: 'loss'
INFO:__main__:Argument epochs: 20
INFO:__main__:Argument fractions: '0.01,0.10,0.30,0.50,0.75,1.0'
INFO:__main__:Argument gradient_accumulation_steps: 1
INFO:__main__:Argument lr: 2e-05
INFO:__main__:Argument max_length: 200
INFO:__main__:Argument model_name: 'google-bert/bert-base-uncased'
INFO:__main__:Argument number_to_use: 'big'
INFO:__main__:Argument output_dir: '/cluster/work/projects/nn12048k/michechi/results/llm_fraction/'
INFO:__main__:Argument path_csv: '/cluster/home/michechi/MIMICIV/data/simulation/tested/'
INFO:__main__:Argument patience: 3
INFO:__main__:Argument peft: False
INFO:__main__:Argument seed: 9550
INFO:__main__:Argument tiny: False
INFO:__main__:Argument tiny_type: '1M'
INFO:__main__:Using device: cuda
INFO:__main__:Output directory: /cluster/work/projects/nn12048k/michechi/results/llm_fraction/
INFO:__main__:Loading datasets...
INFO:__main__:Dataset sizes - Train: 160000, Val: 20000, Test: 20000
INFO:__main__:Testing fractions: [0.01, 0.1, 0.3, 0.5, 0.75, 1.0]
INFO:__main__:======================================================================
INFO:__main__:Training with 1% of training data
INFO:__main__:======================================================================
INFO:__main__:Training subset size: 1600
INFO:__main__:Loading pre-trained BERT model (WARM START)
Some weights of BertForSequenceClassification were not initialized from the model checkpoint at google-bert/bert-base-uncased and are newly initialized: ['classifier.bias', 'classifier.weight']
You should probably TRAIN this model on a down-stream task to be able to use it for predictions and inference.
INFO:__main__:Model parameters: 109,483,778
INFO:__main__:Epoch 1/20 | Train Loss: 0.6800 | Val Loss: 0.6761 | Val AUC: 0.4971 | Val F1: 0.0000
INFO:__main__:New best model (AUC: 0.4971)
INFO:__main__:Epoch 2/20 | Train Loss: 0.6762 | Val Loss: 0.6771 | Val AUC: 0.4985 | Val F1: 0.0000
INFO:__main__:Epoch 3/20 | Train Loss: 0.6765 | Val Loss: 0.6733 | Val AUC: 0.5030 | Val F1: 0.0000
INFO:__main__:New best model (AUC: 0.5030)
INFO:__main__:Epoch 4/20 | Train Loss: 0.6782 | Val Loss: 0.6736 | Val AUC: 0.4993 | Val F1: 0.0000
INFO:__main__:Epoch 5/20 | Train Loss: 0.6717 | Val Loss: 0.6757 | Val AUC: 0.4990 | Val F1: 0.0000
INFO:__main__:Epoch 6/20 | Train Loss: 0.6714 | Val Loss: 0.6745 | Val AUC: 0.4982 | Val F1: 0.0000
INFO:__main__:Early stopping at epoch 6
INFO:__main__:Optimal threshold: 0.10 (Val F1: 0.5714)
INFO:__main__:Fraction 1% - Test AUC: 0.5068, Test F1: 0.5714, Time: 113.9s
INFO:__main__:======================================================================
INFO:__main__:Training with 10% of training data
INFO:__main__:======================================================================
INFO:__main__:Training subset size: 16000
INFO:__main__:Loading pre-trained BERT model (WARM START)
Some weights of BertForSequenceClassification were not initialized from the model checkpoint at google-bert/bert-base-uncased and are newly initialized: ['classifier.bias', 'classifier.weight']
You should probably TRAIN this model on a down-stream task to be able to use it for predictions and inference.
INFO:__main__:Model parameters: 109,483,778
INFO:__main__:Epoch 1/20 | Train Loss: 0.6755 | Val Loss: 0.6731 | Val AUC: 0.5187 | Val F1: 0.0000
INFO:__main__:New best model (AUC: 0.5187)
INFO:__main__:Epoch 2/20 | Train Loss: 0.6766 | Val Loss: 0.6766 | Val AUC: 0.5338 | Val F1: 0.0000
INFO:__main__:Epoch 3/20 | Train Loss: 0.6746 | Val Loss: 0.6744 | Val AUC: 0.5487 | Val F1: 0.0000
INFO:__main__:Epoch 4/20 | Train Loss: 0.6773 | Val Loss: 0.6712 | Val AUC: 0.5504 | Val F1: 0.0000
INFO:__main__:New best model (AUC: 0.5504)
INFO:__main__:Epoch 5/20 | Train Loss: 0.6711 | Val Loss: 0.6691 | Val AUC: 0.5553 | Val F1: 0.0158
INFO:__main__:New best model (AUC: 0.5553)
INFO:__main__:Epoch 6/20 | Train Loss: 0.6616 | Val Loss: 0.6670 | Val AUC: 0.5699 | Val F1: 0.2861
INFO:__main__:New best model (AUC: 0.5699)
INFO:__main__:Epoch 7/20 | Train Loss: 0.6443 | Val Loss: 0.6767 | Val AUC: 0.5703 | Val F1: 0.4523
INFO:__main__:Epoch 8/20 | Train Loss: 0.6106 | Val Loss: 0.7284 | Val AUC: 0.5667 | Val F1: 0.4610
INFO:__main__:Epoch 9/20 | Train Loss: 0.5635 | Val Loss: 0.7786 | Val AUC: 0.5597 | Val F1: 0.4031
INFO:__main__:Early stopping at epoch 9
INFO:__main__:Optimal threshold: 0.27 (Val F1: 0.5720)
INFO:__main__:Fraction 10% - Test AUC: 0.5746, Test F1: 0.5716, Time: 353.1s
INFO:__main__:======================================================================
INFO:__main__:Training with 30% of training data
INFO:__main__:======================================================================
INFO:__main__:Training subset size: 48000
INFO:__main__:Loading pre-trained BERT model (WARM START)
Some weights of BertForSequenceClassification were not initialized from the model checkpoint at google-bert/bert-base-uncased and are newly initialized: ['classifier.bias', 'classifier.weight']
You should probably TRAIN this model on a down-stream task to be able to use it for predictions and inference.
INFO:__main__:Model parameters: 109,483,778
INFO:__main__:Epoch 1/20 | Train Loss: 0.6799 | Val Loss: 0.6751 | Val AUC: 0.5063 | Val F1: 0.0000
INFO:__main__:New best model (AUC: 0.5063)
INFO:__main__:Epoch 2/20 | Train Loss: 0.6769 | Val Loss: 0.6736 | Val AUC: 0.4877 | Val F1: 0.0000
INFO:__main__:New best model (AUC: 0.4877)
INFO:__main__:Epoch 3/20 | Train Loss: 0.6755 | Val Loss: 0.6787 | Val AUC: 0.4923 | Val F1: 0.0000
INFO:__main__:Epoch 4/20 | Train Loss: 0.6747 | Val Loss: 0.6754 | Val AUC: 0.5031 | Val F1: 0.0000
INFO:__main__:Epoch 5/20 | Train Loss: 0.6746 | Val Loss: 0.6733 | Val AUC: 0.4968 | Val F1: 0.0000
INFO:__main__:New best model (AUC: 0.4968)
INFO:__main__:Epoch 6/20 | Train Loss: 0.6742 | Val Loss: 0.6732 | Val AUC: 0.4915 | Val F1: 0.0000
INFO:__main__:New best model (AUC: 0.4915)
INFO:__main__:Epoch 7/20 | Train Loss: 0.6739 | Val Loss: 0.6731 | Val AUC: 0.5134 | Val F1: 0.0000
INFO:__main__:New best model (AUC: 0.5134)
INFO:__main__:Epoch 8/20 | Train Loss: 0.6741 | Val Loss: 0.6732 | Val AUC: 0.4993 | Val F1: 0.0000
INFO:__main__:Epoch 9/20 | Train Loss: 0.6737 | Val Loss: 0.6732 | Val AUC: 0.5002 | Val F1: 0.0000
INFO:__main__:Epoch 10/20 | Train Loss: 0.6736 | Val Loss: 0.6730 | Val AUC: 0.4958 | Val F1: 0.0000
INFO:__main__:New best model (AUC: 0.4958)
INFO:__main__:Epoch 11/20 | Train Loss: 0.6739 | Val Loss: 0.6734 | Val AUC: 0.4952 | Val F1: 0.0000
INFO:__main__:Epoch 12/20 | Train Loss: 0.6735 | Val Loss: 0.6731 | Val AUC: 0.5006 | Val F1: 0.0000
INFO:__main__:Epoch 13/20 | Train Loss: 0.6735 | Val Loss: 0.6732 | Val AUC: 0.5020 | Val F1: 0.0000
INFO:__main__:Early stopping at epoch 13
INFO:__main__:Optimal threshold: 0.10 (Val F1: 0.5714)
INFO:__main__:Fraction 30% - Test AUC: 0.4997, Test F1: 0.5714, Time: 1117.6s
INFO:__main__:======================================================================
INFO:__main__:Training with 50% of training data
INFO:__main__:======================================================================
INFO:__main__:Training subset size: 80000
INFO:__main__:Loading pre-trained BERT model (WARM START)
Some weights of BertForSequenceClassification were not initialized from the model checkpoint at google-bert/bert-base-uncased and are newly initialized: ['classifier.bias', 'classifier.weight']
You should probably TRAIN this model on a down-stream task to be able to use it for predictions and inference.
INFO:__main__:Model parameters: 109,483,778
INFO:__main__:Epoch 1/20 | Train Loss: 0.6750 | Val Loss: 0.6729 | Val AUC: 0.5618 | Val F1: 0.0000
INFO:__main__:New best model (AUC: 0.5618)
INFO:__main__:Epoch 2/20 | Train Loss: 0.6712 | Val Loss: 0.6618 | Val AUC: 0.5871 | Val F1: 0.0984
INFO:__main__:New best model (AUC: 0.5871)
INFO:__main__:Epoch 3/20 | Train Loss: 0.6591 | Val Loss: 0.6553 | Val AUC: 0.6099 | Val F1: 0.3506
INFO:__main__:New best model (AUC: 0.6099)
INFO:__main__:Epoch 4/20 | Train Loss: 0.6451 | Val Loss: 0.6593 | Val AUC: 0.6113 | Val F1: 0.4322
INFO:__main__:Epoch 5/20 | Train Loss: 0.6198 | Val Loss: 0.6638 | Val AUC: 0.6069 | Val F1: 0.4515
INFO:__main__:Epoch 6/20 | Train Loss: 0.5738 | Val Loss: 0.7439 | Val AUC: 0.5980 | Val F1: 0.4868
INFO:__main__:Early stopping at epoch 6
INFO:__main__:Optimal threshold: 0.27 (Val F1: 0.5806)
INFO:__main__:Fraction 50% - Test AUC: 0.6104, Test F1: 0.5802, Time: 817.1s
INFO:__main__:======================================================================
INFO:__main__:Training with 75% of training data
INFO:__main__:======================================================================
INFO:__main__:Training subset size: 120000
INFO:__main__:Loading pre-trained BERT model (WARM START)
Some weights of BertForSequenceClassification were not initialized from the model checkpoint at google-bert/bert-base-uncased and are newly initialized: ['classifier.bias', 'classifier.weight']
You should probably TRAIN this model on a down-stream task to be able to use it for predictions and inference.
INFO:__main__:Model parameters: 109,483,778
INFO:__main__:Epoch 1/20 | Train Loss: 0.6731 | Val Loss: 0.6651 | Val AUC: 0.5861 | Val F1: 0.0377
INFO:__main__:New best model (AUC: 0.5861)
INFO:__main__:Epoch 2/20 | Train Loss: 0.6609 | Val Loss: 0.6680 | Val AUC: 0.6150 | Val F1: 0.5205
INFO:__main__:Epoch 3/20 | Train Loss: 0.6515 | Val Loss: 0.6504 | Val AUC: 0.6242 | Val F1: 0.2773
INFO:__main__:New best model (AUC: 0.6242)
INFO:__main__:Epoch 4/20 | Train Loss: 0.6327 | Val Loss: 0.6383 | Val AUC: 0.6545 | Val F1: 0.4815
INFO:__main__:New best model (AUC: 0.6545)
INFO:__main__:Epoch 5/20 | Train Loss: 0.5916 | Val Loss: 0.6436 | Val AUC: 0.6835 | Val F1: 0.5904
INFO:__main__:Epoch 6/20 | Train Loss: 0.5254 | Val Loss: 0.6261 | Val AUC: 0.7164 | Val F1: 0.6110
INFO:__main__:New best model (AUC: 0.7164)
INFO:__main__:Epoch 7/20 | Train Loss: 0.4461 | Val Loss: 0.6474 | Val AUC: 0.7397 | Val F1: 0.6153
INFO:__main__:Epoch 8/20 | Train Loss: 0.3642 | Val Loss: 0.7137 | Val AUC: 0.7510 | Val F1: 0.6196
INFO:__main__:Epoch 9/20 | Train Loss: 0.2951 | Val Loss: 0.8224 | Val AUC: 0.7492 | Val F1: 0.6334
INFO:__main__:Early stopping at epoch 9
INFO:__main__:Optimal threshold: 0.38 (Val F1: 0.6264)
INFO:__main__:Fraction 75% - Test AUC: 0.7110, Test F1: 0.6230, Time: 1757.6s
INFO:__main__:======================================================================
INFO:__main__:Training with 100% of training data
INFO:__main__:======================================================================
INFO:__main__:Training subset size: 160000
INFO:__main__:Loading pre-trained BERT model (WARM START)
Some weights of BertForSequenceClassification were not initialized from the model checkpoint at google-bert/bert-base-uncased and are newly initialized: ['classifier.bias', 'classifier.weight']
You should probably TRAIN this model on a down-stream task to be able to use it for predictions and inference.
INFO:__main__:Model parameters: 109,483,778
INFO:__main__:Epoch 1/20 | Train Loss: 0.6743 | Val Loss: 0.6686 | Val AUC: 0.5723 | Val F1: 0.1188
INFO:__main__:New best model (AUC: 0.5723)
INFO:__main__:Epoch 2/20 | Train Loss: 0.6605 | Val Loss: 0.6523 | Val AUC: 0.6201 | Val F1: 0.3187
INFO:__main__:New best model (AUC: 0.6201)
INFO:__main__:Epoch 3/20 | Train Loss: 0.6462 | Val Loss: 0.6461 | Val AUC: 0.6473 | Val F1: 0.4933
INFO:__main__:New best model (AUC: 0.6473)
INFO:__main__:Epoch 4/20 | Train Loss: 0.6051 | Val Loss: 0.5479 | Val AUC: 0.8136 | Val F1: 0.6898
INFO:__main__:New best model (AUC: 0.8136)
INFO:__main__:Epoch 5/20 | Train Loss: 0.3764 | Val Loss: 0.1908 | Val AUC: 0.9760 | Val F1: 0.9024
INFO:__main__:New best model (AUC: 0.9760)
INFO:__main__:Epoch 6/20 | Train Loss: 0.1855 | Val Loss: 0.1124 | Val AUC: 0.9914 | Val F1: 0.9386
INFO:__main__:New best model (AUC: 0.9914)
INFO:__main__:Epoch 7/20 | Train Loss: 0.1222 | Val Loss: 0.0808 | Val AUC: 0.9955 | Val F1: 0.9579
INFO:__main__:New best model (AUC: 0.9955)
INFO:__main__:Epoch 8/20 | Train Loss: 0.0907 | Val Loss: 0.0658 | Val AUC: 0.9971 | Val F1: 0.9663
INFO:__main__:New best model (AUC: 0.9971)
INFO:__main__:Epoch 9/20 | Train Loss: 0.0718 | Val Loss: 0.0629 | Val AUC: 0.9976 | Val F1: 0.9676
INFO:__main__:New best model (AUC: 0.9976)
INFO:__main__:Epoch 10/20 | Train Loss: 0.0567 | Val Loss: 0.0512 | Val AUC: 0.9983 | Val F1: 0.9741
INFO:__main__:New best model (AUC: 0.9983)
INFO:__main__:Epoch 11/20 | Train Loss: 0.0448 | Val Loss: 0.0448 | Val AUC: 0.9987 | Val F1: 0.9785
INFO:__main__:New best model (AUC: 0.9987)
INFO:__main__:Epoch 12/20 | Train Loss: 0.0353 | Val Loss: 0.0441 | Val AUC: 0.9989 | Val F1: 0.9809
INFO:__main__:New best model (AUC: 0.9989)
INFO:__main__:Epoch 13/20 | Train Loss: 0.0284 | Val Loss: 0.0425 | Val AUC: 0.9989 | Val F1: 0.9799
INFO:__main__:New best model (AUC: 0.9989)
INFO:__main__:Epoch 14/20 | Train Loss: 0.0236 | Val Loss: 0.0474 | Val AUC: 0.9990 | Val F1: 0.9804
INFO:__main__:Epoch 15/20 | Train Loss: 0.0183 | Val Loss: 0.0475 | Val AUC: 0.9990 | Val F1: 0.9818
INFO:__main__:Epoch 16/20 | Train Loss: 0.0148 | Val Loss: 0.0435 | Val AUC: 0.9992 | Val F1: 0.9821
INFO:__main__:Early stopping at epoch 16
INFO:__main__:Optimal threshold: 0.46 (Val F1: 0.9802)
INFO:__main__:Fraction 100% - Test AUC: 0.9985, Test F1: 0.9770, Time: 4072.7s
INFO:__main__:Results saved to: /cluster/work/projects/nn12048k/michechi/results/llm_fraction/bert_fraction_experiment_google-bert_bert-base-uncased_big_20260124_175827.csv
INFO:__main__:
======================================================================
INFO:__main__:EXPERIMENT SUMMARY
INFO:__main__:======================================================================
 fraction  train_samples  val_auc   val_f1  val_f1_optimal  val_loss  optimal_threshold  test_auc  test_f1  test_accuracy  test_precision  test_recall  epochs  training_time_s
     0.01           1600 0.503039 0.000000        0.571429  0.673336               0.10  0.506811 0.571429        0.40000        0.400000      1.00000       6       113.946108
     0.10          16000 0.569934 0.286068        0.571966  0.666991               0.27  0.574569 0.571573        0.40770        0.402137      0.98775       9       353.098130
     0.30          48000 0.495839 0.000000        0.571429  0.673037               0.10  0.499651 0.571429        0.40000        0.400000      1.00000      13      1117.600945
     0.50          80000 0.609862 0.350569        0.580632  0.655306               0.27  0.610418 0.580223        0.47085        0.424961      0.91425       6       817.107181
     0.75         120000 0.716424 0.611026        0.626424  0.626132               0.38  0.710980 0.622959        0.61095        0.508665      0.80350       9      1757.561646
     1.00         160000 0.998939 0.979925        0.980205  0.042466               0.46  0.998507 0.977013        0.98170        0.981823      0.97225      16      4072.680732

Job 98549 consumed 0.0 billing hours and 2.3 GPU hours from project nn12048k.

Submitted 2026-01-24T15:41:02; waited 1.0 seconds in the queue after becoming eligible to run.

Requested wallclock time: 24.0 hours
Elapsed wallclock time:   2.3 hours

Job exited normally.

Task and CPU statistics:
ID               CPUs  Tasks  CPU util                Start  Elapsed  Exit status
98549               1            0.0 %  2026-01-24T15:41:03    2.3 h  0
98549.batch         1      1     0.0 %  2026-01-24T15:41:03    2.3 h  0
98549.apptainer     1      1     0.0 %  2026-01-24T15:41:03    2.3 h  0

Used CPU time:   0.2 CPU seconds
Unused CPU time: 2.3 CPU hours

Memory statistics, in GiB:
ID                Alloc   Usage
98549             128.0        
98549.batch       128.0     0.0
98549.apptainer   128.0     4.6

Job 98549 completed at Sat Jan 24 17:58:29 CET 2026
