Starting job 98554 on gpu-1-68 on Olivia at Sat Jan 24 16:27:44 CET 2026

=== JOB CONFIGURATION ===
Job ID: 98554
Node: gpu-1-68
Scratch Cache: /cluster/software/gpujobscratch/jobs/98554/hf_cache_98554
Free space in SCRATCH: 468T
The following modules were not unloaded:
  (Use "module --force purge" to unload all):

  1) init-NRIS
=== STARTING CONTAINER ===
Container: /cluster/work/projects/nn12048k/michechi/extended-pytorch/extended-pytorch.sif
Environment: HUGGING_FACE_HUB_TOKEN=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,HF_HOME=/cluster/software/gpujobscratch/jobs/98554/hf_cache_98554,HF_DATASETS_CACHE=/cluster/software/gpujobscratch/jobs/98554/hf_cache_98554,XDG_CACHE_HOME=/cluster/software/gpujobscratch/jobs/98554/hf_cache_98554,PYTHONUNBUFFERED=1
INFO:    gocryptfs not found, will not be able to use gocryptfs
/usr/bin/rm: cannot remove '/usr/local/cuda/compat/lib': Read-only file system
rm: cannot remove '/usr/local/cuda/compat/lib': Read-only file system
INFO:__main__:Argument batch_size: 32
INFO:__main__:Argument cache_dir: '/cluster/work/projects/nn12048k/michechi/cache/'
INFO:__main__:Argument cold_start: False
INFO:__main__:Argument early: 'loss'
INFO:__main__:Argument epochs: 20
INFO:__main__:Argument fractions: '0.01,0.10,0.30,0.50,0.75,1.0'
INFO:__main__:Argument gradient_accumulation_steps: 1
INFO:__main__:Argument lr: 2e-05
INFO:__main__:Argument max_length: 200
INFO:__main__:Argument model_name: 'google-bert/bert-base-uncased'
INFO:__main__:Argument number_to_use: 'alph'
INFO:__main__:Argument output_dir: '/cluster/work/projects/nn12048k/michechi/results/llm_fraction/'
INFO:__main__:Argument path_csv: '/cluster/home/michechi/MIMICIV/data/simulation/tested/'
INFO:__main__:Argument patience: 3
INFO:__main__:Argument peft: False
INFO:__main__:Argument seed: 9550
INFO:__main__:Argument tiny: False
INFO:__main__:Argument tiny_type: '1M'
INFO:__main__:Using device: cuda
INFO:__main__:Output directory: /cluster/work/projects/nn12048k/michechi/results/llm_fraction/
INFO:__main__:Loading datasets...
INFO:__main__:Dataset sizes - Train: 320000, Val: 40000, Test: 40000
INFO:__main__:Testing fractions: [0.01, 0.1, 0.3, 0.5, 0.75, 1.0]
INFO:__main__:======================================================================
INFO:__main__:Training with 1% of training data
INFO:__main__:======================================================================
INFO:__main__:Training subset size: 3200
INFO:__main__:Loading pre-trained BERT model (WARM START)
Some weights of BertForSequenceClassification were not initialized from the model checkpoint at google-bert/bert-base-uncased and are newly initialized: ['classifier.bias', 'classifier.weight']
You should probably TRAIN this model on a down-stream task to be able to use it for predictions and inference.
INFO:__main__:Model parameters: 109,483,778
INFO:__main__:Epoch 1/20 | Train Loss: 0.6978 | Val Loss: 0.6937 | Val AUC: 0.5554 | Val F1: 0.6665
INFO:__main__:New best model (AUC: 0.5554)
INFO:__main__:Epoch 2/20 | Train Loss: 0.6965 | Val Loss: 0.6568 | Val AUC: 0.6913 | Val F1: 0.4442
INFO:__main__:New best model (AUC: 0.6913)
INFO:__main__:Epoch 3/20 | Train Loss: 0.6514 | Val Loss: 0.5368 | Val AUC: 0.7637 | Val F1: 0.7585
INFO:__main__:New best model (AUC: 0.7637)
INFO:__main__:Epoch 4/20 | Train Loss: 0.5442 | Val Loss: 0.4680 | Val AUC: 0.8116 | Val F1: 0.8067
INFO:__main__:New best model (AUC: 0.8116)
INFO:__main__:Epoch 5/20 | Train Loss: 0.5115 | Val Loss: 0.4448 | Val AUC: 0.8337 | Val F1: 0.7964
INFO:__main__:New best model (AUC: 0.8337)
INFO:__main__:Epoch 6/20 | Train Loss: 0.4472 | Val Loss: 0.4155 | Val AUC: 0.8555 | Val F1: 0.8356
INFO:__main__:New best model (AUC: 0.8555)
INFO:__main__:Epoch 7/20 | Train Loss: 0.4056 | Val Loss: 0.3858 | Val AUC: 0.8707 | Val F1: 0.8493
INFO:__main__:New best model (AUC: 0.8707)
INFO:__main__:Epoch 8/20 | Train Loss: 0.3642 | Val Loss: 0.3549 | Val AUC: 0.8964 | Val F1: 0.8678
INFO:__main__:New best model (AUC: 0.8964)
INFO:__main__:Epoch 9/20 | Train Loss: 0.3217 | Val Loss: 0.3309 | Val AUC: 0.9050 | Val F1: 0.8786
INFO:__main__:New best model (AUC: 0.9050)
INFO:__main__:Epoch 10/20 | Train Loss: 0.3016 | Val Loss: 0.3134 | Val AUC: 0.9122 | Val F1: 0.8852
INFO:__main__:New best model (AUC: 0.9122)
INFO:__main__:Epoch 11/20 | Train Loss: 0.2884 | Val Loss: 0.2999 | Val AUC: 0.9137 | Val F1: 0.8921
INFO:__main__:New best model (AUC: 0.9137)
INFO:__main__:Epoch 12/20 | Train Loss: 0.2501 | Val Loss: 0.2898 | Val AUC: 0.9238 | Val F1: 0.8954
INFO:__main__:New best model (AUC: 0.9238)
INFO:__main__:Epoch 13/20 | Train Loss: 0.2451 | Val Loss: 0.3011 | Val AUC: 0.9207 | Val F1: 0.9015
INFO:__main__:Epoch 14/20 | Train Loss: 0.2332 | Val Loss: 0.2940 | Val AUC: 0.9274 | Val F1: 0.9058
INFO:__main__:Epoch 15/20 | Train Loss: 0.2135 | Val Loss: 0.2893 | Val AUC: 0.9267 | Val F1: 0.9075
INFO:__main__:New best model (AUC: 0.9267)
INFO:__main__:Epoch 16/20 | Train Loss: 0.2045 | Val Loss: 0.2823 | Val AUC: 0.9300 | Val F1: 0.9115
INFO:__main__:New best model (AUC: 0.9300)
INFO:__main__:Epoch 17/20 | Train Loss: 0.1972 | Val Loss: 0.2747 | Val AUC: 0.9306 | Val F1: 0.9129
INFO:__main__:New best model (AUC: 0.9306)
INFO:__main__:Epoch 18/20 | Train Loss: 0.1871 | Val Loss: 0.2935 | Val AUC: 0.9297 | Val F1: 0.9114
INFO:__main__:Epoch 19/20 | Train Loss: 0.1773 | Val Loss: 0.2818 | Val AUC: 0.9321 | Val F1: 0.9148
INFO:__main__:Epoch 20/20 | Train Loss: 0.1708 | Val Loss: 0.2854 | Val AUC: 0.9330 | Val F1: 0.9164
INFO:__main__:Early stopping at epoch 20
INFO:__main__:Optimal threshold: 0.63 (Val F1: 0.9139)
INFO:__main__:Fraction 1% - Test AUC: 0.9294, Test F1: 0.9120, Time: 568.2s
INFO:__main__:======================================================================
INFO:__main__:Training with 10% of training data
INFO:__main__:======================================================================
INFO:__main__:Training subset size: 32000
INFO:__main__:Loading pre-trained BERT model (WARM START)
Some weights of BertForSequenceClassification were not initialized from the model checkpoint at google-bert/bert-base-uncased and are newly initialized: ['classifier.bias', 'classifier.weight']
You should probably TRAIN this model on a down-stream task to be able to use it for predictions and inference.
INFO:__main__:Model parameters: 109,483,778
INFO:__main__:Epoch 1/20 | Train Loss: 0.5885 | Val Loss: 0.4213 | Val AUC: 0.9004 | Val F1: 0.8449
INFO:__main__:New best model (AUC: 0.9004)
INFO:__main__:Epoch 2/20 | Train Loss: 0.2776 | Val Loss: 0.1937 | Val AUC: 0.9493 | Val F1: 0.9419
INFO:__main__:New best model (AUC: 0.9493)
INFO:__main__:Epoch 3/20 | Train Loss: 0.1897 | Val Loss: 0.1676 | Val AUC: 0.9531 | Val F1: 0.9535
INFO:__main__:New best model (AUC: 0.9531)
INFO:__main__:Epoch 4/20 | Train Loss: 0.1728 | Val Loss: 0.1628 | Val AUC: 0.9525 | Val F1: 0.9542
INFO:__main__:New best model (AUC: 0.9525)
INFO:__main__:Epoch 5/20 | Train Loss: 0.1692 | Val Loss: 0.1634 | Val AUC: 0.9532 | Val F1: 0.9542
INFO:__main__:Epoch 6/20 | Train Loss: 0.1677 | Val Loss: 0.1639 | Val AUC: 0.9529 | Val F1: 0.9542
INFO:__main__:Epoch 7/20 | Train Loss: 0.1650 | Val Loss: 0.1626 | Val AUC: 0.9527 | Val F1: 0.9544
INFO:__main__:New best model (AUC: 0.9527)
INFO:__main__:Epoch 8/20 | Train Loss: 0.1658 | Val Loss: 0.1626 | Val AUC: 0.9531 | Val F1: 0.9544
INFO:__main__:Epoch 9/20 | Train Loss: 0.1646 | Val Loss: 0.1641 | Val AUC: 0.9531 | Val F1: 0.9544
INFO:__main__:Epoch 10/20 | Train Loss: 0.1650 | Val Loss: 0.1635 | Val AUC: 0.9535 | Val F1: 0.9543
INFO:__main__:Early stopping at epoch 10
INFO:__main__:Optimal threshold: 0.10 (Val F1: 0.9544)
INFO:__main__:Fraction 10% - Test AUC: 0.9529, Test F1: 0.9534, Time: 710.9s
INFO:__main__:======================================================================
INFO:__main__:Training with 30% of training data
INFO:__main__:======================================================================
INFO:__main__:Training subset size: 96000
INFO:__main__:Loading pre-trained BERT model (WARM START)
Some weights of BertForSequenceClassification were not initialized from the model checkpoint at google-bert/bert-base-uncased and are newly initialized: ['classifier.bias', 'classifier.weight']
You should probably TRAIN this model on a down-stream task to be able to use it for predictions and inference.
INFO:__main__:Model parameters: 109,483,778
INFO:__main__:Epoch 1/20 | Train Loss: 0.4489 | Val Loss: 0.1853 | Val AUC: 0.9513 | Val F1: 0.9443
INFO:__main__:New best model (AUC: 0.9513)
INFO:__main__:Epoch 2/20 | Train Loss: 0.1772 | Val Loss: 0.1623 | Val AUC: 0.9536 | Val F1: 0.9543
INFO:__main__:New best model (AUC: 0.9536)
INFO:__main__:Epoch 3/20 | Train Loss: 0.1675 | Val Loss: 0.2524 | Val AUC: 0.9534 | Val F1: 0.9369
INFO:__main__:Epoch 4/20 | Train Loss: 0.1658 | Val Loss: 0.1692 | Val AUC: 0.9523 | Val F1: 0.9519
INFO:__main__:Epoch 5/20 | Train Loss: 0.1653 | Val Loss: 0.1635 | Val AUC: 0.9544 | Val F1: 0.9544
INFO:__main__:Early stopping at epoch 5
INFO:__main__:Optimal threshold: 0.18 (Val F1: 0.9543)
INFO:__main__:Fraction 30% - Test AUC: 0.9520, Test F1: 0.9533, Time: 835.8s
INFO:__main__:======================================================================
INFO:__main__:Training with 50% of training data
INFO:__main__:======================================================================
INFO:__main__:Training subset size: 160000
INFO:__main__:Loading pre-trained BERT model (WARM START)
Some weights of BertForSequenceClassification were not initialized from the model checkpoint at google-bert/bert-base-uncased and are newly initialized: ['classifier.bias', 'classifier.weight']
You should probably TRAIN this model on a down-stream task to be able to use it for predictions and inference.
INFO:__main__:Model parameters: 109,483,778
INFO:__main__:Epoch 1/20 | Train Loss: 0.3702 | Val Loss: 0.1626 | Val AUC: 0.9524 | Val F1: 0.9543
INFO:__main__:New best model (AUC: 0.9524)
INFO:__main__:Epoch 2/20 | Train Loss: 0.1718 | Val Loss: 0.1629 | Val AUC: 0.9520 | Val F1: 0.9544
INFO:__main__:Epoch 3/20 | Train Loss: 0.1679 | Val Loss: 0.1633 | Val AUC: 0.9527 | Val F1: 0.9543
INFO:__main__:Epoch 4/20 | Train Loss: 0.1667 | Val Loss: 0.1624 | Val AUC: 0.9533 | Val F1: 0.9543
INFO:__main__:New best model (AUC: 0.9533)
INFO:__main__:Epoch 5/20 | Train Loss: 0.1660 | Val Loss: 0.1623 | Val AUC: 0.9532 | Val F1: 0.9544
INFO:__main__:New best model (AUC: 0.9532)
INFO:__main__:Epoch 6/20 | Train Loss: 0.1654 | Val Loss: 0.1644 | Val AUC: 0.9518 | Val F1: 0.9536
INFO:__main__:Epoch 7/20 | Train Loss: 0.1657 | Val Loss: 0.1627 | Val AUC: 0.9534 | Val F1: 0.9543
INFO:__main__:Epoch 8/20 | Train Loss: 0.1648 | Val Loss: 0.1626 | Val AUC: 0.9529 | Val F1: 0.9544
INFO:__main__:Early stopping at epoch 8
INFO:__main__:Optimal threshold: 0.10 (Val F1: 0.9544)
INFO:__main__:Fraction 50% - Test AUC: 0.9529, Test F1: 0.9534, Time: 2037.8s
INFO:__main__:======================================================================
INFO:__main__:Training with 75% of training data
INFO:__main__:======================================================================
INFO:__main__:Training subset size: 240000
INFO:__main__:Loading pre-trained BERT model (WARM START)
Some weights of BertForSequenceClassification were not initialized from the model checkpoint at google-bert/bert-base-uncased and are newly initialized: ['classifier.bias', 'classifier.weight']
You should probably TRAIN this model on a down-stream task to be able to use it for predictions and inference.
INFO:__main__:Model parameters: 109,483,778
INFO:__main__:Epoch 1/20 | Train Loss: 0.3234 | Val Loss: 0.1635 | Val AUC: 0.9525 | Val F1: 0.9543
INFO:__main__:New best model (AUC: 0.9525)
INFO:__main__:Epoch 2/20 | Train Loss: 0.1697 | Val Loss: 0.1623 | Val AUC: 0.9533 | Val F1: 0.9544
INFO:__main__:New best model (AUC: 0.9533)
INFO:__main__:Epoch 3/20 | Train Loss: 0.1677 | Val Loss: 0.1640 | Val AUC: 0.9529 | Val F1: 0.9544
INFO:__main__:Epoch 4/20 | Train Loss: 0.1652 | Val Loss: 0.1637 | Val AUC: 0.9534 | Val F1: 0.9542
INFO:__main__:Epoch 5/20 | Train Loss: 0.1658 | Val Loss: 0.1625 | Val AUC: 0.9533 | Val F1: 0.9544
INFO:__main__:Early stopping at epoch 5
INFO:__main__:Optimal threshold: 0.10 (Val F1: 0.9544)
INFO:__main__:Fraction 75% - Test AUC: 0.9524, Test F1: 0.9534, Time: 1863.2s
INFO:__main__:======================================================================
INFO:__main__:Training with 100% of training data
INFO:__main__:======================================================================
INFO:__main__:Training subset size: 320000
INFO:__main__:Loading pre-trained BERT model (WARM START)
Some weights of BertForSequenceClassification were not initialized from the model checkpoint at google-bert/bert-base-uncased and are newly initialized: ['classifier.bias', 'classifier.weight']
You should probably TRAIN this model on a down-stream task to be able to use it for predictions and inference.
INFO:__main__:Model parameters: 109,483,778
INFO:__main__:Epoch 1/20 | Train Loss: 0.3030 | Val Loss: 0.1661 | Val AUC: 0.9525 | Val F1: 0.9527
INFO:__main__:New best model (AUC: 0.9525)
INFO:__main__:Epoch 2/20 | Train Loss: 0.1700 | Val Loss: 0.1627 | Val AUC: 0.9517 | Val F1: 0.9543
INFO:__main__:New best model (AUC: 0.9517)
INFO:__main__:Epoch 3/20 | Train Loss: 0.1672 | Val Loss: 0.1640 | Val AUC: 0.9528 | Val F1: 0.9544
INFO:__main__:Epoch 4/20 | Train Loss: 0.1663 | Val Loss: 0.1627 | Val AUC: 0.9533 | Val F1: 0.9543
INFO:__main__:New best model (AUC: 0.9533)
INFO:__main__:Epoch 5/20 | Train Loss: 0.1669 | Val Loss: 0.1626 | Val AUC: 0.9533 | Val F1: 0.9543
INFO:__main__:New best model (AUC: 0.9533)
INFO:__main__:Epoch 6/20 | Train Loss: 0.1669 | Val Loss: 0.1636 | Val AUC: 0.9532 | Val F1: 0.9544
INFO:__main__:Epoch 7/20 | Train Loss: 0.1658 | Val Loss: 0.1630 | Val AUC: 0.9526 | Val F1: 0.9543
INFO:__main__:Epoch 8/20 | Train Loss: 0.1654 | Val Loss: 0.1622 | Val AUC: 0.9532 | Val F1: 0.9544
INFO:__main__:New best model (AUC: 0.9532)
INFO:__main__:Epoch 9/20 | Train Loss: 0.1650 | Val Loss: 0.1634 | Val AUC: 0.9532 | Val F1: 0.9544
INFO:__main__:Epoch 10/20 | Train Loss: 0.1651 | Val Loss: 0.1634 | Val AUC: 0.9535 | Val F1: 0.9544
INFO:__main__:Epoch 11/20 | Train Loss: 0.1653 | Val Loss: 0.1623 | Val AUC: 0.9533 | Val F1: 0.9544
INFO:__main__:Early stopping at epoch 11
INFO:__main__:Optimal threshold: 0.10 (Val F1: 0.9544)
INFO:__main__:Fraction 100% - Test AUC: 0.9530, Test F1: 0.9534, Time: 5300.4s
INFO:__main__:Results saved to: /cluster/work/projects/nn12048k/michechi/results/llm_fraction/bert_fraction_experiment_google-bert_bert-base-uncased_alph_20260124_193634.csv
INFO:__main__:
======================================================================
INFO:__main__:EXPERIMENT SUMMARY
INFO:__main__:======================================================================
 fraction  train_samples  val_auc   val_f1  val_f1_optimal  val_loss  optimal_threshold  test_auc  test_f1  test_accuracy  test_precision  test_recall  epochs  training_time_s
     0.01           3200 0.930606 0.912888        0.913864  0.274735               0.63  0.929401 0.912022       0.905450        0.852008     0.981131      20       568.151519
     0.10          32000 0.952733 0.954365        0.954365  0.162571               0.10  0.952870 0.953381       0.951150        0.910915     1.000000      10       710.876656
     0.30          96000 0.953623 0.954343        0.954343  0.162288               0.18  0.951964 0.953335       0.951100        0.910832     1.000000       5       835.800035
     0.50         160000 0.953240 0.954365        0.954365  0.162309               0.10  0.952940 0.953403       0.951175        0.910956     1.000000       8      2037.807240
     0.75         240000 0.953296 0.954365        0.954365  0.162306               0.10  0.952408 0.953381       0.951150        0.910915     1.000000       5      1863.196606
     1.00         320000 0.953216 0.954365        0.954365  0.162216               0.10  0.953022 0.953403       0.951175        0.910956     1.000000      11      5300.405280

Job 98554 consumed 0.0 billing hours and 3.1 GPU hours from project nn12048k.

Submitted 2026-01-24T16:27:43; waited 1.0 seconds in the queue after becoming eligible to run.

Requested wallclock time: 24.0 hours
Elapsed wallclock time:   3.1 hours

Job exited normally.

Task and CPU statistics:
ID               CPUs  Tasks  CPU util                Start  Elapsed  Exit status
98554               1            0.0 %  2026-01-24T16:27:44    3.1 h  0
98554.batch         1      1     0.0 %  2026-01-24T16:27:44    3.1 h  0
98554.apptainer     1      1     0.0 %  2026-01-24T16:27:44    3.1 h  0

Used CPU time:   0.2 CPU seconds
Unused CPU time: 3.1 CPU hours

Memory statistics, in GiB:
ID                Alloc   Usage
98554             128.0        
98554.batch       128.0     0.0
98554.apptainer   128.0     7.0

Job 98554 completed at Sat Jan 24 19:36:36 CET 2026
