Starting job 1655431 on gpu-13 on fox at Fri May 30 17:52:23 CEST 2025

2025-05-30 17:53:09,589: Argument batch_size: 8
2025-05-30 17:53:09,590: Argument cache_dir: '/cluster/work/projects/ec403/ec-michechi/Project_M'
2025-05-30 17:53:09,590: Argument epochs: 20
2025-05-30 17:53:09,590: Argument input_csv: '/cluster/work/projects/ec403/ec-michechi/Project_M/data/landmark_df_evo.csv'
2025-05-30 17:53:09,590: Argument lr: 2e-05
2025-05-30 17:53:09,590: Argument max_length: 512
2025-05-30 17:53:09,590: Argument max_visits: 3
2025-05-30 17:53:09,590: Argument model_name: 'emilyalsentzer/Bio_ClinicalBERT'
2025-05-30 17:53:09,590: Argument model_type: 'medbert'
2025-05-30 17:53:09,590: Argument patience: 3
2025-05-30 17:53:09,590: Argument peft: False
2025-05-30 17:53:09,590: Argument seed: 9550
/fp/projects01/ec30/software/easybuild/software/nlpl-pytorch/2.1.2-foss-2022b-cuda-12.0.0-Python-3.10.8/lib/python3.10/site-packages/torch/_utils.py:831: UserWarning: TypedStorage is deprecated. It will be removed in the future and UntypedStorage will be the only storage class. This should only matter to you if you are using storages directly.  To access UntypedStorage directly, use tensor.untyped_storage() instead of tensor.storage()
  return self.fget.__get__(instance, owner)()
Some weights of BertForSequenceClassification were not initialized from the model checkpoint at emilyalsentzer/Bio_ClinicalBERT and are newly initialized: ['classifier.bias', 'classifier.weight']
You should probably TRAIN this model on a down-stream task to be able to use it for predictions and inference.
2025-05-30 17:55:21,540: Preparing data for Landmark 1
2025-05-30 17:55:24,429: Average train text length: 147.92 words
2025-05-30 17:55:24,429: Average test text length: 148.18 words
2025-05-30 17:55:24,429: Training on 16086 samples, testing on 4022 samples
2025-05-30 17:55:38,770: Fine-tuning at Landmark 1
/fp/projects01/ec30/software/easybuild/software/nlpl-transformers/4.47.1-foss-2022b-Python-3.10.8/lib/python3.10/site-packages/transformers/optimization.py:591: FutureWarning: This implementation of AdamW is deprecated and will be removed in a future version. Use the PyTorch implementation torch.optim.AdamW instead, or set `no_deprecation_warning=True` to disable this warning
  warnings.warn(
2025-05-30 18:01:58,470: Landmark 1 | Epoch 1/20 | Train Loss: 0.3743 | Val Loss: 0.3561 | Validation AUC: 0.8055 | F1-Score: 0.2287
2025-05-30 18:08:18,693: Landmark 1 | Epoch 2/20 | Train Loss: 0.3320 | Val Loss: 0.3280 | Validation AUC: 0.8155 | F1-Score: 0.0843
2025-05-30 18:14:39,292: Landmark 1 | Epoch 3/20 | Train Loss: 0.3197 | Val Loss: 0.3256 | Validation AUC: 0.8215 | F1-Score: 0.0595
2025-05-30 18:20:59,728: Landmark 1 | Epoch 4/20 | Train Loss: 0.3028 | Val Loss: 0.3351 | Validation AUC: 0.8185 | F1-Score: 0.2956
2025-05-30 18:27:19,963: Landmark 1 | Epoch 5/20 | Train Loss: 0.2836 | Val Loss: 0.3399 | Validation AUC: 0.8163 | F1-Score: 0.3992
2025-05-30 18:33:40,212: Landmark 1 | Epoch 6/20 | Train Loss: 0.2517 | Val Loss: 0.3589 | Validation AUC: 0.8141 | F1-Score: 0.3711
2025-05-30 18:33:40,212: Early stopping triggered at epoch 6
2025-05-30 18:33:41,731: Tempo impiegato per Landmark 1: 2283.0 secondi
2025-05-30 18:33:41,731: Preparing data for Landmark 2
2025-05-30 18:33:46,174: Average train text length: 159.94 words
2025-05-30 18:33:46,174: Average test text length: 158.47 words
2025-05-30 18:33:46,174: Training on 16086 samples, testing on 4022 samples
2025-05-30 18:34:02,106: Fine-tuning at Landmark 2
/fp/projects01/ec30/software/easybuild/software/nlpl-transformers/4.47.1-foss-2022b-Python-3.10.8/lib/python3.10/site-packages/transformers/optimization.py:591: FutureWarning: This implementation of AdamW is deprecated and will be removed in a future version. Use the PyTorch implementation torch.optim.AdamW instead, or set `no_deprecation_warning=True` to disable this warning
  warnings.warn(
2025-05-30 18:40:22,610: Landmark 2 | Epoch 1/20 | Train Loss: 0.2983 | Val Loss: 0.3054 | Validation AUC: 0.8507 | F1-Score: 0.4361
2025-05-30 18:46:43,609: Landmark 2 | Epoch 2/20 | Train Loss: 0.2909 | Val Loss: 0.3043 | Validation AUC: 0.8514 | F1-Score: 0.3234
2025-05-30 18:53:04,565: Landmark 2 | Epoch 3/20 | Train Loss: 0.2723 | Val Loss: 0.3119 | Validation AUC: 0.8478 | F1-Score: 0.4636
2025-05-30 18:59:25,217: Landmark 2 | Epoch 4/20 | Train Loss: 0.2417 | Val Loss: 0.3238 | Validation AUC: 0.8370 | F1-Score: 0.4055
2025-05-30 19:05:45,893: Landmark 2 | Epoch 5/20 | Train Loss: 0.2047 | Val Loss: 0.3867 | Validation AUC: 0.8175 | F1-Score: 0.4640
2025-05-30 19:05:45,893: Early stopping triggered at epoch 5
2025-05-30 19:05:46,159: Tempo impiegato per Landmark 2: 1904.1 secondi
2025-05-30 19:05:46,159: Preparing data for Landmark 3
2025-05-30 19:05:52,161: Average train text length: 185.42 words
2025-05-30 19:05:52,161: Average test text length: 186.19 words
2025-05-30 19:05:52,161: Training on 16086 samples, testing on 4022 samples
2025-05-30 19:06:09,597: Fine-tuning at Landmark 3
/fp/projects01/ec30/software/easybuild/software/nlpl-transformers/4.47.1-foss-2022b-Python-3.10.8/lib/python3.10/site-packages/transformers/optimization.py:591: FutureWarning: This implementation of AdamW is deprecated and will be removed in a future version. Use the PyTorch implementation torch.optim.AdamW instead, or set `no_deprecation_warning=True` to disable this warning
  warnings.warn(
2025-05-30 19:12:29,946: Landmark 3 | Epoch 1/20 | Train Loss: 0.2063 | Val Loss: 0.1968 | Validation AUC: 0.9433 | F1-Score: 0.6884
2025-05-30 19:18:51,186: Landmark 3 | Epoch 2/20 | Train Loss: 0.1858 | Val Loss: 0.2006 | Validation AUC: 0.9466 | F1-Score: 0.7220
2025-05-30 19:25:12,540: Landmark 3 | Epoch 3/20 | Train Loss: 0.1680 | Val Loss: 0.2347 | Validation AUC: 0.9426 | F1-Score: 0.7144
2025-05-30 19:31:33,561: Landmark 3 | Epoch 4/20 | Train Loss: 0.1464 | Val Loss: 0.2249 | Validation AUC: 0.9373 | F1-Score: 0.7064
2025-05-30 19:37:54,524: Landmark 3 | Epoch 5/20 | Train Loss: 0.1189 | Val Loss: 0.2219 | Validation AUC: 0.9324 | F1-Score: 0.7040
2025-05-30 19:37:54,527: Early stopping triggered at epoch 5
2025-05-30 19:37:54,784: Tempo impiegato per Landmark 3: 1905.2 secondi
2025-05-30 19:37:55,087: 0    0.8215
1    0.8514
2    0.9466
Name: AUC, dtype: object
   Landmark     AUC  ...  Validation Loss Training Time (s)
0         1  0.8215  ...           0.3256            2283.0
1         2  0.8514  ...           0.3043            1904.1
2         3  0.9466  ...           0.2006            1905.2

[3 rows x 6 columns]

Job 1655431 consumed 33.5 billing hours from project ec403.

Submitted 2025-05-30T17:52:22; waited 1.0 seconds in the queue after becoming eligible to run.

Requested wallclock time: 24.0 hours
Elapsed wallclock time:   1.8 hours

Job exited normally.

Task and CPU statistics:
ID             CPUs  Tasks  CPU util                Start  Elapsed  Exit status
1655431          16            0.0 %  2025-05-30T17:52:23    1.8 h  0
1655431.batch    16      1     6.2 %  2025-05-30T17:52:23    1.8 h  0

Used CPU time:   1.7 CPU hours
Unused CPU time: 1.1 CPU days

Memory statistics, in GiB:
ID              Alloc   Usage
1655431          32.0        
1655431.batch    32.0    21.3

GPU usage stats:
Job 1655431 completed at Fri May 30 19:38:04 CEST 2025
