Starting job 98555 on gpu-1-68 on Olivia at Sat Jan 24 16:28:32 CET 2026

=== JOB CONFIGURATION ===
Job ID: 98555
Node: gpu-1-68
Scratch Cache: /cluster/software/gpujobscratch/jobs/98555/hf_cache_98555
Free space in SCRATCH: 468T
The following modules were not unloaded:
  (Use "module --force purge" to unload all):

  1) init-NRIS
=== STARTING CONTAINER ===
Container: /cluster/work/projects/nn12048k/michechi/extended-pytorch/extended-pytorch.sif
Environment: HUGGING_FACE_HUB_TOKEN=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,HF_HOME=/cluster/software/gpujobscratch/jobs/98555/hf_cache_98555,HF_DATASETS_CACHE=/cluster/software/gpujobscratch/jobs/98555/hf_cache_98555,XDG_CACHE_HOME=/cluster/software/gpujobscratch/jobs/98555/hf_cache_98555,PYTHONUNBUFFERED=1
INFO:    gocryptfs not found, will not be able to use gocryptfs
/usr/bin/rm: cannot remove '/usr/local/cuda/compat/lib': Read-only file system
rm: cannot remove '/usr/local/cuda/compat/lib': Read-only file system
INFO:__main__:Argument batch_size: 32
INFO:__main__:Argument cache_dir: '/cluster/work/projects/nn12048k/michechi/cache/'
INFO:__main__:Argument cold_start: False
INFO:__main__:Argument early: 'loss'
INFO:__main__:Argument epochs: 20
INFO:__main__:Argument fractions: '0.01,0.10,0.30,0.50,0.75,1.0'
INFO:__main__:Argument gradient_accumulation_steps: 1
INFO:__main__:Argument lr: 2e-05
INFO:__main__:Argument max_length: 200
INFO:__main__:Argument model_name: 'FacebookAI/roberta-base'
INFO:__main__:Argument number_to_use: 'alph'
INFO:__main__:Argument output_dir: '/cluster/work/projects/nn12048k/michechi/results/llm_fraction/'
INFO:__main__:Argument path_csv: '/cluster/home/michechi/MIMICIV/data/simulation/tested/'
INFO:__main__:Argument patience: 3
INFO:__main__:Argument peft: False
INFO:__main__:Argument seed: 9550
INFO:__main__:Argument tiny: False
INFO:__main__:Argument tiny_type: '1M'
INFO:__main__:Using device: cuda
INFO:__main__:Output directory: /cluster/work/projects/nn12048k/michechi/results/llm_fraction/
INFO:__main__:Loading datasets...
INFO:__main__:Dataset sizes - Train: 320000, Val: 40000, Test: 40000
INFO:__main__:Testing fractions: [0.01, 0.1, 0.3, 0.5, 0.75, 1.0]
INFO:__main__:======================================================================
INFO:__main__:Training with 1% of training data
INFO:__main__:======================================================================
INFO:__main__:Training subset size: 3200
INFO:__main__:Loading pre-trained BERT model (WARM START)
Some weights of RobertaForSequenceClassification were not initialized from the model checkpoint at FacebookAI/roberta-base and are newly initialized: ['classifier.dense.bias', 'classifier.dense.weight', 'classifier.out_proj.bias', 'classifier.out_proj.weight']
You should probably TRAIN this model on a down-stream task to be able to use it for predictions and inference.
INFO:__main__:Model parameters: 124,647,170
INFO:__main__:Epoch 1/20 | Train Loss: 0.6963 | Val Loss: 0.6933 | Val AUC: 0.5325 | Val F1: 0.0000
INFO:__main__:New best model (AUC: 0.5325)
INFO:__main__:Epoch 2/20 | Train Loss: 0.6951 | Val Loss: 0.6933 | Val AUC: 0.5507 | Val F1: 0.0000
INFO:__main__:Epoch 3/20 | Train Loss: 0.6940 | Val Loss: 0.6941 | Val AUC: 0.5614 | Val F1: 0.0000
INFO:__main__:Epoch 4/20 | Train Loss: 0.6946 | Val Loss: 0.6935 | Val AUC: 0.6612 | Val F1: 0.6665
INFO:__main__:Early stopping at epoch 4
INFO:__main__:Optimal threshold: 0.10 (Val F1: 0.6665)
INFO:__main__:Fraction 1% - Test AUC: 0.5310, Test F1: 0.6662, Time: 141.4s
INFO:__main__:======================================================================
INFO:__main__:Training with 10% of training data
INFO:__main__:======================================================================
INFO:__main__:Training subset size: 32000
INFO:__main__:Loading pre-trained BERT model (WARM START)
Some weights of RobertaForSequenceClassification were not initialized from the model checkpoint at FacebookAI/roberta-base and are newly initialized: ['classifier.dense.bias', 'classifier.dense.weight', 'classifier.out_proj.bias', 'classifier.out_proj.weight']
You should probably TRAIN this model on a down-stream task to be able to use it for predictions and inference.
INFO:__main__:Model parameters: 124,647,170
INFO:__main__:Epoch 1/20 | Train Loss: 0.6062 | Val Loss: 0.5262 | Val AUC: 0.7585 | Val F1: 0.7773
INFO:__main__:New best model (AUC: 0.7585)
INFO:__main__:Epoch 2/20 | Train Loss: 0.3929 | Val Loss: 0.2446 | Val AUC: 0.9384 | Val F1: 0.9176
INFO:__main__:New best model (AUC: 0.9384)
INFO:__main__:Epoch 3/20 | Train Loss: 0.2495 | Val Loss: 0.1920 | Val AUC: 0.9464 | Val F1: 0.9416
INFO:__main__:New best model (AUC: 0.9464)
INFO:__main__:Epoch 4/20 | Train Loss: 0.2101 | Val Loss: 0.1823 | Val AUC: 0.9513 | Val F1: 0.9461
INFO:__main__:New best model (AUC: 0.9513)
INFO:__main__:Epoch 5/20 | Train Loss: 0.1859 | Val Loss: 0.1718 | Val AUC: 0.9513 | Val F1: 0.9508
INFO:__main__:New best model (AUC: 0.9513)
INFO:__main__:Epoch 6/20 | Train Loss: 0.1788 | Val Loss: 0.1648 | Val AUC: 0.9528 | Val F1: 0.9538
INFO:__main__:New best model (AUC: 0.9528)
INFO:__main__:Epoch 7/20 | Train Loss: 0.1744 | Val Loss: 0.1645 | Val AUC: 0.9524 | Val F1: 0.9540
INFO:__main__:New best model (AUC: 0.9524)
INFO:__main__:Epoch 8/20 | Train Loss: 0.1688 | Val Loss: 0.1627 | Val AUC: 0.9517 | Val F1: 0.9543
INFO:__main__:New best model (AUC: 0.9517)
INFO:__main__:Epoch 9/20 | Train Loss: 0.1665 | Val Loss: 0.1639 | Val AUC: 0.9524 | Val F1: 0.9544
INFO:__main__:Epoch 10/20 | Train Loss: 0.1673 | Val Loss: 0.1623 | Val AUC: 0.9523 | Val F1: 0.9544
INFO:__main__:New best model (AUC: 0.9523)
INFO:__main__:Epoch 11/20 | Train Loss: 0.1649 | Val Loss: 0.1630 | Val AUC: 0.9525 | Val F1: 0.9544
INFO:__main__:Epoch 12/20 | Train Loss: 0.1646 | Val Loss: 0.1643 | Val AUC: 0.9529 | Val F1: 0.9538
INFO:__main__:Epoch 13/20 | Train Loss: 0.1639 | Val Loss: 0.1638 | Val AUC: 0.9522 | Val F1: 0.9544
INFO:__main__:Early stopping at epoch 13
INFO:__main__:Optimal threshold: 0.10 (Val F1: 0.9544)
INFO:__main__:Fraction 10% - Test AUC: 0.9522, Test F1: 0.9534, Time: 900.5s
INFO:__main__:======================================================================
INFO:__main__:Training with 30% of training data
INFO:__main__:======================================================================
INFO:__main__:Training subset size: 96000
INFO:__main__:Loading pre-trained BERT model (WARM START)
Some weights of RobertaForSequenceClassification were not initialized from the model checkpoint at FacebookAI/roberta-base and are newly initialized: ['classifier.dense.bias', 'classifier.dense.weight', 'classifier.out_proj.bias', 'classifier.out_proj.weight']
You should probably TRAIN this model on a down-stream task to be able to use it for predictions and inference.
INFO:__main__:Model parameters: 124,647,170
INFO:__main__:Epoch 1/20 | Train Loss: 0.4586 | Val Loss: 0.2247 | Val AUC: 0.9414 | Val F1: 0.9295
INFO:__main__:New best model (AUC: 0.9414)
INFO:__main__:Epoch 2/20 | Train Loss: 0.2017 | Val Loss: 0.1654 | Val AUC: 0.9528 | Val F1: 0.9543
INFO:__main__:New best model (AUC: 0.9528)
INFO:__main__:Epoch 3/20 | Train Loss: 0.1715 | Val Loss: 0.1634 | Val AUC: 0.9541 | Val F1: 0.9539
INFO:__main__:New best model (AUC: 0.9541)
INFO:__main__:Epoch 4/20 | Train Loss: 0.1707 | Val Loss: 0.1642 | Val AUC: 0.9537 | Val F1: 0.9543
INFO:__main__:Epoch 5/20 | Train Loss: 0.1660 | Val Loss: 0.1686 | Val AUC: 0.9506 | Val F1: 0.9520
INFO:__main__:Epoch 6/20 | Train Loss: 0.1669 | Val Loss: 0.1647 | Val AUC: 0.9533 | Val F1: 0.9535
INFO:__main__:Early stopping at epoch 6
INFO:__main__:Optimal threshold: 0.76 (Val F1: 0.9540)
INFO:__main__:Fraction 30% - Test AUC: 0.9524, Test F1: 0.9529, Time: 978.8s
INFO:__main__:======================================================================
INFO:__main__:Training with 50% of training data
INFO:__main__:======================================================================
INFO:__main__:Training subset size: 160000
INFO:__main__:Loading pre-trained BERT model (WARM START)
Some weights of RobertaForSequenceClassification were not initialized from the model checkpoint at FacebookAI/roberta-base and are newly initialized: ['classifier.dense.bias', 'classifier.dense.weight', 'classifier.out_proj.bias', 'classifier.out_proj.weight']
You should probably TRAIN this model on a down-stream task to be able to use it for predictions and inference.
INFO:__main__:Model parameters: 124,647,170
INFO:__main__:Epoch 1/20 | Train Loss: 0.4287 | Val Loss: 0.1827 | Val AUC: 0.9503 | Val F1: 0.9451
INFO:__main__:New best model (AUC: 0.9503)
INFO:__main__:Epoch 2/20 | Train Loss: 0.1817 | Val Loss: 0.1667 | Val AUC: 0.9525 | Val F1: 0.9538
INFO:__main__:New best model (AUC: 0.9525)
INFO:__main__:Epoch 3/20 | Train Loss: 0.1717 | Val Loss: 0.1627 | Val AUC: 0.9524 | Val F1: 0.9544
INFO:__main__:New best model (AUC: 0.9524)
INFO:__main__:Epoch 4/20 | Train Loss: 0.1693 | Val Loss: 0.1650 | Val AUC: 0.9522 | Val F1: 0.9544
INFO:__main__:Epoch 5/20 | Train Loss: 0.1681 | Val Loss: 0.1631 | Val AUC: 0.9528 | Val F1: 0.9541
INFO:__main__:Epoch 6/20 | Train Loss: 0.1666 | Val Loss: 0.1624 | Val AUC: 0.9528 | Val F1: 0.9543
INFO:__main__:New best model (AUC: 0.9528)
INFO:__main__:Epoch 7/20 | Train Loss: 0.1666 | Val Loss: 0.1625 | Val AUC: 0.9525 | Val F1: 0.9543
INFO:__main__:Epoch 8/20 | Train Loss: 0.1658 | Val Loss: 0.1759 | Val AUC: 0.9480 | Val F1: 0.9494
INFO:__main__:Epoch 9/20 | Train Loss: 0.1659 | Val Loss: 0.1634 | Val AUC: 0.9525 | Val F1: 0.9543
INFO:__main__:Early stopping at epoch 9
INFO:__main__:Optimal threshold: 0.10 (Val F1: 0.9543)
INFO:__main__:Fraction 50% - Test AUC: 0.9524, Test F1: 0.9534, Time: 2265.0s
INFO:__main__:======================================================================
INFO:__main__:Training with 75% of training data
INFO:__main__:======================================================================
INFO:__main__:Training subset size: 240000
INFO:__main__:Loading pre-trained BERT model (WARM START)
Some weights of RobertaForSequenceClassification were not initialized from the model checkpoint at FacebookAI/roberta-base and are newly initialized: ['classifier.dense.bias', 'classifier.dense.weight', 'classifier.out_proj.bias', 'classifier.out_proj.weight']
You should probably TRAIN this model on a down-stream task to be able to use it for predictions and inference.
INFO:__main__:Model parameters: 124,647,170
INFO:__main__:Epoch 1/20 | Train Loss: 0.3506 | Val Loss: 0.1640 | Val AUC: 0.9523 | Val F1: 0.9543
INFO:__main__:New best model (AUC: 0.9523)
INFO:__main__:Epoch 2/20 | Train Loss: 0.1740 | Val Loss: 0.1636 | Val AUC: 0.9520 | Val F1: 0.9543
INFO:__main__:New best model (AUC: 0.9520)
INFO:__main__:Epoch 3/20 | Train Loss: 0.1693 | Val Loss: 0.1624 | Val AUC: 0.9526 | Val F1: 0.9544
INFO:__main__:New best model (AUC: 0.9526)
INFO:__main__:Epoch 4/20 | Train Loss: 0.1680 | Val Loss: 0.1639 | Val AUC: 0.9513 | Val F1: 0.9538
INFO:__main__:Epoch 5/20 | Train Loss: 0.1671 | Val Loss: 0.1631 | Val AUC: 0.9533 | Val F1: 0.9543
INFO:__main__:Epoch 6/20 | Train Loss: 0.1664 | Val Loss: 0.1634 | Val AUC: 0.9518 | Val F1: 0.9540
INFO:__main__:Early stopping at epoch 6
INFO:__main__:Optimal threshold: 0.10 (Val F1: 0.9544)
INFO:__main__:Fraction 75% - Test AUC: 0.9510, Test F1: 0.9534, Time: 2217.3s
INFO:__main__:======================================================================
INFO:__main__:Training with 100% of training data
INFO:__main__:======================================================================
INFO:__main__:Training subset size: 320000
INFO:__main__:Loading pre-trained BERT model (WARM START)
Some weights of RobertaForSequenceClassification were not initialized from the model checkpoint at FacebookAI/roberta-base and are newly initialized: ['classifier.dense.bias', 'classifier.dense.weight', 'classifier.out_proj.bias', 'classifier.out_proj.weight']
You should probably TRAIN this model on a down-stream task to be able to use it for predictions and inference.
INFO:__main__:Model parameters: 124,647,170
INFO:__main__:Epoch 1/20 | Train Loss: 0.3186 | Val Loss: 0.1623 | Val AUC: 0.9540 | Val F1: 0.9543
INFO:__main__:New best model (AUC: 0.9540)
INFO:__main__:Epoch 2/20 | Train Loss: 0.1742 | Val Loss: 0.1633 | Val AUC: 0.9527 | Val F1: 0.9542
INFO:__main__:Epoch 3/20 | Train Loss: 0.1699 | Val Loss: 0.1636 | Val AUC: 0.9522 | Val F1: 0.9540
INFO:__main__:Epoch 4/20 | Train Loss: 0.1680 | Val Loss: 0.1624 | Val AUC: 0.9532 | Val F1: 0.9544
INFO:__main__:Early stopping at epoch 4
INFO:__main__:Optimal threshold: 0.80 (Val F1: 0.9544)
INFO:__main__:Fraction 100% - Test AUC: 0.9532, Test F1: 0.9534, Time: 1941.1s
INFO:__main__:Results saved to: /cluster/work/projects/nn12048k/michechi/results/llm_fraction/bert_fraction_experiment_FacebookAI_roberta-base_alph_20260124_184930.csv
INFO:__main__:
======================================================================
INFO:__main__:EXPERIMENT SUMMARY
INFO:__main__:======================================================================
 fraction  train_samples  val_auc   val_f1  val_f1_optimal  val_loss  optimal_threshold  test_auc  test_f1  test_accuracy  test_precision  test_recall  epochs  training_time_s
     0.01           3200 0.532517 0.000000        0.666511  0.693271               0.10  0.531045 0.666222       0.499500        0.499500      1.00000       4       141.375418
     0.10          32000 0.952333 0.954365        0.954365  0.162291               0.10  0.952249 0.953403       0.951175        0.910956      1.00000      13       900.544621
     0.30          96000 0.954055 0.953887        0.953978  0.163365               0.76  0.952429 0.952901       0.950625        0.910081      0.99995       6       978.768343
     0.50         160000 0.952829 0.954343        0.954343  0.162383               0.10  0.952409 0.953358       0.951125        0.910873      1.00000       9      2264.972161
     0.75         240000 0.952601 0.954365        0.954365  0.162429               0.10  0.951002 0.953403       0.951175        0.910956      1.00000       6      2217.275968
     1.00         320000 0.954029 0.954320        0.954365  0.162348               0.80  0.953237 0.953358       0.951125        0.910873      1.00000       4      1941.134912

Job 98555 consumed 0.0 billing hours and 2.3 GPU hours from project nn12048k.

Submitted 2026-01-24T16:28:31; waited 1.0 seconds in the queue after becoming eligible to run.

Requested wallclock time: 24.0 hours
Elapsed wallclock time:   2.3 hours

Job exited normally.

Task and CPU statistics:
ID               CPUs  Tasks  CPU util                Start  Elapsed  Exit status
98555               1            0.0 %  2026-01-24T16:28:32    2.3 h  0
98555.batch         1      1     0.0 %  2026-01-24T16:28:32    2.3 h  0
98555.apptainer     1      1     0.0 %  2026-01-24T16:28:32    2.3 h  0

Used CPU time:   0.2 CPU seconds
Unused CPU time: 2.3 CPU hours

Memory statistics, in GiB:
ID                Alloc   Usage
98555             128.0        
98555.batch       128.0     0.0
98555.apptainer   128.0     4.9

Job 98555 completed at Sat Jan 24 18:49:32 CET 2026
