Starting job 1853821 on gpu-15 on fox at Wed Aug 13 14:54:26 CEST 2025

2025-08-13 14:54:50,237: Argument CI: False
2025-08-13 14:54:50,238: Argument all_landmarks: True
2025-08-13 14:54:50,238: Argument batch_size: 8
2025-08-13 14:54:50,238: Argument cache_dir: '/cluster/work/projects/ec12/michechi/cache'
2025-08-13 14:54:50,238: Argument early: 'loss'
2025-08-13 14:54:50,238: Argument epochs: 20
2025-08-13 14:54:50,238: Argument gradient_accumulation_steps: 1
2025-08-13 14:54:50,238: Argument input_csv: '/fp/homes01/u01/ec-michelec/MIMICIV/data/splitted/splitted/landmark_df_evo.csv'
2025-08-13 14:54:50,238: Argument lr: 2e-05
2025-08-13 14:54:50,238: Argument max_length: 512
2025-08-13 14:54:50,238: Argument max_visits: 4
2025-08-13 14:54:50,238: Argument model_name: 'answerdotai/ModernBERT-large'
2025-08-13 14:54:50,238: Argument model_type: 'general'
2025-08-13 14:54:50,238: Argument patience: 1
2025-08-13 14:54:50,238: Argument peft: False
2025-08-13 14:54:50,238: Argument prompt_type: 'full'
2025-08-13 14:54:50,238: Argument seed: 4550
2025-08-13 14:54:50,238: Argument test_csv: '/fp/homes01/u01/ec-michelec/MIMICIV/data/splitted/splitted/landmark_evo_test_dod.csv'
2025-08-13 14:54:50,238: Argument train_csv: '/fp/homes01/u01/ec-michelec/MIMICIV/data/splitted/splitted/landmark_evo_train_dod.csv'
2025-08-13 14:54:50,238: Argument use_quantization: False
2025-08-13 14:54:50,238: Argument val_csv: '/fp/homes01/u01/ec-michelec/MIMICIV/data/splitted/splitted/landmark_evo_vali_dod.csv'
2025-08-13 14:54:50,238: Argument when_counting_death: 'landmark'
2025-08-13 14:54:50,302: Using prompt type: full
/fp/homes01/u01/ec-michelec/MIMICIV/src/Finetuning_rfct.py:79: DtypeWarning: Columns (16,17,18,19) have mixed types. Specify dtype option on import or set low_memory=False.
  full_train_df = pd.read_csv(args.train_csv, na_values=['', 'None', 'NaN', 'na', 'nan']).fillna('')
/fp/homes01/u01/ec-michelec/MIMICIV/src/Finetuning_rfct.py:81: DtypeWarning: Columns (16,17,18,19) have mixed types. Specify dtype option on import or set low_memory=False.
  full_test_df = pd.read_csv(args.test_csv, na_values=['', 'None', 'NaN', 'na', 'nan']).fillna('')
2025-08-13 14:55:26,180: Processing all landmarks from 1 to 4
2025-08-13 14:55:26,180: Preparing data for Landmark 1
2025-08-13 14:55:31,657: We will use 90% of the memory on device 0 for storing the model, and 10% for the buffer to avoid OOM. You can set `max_memory` in to a higher value to use more memory (at your own risk).
Some weights of ModernBertForSequenceClassification were not initialized from the model checkpoint at answerdotai/ModernBERT-large and are newly initialized: ['classifier.bias', 'classifier.weight']
You should probably TRAIN this model on a down-stream task to be able to use it for predictions and inference.
2025-08-13 14:55:36,958: Example train text: You are a Doctor.
What is the probability of death in the next 90 days from today for this 43-year-old F patient?
Today is the 1 visit.

Diagnosis history:
Today: Diverticulitis of colon (without mention of hemorrhage); Acute kidney failure, unspecified; Abscess of intestine; Other postoperative infection; Cellulitis and abscess of trunk; Methicillin susceptible Staphylococcus aureus in conditions classified elsewhere and of unspecified site; Removal of other organ (partial) (total) causing abnormal patient reaction, or later complication, without mention of misadventure at time of operation; Hypovolemia; Nausea with vomiting.
Prescriptions history:
Today: NS; Potassium Chloride; OxycoDONE (Immediate Release) ; Magnesium Citrate; SW; Magnesium Sulfate; Prochlorperazine; Lorazepam; HYDROmorphone (Dilaudid); Iso-Osmotic Dextrose; Piperacillin-Tazobactam Na; Potassium Chl 20 mEq / 1000 mL D5 1/2 NS; Insulin; LR; Acetaminophen; Ondansetron; Ketorolac; OxycoDONE-Acetaminophen Elixir; Sodium Chloride 0.9%  Flush; Docusate Sodium; Hydrocodone-Acetaminophen; D5W; Clindamycin; Fluticasone Propionate NASAL; Ciprofloxacin; Pantoprazole; Metoclopramide; Calcium Carbonate; Vancomycin; Cephalexin; Heparin; Bupivacaine 0.5%; Promethazine HCl; D5 1/2NS; Hydrocortisone (Rectal) 2.5% Cream; Morphine Sulfate; Escitalopram Oxalate; Maalox/Diphenhydramine/Lidocaine; Nafcillin; HydrOXYzine; MetRONIDAZOLE (FLagyl); Ibuprofen.
Procedures history:
Today: Open and other sigmoidectomy.
2025-08-13 14:55:37,019: Average train text length: 139.15 words
2025-08-13 14:55:37,019: Average validation text length: 143.37 words
2025-08-13 14:55:37,019: Average test text length: 140.44 words
2025-08-13 14:55:37,019: Training on 8040 samples, validating on 894, testing on 2234 samples
2025-08-13 14:55:42,522: Fine-tuning at Landmark 1
2025-08-13 14:55:42,528: Early stopping criterion: loss
/fp/homes01/u01/ec-michelec/ModernBERT/lib64/python3.9/site-packages/networkx/utils/backends.py:135: RuntimeWarning: networkx backend defined more than once: nx-loopback
  backends.update(_get_backends("networkx.backends"))
2025-08-13 14:58:24,150: Landmark 1 | Epoch 1/20 | Train Loss: 0.4456 | Val Loss: 0.0741 | Validation AUC: 0.5522 | F1-Score: 0.0000
2025-08-13 14:58:24,723: New best model saved at /cluster/work/projects/ec12/michechi/cache/best/best_model_answerdotai_ModernBERT-large_4550_landmark1_full_4_512_landmark_all_landmarks_True_20250813_145542_.pt with AUC: 0.5522, F1: 0.0000, Val Loss: 0.0741
2025-08-13 15:00:48,487: Landmark 1 | Epoch 2/20 | Train Loss: 0.0727 | Val Loss: 0.0655 | Validation AUC: 0.6543 | F1-Score: 0.0000
2025-08-13 15:00:49,054: New best model saved at /cluster/work/projects/ec12/michechi/cache/best/best_model_answerdotai_ModernBERT-large_4550_landmark1_full_4_512_landmark_all_landmarks_True_20250813_145542_.pt with AUC: 0.6543, F1: 0.0000, Val Loss: 0.0655
2025-08-13 15:03:12,695: Landmark 1 | Epoch 3/20 | Train Loss: 0.0707 | Val Loss: 0.0628 | Validation AUC: 0.7394 | F1-Score: 0.0000
2025-08-13 15:03:13,241: New best model saved at /cluster/work/projects/ec12/michechi/cache/best/best_model_answerdotai_ModernBERT-large_4550_landmark1_full_4_512_landmark_all_landmarks_True_20250813_145542_.pt with AUC: 0.7394, F1: 0.0000, Val Loss: 0.0628
2025-08-13 15:05:36,991: Landmark 1 | Epoch 4/20 | Train Loss: 0.0695 | Val Loss: 0.0631 | Validation AUC: 0.7465 | F1-Score: 0.0000
2025-08-13 15:05:36,991: No improvement in epoch 4. Current best AUC: 0.7394, F1: 0.0000, Val Loss: 0.0628. Epochs without improvement: 1/1
2025-08-13 15:05:36,991: Early stopping triggered at epoch 4. Best AUC: 0.7394, F1: 0.0000, Val Loss: 0.0628
2025-08-13 15:05:37,438: Tempo impiegato per Landmark 1: 594.9 secondi
2025-08-13 15:05:37,438: Tempo medio per epoca: 148.7 secondi
2025-08-13 15:05:37,440: Loading best model from /cluster/work/projects/ec12/michechi/cache/best/best_model_answerdotai_ModernBERT-large_4550_landmark1_full_4_512_landmark_all_landmarks_True_20250813_145542_.pt for final evaluation on test set
2025-08-13 15:05:50,884: Final Test AUC (Landmark 1): 0.6903 | Test F1-Score: 0.0000
2025-08-13 15:05:50,884: Preparing data for Landmark 2
2025-08-13 15:05:53,286: We will use 90% of the memory on device 0 for storing the model, and 10% for the buffer to avoid OOM. You can set `max_memory` in to a higher value to use more memory (at your own risk).
Some weights of ModernBertForSequenceClassification were not initialized from the model checkpoint at answerdotai/ModernBERT-large and are newly initialized: ['classifier.bias', 'classifier.weight']
You should probably TRAIN this model on a down-stream task to be able to use it for predictions and inference.
2025-08-13 15:05:56,466: Example train text: You are a Doctor.
What is the probability of death in the next 90 days from today for this 43-year-old F patient?
Today is the 2 visit.

Diagnosis history:
Today: Esophageal reflux; Diverticulosis of colon (without mention of hemorrhage); Other specified aftercare following surgery.
6 days ago: Diverticulitis of colon (without mention of hemorrhage); Acute kidney failure, unspecified; Abscess of intestine; Other postoperative infection; Cellulitis and abscess of trunk; Methicillin susceptible Staphylococcus aureus in conditions classified elsewhere and of unspecified site; Removal of other organ (partial) (total) causing abnormal patient reaction, or later complication, without mention of misadventure at time of operation; Hypovolemia; Nausea with vomiting.
Prescriptions history:
Today: LR; Ranitidine; Acetaminophen; Escitalopram Oxalate; Promethazine; Heparin; Ondansetron ODT; Potassium Chl 20 mEq / 1000 mL D5 1/2 NS; Pantoprazole; Sodium Chloride 0.9%  Flush; Fluticasone Propionate NASAL; Ondansetron.
6 days ago: NS; Potassium Chloride; OxycoDONE (Immediate Release) ; Magnesium Citrate; SW; Magnesium Sulfate; Prochlorperazine; Lorazepam; HYDROmorphone (Dilaudid); Iso-Osmotic Dextrose; Piperacillin-Tazobactam Na; Potassium Chl 20 mEq / 1000 mL D5 1/2 NS; Insulin; LR; Acetaminophen; Ondansetron; Ketorolac; OxycoDONE-Acetaminophen Elixir; Sodium Chloride 0.9%  Flush; Docusate Sodium; Hydrocodone-Acetaminophen; D5W; Clindamycin; Fluticasone Propionate NASAL; Ciprofloxacin; Pantoprazole; Metoclopramide; Calcium Carbonate; Vancomycin; Cephalexin; Heparin; Bupivacaine 0.5%; Promethazine HCl; D5 1/2NS; Hydrocortisone (Rectal) 2.5% Cream; Morphine Sulfate; Escitalopram Oxalate; Maalox/Diphenhydramine/Lidocaine; Nafcillin; HydrOXYzine; MetRONIDAZOLE (FLagyl); Ibuprofen.
Procedures history:
Today: .
6 days ago: Open and other sigmoidectomy.
2025-08-13 15:05:56,576: Average train text length: 256.57 words
2025-08-13 15:05:56,577: Average validation text length: 261.40 words
2025-08-13 15:05:56,577: Average test text length: 257.79 words
2025-08-13 15:05:56,577: Training on 8040 samples, validating on 894, testing on 2234 samples
2025-08-13 15:06:07,150: Fine-tuning at Landmark 2
2025-08-13 15:06:07,162: Early stopping criterion: loss
2025-08-13 15:08:33,100: Landmark 2 | Epoch 1/20 | Train Loss: 0.5541 | Val Loss: 0.1515 | Validation AUC: 0.6446 | F1-Score: 0.0000
2025-08-13 15:08:33,641: New best model saved at /cluster/work/projects/ec12/michechi/cache/best/best_model_answerdotai_ModernBERT-large_4550_landmark2_full_4_512_landmark_all_landmarks_True_20250813_150607_.pt with AUC: 0.6446, F1: 0.0000, Val Loss: 0.1515
2025-08-13 15:10:59,518: Landmark 2 | Epoch 2/20 | Train Loss: 0.1660 | Val Loss: 0.1370 | Validation AUC: 0.7517 | F1-Score: 0.0000
2025-08-13 15:11:00,059: New best model saved at /cluster/work/projects/ec12/michechi/cache/best/best_model_answerdotai_ModernBERT-large_4550_landmark2_full_4_512_landmark_all_landmarks_True_20250813_150607_.pt with AUC: 0.7517, F1: 0.0000, Val Loss: 0.1370
2025-08-13 15:13:25,930: Landmark 2 | Epoch 3/20 | Train Loss: 0.1633 | Val Loss: 0.1440 | Validation AUC: 0.7210 | F1-Score: 0.0000
2025-08-13 15:13:25,930: No improvement in epoch 3. Current best AUC: 0.7517, F1: 0.0000, Val Loss: 0.1370. Epochs without improvement: 1/1
2025-08-13 15:13:25,930: Early stopping triggered at epoch 3. Best AUC: 0.7517, F1: 0.0000, Val Loss: 0.1370
2025-08-13 15:13:26,359: Tempo impiegato per Landmark 2: 439.2 secondi
2025-08-13 15:13:26,359: Tempo medio per epoca: 146.4 secondi
2025-08-13 15:13:26,362: Loading best model from /cluster/work/projects/ec12/michechi/cache/best/best_model_answerdotai_ModernBERT-large_4550_landmark2_full_4_512_landmark_all_landmarks_True_20250813_150607_.pt for final evaluation on test set
2025-08-13 15:13:39,863: Final Test AUC (Landmark 2): 0.7971 | Test F1-Score: 0.0000
2025-08-13 15:13:39,864: Preparing data for Landmark 3
2025-08-13 15:13:41,704: We will use 90% of the memory on device 0 for storing the model, and 10% for the buffer to avoid OOM. You can set `max_memory` in to a higher value to use more memory (at your own risk).
Some weights of ModernBertForSequenceClassification were not initialized from the model checkpoint at answerdotai/ModernBERT-large and are newly initialized: ['classifier.bias', 'classifier.weight']
You should probably TRAIN this model on a down-stream task to be able to use it for predictions and inference.
2025-08-13 15:13:46,078: Example train text: You are a Doctor.
What is the probability of death in the next 90 days from today for this 46-year-old F patient?
Today is the 3 visit.

Diagnosis history:
Today: Chest pain, unspecified; Orthostatic hypotension.
1127 days ago: Esophageal reflux; Diverticulosis of colon (without mention of hemorrhage); Other specified aftercare following surgery.
1133 days ago: Diverticulitis of colon (without mention of hemorrhage); Acute kidney failure, unspecified; Abscess of intestine; Other postoperative infection; Cellulitis and abscess of trunk; Methicillin susceptible Staphylococcus aureus in conditions classified elsewhere and of unspecified site; Removal of other organ (partial) (total) causing abnormal patient reaction, or later complication, without mention of misadventure at time of operation; Hypovolemia; Nausea with vomiting.
Prescriptions history:
Today: .
1127 days ago: LR; Ranitidine; Acetaminophen; Escitalopram Oxalate; Promethazine; Heparin; Ondansetron ODT; Potassium Chl 20 mEq / 1000 mL D5 1/2 NS; Pantoprazole; Sodium Chloride 0.9%  Flush; Fluticasone Propionate NASAL; Ondansetron.
1133 days ago: NS; Potassium Chloride; OxycoDONE (Immediate Release) ; Magnesium Citrate; SW; Magnesium Sulfate; Prochlorperazine; Lorazepam; HYDROmorphone (Dilaudid); Iso-Osmotic Dextrose; Piperacillin-Tazobactam Na; Potassium Chl 20 mEq / 1000 mL D5 1/2 NS; Insulin; LR; Acetaminophen; Ondansetron; Ketorolac; OxycoDONE-Acetaminophen Elixir; Sodium Chloride 0.9%  Flush; Docusate Sodium; Hydrocodone-Acetaminophen; D5W; Clindamycin; Fluticasone Propionate NASAL; Ciprofloxacin; Pantoprazole; Metoclopramide; Calcium Carbonate; Vancomycin; Cephalexin; Heparin; Bupivacaine 0.5%; Promethazine HCl; D5 1/2NS; Hydrocortisone (Rectal) 2.5% Cream; Morphine Sulfate; Escitalopram Oxalate; Maalox/Diphenhydramine/Lidocaine; Nafcillin; HydrOXYzine; MetRONIDAZOLE (FLagyl); Ibuprofen.
Procedures history:
Today: .
1127 days ago: .
1133 days ago: Open and other sigmoidectomy.
2025-08-13 15:13:46,249: Average train text length: 380.70 words
2025-08-13 15:13:46,249: Average validation text length: 385.73 words
2025-08-13 15:13:46,249: Average test text length: 380.60 words
2025-08-13 15:13:46,249: Training on 8040 samples, validating on 894, testing on 2234 samples
2025-08-13 15:14:01,580: Fine-tuning at Landmark 3
2025-08-13 15:14:01,594: Early stopping criterion: loss
2025-08-13 15:16:29,027: Landmark 3 | Epoch 1/20 | Train Loss: 0.6211 | Val Loss: 0.2921 | Validation AUC: 0.7210 | F1-Score: 0.0000
2025-08-13 15:16:29,572: New best model saved at /cluster/work/projects/ec12/michechi/cache/best/best_model_answerdotai_ModernBERT-large_4550_landmark3_full_4_512_landmark_all_landmarks_True_20250813_151401_.pt with AUC: 0.7210, F1: 0.0000, Val Loss: 0.2921
2025-08-13 15:18:57,411: Landmark 3 | Epoch 2/20 | Train Loss: 0.2783 | Val Loss: 0.2730 | Validation AUC: 0.8071 | F1-Score: 0.0000
2025-08-13 15:18:57,950: New best model saved at /cluster/work/projects/ec12/michechi/cache/best/best_model_answerdotai_ModernBERT-large_4550_landmark3_full_4_512_landmark_all_landmarks_True_20250813_151401_.pt with AUC: 0.8071, F1: 0.0000, Val Loss: 0.2730
2025-08-13 15:21:25,540: Landmark 3 | Epoch 3/20 | Train Loss: 0.2584 | Val Loss: 0.2507 | Validation AUC: 0.8249 | F1-Score: 0.0860
2025-08-13 15:21:26,088: New best model saved at /cluster/work/projects/ec12/michechi/cache/best/best_model_answerdotai_ModernBERT-large_4550_landmark3_full_4_512_landmark_all_landmarks_True_20250813_151401_.pt with AUC: 0.8249, F1: 0.0860, Val Loss: 0.2507
2025-08-13 15:23:53,502: Landmark 3 | Epoch 4/20 | Train Loss: 0.2461 | Val Loss: 0.2460 | Validation AUC: 0.8335 | F1-Score: 0.1837
2025-08-13 15:23:54,046: New best model saved at /cluster/work/projects/ec12/michechi/cache/best/best_model_answerdotai_ModernBERT-large_4550_landmark3_full_4_512_landmark_all_landmarks_True_20250813_151401_.pt with AUC: 0.8335, F1: 0.1837, Val Loss: 0.2460
2025-08-13 15:26:21,433: Landmark 3 | Epoch 5/20 | Train Loss: 0.2394 | Val Loss: 0.2447 | Validation AUC: 0.8375 | F1-Score: 0.2617
2025-08-13 15:26:22,035: New best model saved at /cluster/work/projects/ec12/michechi/cache/best/best_model_answerdotai_ModernBERT-large_4550_landmark3_full_4_512_landmark_all_landmarks_True_20250813_151401_.pt with AUC: 0.8375, F1: 0.2617, Val Loss: 0.2447
2025-08-13 15:28:48,988: Landmark 3 | Epoch 6/20 | Train Loss: 0.2348 | Val Loss: 0.2433 | Validation AUC: 0.8396 | F1-Score: 0.2692
2025-08-13 15:28:49,546: New best model saved at /cluster/work/projects/ec12/michechi/cache/best/best_model_answerdotai_ModernBERT-large_4550_landmark3_full_4_512_landmark_all_landmarks_True_20250813_151401_.pt with AUC: 0.8396, F1: 0.2692, Val Loss: 0.2433
2025-08-13 15:31:16,370: Landmark 3 | Epoch 7/20 | Train Loss: 0.2321 | Val Loss: 0.2503 | Validation AUC: 0.8402 | F1-Score: 0.1837
2025-08-13 15:31:16,370: No improvement in epoch 7. Current best AUC: 0.8396, F1: 0.2692, Val Loss: 0.2433. Epochs without improvement: 1/1
2025-08-13 15:31:16,370: Early stopping triggered at epoch 7. Best AUC: 0.8396, F1: 0.2692, Val Loss: 0.2433
2025-08-13 15:31:16,975: Tempo impiegato per Landmark 3: 1035.4 secondi
2025-08-13 15:31:16,975: Tempo medio per epoca: 147.9 secondi
2025-08-13 15:31:16,978: Loading best model from /cluster/work/projects/ec12/michechi/cache/best/best_model_answerdotai_ModernBERT-large_4550_landmark3_full_4_512_landmark_all_landmarks_True_20250813_151401_.pt for final evaluation on test set
2025-08-13 15:31:30,534: Final Test AUC (Landmark 3): 0.8408 | Test F1-Score: 0.1825
2025-08-13 15:31:30,534: Preparing data for Landmark 4
2025-08-13 15:31:32,336: We will use 90% of the memory on device 0 for storing the model, and 10% for the buffer to avoid OOM. You can set `max_memory` in to a higher value to use more memory (at your own risk).
Some weights of ModernBertForSequenceClassification were not initialized from the model checkpoint at answerdotai/ModernBERT-large and are newly initialized: ['classifier.bias', 'classifier.weight']
You should probably TRAIN this model on a down-stream task to be able to use it for predictions and inference.
2025-08-13 15:31:37,966: Example train text: You are a Doctor.
What is the probability of death in the next 90 days from today for this 47-year-old F patient?
Today is the 4 visit.

Diagnosis history:
Today: Other specified disorders of intestine; Ulceration of intestine; Other and unspecified ovarian cyst; Diverticulosis of colon (without mention of hemorrhage); Intestinal bypass or anastomosis status; Anxiety state, unspecified; Esophageal reflux.
233 days ago: Chest pain, unspecified; Orthostatic hypotension.
1360 days ago: Esophageal reflux; Diverticulosis of colon (without mention of hemorrhage); Other specified aftercare following surgery.
1366 days ago: Diverticulitis of colon (without mention of hemorrhage); Acute kidney failure, unspecified; Abscess of intestine; Other postoperative infection; Cellulitis and abscess of trunk; Methicillin susceptible Staphylococcus aureus in conditions classified elsewhere and of unspecified site; Removal of other organ (partial) (total) causing abnormal patient reaction, or later complication, without mention of misadventure at time of operation; Hypovolemia; Nausea with vomiting.
Prescriptions history:
Today: Ondansetron ODT; Calcium Carbonate; Senna; Vitamin D; Omeprazole; HYDROmorphone (Dilaudid); Desitin; 0.45% Sodium Chloride; Acetaminophen; 0.9% Sodium Chloride; Docusate Sodium; Lorazepam; Multivitamins; Influenza Virus Vaccine; Golytely; Neutra-Phos; Escitalopram Oxalate; Sodium Chloride 0.9%  Flush; Fish Oil (Omega 3); Fluticasone Propionate NASAL; Heparin; Ondansetron; Naproxen; Ranitidine; Ketorolac.
233 days ago: .
1360 days ago: LR; Ranitidine; Acetaminophen; Escitalopram Oxalate; Promethazine; Heparin; Ondansetron ODT; Potassium Chl 20 mEq / 1000 mL D5 1/2 NS; Pantoprazole; Sodium Chloride 0.9%  Flush; Fluticasone Propionate NASAL; Ondansetron.
1366 days ago: NS; Potassium Chloride; OxycoDONE (Immediate Release) ; Magnesium Citrate; SW; Magnesium Sulfate; Prochlorperazine; Lorazepam; HYDROmorphone (Dilaudid); Iso-Osmotic Dextrose; Piperacillin-Tazobactam Na; Potassium Chl 20 mEq / 1000 mL D5 1/2 NS; Insulin; LR; Acetaminophen; Ondansetron; Ketorolac; OxycoDONE-Acetaminophen Elixir; Sodium Chloride 0.9%  Flush; Docusate Sodium; Hydrocodone-Acetaminophen; D5W; Clindamycin; Fluticasone Propionate NASAL; Ciprofloxacin; Pantoprazole; Metoclopramide; Calcium Carbonate; Vancomycin; Cephalexin; Heparin; Bupivacaine 0.5%; Promethazine HCl; D5 1/2NS; Hydrocortisone (Rectal) 2.5% Cream; Morphine Sulfate; Escitalopram Oxalate; Maalox/Diphenhydramine/Lidocaine; Nafcillin; HydrOXYzine; MetRONIDAZOLE (FLagyl); Ibuprofen.
Procedures history:
Today: Closed [endoscopic] biopsy of large intestine.
233 days ago: .
1360 days ago: .
1366 days ago: Open and other sigmoidectomy.
2025-08-13 15:31:38,193: Average train text length: 517.72 words
2025-08-13 15:31:38,193: Average validation text length: 522.47 words
2025-08-13 15:31:38,193: Average test text length: 518.07 words
2025-08-13 15:31:38,193: Training on 8040 samples, validating on 894, testing on 2234 samples
2025-08-13 15:31:59,426: Fine-tuning at Landmark 4
2025-08-13 15:31:59,444: Early stopping criterion: loss
2025-08-13 15:34:26,470: Landmark 4 | Epoch 1/20 | Train Loss: 0.6717 | Val Loss: 0.3642 | Validation AUC: 0.8443 | F1-Score: 0.1333
2025-08-13 15:34:27,117: New best model saved at /cluster/work/projects/ec12/michechi/cache/best/best_model_answerdotai_ModernBERT-large_4550_landmark4_full_4_512_landmark_all_landmarks_True_20250813_153159_.pt with AUC: 0.8443, F1: 0.1333, Val Loss: 0.3642
2025-08-13 15:36:54,264: Landmark 4 | Epoch 2/20 | Train Loss: 0.3390 | Val Loss: 0.2971 | Validation AUC: 0.9048 | F1-Score: 0.6319
2025-08-13 15:36:54,816: New best model saved at /cluster/work/projects/ec12/michechi/cache/best/best_model_answerdotai_ModernBERT-large_4550_landmark4_full_4_512_landmark_all_landmarks_True_20250813_153159_.pt with AUC: 0.9048, F1: 0.6319, Val Loss: 0.2971
2025-08-13 15:39:22,007: Landmark 4 | Epoch 3/20 | Train Loss: 0.2880 | Val Loss: 0.2446 | Validation AUC: 0.9346 | F1-Score: 0.6572
2025-08-13 15:39:22,564: New best model saved at /cluster/work/projects/ec12/michechi/cache/best/best_model_answerdotai_ModernBERT-large_4550_landmark4_full_4_512_landmark_all_landmarks_True_20250813_153159_.pt with AUC: 0.9346, F1: 0.6572, Val Loss: 0.2446
2025-08-13 15:41:49,820: Landmark 4 | Epoch 4/20 | Train Loss: 0.2641 | Val Loss: 0.2463 | Validation AUC: 0.9322 | F1-Score: 0.6942
2025-08-13 15:41:49,820: No improvement in epoch 4. Current best AUC: 0.9346, F1: 0.6572, Val Loss: 0.2446. Epochs without improvement: 1/1
2025-08-13 15:41:49,820: Early stopping triggered at epoch 4. Best AUC: 0.9346, F1: 0.6572, Val Loss: 0.2446
2025-08-13 15:41:50,362: Tempo impiegato per Landmark 4: 590.9 secondi
2025-08-13 15:41:50,362: Tempo medio per epoca: 147.7 secondi
2025-08-13 15:41:50,364: Loading best model from /cluster/work/projects/ec12/michechi/cache/best/best_model_answerdotai_ModernBERT-large_4550_landmark4_full_4_512_landmark_all_landmarks_True_20250813_153159_.pt for final evaluation on test set
2025-08-13 15:42:03,918: Final Test AUC (Landmark 4): 0.9173 | Test F1-Score: 0.6390
2025-08-13 15:42:03,945: Saving results to results_general_True_answerdotai_ModernBERT-large_landmark_visits4_4550_512_full_20250813_154203.csv
Using device: cuda
Using device: cuda
Using device: cuda
Using device: cuda
   Landmark Val AUC  ... Validation Loss Training Time (s)
0         1  0.7394  ...          0.0628             594.9
1         2  0.7517  ...          0.1370             439.2
2         3  0.8396  ...          0.2433            1035.4
3         4  0.9346  ...          0.2446             590.9

[4 rows x 9 columns]

Job 1853821 consumed 15.1 billing hours from project ec12.

Submitted 2025-08-13T14:54:25; waited 0.0 seconds in the queue after becoming eligible to run.

Requested wallclock time: 10.0 hours
Elapsed wallclock time:   47.7 minutes

Job exited normally.

Task and CPU statistics:
ID             CPUs  Tasks  CPU util                Start   Elapsed  Exit status
1853821          16            0.0 %  2025-08-13T14:54:25  2863.0 s  0
1853821.batch    16      1    10.7 %  2025-08-13T14:54:25  2863.0 s  0

Used CPU time:   1.4 CPU hours
Unused CPU time: 11.4 CPU hours

Memory statistics, in GiB:
ID              Alloc   Usage
1853821          32.0        
1853821.batch    32.0    11.3

Job 1853821 completed at Wed Aug 13 15:42:09 CEST 2025
