Starting job 66328 on gpu-1-76 on Olivia at Fri Dec 19 18:18:36 CET 2025


The following have been reloaded with a version change:
  1) NRIS/CPU => NRIS/GPU
  2) hpc-container-wrapper/0.4.2-CPU => hpc-container-wrapper/0.4.2-GPU


Inactive Modules:
  1) CUDA     2) hpc-container-wrapper

The following have been reloaded with a version change:
  1) NRIS/GPU => NRIS/Login


Lmod is automatically replacing "NRIS/Login" with "EESSI/2023.06".


Activating Modules:
  1) CUDA/12.4.0

FATAL:   While checking container encryption: could not open image /cluster/work/projects/nn12048k/michechi/containers/simulation-env/container.sif: the image's architecture (amd64) could not run on the host's (arm64)
srun: error: gpu-1-76: task 0: Exited with exit code 255
srun: Terminating StepId=66328.0

Job 66328 consumed 0.0 billing hours and 0.0 GPU hours from project nn12048k.

Submitted 2025-12-19T18:18:35; waited 0.0 seconds in the queue after becoming eligible to run.

Requested wallclock time: 30.0 minutes
Elapsed wallclock time:   6.0 seconds

Job failed.

Task and CPU statistics:
ID             CPUs  Tasks  CPU util                Start  Elapsed  Exit status
66328             1            0.0 %  2025-12-19T18:18:35    6.0 s  255 (exit status out of range)
66328.batch       1      1    38.1 %  2025-12-19T18:18:35    6.0 s  255 (exit status out of range)
66328.python3     1      1     0.0 %  2025-12-19T18:18:39    1.0 s  255 (exit status out of range)

Used CPU time:   2.3 CPU seconds
Unused CPU time: 3.7 CPU seconds

Memory statistics, in GiB:
ID              Alloc   Usage
66328             2.0        
66328.batch       2.0     0.1
66328.python3     2.0     0.0

Job 66328 completed at Fri Dec 19 18:18:41 CET 2025
