Starting job 1838361 on gpu-2 on fox at Fri Aug 1 16:11:01 CEST 2025

2025-08-01 16:11:18,667: Argument CI: False
2025-08-01 16:11:18,667: Argument all_landmarks: True
2025-08-01 16:11:18,667: Argument batch_size: 8
2025-08-01 16:11:18,667: Argument cache_dir: '/cluster/work/projects/ec12/michechi/cache'
2025-08-01 16:11:18,667: Argument early: 'loss'
2025-08-01 16:11:18,667: Argument epochs: 20
2025-08-01 16:11:18,667: Argument gradient_accumulation_steps: 1
2025-08-01 16:11:18,667: Argument input_csv: '/fp/homes01/u01/ec-michelec/MIMICIV/data/splitted/splitted/landmark_df_evo.csv'
2025-08-01 16:11:18,667: Argument lr: 2e-05
2025-08-01 16:11:18,667: Argument max_length: 512
2025-08-01 16:11:18,667: Argument max_visits: 3
2025-08-01 16:11:18,667: Argument model_name: 'emilyalsentzer/Bio_ClinicalBERT'
2025-08-01 16:11:18,668: Argument model_type: 'medical'
2025-08-01 16:11:18,668: Argument patience: 1
2025-08-01 16:11:18,668: Argument peft: False
2025-08-01 16:11:18,668: Argument prompt_type: 'full_no_time_rnd'
2025-08-01 16:11:18,668: Argument seed: 4550
2025-08-01 16:11:18,668: Argument test_csv: '/fp/homes01/u01/ec-michelec/MIMICIV/data/splitted/splitted/landmark_evo_test_dod.csv'
2025-08-01 16:11:18,668: Argument train_csv: '/fp/homes01/u01/ec-michelec/MIMICIV/data/splitted/splitted/landmark_evo_train_dod.csv'
2025-08-01 16:11:18,668: Argument use_quantization: False
2025-08-01 16:11:18,668: Argument val_csv: '/fp/homes01/u01/ec-michelec/MIMICIV/data/splitted/splitted/landmark_evo_vali_dod.csv'
2025-08-01 16:11:18,668: Argument when_counting_death: 'landmark'
2025-08-01 16:11:18,672: Using prompt type: full_no_time_rnd
/fp/homes01/u01/ec-michelec/MIMICIV/src/Finetuning_rfct.py:79: DtypeWarning: Columns (16,17,18,19) have mixed types. Specify dtype option on import or set low_memory=False.
  full_train_df = pd.read_csv(args.train_csv, na_values=['', 'None', 'NaN', 'na', 'nan']).fillna('')
/fp/homes01/u01/ec-michelec/MIMICIV/src/Finetuning_rfct.py:81: DtypeWarning: Columns (16,17,18,19) have mixed types. Specify dtype option on import or set low_memory=False.
  full_test_df = pd.read_csv(args.test_csv, na_values=['', 'None', 'NaN', 'na', 'nan']).fillna('')
2025-08-01 16:11:56,418: Processing all landmarks from 1 to 3
2025-08-01 16:11:56,419: Preparing data for Landmark 1
/fp/projects01/ec30/software/easybuild/software/nlpl-pytorch/2.1.2-foss-2022b-cuda-12.0.0-Python-3.10.8/lib/python3.10/site-packages/torch/_utils.py:831: UserWarning: TypedStorage is deprecated. It will be removed in the future and UntypedStorage will be the only storage class. This should only matter to you if you are using storages directly.  To access UntypedStorage directly, use tensor.untyped_storage() instead of tensor.storage()
  return self.fget.__get__(instance, owner)()
Some weights of BertForSequenceClassification were not initialized from the model checkpoint at emilyalsentzer/Bio_ClinicalBERT and are newly initialized: ['classifier.bias', 'classifier.weight']
You should probably TRAIN this model on a down-stream task to be able to use it for predictions and inference.
2025-08-01 16:12:01,702: Average train text length: 130.90 words
2025-08-01 16:12:01,703: Average validation text length: 130.07 words
2025-08-01 16:12:01,703: Average test text length: 131.65 words
2025-08-01 16:12:01,703: Training on 14472 samples, validating on 1608, testing on 4020 samples
2025-08-01 16:12:15,072: Fine-tuning at Landmark 1
2025-08-01 16:12:15,447: Early stopping criterion: loss
2025-08-01 16:14:31,124: Landmark 1 | Epoch 1/20 | Train Loss: 0.1712 | Val Loss: 0.1258 | Validation AUC: 0.8688 | F1-Score: 0.0000
2025-08-01 16:14:31,453: New best model saved at /cluster/work/projects/ec12/michechi/cache/best/best_model_emilyalsentzer_Bio_ClinicalBERT_4550_landmark1_full_no_time_rnd_3_512_landmark_all_landmarks_True_20250801_161215_.pt with AUC: 0.8688, F1: 0.0000, Val Loss: 0.1258
2025-08-01 16:16:47,040: Landmark 1 | Epoch 2/20 | Train Loss: 0.1134 | Val Loss: 0.1209 | Validation AUC: 0.8911 | F1-Score: 0.0000
2025-08-01 16:16:47,364: New best model saved at /cluster/work/projects/ec12/michechi/cache/best/best_model_emilyalsentzer_Bio_ClinicalBERT_4550_landmark1_full_no_time_rnd_3_512_landmark_all_landmarks_True_20250801_161215_.pt with AUC: 0.8911, F1: 0.0000, Val Loss: 0.1209
2025-08-01 16:19:03,313: Landmark 1 | Epoch 3/20 | Train Loss: 0.1071 | Val Loss: 0.1565 | Validation AUC: 0.8727 | F1-Score: 0.0000
2025-08-01 16:19:03,313: No improvement in epoch 3. Current best AUC: 0.8911, F1: 0.0000, Val Loss: 0.1209. Epochs without improvement: 1/1
2025-08-01 16:19:03,313: Early stopping triggered at epoch 3. Best AUC: 0.8911, F1: 0.0000, Val Loss: 0.1209
2025-08-01 16:19:03,591: Tempo impiegato per Landmark 1: 408.5 secondi
2025-08-01 16:19:03,591: Tempo medio per epoca: 136.2 secondi
2025-08-01 16:19:03,593: Loading best model from /cluster/work/projects/ec12/michechi/cache/best/best_model_emilyalsentzer_Bio_ClinicalBERT_4550_landmark1_full_no_time_rnd_3_512_landmark_all_landmarks_True_20250801_161215_.pt for final evaluation on test set
2025-08-01 16:19:14,834: Final Test AUC (Landmark 1): 0.8508 | Test F1-Score: 0.0000
2025-08-01 16:19:14,834: Preparing data for Landmark 2
Using device: cuda
Some weights of BertForSequenceClassification were not initialized from the model checkpoint at emilyalsentzer/Bio_ClinicalBERT and are newly initialized: ['classifier.bias', 'classifier.weight']
You should probably TRAIN this model on a down-stream task to be able to use it for predictions and inference.
2025-08-01 16:19:21,720: Average train text length: 237.75 words
2025-08-01 16:19:21,720: Average validation text length: 236.84 words
2025-08-01 16:19:21,720: Average test text length: 236.66 words
2025-08-01 16:19:21,720: Training on 14472 samples, validating on 1608, testing on 4020 samples
2025-08-01 16:19:46,304: Fine-tuning at Landmark 2
2025-08-01 16:19:46,308: Early stopping criterion: loss
2025-08-01 16:22:02,974: Landmark 2 | Epoch 1/20 | Train Loss: 0.2429 | Val Loss: 0.1988 | Validation AUC: 0.8973 | F1-Score: 0.0000
2025-08-01 16:22:03,286: New best model saved at /cluster/work/projects/ec12/michechi/cache/best/best_model_emilyalsentzer_Bio_ClinicalBERT_4550_landmark2_full_no_time_rnd_3_512_landmark_all_landmarks_True_20250801_161946_.pt with AUC: 0.8973, F1: 0.0000, Val Loss: 0.1988
2025-08-01 16:24:20,456: Landmark 2 | Epoch 2/20 | Train Loss: 0.2013 | Val Loss: 0.1731 | Validation AUC: 0.9006 | F1-Score: 0.2329
2025-08-01 16:24:20,758: New best model saved at /cluster/work/projects/ec12/michechi/cache/best/best_model_emilyalsentzer_Bio_ClinicalBERT_4550_landmark2_full_no_time_rnd_3_512_landmark_all_landmarks_True_20250801_161946_.pt with AUC: 0.9006, F1: 0.2329, Val Loss: 0.1731
2025-08-01 16:26:37,917: Landmark 2 | Epoch 3/20 | Train Loss: 0.1847 | Val Loss: 0.1813 | Validation AUC: 0.8945 | F1-Score: 0.3077
2025-08-01 16:26:37,917: No improvement in epoch 3. Current best AUC: 0.9006, F1: 0.2329, Val Loss: 0.1731. Epochs without improvement: 1/1
2025-08-01 16:26:37,917: Early stopping triggered at epoch 3. Best AUC: 0.9006, F1: 0.2329, Val Loss: 0.1731
2025-08-01 16:26:38,158: Tempo impiegato per Landmark 2: 411.9 secondi
2025-08-01 16:26:38,159: Tempo medio per epoca: 137.3 secondi
2025-08-01 16:26:38,160: Loading best model from /cluster/work/projects/ec12/michechi/cache/best/best_model_emilyalsentzer_Bio_ClinicalBERT_4550_landmark2_full_no_time_rnd_3_512_landmark_all_landmarks_True_20250801_161946_.pt for final evaluation on test set
2025-08-01 16:26:49,412: Final Test AUC (Landmark 2): 0.8852 | Test F1-Score: 0.2810
2025-08-01 16:26:49,413: Preparing data for Landmark 3
Using device: cuda
Some weights of BertForSequenceClassification were not initialized from the model checkpoint at emilyalsentzer/Bio_ClinicalBERT and are newly initialized: ['classifier.bias', 'classifier.weight']
You should probably TRAIN this model on a down-stream task to be able to use it for predictions and inference.
2025-08-01 16:26:58,925: Average train text length: 356.21 words
2025-08-01 16:26:58,925: Average validation text length: 351.55 words
2025-08-01 16:26:58,925: Average test text length: 354.77 words
2025-08-01 16:26:58,925: Training on 14472 samples, validating on 1608, testing on 4020 samples
2025-08-01 16:27:35,588: Fine-tuning at Landmark 3
2025-08-01 16:27:35,594: Early stopping criterion: loss
2025-08-01 16:29:50,948: Landmark 3 | Epoch 1/20 | Train Loss: 0.2985 | Val Loss: 0.2086 | Validation AUC: 0.9393 | F1-Score: 0.6263
2025-08-01 16:29:51,273: New best model saved at /cluster/work/projects/ec12/michechi/cache/best/best_model_emilyalsentzer_Bio_ClinicalBERT_4550_landmark3_full_no_time_rnd_3_512_landmark_all_landmarks_True_20250801_162735_.pt with AUC: 0.9393, F1: 0.6263, Val Loss: 0.2086
2025-08-01 16:32:07,133: Landmark 3 | Epoch 2/20 | Train Loss: 0.2357 | Val Loss: 0.2121 | Validation AUC: 0.9372 | F1-Score: 0.6122
2025-08-01 16:32:07,133: No improvement in epoch 2. Current best AUC: 0.9393, F1: 0.6263, Val Loss: 0.2086. Epochs without improvement: 1/1
2025-08-01 16:32:07,133: Early stopping triggered at epoch 2. Best AUC: 0.9393, F1: 0.6263, Val Loss: 0.2086
2025-08-01 16:32:07,375: Tempo impiegato per Landmark 3: 271.8 secondi
2025-08-01 16:32:07,376: Tempo medio per epoca: 135.9 secondi
2025-08-01 16:32:07,378: Loading best model from /cluster/work/projects/ec12/michechi/cache/best/best_model_emilyalsentzer_Bio_ClinicalBERT_4550_landmark3_full_no_time_rnd_3_512_landmark_all_landmarks_True_20250801_162735_.pt for final evaluation on test set
2025-08-01 16:32:18,233: Final Test AUC (Landmark 3): 0.9336 | Test F1-Score: 0.6343
2025-08-01 16:32:18,234: Saving results to results_medical_True_emilyalsentzer_Bio_ClinicalBERT_landmark_visits3_4550_512_full_no_time_rnd_20250801_163218.csv
Using device: cuda
   Landmark Val AUC  ... Validation Loss Training Time (s)
0         1  0.8911  ...          0.1209             408.5
1         2  0.9006  ...          0.1731             411.9
2         3  0.9393  ...          0.2086             271.8

[3 rows x 9 columns]

Job 1838361 consumed 6.8 billing hours from project ec12.

Submitted 2025-08-01T16:10:46; waited 15.0 seconds in the queue after becoming eligible to run.

Requested wallclock time: 6.0 hours
Elapsed wallclock time:   21.4 minutes

Job exited normally.

Task and CPU statistics:
ID             CPUs  Tasks  CPU util                Start   Elapsed  Exit status
1838361          16            0.0 %  2025-08-01T16:11:01  1282.0 s  0
1838361.batch    16      1     6.2 %  2025-08-01T16:11:01  1282.0 s  0

Used CPU time:   21.2 CPU minutes
Unused CPU time: 5.3 CPU hours

Memory statistics, in GiB:
ID              Alloc   Usage
1838361          32.0        
1838361.batch    32.0    11.9

GPU usage stats:
Job 1838361 completed at Fri Aug 1 16:32:23 CEST 2025
