Starting job 1795965 on gpu-9 on fox at Sat Jul 19 15:37:56 CEST 2025

2025-07-19 15:38:12,275: Argument all_landmarks: False
2025-07-19 15:38:12,276: Argument batch_size: 8
2025-07-19 15:38:12,276: Argument cache_dir: '/cluster/work/projects/ec12/michechi/cache'
2025-07-19 15:38:12,276: Argument early: 'loss'
2025-07-19 15:38:12,276: Argument epochs: 20
2025-07-19 15:38:12,276: Argument gradient_accumulation_steps: 1
2025-07-19 15:38:12,276: Argument input_csv: '/fp/homes01/u01/ec-michelec/MIMICIV/data/splitted/splitted/landmark_df_evo.csv'
2025-07-19 15:38:12,276: Argument lr: 2e-05
2025-07-19 15:38:12,276: Argument max_length: 512
2025-07-19 15:38:12,276: Argument max_visits: 3
2025-07-19 15:38:12,276: Argument model_name: 'emilyalsentzer/Bio_ClinicalBERT'
2025-07-19 15:38:12,276: Argument model_type: 'medbert'
2025-07-19 15:38:12,276: Argument patience: 3
2025-07-19 15:38:12,276: Argument peft: False
2025-07-19 15:38:12,276: Argument prompt_type: 'compact'
2025-07-19 15:38:12,276: Argument seed: 9550
2025-07-19 15:38:12,276: Argument test_csv: '/fp/homes01/u01/ec-michelec/MIMICIV/data/splitted/splitted/landmark_evo_test.csv'
2025-07-19 15:38:12,276: Argument train_csv: '/fp/homes01/u01/ec-michelec/MIMICIV/data/splitted/splitted/landmark_evo_train.csv'
2025-07-19 15:38:12,276: Argument use_quantization: False
2025-07-19 15:38:12,276: Argument val_csv: '/fp/homes01/u01/ec-michelec/MIMICIV/data/splitted/splitted/landmark_evo_vali.csv'
/fp/projects01/ec30/software/easybuild/software/nlpl-pytorch/2.1.2-foss-2022b-cuda-12.0.0-Python-3.10.8/lib/python3.10/site-packages/torch/_utils.py:831: UserWarning: TypedStorage is deprecated. It will be removed in the future and UntypedStorage will be the only storage class. This should only matter to you if you are using storages directly.  To access UntypedStorage directly, use tensor.untyped_storage() instead of tensor.storage()
  return self.fget.__get__(instance, owner)()
Some weights of BertForSequenceClassification were not initialized from the model checkpoint at emilyalsentzer/Bio_ClinicalBERT and are newly initialized: ['classifier.bias', 'classifier.weight']
You should probably TRAIN this model on a down-stream task to be able to use it for predictions and inference.
2025-07-19 15:38:13,975: Using prompt type: compact
/fp/homes01/u01/ec-michelec/MIMICIV/src/Finetuning.py:457: DtypeWarning: Columns (16,17,18,19) have mixed types. Specify dtype option on import or set low_memory=False.
  full_train_df = pd.read_csv(args.train_csv, na_values=['', 'None', 'NaN', 'na', 'nan']).fillna('')
/fp/homes01/u01/ec-michelec/MIMICIV/src/Finetuning.py:459: DtypeWarning: Columns (16,17,18,19) have mixed types. Specify dtype option on import or set low_memory=False.
  full_test_df = pd.read_csv(args.test_csv, na_values=['', 'None', 'NaN', 'na', 'nan']).fillna('')
2025-07-19 15:38:51,291: Processing only the last landmark visit: 3
2025-07-19 15:38:51,292: Preparing data for Landmark 3
2025-07-19 15:38:57,087: Average train text length: 185.98 words
2025-07-19 15:38:57,087: Average validation text length: 182.43 words
2025-07-19 15:38:57,087: Average test text length: 185.50 words
2025-07-19 15:38:57,087: Training on 14472 samples, validating on 1608, testing on 4020 samples
2025-07-19 15:39:14,829: Fine-tuning at Landmark 3
2025-07-19 15:39:15,202: Early stopping criterion: loss
2025-07-19 15:44:23,752: Landmark 3 | Epoch 1/20 | Train Loss: 0.2798 | Val Loss: 0.2079 | Validation AUC: 0.9439 | F1-Score: 0.6799
2025-07-19 15:49:32,901: Landmark 3 | Epoch 2/20 | Train Loss: 0.2129 | Val Loss: 0.1907 | Validation AUC: 0.9522 | F1-Score: 0.7330
2025-07-19 15:54:42,026: Landmark 3 | Epoch 3/20 | Train Loss: 0.1930 | Val Loss: 0.1862 | Validation AUC: 0.9526 | F1-Score: 0.7075
2025-07-19 15:59:51,149: Landmark 3 | Epoch 4/20 | Train Loss: 0.1752 | Val Loss: 0.2020 | Validation AUC: 0.9501 | F1-Score: 0.7254
2025-07-19 16:04:59,936: Landmark 3 | Epoch 5/20 | Train Loss: 0.1523 | Val Loss: 0.2214 | Validation AUC: 0.9496 | F1-Score: 0.7159
2025-07-19 16:10:08,680: Landmark 3 | Epoch 6/20 | Train Loss: 0.1196 | Val Loss: 0.2297 | Validation AUC: 0.9389 | F1-Score: 0.7133
2025-07-19 16:10:08,680: Early stopping triggered at epoch 6
2025-07-19 16:10:08,946: Tempo impiegato per Landmark 3: 1854.1 secondi
2025-07-19 16:10:08,947: Tempo medio per epoca: 309.0 secondi
2025-07-19 16:10:36,811: Final Test AUC (Landmark 3): 0.9482 | Test F1-Score: 0.7388
2025-07-19 16:10:36,812: Saving results to results_medbert_emilyalsentzer_Bio_ClinicalBERT_visits3_9550_compact_20250719_161036.csv
Using device: cuda
   Landmark Val AUC  ... Validation Loss Training Time (s)
0         3  0.9526  ...          0.1862            1854.1

[1 rows x 9 columns]

Job 1795965 consumed 10.4 billing hours from project ec12.

Submitted 2025-07-19T15:37:55; waited 0.0 seconds in the queue after becoming eligible to run.

Requested wallclock time: 24.0 hours
Elapsed wallclock time:   32.8 minutes

Job exited normally.

Task and CPU statistics:
ID             CPUs  Tasks  CPU util                Start   Elapsed  Exit status
1795965          16            0.0 %  2025-07-19T15:37:55  1965.0 s  0
1795965.batch    16      1     6.2 %  2025-07-19T15:37:55  1965.0 s  0

Used CPU time:   32.5 CPU minutes
Unused CPU time: 8.2 CPU hours

Memory statistics, in GiB:
ID              Alloc   Usage
1795965          32.0        
1795965.batch    32.0     7.7

GPU usage stats:
Job 1795965 completed at Sat Jul 19 16:10:41 CEST 2025
