Starting job 1700993 on gpu-11 on fox at Fri Jun 20 12:37:17 CEST 2025

2025-06-20 12:38:07,307: Argument all_landmarks: False
2025-06-20 12:38:07,308: Argument batch_size: 8
2025-06-20 12:38:07,308: Argument cache_dir: '/cluster/work/projects/ec403/ec-michechi/Project_M'
2025-06-20 12:38:07,308: Argument early: 'loss'
2025-06-20 12:38:07,308: Argument epochs: 20
2025-06-20 12:38:07,308: Argument input_csv: '/cluster/work/projects/ec403/ec-michechi/Project_M/data/landmark_df_evo.csv'
2025-06-20 12:38:07,308: Argument lr: 2e-05
2025-06-20 12:38:07,308: Argument max_length: 512
2025-06-20 12:38:07,308: Argument max_visits: 3
2025-06-20 12:38:07,308: Argument model_name: 'emilyalsentzer/Bio_ClinicalBERT'
2025-06-20 12:38:07,309: Argument model_type: 'medbert'
2025-06-20 12:38:07,309: Argument patience: 3
2025-06-20 12:38:07,309: Argument peft: False
2025-06-20 12:38:07,309: Argument prompt_type: 'compact'
2025-06-20 12:38:07,309: Argument seed: 5550
2025-06-20 12:38:07,309: Argument test_csv: '/cluster/work/projects/ec403/ec-michechi/Project_M/data/landmark_evo_test.csv'
2025-06-20 12:38:07,309: Argument train_csv: '/cluster/work/projects/ec403/ec-michechi/Project_M/data/landmark_evo_train.csv'
2025-06-20 12:38:07,309: Argument use_quantization: False
2025-06-20 12:38:07,309: Argument val_csv: '/cluster/work/projects/ec403/ec-michechi/Project_M/data/landmark_evo_vali.csv'
/fp/projects01/ec30/software/easybuild/software/nlpl-pytorch/2.1.2-foss-2022b-cuda-12.0.0-Python-3.10.8/lib/python3.10/site-packages/torch/_utils.py:831: UserWarning: TypedStorage is deprecated. It will be removed in the future and UntypedStorage will be the only storage class. This should only matter to you if you are using storages directly.  To access UntypedStorage directly, use tensor.untyped_storage() instead of tensor.storage()
  return self.fget.__get__(instance, owner)()
Some weights of BertForSequenceClassification were not initialized from the model checkpoint at emilyalsentzer/Bio_ClinicalBERT and are newly initialized: ['classifier.bias', 'classifier.weight']
You should probably TRAIN this model on a down-stream task to be able to use it for predictions and inference.
2025-06-20 12:38:10,759: Using prompt type: compact
2025-06-20 12:38:10,759: Model type: medbert, Model name: emilyalsentzer/Bio_ClinicalBERT
/fp/homes01/u01/ec-michechi/Project_M/MIMICIV/src/Finetuning.py:427: DtypeWarning: Columns (16,17,18,19) have mixed types. Specify dtype option on import or set low_memory=False.
  full_train_df = pd.read_csv(args.train_csv, na_values=['', 'None', 'NaN', 'na', 'nan']).fillna('')
2025-06-20 12:38:46,679: Processing only the last landmark visit: 3
2025-06-20 12:38:46,679: Preparing data for Landmark 3
2025-06-20 12:38:52,455: Average train text length: 185.53 words
2025-06-20 12:38:52,455: Average validation text length: 184.46 words
2025-06-20 12:38:52,455: Average test text length: 186.19 words
2025-06-20 12:38:52,455: Training on 14477 samples, validating on 1609, testing on 4022 samples
2025-06-20 12:39:10,192: Fine-tuning at Landmark 3
2025-06-20 12:39:11,614: Early stopping criterion: loss
2025-06-20 12:44:47,980: Landmark 3 | Epoch 1/20 | Train Loss: 0.3018 | Val Loss: 0.1829 | Validation AUC: 0.9526 | F1-Score: 0.7389
2025-06-20 12:50:24,580: Landmark 3 | Epoch 2/20 | Train Loss: 0.2107 | Val Loss: 0.1849 | Validation AUC: 0.9540 | F1-Score: 0.7200
2025-06-20 12:56:01,032: Landmark 3 | Epoch 3/20 | Train Loss: 0.1916 | Val Loss: 0.1798 | Validation AUC: 0.9586 | F1-Score: 0.6755
2025-06-20 13:01:37,812: Landmark 3 | Epoch 4/20 | Train Loss: 0.1684 | Val Loss: 0.1647 | Validation AUC: 0.9603 | F1-Score: 0.7663
2025-06-20 13:07:14,769: Landmark 3 | Epoch 5/20 | Train Loss: 0.1397 | Val Loss: 0.1828 | Validation AUC: 0.9488 | F1-Score: 0.7289
2025-06-20 13:12:49,863: Landmark 3 | Epoch 6/20 | Train Loss: 0.1033 | Val Loss: 0.2142 | Validation AUC: 0.9467 | F1-Score: 0.7260
2025-06-20 13:18:24,584: Landmark 3 | Epoch 7/20 | Train Loss: 0.0721 | Val Loss: 0.2388 | Validation AUC: 0.9439 | F1-Score: 0.7323
2025-06-20 13:18:24,587: Early stopping triggered at epoch 7
2025-06-20 13:18:25,514: Tempo impiegato per Landmark 3: 2355.3 secondi
2025-06-20 13:18:25,514: Tempo medio per epoca: 336.5 secondi
2025-06-20 13:18:53,326: Final Test AUC (Landmark 3): 0.9420 | Test F1-Score: 0.7214
2025-06-20 13:18:53,327: Saving results to results_medbert_emilyalsentzer_Bio_ClinicalBERT_visits3_20250620_131853.csv
   Landmark Val AUC  ... Validation Loss Training Time (s)
0         3  0.9603  ...          0.1647            2355.3

[1 rows x 9 columns]

Job 1700993 consumed 13.2 billing hours from project ec403.

Submitted 2025-06-20T12:37:14; waited 2.0 seconds in the queue after becoming eligible to run.

Requested wallclock time: 5.0 hours
Elapsed wallclock time:   41.7 minutes

Job exited normally.

Task and CPU statistics:
ID             CPUs  Tasks  CPU util                Start   Elapsed  Exit status
1700993          16            0.0 %  2025-06-20T12:37:16  2501.0 s  0
1700993.batch    16      1     6.1 %  2025-06-20T12:37:16  2501.0 s  0

Used CPU time:   40.7 CPU minutes
Unused CPU time: 10.4 CPU hours

Memory statistics, in GiB:
ID              Alloc   Usage
1700993          32.0        
1700993.batch    32.0     7.7

Job 1700993 completed at Fri Jun 20 13:18:57 CEST 2025
