Starting job 1853538 on gpu-9 on fox at Wed Aug 13 09:24:55 CEST 2025

2025-08-13 09:25:14,207: Argument CI: False
2025-08-13 09:25:14,208: Argument all_landmarks: True
2025-08-13 09:25:14,208: Argument batch_size: 8
2025-08-13 09:25:14,208: Argument cache_dir: '/cluster/work/projects/ec12/michechi/cache'
2025-08-13 09:25:14,208: Argument early: 'loss'
2025-08-13 09:25:14,208: Argument epochs: 20
2025-08-13 09:25:14,208: Argument gradient_accumulation_steps: 1
2025-08-13 09:25:14,208: Argument input_csv: '/fp/homes01/u01/ec-michelec/MIMICIV/data/splitted/splitted/landmark_df_evo.csv'
2025-08-13 09:25:14,208: Argument lr: 2e-05
2025-08-13 09:25:14,208: Argument max_length: 512
2025-08-13 09:25:14,208: Argument max_visits: 3
2025-08-13 09:25:14,208: Argument model_name: 'emilyalsentzer/Bio_ClinicalBERT'
2025-08-13 09:25:14,208: Argument model_type: 'medical'
2025-08-13 09:25:14,208: Argument patience: 1
2025-08-13 09:25:14,208: Argument peft: False
2025-08-13 09:25:14,208: Argument prompt_type: 'no'
2025-08-13 09:25:14,208: Argument seed: 5550
2025-08-13 09:25:14,208: Argument test_csv: '/fp/homes01/u01/ec-michelec/MIMICIV/data/splitted/splitted/landmark_evo_test_dod.csv'
2025-08-13 09:25:14,208: Argument train_csv: '/fp/homes01/u01/ec-michelec/MIMICIV/data/splitted/splitted/landmark_evo_train_dod.csv'
2025-08-13 09:25:14,208: Argument use_quantization: False
2025-08-13 09:25:14,208: Argument val_csv: '/fp/homes01/u01/ec-michelec/MIMICIV/data/splitted/splitted/landmark_evo_vali_dod.csv'
2025-08-13 09:25:14,208: Argument when_counting_death: 'last_visit'
2025-08-13 09:25:14,253: Using prompt type: no
/fp/homes01/u01/ec-michelec/MIMICIV/src/Finetuning_rfct.py:79: DtypeWarning: Columns (16,17,18,19) have mixed types. Specify dtype option on import or set low_memory=False.
  full_train_df = pd.read_csv(args.train_csv, na_values=['', 'None', 'NaN', 'na', 'nan']).fillna('')
/fp/homes01/u01/ec-michelec/MIMICIV/src/Finetuning_rfct.py:81: DtypeWarning: Columns (16,17,18,19) have mixed types. Specify dtype option on import or set low_memory=False.
  full_test_df = pd.read_csv(args.test_csv, na_values=['', 'None', 'NaN', 'na', 'nan']).fillna('')
2025-08-13 09:25:51,568: Processing all landmarks from 1 to 3
2025-08-13 09:25:51,568: Preparing data for Landmark 1
/fp/projects01/ec30/software/easybuild/software/nlpl-pytorch/2.1.2-foss-2022b-cuda-12.0.0-Python-3.10.8/lib/python3.10/site-packages/torch/_utils.py:831: UserWarning: TypedStorage is deprecated. It will be removed in the future and UntypedStorage will be the only storage class. This should only matter to you if you are using storages directly.  To access UntypedStorage directly, use tensor.untyped_storage() instead of tensor.storage()
  return self.fget.__get__(instance, owner)()
Some weights of BertForSequenceClassification were not initialized from the model checkpoint at emilyalsentzer/Bio_ClinicalBERT and are newly initialized: ['classifier.bias', 'classifier.weight']
You should probably TRAIN this model on a down-stream task to be able to use it for predictions and inference.
2025-08-13 09:25:55,745: Example train text: Based on this information, what is the probability of mortality within 90 days?
Other constipation; Pneumonia, organism unspecified; Urinary tract infection, site not specified; Other ascites; Unspecified deficiency anemia; Acute alcoholic hepatitis; Alcoholic cirrhosis of liver; Portal hypertension; Other and unspecified alcohol dependence, continuous; Other specified forms of effusion, except tuberculous; Hyposmolality and/or hyponatremia; Hypopotassemia; Unspecified protein-calorie malnutrition; Anxiety state, unspecified
Multivitamins; Lorazepam; Magnesium Sulfate; Nicotine Patch; Thiamine; Ciprofloxacin HCl; Morphine Sulfate; Potassium Chloride; Albumin 25% (12.5g / 50mL); Furosemide; Phytonadione; Sodium Chloride 0.9%  Flush; Ondansetron; 1/2 NS; Heparin; FoLIC Acid; Docusate Sodium; Acetaminophen; Multivitamin IV; 0.9% Sodium Chloride; OxycoDONE (Immediate Release) ; Neutra-Phos; Lidocaine 5% Patch; Senna; SW
2.5 mg of OxycoDONE (Immediate Release)  in TAB through PO/NG; 5 mg of Phytonadione in TAB through PO/NG; 100 mg of Thiamine in TAB through PO/NG; 1000 mL of 0.9% Sodium Chloride in BAG through IV; 1 mg of Lorazepam in mL through IV; 0.5 mg of Lorazepam in TAB through PO/NG; 8 mg of Ondansetron in VIAL through IV; 3 mL of Sodium Chloride 0.9%  Flush in SYR through IV; 100 mg of Docusate Sodium in CAP through PO; 0.5-1 mg of Lorazepam in TAB through PO/NG; 5 mg of OxycoDONE (Immediate Release)  in TAB through PO/NG; 100 mL of SW in BAG through IV; 20 mg of Furosemide in TAB through PO/NG; 1 mg of FoLIC Acid in TAB through PO/NG; 2 gm of Magnesium Sulfate in BAG through IV; 250 mg of Ciprofloxacin HCl in TAB through PO/NG; 40 mEq of Potassium Chloride in TAB through PO; 14 mg of Nicotine Patch in PTCH through TD; 60 mEq of Potassium Chloride in TAB through PO; 500 mL of 0.9% Sodium Chloride in mL through IV; 50 mL of SW in BAG through IV; 2 mg of Lorazepam in mL through IV; 10 mL of Multivitamin IV in VIAL through IV; 100 mg of Thiamine in mL through IV; 1 mg of Lorazepam in TAB through PO/NG; 5000 UNIT of Heparin in mL through SC; 2-4 mg of Morphine Sulfate in SYR through IV; 4 gm of Magnesium Sulfate in BAG through IV; 500 mg of Ciprofloxacin HCl in TAB through PO/NG; 1 TAB of Multivitamins in TAB through PO/NG; 0.5 mg of Lorazepam in mL through IV; 50 g of Albumin 25% (12.5g / 50mL) in BAG through IV; 1000 mL of 1/2 NS in mL through IV; 2 TAB of Senna in TAB through PO/NG; 1 PTCH of Lidocaine 5% Patch in PTCH through TD; 1 PKT of Neutra-Phos in PKT through PO/NG; 325-650 mg of Acetaminophen in TAB through PO/NG; 1 mg of FoLIC Acid in mL through IV
2025-08-13 09:25:56,029: Average train text length: 330.04 words
2025-08-13 09:25:56,029: Average validation text length: 331.97 words
2025-08-13 09:25:56,029: Average test text length: 329.99 words
2025-08-13 09:25:56,029: Training on 14472 samples, validating on 1608, testing on 4020 samples
2025-08-13 09:26:21,601: Fine-tuning at Landmark 1
2025-08-13 09:26:22,269: Early stopping criterion: loss
2025-08-13 09:28:30,871: Landmark 1 | Epoch 1/20 | Train Loss: 0.4070 | Val Loss: 0.3771 | Validation AUC: 0.7968 | F1-Score: 0.0000
2025-08-13 09:28:31,195: New best model saved at /cluster/work/projects/ec12/michechi/cache/best/best_model_emilyalsentzer_Bio_ClinicalBERT_5550_landmark1_no_3_512_last_visit_all_landmarks_True_20250813_092622_.pt with AUC: 0.7968, F1: 0.0000, Val Loss: 0.3771
2025-08-13 09:30:40,271: Landmark 1 | Epoch 2/20 | Train Loss: 0.3483 | Val Loss: 0.3261 | Validation AUC: 0.8154 | F1-Score: 0.3396
2025-08-13 09:30:40,626: New best model saved at /cluster/work/projects/ec12/michechi/cache/best/best_model_emilyalsentzer_Bio_ClinicalBERT_5550_landmark1_no_3_512_last_visit_all_landmarks_True_20250813_092622_.pt with AUC: 0.8154, F1: 0.3396, Val Loss: 0.3261
2025-08-13 09:32:49,728: Landmark 1 | Epoch 3/20 | Train Loss: 0.3307 | Val Loss: 0.3364 | Validation AUC: 0.8207 | F1-Score: 0.4230
2025-08-13 09:32:49,728: No improvement in epoch 3. Current best AUC: 0.8154, F1: 0.3396, Val Loss: 0.3261. Epochs without improvement: 1/1
2025-08-13 09:32:49,728: Early stopping triggered at epoch 3. Best AUC: 0.8154, F1: 0.3396, Val Loss: 0.3261
2025-08-13 09:32:49,995: Tempo impiegato per Landmark 1: 388.4 secondi
2025-08-13 09:32:49,995: Tempo medio per epoca: 129.5 secondi
2025-08-13 09:32:49,997: Loading best model from /cluster/work/projects/ec12/michechi/cache/best/best_model_emilyalsentzer_Bio_ClinicalBERT_5550_landmark1_no_3_512_last_visit_all_landmarks_True_20250813_092622_.pt for final evaluation on test set
2025-08-13 09:33:00,727: Final Test AUC (Landmark 1): 0.8014 | Test F1-Score: 0.2773
2025-08-13 09:33:00,727: Preparing data for Landmark 2
Using device: cuda
Some weights of BertForSequenceClassification were not initialized from the model checkpoint at emilyalsentzer/Bio_ClinicalBERT and are newly initialized: ['classifier.bias', 'classifier.weight']
You should probably TRAIN this model on a down-stream task to be able to use it for predictions and inference.
2025-08-13 09:33:04,520: Example train text: Based on this information, what is the probability of mortality within 90 days?
Other constipation; Pneumonia, organism unspecified; Alcoholic fatty liver; Urinary tract infection, site not specified; Other ascites; Unspecified deficiency anemia; Acute alcoholic hepatitis; Alcoholic cirrhosis of liver; Portal hypertension; Other and unspecified alcohol dependence, continuous; Sepsis; Unspecified pleural effusion; Other specified forms of effusion, except tuberculous; Hyposmolality and/or hyponatremia; Hypopotassemia; Unspecified protein-calorie malnutrition; Tobacco use disorder; Anxiety state, unspecified
Multivitamins; Lorazepam; Acetylcysteine 20%; Magnesium Sulfate; Nicotine Patch; Thiamine; Ciprofloxacin HCl; Sarna Lotion; Morphine Sulfate; Potassium Chloride; CeftriaXONE; Albumin 25% (12.5g / 50mL); Furosemide; Phytonadione; Sodium Chloride 0.9%  Flush; Ondansetron; D5 1/2NS; 1/2 NS; Heparin; Heparin Sodium; FoLIC Acid; Spironolactone; Docusate Sodium; Acetaminophen; Iso-Osmotic Dextrose; 5% Dextrose; Sodium Polystyrene Sulfonate; Multivitamin IV; 0.9% Sodium Chloride; OxycoDONE (Immediate Release) ; Neutra-Phos; Lidocaine 5% Patch; Senna; SW; Lactulose
4 mg of Ondansetron in VIAL through IV; 2.5 mg of OxycoDONE (Immediate Release)  in TAB through PO/NG; 5 mg of Phytonadione in TAB through PO/NG; 100 mg of Thiamine in TAB through PO/NG; 1000 mL of 0.9% Sodium Chloride in BAG through IV; 1 mg of Lorazepam in mL through IV; 0.5 mg of Lorazepam in TAB through PO/NG; 5-10 mg of OxycoDONE (Immediate Release)  in TAB through PO/NG; 8 mg of Ondansetron in VIAL through IV; 3 mL of Sodium Chloride 0.9%  Flush in SYR through IV; 100 mg of Docusate Sodium in CAP through PO; 0.5-1 mg of Lorazepam in TAB through PO/NG; 5 mg of OxycoDONE (Immediate Release)  in TAB through PO/NG; 10 mg of OxycoDONE (Immediate Release)  in TAB through PO/NG; 50 mL of Iso-Osmotic Dextrose in mL through IV; 100 mL of SW in BAG through IV; 20 mg of Furosemide in TAB through PO/NG; 1 mg of FoLIC Acid in TAB through PO/NG; 30 gm of Sodium Polystyrene Sulfonate in BTL through PO/NG; 250 mL of 5% Dextrose in mL through IV; 10 mg of OxycoDONE (Immediate Release)  in TAB through PO; 2 gm of Magnesium Sulfate in BAG through IV; 250 mg of Ciprofloxacin HCl in TAB through PO/NG; 25 mg of Spironolactone in TAB through PO/NG; 40 mEq of Potassium Chloride in TAB through PO; 14 mg of Nicotine Patch in PTCH through TD; 60 mEq of Potassium Chloride in TAB through PO; 500 mL of 0.9% Sodium Chloride in mL through IV; 2 gm of CeftriaXONE in BAG through IV; 600 mg of Acetylcysteine 20% in VIAL through PO/NG; 50 mL of SW in BAG through IV; 2 mg of Lorazepam in mL through IV; 15 mL of Lactulose in UDCUP through PO/NG; 10 mL of Multivitamin IV in VIAL through IV; 100 mg of Thiamine in mL through IV; 1 mg of Lorazepam in TAB through PO/NG; 5000 UNIT of Heparin in mL through SC; 1 mg of Morphine Sulfate in SYR through IV; 25 g of Albumin 25% (12.5g / 50mL) in BAG through IV; 2-4 mg of Morphine Sulfate in SYR through IV; 1300-2500 UNIT of Heparin in mL through IV; 1 Appl of Sarna Lotion in BTL through TP; 1000 mL of D5 1/2NS in mL through IV; 4 gm of Magnesium Sulfate in BAG through IV; 500 mg of Ciprofloxacin HCl in TAB through PO/NG; 1 TAB of Multivitamins in TAB through PO/NG; 0.5 mg of Lorazepam in mL through IV; 7.5 mg of OxycoDONE (Immediate Release)  in TAB through PO/NG; 50 g of Albumin 25% (12.5g / 50mL) in BAG through IV; 1000 mL of 1/2 NS in mL through IV; 25,000 UNIT of Heparin Sodium in BAG through IV; 10 mg of Phytonadione in AMP through SUBCUT; 2 TAB of Senna in TAB through PO/NG; 1 PTCH of Lidocaine 5% Patch in PTCH through TD; 1 PKT of Neutra-Phos in PKT through PO/NG; 325-650 mg of Acetaminophen in TAB through PO/NG; 1 mg of FoLIC Acid in mL through IV
2025-08-13 09:33:05,043: Average train text length: 554.04 words
2025-08-13 09:33:05,043: Average validation text length: 557.59 words
2025-08-13 09:33:05,043: Average test text length: 549.55 words
2025-08-13 09:33:05,043: Training on 14472 samples, validating on 1608, testing on 4020 samples
2025-08-13 09:33:48,376: Fine-tuning at Landmark 2
2025-08-13 09:33:48,380: Early stopping criterion: loss
2025-08-13 09:35:55,274: Landmark 2 | Epoch 1/20 | Train Loss: 0.3854 | Val Loss: 0.3474 | Validation AUC: 0.8567 | F1-Score: 0.4085
2025-08-13 09:35:55,586: New best model saved at /cluster/work/projects/ec12/michechi/cache/best/best_model_emilyalsentzer_Bio_ClinicalBERT_5550_landmark2_no_3_512_last_visit_all_landmarks_True_20250813_093348_.pt with AUC: 0.8567, F1: 0.4085, Val Loss: 0.3474
2025-08-13 09:38:02,871: Landmark 2 | Epoch 2/20 | Train Loss: 0.3188 | Val Loss: 0.2910 | Validation AUC: 0.8721 | F1-Score: 0.4527
2025-08-13 09:38:03,174: New best model saved at /cluster/work/projects/ec12/michechi/cache/best/best_model_emilyalsentzer_Bio_ClinicalBERT_5550_landmark2_no_3_512_last_visit_all_landmarks_True_20250813_093348_.pt with AUC: 0.8721, F1: 0.4527, Val Loss: 0.2910
2025-08-13 09:40:10,296: Landmark 2 | Epoch 3/20 | Train Loss: 0.2989 | Val Loss: 0.2970 | Validation AUC: 0.8730 | F1-Score: 0.5158
2025-08-13 09:40:10,297: No improvement in epoch 3. Current best AUC: 0.8721, F1: 0.4527, Val Loss: 0.2910. Epochs without improvement: 1/1
2025-08-13 09:40:10,297: Early stopping triggered at epoch 3. Best AUC: 0.8721, F1: 0.4527, Val Loss: 0.2910
2025-08-13 09:40:10,537: Tempo impiegato per Landmark 2: 382.2 secondi
2025-08-13 09:40:10,538: Tempo medio per epoca: 127.4 secondi
2025-08-13 09:40:10,539: Loading best model from /cluster/work/projects/ec12/michechi/cache/best/best_model_emilyalsentzer_Bio_ClinicalBERT_5550_landmark2_no_3_512_last_visit_all_landmarks_True_20250813_093348_.pt for final evaluation on test set
2025-08-13 09:40:20,852: Final Test AUC (Landmark 2): 0.8560 | Test F1-Score: 0.4073
2025-08-13 09:40:20,852: Preparing data for Landmark 3
Using device: cuda
Some weights of BertForSequenceClassification were not initialized from the model checkpoint at emilyalsentzer/Bio_ClinicalBERT and are newly initialized: ['classifier.bias', 'classifier.weight']
You should probably TRAIN this model on a down-stream task to be able to use it for predictions and inference.
2025-08-13 09:40:25,567: Example train text: Based on this information, what is the probability of mortality within 90 days?
Unspecified deficiency anemia; Alcoholic cirrhosis of liver; Other specified forms of effusion, except tuberculous; Hyposmolality and/or hyponatremia; Unspecified protein-calorie malnutrition; Tobacco use disorder; Anxiety state, unspecified; Alcoholic fatty liver; Other ascites; Portal hypertension; Other and unspecified alcohol dependence, continuous; Sepsis; Other constipation; Lumbago; Pneumonia, organism unspecified; Urinary tract infection, site not specified; Acute alcoholic hepatitis; Thrombocytopenia, unspecified; Unspecified pleural effusion; Other chronic pain; Hypopotassemia
Multivitamins; Lorazepam; Acetylcysteine 20%; Magnesium Sulfate; Nicotine Patch; Thiamine; Ciprofloxacin HCl; Sarna Lotion; Amitriptyline; Morphine Sulfate; Potassium Chloride; CeftriaXONE; Albumin 25% (12.5g / 50mL); Furosemide; Phytonadione; Sodium Chloride 0.9%  Flush; Ondansetron; D5 1/2NS; 1/2 NS; Heparin; Heparin Sodium; FoLIC Acid; Spironolactone; Docusate Sodium; Acetaminophen; Iso-Osmotic Dextrose; 5% Dextrose; Sodium Polystyrene Sulfonate; Multivitamin IV; 0.9% Sodium Chloride; OxycoDONE (Immediate Release) ; Neutra-Phos; Lidocaine 5% Patch; Senna; SW; Lactulose
4 mg of Ondansetron in VIAL through IV; 2.5 mg of OxycoDONE (Immediate Release)  in TAB through PO/NG; 5 mg of Phytonadione in TAB through PO/NG; 100 mg of Thiamine in TAB through PO/NG; 1000 mL of 0.9% Sodium Chloride in BAG through IV; 1 mg of Lorazepam in mL through IV; 0.5 mg of Lorazepam in TAB through PO/NG; 5-10 mg of OxycoDONE (Immediate Release)  in TAB through PO/NG; 8 mg of Ondansetron in VIAL through IV; 3 mL of Sodium Chloride 0.9%  Flush in SYR through IV; 100 mg of Docusate Sodium in CAP through PO; 0.5-1 mg of Lorazepam in TAB through PO/NG; 5 mg of OxycoDONE (Immediate Release)  in TAB through PO/NG; 10 mg of OxycoDONE (Immediate Release)  in TAB through PO/NG; 50 mL of Iso-Osmotic Dextrose in mL through IV; 100 mL of SW in BAG through IV; 20 mg of Furosemide in TAB through PO/NG; 1 mg of FoLIC Acid in TAB through PO/NG; 30 gm of Sodium Polystyrene Sulfonate in BTL through PO/NG; 250 mL of 5% Dextrose in mL through IV; 10 mg of OxycoDONE (Immediate Release)  in TAB through PO; 2 gm of Magnesium Sulfate in BAG through IV; 250 mg of Ciprofloxacin HCl in TAB through PO/NG; 25 mg of Spironolactone in TAB through PO/NG; 40 mEq of Potassium Chloride in TAB through PO; 14 mg of Nicotine Patch in PTCH through TD; 60 mEq of Potassium Chloride in TAB through PO; 500 mL of 0.9% Sodium Chloride in mL through IV; 2 gm of CeftriaXONE in BAG through IV; 600 mg of Acetylcysteine 20% in VIAL through PO/NG; 50 mL of SW in BAG through IV; 2 mg of Lorazepam in mL through IV; 15 mL of Lactulose in UDCUP through PO/NG; 10 mL of Multivitamin IV in VIAL through IV; 100 mg of Thiamine in mL through IV; 1 mg of Lorazepam in TAB through PO/NG; 5000 UNIT of Heparin in mL through SC; 1 mg of Morphine Sulfate in SYR through IV; 25 g of Albumin 25% (12.5g / 50mL) in BAG through IV; 30 mL of Lactulose in UDCUP through PO/NG; 2-4 mg of Morphine Sulfate in SYR through IV; 1300-2500 UNIT of Heparin in mL through IV; 1 Appl of Sarna Lotion in BTL through TP; 1000 mL of D5 1/2NS in mL through IV; 4 gm of Magnesium Sulfate in BAG through IV; 500 mg of Ciprofloxacin HCl in TAB through PO/NG; 10 mg of Amitriptyline in TAB through PO/NG; 1 TAB of Multivitamins in TAB through PO/NG; 0.5 mg of Lorazepam in mL through IV; 7.5 mg of OxycoDONE (Immediate Release)  in TAB through PO/NG; 50 g of Albumin 25% (12.5g / 50mL) in BAG through IV; 1000 mL of 1/2 NS in mL through IV; 25,000 UNIT of Heparin Sodium in BAG through IV; 10 mg of Phytonadione in AMP through SUBCUT; 2 TAB of Senna in TAB through PO/NG; 1 PTCH of Lidocaine 5% Patch in PTCH through TD; 1 PKT of Neutra-Phos in PKT through PO/NG; 325-650 mg of Acetaminophen in TAB through PO/NG; 1 mg of FoLIC Acid in mL through IV
2025-08-13 09:40:26,281: Average train text length: 774.30 words
2025-08-13 09:40:26,281: Average validation text length: 770.48 words
2025-08-13 09:40:26,281: Average test text length: 771.71 words
2025-08-13 09:40:26,281: Training on 14472 samples, validating on 1608, testing on 4020 samples
2025-08-13 09:41:26,604: Fine-tuning at Landmark 3
2025-08-13 09:41:26,612: Early stopping criterion: loss
2025-08-13 09:43:30,909: Landmark 3 | Epoch 1/20 | Train Loss: 0.3160 | Val Loss: 0.2297 | Validation AUC: 0.9415 | F1-Score: 0.6980
2025-08-13 09:43:31,236: New best model saved at /cluster/work/projects/ec12/michechi/cache/best/best_model_emilyalsentzer_Bio_ClinicalBERT_5550_landmark3_no_3_512_last_visit_all_landmarks_True_20250813_094126_.pt with AUC: 0.9415, F1: 0.6980, Val Loss: 0.2297
2025-08-13 09:45:35,866: Landmark 3 | Epoch 2/20 | Train Loss: 0.2224 | Val Loss: 0.1935 | Validation AUC: 0.9486 | F1-Score: 0.7215
2025-08-13 09:45:36,172: New best model saved at /cluster/work/projects/ec12/michechi/cache/best/best_model_emilyalsentzer_Bio_ClinicalBERT_5550_landmark3_no_3_512_last_visit_all_landmarks_True_20250813_094126_.pt with AUC: 0.9486, F1: 0.7215, Val Loss: 0.1935
2025-08-13 09:47:40,824: Landmark 3 | Epoch 3/20 | Train Loss: 0.2026 | Val Loss: 0.2337 | Validation AUC: 0.9483 | F1-Score: 0.6949
2025-08-13 09:47:40,824: No improvement in epoch 3. Current best AUC: 0.9486, F1: 0.7215, Val Loss: 0.1935. Epochs without improvement: 1/1
2025-08-13 09:47:40,824: Early stopping triggered at epoch 3. Best AUC: 0.9486, F1: 0.7215, Val Loss: 0.1935
2025-08-13 09:47:41,070: Tempo impiegato per Landmark 3: 374.5 secondi
2025-08-13 09:47:41,070: Tempo medio per epoca: 124.8 secondi
2025-08-13 09:47:41,072: Loading best model from /cluster/work/projects/ec12/michechi/cache/best/best_model_emilyalsentzer_Bio_ClinicalBERT_5550_landmark3_no_3_512_last_visit_all_landmarks_True_20250813_094126_.pt for final evaluation on test set
2025-08-13 09:47:50,806: Final Test AUC (Landmark 3): 0.9445 | Test F1-Score: 0.7230
2025-08-13 09:47:50,807: Saving results to results_medical_True_emilyalsentzer_Bio_ClinicalBERT_last_visit_visits3_5550_512_no_20250813_094750.csv
Using device: cuda
   Landmark Val AUC  ... Validation Loss Training Time (s)
0         1  0.8154  ...          0.3261             388.4
1         2  0.8721  ...          0.2910             382.2
2         3  0.9486  ...          0.1935             374.5

[3 rows x 9 columns]

Job 1853538 consumed 7.3 billing hours from project ec12.

Submitted 2025-08-13T09:24:52; waited 3.0 seconds in the queue after becoming eligible to run.

Requested wallclock time: 6.0 hours
Elapsed wallclock time:   23.0 minutes

Job exited normally.

Task and CPU statistics:
ID             CPUs  Tasks  CPU util                Start   Elapsed  Exit status
1853538          16            0.0 %  2025-08-13T09:24:55  1382.0 s  0
1853538.batch    16      1     6.2 %  2025-08-13T09:24:55  1382.0 s  0

Used CPU time:   22.8 CPU minutes
Unused CPU time: 5.8 CPU hours

Memory statistics, in GiB:
ID              Alloc   Usage
1853538          32.0        
1853538.batch    32.0    16.0

GPU usage stats:
Job 1853538 completed at Wed Aug 13 09:47:57 CEST 2025
