Starting job 1836237 on gpu-1 on fox at Wed Jul 30 09:10:51 CEST 2025

2025-07-30 09:11:05,948: Argument CI: False
2025-07-30 09:11:05,949: Argument all_landmarks: True
2025-07-30 09:11:05,949: Argument batch_size: 8
2025-07-30 09:11:05,949: Argument cache_dir: '/cluster/work/projects/ec12/michechi/cache'
2025-07-30 09:11:05,949: Argument early: 'loss'
2025-07-30 09:11:05,949: Argument epochs: 20
2025-07-30 09:11:05,949: Argument gradient_accumulation_steps: 1
2025-07-30 09:11:05,949: Argument input_csv: '/fp/homes01/u01/ec-michelec/MIMICIV/data/splitted/splitted/landmark_df_evo.csv'
2025-07-30 09:11:05,949: Argument lr: 2e-05
2025-07-30 09:11:05,949: Argument max_length: 1024
2025-07-30 09:11:05,949: Argument max_visits: 3
2025-07-30 09:11:05,949: Argument model_name: 'answerdotai/ModernBERT-large'
2025-07-30 09:11:05,949: Argument model_type: 'medical'
2025-07-30 09:11:05,949: Argument patience: 1
2025-07-30 09:11:05,949: Argument peft: False
2025-07-30 09:11:05,949: Argument prompt_type: 'full_no_time_rnd'
2025-07-30 09:11:05,949: Argument seed: 4550
2025-07-30 09:11:05,949: Argument test_csv: '/fp/homes01/u01/ec-michelec/MIMICIV/data/splitted/splitted/landmark_evo_test.csv'
2025-07-30 09:11:05,949: Argument train_csv: '/fp/homes01/u01/ec-michelec/MIMICIV/data/splitted/splitted/landmark_evo_train.csv'
2025-07-30 09:11:05,949: Argument use_quantization: False
2025-07-30 09:11:05,949: Argument val_csv: '/fp/homes01/u01/ec-michelec/MIMICIV/data/splitted/splitted/landmark_evo_vali.csv'
2025-07-30 09:11:05,957: Using prompt type: full_no_time_rnd
/fp/homes01/u01/ec-michelec/MIMICIV/src/Finetuning_rfct.py:79: DtypeWarning: Columns (16,17,18,19) have mixed types. Specify dtype option on import or set low_memory=False.
  full_train_df = pd.read_csv(args.train_csv, na_values=['', 'None', 'NaN', 'na', 'nan']).fillna('')
/fp/homes01/u01/ec-michelec/MIMICIV/src/Finetuning_rfct.py:81: DtypeWarning: Columns (16,17,18,19) have mixed types. Specify dtype option on import or set low_memory=False.
  full_test_df = pd.read_csv(args.test_csv, na_values=['', 'None', 'NaN', 'na', 'nan']).fillna('')
2025-07-30 09:11:42,143: Processing all landmarks from 1 to 3
2025-07-30 09:11:42,143: Preparing data for Landmark 1
Some weights of ModernBertForSequenceClassification were not initialized from the model checkpoint at answerdotai/ModernBERT-large and are newly initialized: ['classifier.bias', 'classifier.weight']
You should probably TRAIN this model on a down-stream task to be able to use it for predictions and inference.
2025-07-30 09:11:54,474: Average train text length: 130.90 words
2025-07-30 09:11:54,475: Average validation text length: 130.07 words
2025-07-30 09:11:54,475: Average test text length: 131.65 words
2025-07-30 09:11:54,475: Training on 14472 samples, validating on 1608, testing on 4020 samples
2025-07-30 09:12:05,804: Fine-tuning at Landmark 1
2025-07-30 09:12:05,808: Early stopping criterion: loss
/fp/homes01/u01/ec-michelec/ModernBERT/lib64/python3.9/site-packages/networkx/utils/backends.py:135: RuntimeWarning: networkx backend defined more than once: nx-loopback
  backends.update(_get_backends("networkx.backends"))
2025-07-30 09:29:23,173: Landmark 1 | Epoch 1/20 | Train Loss: 0.4045 | Val Loss: 0.3264 | Validation AUC: 0.8249 | F1-Score: 0.0492
2025-07-30 09:29:24,185: New best model saved at /cluster/work/projects/ec12/michechi/cache/best/best_model_answerdotai_ModernBERT-large_4550_landmark1_full_no_time_rnd_3_1024_all_landmarks_True_20250730_091205_.pt with AUC: 0.8249, F1: 0.0492, Val Loss: 0.3264
2025-07-30 09:46:23,669: Landmark 1 | Epoch 2/20 | Train Loss: 0.3617 | Val Loss: 0.3829 | Validation AUC: 0.7553 | F1-Score: 0.0000
2025-07-30 09:46:23,669: No improvement in epoch 2. Current best AUC: 0.8249, F1: 0.0492, Val Loss: 0.3264. Epochs without improvement: 1/1
2025-07-30 09:46:23,669: Early stopping triggered at epoch 2. Best AUC: 0.8249, F1: 0.0492, Val Loss: 0.3264
2025-07-30 09:46:24,503: Tempo impiegato per Landmark 1: 2058.7 secondi
2025-07-30 09:46:24,505: Tempo medio per epoca: 1029.3 secondi
2025-07-30 09:46:24,507: Loading best model from /cluster/work/projects/ec12/michechi/cache/best/best_model_answerdotai_ModernBERT-large_4550_landmark1_full_no_time_rnd_3_1024_all_landmarks_True_20250730_091205_.pt for final evaluation on test set
2025-07-30 09:47:42,091: Final Test AUC (Landmark 1): 0.8060 | Test F1-Score: 0.0618
2025-07-30 09:47:42,091: Preparing data for Landmark 2
Some weights of ModernBertForSequenceClassification were not initialized from the model checkpoint at answerdotai/ModernBERT-large and are newly initialized: ['classifier.bias', 'classifier.weight']
You should probably TRAIN this model on a down-stream task to be able to use it for predictions and inference.
2025-07-30 09:47:48,801: Average train text length: 237.75 words
2025-07-30 09:47:48,801: Average validation text length: 236.84 words
2025-07-30 09:47:48,801: Average test text length: 236.66 words
2025-07-30 09:47:48,801: Training on 14472 samples, validating on 1608, testing on 4020 samples
2025-07-30 09:48:07,994: Fine-tuning at Landmark 2
2025-07-30 09:48:08,009: Early stopping criterion: loss
2025-07-30 10:05:16,538: Landmark 2 | Epoch 1/20 | Train Loss: 0.4050 | Val Loss: 0.3357 | Validation AUC: 0.8611 | F1-Score: 0.5000
2025-07-30 10:05:17,586: New best model saved at /cluster/work/projects/ec12/michechi/cache/best/best_model_answerdotai_ModernBERT-large_4550_landmark2_full_no_time_rnd_3_1024_all_landmarks_True_20250730_094808_.pt with AUC: 0.8611, F1: 0.5000, Val Loss: 0.3357
2025-07-30 10:22:27,132: Landmark 2 | Epoch 2/20 | Train Loss: 0.3188 | Val Loss: 0.2990 | Validation AUC: 0.8796 | F1-Score: 0.2288
2025-07-30 10:22:28,167: New best model saved at /cluster/work/projects/ec12/michechi/cache/best/best_model_answerdotai_ModernBERT-large_4550_landmark2_full_no_time_rnd_3_1024_all_landmarks_True_20250730_094808_.pt with AUC: 0.8796, F1: 0.2288, Val Loss: 0.2990
2025-07-30 10:39:35,860: Landmark 2 | Epoch 3/20 | Train Loss: 0.2983 | Val Loss: 0.2866 | Validation AUC: 0.8761 | F1-Score: 0.4192
2025-07-30 10:39:36,886: New best model saved at /cluster/work/projects/ec12/michechi/cache/best/best_model_answerdotai_ModernBERT-large_4550_landmark2_full_no_time_rnd_3_1024_all_landmarks_True_20250730_094808_.pt with AUC: 0.8761, F1: 0.4192, Val Loss: 0.2866
2025-07-30 10:56:44,618: Landmark 2 | Epoch 4/20 | Train Loss: 0.2809 | Val Loss: 0.2869 | Validation AUC: 0.8778 | F1-Score: 0.5127
2025-07-30 10:56:44,618: No improvement in epoch 4. Current best AUC: 0.8761, F1: 0.4192, Val Loss: 0.2866. Epochs without improvement: 1/1
2025-07-30 10:56:44,619: Early stopping triggered at epoch 4. Best AUC: 0.8761, F1: 0.4192, Val Loss: 0.2866
2025-07-30 10:56:45,833: Tempo impiegato per Landmark 2: 4117.8 secondi
2025-07-30 10:56:45,834: Tempo medio per epoca: 1029.5 secondi
2025-07-30 10:56:45,836: Loading best model from /cluster/work/projects/ec12/michechi/cache/best/best_model_answerdotai_ModernBERT-large_4550_landmark2_full_no_time_rnd_3_1024_all_landmarks_True_20250730_094808_.pt for final evaluation on test set
2025-07-30 10:58:03,912: Final Test AUC (Landmark 2): 0.8551 | Test F1-Score: 0.3616
2025-07-30 10:58:03,912: Preparing data for Landmark 3
Some weights of ModernBertForSequenceClassification were not initialized from the model checkpoint at answerdotai/ModernBERT-large and are newly initialized: ['classifier.bias', 'classifier.weight']
You should probably TRAIN this model on a down-stream task to be able to use it for predictions and inference.
2025-07-30 10:58:12,386: Average train text length: 356.21 words
2025-07-30 10:58:12,387: Average validation text length: 351.55 words
2025-07-30 10:58:12,387: Average test text length: 354.77 words
2025-07-30 10:58:12,387: Training on 14472 samples, validating on 1608, testing on 4020 samples
2025-07-30 10:58:39,365: Fine-tuning at Landmark 3
2025-07-30 10:58:39,380: Early stopping criterion: loss
2025-07-30 11:15:54,413: Landmark 3 | Epoch 1/20 | Train Loss: 0.3090 | Val Loss: 0.2122 | Validation AUC: 0.9390 | F1-Score: 0.6895
2025-07-30 11:15:55,435: New best model saved at /cluster/work/projects/ec12/michechi/cache/best/best_model_answerdotai_ModernBERT-large_4550_landmark3_full_no_time_rnd_3_1024_all_landmarks_True_20250730_105839_.pt with AUC: 0.9390, F1: 0.6895, Val Loss: 0.2122
2025-07-30 11:33:10,655: Landmark 3 | Epoch 2/20 | Train Loss: 0.2242 | Val Loss: 0.2046 | Validation AUC: 0.9430 | F1-Score: 0.7024
2025-07-30 11:33:11,703: New best model saved at /cluster/work/projects/ec12/michechi/cache/best/best_model_answerdotai_ModernBERT-large_4550_landmark3_full_no_time_rnd_3_1024_all_landmarks_True_20250730_105839_.pt with AUC: 0.9430, F1: 0.7024, Val Loss: 0.2046
2025-07-30 11:50:28,413: Landmark 3 | Epoch 3/20 | Train Loss: 0.2034 | Val Loss: 0.1986 | Validation AUC: 0.9457 | F1-Score: 0.6755
2025-07-30 11:50:29,462: New best model saved at /cluster/work/projects/ec12/michechi/cache/best/best_model_answerdotai_ModernBERT-large_4550_landmark3_full_no_time_rnd_3_1024_all_landmarks_True_20250730_105839_.pt with AUC: 0.9457, F1: 0.6755, Val Loss: 0.1986
2025-07-30 12:07:45,312: Landmark 3 | Epoch 4/20 | Train Loss: 0.1843 | Val Loss: 0.1976 | Validation AUC: 0.9438 | F1-Score: 0.6866
2025-07-30 12:07:46,318: New best model saved at /cluster/work/projects/ec12/michechi/cache/best/best_model_answerdotai_ModernBERT-large_4550_landmark3_full_no_time_rnd_3_1024_all_landmarks_True_20250730_105839_.pt with AUC: 0.9438, F1: 0.6866, Val Loss: 0.1976
2025-07-30 12:25:02,466: Landmark 3 | Epoch 5/20 | Train Loss: 0.1577 | Val Loss: 0.1969 | Validation AUC: 0.9474 | F1-Score: 0.7078
2025-07-30 12:25:03,515: New best model saved at /cluster/work/projects/ec12/michechi/cache/best/best_model_answerdotai_ModernBERT-large_4550_landmark3_full_no_time_rnd_3_1024_all_landmarks_True_20250730_105839_.pt with AUC: 0.9474, F1: 0.7078, Val Loss: 0.1969
2025-07-30 12:42:19,288: Landmark 3 | Epoch 6/20 | Train Loss: 0.1258 | Val Loss: 0.2193 | Validation AUC: 0.9440 | F1-Score: 0.6958
2025-07-30 12:42:19,288: No improvement in epoch 6. Current best AUC: 0.9474, F1: 0.7078, Val Loss: 0.1969. Epochs without improvement: 1/1
2025-07-30 12:42:19,288: Early stopping triggered at epoch 6. Best AUC: 0.9474, F1: 0.7078, Val Loss: 0.1969
2025-07-30 12:42:20,438: Tempo impiegato per Landmark 3: 6221.1 secondi
2025-07-30 12:42:20,439: Tempo medio per epoca: 1036.8 secondi
2025-07-30 12:42:20,441: Loading best model from /cluster/work/projects/ec12/michechi/cache/best/best_model_answerdotai_ModernBERT-large_4550_landmark3_full_no_time_rnd_3_1024_all_landmarks_True_20250730_105839_.pt for final evaluation on test set
2025-07-30 12:43:38,645: Final Test AUC (Landmark 3): 0.9414 | Test F1-Score: 0.7063
2025-07-30 12:43:38,646: Saving results to results_medical_True_answerdotai_ModernBERT-large_visits3_4550_1024_full_no_time_rnd_20250730_124338.csv
Using device: cuda
Using device: cuda
Using device: cuda
   Landmark Val AUC  ... Validation Loss Training Time (s)
0         1  0.8249  ...          0.3264            2058.7
1         2  0.8761  ...          0.2866            4117.8
2         3  0.9474  ...          0.1969            6221.1

[3 rows x 9 columns]

Job 1836237 consumed 67.4 billing hours from project ec12.

Submitted 2025-07-30T09:10:23; waited 28.0 seconds in the queue after becoming eligible to run.

Requested wallclock time: 1.8 days
Elapsed wallclock time:   3.5 hours

Job exited normally.

Task and CPU statistics:
ID             CPUs  Tasks  CPU util                Start  Elapsed  Exit status
1836237          16            0.0 %  2025-07-30T09:10:51    3.5 h  0
1836237.batch    16      1     7.5 %  2025-07-30T09:10:51    3.5 h  0

Used CPU time:   4.2 CPU hours
Unused CPU time: 2.2 CPU days

Memory statistics, in GiB:
ID              Alloc   Usage
1836237          32.0        
1836237.batch    32.0    14.0

GPU usage stats:
Job 1836237 completed at Wed Jul 30 12:43:44 CEST 2025
