Starting job 1836439 on gpu-2 on fox at Wed Jul 30 20:13:54 CEST 2025

2025-07-30 20:14:05,169: Argument CI: False
2025-07-30 20:14:05,169: Argument all_landmarks: True
2025-07-30 20:14:05,169: Argument batch_size: 8
2025-07-30 20:14:05,169: Argument cache_dir: '/cluster/work/projects/ec12/michechi/cache'
2025-07-30 20:14:05,169: Argument early: 'loss'
2025-07-30 20:14:05,169: Argument epochs: 20
2025-07-30 20:14:05,170: Argument gradient_accumulation_steps: 1
2025-07-30 20:14:05,170: Argument input_csv: '/fp/homes01/u01/ec-michelec/MIMICIV/data/splitted/splitted/landmark_df_evo.csv'
2025-07-30 20:14:05,170: Argument lr: 2e-05
2025-07-30 20:14:05,170: Argument max_length: 2048
2025-07-30 20:14:05,170: Argument max_visits: 3
2025-07-30 20:14:05,170: Argument model_name: 'answerdotai/ModernBERT-large'
2025-07-30 20:14:05,170: Argument model_type: 'medical'
2025-07-30 20:14:05,170: Argument patience: 1
2025-07-30 20:14:05,170: Argument peft: False
2025-07-30 20:14:05,170: Argument prompt_type: 'compact_no_time_rnd'
2025-07-30 20:14:05,170: Argument seed: 5550
2025-07-30 20:14:05,170: Argument test_csv: '/fp/homes01/u01/ec-michelec/MIMICIV/data/splitted/splitted/landmark_evo_test.csv'
2025-07-30 20:14:05,170: Argument train_csv: '/fp/homes01/u01/ec-michelec/MIMICIV/data/splitted/splitted/landmark_evo_train.csv'
2025-07-30 20:14:05,170: Argument use_quantization: False
2025-07-30 20:14:05,170: Argument val_csv: '/fp/homes01/u01/ec-michelec/MIMICIV/data/splitted/splitted/landmark_evo_vali.csv'
2025-07-30 20:14:05,177: Using prompt type: compact_no_time_rnd
/fp/homes01/u01/ec-michelec/MIMICIV/src/Finetuning_rfct.py:79: DtypeWarning: Columns (16,17,18,19) have mixed types. Specify dtype option on import or set low_memory=False.
  full_train_df = pd.read_csv(args.train_csv, na_values=['', 'None', 'NaN', 'na', 'nan']).fillna('')
/fp/homes01/u01/ec-michelec/MIMICIV/src/Finetuning_rfct.py:81: DtypeWarning: Columns (16,17,18,19) have mixed types. Specify dtype option on import or set low_memory=False.
  full_test_df = pd.read_csv(args.test_csv, na_values=['', 'None', 'NaN', 'na', 'nan']).fillna('')
2025-07-30 20:14:41,369: Processing all landmarks from 1 to 3
2025-07-30 20:14:41,369: Preparing data for Landmark 1
Some weights of ModernBertForSequenceClassification were not initialized from the model checkpoint at answerdotai/ModernBERT-large and are newly initialized: ['classifier.bias', 'classifier.weight']
You should probably TRAIN this model on a down-stream task to be able to use it for predictions and inference.
2025-07-30 20:14:51,765: Average train text length: 133.90 words
2025-07-30 20:14:51,766: Average validation text length: 133.07 words
2025-07-30 20:14:51,766: Average test text length: 134.65 words
2025-07-30 20:14:51,766: Training on 14472 samples, validating on 1608, testing on 4020 samples
2025-07-30 20:15:06,139: Fine-tuning at Landmark 1
2025-07-30 20:15:06,144: Early stopping criterion: loss
/fp/homes01/u01/ec-michelec/ModernBERT/lib64/python3.9/site-packages/networkx/utils/backends.py:135: RuntimeWarning: networkx backend defined more than once: nx-loopback
  backends.update(_get_backends("networkx.backends"))
2025-07-30 21:02:40,618: Landmark 1 | Epoch 1/20 | Train Loss: 0.3835 | Val Loss: 0.5322 | Validation AUC: 0.3825 | F1-Score: 0.0000
2025-07-30 21:02:41,678: New best model saved at /cluster/work/projects/ec12/michechi/cache/best/best_model_answerdotai_ModernBERT-large_5550_landmark1_compact_no_time_rnd_3_2048_all_landmarks_True_20250730_201506_.pt with AUC: 0.3825, F1: 0.0000, Val Loss: 0.5322
2025-07-30 21:49:57,528: Landmark 1 | Epoch 2/20 | Train Loss: 0.3803 | Val Loss: 0.3523 | Validation AUC: 0.8071 | F1-Score: 0.0000
2025-07-30 21:49:58,606: New best model saved at /cluster/work/projects/ec12/michechi/cache/best/best_model_answerdotai_ModernBERT-large_5550_landmark1_compact_no_time_rnd_3_2048_all_landmarks_True_20250730_201506_.pt with AUC: 0.8071, F1: 0.0000, Val Loss: 0.3523
2025-07-30 22:37:13,463: Landmark 1 | Epoch 3/20 | Train Loss: 0.3477 | Val Loss: 0.3510 | Validation AUC: 0.8151 | F1-Score: 0.0720
2025-07-30 22:37:14,536: New best model saved at /cluster/work/projects/ec12/michechi/cache/best/best_model_answerdotai_ModernBERT-large_5550_landmark1_compact_no_time_rnd_3_2048_all_landmarks_True_20250730_201506_.pt with AUC: 0.8151, F1: 0.0720, Val Loss: 0.3510
2025-07-30 23:24:29,649: Landmark 1 | Epoch 4/20 | Train Loss: 0.3299 | Val Loss: 0.3210 | Validation AUC: 0.8314 | F1-Score: 0.2076
2025-07-30 23:24:30,716: New best model saved at /cluster/work/projects/ec12/michechi/cache/best/best_model_answerdotai_ModernBERT-large_5550_landmark1_compact_no_time_rnd_3_2048_all_landmarks_True_20250730_201506_.pt with AUC: 0.8314, F1: 0.2076, Val Loss: 0.3210
2025-07-31 00:11:46,064: Landmark 1 | Epoch 5/20 | Train Loss: 0.3118 | Val Loss: 0.3269 | Validation AUC: 0.8349 | F1-Score: 0.1908
2025-07-31 00:11:46,083: No improvement in epoch 5. Current best AUC: 0.8314, F1: 0.2076, Val Loss: 0.3210. Epochs without improvement: 1/1
2025-07-31 00:11:46,083: Early stopping triggered at epoch 5. Best AUC: 0.8314, F1: 0.2076, Val Loss: 0.3210
2025-07-31 00:11:48,178: Tempo impiegato per Landmark 1: 14202.0 secondi
2025-07-31 00:11:48,179: Tempo medio per epoca: 2840.4 secondi
2025-07-31 00:11:48,180: Loading best model from /cluster/work/projects/ec12/michechi/cache/best/best_model_answerdotai_ModernBERT-large_5550_landmark1_compact_no_time_rnd_3_2048_all_landmarks_True_20250730_201506_.pt for final evaluation on test set
2025-07-31 00:15:12,587: Final Test AUC (Landmark 1): 0.8238 | Test F1-Score: 0.2401
2025-07-31 00:15:12,588: Preparing data for Landmark 2
Some weights of ModernBertForSequenceClassification were not initialized from the model checkpoint at answerdotai/ModernBERT-large and are newly initialized: ['classifier.bias', 'classifier.weight']
You should probably TRAIN this model on a down-stream task to be able to use it for predictions and inference.
2025-07-31 00:15:22,447: Average train text length: 137.85 words
2025-07-31 00:15:22,447: Average validation text length: 137.77 words
2025-07-31 00:15:22,447: Average test text length: 136.01 words
2025-07-31 00:15:22,447: Training on 14472 samples, validating on 1608, testing on 4020 samples
2025-07-31 00:15:38,551: Fine-tuning at Landmark 2
2025-07-31 00:15:38,586: Early stopping criterion: loss
2025-07-31 01:02:49,527: Landmark 2 | Epoch 1/20 | Train Loss: 0.4016 | Val Loss: 0.3944 | Validation AUC: 0.7328 | F1-Score: 0.1616
2025-07-31 01:02:50,726: New best model saved at /cluster/work/projects/ec12/michechi/cache/best/best_model_answerdotai_ModernBERT-large_5550_landmark2_compact_no_time_rnd_3_2048_all_landmarks_True_20250731_001538_.pt with AUC: 0.7328, F1: 0.1616, Val Loss: 0.3944
2025-07-31 01:50:01,314: Landmark 2 | Epoch 2/20 | Train Loss: 0.3777 | Val Loss: 0.3346 | Validation AUC: 0.8289 | F1-Score: 0.3897
2025-07-31 01:50:02,414: New best model saved at /cluster/work/projects/ec12/michechi/cache/best/best_model_answerdotai_ModernBERT-large_5550_landmark2_compact_no_time_rnd_3_2048_all_landmarks_True_20250731_001538_.pt with AUC: 0.8289, F1: 0.3897, Val Loss: 0.3346
2025-07-31 02:37:11,885: Landmark 2 | Epoch 3/20 | Train Loss: 0.3552 | Val Loss: 0.3506 | Validation AUC: 0.7962 | F1-Score: 0.0000
2025-07-31 02:37:11,886: No improvement in epoch 3. Current best AUC: 0.8289, F1: 0.3897, Val Loss: 0.3346. Epochs without improvement: 1/1
2025-07-31 02:37:11,886: Early stopping triggered at epoch 3. Best AUC: 0.8289, F1: 0.3897, Val Loss: 0.3346
2025-07-31 02:37:14,077: Tempo impiegato per Landmark 2: 8495.5 secondi
2025-07-31 02:37:14,077: Tempo medio per epoca: 2831.8 secondi
2025-07-31 02:37:14,079: Loading best model from /cluster/work/projects/ec12/michechi/cache/best/best_model_answerdotai_ModernBERT-large_5550_landmark2_compact_no_time_rnd_3_2048_all_landmarks_True_20250731_001538_.pt for final evaluation on test set
2025-07-31 02:40:37,600: Final Test AUC (Landmark 2): 0.7916 | Test F1-Score: 0.3574
2025-07-31 02:40:37,600: Preparing data for Landmark 3
Some weights of ModernBertForSequenceClassification were not initialized from the model checkpoint at answerdotai/ModernBERT-large and are newly initialized: ['classifier.bias', 'classifier.weight']
You should probably TRAIN this model on a down-stream task to be able to use it for predictions and inference.
2025-07-31 02:40:49,144: Average train text length: 180.40 words
2025-07-31 02:40:49,145: Average validation text length: 176.07 words
2025-07-31 02:40:49,145: Average test text length: 180.19 words
2025-07-31 02:40:49,145: Training on 14472 samples, validating on 1608, testing on 4020 samples
2025-07-31 02:41:06,743: Fine-tuning at Landmark 3
2025-07-31 02:41:06,788: Early stopping criterion: loss
2025-07-31 03:28:24,873: Landmark 3 | Epoch 1/20 | Train Loss: 0.2776 | Val Loss: 0.2131 | Validation AUC: 0.9400 | F1-Score: 0.6467
2025-07-31 03:28:26,012: New best model saved at /cluster/work/projects/ec12/michechi/cache/best/best_model_answerdotai_ModernBERT-large_5550_landmark3_compact_no_time_rnd_3_2048_all_landmarks_True_20250731_024106_.pt with AUC: 0.9400, F1: 0.6467, Val Loss: 0.2131
2025-07-31 04:15:43,665: Landmark 3 | Epoch 2/20 | Train Loss: 0.2089 | Val Loss: 0.1882 | Validation AUC: 0.9545 | F1-Score: 0.7392
2025-07-31 04:15:44,753: New best model saved at /cluster/work/projects/ec12/michechi/cache/best/best_model_answerdotai_ModernBERT-large_5550_landmark3_compact_no_time_rnd_3_2048_all_landmarks_True_20250731_024106_.pt with AUC: 0.9545, F1: 0.7392, Val Loss: 0.1882
2025-07-31 05:03:03,427: Landmark 3 | Epoch 3/20 | Train Loss: 0.1867 | Val Loss: 0.2116 | Validation AUC: 0.9512 | F1-Score: 0.7203
2025-07-31 05:03:03,427: No improvement in epoch 3. Current best AUC: 0.9545, F1: 0.7392, Val Loss: 0.1882. Epochs without improvement: 1/1
2025-07-31 05:03:03,427: Early stopping triggered at epoch 3. Best AUC: 0.9545, F1: 0.7392, Val Loss: 0.1882
2025-07-31 05:03:04,941: Tempo impiegato per Landmark 3: 8518.2 secondi
2025-07-31 05:03:04,941: Tempo medio per epoca: 2839.4 secondi
2025-07-31 05:03:04,944: Loading best model from /cluster/work/projects/ec12/michechi/cache/best/best_model_answerdotai_ModernBERT-large_5550_landmark3_compact_no_time_rnd_3_2048_all_landmarks_True_20250731_024106_.pt for final evaluation on test set
2025-07-31 05:06:28,672: Final Test AUC (Landmark 3): 0.9463 | Test F1-Score: 0.7428
2025-07-31 05:06:28,673: Saving results to results_medical_True_answerdotai_ModernBERT-large_visits3_5550_2048_compact_no_time_rnd_20250731_050628.csv
Using device: cuda
Using device: cuda
Using device: cuda
   Landmark Val AUC  ... Validation Loss Training Time (s)
0         1  0.8314  ...          0.3210           14202.0
1         2  0.8289  ...          0.3346            8495.5
2         3  0.9545  ...          0.1882            8518.2

[3 rows x 9 columns]

Job 1836439 consumed 168.7 billing hours from project ec12.

Submitted 2025-07-30T15:26:39; waited 4.8 hours in the queue after becoming eligible to run.

Requested wallclock time: 1.8 days
Elapsed wallclock time:   8.9 hours

Job exited normally.

Task and CPU statistics:
ID             CPUs  Tasks  CPU util                Start  Elapsed  Exit status
1836439          16            0.0 %  2025-07-30T20:13:53    8.9 h  0
1836439.batch    16      1     6.9 %  2025-07-30T20:13:53    8.9 h  0

Used CPU time:   9.9 CPU hours
Unused CPU time: 5.5 CPU days

Memory statistics, in GiB:
ID              Alloc   Usage
1836439          32.0        
1836439.batch    32.0    19.0

GPU usage stats:
Job 1836439 completed at Thu Jul 31 05:06:35 CEST 2025
