Starting job 1853645 on gpu-16 on fox at Wed Aug 13 12:01:13 CEST 2025

2025-08-13 12:01:32,544: Argument CI: False
2025-08-13 12:01:32,545: Argument all_landmarks: True
2025-08-13 12:01:32,545: Argument batch_size: 8
2025-08-13 12:01:32,546: Argument cache_dir: '/cluster/work/projects/ec12/michechi/cache'
2025-08-13 12:01:32,546: Argument early: 'loss'
2025-08-13 12:01:32,546: Argument epochs: 20
2025-08-13 12:01:32,546: Argument gradient_accumulation_steps: 1
2025-08-13 12:01:32,546: Argument input_csv: '/fp/homes01/u01/ec-michelec/MIMICIV/data/splitted/splitted/landmark_df_evo.csv'
2025-08-13 12:01:32,546: Argument lr: 2e-05
2025-08-13 12:01:32,546: Argument max_length: 512
2025-08-13 12:01:32,546: Argument max_visits: 4
2025-08-13 12:01:32,546: Argument model_name: 'Charangan/MedBERT'
2025-08-13 12:01:32,546: Argument model_type: 'medical'
2025-08-13 12:01:32,546: Argument patience: 1
2025-08-13 12:01:32,546: Argument peft: False
2025-08-13 12:01:32,546: Argument prompt_type: 'compact_no_time'
2025-08-13 12:01:32,546: Argument seed: 4550
2025-08-13 12:01:32,546: Argument test_csv: '/fp/homes01/u01/ec-michelec/MIMICIV/data/splitted/splitted/landmark_evo_test_dod.csv'
2025-08-13 12:01:32,546: Argument train_csv: '/fp/homes01/u01/ec-michelec/MIMICIV/data/splitted/splitted/landmark_evo_train_dod.csv'
2025-08-13 12:01:32,546: Argument use_quantization: False
2025-08-13 12:01:32,546: Argument val_csv: '/fp/homes01/u01/ec-michelec/MIMICIV/data/splitted/splitted/landmark_evo_vali_dod.csv'
2025-08-13 12:01:32,546: Argument when_counting_death: 'last_visit'
2025-08-13 12:01:32,555: Using prompt type: compact_no_time
/fp/homes01/u01/ec-michelec/MIMICIV/src/Finetuning_rfct.py:79: DtypeWarning: Columns (16,17,18,19) have mixed types. Specify dtype option on import or set low_memory=False.
  full_train_df = pd.read_csv(args.train_csv, na_values=['', 'None', 'NaN', 'na', 'nan']).fillna('')
/fp/homes01/u01/ec-michelec/MIMICIV/src/Finetuning_rfct.py:81: DtypeWarning: Columns (16,17,18,19) have mixed types. Specify dtype option on import or set low_memory=False.
  full_test_df = pd.read_csv(args.test_csv, na_values=['', 'None', 'NaN', 'na', 'nan']).fillna('')
2025-08-13 12:02:13,613: Processing all landmarks from 1 to 4
2025-08-13 12:02:13,614: Preparing data for Landmark 1
/fp/projects01/ec30/software/easybuild/software/nlpl-pytorch/2.1.2-foss-2022b-cuda-12.0.0-Python-3.10.8/lib/python3.10/site-packages/torch/_utils.py:831: UserWarning: TypedStorage is deprecated. It will be removed in the future and UntypedStorage will be the only storage class. This should only matter to you if you are using storages directly.  To access UntypedStorage directly, use tensor.untyped_storage() instead of tensor.storage()
  return self.fget.__get__(instance, owner)()
Some weights of BertForSequenceClassification were not initialized from the model checkpoint at Charangan/MedBERT and are newly initialized: ['classifier.bias', 'classifier.weight']
You should probably TRAIN this model on a down-stream task to be able to use it for predictions and inference.
2025-08-13 12:02:19,476: Example train text: You are a Doctor.
What is the probability of death in the next 90 days for 43-year-old F patient?
Visit type: EMERGENCY

DIAGNOSIS HISTORY:
Diagnoses: Diverticulitis of colon (without mention of hemorrhage); Acute kidney failure, unspecified; Abscess of intestine; Other postoperative infection; Cellulitis and abscess of trunk; Methicillin susceptible Staphylococcus aureus in conditions classified elsewhere and of unspecified site; Removal of other organ (partial) (total) causing abnormal patient reaction, or later complication, without mention of misadventure at time of operation; Hypovolemia; Nausea with vomiting.
PRESCRIPTIONS HISTORY:
Medications: NS; Potassium Chloride; OxycoDONE (Immediate Release) ; Magnesium Citrate; SW; Magnesium Sulfate; Prochlorperazine; Lorazepam; HYDROmorphone (Dilaudid); Iso-Osmotic Dextrose; Piperacillin-Tazobactam Na; Potassium Chl 20 mEq / 1000 mL D5 1/2 NS; Insulin; LR; Acetaminophen; Ondansetron; Ketorolac; OxycoDONE-Acetaminophen Elixir; Sodium Chloride 0.9%  Flush; Docusate Sodium; Hydrocodone-Acetaminophen; D5W; Clindamycin; Fluticasone Propionate NASAL; Ciprofloxacin; Pantoprazole; Metoclopramide; Calcium Carbonate; Vancomycin; Cephalexin; Heparin; Bupivacaine 0.5%; Promethazine HCl; D5 1/2NS; Hydrocortisone (Rectal) 2.5% Cream; Morphine Sulfate; Escitalopram Oxalate; Maalox/Diphenhydramine/Lidocaine; Nafcillin; HydrOXYzine; MetRONIDAZOLE (FLagyl); Ibuprofen.
PROCEDURES HISTORY:
Procedures: Open and other sigmoidectomy.
2025-08-13 12:02:19,543: Average train text length: 134.15 words
2025-08-13 12:02:19,543: Average validation text length: 138.37 words
2025-08-13 12:02:19,543: Average test text length: 135.44 words
2025-08-13 12:02:19,543: Training on 8040 samples, validating on 894, testing on 2234 samples
2025-08-13 12:02:25,635: Fine-tuning at Landmark 1
2025-08-13 12:02:26,382: Early stopping criterion: loss
2025-08-13 12:03:41,079: Landmark 1 | Epoch 1/20 | Train Loss: 0.5056 | Val Loss: 0.4136 | Validation AUC: 0.7643 | F1-Score: 0.2963
2025-08-13 12:03:41,468: New best model saved at /cluster/work/projects/ec12/michechi/cache/best/best_model_Charangan_MedBERT_4550_landmark1_compact_no_time_4_512_last_visit_all_landmarks_True_20250813_120226_.pt with AUC: 0.7643, F1: 0.2963, Val Loss: 0.4136
2025-08-13 12:04:56,303: Landmark 1 | Epoch 2/20 | Train Loss: 0.4100 | Val Loss: 0.3852 | Validation AUC: 0.8143 | F1-Score: 0.4730
2025-08-13 12:04:56,651: New best model saved at /cluster/work/projects/ec12/michechi/cache/best/best_model_Charangan_MedBERT_4550_landmark1_compact_no_time_4_512_last_visit_all_landmarks_True_20250813_120226_.pt with AUC: 0.8143, F1: 0.4730, Val Loss: 0.3852
2025-08-13 12:06:11,311: Landmark 1 | Epoch 3/20 | Train Loss: 0.3813 | Val Loss: 0.3652 | Validation AUC: 0.8292 | F1-Score: 0.3868
2025-08-13 12:06:11,655: New best model saved at /cluster/work/projects/ec12/michechi/cache/best/best_model_Charangan_MedBERT_4550_landmark1_compact_no_time_4_512_last_visit_all_landmarks_True_20250813_120226_.pt with AUC: 0.8292, F1: 0.3868, Val Loss: 0.3652
2025-08-13 12:07:26,124: Landmark 1 | Epoch 4/20 | Train Loss: 0.3588 | Val Loss: 0.3811 | Validation AUC: 0.8178 | F1-Score: 0.4765
2025-08-13 12:07:26,124: No improvement in epoch 4. Current best AUC: 0.8292, F1: 0.3868, Val Loss: 0.3652. Epochs without improvement: 1/1
2025-08-13 12:07:26,124: Early stopping triggered at epoch 4. Best AUC: 0.8292, F1: 0.3868, Val Loss: 0.3652
2025-08-13 12:07:26,345: Tempo impiegato per Landmark 1: 300.7 secondi
2025-08-13 12:07:26,345: Tempo medio per epoca: 75.2 secondi
2025-08-13 12:07:26,347: Loading best model from /cluster/work/projects/ec12/michechi/cache/best/best_model_Charangan_MedBERT_4550_landmark1_compact_no_time_4_512_last_visit_all_landmarks_True_20250813_120226_.pt for final evaluation on test set
2025-08-13 12:07:32,487: Final Test AUC (Landmark 1): 0.7929 | Test F1-Score: 0.3245
2025-08-13 12:07:32,487: Preparing data for Landmark 2
Using device: cuda
Some weights of BertForSequenceClassification were not initialized from the model checkpoint at Charangan/MedBERT and are newly initialized: ['classifier.bias', 'classifier.weight']
You should probably TRAIN this model on a down-stream task to be able to use it for predictions and inference.
2025-08-13 12:07:37,102: Example train text: You are a Doctor.
What is the probability of death in the next 90 days for 43-year-old F patient?
Visit type: EMERGENCY

DIAGNOSIS HISTORY:
Diagnoses: Esophageal reflux; Diverticulosis of colon (without mention of hemorrhage); Other specified aftercare following surgery.
PRESCRIPTIONS HISTORY:
Medications: LR; Ranitidine; Acetaminophen; Escitalopram Oxalate; Promethazine; Heparin; Ondansetron ODT; Potassium Chl 20 mEq / 1000 mL D5 1/2 NS; Pantoprazole; Sodium Chloride 0.9%  Flush; Fluticasone Propionate NASAL; Ondansetron.
PROCEDURES HISTORY:
Procedures: .
2025-08-13 12:07:37,172: Average train text length: 139.42 words
2025-08-13 12:07:37,172: Average validation text length: 140.03 words
2025-08-13 12:07:37,172: Average test text length: 139.35 words
2025-08-13 12:07:37,172: Training on 8040 samples, validating on 894, testing on 2234 samples
2025-08-13 12:07:43,893: Fine-tuning at Landmark 2
2025-08-13 12:07:43,897: Early stopping criterion: loss
2025-08-13 12:08:58,590: Landmark 2 | Epoch 1/20 | Train Loss: 0.5042 | Val Loss: 0.4200 | Validation AUC: 0.7759 | F1-Score: 0.0899
2025-08-13 12:08:58,927: New best model saved at /cluster/work/projects/ec12/michechi/cache/best/best_model_Charangan_MedBERT_4550_landmark2_compact_no_time_4_512_last_visit_all_landmarks_True_20250813_120743_.pt with AUC: 0.7759, F1: 0.0899, Val Loss: 0.4200
2025-08-13 12:10:13,361: Landmark 2 | Epoch 2/20 | Train Loss: 0.4019 | Val Loss: 0.3692 | Validation AUC: 0.8297 | F1-Score: 0.4308
2025-08-13 12:10:13,667: New best model saved at /cluster/work/projects/ec12/michechi/cache/best/best_model_Charangan_MedBERT_4550_landmark2_compact_no_time_4_512_last_visit_all_landmarks_True_20250813_120743_.pt with AUC: 0.8297, F1: 0.4308, Val Loss: 0.3692
2025-08-13 12:11:28,351: Landmark 2 | Epoch 3/20 | Train Loss: 0.3662 | Val Loss: 0.3752 | Validation AUC: 0.8196 | F1-Score: 0.3200
2025-08-13 12:11:28,353: No improvement in epoch 3. Current best AUC: 0.8297, F1: 0.4308, Val Loss: 0.3692. Epochs without improvement: 1/1
2025-08-13 12:11:28,353: Early stopping triggered at epoch 3. Best AUC: 0.8297, F1: 0.4308, Val Loss: 0.3692
2025-08-13 12:11:28,554: Tempo impiegato per Landmark 2: 224.7 secondi
2025-08-13 12:11:28,554: Tempo medio per epoca: 74.9 secondi
2025-08-13 12:11:28,555: Loading best model from /cluster/work/projects/ec12/michechi/cache/best/best_model_Charangan_MedBERT_4550_landmark2_compact_no_time_4_512_last_visit_all_landmarks_True_20250813_120743_.pt for final evaluation on test set
2025-08-13 12:11:34,684: Final Test AUC (Landmark 2): 0.8055 | Test F1-Score: 0.3845
2025-08-13 12:11:34,685: Preparing data for Landmark 3
Using device: cuda
Some weights of BertForSequenceClassification were not initialized from the model checkpoint at Charangan/MedBERT and are newly initialized: ['classifier.bias', 'classifier.weight']
You should probably TRAIN this model on a down-stream task to be able to use it for predictions and inference.
2025-08-13 12:11:40,300: Example train text: You are a Doctor.
What is the probability of death in the next 90 days for 46-year-old F patient?
Visit type: NORMAL

DIAGNOSIS HISTORY:
Diagnoses: Chest pain, unspecified; Orthostatic hypotension.
PRESCRIPTIONS HISTORY:
Medications: Potassium Chl 20 mEq / 1000 mL D5 1/2 NS; LR; Acetaminophen; Ondansetron; Sodium Chloride 0.9%  Flush; Fluticasone Propionate NASAL; Pantoprazole; Heparin; Escitalopram Oxalate; .
PROCEDURES HISTORY:
Procedures: .
2025-08-13 12:11:40,381: Average train text length: 160.21 words
2025-08-13 12:11:40,381: Average validation text length: 161.16 words
2025-08-13 12:11:40,381: Average test text length: 159.10 words
2025-08-13 12:11:40,381: Training on 8040 samples, validating on 894, testing on 2234 samples
2025-08-13 12:11:47,729: Fine-tuning at Landmark 3
2025-08-13 12:11:47,736: Early stopping criterion: loss
2025-08-13 12:13:02,777: Landmark 3 | Epoch 1/20 | Train Loss: 0.4680 | Val Loss: 0.3558 | Validation AUC: 0.8559 | F1-Score: 0.4444
2025-08-13 12:13:03,076: New best model saved at /cluster/work/projects/ec12/michechi/cache/best/best_model_Charangan_MedBERT_4550_landmark3_compact_no_time_4_512_last_visit_all_landmarks_True_20250813_121147_.pt with AUC: 0.8559, F1: 0.4444, Val Loss: 0.3558
2025-08-13 12:14:18,049: Landmark 3 | Epoch 2/20 | Train Loss: 0.3649 | Val Loss: 0.3455 | Validation AUC: 0.8717 | F1-Score: 0.5686
2025-08-13 12:14:18,372: New best model saved at /cluster/work/projects/ec12/michechi/cache/best/best_model_Charangan_MedBERT_4550_landmark3_compact_no_time_4_512_last_visit_all_landmarks_True_20250813_121147_.pt with AUC: 0.8717, F1: 0.5686, Val Loss: 0.3455
2025-08-13 12:15:33,473: Landmark 3 | Epoch 3/20 | Train Loss: 0.3220 | Val Loss: 0.3445 | Validation AUC: 0.8579 | F1-Score: 0.5245
2025-08-13 12:15:33,790: New best model saved at /cluster/work/projects/ec12/michechi/cache/best/best_model_Charangan_MedBERT_4550_landmark3_compact_no_time_4_512_last_visit_all_landmarks_True_20250813_121147_.pt with AUC: 0.8579, F1: 0.5245, Val Loss: 0.3445
2025-08-13 12:16:48,764: Landmark 3 | Epoch 4/20 | Train Loss: 0.2783 | Val Loss: 0.4126 | Validation AUC: 0.8424 | F1-Score: 0.5556
2025-08-13 12:16:48,765: No improvement in epoch 4. Current best AUC: 0.8579, F1: 0.5245, Val Loss: 0.3445. Epochs without improvement: 1/1
2025-08-13 12:16:48,765: Early stopping triggered at epoch 4. Best AUC: 0.8579, F1: 0.5245, Val Loss: 0.3445
2025-08-13 12:16:48,956: Tempo impiegato per Landmark 3: 301.2 secondi
2025-08-13 12:16:48,957: Tempo medio per epoca: 75.3 secondi
2025-08-13 12:16:48,958: Loading best model from /cluster/work/projects/ec12/michechi/cache/best/best_model_Charangan_MedBERT_4550_landmark3_compact_no_time_4_512_last_visit_all_landmarks_True_20250813_121147_.pt for final evaluation on test set
2025-08-13 12:16:55,109: Final Test AUC (Landmark 3): 0.8373 | Test F1-Score: 0.4893
2025-08-13 12:16:55,109: Preparing data for Landmark 4
Using device: cuda
Some weights of BertForSequenceClassification were not initialized from the model checkpoint at Charangan/MedBERT and are newly initialized: ['classifier.bias', 'classifier.weight']
You should probably TRAIN this model on a down-stream task to be able to use it for predictions and inference.
2025-08-13 12:17:02,151: Example train text: You are a Doctor.
What is the probability of death in the next 90 days for 47-year-old F patient?
Visit type: NORMAL

DIAGNOSIS HISTORY:
Diagnoses: Other specified disorders of intestine; Ulceration of intestine; Other and unspecified ovarian cyst; Diverticulosis of colon (without mention of hemorrhage); Intestinal bypass or anastomosis status; Anxiety state, unspecified; Esophageal reflux.
PRESCRIPTIONS HISTORY:
Medications: Potassium Chl 20 mEq / 1000 mL D5 1/2 NS; LR; Acetaminophen; Ondansetron; Sodium Chloride 0.9%  Flush; Fluticasone Propionate NASAL; Pantoprazole; Heparin; Escitalopram Oxalate; Ondansetron ODT; Calcium Carbonate; Senna; Vitamin D; Omeprazole; HYDROmorphone (Dilaudid); Desitin; 0.45% Sodium Chloride; 0.9% Sodium Chloride; Docusate Sodium; Lorazepam; Multivitamins; Influenza Virus Vaccine; Golytely; Neutra-Phos; Fish Oil (Omega 3); Naproxen; Ranitidine; Ketorolac.
PROCEDURES HISTORY:
Procedures: ; Closed [endoscopic] biopsy of large intestine.
2025-08-13 12:17:02,246: Average train text length: 189.71 words
2025-08-13 12:17:02,246: Average validation text length: 190.61 words
2025-08-13 12:17:02,246: Average test text length: 190.21 words
2025-08-13 12:17:02,246: Training on 8040 samples, validating on 894, testing on 2234 samples
2025-08-13 12:17:10,992: Fine-tuning at Landmark 4
2025-08-13 12:17:10,998: Early stopping criterion: loss
2025-08-13 12:18:26,197: Landmark 4 | Epoch 1/20 | Train Loss: 0.3996 | Val Loss: 0.2197 | Validation AUC: 0.9465 | F1-Score: 0.7493
2025-08-13 12:18:26,514: New best model saved at /cluster/work/projects/ec12/michechi/cache/best/best_model_Charangan_MedBERT_4550_landmark4_compact_no_time_4_512_last_visit_all_landmarks_True_20250813_121710_.pt with AUC: 0.9465, F1: 0.7493, Val Loss: 0.2197
2025-08-13 12:19:41,753: Landmark 4 | Epoch 2/20 | Train Loss: 0.2519 | Val Loss: 0.2571 | Validation AUC: 0.9474 | F1-Score: 0.7250
2025-08-13 12:19:41,753: No improvement in epoch 2. Current best AUC: 0.9465, F1: 0.7493, Val Loss: 0.2197. Epochs without improvement: 1/1
2025-08-13 12:19:41,753: Early stopping triggered at epoch 2. Best AUC: 0.9465, F1: 0.7493, Val Loss: 0.2197
2025-08-13 12:19:41,949: Tempo impiegato per Landmark 4: 151.0 secondi
2025-08-13 12:19:41,949: Tempo medio per epoca: 75.5 secondi
2025-08-13 12:19:41,951: Loading best model from /cluster/work/projects/ec12/michechi/cache/best/best_model_Charangan_MedBERT_4550_landmark4_compact_no_time_4_512_last_visit_all_landmarks_True_20250813_121710_.pt for final evaluation on test set
2025-08-13 12:19:48,050: Final Test AUC (Landmark 4): 0.9282 | Test F1-Score: 0.6981
2025-08-13 12:19:48,051: Saving results to results_medical_True_Charangan_MedBERT_last_visit_visits4_4550_512_compact_no_time_20250813_121948.csv
Using device: cuda
   Landmark Val AUC  ... Validation Loss Training Time (s)
0         1  0.8292  ...          0.3652             300.7
1         2  0.8297  ...          0.3692             224.7
2         3  0.8579  ...          0.3445             301.2
3         4  0.9465  ...          0.2197             151.0

[4 rows x 9 columns]

Job 1853645 consumed 5.9 billing hours from project ec12.

Submitted 2025-08-13T12:01:02; waited 11.0 seconds in the queue after becoming eligible to run.

Requested wallclock time: 6.0 hours
Elapsed wallclock time:   18.6 minutes

Job exited normally.

Task and CPU statistics:
ID             CPUs  Tasks  CPU util                Start   Elapsed  Exit status
1853645          16            0.0 %  2025-08-13T12:01:13  1119.0 s  0
1853645.batch    16      1     6.1 %  2025-08-13T12:01:13  1119.0 s  0

Used CPU time:   18.3 CPU minutes
Unused CPU time: 4.7 CPU hours

Memory statistics, in GiB:
ID              Alloc   Usage
1853645          32.0        
1853645.batch    32.0     8.8

Job 1853645 completed at Wed Aug 13 12:19:52 CEST 2025
