Starting job 1853824 on gpu-16 on fox at Wed Aug 13 14:54:55 CEST 2025

2025-08-13 14:55:07,863: Argument CI: False
2025-08-13 14:55:07,863: Argument all_landmarks: True
2025-08-13 14:55:07,863: Argument batch_size: 8
2025-08-13 14:55:07,863: Argument cache_dir: '/cluster/work/projects/ec12/michechi/cache'
2025-08-13 14:55:07,863: Argument early: 'loss'
2025-08-13 14:55:07,863: Argument epochs: 20
2025-08-13 14:55:07,863: Argument gradient_accumulation_steps: 1
2025-08-13 14:55:07,864: Argument input_csv: '/fp/homes01/u01/ec-michelec/MIMICIV/data/splitted/splitted/landmark_df_evo.csv'
2025-08-13 14:55:07,864: Argument lr: 2e-05
2025-08-13 14:55:07,864: Argument max_length: 512
2025-08-13 14:55:07,864: Argument max_visits: 4
2025-08-13 14:55:07,864: Argument model_name: 'answerdotai/ModernBERT-large'
2025-08-13 14:55:07,864: Argument model_type: 'general'
2025-08-13 14:55:07,864: Argument patience: 1
2025-08-13 14:55:07,864: Argument peft: False
2025-08-13 14:55:07,864: Argument prompt_type: 'compact_no_time'
2025-08-13 14:55:07,864: Argument seed: 4550
2025-08-13 14:55:07,864: Argument test_csv: '/fp/homes01/u01/ec-michelec/MIMICIV/data/splitted/splitted/landmark_evo_test_dod.csv'
2025-08-13 14:55:07,864: Argument train_csv: '/fp/homes01/u01/ec-michelec/MIMICIV/data/splitted/splitted/landmark_evo_train_dod.csv'
2025-08-13 14:55:07,864: Argument use_quantization: False
2025-08-13 14:55:07,864: Argument val_csv: '/fp/homes01/u01/ec-michelec/MIMICIV/data/splitted/splitted/landmark_evo_vali_dod.csv'
2025-08-13 14:55:07,864: Argument when_counting_death: 'landmark'
2025-08-13 14:55:07,873: Using prompt type: compact_no_time
/fp/homes01/u01/ec-michelec/MIMICIV/src/Finetuning_rfct.py:79: DtypeWarning: Columns (16,17,18,19) have mixed types. Specify dtype option on import or set low_memory=False.
  full_train_df = pd.read_csv(args.train_csv, na_values=['', 'None', 'NaN', 'na', 'nan']).fillna('')
/fp/homes01/u01/ec-michelec/MIMICIV/src/Finetuning_rfct.py:81: DtypeWarning: Columns (16,17,18,19) have mixed types. Specify dtype option on import or set low_memory=False.
  full_test_df = pd.read_csv(args.test_csv, na_values=['', 'None', 'NaN', 'na', 'nan']).fillna('')
2025-08-13 14:55:47,844: Processing all landmarks from 1 to 4
2025-08-13 14:55:47,844: Preparing data for Landmark 1
2025-08-13 14:55:51,941: We will use 90% of the memory on device 0 for storing the model, and 10% for the buffer to avoid OOM. You can set `max_memory` in to a higher value to use more memory (at your own risk).
Some weights of ModernBertForSequenceClassification were not initialized from the model checkpoint at answerdotai/ModernBERT-large and are newly initialized: ['classifier.bias', 'classifier.weight']
You should probably TRAIN this model on a down-stream task to be able to use it for predictions and inference.
2025-08-13 14:55:57,264: Example train text: You are a Doctor.
What is the probability of death in the next 90 days for 43-year-old F patient?
Visit type: EMERGENCY

DIAGNOSIS HISTORY:
Diagnoses: Diverticulitis of colon (without mention of hemorrhage); Acute kidney failure, unspecified; Abscess of intestine; Other postoperative infection; Cellulitis and abscess of trunk; Methicillin susceptible Staphylococcus aureus in conditions classified elsewhere and of unspecified site; Removal of other organ (partial) (total) causing abnormal patient reaction, or later complication, without mention of misadventure at time of operation; Hypovolemia; Nausea with vomiting.
PRESCRIPTIONS HISTORY:
Medications: NS; Potassium Chloride; OxycoDONE (Immediate Release) ; Magnesium Citrate; SW; Magnesium Sulfate; Prochlorperazine; Lorazepam; HYDROmorphone (Dilaudid); Iso-Osmotic Dextrose; Piperacillin-Tazobactam Na; Potassium Chl 20 mEq / 1000 mL D5 1/2 NS; Insulin; LR; Acetaminophen; Ondansetron; Ketorolac; OxycoDONE-Acetaminophen Elixir; Sodium Chloride 0.9%  Flush; Docusate Sodium; Hydrocodone-Acetaminophen; D5W; Clindamycin; Fluticasone Propionate NASAL; Ciprofloxacin; Pantoprazole; Metoclopramide; Calcium Carbonate; Vancomycin; Cephalexin; Heparin; Bupivacaine 0.5%; Promethazine HCl; D5 1/2NS; Hydrocortisone (Rectal) 2.5% Cream; Morphine Sulfate; Escitalopram Oxalate; Maalox/Diphenhydramine/Lidocaine; Nafcillin; HydrOXYzine; MetRONIDAZOLE (FLagyl); Ibuprofen.
PROCEDURES HISTORY:
Procedures: Open and other sigmoidectomy.
2025-08-13 14:55:57,318: Average train text length: 134.15 words
2025-08-13 14:55:57,318: Average validation text length: 138.37 words
2025-08-13 14:55:57,318: Average test text length: 135.44 words
2025-08-13 14:55:57,318: Training on 8040 samples, validating on 894, testing on 2234 samples
2025-08-13 14:56:02,056: Fine-tuning at Landmark 1
2025-08-13 14:56:02,061: Early stopping criterion: loss
/fp/homes01/u01/ec-michelec/ModernBERT/lib64/python3.9/site-packages/networkx/utils/backends.py:135: RuntimeWarning: networkx backend defined more than once: nx-loopback
  backends.update(_get_backends("networkx.backends"))
2025-08-13 14:58:24,125: Landmark 1 | Epoch 1/20 | Train Loss: 0.4383 | Val Loss: 0.0717 | Validation AUC: 0.6379 | F1-Score: 0.0000
2025-08-13 14:58:24,682: New best model saved at /cluster/work/projects/ec12/michechi/cache/best/best_model_answerdotai_ModernBERT-large_4550_landmark1_compact_no_time_4_512_landmark_all_landmarks_True_20250813_145602_.pt with AUC: 0.6379, F1: 0.0000, Val Loss: 0.0717
2025-08-13 15:00:33,903: Landmark 1 | Epoch 2/20 | Train Loss: 0.0717 | Val Loss: 0.0643 | Validation AUC: 0.6833 | F1-Score: 0.0000
2025-08-13 15:00:34,468: New best model saved at /cluster/work/projects/ec12/michechi/cache/best/best_model_answerdotai_ModernBERT-large_4550_landmark1_compact_no_time_4_512_landmark_all_landmarks_True_20250813_145602_.pt with AUC: 0.6833, F1: 0.0000, Val Loss: 0.0643
2025-08-13 15:02:43,527: Landmark 1 | Epoch 3/20 | Train Loss: 0.0709 | Val Loss: 0.0639 | Validation AUC: 0.7166 | F1-Score: 0.0000
2025-08-13 15:02:44,095: New best model saved at /cluster/work/projects/ec12/michechi/cache/best/best_model_answerdotai_ModernBERT-large_4550_landmark1_compact_no_time_4_512_landmark_all_landmarks_True_20250813_145602_.pt with AUC: 0.7166, F1: 0.0000, Val Loss: 0.0639
2025-08-13 15:04:53,402: Landmark 1 | Epoch 4/20 | Train Loss: 0.0694 | Val Loss: 0.0637 | Validation AUC: 0.7274 | F1-Score: 0.0000
2025-08-13 15:04:53,979: New best model saved at /cluster/work/projects/ec12/michechi/cache/best/best_model_answerdotai_ModernBERT-large_4550_landmark1_compact_no_time_4_512_landmark_all_landmarks_True_20250813_145602_.pt with AUC: 0.7274, F1: 0.0000, Val Loss: 0.0637
2025-08-13 15:07:03,153: Landmark 1 | Epoch 5/20 | Train Loss: 0.0690 | Val Loss: 0.0660 | Validation AUC: 0.7340 | F1-Score: 0.0000
2025-08-13 15:07:03,153: No improvement in epoch 5. Current best AUC: 0.7274, F1: 0.0000, Val Loss: 0.0637. Epochs without improvement: 1/1
2025-08-13 15:07:03,153: Early stopping triggered at epoch 5. Best AUC: 0.7274, F1: 0.0000, Val Loss: 0.0637
2025-08-13 15:07:03,499: Tempo impiegato per Landmark 1: 661.4 secondi
2025-08-13 15:07:03,500: Tempo medio per epoca: 132.3 secondi
2025-08-13 15:07:03,502: Loading best model from /cluster/work/projects/ec12/michechi/cache/best/best_model_answerdotai_ModernBERT-large_4550_landmark1_compact_no_time_4_512_landmark_all_landmarks_True_20250813_145602_.pt for final evaluation on test set
2025-08-13 15:07:15,684: Final Test AUC (Landmark 1): 0.7524 | Test F1-Score: 0.0000
2025-08-13 15:07:15,684: Preparing data for Landmark 2
2025-08-13 15:07:18,236: We will use 90% of the memory on device 0 for storing the model, and 10% for the buffer to avoid OOM. You can set `max_memory` in to a higher value to use more memory (at your own risk).
Some weights of ModernBertForSequenceClassification were not initialized from the model checkpoint at answerdotai/ModernBERT-large and are newly initialized: ['classifier.bias', 'classifier.weight']
You should probably TRAIN this model on a down-stream task to be able to use it for predictions and inference.
2025-08-13 15:07:24,671: Example train text: You are a Doctor.
What is the probability of death in the next 90 days for 43-year-old F patient?
Visit type: EMERGENCY

DIAGNOSIS HISTORY:
Diagnoses: Esophageal reflux; Diverticulosis of colon (without mention of hemorrhage); Other specified aftercare following surgery.
PRESCRIPTIONS HISTORY:
Medications: LR; Ranitidine; Acetaminophen; Escitalopram Oxalate; Promethazine; Heparin; Ondansetron ODT; Potassium Chl 20 mEq / 1000 mL D5 1/2 NS; Pantoprazole; Sodium Chloride 0.9%  Flush; Fluticasone Propionate NASAL; Ondansetron.
PROCEDURES HISTORY:
Procedures: .
2025-08-13 15:07:24,724: Average train text length: 139.42 words
2025-08-13 15:07:24,724: Average validation text length: 140.03 words
2025-08-13 15:07:24,724: Average test text length: 139.35 words
2025-08-13 15:07:24,724: Training on 8040 samples, validating on 894, testing on 2234 samples
2025-08-13 15:07:29,919: Fine-tuning at Landmark 2
2025-08-13 15:07:29,930: Early stopping criterion: loss
2025-08-13 15:09:39,449: Landmark 2 | Epoch 1/20 | Train Loss: 0.4923 | Val Loss: 0.1480 | Validation AUC: 0.7048 | F1-Score: 0.0000
2025-08-13 15:09:39,971: New best model saved at /cluster/work/projects/ec12/michechi/cache/best/best_model_answerdotai_ModernBERT-large_4550_landmark2_compact_no_time_4_512_landmark_all_landmarks_True_20250813_150729_.pt with AUC: 0.7048, F1: 0.0000, Val Loss: 0.1480
2025-08-13 15:11:49,547: Landmark 2 | Epoch 2/20 | Train Loss: 0.1667 | Val Loss: 0.1371 | Validation AUC: 0.7552 | F1-Score: 0.0000
2025-08-13 15:11:50,121: New best model saved at /cluster/work/projects/ec12/michechi/cache/best/best_model_answerdotai_ModernBERT-large_4550_landmark2_compact_no_time_4_512_landmark_all_landmarks_True_20250813_150729_.pt with AUC: 0.7552, F1: 0.0000, Val Loss: 0.1371
2025-08-13 15:13:59,758: Landmark 2 | Epoch 3/20 | Train Loss: 0.1722 | Val Loss: 0.1455 | Validation AUC: 0.7204 | F1-Score: 0.0000
2025-08-13 15:13:59,758: No improvement in epoch 3. Current best AUC: 0.7552, F1: 0.0000, Val Loss: 0.1371. Epochs without improvement: 1/1
2025-08-13 15:13:59,758: Early stopping triggered at epoch 3. Best AUC: 0.7552, F1: 0.0000, Val Loss: 0.1371
2025-08-13 15:14:00,072: Tempo impiegato per Landmark 2: 390.2 secondi
2025-08-13 15:14:00,073: Tempo medio per epoca: 130.1 secondi
2025-08-13 15:14:00,075: Loading best model from /cluster/work/projects/ec12/michechi/cache/best/best_model_answerdotai_ModernBERT-large_4550_landmark2_compact_no_time_4_512_landmark_all_landmarks_True_20250813_150729_.pt for final evaluation on test set
2025-08-13 15:14:12,300: Final Test AUC (Landmark 2): 0.7810 | Test F1-Score: 0.0000
2025-08-13 15:14:12,300: Preparing data for Landmark 3
2025-08-13 15:14:14,146: We will use 90% of the memory on device 0 for storing the model, and 10% for the buffer to avoid OOM. You can set `max_memory` in to a higher value to use more memory (at your own risk).
Some weights of ModernBertForSequenceClassification were not initialized from the model checkpoint at answerdotai/ModernBERT-large and are newly initialized: ['classifier.bias', 'classifier.weight']
You should probably TRAIN this model on a down-stream task to be able to use it for predictions and inference.
2025-08-13 15:14:17,963: Example train text: You are a Doctor.
What is the probability of death in the next 90 days for 46-year-old F patient?
Visit type: NORMAL

DIAGNOSIS HISTORY:
Diagnoses: Chest pain, unspecified; Orthostatic hypotension.
PRESCRIPTIONS HISTORY:
Medications: Potassium Chl 20 mEq / 1000 mL D5 1/2 NS; LR; Acetaminophen; Ondansetron; Sodium Chloride 0.9%  Flush; Fluticasone Propionate NASAL; Pantoprazole; Heparin; Escitalopram Oxalate; .
PROCEDURES HISTORY:
Procedures: .
2025-08-13 15:14:18,032: Average train text length: 160.21 words
2025-08-13 15:14:18,032: Average validation text length: 161.16 words
2025-08-13 15:14:18,032: Average test text length: 159.10 words
2025-08-13 15:14:18,032: Training on 8040 samples, validating on 894, testing on 2234 samples
2025-08-13 15:14:23,826: Fine-tuning at Landmark 3
2025-08-13 15:14:23,840: Early stopping criterion: loss
2025-08-13 15:16:33,694: Landmark 3 | Epoch 1/20 | Train Loss: 0.5738 | Val Loss: 0.2798 | Validation AUC: 0.7570 | F1-Score: 0.0000
2025-08-13 15:16:34,266: New best model saved at /cluster/work/projects/ec12/michechi/cache/best/best_model_answerdotai_ModernBERT-large_4550_landmark3_compact_no_time_4_512_landmark_all_landmarks_True_20250813_151423_.pt with AUC: 0.7570, F1: 0.0000, Val Loss: 0.2798
2025-08-13 15:18:44,131: Landmark 3 | Epoch 2/20 | Train Loss: 0.2737 | Val Loss: 0.2577 | Validation AUC: 0.8187 | F1-Score: 0.0449
2025-08-13 15:18:44,711: New best model saved at /cluster/work/projects/ec12/michechi/cache/best/best_model_answerdotai_ModernBERT-large_4550_landmark3_compact_no_time_4_512_landmark_all_landmarks_True_20250813_151423_.pt with AUC: 0.8187, F1: 0.0449, Val Loss: 0.2577
2025-08-13 15:20:54,550: Landmark 3 | Epoch 3/20 | Train Loss: 0.2596 | Val Loss: 0.2450 | Validation AUC: 0.8440 | F1-Score: 0.1224
2025-08-13 15:20:55,127: New best model saved at /cluster/work/projects/ec12/michechi/cache/best/best_model_answerdotai_ModernBERT-large_4550_landmark3_compact_no_time_4_512_landmark_all_landmarks_True_20250813_151423_.pt with AUC: 0.8440, F1: 0.1224, Val Loss: 0.2450
2025-08-13 15:23:05,013: Landmark 3 | Epoch 4/20 | Train Loss: 0.2565 | Val Loss: 0.2640 | Validation AUC: 0.8116 | F1-Score: 0.0225
2025-08-13 15:23:05,013: No improvement in epoch 4. Current best AUC: 0.8440, F1: 0.1224, Val Loss: 0.2450. Epochs without improvement: 1/1
2025-08-13 15:23:05,013: Early stopping triggered at epoch 4. Best AUC: 0.8440, F1: 0.1224, Val Loss: 0.2450
2025-08-13 15:23:05,335: Tempo impiegato per Landmark 3: 521.5 secondi
2025-08-13 15:23:05,335: Tempo medio per epoca: 130.4 secondi
2025-08-13 15:23:05,337: Loading best model from /cluster/work/projects/ec12/michechi/cache/best/best_model_answerdotai_ModernBERT-large_4550_landmark3_compact_no_time_4_512_landmark_all_landmarks_True_20250813_151423_.pt for final evaluation on test set
2025-08-13 15:23:17,509: Final Test AUC (Landmark 3): 0.8244 | Test F1-Score: 0.1500
2025-08-13 15:23:17,509: Preparing data for Landmark 4
2025-08-13 15:23:19,900: We will use 90% of the memory on device 0 for storing the model, and 10% for the buffer to avoid OOM. You can set `max_memory` in to a higher value to use more memory (at your own risk).
Some weights of ModernBertForSequenceClassification were not initialized from the model checkpoint at answerdotai/ModernBERT-large and are newly initialized: ['classifier.bias', 'classifier.weight']
You should probably TRAIN this model on a down-stream task to be able to use it for predictions and inference.
2025-08-13 15:23:24,605: Example train text: You are a Doctor.
What is the probability of death in the next 90 days for 47-year-old F patient?
Visit type: NORMAL

DIAGNOSIS HISTORY:
Diagnoses: Other specified disorders of intestine; Ulceration of intestine; Other and unspecified ovarian cyst; Diverticulosis of colon (without mention of hemorrhage); Intestinal bypass or anastomosis status; Anxiety state, unspecified; Esophageal reflux.
PRESCRIPTIONS HISTORY:
Medications: Potassium Chl 20 mEq / 1000 mL D5 1/2 NS; LR; Acetaminophen; Ondansetron; Sodium Chloride 0.9%  Flush; Fluticasone Propionate NASAL; Pantoprazole; Heparin; Escitalopram Oxalate; Ondansetron ODT; Calcium Carbonate; Senna; Vitamin D; Omeprazole; HYDROmorphone (Dilaudid); Desitin; 0.45% Sodium Chloride; 0.9% Sodium Chloride; Docusate Sodium; Lorazepam; Multivitamins; Influenza Virus Vaccine; Golytely; Neutra-Phos; Fish Oil (Omega 3); Naproxen; Ranitidine; Ketorolac.
PROCEDURES HISTORY:
Procedures: ; Closed [endoscopic] biopsy of large intestine.
2025-08-13 15:23:24,693: Average train text length: 189.71 words
2025-08-13 15:23:24,694: Average validation text length: 190.61 words
2025-08-13 15:23:24,694: Average test text length: 190.21 words
2025-08-13 15:23:24,694: Training on 8040 samples, validating on 894, testing on 2234 samples
2025-08-13 15:23:31,531: Fine-tuning at Landmark 4
2025-08-13 15:23:31,552: Early stopping criterion: loss
2025-08-13 15:25:41,756: Landmark 4 | Epoch 1/20 | Train Loss: 0.6516 | Val Loss: 0.4123 | Validation AUC: 0.8034 | F1-Score: 0.0000
2025-08-13 15:25:42,308: New best model saved at /cluster/work/projects/ec12/michechi/cache/best/best_model_answerdotai_ModernBERT-large_4550_landmark4_compact_no_time_4_512_landmark_all_landmarks_True_20250813_152331_.pt with AUC: 0.8034, F1: 0.0000, Val Loss: 0.4123
2025-08-13 15:27:52,415: Landmark 4 | Epoch 2/20 | Train Loss: 0.4023 | Val Loss: 0.3749 | Validation AUC: 0.8190 | F1-Score: 0.2244
2025-08-13 15:27:53,002: New best model saved at /cluster/work/projects/ec12/michechi/cache/best/best_model_answerdotai_ModernBERT-large_4550_landmark4_compact_no_time_4_512_landmark_all_landmarks_True_20250813_152331_.pt with AUC: 0.8190, F1: 0.2244, Val Loss: 0.3749
2025-08-13 15:30:03,409: Landmark 4 | Epoch 3/20 | Train Loss: 0.3681 | Val Loss: 0.3507 | Validation AUC: 0.8501 | F1-Score: 0.3423
2025-08-13 15:30:03,967: New best model saved at /cluster/work/projects/ec12/michechi/cache/best/best_model_answerdotai_ModernBERT-large_4550_landmark4_compact_no_time_4_512_landmark_all_landmarks_True_20250813_152331_.pt with AUC: 0.8501, F1: 0.3423, Val Loss: 0.3507
2025-08-13 15:32:14,370: Landmark 4 | Epoch 4/20 | Train Loss: 0.3515 | Val Loss: 0.3393 | Validation AUC: 0.8623 | F1-Score: 0.4556
2025-08-13 15:32:14,926: New best model saved at /cluster/work/projects/ec12/michechi/cache/best/best_model_answerdotai_ModernBERT-large_4550_landmark4_compact_no_time_4_512_landmark_all_landmarks_True_20250813_152331_.pt with AUC: 0.8623, F1: 0.4556, Val Loss: 0.3393
2025-08-13 15:34:25,448: Landmark 4 | Epoch 5/20 | Train Loss: 0.3355 | Val Loss: 0.3299 | Validation AUC: 0.8712 | F1-Score: 0.5398
2025-08-13 15:34:26,043: New best model saved at /cluster/work/projects/ec12/michechi/cache/best/best_model_answerdotai_ModernBERT-large_4550_landmark4_compact_no_time_4_512_landmark_all_landmarks_True_20250813_152331_.pt with AUC: 0.8712, F1: 0.5398, Val Loss: 0.3299
2025-08-13 15:36:36,425: Landmark 4 | Epoch 6/20 | Train Loss: 0.3259 | Val Loss: 0.3306 | Validation AUC: 0.8793 | F1-Score: 0.5783
2025-08-13 15:36:36,425: No improvement in epoch 6. Current best AUC: 0.8712, F1: 0.5398, Val Loss: 0.3299. Epochs without improvement: 1/1
2025-08-13 15:36:36,425: Early stopping triggered at epoch 6. Best AUC: 0.8712, F1: 0.5398, Val Loss: 0.3299
2025-08-13 15:36:36,747: Tempo impiegato per Landmark 4: 785.2 secondi
2025-08-13 15:36:36,748: Tempo medio per epoca: 130.9 secondi
2025-08-13 15:36:36,750: Loading best model from /cluster/work/projects/ec12/michechi/cache/best/best_model_answerdotai_ModernBERT-large_4550_landmark4_compact_no_time_4_512_landmark_all_landmarks_True_20250813_152331_.pt for final evaluation on test set
2025-08-13 15:36:48,986: Final Test AUC (Landmark 4): 0.8674 | Test F1-Score: 0.4891
2025-08-13 15:36:48,987: Saving results to results_general_True_answerdotai_ModernBERT-large_landmark_visits4_4550_512_compact_no_time_20250813_153648.csv
Using device: cuda
Using device: cuda
Using device: cuda
Using device: cuda
   Landmark Val AUC  ... Validation Loss Training Time (s)
0         1  0.7274  ...          0.0637             661.4
1         2  0.7552  ...          0.1371             390.2
2         3  0.8440  ...          0.2450             521.5
3         4  0.8712  ...          0.3299             785.2

[4 rows x 9 columns]

Job 1853824 consumed 13.3 billing hours from project ec12.

Submitted 2025-08-13T14:54:42; waited 13.0 seconds in the queue after becoming eligible to run.

Requested wallclock time: 10.0 hours
Elapsed wallclock time:   42.0 minutes

Job exited normally.

Task and CPU statistics:
ID             CPUs  Tasks  CPU util                Start   Elapsed  Exit status
1853824          16            0.0 %  2025-08-13T14:54:55  2518.0 s  0
1853824.batch    16      1    11.7 %  2025-08-13T14:54:55  2518.0 s  0

Used CPU time:   1.3 CPU hours
Unused CPU time: 9.9 CPU hours

Memory statistics, in GiB:
ID              Alloc   Usage
1853824          32.0        
1853824.batch    32.0    11.8

Job 1853824 completed at Wed Aug 13 15:36:53 CEST 2025
