Starting job 1853871 on gpu-15 on fox at Wed Aug 13 16:54:08 CEST 2025

2025-08-13 16:54:34,871: Argument CI: False
2025-08-13 16:54:34,871: Argument all_landmarks: True
2025-08-13 16:54:34,871: Argument batch_size: 8
2025-08-13 16:54:34,871: Argument cache_dir: '/cluster/work/projects/ec12/michechi/cache'
2025-08-13 16:54:34,871: Argument early: 'loss'
2025-08-13 16:54:34,871: Argument epochs: 20
2025-08-13 16:54:34,871: Argument gradient_accumulation_steps: 1
2025-08-13 16:54:34,871: Argument input_csv: '/fp/homes01/u01/ec-michelec/MIMICIV/data/splitted/splitted/landmark_df_evo.csv'
2025-08-13 16:54:34,871: Argument lr: 2e-05
2025-08-13 16:54:34,871: Argument max_length: 2048
2025-08-13 16:54:34,871: Argument max_visits: 4
2025-08-13 16:54:34,871: Argument model_name: 'answerdotai/ModernBERT-large'
2025-08-13 16:54:34,871: Argument model_type: 'general'
2025-08-13 16:54:34,871: Argument patience: 1
2025-08-13 16:54:34,871: Argument peft: False
2025-08-13 16:54:34,871: Argument prompt_type: 'full'
2025-08-13 16:54:34,871: Argument seed: 4550
2025-08-13 16:54:34,871: Argument test_csv: '/fp/homes01/u01/ec-michelec/MIMICIV/data/splitted/splitted/landmark_evo_test_dod.csv'
2025-08-13 16:54:34,871: Argument train_csv: '/fp/homes01/u01/ec-michelec/MIMICIV/data/splitted/splitted/landmark_evo_train_dod.csv'
2025-08-13 16:54:34,872: Argument use_quantization: False
2025-08-13 16:54:34,872: Argument val_csv: '/fp/homes01/u01/ec-michelec/MIMICIV/data/splitted/splitted/landmark_evo_vali_dod.csv'
2025-08-13 16:54:34,872: Argument when_counting_death: 'last_visit'
2025-08-13 16:54:34,929: Using prompt type: full
/fp/homes01/u01/ec-michelec/MIMICIV/src/Finetuning_rfct.py:79: DtypeWarning: Columns (16,17,18,19) have mixed types. Specify dtype option on import or set low_memory=False.
  full_train_df = pd.read_csv(args.train_csv, na_values=['', 'None', 'NaN', 'na', 'nan']).fillna('')
/fp/homes01/u01/ec-michelec/MIMICIV/src/Finetuning_rfct.py:81: DtypeWarning: Columns (16,17,18,19) have mixed types. Specify dtype option on import or set low_memory=False.
  full_test_df = pd.read_csv(args.test_csv, na_values=['', 'None', 'NaN', 'na', 'nan']).fillna('')
2025-08-13 16:55:11,853: Processing all landmarks from 1 to 4
2025-08-13 16:55:11,853: Preparing data for Landmark 1
2025-08-13 16:55:17,346: We will use 90% of the memory on device 0 for storing the model, and 10% for the buffer to avoid OOM. You can set `max_memory` in to a higher value to use more memory (at your own risk).
Some weights of ModernBertForSequenceClassification were not initialized from the model checkpoint at answerdotai/ModernBERT-large and are newly initialized: ['classifier.bias', 'classifier.weight']
You should probably TRAIN this model on a down-stream task to be able to use it for predictions and inference.
2025-08-13 16:55:22,356: Example train text: You are a Doctor.
What is the probability of death in the next 90 days from today for this 43-year-old F patient?
Today is the 1 visit.

Diagnosis history:
Today: Diverticulitis of colon (without mention of hemorrhage); Acute kidney failure, unspecified; Abscess of intestine; Other postoperative infection; Cellulitis and abscess of trunk; Methicillin susceptible Staphylococcus aureus in conditions classified elsewhere and of unspecified site; Removal of other organ (partial) (total) causing abnormal patient reaction, or later complication, without mention of misadventure at time of operation; Hypovolemia; Nausea with vomiting.
Prescriptions history:
Today: NS; Potassium Chloride; OxycoDONE (Immediate Release) ; Magnesium Citrate; SW; Magnesium Sulfate; Prochlorperazine; Lorazepam; HYDROmorphone (Dilaudid); Iso-Osmotic Dextrose; Piperacillin-Tazobactam Na; Potassium Chl 20 mEq / 1000 mL D5 1/2 NS; Insulin; LR; Acetaminophen; Ondansetron; Ketorolac; OxycoDONE-Acetaminophen Elixir; Sodium Chloride 0.9%  Flush; Docusate Sodium; Hydrocodone-Acetaminophen; D5W; Clindamycin; Fluticasone Propionate NASAL; Ciprofloxacin; Pantoprazole; Metoclopramide; Calcium Carbonate; Vancomycin; Cephalexin; Heparin; Bupivacaine 0.5%; Promethazine HCl; D5 1/2NS; Hydrocortisone (Rectal) 2.5% Cream; Morphine Sulfate; Escitalopram Oxalate; Maalox/Diphenhydramine/Lidocaine; Nafcillin; HydrOXYzine; MetRONIDAZOLE (FLagyl); Ibuprofen.
Procedures history:
Today: Open and other sigmoidectomy.
2025-08-13 16:55:22,415: Average train text length: 139.15 words
2025-08-13 16:55:22,416: Average validation text length: 143.37 words
2025-08-13 16:55:22,416: Average test text length: 140.44 words
2025-08-13 16:55:22,416: Training on 8040 samples, validating on 894, testing on 2234 samples
2025-08-13 16:55:29,806: Fine-tuning at Landmark 1
2025-08-13 16:55:29,809: Early stopping criterion: loss
/fp/homes01/u01/ec-michelec/ModernBERT/lib64/python3.9/site-packages/networkx/utils/backends.py:135: RuntimeWarning: networkx backend defined more than once: nx-loopback
  backends.update(_get_backends("networkx.backends"))
2025-08-13 17:06:35,915: Landmark 1 | Epoch 1/20 | Train Loss: 0.6727 | Val Loss: 0.4604 | Validation AUC: 0.6417 | F1-Score: 0.0000
2025-08-13 17:06:36,493: New best model saved at /cluster/work/projects/ec12/michechi/cache/best/best_model_answerdotai_ModernBERT-large_4550_landmark1_full_4_2048_last_visit_all_landmarks_True_20250813_165529_.pt with AUC: 0.6417, F1: 0.0000, Val Loss: 0.4604
2025-08-13 17:17:22,192: Landmark 1 | Epoch 2/20 | Train Loss: 0.4577 | Val Loss: 0.4333 | Validation AUC: 0.7200 | F1-Score: 0.0000
2025-08-13 17:17:22,750: New best model saved at /cluster/work/projects/ec12/michechi/cache/best/best_model_answerdotai_ModernBERT-large_4550_landmark1_full_4_2048_last_visit_all_landmarks_True_20250813_165529_.pt with AUC: 0.7200, F1: 0.0000, Val Loss: 0.4333
2025-08-13 17:28:08,576: Landmark 1 | Epoch 3/20 | Train Loss: 0.4393 | Val Loss: 0.4230 | Validation AUC: 0.7395 | F1-Score: 0.0000
2025-08-13 17:28:09,160: New best model saved at /cluster/work/projects/ec12/michechi/cache/best/best_model_answerdotai_ModernBERT-large_4550_landmark1_full_4_2048_last_visit_all_landmarks_True_20250813_165529_.pt with AUC: 0.7395, F1: 0.0000, Val Loss: 0.4230
2025-08-13 17:38:54,089: Landmark 1 | Epoch 4/20 | Train Loss: 0.4242 | Val Loss: 0.4097 | Validation AUC: 0.7621 | F1-Score: 0.0347
2025-08-13 17:38:54,654: New best model saved at /cluster/work/projects/ec12/michechi/cache/best/best_model_answerdotai_ModernBERT-large_4550_landmark1_full_4_2048_last_visit_all_landmarks_True_20250813_165529_.pt with AUC: 0.7621, F1: 0.0347, Val Loss: 0.4097
2025-08-13 17:49:39,680: Landmark 1 | Epoch 5/20 | Train Loss: 0.4167 | Val Loss: 0.4066 | Validation AUC: 0.7704 | F1-Score: 0.0568
2025-08-13 17:49:40,240: New best model saved at /cluster/work/projects/ec12/michechi/cache/best/best_model_answerdotai_ModernBERT-large_4550_landmark1_full_4_2048_last_visit_all_landmarks_True_20250813_165529_.pt with AUC: 0.7704, F1: 0.0568, Val Loss: 0.4066
2025-08-13 18:00:25,480: Landmark 1 | Epoch 6/20 | Train Loss: 0.4077 | Val Loss: 0.4642 | Validation AUC: 0.7781 | F1-Score: 0.4167
2025-08-13 18:00:25,480: No improvement in epoch 6. Current best AUC: 0.7704, F1: 0.0568, Val Loss: 0.4066. Epochs without improvement: 1/1
2025-08-13 18:00:25,480: Early stopping triggered at epoch 6. Best AUC: 0.7704, F1: 0.0568, Val Loss: 0.4066
2025-08-13 18:00:26,049: Tempo impiegato per Landmark 1: 3896.2 secondi
2025-08-13 18:00:26,050: Tempo medio per epoca: 649.4 secondi
2025-08-13 18:00:26,051: Loading best model from /cluster/work/projects/ec12/michechi/cache/best/best_model_answerdotai_ModernBERT-large_4550_landmark1_full_4_2048_last_visit_all_landmarks_True_20250813_165529_.pt for final evaluation on test set
2025-08-13 18:01:08,076: Final Test AUC (Landmark 1): 0.7423 | Test F1-Score: 0.0816
2025-08-13 18:01:08,076: Preparing data for Landmark 2
2025-08-13 18:01:10,799: We will use 90% of the memory on device 0 for storing the model, and 10% for the buffer to avoid OOM. You can set `max_memory` in to a higher value to use more memory (at your own risk).
Some weights of ModernBertForSequenceClassification were not initialized from the model checkpoint at answerdotai/ModernBERT-large and are newly initialized: ['classifier.bias', 'classifier.weight']
You should probably TRAIN this model on a down-stream task to be able to use it for predictions and inference.
2025-08-13 18:01:14,166: Example train text: You are a Doctor.
What is the probability of death in the next 90 days from today for this 43-year-old F patient?
Today is the 2 visit.

Diagnosis history:
Today: Esophageal reflux; Diverticulosis of colon (without mention of hemorrhage); Other specified aftercare following surgery.
6 days ago: Diverticulitis of colon (without mention of hemorrhage); Acute kidney failure, unspecified; Abscess of intestine; Other postoperative infection; Cellulitis and abscess of trunk; Methicillin susceptible Staphylococcus aureus in conditions classified elsewhere and of unspecified site; Removal of other organ (partial) (total) causing abnormal patient reaction, or later complication, without mention of misadventure at time of operation; Hypovolemia; Nausea with vomiting.
Prescriptions history:
Today: LR; Ranitidine; Acetaminophen; Escitalopram Oxalate; Promethazine; Heparin; Ondansetron ODT; Potassium Chl 20 mEq / 1000 mL D5 1/2 NS; Pantoprazole; Sodium Chloride 0.9%  Flush; Fluticasone Propionate NASAL; Ondansetron.
6 days ago: NS; Potassium Chloride; OxycoDONE (Immediate Release) ; Magnesium Citrate; SW; Magnesium Sulfate; Prochlorperazine; Lorazepam; HYDROmorphone (Dilaudid); Iso-Osmotic Dextrose; Piperacillin-Tazobactam Na; Potassium Chl 20 mEq / 1000 mL D5 1/2 NS; Insulin; LR; Acetaminophen; Ondansetron; Ketorolac; OxycoDONE-Acetaminophen Elixir; Sodium Chloride 0.9%  Flush; Docusate Sodium; Hydrocodone-Acetaminophen; D5W; Clindamycin; Fluticasone Propionate NASAL; Ciprofloxacin; Pantoprazole; Metoclopramide; Calcium Carbonate; Vancomycin; Cephalexin; Heparin; Bupivacaine 0.5%; Promethazine HCl; D5 1/2NS; Hydrocortisone (Rectal) 2.5% Cream; Morphine Sulfate; Escitalopram Oxalate; Maalox/Diphenhydramine/Lidocaine; Nafcillin; HydrOXYzine; MetRONIDAZOLE (FLagyl); Ibuprofen.
Procedures history:
Today: .
6 days ago: Open and other sigmoidectomy.
2025-08-13 18:01:14,277: Average train text length: 256.57 words
2025-08-13 18:01:14,277: Average validation text length: 261.40 words
2025-08-13 18:01:14,277: Average test text length: 257.79 words
2025-08-13 18:01:14,277: Training on 8040 samples, validating on 894, testing on 2234 samples
2025-08-13 18:01:26,784: Fine-tuning at Landmark 2
2025-08-13 18:01:26,799: Early stopping criterion: loss
2025-08-13 18:12:06,468: Landmark 2 | Epoch 1/20 | Train Loss: 0.7161 | Val Loss: 0.4492 | Validation AUC: 0.6699 | F1-Score: 0.0000
2025-08-13 18:12:07,043: New best model saved at /cluster/work/projects/ec12/michechi/cache/best/best_model_answerdotai_ModernBERT-large_4550_landmark2_full_4_2048_last_visit_all_landmarks_True_20250813_180126_.pt with AUC: 0.6699, F1: 0.0000, Val Loss: 0.4492
2025-08-13 18:22:46,877: Landmark 2 | Epoch 2/20 | Train Loss: 0.4482 | Val Loss: 0.4282 | Validation AUC: 0.7244 | F1-Score: 0.0000
2025-08-13 18:22:47,454: New best model saved at /cluster/work/projects/ec12/michechi/cache/best/best_model_answerdotai_ModernBERT-large_4550_landmark2_full_4_2048_last_visit_all_landmarks_True_20250813_180126_.pt with AUC: 0.7244, F1: 0.0000, Val Loss: 0.4282
2025-08-13 18:33:27,332: Landmark 2 | Epoch 3/20 | Train Loss: 0.4241 | Val Loss: 0.4153 | Validation AUC: 0.7537 | F1-Score: 0.0000
2025-08-13 18:33:27,905: New best model saved at /cluster/work/projects/ec12/michechi/cache/best/best_model_answerdotai_ModernBERT-large_4550_landmark2_full_4_2048_last_visit_all_landmarks_True_20250813_180126_.pt with AUC: 0.7537, F1: 0.0000, Val Loss: 0.4153
2025-08-13 18:44:07,785: Landmark 2 | Epoch 4/20 | Train Loss: 0.4102 | Val Loss: 0.4099 | Validation AUC: 0.7688 | F1-Score: 0.0571
2025-08-13 18:44:08,365: New best model saved at /cluster/work/projects/ec12/michechi/cache/best/best_model_answerdotai_ModernBERT-large_4550_landmark2_full_4_2048_last_visit_all_landmarks_True_20250813_180126_.pt with AUC: 0.7688, F1: 0.0571, Val Loss: 0.4099
2025-08-13 18:54:48,264: Landmark 2 | Epoch 5/20 | Train Loss: 0.4009 | Val Loss: 0.4036 | Validation AUC: 0.7795 | F1-Score: 0.1290
2025-08-13 18:54:48,819: New best model saved at /cluster/work/projects/ec12/michechi/cache/best/best_model_answerdotai_ModernBERT-large_4550_landmark2_full_4_2048_last_visit_all_landmarks_True_20250813_180126_.pt with AUC: 0.7795, F1: 0.1290, Val Loss: 0.4036
2025-08-13 19:05:28,639: Landmark 2 | Epoch 6/20 | Train Loss: 0.3938 | Val Loss: 0.4658 | Validation AUC: 0.7777 | F1-Score: 0.4377
2025-08-13 19:05:28,639: No improvement in epoch 6. Current best AUC: 0.7795, F1: 0.1290, Val Loss: 0.4036. Epochs without improvement: 1/1
2025-08-13 19:05:28,639: Early stopping triggered at epoch 6. Best AUC: 0.7795, F1: 0.1290, Val Loss: 0.4036
2025-08-13 19:05:29,223: Tempo impiegato per Landmark 2: 3842.4 secondi
2025-08-13 19:05:29,224: Tempo medio per epoca: 640.4 secondi
2025-08-13 19:05:29,226: Loading best model from /cluster/work/projects/ec12/michechi/cache/best/best_model_answerdotai_ModernBERT-large_4550_landmark2_full_4_2048_last_visit_all_landmarks_True_20250813_180126_.pt for final evaluation on test set
2025-08-13 19:06:10,165: Final Test AUC (Landmark 2): 0.7760 | Test F1-Score: 0.1197
2025-08-13 19:06:10,165: Preparing data for Landmark 3
2025-08-13 19:06:12,218: We will use 90% of the memory on device 0 for storing the model, and 10% for the buffer to avoid OOM. You can set `max_memory` in to a higher value to use more memory (at your own risk).
Some weights of ModernBertForSequenceClassification were not initialized from the model checkpoint at answerdotai/ModernBERT-large and are newly initialized: ['classifier.bias', 'classifier.weight']
You should probably TRAIN this model on a down-stream task to be able to use it for predictions and inference.
2025-08-13 19:06:16,681: Example train text: You are a Doctor.
What is the probability of death in the next 90 days from today for this 46-year-old F patient?
Today is the 3 visit.

Diagnosis history:
Today: Chest pain, unspecified; Orthostatic hypotension.
1127 days ago: Esophageal reflux; Diverticulosis of colon (without mention of hemorrhage); Other specified aftercare following surgery.
1133 days ago: Diverticulitis of colon (without mention of hemorrhage); Acute kidney failure, unspecified; Abscess of intestine; Other postoperative infection; Cellulitis and abscess of trunk; Methicillin susceptible Staphylococcus aureus in conditions classified elsewhere and of unspecified site; Removal of other organ (partial) (total) causing abnormal patient reaction, or later complication, without mention of misadventure at time of operation; Hypovolemia; Nausea with vomiting.
Prescriptions history:
Today: .
1127 days ago: LR; Ranitidine; Acetaminophen; Escitalopram Oxalate; Promethazine; Heparin; Ondansetron ODT; Potassium Chl 20 mEq / 1000 mL D5 1/2 NS; Pantoprazole; Sodium Chloride 0.9%  Flush; Fluticasone Propionate NASAL; Ondansetron.
1133 days ago: NS; Potassium Chloride; OxycoDONE (Immediate Release) ; Magnesium Citrate; SW; Magnesium Sulfate; Prochlorperazine; Lorazepam; HYDROmorphone (Dilaudid); Iso-Osmotic Dextrose; Piperacillin-Tazobactam Na; Potassium Chl 20 mEq / 1000 mL D5 1/2 NS; Insulin; LR; Acetaminophen; Ondansetron; Ketorolac; OxycoDONE-Acetaminophen Elixir; Sodium Chloride 0.9%  Flush; Docusate Sodium; Hydrocodone-Acetaminophen; D5W; Clindamycin; Fluticasone Propionate NASAL; Ciprofloxacin; Pantoprazole; Metoclopramide; Calcium Carbonate; Vancomycin; Cephalexin; Heparin; Bupivacaine 0.5%; Promethazine HCl; D5 1/2NS; Hydrocortisone (Rectal) 2.5% Cream; Morphine Sulfate; Escitalopram Oxalate; Maalox/Diphenhydramine/Lidocaine; Nafcillin; HydrOXYzine; MetRONIDAZOLE (FLagyl); Ibuprofen.
Procedures history:
Today: .
1127 days ago: .
1133 days ago: Open and other sigmoidectomy.
2025-08-13 19:06:16,851: Average train text length: 380.70 words
2025-08-13 19:06:16,851: Average validation text length: 385.73 words
2025-08-13 19:06:16,851: Average test text length: 380.60 words
2025-08-13 19:06:16,851: Training on 8040 samples, validating on 894, testing on 2234 samples
2025-08-13 19:06:32,773: Fine-tuning at Landmark 3
2025-08-13 19:06:32,790: Early stopping criterion: loss
2025-08-13 19:17:11,874: Landmark 3 | Epoch 1/20 | Train Loss: 0.7479 | Val Loss: 0.4451 | Validation AUC: 0.6861 | F1-Score: 0.0000
2025-08-13 19:17:12,458: New best model saved at /cluster/work/projects/ec12/michechi/cache/best/best_model_answerdotai_ModernBERT-large_4550_landmark3_full_4_2048_last_visit_all_landmarks_True_20250813_190632_.pt with AUC: 0.6861, F1: 0.0000, Val Loss: 0.4451
2025-08-13 19:27:51,740: Landmark 3 | Epoch 2/20 | Train Loss: 0.4382 | Val Loss: 0.4125 | Validation AUC: 0.7689 | F1-Score: 0.0000
2025-08-13 19:27:52,297: New best model saved at /cluster/work/projects/ec12/michechi/cache/best/best_model_answerdotai_ModernBERT-large_4550_landmark3_full_4_2048_last_visit_all_landmarks_True_20250813_190632_.pt with AUC: 0.7689, F1: 0.0000, Val Loss: 0.4125
2025-08-13 19:38:31,620: Landmark 3 | Epoch 3/20 | Train Loss: 0.4153 | Val Loss: 0.3946 | Validation AUC: 0.7910 | F1-Score: 0.1290
2025-08-13 19:38:32,173: New best model saved at /cluster/work/projects/ec12/michechi/cache/best/best_model_answerdotai_ModernBERT-large_4550_landmark3_full_4_2048_last_visit_all_landmarks_True_20250813_190632_.pt with AUC: 0.7910, F1: 0.1290, Val Loss: 0.3946
2025-08-13 19:49:11,328: Landmark 3 | Epoch 4/20 | Train Loss: 0.4017 | Val Loss: 0.3912 | Validation AUC: 0.8001 | F1-Score: 0.1383
2025-08-13 19:49:11,885: New best model saved at /cluster/work/projects/ec12/michechi/cache/best/best_model_answerdotai_ModernBERT-large_4550_landmark3_full_4_2048_last_visit_all_landmarks_True_20250813_190632_.pt with AUC: 0.8001, F1: 0.1383, Val Loss: 0.3912
2025-08-13 19:59:51,048: Landmark 3 | Epoch 5/20 | Train Loss: 0.3922 | Val Loss: 0.3799 | Validation AUC: 0.8139 | F1-Score: 0.2020
2025-08-13 19:59:51,613: New best model saved at /cluster/work/projects/ec12/michechi/cache/best/best_model_answerdotai_ModernBERT-large_4550_landmark3_full_4_2048_last_visit_all_landmarks_True_20250813_190632_.pt with AUC: 0.8139, F1: 0.2020, Val Loss: 0.3799
2025-08-13 20:10:30,813: Landmark 3 | Epoch 6/20 | Train Loss: 0.3849 | Val Loss: 0.4347 | Validation AUC: 0.8152 | F1-Score: 0.4921
2025-08-13 20:10:30,813: No improvement in epoch 6. Current best AUC: 0.8139, F1: 0.2020, Val Loss: 0.3799. Epochs without improvement: 1/1
2025-08-13 20:10:30,813: Early stopping triggered at epoch 6. Best AUC: 0.8139, F1: 0.2020, Val Loss: 0.3799
2025-08-13 20:10:31,283: Tempo impiegato per Landmark 3: 3838.5 secondi
2025-08-13 20:10:31,283: Tempo medio per epoca: 639.8 secondi
2025-08-13 20:10:31,286: Loading best model from /cluster/work/projects/ec12/michechi/cache/best/best_model_answerdotai_ModernBERT-large_4550_landmark3_full_4_2048_last_visit_all_landmarks_True_20250813_190632_.pt for final evaluation on test set
2025-08-13 20:11:12,275: Final Test AUC (Landmark 3): 0.7920 | Test F1-Score: 0.1784
2025-08-13 20:11:12,275: Preparing data for Landmark 4
2025-08-13 20:11:14,837: We will use 90% of the memory on device 0 for storing the model, and 10% for the buffer to avoid OOM. You can set `max_memory` in to a higher value to use more memory (at your own risk).
Some weights of ModernBertForSequenceClassification were not initialized from the model checkpoint at answerdotai/ModernBERT-large and are newly initialized: ['classifier.bias', 'classifier.weight']
You should probably TRAIN this model on a down-stream task to be able to use it for predictions and inference.
2025-08-13 20:11:20,491: Example train text: You are a Doctor.
What is the probability of death in the next 90 days from today for this 47-year-old F patient?
Today is the 4 visit.

Diagnosis history:
Today: Other specified disorders of intestine; Ulceration of intestine; Other and unspecified ovarian cyst; Diverticulosis of colon (without mention of hemorrhage); Intestinal bypass or anastomosis status; Anxiety state, unspecified; Esophageal reflux.
233 days ago: Chest pain, unspecified; Orthostatic hypotension.
1360 days ago: Esophageal reflux; Diverticulosis of colon (without mention of hemorrhage); Other specified aftercare following surgery.
1366 days ago: Diverticulitis of colon (without mention of hemorrhage); Acute kidney failure, unspecified; Abscess of intestine; Other postoperative infection; Cellulitis and abscess of trunk; Methicillin susceptible Staphylococcus aureus in conditions classified elsewhere and of unspecified site; Removal of other organ (partial) (total) causing abnormal patient reaction, or later complication, without mention of misadventure at time of operation; Hypovolemia; Nausea with vomiting.
Prescriptions history:
Today: Ondansetron ODT; Calcium Carbonate; Senna; Vitamin D; Omeprazole; HYDROmorphone (Dilaudid); Desitin; 0.45% Sodium Chloride; Acetaminophen; 0.9% Sodium Chloride; Docusate Sodium; Lorazepam; Multivitamins; Influenza Virus Vaccine; Golytely; Neutra-Phos; Escitalopram Oxalate; Sodium Chloride 0.9%  Flush; Fish Oil (Omega 3); Fluticasone Propionate NASAL; Heparin; Ondansetron; Naproxen; Ranitidine; Ketorolac.
233 days ago: .
1360 days ago: LR; Ranitidine; Acetaminophen; Escitalopram Oxalate; Promethazine; Heparin; Ondansetron ODT; Potassium Chl 20 mEq / 1000 mL D5 1/2 NS; Pantoprazole; Sodium Chloride 0.9%  Flush; Fluticasone Propionate NASAL; Ondansetron.
1366 days ago: NS; Potassium Chloride; OxycoDONE (Immediate Release) ; Magnesium Citrate; SW; Magnesium Sulfate; Prochlorperazine; Lorazepam; HYDROmorphone (Dilaudid); Iso-Osmotic Dextrose; Piperacillin-Tazobactam Na; Potassium Chl 20 mEq / 1000 mL D5 1/2 NS; Insulin; LR; Acetaminophen; Ondansetron; Ketorolac; OxycoDONE-Acetaminophen Elixir; Sodium Chloride 0.9%  Flush; Docusate Sodium; Hydrocodone-Acetaminophen; D5W; Clindamycin; Fluticasone Propionate NASAL; Ciprofloxacin; Pantoprazole; Metoclopramide; Calcium Carbonate; Vancomycin; Cephalexin; Heparin; Bupivacaine 0.5%; Promethazine HCl; D5 1/2NS; Hydrocortisone (Rectal) 2.5% Cream; Morphine Sulfate; Escitalopram Oxalate; Maalox/Diphenhydramine/Lidocaine; Nafcillin; HydrOXYzine; MetRONIDAZOLE (FLagyl); Ibuprofen.
Procedures history:
Today: Closed [endoscopic] biopsy of large intestine.
233 days ago: .
1360 days ago: .
1366 days ago: Open and other sigmoidectomy.
2025-08-13 20:11:20,716: Average train text length: 517.72 words
2025-08-13 20:11:20,717: Average validation text length: 522.47 words
2025-08-13 20:11:20,717: Average test text length: 518.07 words
2025-08-13 20:11:20,717: Training on 8040 samples, validating on 894, testing on 2234 samples
2025-08-13 20:11:41,593: Fine-tuning at Landmark 4
2025-08-13 20:11:41,619: Early stopping criterion: loss
2025-08-13 20:22:24,161: Landmark 4 | Epoch 1/20 | Train Loss: 0.7657 | Val Loss: 0.4285 | Validation AUC: 0.7440 | F1-Score: 0.0000
2025-08-13 20:22:24,746: New best model saved at /cluster/work/projects/ec12/michechi/cache/best/best_model_answerdotai_ModernBERT-large_4550_landmark4_full_4_2048_last_visit_all_landmarks_True_20250813_201141_.pt with AUC: 0.7440, F1: 0.0000, Val Loss: 0.4285
2025-08-13 20:33:07,121: Landmark 4 | Epoch 2/20 | Train Loss: 0.4069 | Val Loss: 0.3696 | Validation AUC: 0.8383 | F1-Score: 0.1390
2025-08-13 20:33:07,691: New best model saved at /cluster/work/projects/ec12/michechi/cache/best/best_model_answerdotai_ModernBERT-large_4550_landmark4_full_4_2048_last_visit_all_landmarks_True_20250813_201141_.pt with AUC: 0.8383, F1: 0.1390, Val Loss: 0.3696
2025-08-13 20:43:50,384: Landmark 4 | Epoch 3/20 | Train Loss: 0.4038 | Val Loss: 0.4031 | Validation AUC: 0.7820 | F1-Score: 0.0000
2025-08-13 20:43:50,384: No improvement in epoch 3. Current best AUC: 0.8383, F1: 0.1390, Val Loss: 0.3696. Epochs without improvement: 1/1
2025-08-13 20:43:50,384: Early stopping triggered at epoch 3. Best AUC: 0.8383, F1: 0.1390, Val Loss: 0.3696
2025-08-13 20:43:51,052: Tempo impiegato per Landmark 4: 1929.5 secondi
2025-08-13 20:43:51,052: Tempo medio per epoca: 643.2 secondi
2025-08-13 20:43:51,054: Loading best model from /cluster/work/projects/ec12/michechi/cache/best/best_model_answerdotai_ModernBERT-large_4550_landmark4_full_4_2048_last_visit_all_landmarks_True_20250813_201141_.pt for final evaluation on test set
2025-08-13 20:44:33,127: Final Test AUC (Landmark 4): 0.8212 | Test F1-Score: 0.1677
2025-08-13 20:44:33,128: Saving results to results_general_True_answerdotai_ModernBERT-large_last_visit_visits4_4550_2048_full_20250813_204433.csv
Using device: cuda
Using device: cuda
Using device: cuda
Using device: cuda
   Landmark Val AUC  ... Validation Loss Training Time (s)
0         1  0.7704  ...          0.4066            3896.2
1         2  0.7795  ...          0.4036            3842.4
2         3  0.8139  ...          0.3799            3838.5
3         4  0.8383  ...          0.3696            1929.5

[4 rows x 9 columns]

Job 1853871 consumed 73.0 billing hours from project ec12.

Submitted 2025-08-13T16:36:26; waited 17.7 minutes in the queue after becoming eligible to run.

Requested wallclock time: 10.0 hours
Elapsed wallclock time:   3.8 hours

Job exited normally.

Task and CPU statistics:
ID             CPUs  Tasks  CPU util                Start  Elapsed  Exit status
1853871          16            0.0 %  2025-08-13T16:54:08    3.8 h  0
1853871.batch    16      1     7.9 %  2025-08-13T16:54:08    3.8 h  0

Used CPU time:   4.9 CPU hours
Unused CPU time: 2.4 CPU days

Memory statistics, in GiB:
ID              Alloc   Usage
1853871          32.0        
1853871.batch    32.0    14.2

Job 1853871 completed at Wed Aug 13 20:44:38 CEST 2025
