Starting job 1836240 on gpu-2 on fox at Wed Jul 30 09:11:21 CEST 2025

2025-07-30 09:11:34,984: Argument CI: False
2025-07-30 09:11:34,984: Argument all_landmarks: True
2025-07-30 09:11:34,984: Argument batch_size: 8
2025-07-30 09:11:34,984: Argument cache_dir: '/cluster/work/projects/ec12/michechi/cache'
2025-07-30 09:11:34,984: Argument early: 'loss'
2025-07-30 09:11:34,984: Argument epochs: 20
2025-07-30 09:11:34,984: Argument gradient_accumulation_steps: 1
2025-07-30 09:11:34,984: Argument input_csv: '/fp/homes01/u01/ec-michelec/MIMICIV/data/splitted/splitted/landmark_df_evo.csv'
2025-07-30 09:11:34,984: Argument lr: 2e-05
2025-07-30 09:11:34,984: Argument max_length: 1024
2025-07-30 09:11:34,985: Argument max_visits: 3
2025-07-30 09:11:34,985: Argument model_name: 'answerdotai/ModernBERT-large'
2025-07-30 09:11:34,985: Argument model_type: 'medical'
2025-07-30 09:11:34,985: Argument patience: 1
2025-07-30 09:11:34,985: Argument peft: False
2025-07-30 09:11:34,985: Argument prompt_type: 'compact_narrative'
2025-07-30 09:11:34,985: Argument seed: 4550
2025-07-30 09:11:34,985: Argument test_csv: '/fp/homes01/u01/ec-michelec/MIMICIV/data/splitted/splitted/landmark_evo_test.csv'
2025-07-30 09:11:34,985: Argument train_csv: '/fp/homes01/u01/ec-michelec/MIMICIV/data/splitted/splitted/landmark_evo_train.csv'
2025-07-30 09:11:34,985: Argument use_quantization: False
2025-07-30 09:11:34,985: Argument val_csv: '/fp/homes01/u01/ec-michelec/MIMICIV/data/splitted/splitted/landmark_evo_vali.csv'
2025-07-30 09:11:35,001: Using prompt type: compact_narrative
/fp/homes01/u01/ec-michelec/MIMICIV/src/Finetuning_rfct.py:79: DtypeWarning: Columns (16,17,18,19) have mixed types. Specify dtype option on import or set low_memory=False.
  full_train_df = pd.read_csv(args.train_csv, na_values=['', 'None', 'NaN', 'na', 'nan']).fillna('')
/fp/homes01/u01/ec-michelec/MIMICIV/src/Finetuning_rfct.py:81: DtypeWarning: Columns (16,17,18,19) have mixed types. Specify dtype option on import or set low_memory=False.
  full_test_df = pd.read_csv(args.test_csv, na_values=['', 'None', 'NaN', 'na', 'nan']).fillna('')
2025-07-30 09:12:10,657: Processing all landmarks from 1 to 3
2025-07-30 09:12:10,657: Preparing data for Landmark 1
Some weights of ModernBertForSequenceClassification were not initialized from the model checkpoint at answerdotai/ModernBERT-large and are newly initialized: ['classifier.bias', 'classifier.weight']
You should probably TRAIN this model on a down-stream task to be able to use it for predictions and inference.
2025-07-30 09:12:20,434: Average train text length: 151.90 words
2025-07-30 09:12:20,434: Average validation text length: 151.07 words
2025-07-30 09:12:20,434: Average test text length: 152.65 words
2025-07-30 09:12:20,434: Training on 14472 samples, validating on 1608, testing on 4020 samples
2025-07-30 09:12:32,643: Fine-tuning at Landmark 1
2025-07-30 09:12:32,652: Early stopping criterion: loss
/fp/homes01/u01/ec-michelec/ModernBERT/lib64/python3.9/site-packages/networkx/utils/backends.py:135: RuntimeWarning: networkx backend defined more than once: nx-loopback
  backends.update(_get_backends("networkx.backends"))
2025-07-30 09:29:45,188: Landmark 1 | Epoch 1/20 | Train Loss: 0.3856 | Val Loss: 0.3213 | Validation AUC: 0.8343 | F1-Score: 0.0732
2025-07-30 09:29:46,210: New best model saved at /cluster/work/projects/ec12/michechi/cache/best/best_model_answerdotai_ModernBERT-large_4550_landmark1_compact_narrative_3_1024_all_landmarks_True_20250730_091232_.pt with AUC: 0.8343, F1: 0.0732, Val Loss: 0.3213
2025-07-30 09:46:43,246: Landmark 1 | Epoch 2/20 | Train Loss: 0.3358 | Val Loss: 0.3271 | Validation AUC: 0.8308 | F1-Score: 0.0729
2025-07-30 09:46:43,247: No improvement in epoch 2. Current best AUC: 0.8343, F1: 0.0732, Val Loss: 0.3213. Epochs without improvement: 1/1
2025-07-30 09:46:43,248: Early stopping triggered at epoch 2. Best AUC: 0.8343, F1: 0.0732, Val Loss: 0.3213
2025-07-30 09:46:44,032: Tempo impiegato per Landmark 1: 2051.4 secondi
2025-07-30 09:46:44,036: Tempo medio per epoca: 1025.7 secondi
2025-07-30 09:46:44,038: Loading best model from /cluster/work/projects/ec12/michechi/cache/best/best_model_answerdotai_ModernBERT-large_4550_landmark1_compact_narrative_3_1024_all_landmarks_True_20250730_091232_.pt for final evaluation on test set
2025-07-30 09:48:01,373: Final Test AUC (Landmark 1): 0.8110 | Test F1-Score: 0.0801
2025-07-30 09:48:01,373: Preparing data for Landmark 2
Some weights of ModernBertForSequenceClassification were not initialized from the model checkpoint at answerdotai/ModernBERT-large and are newly initialized: ['classifier.bias', 'classifier.weight']
You should probably TRAIN this model on a down-stream task to be able to use it for predictions and inference.
2025-07-30 09:48:10,490: Average train text length: 171.18 words
2025-07-30 09:48:10,491: Average validation text length: 171.11 words
2025-07-30 09:48:10,491: Average test text length: 169.35 words
2025-07-30 09:48:10,491: Training on 14472 samples, validating on 1608, testing on 4020 samples
2025-07-30 09:48:24,567: Fine-tuning at Landmark 2
2025-07-30 09:48:24,587: Early stopping criterion: loss
2025-07-30 10:05:23,115: Landmark 2 | Epoch 1/20 | Train Loss: 0.3802 | Val Loss: 0.3203 | Validation AUC: 0.8721 | F1-Score: 0.5021
2025-07-30 10:05:24,168: New best model saved at /cluster/work/projects/ec12/michechi/cache/best/best_model_answerdotai_ModernBERT-large_4550_landmark2_compact_narrative_3_1024_all_landmarks_True_20250730_094824_.pt with AUC: 0.8721, F1: 0.5021, Val Loss: 0.3203
2025-07-30 10:22:22,856: Landmark 2 | Epoch 2/20 | Train Loss: 0.3089 | Val Loss: 0.2944 | Validation AUC: 0.8827 | F1-Score: 0.3276
2025-07-30 10:22:23,923: New best model saved at /cluster/work/projects/ec12/michechi/cache/best/best_model_answerdotai_ModernBERT-large_4550_landmark2_compact_narrative_3_1024_all_landmarks_True_20250730_094824_.pt with AUC: 0.8827, F1: 0.3276, Val Loss: 0.2944
2025-07-30 10:39:22,549: Landmark 2 | Epoch 3/20 | Train Loss: 0.2900 | Val Loss: 0.2826 | Validation AUC: 0.8791 | F1-Score: 0.4444
2025-07-30 10:39:23,615: New best model saved at /cluster/work/projects/ec12/michechi/cache/best/best_model_answerdotai_ModernBERT-large_4550_landmark2_compact_narrative_3_1024_all_landmarks_True_20250730_094824_.pt with AUC: 0.8791, F1: 0.4444, Val Loss: 0.2826
2025-07-30 10:56:21,958: Landmark 2 | Epoch 4/20 | Train Loss: 0.2705 | Val Loss: 0.2823 | Validation AUC: 0.8811 | F1-Score: 0.5420
2025-07-30 10:56:23,043: New best model saved at /cluster/work/projects/ec12/michechi/cache/best/best_model_answerdotai_ModernBERT-large_4550_landmark2_compact_narrative_3_1024_all_landmarks_True_20250730_094824_.pt with AUC: 0.8811, F1: 0.5420, Val Loss: 0.2823
2025-07-30 11:13:21,666: Landmark 2 | Epoch 5/20 | Train Loss: 0.2430 | Val Loss: 0.3072 | Validation AUC: 0.8680 | F1-Score: 0.4050
2025-07-30 11:13:21,666: No improvement in epoch 5. Current best AUC: 0.8811, F1: 0.5420, Val Loss: 0.2823. Epochs without improvement: 1/1
2025-07-30 11:13:21,666: Early stopping triggered at epoch 5. Best AUC: 0.8811, F1: 0.5420, Val Loss: 0.2823
2025-07-30 11:13:22,514: Tempo impiegato per Landmark 2: 5097.9 secondi
2025-07-30 11:13:22,515: Tempo medio per epoca: 1019.6 secondi
2025-07-30 11:13:22,517: Loading best model from /cluster/work/projects/ec12/michechi/cache/best/best_model_answerdotai_ModernBERT-large_4550_landmark2_compact_narrative_3_1024_all_landmarks_True_20250730_094824_.pt for final evaluation on test set
2025-07-30 11:14:40,032: Final Test AUC (Landmark 2): 0.8518 | Test F1-Score: 0.4885
2025-07-30 11:14:40,032: Preparing data for Landmark 3
Some weights of ModernBertForSequenceClassification were not initialized from the model checkpoint at answerdotai/ModernBERT-large and are newly initialized: ['classifier.bias', 'classifier.weight']
You should probably TRAIN this model on a down-stream task to be able to use it for predictions and inference.
2025-07-30 11:14:48,931: Average train text length: 199.70 words
2025-07-30 11:14:48,931: Average validation text length: 196.21 words
2025-07-30 11:14:48,931: Average test text length: 199.22 words
2025-07-30 11:14:48,931: Training on 14472 samples, validating on 1608, testing on 4020 samples
2025-07-30 11:15:04,311: Fine-tuning at Landmark 3
2025-07-30 11:15:04,332: Early stopping criterion: loss
2025-07-30 11:32:04,279: Landmark 3 | Epoch 1/20 | Train Loss: 0.3209 | Val Loss: 0.2546 | Validation AUC: 0.9358 | F1-Score: 0.4194
2025-07-30 11:32:05,334: New best model saved at /cluster/work/projects/ec12/michechi/cache/best/best_model_answerdotai_ModernBERT-large_4550_landmark3_compact_narrative_3_1024_all_landmarks_True_20250730_111504_.pt with AUC: 0.9358, F1: 0.4194, Val Loss: 0.2546
2025-07-30 11:49:04,961: Landmark 3 | Epoch 2/20 | Train Loss: 0.2558 | Val Loss: 0.2014 | Validation AUC: 0.9519 | F1-Score: 0.7223
2025-07-30 11:49:05,978: New best model saved at /cluster/work/projects/ec12/michechi/cache/best/best_model_answerdotai_ModernBERT-large_4550_landmark3_compact_narrative_3_1024_all_landmarks_True_20250730_111504_.pt with AUC: 0.9519, F1: 0.7223, Val Loss: 0.2014
2025-07-30 12:06:05,010: Landmark 3 | Epoch 3/20 | Train Loss: 0.2058 | Val Loss: 0.1898 | Validation AUC: 0.9523 | F1-Score: 0.7014
2025-07-30 12:06:06,046: New best model saved at /cluster/work/projects/ec12/michechi/cache/best/best_model_answerdotai_ModernBERT-large_4550_landmark3_compact_narrative_3_1024_all_landmarks_True_20250730_111504_.pt with AUC: 0.9523, F1: 0.7014, Val Loss: 0.1898
2025-07-30 12:23:05,230: Landmark 3 | Epoch 4/20 | Train Loss: 0.1903 | Val Loss: 0.1849 | Validation AUC: 0.9524 | F1-Score: 0.7183
2025-07-30 12:23:06,249: New best model saved at /cluster/work/projects/ec12/michechi/cache/best/best_model_answerdotai_ModernBERT-large_4550_landmark3_compact_narrative_3_1024_all_landmarks_True_20250730_111504_.pt with AUC: 0.9524, F1: 0.7183, Val Loss: 0.1849
2025-07-30 12:40:04,826: Landmark 3 | Epoch 5/20 | Train Loss: 0.1770 | Val Loss: 0.1892 | Validation AUC: 0.9512 | F1-Score: 0.6911
2025-07-30 12:40:04,826: No improvement in epoch 5. Current best AUC: 0.9524, F1: 0.7183, Val Loss: 0.1849. Epochs without improvement: 1/1
2025-07-30 12:40:04,826: Early stopping triggered at epoch 5. Best AUC: 0.9524, F1: 0.7183, Val Loss: 0.1849
2025-07-30 12:40:05,532: Tempo impiegato per Landmark 3: 5101.2 secondi
2025-07-30 12:40:05,532: Tempo medio per epoca: 1020.2 secondi
2025-07-30 12:40:05,534: Loading best model from /cluster/work/projects/ec12/michechi/cache/best/best_model_answerdotai_ModernBERT-large_4550_landmark3_compact_narrative_3_1024_all_landmarks_True_20250730_111504_.pt for final evaluation on test set
2025-07-30 12:41:22,759: Final Test AUC (Landmark 3): 0.9460 | Test F1-Score: 0.7252
2025-07-30 12:41:22,760: Saving results to results_medical_True_answerdotai_ModernBERT-large_visits3_4550_1024_compact_narrative_20250730_124122.csv
Using device: cuda
Using device: cuda
Using device: cuda
   Landmark Val AUC  ... Validation Loss Training Time (s)
0         1  0.8343  ...          0.3213            2051.4
1         2  0.8811  ...          0.2823            5097.9
2         3  0.9524  ...          0.1849            5101.2

[3 rows x 9 columns]

Job 1836240 consumed 66.5 billing hours from project ec12.

Submitted 2025-07-30T09:11:18; waited 3.0 seconds in the queue after becoming eligible to run.

Requested wallclock time: 1.8 days
Elapsed wallclock time:   3.5 hours

Job exited normally.

Task and CPU statistics:
ID             CPUs  Tasks  CPU util                Start  Elapsed  Exit status
1836240          16            0.0 %  2025-07-30T09:11:21    3.5 h  0
1836240.batch    16      1     7.5 %  2025-07-30T09:11:21    3.5 h  0

Used CPU time:   4.2 CPU hours
Unused CPU time: 2.2 CPU days

Memory statistics, in GiB:
ID              Alloc   Usage
1836240          32.0        
1836240.batch    32.0    14.2

GPU usage stats:
Job 1836240 completed at Wed Jul 30 12:41:27 CEST 2025
