Starting job 1835933 on gpu-9 on fox at Tue Jul 29 12:31:24 CEST 2025

2025-07-29 12:31:44,709: Argument CI: False
2025-07-29 12:31:44,709: Argument all_landmarks: True
2025-07-29 12:31:44,709: Argument batch_size: 8
2025-07-29 12:31:44,709: Argument cache_dir: '/cluster/work/projects/ec12/michechi/cache'
2025-07-29 12:31:44,709: Argument early: 'loss'
2025-07-29 12:31:44,709: Argument epochs: 20
2025-07-29 12:31:44,709: Argument gradient_accumulation_steps: 1
2025-07-29 12:31:44,709: Argument input_csv: '/fp/homes01/u01/ec-michelec/MIMICIV/data/splitted/splitted/landmark_df_evo.csv'
2025-07-29 12:31:44,709: Argument lr: 2e-05
2025-07-29 12:31:44,709: Argument max_length: 512
2025-07-29 12:31:44,709: Argument max_visits: 3
2025-07-29 12:31:44,710: Argument model_name: 'Charangan/MedBERT'
2025-07-29 12:31:44,710: Argument model_type: 'medical'
2025-07-29 12:31:44,710: Argument patience: 1
2025-07-29 12:31:44,710: Argument peft: False
2025-07-29 12:31:44,710: Argument prompt_type: 'full_no_time_rnd'
2025-07-29 12:31:44,710: Argument seed: 9550
2025-07-29 12:31:44,710: Argument test_csv: '/fp/homes01/u01/ec-michelec/MIMICIV/data/splitted/splitted/landmark_evo_test.csv'
2025-07-29 12:31:44,710: Argument train_csv: '/fp/homes01/u01/ec-michelec/MIMICIV/data/splitted/splitted/landmark_evo_train.csv'
2025-07-29 12:31:44,710: Argument use_quantization: False
2025-07-29 12:31:44,710: Argument val_csv: '/fp/homes01/u01/ec-michelec/MIMICIV/data/splitted/splitted/landmark_evo_vali.csv'
2025-07-29 12:31:44,714: Using prompt type: full_no_time_rnd
/fp/homes01/u01/ec-michelec/MIMICIV/src/Finetuning_rfct.py:77: DtypeWarning: Columns (16,17,18,19) have mixed types. Specify dtype option on import or set low_memory=False.
  full_train_df = pd.read_csv(args.train_csv, na_values=['', 'None', 'NaN', 'na', 'nan']).fillna('')
/fp/homes01/u01/ec-michelec/MIMICIV/src/Finetuning_rfct.py:79: DtypeWarning: Columns (16,17,18,19) have mixed types. Specify dtype option on import or set low_memory=False.
  full_test_df = pd.read_csv(args.test_csv, na_values=['', 'None', 'NaN', 'na', 'nan']).fillna('')
2025-07-29 12:32:21,950: Processing all landmarks from 1 to 3
2025-07-29 12:32:21,950: Preparing data for Landmark 1
/fp/projects01/ec30/software/easybuild/software/nlpl-pytorch/2.1.2-foss-2022b-cuda-12.0.0-Python-3.10.8/lib/python3.10/site-packages/torch/_utils.py:831: UserWarning: TypedStorage is deprecated. It will be removed in the future and UntypedStorage will be the only storage class. This should only matter to you if you are using storages directly.  To access UntypedStorage directly, use tensor.untyped_storage() instead of tensor.storage()
  return self.fget.__get__(instance, owner)()
Some weights of BertForSequenceClassification were not initialized from the model checkpoint at Charangan/MedBERT and are newly initialized: ['classifier.bias', 'classifier.weight']
You should probably TRAIN this model on a down-stream task to be able to use it for predictions and inference.
2025-07-29 12:32:28,852: Average train text length: 130.90 words
2025-07-29 12:32:28,852: Average validation text length: 130.07 words
2025-07-29 12:32:28,852: Average test text length: 131.65 words
2025-07-29 12:32:28,852: Training on 14472 samples, validating on 1608, testing on 4020 samples
2025-07-29 12:32:40,888: Fine-tuning at Landmark 1
2025-07-29 12:32:41,266: Early stopping criterion: loss
2025-07-29 12:34:49,463: Landmark 1 | Epoch 1/20 | Train Loss: 0.3870 | Val Loss: 0.3672 | Validation AUC: 0.8048 | F1-Score: 0.0000
2025-07-29 12:34:49,828: New best model saved at /cluster/work/projects/ec12/michechi/cache/best/best_model_Charangan_MedBERT_9550_landmark1_full_no_time_rnd_3_512_all_landmarks_True_20250729_123241_.pt with AUC: 0.8048, F1: 0.0000, Val Loss: 0.3672
2025-07-29 12:36:58,189: Landmark 1 | Epoch 2/20 | Train Loss: 0.3380 | Val Loss: 0.3275 | Validation AUC: 0.8206 | F1-Score: 0.3195
2025-07-29 12:36:58,581: New best model saved at /cluster/work/projects/ec12/michechi/cache/best/best_model_Charangan_MedBERT_9550_landmark1_full_no_time_rnd_3_512_all_landmarks_True_20250729_123241_.pt with AUC: 0.8206, F1: 0.3195, Val Loss: 0.3275
2025-07-29 12:39:06,991: Landmark 1 | Epoch 3/20 | Train Loss: 0.3207 | Val Loss: 0.3336 | Validation AUC: 0.8144 | F1-Score: 0.3019
2025-07-29 12:39:06,991: No improvement in epoch 3. Current best AUC: 0.8206, F1: 0.3195, Val Loss: 0.3275. Epochs without improvement: 1/1
2025-07-29 12:39:06,991: Early stopping triggered at epoch 3. Best AUC: 0.8206, F1: 0.3195, Val Loss: 0.3275
2025-07-29 12:39:07,399: Tempo impiegato per Landmark 1: 386.5 secondi
2025-07-29 12:39:07,399: Tempo medio per epoca: 128.8 secondi
2025-07-29 12:39:07,401: Loading best model from /cluster/work/projects/ec12/michechi/cache/best/best_model_Charangan_MedBERT_9550_landmark1_full_no_time_rnd_3_512_all_landmarks_True_20250729_123241_.pt for final evaluation on test set
2025-07-29 12:39:18,053: Final Test AUC (Landmark 1): 0.8238 | Test F1-Score: 0.3341
2025-07-29 12:39:18,053: Preparing data for Landmark 2
Using device: cuda
Some weights of BertForSequenceClassification were not initialized from the model checkpoint at Charangan/MedBERT and are newly initialized: ['classifier.bias', 'classifier.weight']
You should probably TRAIN this model on a down-stream task to be able to use it for predictions and inference.
2025-07-29 12:39:25,507: Average train text length: 237.75 words
2025-07-29 12:39:25,507: Average validation text length: 236.84 words
2025-07-29 12:39:25,507: Average test text length: 236.66 words
2025-07-29 12:39:25,507: Training on 14472 samples, validating on 1608, testing on 4020 samples
2025-07-29 12:39:47,764: Fine-tuning at Landmark 2
2025-07-29 12:39:47,769: Early stopping criterion: loss
2025-07-29 12:41:56,490: Landmark 2 | Epoch 1/20 | Train Loss: 0.3789 | Val Loss: 0.3256 | Validation AUC: 0.8575 | F1-Score: 0.4096
2025-07-29 12:41:56,812: New best model saved at /cluster/work/projects/ec12/michechi/cache/best/best_model_Charangan_MedBERT_9550_landmark2_full_no_time_rnd_3_512_all_landmarks_True_20250729_123947_.pt with AUC: 0.8575, F1: 0.4096, Val Loss: 0.3256
2025-07-29 12:44:05,884: Landmark 2 | Epoch 2/20 | Train Loss: 0.3127 | Val Loss: 0.2831 | Validation AUC: 0.8764 | F1-Score: 0.4154
2025-07-29 12:44:06,202: New best model saved at /cluster/work/projects/ec12/michechi/cache/best/best_model_Charangan_MedBERT_9550_landmark2_full_no_time_rnd_3_512_all_landmarks_True_20250729_123947_.pt with AUC: 0.8764, F1: 0.4154, Val Loss: 0.2831
2025-07-29 12:46:15,274: Landmark 2 | Epoch 3/20 | Train Loss: 0.2928 | Val Loss: 0.2903 | Validation AUC: 0.8748 | F1-Score: 0.5185
2025-07-29 12:46:15,274: No improvement in epoch 3. Current best AUC: 0.8764, F1: 0.4154, Val Loss: 0.2831. Epochs without improvement: 1/1
2025-07-29 12:46:15,274: Early stopping triggered at epoch 3. Best AUC: 0.8764, F1: 0.4154, Val Loss: 0.2831
2025-07-29 12:46:15,618: Tempo impiegato per Landmark 2: 387.9 secondi
2025-07-29 12:46:15,618: Tempo medio per epoca: 129.3 secondi
2025-07-29 12:46:15,620: Loading best model from /cluster/work/projects/ec12/michechi/cache/best/best_model_Charangan_MedBERT_9550_landmark2_full_no_time_rnd_3_512_all_landmarks_True_20250729_123947_.pt for final evaluation on test set
2025-07-29 12:46:26,289: Final Test AUC (Landmark 2): 0.8600 | Test F1-Score: 0.3790
2025-07-29 12:46:26,289: Preparing data for Landmark 3
Using device: cuda
Some weights of BertForSequenceClassification were not initialized from the model checkpoint at Charangan/MedBERT and are newly initialized: ['classifier.bias', 'classifier.weight']
You should probably TRAIN this model on a down-stream task to be able to use it for predictions and inference.
2025-07-29 12:46:36,155: Average train text length: 356.21 words
2025-07-29 12:46:36,156: Average validation text length: 351.55 words
2025-07-29 12:46:36,156: Average test text length: 354.77 words
2025-07-29 12:46:36,156: Training on 14472 samples, validating on 1608, testing on 4020 samples
2025-07-29 12:47:09,447: Fine-tuning at Landmark 3
2025-07-29 12:47:09,454: Early stopping criterion: loss
2025-07-29 12:49:16,407: Landmark 3 | Epoch 1/20 | Train Loss: 0.3097 | Val Loss: 0.2459 | Validation AUC: 0.9310 | F1-Score: 0.6383
2025-07-29 12:49:16,729: New best model saved at /cluster/work/projects/ec12/michechi/cache/best/best_model_Charangan_MedBERT_9550_landmark3_full_no_time_rnd_3_512_all_landmarks_True_20250729_124709_.pt with AUC: 0.9310, F1: 0.6383, Val Loss: 0.2459
2025-07-29 12:51:24,055: Landmark 3 | Epoch 2/20 | Train Loss: 0.2386 | Val Loss: 0.2161 | Validation AUC: 0.9362 | F1-Score: 0.6505
2025-07-29 12:51:24,391: New best model saved at /cluster/work/projects/ec12/michechi/cache/best/best_model_Charangan_MedBERT_9550_landmark3_full_no_time_rnd_3_512_all_landmarks_True_20250729_124709_.pt with AUC: 0.9362, F1: 0.6505, Val Loss: 0.2161
2025-07-29 12:53:31,669: Landmark 3 | Epoch 3/20 | Train Loss: 0.2135 | Val Loss: 0.2171 | Validation AUC: 0.9374 | F1-Score: 0.5642
2025-07-29 12:53:31,669: No improvement in epoch 3. Current best AUC: 0.9362, F1: 0.6505, Val Loss: 0.2161. Epochs without improvement: 1/1
2025-07-29 12:53:31,669: Early stopping triggered at epoch 3. Best AUC: 0.9362, F1: 0.6505, Val Loss: 0.2161
2025-07-29 12:53:32,062: Tempo impiegato per Landmark 3: 382.6 secondi
2025-07-29 12:53:32,063: Tempo medio per epoca: 127.5 secondi
2025-07-29 12:53:32,065: Loading best model from /cluster/work/projects/ec12/michechi/cache/best/best_model_Charangan_MedBERT_9550_landmark3_full_no_time_rnd_3_512_all_landmarks_True_20250729_124709_.pt for final evaluation on test set
2025-07-29 12:53:42,387: Final Test AUC (Landmark 3): 0.9328 | Test F1-Score: 0.6445
2025-07-29 12:53:42,408: Saving results to results_medical_True_Charangan_MedBERT_visits3_9550_full_no_time_rnd_20250729_125342.csv
Using device: cuda
   Landmark Val AUC  ... Validation Loss Training Time (s)
0         1  0.8206  ...          0.3275             386.5
1         2  0.8764  ...          0.2831             387.9
2         3  0.9362  ...          0.2161             382.6

[3 rows x 9 columns]

Job 1835933 consumed 7.1 billing hours from project ec12.

Submitted 2025-07-29T12:31:02; waited 22.0 seconds in the queue after becoming eligible to run.

Requested wallclock time: 24.0 hours
Elapsed wallclock time:   22.4 minutes

Job exited normally.

Task and CPU statistics:
ID             CPUs  Tasks  CPU util                Start   Elapsed  Exit status
1835933          16            0.0 %  2025-07-29T12:31:24  1346.0 s  0
1835933.batch    16      1     6.2 %  2025-07-29T12:31:24  1346.0 s  0

Used CPU time:   22.2 CPU minutes
Unused CPU time: 5.6 CPU hours

Memory statistics, in GiB:
ID              Alloc   Usage
1835933          32.0        
1835933.batch    32.0    12.8

GPU usage stats:
Job 1835933 completed at Tue Jul 29 12:53:50 CEST 2025
