Starting job 1841262 on gpu-1 on fox at Tue Aug 5 16:22:33 CEST 2025

2025-08-05 16:23:21,176: Argument CI: False
2025-08-05 16:23:21,177: Argument all_landmarks: True
2025-08-05 16:23:21,177: Argument batch_size: 8
2025-08-05 16:23:21,177: Argument cache_dir: '/cluster/work/projects/ec12/michechi/cache'
2025-08-05 16:23:21,177: Argument early: 'loss'
2025-08-05 16:23:21,177: Argument epochs: 20
2025-08-05 16:23:21,177: Argument gradient_accumulation_steps: 1
2025-08-05 16:23:21,177: Argument input_csv: '/fp/homes01/u01/ec-michelec/MIMICIV/data/splitted/splitted/landmark_df_evo.csv'
2025-08-05 16:23:21,177: Argument lr: 2e-05
2025-08-05 16:23:21,177: Argument max_length: 512
2025-08-05 16:23:21,177: Argument max_visits: 3
2025-08-05 16:23:21,177: Argument model_name: 'emilyalsentzer/Bio_ClinicalBERT'
2025-08-05 16:23:21,177: Argument model_type: 'medical'
2025-08-05 16:23:21,177: Argument patience: 1
2025-08-05 16:23:21,177: Argument peft: False
2025-08-05 16:23:21,177: Argument prompt_type: 'no'
2025-08-05 16:23:21,177: Argument seed: 9550
2025-08-05 16:23:21,177: Argument test_csv: '/fp/homes01/u01/ec-michelec/MIMICIV/data/splitted/splitted/landmark_evo_test_dod.csv'
2025-08-05 16:23:21,177: Argument train_csv: '/fp/homes01/u01/ec-michelec/MIMICIV/data/splitted/splitted/landmark_evo_train_dod.csv'
2025-08-05 16:23:21,177: Argument use_quantization: False
2025-08-05 16:23:21,177: Argument val_csv: '/fp/homes01/u01/ec-michelec/MIMICIV/data/splitted/splitted/landmark_evo_vali_dod.csv'
2025-08-05 16:23:21,177: Argument when_counting_death: 'last_visit'
2025-08-05 16:23:21,275: Using prompt type: no
/fp/homes01/u01/ec-michelec/MIMICIV/src/Finetuning_rfct.py:79: DtypeWarning: Columns (16,17,18,19) have mixed types. Specify dtype option on import or set low_memory=False.
  full_train_df = pd.read_csv(args.train_csv, na_values=['', 'None', 'NaN', 'na', 'nan']).fillna('')
/fp/homes01/u01/ec-michelec/MIMICIV/src/Finetuning_rfct.py:81: DtypeWarning: Columns (16,17,18,19) have mixed types. Specify dtype option on import or set low_memory=False.
  full_test_df = pd.read_csv(args.test_csv, na_values=['', 'None', 'NaN', 'na', 'nan']).fillna('')
2025-08-05 16:24:00,989: Processing all landmarks from 1 to 3
2025-08-05 16:24:00,989: Preparing data for Landmark 1
/fp/projects01/ec30/software/easybuild/software/nlpl-pytorch/2.1.2-foss-2022b-cuda-12.0.0-Python-3.10.8/lib/python3.10/site-packages/torch/_utils.py:831: UserWarning: TypedStorage is deprecated. It will be removed in the future and UntypedStorage will be the only storage class. This should only matter to you if you are using storages directly.  To access UntypedStorage directly, use tensor.untyped_storage() instead of tensor.storage()
  return self.fget.__get__(instance, owner)()
Some weights of BertForSequenceClassification were not initialized from the model checkpoint at emilyalsentzer/Bio_ClinicalBERT and are newly initialized: ['classifier.bias', 'classifier.weight']
You should probably TRAIN this model on a down-stream task to be able to use it for predictions and inference.
2025-08-05 16:24:07,351: Average train text length: 330.05 words
2025-08-05 16:24:07,351: Average validation text length: 331.98 words
2025-08-05 16:24:07,351: Average test text length: 329.99 words
2025-08-05 16:24:07,352: Training on 14472 samples, validating on 1608, testing on 4020 samples
2025-08-05 16:24:33,227: Fine-tuning at Landmark 1
2025-08-05 16:24:33,841: Early stopping criterion: loss
2025-08-05 16:26:51,192: Landmark 1 | Epoch 1/20 | Train Loss: 0.3900 | Val Loss: 0.3654 | Validation AUC: 0.8011 | F1-Score: 0.0000
2025-08-05 16:26:51,530: New best model saved at /cluster/work/projects/ec12/michechi/cache/best/best_model_emilyalsentzer_Bio_ClinicalBERT_9550_landmark1_no_3_512_last_visit_all_landmarks_True_20250805_162433_.pt with AUC: 0.8011, F1: 0.0000, Val Loss: 0.3654
2025-08-05 16:29:08,883: Landmark 1 | Epoch 2/20 | Train Loss: 0.3489 | Val Loss: 0.3215 | Validation AUC: 0.8252 | F1-Score: 0.3473
2025-08-05 16:29:09,204: New best model saved at /cluster/work/projects/ec12/michechi/cache/best/best_model_emilyalsentzer_Bio_ClinicalBERT_9550_landmark1_no_3_512_last_visit_all_landmarks_True_20250805_162433_.pt with AUC: 0.8252, F1: 0.3473, Val Loss: 0.3215
2025-08-05 16:31:26,544: Landmark 1 | Epoch 3/20 | Train Loss: 0.3317 | Val Loss: 0.3287 | Validation AUC: 0.8108 | F1-Score: 0.3145
2025-08-05 16:31:26,544: No improvement in epoch 3. Current best AUC: 0.8252, F1: 0.3473, Val Loss: 0.3215. Epochs without improvement: 1/1
2025-08-05 16:31:26,544: Early stopping triggered at epoch 3. Best AUC: 0.8252, F1: 0.3473, Val Loss: 0.3215
2025-08-05 16:31:26,807: Tempo impiegato per Landmark 1: 413.6 secondi
2025-08-05 16:31:26,807: Tempo medio per epoca: 137.9 secondi
2025-08-05 16:31:26,809: Loading best model from /cluster/work/projects/ec12/michechi/cache/best/best_model_emilyalsentzer_Bio_ClinicalBERT_9550_landmark1_no_3_512_last_visit_all_landmarks_True_20250805_162433_.pt for final evaluation on test set
2025-08-05 16:31:38,155: Final Test AUC (Landmark 1): 0.8160 | Test F1-Score: 0.3144
2025-08-05 16:31:38,155: Preparing data for Landmark 2
Using device: cuda
Some weights of BertForSequenceClassification were not initialized from the model checkpoint at emilyalsentzer/Bio_ClinicalBERT and are newly initialized: ['classifier.bias', 'classifier.weight']
You should probably TRAIN this model on a down-stream task to be able to use it for predictions and inference.
2025-08-05 16:31:42,436: Average train text length: 554.04 words
2025-08-05 16:31:42,436: Average validation text length: 557.60 words
2025-08-05 16:31:42,436: Average test text length: 549.55 words
2025-08-05 16:31:42,436: Training on 14472 samples, validating on 1608, testing on 4020 samples
2025-08-05 16:32:26,086: Fine-tuning at Landmark 2
2025-08-05 16:32:26,090: Early stopping criterion: loss
2025-08-05 16:34:41,200: Landmark 2 | Epoch 1/20 | Train Loss: 0.3679 | Val Loss: 0.3277 | Validation AUC: 0.8545 | F1-Score: 0.2898
2025-08-05 16:34:41,532: New best model saved at /cluster/work/projects/ec12/michechi/cache/best/best_model_emilyalsentzer_Bio_ClinicalBERT_9550_landmark2_no_3_512_last_visit_all_landmarks_True_20250805_163226_.pt with AUC: 0.8545, F1: 0.2898, Val Loss: 0.3277
2025-08-05 16:36:57,147: Landmark 2 | Epoch 2/20 | Train Loss: 0.3181 | Val Loss: 0.2964 | Validation AUC: 0.8715 | F1-Score: 0.5217
2025-08-05 16:36:57,475: New best model saved at /cluster/work/projects/ec12/michechi/cache/best/best_model_emilyalsentzer_Bio_ClinicalBERT_9550_landmark2_no_3_512_last_visit_all_landmarks_True_20250805_163226_.pt with AUC: 0.8715, F1: 0.5217, Val Loss: 0.2964
2025-08-05 16:39:12,973: Landmark 2 | Epoch 3/20 | Train Loss: 0.2978 | Val Loss: 0.2992 | Validation AUC: 0.8692 | F1-Score: 0.4919
2025-08-05 16:39:12,974: No improvement in epoch 3. Current best AUC: 0.8715, F1: 0.5217, Val Loss: 0.2964. Epochs without improvement: 1/1
2025-08-05 16:39:12,975: Early stopping triggered at epoch 3. Best AUC: 0.8715, F1: 0.5217, Val Loss: 0.2964
2025-08-05 16:39:13,219: Tempo impiegato per Landmark 2: 407.1 secondi
2025-08-05 16:39:13,219: Tempo medio per epoca: 135.7 secondi
2025-08-05 16:39:13,221: Loading best model from /cluster/work/projects/ec12/michechi/cache/best/best_model_emilyalsentzer_Bio_ClinicalBERT_9550_landmark2_no_3_512_last_visit_all_landmarks_True_20250805_163226_.pt for final evaluation on test set
2025-08-05 16:39:24,058: Final Test AUC (Landmark 2): 0.8534 | Test F1-Score: 0.4987
2025-08-05 16:39:24,058: Preparing data for Landmark 3
Using device: cuda
Some weights of BertForSequenceClassification were not initialized from the model checkpoint at emilyalsentzer/Bio_ClinicalBERT and are newly initialized: ['classifier.bias', 'classifier.weight']
You should probably TRAIN this model on a down-stream task to be able to use it for predictions and inference.
2025-08-05 16:39:29,638: Average train text length: 774.30 words
2025-08-05 16:39:29,638: Average validation text length: 770.48 words
2025-08-05 16:39:29,638: Average test text length: 771.71 words
2025-08-05 16:39:29,639: Training on 14472 samples, validating on 1608, testing on 4020 samples
2025-08-05 16:40:30,407: Fine-tuning at Landmark 3
2025-08-05 16:40:30,415: Early stopping criterion: loss
2025-08-05 16:42:42,662: Landmark 3 | Epoch 1/20 | Train Loss: 0.2898 | Val Loss: 0.2255 | Validation AUC: 0.9355 | F1-Score: 0.6731
2025-08-05 16:42:43,000: New best model saved at /cluster/work/projects/ec12/michechi/cache/best/best_model_emilyalsentzer_Bio_ClinicalBERT_9550_landmark3_no_3_512_last_visit_all_landmarks_True_20250805_164030_.pt with AUC: 0.9355, F1: 0.6731, Val Loss: 0.2255
2025-08-05 16:44:55,710: Landmark 3 | Epoch 2/20 | Train Loss: 0.2249 | Val Loss: 0.2049 | Validation AUC: 0.9426 | F1-Score: 0.6840
2025-08-05 16:44:56,035: New best model saved at /cluster/work/projects/ec12/michechi/cache/best/best_model_emilyalsentzer_Bio_ClinicalBERT_9550_landmark3_no_3_512_last_visit_all_landmarks_True_20250805_164030_.pt with AUC: 0.9426, F1: 0.6840, Val Loss: 0.2049
2025-08-05 16:47:08,794: Landmark 3 | Epoch 3/20 | Train Loss: 0.2028 | Val Loss: 0.2017 | Validation AUC: 0.9429 | F1-Score: 0.7100
2025-08-05 16:47:09,109: New best model saved at /cluster/work/projects/ec12/michechi/cache/best/best_model_emilyalsentzer_Bio_ClinicalBERT_9550_landmark3_no_3_512_last_visit_all_landmarks_True_20250805_164030_.pt with AUC: 0.9429, F1: 0.7100, Val Loss: 0.2017
2025-08-05 16:49:21,826: Landmark 3 | Epoch 4/20 | Train Loss: 0.1887 | Val Loss: 0.2450 | Validation AUC: 0.9355 | F1-Score: 0.6819
2025-08-05 16:49:21,826: No improvement in epoch 4. Current best AUC: 0.9429, F1: 0.7100, Val Loss: 0.2017. Epochs without improvement: 1/1
2025-08-05 16:49:21,826: Early stopping triggered at epoch 4. Best AUC: 0.9429, F1: 0.7100, Val Loss: 0.2017
2025-08-05 16:49:22,079: Tempo impiegato per Landmark 3: 531.7 secondi
2025-08-05 16:49:22,079: Tempo medio per epoca: 132.9 secondi
2025-08-05 16:49:22,081: Loading best model from /cluster/work/projects/ec12/michechi/cache/best/best_model_emilyalsentzer_Bio_ClinicalBERT_9550_landmark3_no_3_512_last_visit_all_landmarks_True_20250805_164030_.pt for final evaluation on test set
2025-08-05 16:49:32,331: Final Test AUC (Landmark 3): 0.9393 | Test F1-Score: 0.6955
2025-08-05 16:49:32,332: Saving results to results_medical_True_emilyalsentzer_Bio_ClinicalBERT_last_visit_visits3_9550_512_no_20250805_164932.csv
Using device: cuda
   Landmark Val AUC  ... Validation Loss Training Time (s)
0         1  0.8252  ...          0.3215             413.6
1         2  0.8715  ...          0.2964             407.1
2         3  0.9429  ...          0.2017             531.7

[3 rows x 9 columns]

Job 1841262 consumed 8.6 billing hours from project ec12.

Submitted 2025-08-05T16:22:12; waited 21.0 seconds in the queue after becoming eligible to run.

Requested wallclock time: 6.0 hours
Elapsed wallclock time:   27.1 minutes

Job exited normally.

Task and CPU statistics:
ID             CPUs  Tasks  CPU util                Start   Elapsed  Exit status
1841262          16            0.0 %  2025-08-05T16:22:33  1625.0 s  0
1841262.batch    16      1     6.1 %  2025-08-05T16:22:33  1625.0 s  0

Used CPU time:   26.3 CPU minutes
Unused CPU time: 6.8 CPU hours

Memory statistics, in GiB:
ID              Alloc   Usage
1841262          32.0        
1841262.batch    32.0    16.0

GPU usage stats:
Job 1841262 completed at Tue Aug 5 16:49:38 CEST 2025
