Starting job 1815999 on gpu-9 on fox at Mon Jul 21 15:43:25 CEST 2025

2025-07-21 15:43:49,023: Argument all_landmarks: False
2025-07-21 15:43:49,024: Argument batch_size: 8
2025-07-21 15:43:49,024: Argument cache_dir: '/cluster/work/projects/ec12/michechi/cache'
2025-07-21 15:43:49,024: Argument early: 'loss'
2025-07-21 15:43:49,024: Argument epochs: 20
2025-07-21 15:43:49,024: Argument gradient_accumulation_steps: 1
2025-07-21 15:43:49,024: Argument input_csv: '/fp/homes01/u01/ec-michelec/MIMICIV/data/splitted/splitted/landmark_df_evo.csv'
2025-07-21 15:43:49,024: Argument lr: 2e-05
2025-07-21 15:43:49,024: Argument max_length: 512
2025-07-21 15:43:49,024: Argument max_visits: 3
2025-07-21 15:43:49,024: Argument model_name: 'emilyalsentzer/Bio_ClinicalBERT'
2025-07-21 15:43:49,024: Argument model_type: 'medbert'
2025-07-21 15:43:49,024: Argument patience: 3
2025-07-21 15:43:49,024: Argument peft: False
2025-07-21 15:43:49,024: Argument prompt_type: 'compact_no_time_rnd'
2025-07-21 15:43:49,024: Argument seed: 9550
2025-07-21 15:43:49,024: Argument test_csv: '/fp/homes01/u01/ec-michelec/MIMICIV/data/splitted/splitted/landmark_evo_test.csv'
2025-07-21 15:43:49,024: Argument train_csv: '/fp/homes01/u01/ec-michelec/MIMICIV/data/splitted/splitted/landmark_evo_train.csv'
2025-07-21 15:43:49,024: Argument use_quantization: False
2025-07-21 15:43:49,024: Argument val_csv: '/fp/homes01/u01/ec-michelec/MIMICIV/data/splitted/splitted/landmark_evo_vali.csv'
/fp/projects01/ec30/software/easybuild/software/nlpl-pytorch/2.1.2-foss-2022b-cuda-12.0.0-Python-3.10.8/lib/python3.10/site-packages/torch/_utils.py:831: UserWarning: TypedStorage is deprecated. It will be removed in the future and UntypedStorage will be the only storage class. This should only matter to you if you are using storages directly.  To access UntypedStorage directly, use tensor.untyped_storage() instead of tensor.storage()
  return self.fget.__get__(instance, owner)()
Some weights of BertForSequenceClassification were not initialized from the model checkpoint at emilyalsentzer/Bio_ClinicalBERT and are newly initialized: ['classifier.bias', 'classifier.weight']
You should probably TRAIN this model on a down-stream task to be able to use it for predictions and inference.
2025-07-21 15:43:52,742: Using prompt type: compact_no_time_rnd
/fp/homes01/u01/ec-michelec/MIMICIV/src/Finetuning.py:459: DtypeWarning: Columns (16,17,18,19) have mixed types. Specify dtype option on import or set low_memory=False.
  full_train_df = pd.read_csv(args.train_csv, na_values=['', 'None', 'NaN', 'na', 'nan']).fillna('')
/fp/homes01/u01/ec-michelec/MIMICIV/src/Finetuning.py:461: DtypeWarning: Columns (16,17,18,19) have mixed types. Specify dtype option on import or set low_memory=False.
  full_test_df = pd.read_csv(args.test_csv, na_values=['', 'None', 'NaN', 'na', 'nan']).fillna('')
2025-07-21 15:44:29,687: Processing only the last landmark visit: 3
2025-07-21 15:44:29,687: Preparing data for Landmark 3
2025-07-21 15:44:35,603: Average train text length: 180.40 words
2025-07-21 15:44:35,603: Average validation text length: 176.07 words
2025-07-21 15:44:35,603: Average test text length: 180.19 words
2025-07-21 15:44:35,603: Training on 14472 samples, validating on 1608, testing on 4020 samples
2025-07-21 15:44:53,857: Fine-tuning at Landmark 3
2025-07-21 15:44:54,224: Early stopping criterion: loss
2025-07-21 15:46:48,138: Landmark 3 | Epoch 1/20 | Train Loss: 0.2857 | Val Loss: 0.2110 | Validation AUC: 0.9406 | F1-Score: 0.6632
2025-07-21 15:48:42,515: Landmark 3 | Epoch 2/20 | Train Loss: 0.2181 | Val Loss: 0.1931 | Validation AUC: 0.9519 | F1-Score: 0.7123
2025-07-21 15:50:37,058: Landmark 3 | Epoch 3/20 | Train Loss: 0.1899 | Val Loss: 0.1863 | Validation AUC: 0.9524 | F1-Score: 0.7361
2025-07-21 15:52:31,561: Landmark 3 | Epoch 4/20 | Train Loss: 0.1688 | Val Loss: 0.1925 | Validation AUC: 0.9521 | F1-Score: 0.7257
2025-07-21 15:54:25,671: Landmark 3 | Epoch 5/20 | Train Loss: 0.1388 | Val Loss: 0.2205 | Validation AUC: 0.9451 | F1-Score: 0.7134
2025-07-21 15:56:19,787: Landmark 3 | Epoch 6/20 | Train Loss: 0.1001 | Val Loss: 0.2999 | Validation AUC: 0.9328 | F1-Score: 0.6883
2025-07-21 15:56:19,787: Early stopping triggered at epoch 6
2025-07-21 15:56:20,204: Tempo impiegato per Landmark 3: 686.3 secondi
2025-07-21 15:56:20,205: Tempo medio per epoca: 114.4 secondi
2025-07-21 15:56:30,217: Final Test AUC (Landmark 3): 0.9474 | Test F1-Score: 0.7298
2025-07-21 15:56:30,218: Saving results to results_medbert_emilyalsentzer_Bio_ClinicalBERT_visits3_9550_compact_no_time_rnd_20250721_155630.csv
Using device: cuda
   Landmark Val AUC  ... Validation Loss Training Time (s)
0         3  0.9524  ...          0.1863             686.3

[1 rows x 9 columns]

Job 1815999 consumed 4.2 billing hours from project ec12.

Submitted 2025-07-21T15:42:57; waited 28.0 seconds in the queue after becoming eligible to run.

Requested wallclock time: 24.0 hours
Elapsed wallclock time:   13.2 minutes

Job exited normally.

Task and CPU statistics:
ID             CPUs  Tasks  CPU util                Start  Elapsed  Exit status
1815999          16            0.0 %  2025-07-21T15:43:25  789.0 s  0
1815999.batch    16      1     6.1 %  2025-07-21T15:43:25  789.0 s  0

Used CPU time:   12.8 CPU minutes
Unused CPU time: 3.3 CPU hours

Memory statistics, in GiB:
ID              Alloc   Usage
1815999          32.0        
1815999.batch    32.0     7.8

GPU usage stats:
Job 1815999 completed at Mon Jul 21 15:56:34 CEST 2025
