Starting job 1853640 on gpu-15 on fox at Wed Aug 13 12:00:13 CEST 2025

2025-08-13 12:00:41,554: Argument CI: False
2025-08-13 12:00:41,554: Argument all_landmarks: True
2025-08-13 12:00:41,554: Argument batch_size: 8
2025-08-13 12:00:41,554: Argument cache_dir: '/cluster/work/projects/ec12/michechi/cache'
2025-08-13 12:00:41,554: Argument early: 'loss'
2025-08-13 12:00:41,554: Argument epochs: 20
2025-08-13 12:00:41,554: Argument gradient_accumulation_steps: 1
2025-08-13 12:00:41,554: Argument input_csv: '/fp/homes01/u01/ec-michelec/MIMICIV/data/splitted/splitted/landmark_df_evo.csv'
2025-08-13 12:00:41,554: Argument lr: 2e-05
2025-08-13 12:00:41,554: Argument max_length: 512
2025-08-13 12:00:41,554: Argument max_visits: 4
2025-08-13 12:00:41,554: Argument model_name: 'Charangan/MedBERT'
2025-08-13 12:00:41,554: Argument model_type: 'medical'
2025-08-13 12:00:41,554: Argument patience: 1
2025-08-13 12:00:41,554: Argument peft: False
2025-08-13 12:00:41,554: Argument prompt_type: 'full_no_time_rnd'
2025-08-13 12:00:41,555: Argument seed: 4550
2025-08-13 12:00:41,555: Argument test_csv: '/fp/homes01/u01/ec-michelec/MIMICIV/data/splitted/splitted/landmark_evo_test_dod.csv'
2025-08-13 12:00:41,555: Argument train_csv: '/fp/homes01/u01/ec-michelec/MIMICIV/data/splitted/splitted/landmark_evo_train_dod.csv'
2025-08-13 12:00:41,555: Argument use_quantization: False
2025-08-13 12:00:41,555: Argument val_csv: '/fp/homes01/u01/ec-michelec/MIMICIV/data/splitted/splitted/landmark_evo_vali_dod.csv'
2025-08-13 12:00:41,555: Argument when_counting_death: 'last_visit'
2025-08-13 12:00:41,586: Using prompt type: full_no_time_rnd
/fp/homes01/u01/ec-michelec/MIMICIV/src/Finetuning_rfct.py:79: DtypeWarning: Columns (16,17,18,19) have mixed types. Specify dtype option on import or set low_memory=False.
  full_train_df = pd.read_csv(args.train_csv, na_values=['', 'None', 'NaN', 'na', 'nan']).fillna('')
/fp/homes01/u01/ec-michelec/MIMICIV/src/Finetuning_rfct.py:81: DtypeWarning: Columns (16,17,18,19) have mixed types. Specify dtype option on import or set low_memory=False.
  full_test_df = pd.read_csv(args.test_csv, na_values=['', 'None', 'NaN', 'na', 'nan']).fillna('')
2025-08-13 12:01:18,994: Processing all landmarks from 1 to 4
2025-08-13 12:01:18,994: Preparing data for Landmark 1
/fp/projects01/ec30/software/easybuild/software/nlpl-pytorch/2.1.2-foss-2022b-cuda-12.0.0-Python-3.10.8/lib/python3.10/site-packages/torch/_utils.py:831: UserWarning: TypedStorage is deprecated. It will be removed in the future and UntypedStorage will be the only storage class. This should only matter to you if you are using storages directly.  To access UntypedStorage directly, use tensor.untyped_storage() instead of tensor.storage()
  return self.fget.__get__(instance, owner)()
Some weights of BertForSequenceClassification were not initialized from the model checkpoint at Charangan/MedBERT and are newly initialized: ['classifier.bias', 'classifier.weight']
You should probably TRAIN this model on a down-stream task to be able to use it for predictions and inference.
2025-08-13 12:01:25,579: Example train text: You are a Doctor.
What is the probability of death in the next 90 days from today for this 43-year-old F patient?

Diagnosis history:
Cellulitis and abscess of trunk; Other postoperative infection; Nausea with vomiting; Hypovolemia; Abscess of intestine; Diverticulitis of colon (without mention of hemorrhage); Removal of other organ (partial) (total) causing abnormal patient reaction, or later complication, without mention of misadventure at time of operation; Methicillin susceptible Staphylococcus aureus in conditions classified elsewhere and of unspecified site; Acute kidney failure, unspecified.
Prescriptions history:
Acetaminophen; NS; Magnesium Citrate; Sodium Chloride 0.9%  Flush; MetRONIDAZOLE (FLagyl); Ondansetron; Hydrocodone-Acetaminophen; Docusate Sodium; D5W; HYDROmorphone (Dilaudid); Vancomycin; Iso-Osmotic Dextrose; Ketorolac; Cephalexin; OxycoDONE (Immediate Release) ; Fluticasone Propionate NASAL; D5 1/2NS; Magnesium Sulfate; Morphine Sulfate; Clindamycin; SW; OxycoDONE-Acetaminophen Elixir; Ciprofloxacin; HydrOXYzine; Maalox/Diphenhydramine/Lidocaine; Potassium Chloride; LR; Promethazine HCl; Metoclopramide; Heparin; Pantoprazole; Potassium Chl 20 mEq / 1000 mL D5 1/2 NS; Insulin; Piperacillin-Tazobactam Na; Lorazepam; Ibuprofen; Hydrocortisone (Rectal) 2.5% Cream; Prochlorperazine; Bupivacaine 0.5%; Calcium Carbonate; Escitalopram Oxalate; Nafcillin.
Procedures history:
Open and other sigmoidectomy.
2025-08-13 12:01:25,656: Average train text length: 131.15 words
2025-08-13 12:01:25,656: Average validation text length: 135.37 words
2025-08-13 12:01:25,656: Average test text length: 132.44 words
2025-08-13 12:01:25,656: Training on 8040 samples, validating on 894, testing on 2234 samples
2025-08-13 12:01:32,189: Fine-tuning at Landmark 1
2025-08-13 12:01:32,555: Early stopping criterion: loss
2025-08-13 12:02:47,559: Landmark 1 | Epoch 1/20 | Train Loss: 0.4906 | Val Loss: 0.3958 | Validation AUC: 0.7937 | F1-Score: 0.3557
2025-08-13 12:02:47,876: New best model saved at /cluster/work/projects/ec12/michechi/cache/best/best_model_Charangan_MedBERT_4550_landmark1_full_no_time_rnd_4_512_last_visit_all_landmarks_True_20250813_120132_.pt with AUC: 0.7937, F1: 0.3557, Val Loss: 0.3958
2025-08-13 12:04:03,079: Landmark 1 | Epoch 2/20 | Train Loss: 0.4070 | Val Loss: 0.3874 | Validation AUC: 0.8212 | F1-Score: 0.4856
2025-08-13 12:04:03,430: New best model saved at /cluster/work/projects/ec12/michechi/cache/best/best_model_Charangan_MedBERT_4550_landmark1_full_no_time_rnd_4_512_last_visit_all_landmarks_True_20250813_120132_.pt with AUC: 0.8212, F1: 0.4856, Val Loss: 0.3874
2025-08-13 12:05:18,767: Landmark 1 | Epoch 3/20 | Train Loss: 0.3825 | Val Loss: 0.3886 | Validation AUC: 0.8126 | F1-Score: 0.0994
2025-08-13 12:05:18,767: No improvement in epoch 3. Current best AUC: 0.8212, F1: 0.4856, Val Loss: 0.3874. Epochs without improvement: 1/1
2025-08-13 12:05:18,767: Early stopping triggered at epoch 3. Best AUC: 0.8212, F1: 0.4856, Val Loss: 0.3874
2025-08-13 12:05:19,040: Tempo impiegato per Landmark 1: 226.8 secondi
2025-08-13 12:05:19,040: Tempo medio per epoca: 75.6 secondi
2025-08-13 12:05:19,042: Loading best model from /cluster/work/projects/ec12/michechi/cache/best/best_model_Charangan_MedBERT_4550_landmark1_full_no_time_rnd_4_512_last_visit_all_landmarks_True_20250813_120132_.pt for final evaluation on test set
2025-08-13 12:05:25,463: Final Test AUC (Landmark 1): 0.7865 | Test F1-Score: 0.4215
2025-08-13 12:05:25,463: Preparing data for Landmark 2
Using device: cuda
Some weights of BertForSequenceClassification were not initialized from the model checkpoint at Charangan/MedBERT and are newly initialized: ['classifier.bias', 'classifier.weight']
You should probably TRAIN this model on a down-stream task to be able to use it for predictions and inference.
2025-08-13 12:05:30,319: Example train text: You are a Doctor.
What is the probability of death in the next 90 days from today for this 43-year-old F patient?

Diagnosis history:
Removal of other organ (partial) (total) causing abnormal patient reaction, or later complication, without mention of misadventure at time of operation; Cellulitis and abscess of trunk; Abscess of intestine; Nausea with vomiting; Other postoperative infection; Diverticulitis of colon (without mention of hemorrhage); Hypovolemia; Diverticulosis of colon (without mention of hemorrhage); Other specified aftercare following surgery; Methicillin susceptible Staphylococcus aureus in conditions classified elsewhere and of unspecified site; Esophageal reflux; Acute kidney failure, unspecified.
Prescriptions history:
NS; Ketorolac; Hydrocodone-Acetaminophen; Pantoprazole; Cephalexin; Acetaminophen; Magnesium Sulfate; Fluticasone Propionate NASAL; Heparin; Fluticasone Propionate NASAL; Iso-Osmotic Dextrose; Metoclopramide; Morphine Sulfate; Ondansetron; Potassium Chloride; D5 1/2NS; Sodium Chloride 0.9%  Flush; Promethazine HCl; MetRONIDAZOLE (FLagyl); Maalox/Diphenhydramine/Lidocaine; Vancomycin; LR; OxycoDONE-Acetaminophen Elixir; Ondansetron ODT; Docusate Sodium; D5W; Magnesium Citrate; SW; Nafcillin; Pantoprazole; Heparin; Ondansetron; Clindamycin; Escitalopram Oxalate; HYDROmorphone (Dilaudid); Potassium Chl 20 mEq / 1000 mL D5 1/2 NS; LR; Ibuprofen; Ranitidine; OxycoDONE (Immediate Release) ; Calcium Carbonate; Ciprofloxacin; Potassium Chl 20 mEq / 1000 mL D5 1/2 NS; Insulin; Piperacillin-Tazobactam Na; Lorazepam; HydrOXYzine; Sodium Chloride 0.9%  Flush; Promethazine; Hydrocortisone (Rectal) 2.5% Cream; Prochlorperazine; Bupivacaine 0.5%; Escitalopram Oxalate; Acetaminophen.
Procedures history:
; Open and other sigmoidectomy.
2025-08-13 12:05:30,452: Average train text length: 239.57 words
2025-08-13 12:05:30,452: Average validation text length: 244.40 words
2025-08-13 12:05:30,452: Average test text length: 240.79 words
2025-08-13 12:05:30,452: Training on 8040 samples, validating on 894, testing on 2234 samples
2025-08-13 12:05:43,018: Fine-tuning at Landmark 2
2025-08-13 12:05:43,022: Early stopping criterion: loss
2025-08-13 12:06:59,069: Landmark 2 | Epoch 1/20 | Train Loss: 0.4797 | Val Loss: 0.3721 | Validation AUC: 0.8235 | F1-Score: 0.3691
2025-08-13 12:06:59,387: New best model saved at /cluster/work/projects/ec12/michechi/cache/best/best_model_Charangan_MedBERT_4550_landmark2_full_no_time_rnd_4_512_last_visit_all_landmarks_True_20250813_120543_.pt with AUC: 0.8235, F1: 0.3691, Val Loss: 0.3721
2025-08-13 12:08:15,502: Landmark 2 | Epoch 2/20 | Train Loss: 0.3875 | Val Loss: 0.3666 | Validation AUC: 0.8437 | F1-Score: 0.5064
2025-08-13 12:08:15,804: New best model saved at /cluster/work/projects/ec12/michechi/cache/best/best_model_Charangan_MedBERT_4550_landmark2_full_no_time_rnd_4_512_last_visit_all_landmarks_True_20250813_120543_.pt with AUC: 0.8437, F1: 0.5064, Val Loss: 0.3666
2025-08-13 12:09:31,943: Landmark 2 | Epoch 3/20 | Train Loss: 0.3678 | Val Loss: 0.3604 | Validation AUC: 0.8380 | F1-Score: 0.3604
2025-08-13 12:09:32,250: New best model saved at /cluster/work/projects/ec12/michechi/cache/best/best_model_Charangan_MedBERT_4550_landmark2_full_no_time_rnd_4_512_last_visit_all_landmarks_True_20250813_120543_.pt with AUC: 0.8380, F1: 0.3604, Val Loss: 0.3604
2025-08-13 12:10:48,363: Landmark 2 | Epoch 4/20 | Train Loss: 0.3394 | Val Loss: 0.3664 | Validation AUC: 0.8362 | F1-Score: 0.4563
2025-08-13 12:10:48,363: No improvement in epoch 4. Current best AUC: 0.8380, F1: 0.3604, Val Loss: 0.3604. Epochs without improvement: 1/1
2025-08-13 12:10:48,363: Early stopping triggered at epoch 4. Best AUC: 0.8380, F1: 0.3604, Val Loss: 0.3604
2025-08-13 12:10:48,610: Tempo impiegato per Landmark 2: 305.6 secondi
2025-08-13 12:10:48,610: Tempo medio per epoca: 76.4 secondi
2025-08-13 12:10:48,612: Loading best model from /cluster/work/projects/ec12/michechi/cache/best/best_model_Charangan_MedBERT_4550_landmark2_full_no_time_rnd_4_512_last_visit_all_landmarks_True_20250813_120543_.pt for final evaluation on test set
2025-08-13 12:10:54,983: Final Test AUC (Landmark 2): 0.8095 | Test F1-Score: 0.2884
2025-08-13 12:10:54,983: Preparing data for Landmark 3
Using device: cuda
Some weights of BertForSequenceClassification were not initialized from the model checkpoint at Charangan/MedBERT and are newly initialized: ['classifier.bias', 'classifier.weight']
You should probably TRAIN this model on a down-stream task to be able to use it for predictions and inference.
2025-08-13 12:11:00,886: Example train text: You are a Doctor.
What is the probability of death in the next 90 days from today for this 46-year-old F patient?

Diagnosis history:
Diverticulitis of colon (without mention of hemorrhage); Nausea with vomiting; Abscess of intestine; Removal of other organ (partial) (total) causing abnormal patient reaction, or later complication, without mention of misadventure at time of operation; Cellulitis and abscess of trunk; Hypovolemia; Other postoperative infection; Chest pain, unspecified; Other specified aftercare following surgery; Orthostatic hypotension; Methicillin susceptible Staphylococcus aureus in conditions classified elsewhere and of unspecified site; Diverticulosis of colon (without mention of hemorrhage); Esophageal reflux; Acute kidney failure, unspecified.
Prescriptions history:
Sodium Chloride 0.9%  Flush; Magnesium Sulfate; NS; Acetaminophen; Sodium Chloride 0.9%  Flush; Potassium Chloride; Escitalopram Oxalate; Vancomycin; Cephalexin; Morphine Sulfate; Potassium Chl 20 mEq / 1000 mL D5 1/2 NS; Promethazine HCl; Ondansetron; Nafcillin; Ketorolac; Magnesium Citrate; Maalox/Diphenhydramine/Lidocaine; Hydrocodone-Acetaminophen; D5 1/2NS; SW; Acetaminophen; LR; Fluticasone Propionate NASAL; OxycoDONE-Acetaminophen Elixir; Pantoprazole; Fluticasone Propionate NASAL; Ranitidine; Docusate Sodium; Pantoprazole; Heparin; Metoclopramide; ; Iso-Osmotic Dextrose; Ibuprofen; D5W; Ondansetron ODT; Clindamycin; MetRONIDAZOLE (FLagyl); HYDROmorphone (Dilaudid); Ondansetron; LR; Escitalopram Oxalate; Heparin; OxycoDONE (Immediate Release) ; Calcium Carbonate; Ciprofloxacin; Potassium Chl 20 mEq / 1000 mL D5 1/2 NS; Insulin; Piperacillin-Tazobactam Na; Lorazepam; HydrOXYzine; Bupivacaine 0.5%; Promethazine; Hydrocortisone (Rectal) 2.5% Cream; Prochlorperazine.
Procedures history:
; Open and other sigmoidectomy; .
2025-08-13 12:11:01,080: Average train text length: 354.70 words
2025-08-13 12:11:01,080: Average validation text length: 359.73 words
2025-08-13 12:11:01,080: Average test text length: 354.60 words
2025-08-13 12:11:01,080: Training on 8040 samples, validating on 894, testing on 2234 samples
2025-08-13 12:11:19,357: Fine-tuning at Landmark 3
2025-08-13 12:11:19,369: Early stopping criterion: loss
2025-08-13 12:12:34,389: Landmark 3 | Epoch 1/20 | Train Loss: 0.4640 | Val Loss: 0.3634 | Validation AUC: 0.8502 | F1-Score: 0.4794
2025-08-13 12:12:34,697: New best model saved at /cluster/work/projects/ec12/michechi/cache/best/best_model_Charangan_MedBERT_4550_landmark3_full_no_time_rnd_4_512_last_visit_all_landmarks_True_20250813_121119_.pt with AUC: 0.8502, F1: 0.4794, Val Loss: 0.3634
2025-08-13 12:13:49,927: Landmark 3 | Epoch 2/20 | Train Loss: 0.3750 | Val Loss: 0.3478 | Validation AUC: 0.8685 | F1-Score: 0.5522
2025-08-13 12:13:50,233: New best model saved at /cluster/work/projects/ec12/michechi/cache/best/best_model_Charangan_MedBERT_4550_landmark3_full_no_time_rnd_4_512_last_visit_all_landmarks_True_20250813_121119_.pt with AUC: 0.8685, F1: 0.5522, Val Loss: 0.3478
2025-08-13 12:15:05,318: Landmark 3 | Epoch 3/20 | Train Loss: 0.3421 | Val Loss: 0.3338 | Validation AUC: 0.8671 | F1-Score: 0.5270
2025-08-13 12:15:05,637: New best model saved at /cluster/work/projects/ec12/michechi/cache/best/best_model_Charangan_MedBERT_4550_landmark3_full_no_time_rnd_4_512_last_visit_all_landmarks_True_20250813_121119_.pt with AUC: 0.8671, F1: 0.5270, Val Loss: 0.3338
2025-08-13 12:16:20,576: Landmark 3 | Epoch 4/20 | Train Loss: 0.3059 | Val Loss: 0.3561 | Validation AUC: 0.8650 | F1-Score: 0.5795
2025-08-13 12:16:20,578: No improvement in epoch 4. Current best AUC: 0.8671, F1: 0.5270, Val Loss: 0.3338. Epochs without improvement: 1/1
2025-08-13 12:16:20,578: Early stopping triggered at epoch 4. Best AUC: 0.8671, F1: 0.5270, Val Loss: 0.3338
2025-08-13 12:16:20,819: Tempo impiegato per Landmark 3: 301.5 secondi
2025-08-13 12:16:20,819: Tempo medio per epoca: 75.4 secondi
2025-08-13 12:16:20,822: Loading best model from /cluster/work/projects/ec12/michechi/cache/best/best_model_Charangan_MedBERT_4550_landmark3_full_no_time_rnd_4_512_last_visit_all_landmarks_True_20250813_121119_.pt for final evaluation on test set
2025-08-13 12:16:26,878: Final Test AUC (Landmark 3): 0.8379 | Test F1-Score: 0.4637
2025-08-13 12:16:26,878: Preparing data for Landmark 4
Using device: cuda
Some weights of BertForSequenceClassification were not initialized from the model checkpoint at Charangan/MedBERT and are newly initialized: ['classifier.bias', 'classifier.weight']
You should probably TRAIN this model on a down-stream task to be able to use it for predictions and inference.
2025-08-13 12:16:34,456: Example train text: You are a Doctor.
What is the probability of death in the next 90 days from today for this 47-year-old F patient?

Diagnosis history:
Nausea with vomiting; Ulceration of intestine; Other and unspecified ovarian cyst; Diverticulitis of colon (without mention of hemorrhage); Chest pain, unspecified; Methicillin susceptible Staphylococcus aureus in conditions classified elsewhere and of unspecified site; Cellulitis and abscess of trunk; Acute kidney failure, unspecified; Orthostatic hypotension; Removal of other organ (partial) (total) causing abnormal patient reaction, or later complication, without mention of misadventure at time of operation; Other specified aftercare following surgery; Esophageal reflux; Diverticulosis of colon (without mention of hemorrhage); Hypovolemia; Other specified disorders of intestine; Abscess of intestine; Anxiety state, unspecified; Esophageal reflux; Diverticulosis of colon (without mention of hemorrhage); Intestinal bypass or anastomosis status; Other postoperative infection.
Prescriptions history:
Hydrocodone-Acetaminophen; SW; Ketorolac; Ketorolac; Fluticasone Propionate NASAL; Acetaminophen; Pantoprazole; Lorazepam; Fluticasone Propionate NASAL; Promethazine; Influenza Virus Vaccine; Ibuprofen; Sodium Chloride 0.9%  Flush; Potassium Chloride; Lorazepam; Acetaminophen; Omeprazole; Docusate Sodium; Magnesium Citrate; Multivitamins; Ondansetron; Vitamin D; Ciprofloxacin; D5 1/2NS; NS; Senna; Sodium Chloride 0.9%  Flush; Ondansetron; Naproxen; Iso-Osmotic Dextrose; ; MetRONIDAZOLE (FLagyl); LR; Maalox/Diphenhydramine/Lidocaine; Escitalopram Oxalate; OxycoDONE (Immediate Release) ; Vancomycin; Bupivacaine 0.5%; 0.9% Sodium Chloride; Docusate Sodium; Nafcillin; Promethazine HCl; Potassium Chl 20 mEq / 1000 mL D5 1/2 NS; Metoclopramide; Ondansetron; Acetaminophen; Cephalexin; Desitin; Heparin; Escitalopram Oxalate; LR; Hydrocortisone (Rectal) 2.5% Cream; Prochlorperazine; Neutra-Phos; Calcium Carbonate; HYDROmorphone (Dilaudid); HYDROmorphone (Dilaudid); HydrOXYzine; Heparin; Fluticasone Propionate NASAL; Morphine Sulfate; 0.45% Sodium Chloride; Heparin; Piperacillin-Tazobactam Na; Insulin; Sodium Chloride 0.9%  Flush; Ranitidine; Ranitidine; D5W; Escitalopram Oxalate; Fish Oil (Omega 3); OxycoDONE-Acetaminophen Elixir; Golytely; Calcium Carbonate; Ondansetron ODT; Pantoprazole; Magnesium Sulfate; Ondansetron ODT; Potassium Chl 20 mEq / 1000 mL D5 1/2 NS; Clindamycin.
Procedures history:
Open and other sigmoidectomy; ; ; Closed [endoscopic] biopsy of large intestine.
2025-08-13 12:16:34,718: Average train text length: 482.72 words
2025-08-13 12:16:34,718: Average validation text length: 487.47 words
2025-08-13 12:16:34,718: Average test text length: 483.07 words
2025-08-13 12:16:34,718: Training on 8040 samples, validating on 894, testing on 2234 samples
2025-08-13 12:16:59,389: Fine-tuning at Landmark 4
2025-08-13 12:16:59,396: Early stopping criterion: loss
2025-08-13 12:18:12,757: Landmark 4 | Epoch 1/20 | Train Loss: 0.4323 | Val Loss: 0.2775 | Validation AUC: 0.9256 | F1-Score: 0.6711
2025-08-13 12:18:13,083: New best model saved at /cluster/work/projects/ec12/michechi/cache/best/best_model_Charangan_MedBERT_4550_landmark4_full_no_time_rnd_4_512_last_visit_all_landmarks_True_20250813_121659_.pt with AUC: 0.9256, F1: 0.6711, Val Loss: 0.2775
2025-08-13 12:19:26,471: Landmark 4 | Epoch 2/20 | Train Loss: 0.3031 | Val Loss: 0.2782 | Validation AUC: 0.9307 | F1-Score: 0.7167
2025-08-13 12:19:26,471: No improvement in epoch 2. Current best AUC: 0.9256, F1: 0.6711, Val Loss: 0.2775. Epochs without improvement: 1/1
2025-08-13 12:19:26,471: Early stopping triggered at epoch 2. Best AUC: 0.9256, F1: 0.6711, Val Loss: 0.2775
2025-08-13 12:19:26,745: Tempo impiegato per Landmark 4: 147.4 secondi
2025-08-13 12:19:26,746: Tempo medio per epoca: 73.7 secondi
2025-08-13 12:19:26,747: Loading best model from /cluster/work/projects/ec12/michechi/cache/best/best_model_Charangan_MedBERT_4550_landmark4_full_no_time_rnd_4_512_last_visit_all_landmarks_True_20250813_121659_.pt for final evaluation on test set
2025-08-13 12:19:32,409: Final Test AUC (Landmark 4): 0.9028 | Test F1-Score: 0.5992
2025-08-13 12:19:32,411: Saving results to results_medical_True_Charangan_MedBERT_last_visit_visits4_4550_512_full_no_time_rnd_20250813_121932.csv
Using device: cuda
   Landmark Val AUC  ... Validation Loss Training Time (s)
0         1  0.8212  ...          0.3874             226.8
1         2  0.8380  ...          0.3604             305.6
2         3  0.8671  ...          0.3338             301.5
3         4  0.9256  ...          0.2775             147.4

[4 rows x 9 columns]

Job 1853640 consumed 6.1 billing hours from project ec12.

Submitted 2025-08-13T12:00:01; waited 12.0 seconds in the queue after becoming eligible to run.

Requested wallclock time: 6.0 hours
Elapsed wallclock time:   19.4 minutes

Job exited normally.

Task and CPU statistics:
ID             CPUs  Tasks  CPU util                Start   Elapsed  Exit status
1853640          16            0.0 %  2025-08-13T12:00:13  1164.0 s  0
1853640.batch    16      1     6.1 %  2025-08-13T12:00:13  1164.0 s  0

Used CPU time:   19.0 CPU minutes
Unused CPU time: 4.9 CPU hours

Memory statistics, in GiB:
ID              Alloc   Usage
1853640          32.0        
1853640.batch    32.0    10.8

Job 1853640 completed at Wed Aug 13 12:19:37 CEST 2025
