Starting job 1839078 on gpu-2 on fox at Mon Aug 4 19:12:31 CEST 2025

2025-08-04 19:13:22,089: Argument CI: False
2025-08-04 19:13:22,089: Argument all_landmarks: True
2025-08-04 19:13:22,089: Argument batch_size: 8
2025-08-04 19:13:22,089: Argument cache_dir: '/cluster/work/projects/ec12/michechi/cache'
2025-08-04 19:13:22,089: Argument early: 'loss'
2025-08-04 19:13:22,089: Argument epochs: 20
2025-08-04 19:13:22,090: Argument gradient_accumulation_steps: 1
2025-08-04 19:13:22,090: Argument input_csv: '/fp/homes01/u01/ec-michelec/MIMICIV/data/splitted/splitted/landmark_df_evo.csv'
2025-08-04 19:13:22,090: Argument lr: 2e-05
2025-08-04 19:13:22,090: Argument max_length: 512
2025-08-04 19:13:22,090: Argument max_visits: 3
2025-08-04 19:13:22,090: Argument model_name: 'emilyalsentzer/Bio_ClinicalBERT'
2025-08-04 19:13:22,090: Argument model_type: 'medical'
2025-08-04 19:13:22,090: Argument patience: 5
2025-08-04 19:13:22,090: Argument peft: False
2025-08-04 19:13:22,090: Argument prompt_type: 'full_no_time_rnd'
2025-08-04 19:13:22,090: Argument seed: 9550
2025-08-04 19:13:22,090: Argument test_csv: '/fp/homes01/u01/ec-michelec/MIMICIV/data/splitted/splitted/landmark_evo_test_dod.csv'
2025-08-04 19:13:22,090: Argument train_csv: '/fp/homes01/u01/ec-michelec/MIMICIV/data/splitted/splitted/landmark_evo_train_dod.csv'
2025-08-04 19:13:22,090: Argument use_quantization: False
2025-08-04 19:13:22,090: Argument val_csv: '/fp/homes01/u01/ec-michelec/MIMICIV/data/splitted/splitted/landmark_evo_vali_dod.csv'
2025-08-04 19:13:22,090: Argument when_counting_death: 'landmark'
2025-08-04 19:13:22,135: Using prompt type: full_no_time_rnd
/fp/homes01/u01/ec-michelec/MIMICIV/src/Finetuning_rfct.py:79: DtypeWarning: Columns (16,17,18,19) have mixed types. Specify dtype option on import or set low_memory=False.
  full_train_df = pd.read_csv(args.train_csv, na_values=['', 'None', 'NaN', 'na', 'nan']).fillna('')
/fp/homes01/u01/ec-michelec/MIMICIV/src/Finetuning_rfct.py:81: DtypeWarning: Columns (16,17,18,19) have mixed types. Specify dtype option on import or set low_memory=False.
  full_test_df = pd.read_csv(args.test_csv, na_values=['', 'None', 'NaN', 'na', 'nan']).fillna('')
2025-08-04 19:14:00,133: Processing all landmarks from 1 to 3
2025-08-04 19:14:00,133: Preparing data for Landmark 1
/fp/projects01/ec30/software/easybuild/software/nlpl-pytorch/2.1.2-foss-2022b-cuda-12.0.0-Python-3.10.8/lib/python3.10/site-packages/torch/_utils.py:831: UserWarning: TypedStorage is deprecated. It will be removed in the future and UntypedStorage will be the only storage class. This should only matter to you if you are using storages directly.  To access UntypedStorage directly, use tensor.untyped_storage() instead of tensor.storage()
  return self.fget.__get__(instance, owner)()
Some weights of BertForSequenceClassification were not initialized from the model checkpoint at emilyalsentzer/Bio_ClinicalBERT and are newly initialized: ['classifier.bias', 'classifier.weight']
You should probably TRAIN this model on a down-stream task to be able to use it for predictions and inference.
2025-08-04 19:14:07,398: Average train text length: 130.90 words
2025-08-04 19:14:07,398: Average validation text length: 130.07 words
2025-08-04 19:14:07,399: Average test text length: 131.65 words
2025-08-04 19:14:07,399: Training on 14472 samples, validating on 1608, testing on 4020 samples
2025-08-04 19:14:20,695: Fine-tuning at Landmark 1
2025-08-04 19:14:22,208: Early stopping criterion: loss
2025-08-04 19:16:38,001: Landmark 1 | Epoch 1/20 | Train Loss: 0.1407 | Val Loss: 0.1293 | Validation AUC: 0.8664 | F1-Score: 0.0000
2025-08-04 19:16:38,330: New best model saved at /cluster/work/projects/ec12/michechi/cache/best/best_model_emilyalsentzer_Bio_ClinicalBERT_9550_landmark1_full_no_time_rnd_3_512_landmark_all_landmarks_True_20250804_191422_.pt with AUC: 0.8664, F1: 0.0000, Val Loss: 0.1293
2025-08-04 19:18:53,607: Landmark 1 | Epoch 2/20 | Train Loss: 0.1110 | Val Loss: 0.1163 | Validation AUC: 0.8876 | F1-Score: 0.0000
2025-08-04 19:18:53,918: New best model saved at /cluster/work/projects/ec12/michechi/cache/best/best_model_emilyalsentzer_Bio_ClinicalBERT_9550_landmark1_full_no_time_rnd_3_512_landmark_all_landmarks_True_20250804_191422_.pt with AUC: 0.8876, F1: 0.0000, Val Loss: 0.1163
2025-08-04 19:21:09,227: Landmark 1 | Epoch 3/20 | Train Loss: 0.1034 | Val Loss: 0.1123 | Validation AUC: 0.8958 | F1-Score: 0.0000
2025-08-04 19:21:09,541: New best model saved at /cluster/work/projects/ec12/michechi/cache/best/best_model_emilyalsentzer_Bio_ClinicalBERT_9550_landmark1_full_no_time_rnd_3_512_landmark_all_landmarks_True_20250804_191422_.pt with AUC: 0.8958, F1: 0.0000, Val Loss: 0.1123
2025-08-04 19:23:24,289: Landmark 1 | Epoch 4/20 | Train Loss: 0.0941 | Val Loss: 0.1207 | Validation AUC: 0.8969 | F1-Score: 0.0000
2025-08-04 19:23:24,289: No improvement in epoch 4. Current best AUC: 0.8958, F1: 0.0000, Val Loss: 0.1123. Epochs without improvement: 1/5
2025-08-04 19:25:39,044: Landmark 1 | Epoch 5/20 | Train Loss: 0.0847 | Val Loss: 0.1207 | Validation AUC: 0.8874 | F1-Score: 0.0000
2025-08-04 19:25:39,044: No improvement in epoch 5. Current best AUC: 0.8958, F1: 0.0000, Val Loss: 0.1123. Epochs without improvement: 2/5
2025-08-04 19:27:53,824: Landmark 1 | Epoch 6/20 | Train Loss: 0.0701 | Val Loss: 0.1286 | Validation AUC: 0.8657 | F1-Score: 0.0000
2025-08-04 19:27:53,825: No improvement in epoch 6. Current best AUC: 0.8958, F1: 0.0000, Val Loss: 0.1123. Epochs without improvement: 3/5
2025-08-04 19:30:08,584: Landmark 1 | Epoch 7/20 | Train Loss: 0.0539 | Val Loss: 0.2133 | Validation AUC: 0.6635 | F1-Score: 0.0615
2025-08-04 19:30:08,584: No improvement in epoch 7. Current best AUC: 0.8958, F1: 0.0000, Val Loss: 0.1123. Epochs without improvement: 4/5
2025-08-04 19:32:23,344: Landmark 1 | Epoch 8/20 | Train Loss: 0.0406 | Val Loss: 0.1935 | Validation AUC: 0.7699 | F1-Score: 0.1750
2025-08-04 19:32:23,344: No improvement in epoch 8. Current best AUC: 0.8958, F1: 0.0000, Val Loss: 0.1123. Epochs without improvement: 5/5
2025-08-04 19:32:23,344: Early stopping triggered at epoch 8. Best AUC: 0.8958, F1: 0.0000, Val Loss: 0.1123
2025-08-04 19:32:23,619: Tempo impiegato per Landmark 1: 1082.9 secondi
2025-08-04 19:32:23,619: Tempo medio per epoca: 135.4 secondi
2025-08-04 19:32:23,621: Loading best model from /cluster/work/projects/ec12/michechi/cache/best/best_model_emilyalsentzer_Bio_ClinicalBERT_9550_landmark1_full_no_time_rnd_3_512_landmark_all_landmarks_True_20250804_191422_.pt for final evaluation on test set
2025-08-04 19:32:34,816: Final Test AUC (Landmark 1): 0.8650 | Test F1-Score: 0.0000
2025-08-04 19:32:34,816: Preparing data for Landmark 2
Using device: cuda
Some weights of BertForSequenceClassification were not initialized from the model checkpoint at emilyalsentzer/Bio_ClinicalBERT and are newly initialized: ['classifier.bias', 'classifier.weight']
You should probably TRAIN this model on a down-stream task to be able to use it for predictions and inference.
2025-08-04 19:32:41,760: Average train text length: 237.75 words
2025-08-04 19:32:41,760: Average validation text length: 236.84 words
2025-08-04 19:32:41,760: Average test text length: 236.66 words
2025-08-04 19:32:41,760: Training on 14472 samples, validating on 1608, testing on 4020 samples
2025-08-04 19:33:06,243: Fine-tuning at Landmark 2
2025-08-04 19:33:06,247: Early stopping criterion: loss
2025-08-04 19:35:22,525: Landmark 2 | Epoch 1/20 | Train Loss: 0.2358 | Val Loss: 0.1828 | Validation AUC: 0.8905 | F1-Score: 0.0000
2025-08-04 19:35:22,844: New best model saved at /cluster/work/projects/ec12/michechi/cache/best/best_model_emilyalsentzer_Bio_ClinicalBERT_9550_landmark2_full_no_time_rnd_3_512_landmark_all_landmarks_True_20250804_193306_.pt with AUC: 0.8905, F1: 0.0000, Val Loss: 0.1828
2025-08-04 19:37:39,215: Landmark 2 | Epoch 2/20 | Train Loss: 0.1979 | Val Loss: 0.1750 | Validation AUC: 0.9000 | F1-Score: 0.2649
2025-08-04 19:37:39,534: New best model saved at /cluster/work/projects/ec12/michechi/cache/best/best_model_emilyalsentzer_Bio_ClinicalBERT_9550_landmark2_full_no_time_rnd_3_512_landmark_all_landmarks_True_20250804_193306_.pt with AUC: 0.9000, F1: 0.2649, Val Loss: 0.1750
2025-08-04 19:39:55,903: Landmark 2 | Epoch 3/20 | Train Loss: 0.1850 | Val Loss: 0.1742 | Validation AUC: 0.9044 | F1-Score: 0.0175
2025-08-04 19:39:56,218: New best model saved at /cluster/work/projects/ec12/michechi/cache/best/best_model_emilyalsentzer_Bio_ClinicalBERT_9550_landmark2_full_no_time_rnd_3_512_landmark_all_landmarks_True_20250804_193306_.pt with AUC: 0.9044, F1: 0.0175, Val Loss: 0.1742
2025-08-04 19:42:12,637: Landmark 2 | Epoch 4/20 | Train Loss: 0.1726 | Val Loss: 0.1722 | Validation AUC: 0.9016 | F1-Score: 0.3333
2025-08-04 19:42:12,958: New best model saved at /cluster/work/projects/ec12/michechi/cache/best/best_model_emilyalsentzer_Bio_ClinicalBERT_9550_landmark2_full_no_time_rnd_3_512_landmark_all_landmarks_True_20250804_193306_.pt with AUC: 0.9016, F1: 0.3333, Val Loss: 0.1722
2025-08-04 19:44:29,062: Landmark 2 | Epoch 5/20 | Train Loss: 0.1527 | Val Loss: 0.1855 | Validation AUC: 0.8878 | F1-Score: 0.4171
2025-08-04 19:44:29,062: No improvement in epoch 5. Current best AUC: 0.9016, F1: 0.3333, Val Loss: 0.1722. Epochs without improvement: 1/5
2025-08-04 19:46:44,989: Landmark 2 | Epoch 6/20 | Train Loss: 0.1244 | Val Loss: 0.2129 | Validation AUC: 0.8737 | F1-Score: 0.4408
2025-08-04 19:46:44,990: No improvement in epoch 6. Current best AUC: 0.9016, F1: 0.3333, Val Loss: 0.1722. Epochs without improvement: 2/5
2025-08-04 19:49:00,878: Landmark 2 | Epoch 7/20 | Train Loss: 0.0882 | Val Loss: 0.2177 | Validation AUC: 0.8879 | F1-Score: 0.3560
2025-08-04 19:49:00,879: No improvement in epoch 7. Current best AUC: 0.9016, F1: 0.3333, Val Loss: 0.1722. Epochs without improvement: 3/5
2025-08-04 19:51:16,800: Landmark 2 | Epoch 8/20 | Train Loss: 0.0563 | Val Loss: 0.2862 | Validation AUC: 0.8632 | F1-Score: 0.3941
2025-08-04 19:51:16,800: No improvement in epoch 8. Current best AUC: 0.9016, F1: 0.3333, Val Loss: 0.1722. Epochs without improvement: 4/5
2025-08-04 19:53:32,680: Landmark 2 | Epoch 9/20 | Train Loss: 0.0375 | Val Loss: 0.3647 | Validation AUC: 0.8494 | F1-Score: 0.3801
2025-08-04 19:53:32,680: No improvement in epoch 9. Current best AUC: 0.9016, F1: 0.3333, Val Loss: 0.1722. Epochs without improvement: 5/5
2025-08-04 19:53:32,680: Early stopping triggered at epoch 9. Best AUC: 0.9016, F1: 0.3333, Val Loss: 0.1722
2025-08-04 19:53:32,925: Tempo impiegato per Landmark 2: 1226.7 secondi
2025-08-04 19:53:32,925: Tempo medio per epoca: 136.3 secondi
2025-08-04 19:53:32,927: Loading best model from /cluster/work/projects/ec12/michechi/cache/best/best_model_emilyalsentzer_Bio_ClinicalBERT_9550_landmark2_full_no_time_rnd_3_512_landmark_all_landmarks_True_20250804_193306_.pt for final evaluation on test set
2025-08-04 19:53:44,115: Final Test AUC (Landmark 2): 0.8814 | Test F1-Score: 0.3807
2025-08-04 19:53:44,115: Preparing data for Landmark 3
Using device: cuda
Some weights of BertForSequenceClassification were not initialized from the model checkpoint at emilyalsentzer/Bio_ClinicalBERT and are newly initialized: ['classifier.bias', 'classifier.weight']
You should probably TRAIN this model on a down-stream task to be able to use it for predictions and inference.
2025-08-04 19:53:54,095: Average train text length: 356.21 words
2025-08-04 19:53:54,095: Average validation text length: 351.55 words
2025-08-04 19:53:54,095: Average test text length: 354.77 words
2025-08-04 19:53:54,095: Training on 14472 samples, validating on 1608, testing on 4020 samples
2025-08-04 19:54:30,434: Fine-tuning at Landmark 3
2025-08-04 19:54:30,441: Early stopping criterion: loss
2025-08-04 19:56:45,043: Landmark 3 | Epoch 1/20 | Train Loss: 0.2971 | Val Loss: 0.2291 | Validation AUC: 0.9342 | F1-Score: 0.6602
2025-08-04 19:56:45,372: New best model saved at /cluster/work/projects/ec12/michechi/cache/best/best_model_emilyalsentzer_Bio_ClinicalBERT_9550_landmark3_full_no_time_rnd_3_512_landmark_all_landmarks_True_20250804_195430_.pt with AUC: 0.9342, F1: 0.6602, Val Loss: 0.2291
2025-08-04 19:59:00,032: Landmark 3 | Epoch 2/20 | Train Loss: 0.2379 | Val Loss: 0.2115 | Validation AUC: 0.9385 | F1-Score: 0.6833
2025-08-04 19:59:00,337: New best model saved at /cluster/work/projects/ec12/michechi/cache/best/best_model_emilyalsentzer_Bio_ClinicalBERT_9550_landmark3_full_no_time_rnd_3_512_landmark_all_landmarks_True_20250804_195430_.pt with AUC: 0.9385, F1: 0.6833, Val Loss: 0.2115
2025-08-04 20:01:14,983: Landmark 3 | Epoch 3/20 | Train Loss: 0.2164 | Val Loss: 0.2058 | Validation AUC: 0.9403 | F1-Score: 0.6812
2025-08-04 20:01:15,285: New best model saved at /cluster/work/projects/ec12/michechi/cache/best/best_model_emilyalsentzer_Bio_ClinicalBERT_9550_landmark3_full_no_time_rnd_3_512_landmark_all_landmarks_True_20250804_195430_.pt with AUC: 0.9403, F1: 0.6812, Val Loss: 0.2058
2025-08-04 20:03:29,594: Landmark 3 | Epoch 4/20 | Train Loss: 0.1989 | Val Loss: 0.2509 | Validation AUC: 0.9397 | F1-Score: 0.6533
2025-08-04 20:03:29,594: No improvement in epoch 4. Current best AUC: 0.9403, F1: 0.6812, Val Loss: 0.2058. Epochs without improvement: 1/5
2025-08-04 20:05:43,862: Landmark 3 | Epoch 5/20 | Train Loss: 0.1699 | Val Loss: 0.2437 | Validation AUC: 0.9390 | F1-Score: 0.6718
2025-08-04 20:05:43,862: No improvement in epoch 5. Current best AUC: 0.9403, F1: 0.6812, Val Loss: 0.2058. Epochs without improvement: 2/5
2025-08-04 20:07:58,069: Landmark 3 | Epoch 6/20 | Train Loss: 0.1329 | Val Loss: 0.2479 | Validation AUC: 0.9307 | F1-Score: 0.6590
2025-08-04 20:07:58,069: No improvement in epoch 6. Current best AUC: 0.9403, F1: 0.6812, Val Loss: 0.2058. Epochs without improvement: 3/5
2025-08-04 20:10:12,232: Landmark 3 | Epoch 7/20 | Train Loss: 0.0935 | Val Loss: 0.2791 | Validation AUC: 0.9107 | F1-Score: 0.6374
2025-08-04 20:10:12,232: No improvement in epoch 7. Current best AUC: 0.9403, F1: 0.6812, Val Loss: 0.2058. Epochs without improvement: 4/5
2025-08-04 20:12:26,585: Landmark 3 | Epoch 8/20 | Train Loss: 0.0626 | Val Loss: 0.3633 | Validation AUC: 0.9176 | F1-Score: 0.6526
2025-08-04 20:12:26,586: No improvement in epoch 8. Current best AUC: 0.9403, F1: 0.6812, Val Loss: 0.2058. Epochs without improvement: 5/5
2025-08-04 20:12:26,586: Early stopping triggered at epoch 8. Best AUC: 0.9403, F1: 0.6812, Val Loss: 0.2058
2025-08-04 20:12:26,828: Tempo impiegato per Landmark 3: 1076.4 secondi
2025-08-04 20:12:26,829: Tempo medio per epoca: 134.5 secondi
2025-08-04 20:12:26,830: Loading best model from /cluster/work/projects/ec12/michechi/cache/best/best_model_emilyalsentzer_Bio_ClinicalBERT_9550_landmark3_full_no_time_rnd_3_512_landmark_all_landmarks_True_20250804_195430_.pt for final evaluation on test set
2025-08-04 20:12:37,603: Final Test AUC (Landmark 3): 0.9318 | Test F1-Score: 0.6647
2025-08-04 20:12:37,604: Saving results to results_medical_True_emilyalsentzer_Bio_ClinicalBERT_landmark_visits3_9550_512_full_no_time_rnd_20250804_201237.csv
Using device: cuda
   Landmark Val AUC  ... Validation Loss Training Time (s)
0         1  0.8958  ...          0.1123            1082.9
1         2  0.9016  ...          0.1722            1226.7
2         3  0.9403  ...          0.2058            1076.4

[3 rows x 9 columns]

Job 1839078 consumed 19.1 billing hours from project ec12.

Submitted 2025-08-04T12:04:29; waited 7.1 hours in the queue after becoming eligible to run.

Requested wallclock time: 6.0 hours
Elapsed wallclock time:   1.0 hours

Job exited normally.

Task and CPU statistics:
ID             CPUs  Tasks  CPU util                Start  Elapsed  Exit status
1839078          16            0.0 %  2025-08-04T19:12:31    1.0 h  0
1839078.batch    16      1     6.1 %  2025-08-04T19:12:31    1.0 h  0

Used CPU time:   59.1 CPU minutes
Unused CPU time: 15.1 CPU hours

Memory statistics, in GiB:
ID              Alloc   Usage
1839078          32.0        
1839078.batch    32.0    12.0

GPU usage stats:
Job 1839078 completed at Mon Aug 4 20:12:43 CEST 2025
