Starting job 1689192 on c1-18 on fox at Thu Jun 12 14:51:36 CEST 2025

2025-06-12 14:51:57,785: Argument input_csv: 'landmark_df.csv'
2025-06-12 14:51:57,785: Argument max_features: 1000
2025-06-12 14:51:57,785: Argument max_visits: 3
2025-06-12 14:51:57,785: Argument output_dir: '/cluster/work/projects/ec403/ec-michechi/Project_M'
2025-06-12 14:51:57,785: Argument prompt_type: 'compact'
2025-06-12 14:51:57,785: Argument random_state: 9550
2025-06-12 14:51:57,785: Argument test_csv: '/cluster/work/projects/ec403/ec-michechi/Project_M/data/landmark_evo_test.csv'
2025-06-12 14:51:57,785: Argument train_csv: '/cluster/work/projects/ec403/ec-michechi/Project_M/data/landmark_evo_train.csv'
2025-06-12 14:51:57,785: Argument val_csv: '/cluster/work/projects/ec403/ec-michechi/Project_M/data/landmark_evo_vali.csv'
2025-06-12 14:51:57,785: Argument vectorizer_type: 'count'
2025-06-12 14:51:57,786: Using data required to create prompt: compact
/fp/homes01/u01/ec-michechi/Project_M/MIMICIV/src/Xgboost_evo.py:220: DtypeWarning: Columns (16,17,18,19) have mixed types. Specify dtype option on import or set low_memory=False.
  full_train_df = pd.read_csv(args.train_csv, na_values=['', 'None', 'NaN', 'na', 'nan']).fillna('')
2025-06-12 14:52:33,820: Processing Landmark Visit: 2
Fitting 5 folds for each of 10 candidates, totalling 50 fits
[CV] END l2_regularization=0, learning_rate=0.01, max_depth=7, max_iter=100, max_leaf_nodes=63, min_samples_leaf=30; total time=178.2min
[CV] END l2_regularization=1.0, learning_rate=0.05, max_depth=3, max_iter=100, max_leaf_nodes=63, min_samples_leaf=30; total time=103.0min
[CV] END l2_regularization=1.0, learning_rate=0.01, max_depth=7, max_iter=100, max_leaf_nodes=15, min_samples_leaf=20; total time=141.9min
[CV] END l2_regularization=0, learning_rate=0.01, max_depth=7, max_iter=100, max_leaf_nodes=63, min_samples_leaf=30; total time=261.2min
[CV] END l2_regularization=1.0, learning_rate=0.01, max_depth=7, max_iter=100, max_leaf_nodes=15, min_samples_leaf=20; total time=116.5min
[CV] END l2_regularization=1.0, learning_rate=0.05, max_depth=3, max_iter=100, max_leaf_nodes=31, min_samples_leaf=30; total time=63.0min
[CV] END l2_regularization=0.1, learning_rate=0.1, max_depth=7, max_iter=500, max_leaf_nodes=31, min_samples_leaf=10; total time=133.1min
[CV] END l2_regularization=0, learning_rate=0.01, max_depth=5, max_iter=100, max_leaf_nodes=15, min_samples_leaf=20; total time=212.7min
[CV] END l2_regularization=1.0, learning_rate=0.05, max_depth=3, max_iter=100, max_leaf_nodes=31, min_samples_leaf=30; total time=117.0min
[CV] END l2_regularization=0, learning_rate=0.01, max_depth=7, max_iter=100, max_leaf_nodes=63, min_samples_leaf=30; total time=285.7min
[CV] END l2_regularization=1.0, learning_rate=0.01, max_depth=7, max_iter=100, max_leaf_nodes=15, min_samples_leaf=20; total time=178.3min
[CV] END l2_regularization=0, learning_rate=0.1, max_depth=None, max_iter=300, max_leaf_nodes=63, min_samples_leaf=20; total time=184.5min
[CV] END l2_regularization=1.0, learning_rate=0.05, max_depth=3, max_iter=100, max_leaf_nodes=63, min_samples_leaf=30; total time=73.6min
[CV] END l2_regularization=1.0, learning_rate=0.01, max_depth=7, max_iter=100, max_leaf_nodes=15, min_samples_leaf=20; total time=113.7min
[CV] END l2_regularization=1.0, learning_rate=0.05, max_depth=3, max_iter=100, max_leaf_nodes=31, min_samples_leaf=30; total time=107.0min
[CV] END l2_regularization=0, learning_rate=0.1, max_depth=None, max_iter=300, max_leaf_nodes=63, min_samples_leaf=20; total time=204.5min
[CV] END l2_regularization=1.0, learning_rate=0.05, max_depth=3, max_iter=100, max_leaf_nodes=63, min_samples_leaf=30; total time=95.7min
[CV] END l2_regularization=0, learning_rate=0.01, max_depth=None, max_iter=300, max_leaf_nodes=15, min_samples_leaf=10; total time=185.4min
[CV] END l2_regularization=0, learning_rate=0.1, max_depth=None, max_iter=300, max_leaf_nodes=63, min_samples_leaf=20; total time=222.5min
[CV] END l2_regularization=0, learning_rate=0.05, max_depth=5, max_iter=300, max_leaf_nodes=15, min_samples_leaf=30; total time=97.8min
[CV] END l2_regularization=1.0, learning_rate=0.05, max_depth=3, max_iter=100, max_leaf_nodes=31, min_samples_leaf=30; total time=167.8min
[CV] END l2_regularization=0.1, learning_rate=0.1, max_depth=7, max_iter=500, max_leaf_nodes=31, min_samples_leaf=10; total time=151.3min
[CV] END l2_regularization=0, learning_rate=0.01, max_depth=5, max_iter=100, max_leaf_nodes=15, min_samples_leaf=20; total time=148.2min
[CV] END l2_regularization=0, learning_rate=0.01, max_depth=None, max_iter=300, max_leaf_nodes=15, min_samples_leaf=10; total time=206.6min
[CV] END l2_regularization=0, learning_rate=0.01, max_depth=5, max_iter=100, max_leaf_nodes=15, min_samples_leaf=20; total time=131.8min
[CV] END l2_regularization=0, learning_rate=0.01, max_depth=5, max_iter=100, max_leaf_nodes=15, min_samples_leaf=20; total time=89.0min
[CV] END l2_regularization=0, learning_rate=0.05, max_depth=5, max_iter=300, max_leaf_nodes=15, min_samples_leaf=30; total time=70.8min
[CV] END l2_regularization=0, learning_rate=0.01, max_depth=None, max_iter=300, max_leaf_nodes=15, min_samples_leaf=10; total time=256.2min
[CV] END l2_regularization=0.1, learning_rate=0.1, max_depth=7, max_iter=500, max_leaf_nodes=31, min_samples_leaf=10; total time=142.8min
[CV] END l2_regularization=0, learning_rate=0.01, max_depth=5, max_iter=100, max_leaf_nodes=15, min_samples_leaf=20; total time=160.4min
[CV] END l2_regularization=0, learning_rate=0.01, max_depth=None, max_iter=300, max_leaf_nodes=15, min_samples_leaf=10; total time=249.7min
[CV] END l2_regularization=0, learning_rate=0.01, max_depth=7, max_iter=100, max_leaf_nodes=63, min_samples_leaf=30; total time=216.2min
[CV] END l2_regularization=0, learning_rate=0.05, max_depth=5, max_iter=300, max_leaf_nodes=15, min_samples_leaf=30; total time=187.9min
[CV] END l2_regularization=0, learning_rate=0.01, max_depth=5, max_iter=300, max_leaf_nodes=31, min_samples_leaf=10; total time=156.6min
[CV] END l2_regularization=0, learning_rate=0.1, max_depth=None, max_iter=300, max_leaf_nodes=63, min_samples_leaf=20; total time=166.7min
[CV] END l2_regularization=1.0, learning_rate=0.05, max_depth=3, max_iter=100, max_leaf_nodes=63, min_samples_leaf=30; total time=125.1min
[CV] END l2_regularization=0, learning_rate=0.01, max_depth=None, max_iter=300, max_leaf_nodes=15, min_samples_leaf=10; total time=274.8min
[CV] END l2_regularization=0.1, learning_rate=0.1, max_depth=7, max_iter=500, max_leaf_nodes=31, min_samples_leaf=10; total time=209.3min
[CV] END l2_regularization=0, learning_rate=0.05, max_depth=5, max_iter=300, max_leaf_nodes=15, min_samples_leaf=30; total time=176.7min
[CV] END l2_regularization=0, learning_rate=0.01, max_depth=5, max_iter=300, max_leaf_nodes=31, min_samples_leaf=10; total time=186.9min
[CV] END l2_regularization=0.1, learning_rate=0.1, max_depth=7, max_iter=500, max_leaf_nodes=31, min_samples_leaf=10; total time=153.5min
[CV] END l2_regularization=1.0, learning_rate=0.05, max_depth=3, max_iter=100, max_leaf_nodes=63, min_samples_leaf=30; total time=81.0min
[CV] END l2_regularization=0, learning_rate=0.05, max_depth=5, max_iter=300, max_leaf_nodes=15, min_samples_leaf=30; total time=163.4min
[CV] END l2_regularization=0, learning_rate=0.01, max_depth=5, max_iter=300, max_leaf_nodes=31, min_samples_leaf=10; total time=178.1min
2025-06-13 00:35:18,031: Best Parameters for Landmark: {'min_samples_leaf': 30, 'max_leaf_nodes': 15, 'max_iter': 300, 'max_depth': 5, 'learning_rate': 0.05, 'l2_regularization': 0}
2025-06-13 00:35:46,665: Processing Landmark Visit: 3
Fitting 5 folds for each of 10 candidates, totalling 50 fits
[CV] END l2_regularization=0, learning_rate=0.1, max_depth=None, max_iter=300, max_leaf_nodes=63, min_samples_leaf=20; total time=228.5min
[CV] END l2_regularization=0, learning_rate=0.05, max_depth=5, max_iter=300, max_leaf_nodes=15, min_samples_leaf=30; total time=245.0min
[CV] END l2_regularization=0, learning_rate=0.01, max_depth=7, max_iter=100, max_leaf_nodes=63, min_samples_leaf=30; total time=158.3min
[CV] END l2_regularization=0, learning_rate=0.01, max_depth=5, max_iter=100, max_leaf_nodes=15, min_samples_leaf=20; total time=126.7min
[CV] END l2_regularization=1.0, learning_rate=0.01, max_depth=7, max_iter=100, max_leaf_nodes=15, min_samples_leaf=20; total time=83.2min
[CV] END l2_regularization=1.0, learning_rate=0.05, max_depth=3, max_iter=100, max_leaf_nodes=31, min_samples_leaf=30; total time=111.3min
[CV] END l2_regularization=0.1, learning_rate=0.1, max_depth=7, max_iter=500, max_leaf_nodes=31, min_samples_leaf=10; total time=186.9min
[CV] END l2_regularization=1.0, learning_rate=0.05, max_depth=3, max_iter=100, max_leaf_nodes=63, min_samples_leaf=30; total time=131.2min
[CV] END l2_regularization=0, learning_rate=0.01, max_depth=None, max_iter=300, max_leaf_nodes=15, min_samples_leaf=10; total time=168.1min
[CV] END l2_regularization=0, learning_rate=0.01, max_depth=7, max_iter=100, max_leaf_nodes=63, min_samples_leaf=30; total time=324.9min
[CV] END l2_regularization=1.0, learning_rate=0.05, max_depth=3, max_iter=100, max_leaf_nodes=31, min_samples_leaf=30; total time=75.6min
[CV] END l2_regularization=0, learning_rate=0.01, max_depth=5, max_iter=300, max_leaf_nodes=31, min_samples_leaf=10; total time=180.7min
[CV] END l2_regularization=0, learning_rate=0.1, max_depth=None, max_iter=300, max_leaf_nodes=63, min_samples_leaf=20; total time=306.7min
[CV] END l2_regularization=0, learning_rate=0.01, max_depth=None, max_iter=300, max_leaf_nodes=15, min_samples_leaf=10; total time=180.9min
[CV] END l2_regularization=0, learning_rate=0.01, max_depth=5, max_iter=100, max_leaf_nodes=15, min_samples_leaf=20; total time=44.9min
[CV] END l2_regularization=0, learning_rate=0.01, max_depth=5, max_iter=100, max_leaf_nodes=15, min_samples_leaf=20; total time=125.4min
[CV] END l2_regularization=1.0, learning_rate=0.05, max_depth=3, max_iter=100, max_leaf_nodes=63, min_samples_leaf=30; total time=45.7min
[CV] END l2_regularization=0, learning_rate=0.05, max_depth=5, max_iter=300, max_leaf_nodes=15, min_samples_leaf=30; total time=93.9min
[CV] END l2_regularization=0, learning_rate=0.01, max_depth=None, max_iter=300, max_leaf_nodes=15, min_samples_leaf=10; total time=184.9min
[CV] END l2_regularization=0, learning_rate=0.01, max_depth=7, max_iter=100, max_leaf_nodes=63, min_samples_leaf=30; total time=246.7min
[CV] END l2_regularization=1.0, learning_rate=0.01, max_depth=7, max_iter=100, max_leaf_nodes=15, min_samples_leaf=20; total time=253.0min
[CV] END l2_regularization=0, learning_rate=0.01, max_depth=7, max_iter=100, max_leaf_nodes=63, min_samples_leaf=30; total time=243.7min
[CV] END l2_regularization=1.0, learning_rate=0.01, max_depth=7, max_iter=100, max_leaf_nodes=15, min_samples_leaf=20; total time=135.3min
[CV] END l2_regularization=1.0, learning_rate=0.05, max_depth=3, max_iter=100, max_leaf_nodes=31, min_samples_leaf=30; total time=122.5min
[CV] END l2_regularization=0, learning_rate=0.1, max_depth=None, max_iter=300, max_leaf_nodes=63, min_samples_leaf=20; total time=179.7min
[CV] END l2_regularization=1.0, learning_rate=0.05, max_depth=3, max_iter=100, max_leaf_nodes=63, min_samples_leaf=30; total time=55.3min
[CV] END l2_regularization=0, learning_rate=0.05, max_depth=5, max_iter=300, max_leaf_nodes=15, min_samples_leaf=30; total time=270.9min
[CV] END l2_regularization=0.1, learning_rate=0.1, max_depth=7, max_iter=500, max_leaf_nodes=31, min_samples_leaf=10; total time=135.2min
[CV] END l2_regularization=0, learning_rate=0.01, max_depth=5, max_iter=100, max_leaf_nodes=15, min_samples_leaf=20; total time=80.7min
[CV] END l2_regularization=0, learning_rate=0.05, max_depth=5, max_iter=300, max_leaf_nodes=15, min_samples_leaf=30; total time=303.0min
[CV] END l2_regularization=0, learning_rate=0.01, max_depth=7, max_iter=100, max_leaf_nodes=63, min_samples_leaf=30; total time=266.0min
[CV] END l2_regularization=1.0, learning_rate=0.01, max_depth=7, max_iter=100, max_leaf_nodes=15, min_samples_leaf=20; total time=69.0min
[CV] END l2_regularization=1.0, learning_rate=0.05, max_depth=3, max_iter=100, max_leaf_nodes=31, min_samples_leaf=30; total time=71.1min
[CV] END l2_regularization=1.0, learning_rate=0.05, max_depth=3, max_iter=100, max_leaf_nodes=31, min_samples_leaf=30; total time=119.7min
[CV] END l2_regularization=0, learning_rate=0.01, max_depth=7, max_iter=100, max_leaf_nodes=63, min_samples_leaf=30; total time=308.0min
[CV] END l2_regularization=0, learning_rate=0.01, max_depth=None, max_iter=300, max_leaf_nodes=15, min_samples_leaf=10; total time=224.9min
[CV] END l2_regularization=0.1, learning_rate=0.1, max_depth=7, max_iter=500, max_leaf_nodes=31, min_samples_leaf=10; total time=227.7min
[CV] END l2_regularization=0, learning_rate=0.05, max_depth=5, max_iter=300, max_leaf_nodes=15, min_samples_leaf=30; total time=127.0min
[CV] END l2_regularization=1.0, learning_rate=0.05, max_depth=3, max_iter=100, max_leaf_nodes=31, min_samples_leaf=30; total time=54.7min
[CV] END l2_regularization=0, learning_rate=0.01, max_depth=5, max_iter=300, max_leaf_nodes=31, min_samples_leaf=10; total time=166.7min
2025-06-13 10:22:03,425: Best Parameters for Landmark: {'min_samples_leaf': 20, 'max_leaf_nodes': 63, 'max_iter': 300, 'max_depth': None, 'learning_rate': 0.1, 'l2_regularization': 0}
2025-06-13 10:23:11,413: Results saved to CSV.
   Landmark (Visit Number)  Number of Patients (Test)  ... AUC (Test) F1-Score
0                        2                       4022  ...     0.8519   0.3400
1                        3                       4022  ...     0.9489   0.7361

[2 rows x 5 columns]
[CV] END l2_regularization=0, learning_rate=0.1, max_depth=None, max_iter=300, max_leaf_nodes=63, min_samples_leaf=20; total time=200.2min
[CV] END l2_regularization=1.0, learning_rate=0.05, max_depth=3, max_iter=100, max_leaf_nodes=63, min_samples_leaf=30; total time=109.5min
[CV] END l2_regularization=0, learning_rate=0.01, max_depth=None, max_iter=300, max_leaf_nodes=15, min_samples_leaf=10; total time=140.9min
[CV] END l2_regularization=0, learning_rate=0.01, max_depth=5, max_iter=300, max_leaf_nodes=31, min_samples_leaf=10; total time=132.4min
[CV] END l2_regularization=0.1, learning_rate=0.1, max_depth=7, max_iter=500, max_leaf_nodes=31, min_samples_leaf=10; total time=163.4min
[CV] END l2_regularization=0, learning_rate=0.01, max_depth=5, max_iter=100, max_leaf_nodes=15, min_samples_leaf=20; total time=270.0min
[CV] END l2_regularization=0, learning_rate=0.01, max_depth=5, max_iter=300, max_leaf_nodes=31, min_samples_leaf=10; total time=149.8min
[CV] END l2_regularization=0.1, learning_rate=0.1, max_depth=7, max_iter=500, max_leaf_nodes=31, min_samples_leaf=10; total time=179.1min
[CV] END l2_regularization=1.0, learning_rate=0.05, max_depth=3, max_iter=100, max_leaf_nodes=63, min_samples_leaf=30; total time=91.4min
[CV] END l2_regularization=1.0, learning_rate=0.01, max_depth=7, max_iter=100, max_leaf_nodes=15, min_samples_leaf=20; total time=181.9min
[CV] END l2_regularization=0, learning_rate=0.01, max_depth=5, max_iter=300, max_leaf_nodes=31, min_samples_leaf=10; total time=131.5min
[CV] END l2_regularization=0, learning_rate=0.1, max_depth=None, max_iter=300, max_leaf_nodes=63, min_samples_leaf=20; total time=238.0min
[CV] END l2_regularization=1.0, learning_rate=0.01, max_depth=7, max_iter=100, max_leaf_nodes=15, min_samples_leaf=20; total time=156.5min
[CV] END l2_regularization=0, learning_rate=0.01, max_depth=5, max_iter=300, max_leaf_nodes=31, min_samples_leaf=10; total time=186.9min
[CV] END l2_regularization=0, learning_rate=0.1, max_depth=None, max_iter=300, max_leaf_nodes=63, min_samples_leaf=20; total time=425.5min
[CV] END l2_regularization=0, learning_rate=0.01, max_depth=5, max_iter=300, max_leaf_nodes=31, min_samples_leaf=10; total time=159.1min

Job 1689192 consumed 624.9 billing hours from project ec403.

Submitted 2025-06-12T14:51:35; waited 0.0 seconds in the queue after becoming eligible to run.

Requested wallclock time: 24.0 hours
Elapsed wallclock time:   19.5 hours

Job exited normally.

Task and CPU statistics:
ID             CPUs  Tasks  CPU util                Start  Elapsed  Exit status
1689192          16            0.0 %  2025-06-12T14:51:35   19.5 h  0
1689192.batch    16      1    93.7 %  2025-06-12T14:51:35   19.5 h  0

Used CPU time:   12.2 CPU days
Unused CPU time: 19.7 CPU hours

Memory statistics, in GiB:
ID              Alloc   Usage
1689192         128.0        
1689192.batch   128.0    70.2

Job 1689192 completed at Fri Jun 13 10:23:16 CEST 2025
