Starting job 1815210 on gpu-9 on fox at Mon Jul 21 10:06:22 CEST 2025

2025-07-21 10:06:32,938: Argument all_landmarks: False
2025-07-21 10:06:32,939: Argument batch_size: 2
2025-07-21 10:06:32,939: Argument cache_dir: '/cluster/work/projects/ec12/michechi/cache'
2025-07-21 10:06:32,939: Argument early: 'loss'
2025-07-21 10:06:32,939: Argument epochs: 20
2025-07-21 10:06:32,939: Argument gradient_accumulation_steps: 4
2025-07-21 10:06:32,939: Argument input_csv: '/fp/homes01/u01/ec-michelec/MIMICIV/data/splitted/splitted/landmark_df_evo.csv'
2025-07-21 10:06:32,939: Argument lr: 2e-05
2025-07-21 10:06:32,939: Argument max_length: 2048
2025-07-21 10:06:32,939: Argument max_visits: 3
2025-07-21 10:06:32,939: Argument model_name: 'answerdotai/ModernBERT-large'
2025-07-21 10:06:32,939: Argument model_type: 'medbert'
2025-07-21 10:06:32,939: Argument patience: 3
2025-07-21 10:06:32,939: Argument peft: True
2025-07-21 10:06:32,939: Argument prompt_type: 'compact'
2025-07-21 10:06:32,939: Argument seed: 9550
2025-07-21 10:06:32,939: Argument test_csv: '/fp/homes01/u01/ec-michelec/MIMICIV/data/splitted/splitted/landmark_evo_test.csv'
2025-07-21 10:06:32,939: Argument train_csv: '/fp/homes01/u01/ec-michelec/MIMICIV/data/splitted/splitted/landmark_evo_train.csv'
2025-07-21 10:06:32,939: Argument use_quantization: False
2025-07-21 10:06:32,939: Argument val_csv: '/fp/homes01/u01/ec-michelec/MIMICIV/data/splitted/splitted/landmark_evo_vali.csv'
Some weights of ModernBertForSequenceClassification were not initialized from the model checkpoint at answerdotai/ModernBERT-large and are newly initialized: ['classifier.bias', 'classifier.weight']
You should probably TRAIN this model on a down-stream task to be able to use it for predictions and inference.
2025-07-21 10:06:38,493: Using prompt type: compact
/fp/homes01/u01/ec-michelec/MIMICIV/src/Finetuning.py:459: DtypeWarning: Columns (16,17,18,19) have mixed types. Specify dtype option on import or set low_memory=False.
  full_train_df = pd.read_csv(args.train_csv, na_values=['', 'None', 'NaN', 'na', 'nan']).fillna('')
/fp/homes01/u01/ec-michelec/MIMICIV/src/Finetuning.py:461: DtypeWarning: Columns (16,17,18,19) have mixed types. Specify dtype option on import or set low_memory=False.
  full_test_df = pd.read_csv(args.test_csv, na_values=['', 'None', 'NaN', 'na', 'nan']).fillna('')
2025-07-21 10:07:14,006: Processing only the last landmark visit: 3
2025-07-21 10:07:14,006: Preparing data for Landmark 3
2025-07-21 10:07:19,461: Average train text length: 185.98 words
2025-07-21 10:07:19,462: Average validation text length: 182.43 words
2025-07-21 10:07:19,462: Average test text length: 185.50 words
2025-07-21 10:07:19,462: Training on 14472 samples, validating on 1608, testing on 4020 samples
2025-07-21 10:07:36,821: Fine-tuning at Landmark 3
2025-07-21 10:07:36,825: Early stopping criterion: loss
/fp/homes01/u01/ec-michelec/ModernBERT/lib64/python3.9/site-packages/networkx/utils/backends.py:135: RuntimeWarning: networkx backend defined more than once: nx-loopback
  backends.update(_get_backends("networkx.backends"))
2025-07-21 10:48:14,520: Landmark 3 | Epoch 1/20 | Train Loss: 0.0789 | Val Loss: 0.2265 | Validation AUC: 0.9386 | F1-Score: 0.6482
2025-07-21 11:28:16,082: Landmark 3 | Epoch 2/20 | Train Loss: 0.0549 | Val Loss: 0.1987 | Validation AUC: 0.9551 | F1-Score: 0.6702
2025-07-21 12:08:19,502: Landmark 3 | Epoch 3/20 | Train Loss: 0.0511 | Val Loss: 0.2103 | Validation AUC: 0.9541 | F1-Score: 0.5920
2025-07-21 12:48:20,905: Landmark 3 | Epoch 4/20 | Train Loss: 0.0519 | Val Loss: 0.1956 | Validation AUC: 0.9461 | F1-Score: 0.6950
2025-07-21 13:28:15,929: Landmark 3 | Epoch 5/20 | Train Loss: 0.0467 | Val Loss: 0.1770 | Validation AUC: 0.9580 | F1-Score: 0.7238
2025-07-21 14:08:17,583: Landmark 3 | Epoch 6/20 | Train Loss: 0.0424 | Val Loss: 0.1936 | Validation AUC: 0.9539 | F1-Score: 0.7318
2025-07-21 14:48:21,398: Landmark 3 | Epoch 7/20 | Train Loss: 0.0365 | Val Loss: 0.2021 | Validation AUC: 0.9492 | F1-Score: 0.7226
2025-07-21 15:28:25,279: Landmark 3 | Epoch 8/20 | Train Loss: 0.0274 | Val Loss: 0.2502 | Validation AUC: 0.9458 | F1-Score: 0.7136
2025-07-21 15:28:25,280: Early stopping triggered at epoch 8
2025-07-21 15:28:27,158: Tempo impiegato per Landmark 3: 19250.3 secondi
2025-07-21 15:28:27,159: Tempo medio per epoca: 2406.3 secondi
2025-07-21 15:31:35,395: Final Test AUC (Landmark 3): 0.9475 | Test F1-Score: 0.7393
2025-07-21 15:31:35,396: Saving results to results_medbert_answerdotai_ModernBERT-large_visits3_peft_9550_compact_20250721_153135.csv
Using device: cuda
   Landmark Val AUC  ... Validation Loss Training Time (s)
0         3  0.9580  ...          0.1770           19250.3

[1 rows x 9 columns]

Job 1815210 consumed 103.0 billing hours from project ec12.

Submitted 2025-07-21T10:05:56; waited 26.0 seconds in the queue after becoming eligible to run.

Requested wallclock time: 24.0 hours
Elapsed wallclock time:   5.4 hours

Job exited normally.

Task and CPU statistics:
ID             CPUs  Tasks  CPU util                Start  Elapsed  Exit status
1815210          16            0.0 %  2025-07-21T10:06:22    5.4 h  0
1815210.batch    16      1     8.9 %  2025-07-21T10:06:22    5.4 h  0

Used CPU time:   7.7 CPU hours
Unused CPU time: 3.3 CPU days

Memory statistics, in GiB:
ID              Alloc   Usage
1815210          32.0        
1815210.batch    32.0    12.4

GPU usage stats:
Job 1815210 completed at Mon Jul 21 15:31:42 CEST 2025
