Starting job 1672426 on c1-13 on fox at Thu Jun 5 10:13:31 CEST 2025

2025-06-05 10:13:40,593: Argument input_csv: 'landmark_df.csv'
2025-06-05 10:13:40,593: Argument max_features: 1000
2025-06-05 10:13:40,593: Argument max_visits: 3
2025-06-05 10:13:40,593: Argument output_dir: '/cluster/work/projects/ec403/ec-michechi/Project_M'
2025-06-05 10:13:40,593: Argument prompt_type: 'compact'
2025-06-05 10:13:40,593: Argument random_state: 9550
2025-06-05 10:13:40,593: Argument test_csv: '/cluster/work/projects/ec403/ec-michechi/Project_M/data/landmark_evo_test.csv'
2025-06-05 10:13:40,593: Argument train_csv: '/cluster/work/projects/ec403/ec-michechi/Project_M/data/landmark_evo_train.csv'
2025-06-05 10:13:40,593: Argument val_csv: '/cluster/work/projects/ec403/ec-michechi/Project_M/data/landmark_evo_vali.csv'
2025-06-05 10:13:40,593: Argument vectorizer_type: 'count'
/fp/homes01/u01/ec-michechi/Project_M/MIMICIV/src/Xgboost_no_tune.py:203: DtypeWarning: Columns (16,17,18,19) have mixed types. Specify dtype option on import or set low_memory=False.
  full_train_df = pd.read_csv(args.train_csv, na_values=['', 'None', 'NaN', 'na', 'nan']).fillna('')
2025-06-05 10:14:13,179: Processing Landmark Visit: 1
2025-06-05 10:14:13,192: Using hyperparameters for Landmark 1: {'min_samples_leaf': 30, 'max_leaf_nodes': 15, 'max_iter': 300, 'max_depth': 5, 'learning_rate': 0.05, 'l2_regularization': 0}
2025-06-05 10:14:45,546: Processing Landmark Visit: 2
2025-06-05 10:14:45,565: Using hyperparameters for Landmark 2: {'min_samples_leaf': 30, 'max_leaf_nodes': 15, 'max_iter': 300, 'max_depth': 5, 'learning_rate': 0.05, 'l2_regularization': 0}
2025-06-05 10:15:26,537: Processing Landmark Visit: 3
2025-06-05 10:15:26,555: Using hyperparameters for Landmark 3: {'min_samples_leaf': 10, 'max_leaf_nodes': 31, 'max_iter': 500, 'max_depth': 7, 'learning_rate': 0.1, 'l2_regularization': 0.1}
2025-06-05 10:16:20,711: Results saved to CSV.
   Landmark (Visit Number)  Number of Patients (Test)  ... AUC (Test) F1-Score
0                        1                       4022  ...     0.8172   0.2191
1                        2                       4022  ...     0.8531   0.3400
2                        3                       4022  ...     0.9439   0.7169

[3 rows x 5 columns]

Job 1672426 consumed 1.5 billing hours from project ec403.

Submitted 2025-06-05T09:39:38; waited 33.9 minutes in the queue after becoming eligible to run.

Requested wallclock time: 60.0 minutes
Elapsed wallclock time:   2.8 minutes

Job exited normally.

Task and CPU statistics:
ID             CPUs  Tasks  CPU util                Start  Elapsed  Exit status
1672426          16            0.0 %  2025-06-05T10:13:31  170.0 s  0
1672426.batch    16      1    37.3 %  2025-06-05T10:13:31  170.0 s  0

Used CPU time:   16.9 CPU minutes
Unused CPU time: 28.4 CPU minutes

Memory statistics, in GiB:
ID              Alloc   Usage
1672426         128.0        
1672426.batch   128.0     8.2

Job 1672426 completed at Thu Jun 5 10:16:21 CEST 2025
