Starting job 1645413 on c1-13 on fox at Mon May 26 22:55:03 CEST 2025

2025-05-26 22:55:30,320: Processing Landmark Visit: 1
2025-05-26 22:55:42,434: Processing Landmark Visit: 2
2025-05-26 22:55:51,794: Processing Landmark Visit: 3
2025-05-26 22:56:03,095: Results saved to CSV.
   Landmark (Visit Number)  Number of Patients (Test)  ... AUC (Test) F1-Score
0                        1                       4022  ...     0.8203   0.2424
1                        2                       4022  ...     0.8546   0.3896
2                        3                       4022  ...     0.9381   0.7001

[3 rows x 5 columns]

Job 1645413 consumed 0.5 billing hours from project ec403.

Submitted 2025-05-26T22:55:02; waited 1.0 seconds in the queue after becoming eligible to run.

Requested wallclock time: 60.0 minutes
Elapsed wallclock time:   60.0 seconds

Job exited normally.

Task and CPU statistics:
ID             CPUs  Tasks  CPU util                Start  Elapsed  Exit status
1645413          16            0.0 %  2025-05-26T22:55:03   60.0 s  0
1645413.batch    16      1    33.8 %  2025-05-26T22:55:03   60.0 s  0

Used CPU time:   5.4 CPU minutes
Unused CPU time: 10.6 CPU minutes

Memory statistics, in GiB:
ID              Alloc   Usage
1645413         128.0        
1645413.batch   128.0     3.1

Job 1645413 completed at Mon May 26 22:56:03 CEST 2025
