Starting job 1825194 on gpu-12 on fox at Thu Jul 24 14:07:22 CEST 2025

2025-07-24 14:07:54,668: Argument all_landmarks: True
2025-07-24 14:07:54,668: Argument batch_size: 8
2025-07-24 14:07:54,668: Argument cache_dir: '/cluster/work/projects/ec12/michechi/cache'
2025-07-24 14:07:54,668: Argument early: 'loss'
2025-07-24 14:07:54,668: Argument epochs: 20
2025-07-24 14:07:54,668: Argument gradient_accumulation_steps: 1
2025-07-24 14:07:54,668: Argument input_csv: '/fp/homes01/u01/ec-michelec/MIMICIV/data/splitted/splitted/landmark_df_evo.csv'
2025-07-24 14:07:54,668: Argument lr: 2e-05
2025-07-24 14:07:54,668: Argument max_length: 512
2025-07-24 14:07:54,668: Argument max_visits: 3
2025-07-24 14:07:54,668: Argument model_name: 'emilyalsentzer/Bio_ClinicalBERT'
2025-07-24 14:07:54,668: Argument model_type: 'medbert'
2025-07-24 14:07:54,668: Argument patience: 3
2025-07-24 14:07:54,668: Argument peft: False
2025-07-24 14:07:54,668: Argument prompt_type: 'compact'
2025-07-24 14:07:54,668: Argument seed: 9550
2025-07-24 14:07:54,668: Argument test_csv: '/fp/homes01/u01/ec-michelec/MIMICIV/data/splitted/splitted/landmark_evo_test.csv'
2025-07-24 14:07:54,668: Argument train_csv: '/fp/homes01/u01/ec-michelec/MIMICIV/data/splitted/splitted/landmark_evo_train.csv'
2025-07-24 14:07:54,668: Argument use_quantization: False
2025-07-24 14:07:54,668: Argument val_csv: '/fp/homes01/u01/ec-michelec/MIMICIV/data/splitted/splitted/landmark_evo_vali.csv'
/fp/projects01/ec30/software/easybuild/software/nlpl-pytorch/2.1.2-foss-2022b-cuda-12.0.0-Python-3.10.8/lib/python3.10/site-packages/torch/_utils.py:831: UserWarning: TypedStorage is deprecated. It will be removed in the future and UntypedStorage will be the only storage class. This should only matter to you if you are using storages directly.  To access UntypedStorage directly, use tensor.untyped_storage() instead of tensor.storage()
  return self.fget.__get__(instance, owner)()
Some weights of BertForSequenceClassification were not initialized from the model checkpoint at emilyalsentzer/Bio_ClinicalBERT and are newly initialized: ['classifier.bias', 'classifier.weight']
You should probably TRAIN this model on a down-stream task to be able to use it for predictions and inference.
2025-07-24 14:07:57,377: Using prompt type: compact
/fp/homes01/u01/ec-michelec/MIMICIV/src/Finetuning.py:459: DtypeWarning: Columns (16,17,18,19) have mixed types. Specify dtype option on import or set low_memory=False.
  full_train_df = pd.read_csv(args.train_csv, na_values=['', 'None', 'NaN', 'na', 'nan']).fillna('')
/fp/homes01/u01/ec-michelec/MIMICIV/src/Finetuning.py:461: DtypeWarning: Columns (16,17,18,19) have mixed types. Specify dtype option on import or set low_memory=False.
  full_test_df = pd.read_csv(args.test_csv, na_values=['', 'None', 'NaN', 'na', 'nan']).fillna('')
2025-07-24 14:08:34,615: Processing all landmarks from 1 to 3
2025-07-24 14:08:34,615: Preparing data for Landmark 1
2025-07-24 14:08:37,465: Average train text length: 147.90 words
2025-07-24 14:08:37,465: Average validation text length: 147.07 words
2025-07-24 14:08:37,465: Average test text length: 148.65 words
2025-07-24 14:08:37,465: Training on 14472 samples, validating on 1608, testing on 4020 samples
2025-07-24 14:08:51,870: Fine-tuning at Landmark 1
2025-07-24 14:08:52,236: Early stopping criterion: loss
2025-07-24 14:12:57,224: Landmark 1 | Epoch 1/20 | Train Loss: 0.3889 | Val Loss: 0.3692 | Validation AUC: 0.7895 | F1-Score: 0.0000
2025-07-24 14:17:02,743: Landmark 1 | Epoch 2/20 | Train Loss: 0.3510 | Val Loss: 0.3280 | Validation AUC: 0.8168 | F1-Score: 0.3460
2025-07-24 14:21:08,348: Landmark 1 | Epoch 3/20 | Train Loss: 0.3280 | Val Loss: 0.3188 | Validation AUC: 0.8294 | F1-Score: 0.3248
2025-07-24 14:25:13,712: Landmark 1 | Epoch 4/20 | Train Loss: 0.3088 | Val Loss: 0.3213 | Validation AUC: 0.8332 | F1-Score: 0.3858
2025-07-24 14:29:18,688: Landmark 1 | Epoch 5/20 | Train Loss: 0.2836 | Val Loss: 0.3356 | Validation AUC: 0.8229 | F1-Score: 0.4187
2025-07-24 14:33:23,384: Landmark 1 | Epoch 6/20 | Train Loss: 0.2533 | Val Loss: 0.3604 | Validation AUC: 0.7983 | F1-Score: 0.3805
2025-07-24 14:33:23,386: Early stopping triggered at epoch 6
2025-07-24 14:33:23,941: Tempo impiegato per Landmark 1: 1472.1 secondi
2025-07-24 14:33:23,941: Tempo medio per epoca: 245.3 secondi
2025-07-24 14:33:23,943: Loading best model from /cluster/work/projects/ec12/michechi/cache/best/best_model_emilyalsentzer_Bio_ClinicalBERT_landmark1_compact_3_512_all_landmarks_True_20250724_140852_.pt for final evaluation on test set
2025-07-24 14:33:45,236: Final Test AUC (Landmark 1): 0.8270 | Test F1-Score: 0.2956
2025-07-24 14:33:45,237: Preparing data for Landmark 2
2025-07-24 14:33:49,671: Average train text length: 160.05 words
2025-07-24 14:33:49,672: Average validation text length: 159.92 words
2025-07-24 14:33:49,672: Average test text length: 158.18 words
2025-07-24 14:33:49,672: Training on 14472 samples, validating on 1608, testing on 4020 samples
2025-07-24 14:34:05,385: Fine-tuning at Landmark 2
2025-07-24 14:34:05,391: Early stopping criterion: loss
2025-07-24 14:38:10,630: Landmark 2 | Epoch 1/20 | Train Loss: 0.2981 | Val Loss: 0.2736 | Validation AUC: 0.8876 | F1-Score: 0.4464
2025-07-24 14:42:16,123: Landmark 2 | Epoch 2/20 | Train Loss: 0.2944 | Val Loss: 0.2792 | Validation AUC: 0.8833 | F1-Score: 0.4740
2025-07-24 14:46:21,256: Landmark 2 | Epoch 3/20 | Train Loss: 0.2741 | Val Loss: 0.3246 | Validation AUC: 0.8831 | F1-Score: 0.2652
2025-07-24 14:50:26,282: Landmark 2 | Epoch 4/20 | Train Loss: 0.2465 | Val Loss: 0.2926 | Validation AUC: 0.8765 | F1-Score: 0.5195
2025-07-24 14:50:26,282: Early stopping triggered at epoch 4
2025-07-24 14:50:26,682: Tempo impiegato per Landmark 2: 981.3 secondi
2025-07-24 14:50:26,683: Tempo medio per epoca: 245.3 secondi
2025-07-24 14:50:26,684: Loading best model from /cluster/work/projects/ec12/michechi/cache/best/best_model_emilyalsentzer_Bio_ClinicalBERT_landmark2_compact_3_512_all_landmarks_True_20250724_143405_.pt for final evaluation on test set
2025-07-24 14:50:47,895: Final Test AUC (Landmark 2): 0.8606 | Test F1-Score: 0.3833
2025-07-24 14:50:47,895: Preparing data for Landmark 3
2025-07-24 14:50:53,778: Average train text length: 185.98 words
2025-07-24 14:50:53,778: Average validation text length: 182.43 words
2025-07-24 14:50:53,778: Average test text length: 185.50 words
2025-07-24 14:50:53,778: Training on 14472 samples, validating on 1608, testing on 4020 samples
2025-07-24 14:51:11,811: Fine-tuning at Landmark 3
2025-07-24 14:51:11,817: Early stopping criterion: loss
2025-07-24 14:55:17,134: Landmark 3 | Epoch 1/20 | Train Loss: 0.2101 | Val Loss: 0.1954 | Validation AUC: 0.9503 | F1-Score: 0.7202
2025-07-24 14:59:23,213: Landmark 3 | Epoch 2/20 | Train Loss: 0.1935 | Val Loss: 0.1968 | Validation AUC: 0.9499 | F1-Score: 0.6597
2025-07-24 15:03:28,625: Landmark 3 | Epoch 3/20 | Train Loss: 0.1748 | Val Loss: 0.2155 | Validation AUC: 0.9502 | F1-Score: 0.7093
2025-07-24 15:07:34,138: Landmark 3 | Epoch 4/20 | Train Loss: 0.1549 | Val Loss: 0.2154 | Validation AUC: 0.9477 | F1-Score: 0.6989
2025-07-24 15:07:34,138: Early stopping triggered at epoch 4
2025-07-24 15:07:34,483: Tempo impiegato per Landmark 3: 982.7 secondi
2025-07-24 15:07:34,483: Tempo medio per epoca: 245.7 secondi
2025-07-24 15:07:34,485: Loading best model from /cluster/work/projects/ec12/michechi/cache/best/best_model_emilyalsentzer_Bio_ClinicalBERT_landmark3_compact_3_512_all_landmarks_True_20250724_145111_.pt for final evaluation on test set
2025-07-24 15:07:55,685: Final Test AUC (Landmark 3): 0.9467 | Test F1-Score: 0.7245
2025-07-24 15:07:55,712: Saving results to results_medbert_emilyalsentzer_Bio_ClinicalBERT_visits3_9550_compact_20250724_150755.csv
Using device: cuda
Using device: cuda
Using device: cuda
   Landmark Val AUC  ... Validation Loss Training Time (s)
0         1  0.8294  ...          0.3188            1472.1
1         2  0.8876  ...          0.2736             981.3
2         3  0.9503  ...          0.1954             982.7

[3 rows x 9 columns]

Job 1825194 consumed 19.2 billing hours from project ec12.

Submitted 2025-07-24T14:07:02; waited 19.0 seconds in the queue after becoming eligible to run.

Requested wallclock time: 10.0 hours
Elapsed wallclock time:   1.0 hours

Job exited normally.

Task and CPU statistics:
ID             CPUs  Tasks  CPU util                Start  Elapsed  Exit status
1825194          16            0.0 %  2025-07-24T14:07:21    1.0 h  0
1825194.batch    16      1     6.2 %  2025-07-24T14:07:21    1.0 h  0

Used CPU time:   59.9 CPU minutes
Unused CPU time: 15.2 CPU hours

Memory statistics, in GiB:
ID              Alloc   Usage
1825194          32.0        
1825194.batch    32.0     9.5

Job 1825194 completed at Thu Jul 24 15:08:04 CEST 2025
