Starting job 1836031 on gpu-9 on fox at Tue Jul 29 17:14:19 CEST 2025

2025-07-29 17:14:54,636: Argument CI: False
2025-07-29 17:14:54,636: Argument all_landmarks: True
2025-07-29 17:14:54,636: Argument batch_size: 8
2025-07-29 17:14:54,636: Argument cache_dir: '/cluster/work/projects/ec12/michechi/cache'
2025-07-29 17:14:54,636: Argument early: 'loss'
2025-07-29 17:14:54,636: Argument epochs: 20
2025-07-29 17:14:54,636: Argument gradient_accumulation_steps: 1
2025-07-29 17:14:54,636: Argument input_csv: '/fp/homes01/u01/ec-michelec/MIMICIV/data/splitted/splitted/landmark_df_evo.csv'
2025-07-29 17:14:54,636: Argument lr: 2e-05
2025-07-29 17:14:54,636: Argument max_length: 512
2025-07-29 17:14:54,636: Argument max_visits: 3
2025-07-29 17:14:54,637: Argument model_name: 'Charangan/MedBERT'
2025-07-29 17:14:54,637: Argument model_type: 'medical'
2025-07-29 17:14:54,637: Argument patience: 1
2025-07-29 17:14:54,637: Argument peft: False
2025-07-29 17:14:54,637: Argument prompt_type: 'compact_narrative'
2025-07-29 17:14:54,637: Argument seed: 5550
2025-07-29 17:14:54,637: Argument test_csv: '/fp/homes01/u01/ec-michelec/MIMICIV/data/splitted/splitted/landmark_evo_test.csv'
2025-07-29 17:14:54,637: Argument train_csv: '/fp/homes01/u01/ec-michelec/MIMICIV/data/splitted/splitted/landmark_evo_train.csv'
2025-07-29 17:14:54,637: Argument use_quantization: False
2025-07-29 17:14:54,637: Argument val_csv: '/fp/homes01/u01/ec-michelec/MIMICIV/data/splitted/splitted/landmark_evo_vali.csv'
2025-07-29 17:14:54,664: Using prompt type: compact_narrative
/fp/homes01/u01/ec-michelec/MIMICIV/src/Finetuning_rfct.py:79: DtypeWarning: Columns (16,17,18,19) have mixed types. Specify dtype option on import or set low_memory=False.
  full_train_df = pd.read_csv(args.train_csv, na_values=['', 'None', 'NaN', 'na', 'nan']).fillna('')
/fp/homes01/u01/ec-michelec/MIMICIV/src/Finetuning_rfct.py:81: DtypeWarning: Columns (16,17,18,19) have mixed types. Specify dtype option on import or set low_memory=False.
  full_test_df = pd.read_csv(args.test_csv, na_values=['', 'None', 'NaN', 'na', 'nan']).fillna('')
2025-07-29 17:15:32,282: Processing all landmarks from 1 to 3
2025-07-29 17:15:32,282: Preparing data for Landmark 1
/fp/projects01/ec30/software/easybuild/software/nlpl-pytorch/2.1.2-foss-2022b-cuda-12.0.0-Python-3.10.8/lib/python3.10/site-packages/torch/_utils.py:831: UserWarning: TypedStorage is deprecated. It will be removed in the future and UntypedStorage will be the only storage class. This should only matter to you if you are using storages directly.  To access UntypedStorage directly, use tensor.untyped_storage() instead of tensor.storage()
  return self.fget.__get__(instance, owner)()
Some weights of BertForSequenceClassification were not initialized from the model checkpoint at Charangan/MedBERT and are newly initialized: ['classifier.bias', 'classifier.weight']
You should probably TRAIN this model on a down-stream task to be able to use it for predictions and inference.
2025-07-29 17:15:40,811: Average train text length: 151.90 words
2025-07-29 17:15:40,811: Average validation text length: 151.07 words
2025-07-29 17:15:40,811: Average test text length: 152.65 words
2025-07-29 17:15:40,811: Training on 14472 samples, validating on 1608, testing on 4020 samples
2025-07-29 17:15:53,859: Fine-tuning at Landmark 1
2025-07-29 17:15:55,198: Early stopping criterion: loss
2025-07-29 17:18:04,046: Landmark 1 | Epoch 1/20 | Train Loss: 0.4085 | Val Loss: 0.3640 | Validation AUC: 0.8008 | F1-Score: 0.0000
2025-07-29 17:18:04,371: New best model saved at /cluster/work/projects/ec12/michechi/cache/best/best_model_Charangan_MedBERT_5550_landmark1_compact_narrative_3_512_all_landmarks_True_20250729_171555_.pt with AUC: 0.8008, F1: 0.0000, Val Loss: 0.3640
2025-07-29 17:20:13,212: Landmark 1 | Epoch 2/20 | Train Loss: 0.3370 | Val Loss: 0.3240 | Validation AUC: 0.8252 | F1-Score: 0.3529
2025-07-29 17:20:13,589: New best model saved at /cluster/work/projects/ec12/michechi/cache/best/best_model_Charangan_MedBERT_5550_landmark1_compact_narrative_3_512_all_landmarks_True_20250729_171555_.pt with AUC: 0.8252, F1: 0.3529, Val Loss: 0.3240
2025-07-29 17:22:22,480: Landmark 1 | Epoch 3/20 | Train Loss: 0.3158 | Val Loss: 0.3262 | Validation AUC: 0.8256 | F1-Score: 0.4267
2025-07-29 17:22:22,482: No improvement in epoch 3. Current best AUC: 0.8252, F1: 0.3529, Val Loss: 0.3240. Epochs without improvement: 1/1
2025-07-29 17:22:22,482: Early stopping triggered at epoch 3. Best AUC: 0.8252, F1: 0.3529, Val Loss: 0.3240
2025-07-29 17:22:22,750: Tempo impiegato per Landmark 1: 388.9 secondi
2025-07-29 17:22:22,750: Tempo medio per epoca: 129.6 secondi
2025-07-29 17:22:22,752: Loading best model from /cluster/work/projects/ec12/michechi/cache/best/best_model_Charangan_MedBERT_5550_landmark1_compact_narrative_3_512_all_landmarks_True_20250729_171555_.pt for final evaluation on test set
2025-07-29 17:22:33,501: Final Test AUC (Landmark 1): 0.8233 | Test F1-Score: 0.3474
2025-07-29 17:22:33,502: Preparing data for Landmark 2
Using device: cuda
Some weights of BertForSequenceClassification were not initialized from the model checkpoint at Charangan/MedBERT and are newly initialized: ['classifier.bias', 'classifier.weight']
You should probably TRAIN this model on a down-stream task to be able to use it for predictions and inference.
2025-07-29 17:22:40,582: Average train text length: 171.18 words
2025-07-29 17:22:40,583: Average validation text length: 171.11 words
2025-07-29 17:22:40,583: Average test text length: 169.35 words
2025-07-29 17:22:40,583: Training on 14472 samples, validating on 1608, testing on 4020 samples
2025-07-29 17:22:55,310: Fine-tuning at Landmark 2
2025-07-29 17:22:55,318: Early stopping criterion: loss
2025-07-29 17:25:04,376: Landmark 2 | Epoch 1/20 | Train Loss: 0.3634 | Val Loss: 0.3073 | Validation AUC: 0.8689 | F1-Score: 0.5000
2025-07-29 17:25:04,713: New best model saved at /cluster/work/projects/ec12/michechi/cache/best/best_model_Charangan_MedBERT_5550_landmark2_compact_narrative_3_512_all_landmarks_True_20250729_172255_.pt with AUC: 0.8689, F1: 0.5000, Val Loss: 0.3073
2025-07-29 17:27:13,928: Landmark 2 | Epoch 2/20 | Train Loss: 0.3080 | Val Loss: 0.2885 | Validation AUC: 0.8833 | F1-Score: 0.5372
2025-07-29 17:27:14,259: New best model saved at /cluster/work/projects/ec12/michechi/cache/best/best_model_Charangan_MedBERT_5550_landmark2_compact_narrative_3_512_all_landmarks_True_20250729_172255_.pt with AUC: 0.8833, F1: 0.5372, Val Loss: 0.2885
2025-07-29 17:29:23,455: Landmark 2 | Epoch 3/20 | Train Loss: 0.2866 | Val Loss: 0.2860 | Validation AUC: 0.8829 | F1-Score: 0.3806
2025-07-29 17:29:23,773: New best model saved at /cluster/work/projects/ec12/michechi/cache/best/best_model_Charangan_MedBERT_5550_landmark2_compact_narrative_3_512_all_landmarks_True_20250729_172255_.pt with AUC: 0.8829, F1: 0.3806, Val Loss: 0.2860
2025-07-29 17:31:32,979: Landmark 2 | Epoch 4/20 | Train Loss: 0.2606 | Val Loss: 0.3001 | Validation AUC: 0.8744 | F1-Score: 0.4990
2025-07-29 17:31:32,979: No improvement in epoch 4. Current best AUC: 0.8829, F1: 0.3806, Val Loss: 0.2860. Epochs without improvement: 1/1
2025-07-29 17:31:32,979: Early stopping triggered at epoch 4. Best AUC: 0.8829, F1: 0.3806, Val Loss: 0.2860
2025-07-29 17:31:33,254: Tempo impiegato per Landmark 2: 517.9 secondi
2025-07-29 17:31:33,254: Tempo medio per epoca: 129.5 secondi
2025-07-29 17:31:33,256: Loading best model from /cluster/work/projects/ec12/michechi/cache/best/best_model_Charangan_MedBERT_5550_landmark2_compact_narrative_3_512_all_landmarks_True_20250729_172255_.pt for final evaluation on test set
2025-07-29 17:31:43,993: Final Test AUC (Landmark 2): 0.8533 | Test F1-Score: 0.2957
2025-07-29 17:31:43,994: Preparing data for Landmark 3
Using device: cuda
Some weights of BertForSequenceClassification were not initialized from the model checkpoint at Charangan/MedBERT and are newly initialized: ['classifier.bias', 'classifier.weight']
You should probably TRAIN this model on a down-stream task to be able to use it for predictions and inference.
2025-07-29 17:31:53,296: Average train text length: 199.70 words
2025-07-29 17:31:53,296: Average validation text length: 196.21 words
2025-07-29 17:31:53,296: Average test text length: 199.22 words
2025-07-29 17:31:53,296: Training on 14472 samples, validating on 1608, testing on 4020 samples
2025-07-29 17:32:10,130: Fine-tuning at Landmark 3
2025-07-29 17:32:10,136: Early stopping criterion: loss
2025-07-29 17:34:19,236: Landmark 3 | Epoch 1/20 | Train Loss: 0.3046 | Val Loss: 0.2146 | Validation AUC: 0.9365 | F1-Score: 0.6724
2025-07-29 17:34:19,561: New best model saved at /cluster/work/projects/ec12/michechi/cache/best/best_model_Charangan_MedBERT_5550_landmark3_compact_narrative_3_512_all_landmarks_True_20250729_173210_.pt with AUC: 0.9365, F1: 0.6724, Val Loss: 0.2146
2025-07-29 17:36:29,194: Landmark 3 | Epoch 2/20 | Train Loss: 0.2099 | Val Loss: 0.2030 | Validation AUC: 0.9444 | F1-Score: 0.7130
2025-07-29 17:36:29,512: New best model saved at /cluster/work/projects/ec12/michechi/cache/best/best_model_Charangan_MedBERT_5550_landmark3_compact_narrative_3_512_all_landmarks_True_20250729_173210_.pt with AUC: 0.9444, F1: 0.7130, Val Loss: 0.2030
2025-07-29 17:38:39,103: Landmark 3 | Epoch 3/20 | Train Loss: 0.1805 | Val Loss: 0.2043 | Validation AUC: 0.9463 | F1-Score: 0.7122
2025-07-29 17:38:39,105: No improvement in epoch 3. Current best AUC: 0.9444, F1: 0.7130, Val Loss: 0.2030. Epochs without improvement: 1/1
2025-07-29 17:38:39,105: Early stopping triggered at epoch 3. Best AUC: 0.9444, F1: 0.7130, Val Loss: 0.2030
2025-07-29 17:38:39,357: Tempo impiegato per Landmark 3: 389.2 secondi
2025-07-29 17:38:39,358: Tempo medio per epoca: 129.7 secondi
2025-07-29 17:38:39,359: Loading best model from /cluster/work/projects/ec12/michechi/cache/best/best_model_Charangan_MedBERT_5550_landmark3_compact_narrative_3_512_all_landmarks_True_20250729_173210_.pt for final evaluation on test set
2025-07-29 17:38:50,115: Final Test AUC (Landmark 3): 0.9435 | Test F1-Score: 0.7122
2025-07-29 17:38:50,117: Saving results to results_medical_True_Charangan_MedBERT_visits3_5550_compact_narrative_20250729_173850.csv
Using device: cuda
   Landmark Val AUC  ... Validation Loss Training Time (s)
0         1  0.8252  ...          0.3240             388.9
1         2  0.8829  ...          0.2860             517.9
2         3  0.9444  ...          0.2030             389.2

[3 rows x 9 columns]

Job 1836031 consumed 7.8 billing hours from project ec12.

Submitted 2025-07-29T17:14:18; waited 0.0 seconds in the queue after becoming eligible to run.

Requested wallclock time: 24.0 hours
Elapsed wallclock time:   24.6 minutes

Job exited normally.

Task and CPU statistics:
ID             CPUs  Tasks  CPU util                Start   Elapsed  Exit status
1836031          16            0.0 %  2025-07-29T17:14:18  1476.0 s  0
1836031.batch    16      1     6.1 %  2025-07-29T17:14:18  1476.0 s  0

Used CPU time:   24.1 CPU minutes
Unused CPU time: 6.2 CPU hours

Memory statistics, in GiB:
ID              Alloc   Usage
1836031          32.0        
1836031.batch    32.0    10.8

GPU usage stats:
Job 1836031 completed at Tue Jul 29 17:38:55 CEST 2025
