Starting job 1841280 on gpu-1 on fox at Tue Aug 5 17:14:37 CEST 2025

2025-08-05 17:15:11,106: Argument CI: False
2025-08-05 17:15:11,106: Argument all_landmarks: True
2025-08-05 17:15:11,106: Argument batch_size: 8
2025-08-05 17:15:11,106: Argument cache_dir: '/cluster/work/projects/ec12/michechi/cache'
2025-08-05 17:15:11,106: Argument early: 'loss'
2025-08-05 17:15:11,106: Argument epochs: 20
2025-08-05 17:15:11,106: Argument gradient_accumulation_steps: 1
2025-08-05 17:15:11,106: Argument input_csv: '/fp/homes01/u01/ec-michelec/MIMICIV/data/splitted/splitted/landmark_df_evo.csv'
2025-08-05 17:15:11,106: Argument lr: 2e-05
2025-08-05 17:15:11,106: Argument max_length: 512
2025-08-05 17:15:11,106: Argument max_visits: 3
2025-08-05 17:15:11,106: Argument model_name: 'Charangan/MedBERT'
2025-08-05 17:15:11,106: Argument model_type: 'medical'
2025-08-05 17:15:11,107: Argument patience: 1
2025-08-05 17:15:11,107: Argument peft: False
2025-08-05 17:15:11,107: Argument prompt_type: 'no'
2025-08-05 17:15:11,107: Argument seed: 5550
2025-08-05 17:15:11,107: Argument test_csv: '/fp/homes01/u01/ec-michelec/MIMICIV/data/splitted/splitted/landmark_evo_test_dod.csv'
2025-08-05 17:15:11,107: Argument train_csv: '/fp/homes01/u01/ec-michelec/MIMICIV/data/splitted/splitted/landmark_evo_train_dod.csv'
2025-08-05 17:15:11,107: Argument use_quantization: False
2025-08-05 17:15:11,107: Argument val_csv: '/fp/homes01/u01/ec-michelec/MIMICIV/data/splitted/splitted/landmark_evo_vali_dod.csv'
2025-08-05 17:15:11,107: Argument when_counting_death: 'last_visit'
2025-08-05 17:15:11,125: Using prompt type: no
/fp/homes01/u01/ec-michelec/MIMICIV/src/Finetuning_rfct.py:79: DtypeWarning: Columns (16,17,18,19) have mixed types. Specify dtype option on import or set low_memory=False.
  full_train_df = pd.read_csv(args.train_csv, na_values=['', 'None', 'NaN', 'na', 'nan']).fillna('')
/fp/homes01/u01/ec-michelec/MIMICIV/src/Finetuning_rfct.py:81: DtypeWarning: Columns (16,17,18,19) have mixed types. Specify dtype option on import or set low_memory=False.
  full_test_df = pd.read_csv(args.test_csv, na_values=['', 'None', 'NaN', 'na', 'nan']).fillna('')
2025-08-05 17:15:48,799: Processing all landmarks from 1 to 3
2025-08-05 17:15:48,799: Preparing data for Landmark 1
/fp/projects01/ec30/software/easybuild/software/nlpl-pytorch/2.1.2-foss-2022b-cuda-12.0.0-Python-3.10.8/lib/python3.10/site-packages/torch/_utils.py:831: UserWarning: TypedStorage is deprecated. It will be removed in the future and UntypedStorage will be the only storage class. This should only matter to you if you are using storages directly.  To access UntypedStorage directly, use tensor.untyped_storage() instead of tensor.storage()
  return self.fget.__get__(instance, owner)()
Some weights of BertForSequenceClassification were not initialized from the model checkpoint at Charangan/MedBERT and are newly initialized: ['classifier.bias', 'classifier.weight']
You should probably TRAIN this model on a down-stream task to be able to use it for predictions and inference.
2025-08-05 17:16:04,462: Average train text length: 330.04 words
2025-08-05 17:16:04,462: Average validation text length: 331.97 words
2025-08-05 17:16:04,462: Average test text length: 329.99 words
2025-08-05 17:16:04,462: Training on 14472 samples, validating on 1608, testing on 4020 samples
2025-08-05 17:16:27,678: Fine-tuning at Landmark 1
2025-08-05 17:16:29,158: Early stopping criterion: loss
2025-08-05 17:18:46,177: Landmark 1 | Epoch 1/20 | Train Loss: 0.4090 | Val Loss: 0.3604 | Validation AUC: 0.7707 | F1-Score: 0.0000
2025-08-05 17:18:46,569: New best model saved at /cluster/work/projects/ec12/michechi/cache/best/best_model_Charangan_MedBERT_5550_landmark1_no_3_512_last_visit_all_landmarks_True_20250805_171629_.pt with AUC: 0.7707, F1: 0.0000, Val Loss: 0.3604
2025-08-05 17:21:03,872: Landmark 1 | Epoch 2/20 | Train Loss: 0.3545 | Val Loss: 0.3295 | Validation AUC: 0.8073 | F1-Score: 0.3052
2025-08-05 17:21:04,173: New best model saved at /cluster/work/projects/ec12/michechi/cache/best/best_model_Charangan_MedBERT_5550_landmark1_no_3_512_last_visit_all_landmarks_True_20250805_171629_.pt with AUC: 0.8073, F1: 0.3052, Val Loss: 0.3295
2025-08-05 17:23:21,566: Landmark 1 | Epoch 3/20 | Train Loss: 0.3367 | Val Loss: 0.3341 | Validation AUC: 0.8161 | F1-Score: 0.4255
2025-08-05 17:23:21,566: No improvement in epoch 3. Current best AUC: 0.8073, F1: 0.3052, Val Loss: 0.3295. Epochs without improvement: 1/1
2025-08-05 17:23:21,566: Early stopping triggered at epoch 3. Best AUC: 0.8073, F1: 0.3052, Val Loss: 0.3295
2025-08-05 17:23:21,811: Tempo impiegato per Landmark 1: 414.1 secondi
2025-08-05 17:23:21,811: Tempo medio per epoca: 138.0 secondi
2025-08-05 17:23:21,813: Loading best model from /cluster/work/projects/ec12/michechi/cache/best/best_model_Charangan_MedBERT_5550_landmark1_no_3_512_last_visit_all_landmarks_True_20250805_171629_.pt for final evaluation on test set
2025-08-05 17:23:33,118: Final Test AUC (Landmark 1): 0.8088 | Test F1-Score: 0.2787
2025-08-05 17:23:33,118: Preparing data for Landmark 2
Using device: cuda
Some weights of BertForSequenceClassification were not initialized from the model checkpoint at Charangan/MedBERT and are newly initialized: ['classifier.bias', 'classifier.weight']
You should probably TRAIN this model on a down-stream task to be able to use it for predictions and inference.
2025-08-05 17:23:37,748: Average train text length: 554.04 words
2025-08-05 17:23:37,748: Average validation text length: 557.60 words
2025-08-05 17:23:37,748: Average test text length: 549.55 words
2025-08-05 17:23:37,748: Training on 14472 samples, validating on 1608, testing on 4020 samples
2025-08-05 17:24:17,527: Fine-tuning at Landmark 2
2025-08-05 17:24:17,531: Early stopping criterion: loss
2025-08-05 17:26:32,187: Landmark 2 | Epoch 1/20 | Train Loss: 0.3913 | Val Loss: 0.3282 | Validation AUC: 0.8351 | F1-Score: 0.3127
2025-08-05 17:26:32,508: New best model saved at /cluster/work/projects/ec12/michechi/cache/best/best_model_Charangan_MedBERT_5550_landmark2_no_3_512_last_visit_all_landmarks_True_20250805_172417_.pt with AUC: 0.8351, F1: 0.3127, Val Loss: 0.3282
2025-08-05 17:28:47,573: Landmark 2 | Epoch 2/20 | Train Loss: 0.3195 | Val Loss: 0.2896 | Validation AUC: 0.8686 | F1-Score: 0.4699
2025-08-05 17:28:47,877: New best model saved at /cluster/work/projects/ec12/michechi/cache/best/best_model_Charangan_MedBERT_5550_landmark2_no_3_512_last_visit_all_landmarks_True_20250805_172417_.pt with AUC: 0.8686, F1: 0.4699, Val Loss: 0.2896
2025-08-05 17:31:03,042: Landmark 2 | Epoch 3/20 | Train Loss: 0.2987 | Val Loss: 0.3036 | Validation AUC: 0.8702 | F1-Score: 0.5367
2025-08-05 17:31:03,043: No improvement in epoch 3. Current best AUC: 0.8686, F1: 0.4699, Val Loss: 0.2896. Epochs without improvement: 1/1
2025-08-05 17:31:03,043: Early stopping triggered at epoch 3. Best AUC: 0.8686, F1: 0.4699, Val Loss: 0.2896
2025-08-05 17:31:03,289: Tempo impiegato per Landmark 2: 405.8 secondi
2025-08-05 17:31:03,290: Tempo medio per epoca: 135.3 secondi
2025-08-05 17:31:03,291: Loading best model from /cluster/work/projects/ec12/michechi/cache/best/best_model_Charangan_MedBERT_5550_landmark2_no_3_512_last_visit_all_landmarks_True_20250805_172417_.pt for final evaluation on test set
2025-08-05 17:31:14,036: Final Test AUC (Landmark 2): 0.8548 | Test F1-Score: 0.4297
2025-08-05 17:31:14,037: Preparing data for Landmark 3
Using device: cuda
Some weights of BertForSequenceClassification were not initialized from the model checkpoint at Charangan/MedBERT and are newly initialized: ['classifier.bias', 'classifier.weight']
You should probably TRAIN this model on a down-stream task to be able to use it for predictions and inference.
2025-08-05 17:31:19,086: Average train text length: 774.30 words
2025-08-05 17:31:19,086: Average validation text length: 770.48 words
2025-08-05 17:31:19,086: Average test text length: 771.71 words
2025-08-05 17:31:19,086: Training on 14472 samples, validating on 1608, testing on 4020 samples
2025-08-05 17:32:14,257: Fine-tuning at Landmark 3
2025-08-05 17:32:14,264: Early stopping criterion: loss
2025-08-05 17:34:26,279: Landmark 3 | Epoch 1/20 | Train Loss: 0.3395 | Val Loss: 0.2450 | Validation AUC: 0.9287 | F1-Score: 0.6695
2025-08-05 17:34:26,599: New best model saved at /cluster/work/projects/ec12/michechi/cache/best/best_model_Charangan_MedBERT_5550_landmark3_no_3_512_last_visit_all_landmarks_True_20250805_173214_.pt with AUC: 0.9287, F1: 0.6695, Val Loss: 0.2450
2025-08-05 17:36:38,972: Landmark 3 | Epoch 2/20 | Train Loss: 0.2371 | Val Loss: 0.2250 | Validation AUC: 0.9329 | F1-Score: 0.6519
2025-08-05 17:36:39,290: New best model saved at /cluster/work/projects/ec12/michechi/cache/best/best_model_Charangan_MedBERT_5550_landmark3_no_3_512_last_visit_all_landmarks_True_20250805_173214_.pt with AUC: 0.9329, F1: 0.6519, Val Loss: 0.2250
2025-08-05 17:38:51,776: Landmark 3 | Epoch 3/20 | Train Loss: 0.2137 | Val Loss: 0.2385 | Validation AUC: 0.9356 | F1-Score: 0.6630
2025-08-05 17:38:51,777: No improvement in epoch 3. Current best AUC: 0.9329, F1: 0.6519, Val Loss: 0.2250. Epochs without improvement: 1/1
2025-08-05 17:38:51,777: Early stopping triggered at epoch 3. Best AUC: 0.9329, F1: 0.6519, Val Loss: 0.2250
2025-08-05 17:38:52,031: Tempo impiegato per Landmark 3: 397.8 secondi
2025-08-05 17:38:52,032: Tempo medio per epoca: 132.6 secondi
2025-08-05 17:38:52,034: Loading best model from /cluster/work/projects/ec12/michechi/cache/best/best_model_Charangan_MedBERT_5550_landmark3_no_3_512_last_visit_all_landmarks_True_20250805_173214_.pt for final evaluation on test set
2025-08-05 17:39:02,269: Final Test AUC (Landmark 3): 0.9269 | Test F1-Score: 0.6691
2025-08-05 17:39:02,270: Saving results to results_medical_True_Charangan_MedBERT_last_visit_visits3_5550_512_no_20250805_173902.csv
Using device: cuda
   Landmark Val AUC  ... Validation Loss Training Time (s)
0         1  0.8073  ...          0.3295             414.1
1         2  0.8686  ...          0.2896             405.8
2         3  0.9329  ...          0.2250             397.8

[3 rows x 9 columns]

Job 1841280 consumed 7.8 billing hours from project ec12.

Submitted 2025-08-05T17:14:16; waited 21.0 seconds in the queue after becoming eligible to run.

Requested wallclock time: 3.0 hours
Elapsed wallclock time:   24.5 minutes

Job exited normally.

Task and CPU statistics:
ID             CPUs  Tasks  CPU util                Start   Elapsed  Exit status
1841280          16            0.0 %  2025-08-05T17:14:37  1471.0 s  0
1841280.batch    16      1     6.1 %  2025-08-05T17:14:37  1471.0 s  0

Used CPU time:   23.9 CPU minutes
Unused CPU time: 6.1 CPU hours

Memory statistics, in GiB:
ID              Alloc   Usage
1841280          32.0        
1841280.batch    32.0    16.5

GPU usage stats:
Job 1841280 completed at Tue Aug 5 17:39:08 CEST 2025
