Starting job 1643400 on gpu-13 on fox at Mon May 26 17:13:37 CEST 2025

2025-05-26 17:14:06,819: Argument batch_size: 8
2025-05-26 17:14:06,819: Argument cache_dir: '/cluster/work/projects/ec403/ec-michechi/Project_M'
2025-05-26 17:14:06,819: Argument epochs: 20
2025-05-26 17:14:06,819: Argument input_csv: 'landmark_df.csv'
2025-05-26 17:14:06,819: Argument lr: 2e-05
2025-05-26 17:14:06,819: Argument max_length: 256
2025-05-26 17:14:06,819: Argument max_visits: 3
2025-05-26 17:14:06,819: Argument model_name: 'emilyalsentzer/Bio_ClinicalBERT'
2025-05-26 17:14:06,819: Argument model_type: 'medbert'
2025-05-26 17:14:06,819: Argument patience: 3
2025-05-26 17:14:06,819: Argument peft: False
2025-05-26 17:14:06,819: Argument seed: 9550
/fp/projects01/ec30/software/easybuild/software/nlpl-pytorch/2.1.2-foss-2022b-cuda-12.0.0-Python-3.10.8/lib/python3.10/site-packages/torch/_utils.py:831: UserWarning: TypedStorage is deprecated. It will be removed in the future and UntypedStorage will be the only storage class. This should only matter to you if you are using storages directly.  To access UntypedStorage directly, use tensor.untyped_storage() instead of tensor.storage()
  return self.fget.__get__(instance, owner)()
Some weights of BertForSequenceClassification were not initialized from the model checkpoint at emilyalsentzer/Bio_ClinicalBERT and are newly initialized: ['classifier.bias', 'classifier.weight']
You should probably TRAIN this model on a down-stream task to be able to use it for predictions and inference.
2025-05-26 17:14:27,221: Fine-tuning at Landmark 1
/fp/projects01/ec30/software/easybuild/software/nlpl-transformers/4.47.1-foss-2022b-Python-3.10.8/lib/python3.10/site-packages/transformers/optimization.py:591: FutureWarning: This implementation of AdamW is deprecated and will be removed in a future version. Use the PyTorch implementation torch.optim.AdamW instead, or set `no_deprecation_warning=True` to disable this warning
  warnings.warn(
2025-05-26 17:20:15,212: Landmark 1 | Epoch 1/20 | Train Loss: 0.3705 | Val Loss: 0.3711 | Validation AUC: 0.8063 | F1-Score: 0.3933
2025-05-26 17:25:46,562: Landmark 1 | Epoch 2/20 | Train Loss: 0.3334 | Val Loss: 0.3298 | Validation AUC: 0.8179 | F1-Score: 0.0034
2025-05-26 17:31:17,429: Landmark 1 | Epoch 3/20 | Train Loss: 0.3163 | Val Loss: 0.3288 | Validation AUC: 0.8172 | F1-Score: 0.0403
2025-05-26 17:36:44,539: Landmark 1 | Epoch 4/20 | Train Loss: 0.2992 | Val Loss: 0.3380 | Validation AUC: 0.8123 | F1-Score: 0.2875
2025-05-26 17:42:11,087: Landmark 1 | Epoch 5/20 | Train Loss: 0.2726 | Val Loss: 0.3477 | Validation AUC: 0.8149 | F1-Score: 0.4265
2025-05-26 17:42:11,087: Early stopping triggered at epoch 5
2025-05-26 17:42:12,146: Tempo impiegato per Landmark 1: 1664.9 secondi
2025-05-26 17:42:12,147: Fine-tuning at Landmark 2
/fp/projects01/ec30/software/easybuild/software/nlpl-transformers/4.47.1-foss-2022b-Python-3.10.8/lib/python3.10/site-packages/transformers/optimization.py:591: FutureWarning: This implementation of AdamW is deprecated and will be removed in a future version. Use the PyTorch implementation torch.optim.AdamW instead, or set `no_deprecation_warning=True` to disable this warning
  warnings.warn(
2025-05-26 17:48:01,772: Landmark 2 | Epoch 1/20 | Train Loss: 0.3025 | Val Loss: 0.3104 | Validation AUC: 0.8437 | F1-Score: 0.4153
2025-05-26 17:53:29,848: Landmark 2 | Epoch 2/20 | Train Loss: 0.2970 | Val Loss: 0.3122 | Validation AUC: 0.8455 | F1-Score: 0.4263
2025-05-26 17:58:58,895: Landmark 2 | Epoch 3/20 | Train Loss: 0.2784 | Val Loss: 0.3169 | Validation AUC: 0.8413 | F1-Score: 0.3329
2025-05-26 18:04:28,010: Landmark 2 | Epoch 4/20 | Train Loss: 0.2498 | Val Loss: 0.3343 | Validation AUC: 0.8354 | F1-Score: 0.4531
2025-05-26 18:09:56,872: Landmark 2 | Epoch 5/20 | Train Loss: 0.2110 | Val Loss: 0.3758 | Validation AUC: 0.8298 | F1-Score: 0.4084
2025-05-26 18:09:56,873: Early stopping triggered at epoch 5
2025-05-26 18:09:57,978: Tempo impiegato per Landmark 2: 1665.8 secondi
2025-05-26 18:09:57,980: Fine-tuning at Landmark 3
/fp/projects01/ec30/software/easybuild/software/nlpl-transformers/4.47.1-foss-2022b-Python-3.10.8/lib/python3.10/site-packages/transformers/optimization.py:591: FutureWarning: This implementation of AdamW is deprecated and will be removed in a future version. Use the PyTorch implementation torch.optim.AdamW instead, or set `no_deprecation_warning=True` to disable this warning
  warnings.warn(
2025-05-26 18:16:00,250: Landmark 3 | Epoch 1/20 | Train Loss: 0.2640 | Val Loss: 0.3025 | Validation AUC: 0.8576 | F1-Score: 0.4478
2025-05-26 18:21:26,996: Landmark 3 | Epoch 2/20 | Train Loss: 0.2566 | Val Loss: 0.2997 | Validation AUC: 0.8606 | F1-Score: 0.3786
2025-05-26 18:26:53,641: Landmark 3 | Epoch 3/20 | Train Loss: 0.2209 | Val Loss: 0.3526 | Validation AUC: 0.8558 | F1-Score: 0.4984
2025-05-26 18:32:19,799: Landmark 3 | Epoch 4/20 | Train Loss: 0.1812 | Val Loss: 0.3966 | Validation AUC: 0.8579 | F1-Score: 0.5178
2025-05-26 18:37:46,161: Landmark 3 | Epoch 5/20 | Train Loss: 0.1296 | Val Loss: 0.4419 | Validation AUC: 0.8479 | F1-Score: 0.4961
2025-05-26 18:37:46,162: Early stopping triggered at epoch 5
2025-05-26 18:37:46,559: Tempo impiegato per Landmark 3: 1668.6 secondi
2025-05-26 18:37:46,619: 0    0.8179
1    0.8455
2    0.8606
Name: AUC, dtype: object
   Landmark     AUC  ...  Validation Loss Training Time (s)
0         1  0.8179  ...           0.3298            1664.9
1         2  0.8455  ...           0.3122            1665.8
2         3  0.8606  ...           0.2997            1668.6

[3 rows x 6 columns]

Job 1643400 consumed 26.7 billing hours from project ec403.

Submitted 2025-05-26T17:13:17; waited 20.0 seconds in the queue after becoming eligible to run.

Requested wallclock time: 6.0 hours
Elapsed wallclock time:   1.4 hours

Job exited normally.

Task and CPU statistics:
ID             CPUs  Tasks  CPU util                Start  Elapsed  Exit status
1643400          16            0.0 %  2025-05-26T17:13:37    1.4 h  0
1643400.batch    16      1     6.2 %  2025-05-26T17:13:37    1.4 h  0

Used CPU time:   1.4 CPU hours
Unused CPU time: 21.1 CPU hours

Memory statistics, in GiB:
ID              Alloc   Usage
1643400          32.0        
1643400.batch    32.0     8.0

GPU usage stats:
Job 1643400 completed at Mon May 26 18:37:49 CEST 2025
