Starting job 2894941 on gpu-15 on Fox at Tue Jan 20 19:20:58 CET 2026

/fp/projects01/ec30/software/easybuild/software/nlpl-pytorch/2.1.2-foss-2022b-cuda-12.0.0-Python-3.10.8/lib/python3.10/site-packages/torch/cuda/__init__.py:51: FutureWarning: The pynvml package is deprecated. Please install nvidia-ml-py instead. If you did not install pynvml directly, please report this to the maintainers of the package that installed pynvml for you.
  import pynvml  # type: ignore[import]
usage: DL_baselines.py [-h] [--path_csv PATH_CSV] --number_to_use
                       NUMBER_TO_USE [--sequence_column SEQUENCE_COLUMN]
                       [--label_column LABEL_COLUMN] [--test_rnd]
                       [--sequence_separator SEQUENCE_SEPARATOR]
                       [--models MODELS] [--no_search] [--use_optimal]
                       [--search_trials SEARCH_TRIALS]
                       [--batch_size BATCH_SIZE] [--final_epochs FINAL_EPOCHS]
                       [--seed SEED] [--save_models] [--output_dir OUTPUT_DIR]
DL_baselines.py: error: unrecognized arguments: --optimal

Job 2894941 consumed 0.2 billing hours from project ec12.

Submitted 2026-01-20T16:34:58; waited 2.8 hours in the queue after becoming eligible to run.

Requested wallclock time: 5.0 hours
Elapsed wallclock time:   38.0 seconds

Job failed.

Task and CPU statistics:
ID             CPUs  Tasks  CPU util                Start  Elapsed  Exit status
2894941          16            0.0 %  2026-01-20T19:20:57   38.0 s  2 (shell builtin error)
2894941.batch    16      1     1.8 %  2026-01-20T19:20:57   38.0 s  2 (shell builtin error)

Used CPU time:   11.1 CPU seconds
Unused CPU time: 9.9 CPU minutes

Memory statistics, in GiB:
ID              Alloc   Usage
2894941          32.0        
2894941.batch    32.0     0.4

Job 2894941 completed at Tue Jan 20 19:21:35 CET 2026
