Starting job 1836104 on gpu-2 on fox at Tue Jul 29 21:46:21 CEST 2025

2025-07-29 21:46:35,042: Argument CI: False
2025-07-29 21:46:35,043: Argument all_landmarks: True
2025-07-29 21:46:35,043: Argument batch_size: 8
2025-07-29 21:46:35,043: Argument cache_dir: '/cluster/work/projects/ec12/michechi/cache'
2025-07-29 21:46:35,043: Argument early: 'loss'
2025-07-29 21:46:35,043: Argument epochs: 20
2025-07-29 21:46:35,043: Argument gradient_accumulation_steps: 1
2025-07-29 21:46:35,043: Argument input_csv: '/fp/homes01/u01/ec-michelec/MIMICIV/data/splitted/splitted/landmark_df_evo.csv'
2025-07-29 21:46:35,043: Argument lr: 2e-05
2025-07-29 21:46:35,043: Argument max_length: 1024
2025-07-29 21:46:35,043: Argument max_visits: 3
2025-07-29 21:46:35,043: Argument model_name: 'answerdotai/ModernBERT-large'
2025-07-29 21:46:35,043: Argument model_type: 'medical'
2025-07-29 21:46:35,043: Argument patience: 1
2025-07-29 21:46:35,043: Argument peft: False
2025-07-29 21:46:35,043: Argument prompt_type: 'full_no_time'
2025-07-29 21:46:35,043: Argument seed: 9550
2025-07-29 21:46:35,043: Argument test_csv: '/fp/homes01/u01/ec-michelec/MIMICIV/data/splitted/splitted/landmark_evo_test.csv'
2025-07-29 21:46:35,043: Argument train_csv: '/fp/homes01/u01/ec-michelec/MIMICIV/data/splitted/splitted/landmark_evo_train.csv'
2025-07-29 21:46:35,043: Argument use_quantization: False
2025-07-29 21:46:35,043: Argument val_csv: '/fp/homes01/u01/ec-michelec/MIMICIV/data/splitted/splitted/landmark_evo_vali.csv'
2025-07-29 21:46:35,060: Using prompt type: full_no_time
/fp/homes01/u01/ec-michelec/MIMICIV/src/Finetuning_rfct.py:79: DtypeWarning: Columns (16,17,18,19) have mixed types. Specify dtype option on import or set low_memory=False.
  full_train_df = pd.read_csv(args.train_csv, na_values=['', 'None', 'NaN', 'na', 'nan']).fillna('')
/fp/homes01/u01/ec-michelec/MIMICIV/src/Finetuning_rfct.py:81: DtypeWarning: Columns (16,17,18,19) have mixed types. Specify dtype option on import or set low_memory=False.
  full_test_df = pd.read_csv(args.test_csv, na_values=['', 'None', 'NaN', 'na', 'nan']).fillna('')
2025-07-29 21:47:11,280: Processing all landmarks from 1 to 3
2025-07-29 21:47:11,280: Preparing data for Landmark 1
Some weights of ModernBertForSequenceClassification were not initialized from the model checkpoint at answerdotai/ModernBERT-large and are newly initialized: ['classifier.bias', 'classifier.weight']
You should probably TRAIN this model on a down-stream task to be able to use it for predictions and inference.
2025-07-29 21:47:24,198: Average train text length: 130.90 words
2025-07-29 21:47:24,198: Average validation text length: 130.07 words
2025-07-29 21:47:24,198: Average test text length: 131.65 words
2025-07-29 21:47:24,198: Training on 14472 samples, validating on 1608, testing on 4020 samples
2025-07-29 21:47:35,498: Fine-tuning at Landmark 1
2025-07-29 21:47:35,504: Early stopping criterion: loss
/fp/homes01/u01/ec-michelec/ModernBERT/lib64/python3.9/site-packages/networkx/utils/backends.py:135: RuntimeWarning: networkx backend defined more than once: nx-loopback
  backends.update(_get_backends("networkx.backends"))
2025-07-29 22:04:39,406: Landmark 1 | Epoch 1/20 | Train Loss: 0.3772 | Val Loss: 0.3417 | Validation AUC: 0.8234 | F1-Score: 0.0000
2025-07-29 22:04:40,453: New best model saved at /cluster/work/projects/ec12/michechi/cache/best/best_model_answerdotai_ModernBERT-large_9550_landmark1_full_no_time_3_1024_all_landmarks_True_20250729_214735_.pt with AUC: 0.8234, F1: 0.0000, Val Loss: 0.3417
2025-07-29 22:21:26,491: Landmark 1 | Epoch 2/20 | Train Loss: 0.3373 | Val Loss: 0.3239 | Validation AUC: 0.8241 | F1-Score: 0.3729
2025-07-29 22:21:27,534: New best model saved at /cluster/work/projects/ec12/michechi/cache/best/best_model_answerdotai_ModernBERT-large_9550_landmark1_full_no_time_3_1024_all_landmarks_True_20250729_214735_.pt with AUC: 0.8241, F1: 0.3729, Val Loss: 0.3239
2025-07-29 22:38:13,643: Landmark 1 | Epoch 3/20 | Train Loss: 0.3199 | Val Loss: 0.3213 | Validation AUC: 0.8370 | F1-Score: 0.0894
2025-07-29 22:38:14,668: New best model saved at /cluster/work/projects/ec12/michechi/cache/best/best_model_answerdotai_ModernBERT-large_9550_landmark1_full_no_time_3_1024_all_landmarks_True_20250729_214735_.pt with AUC: 0.8370, F1: 0.0894, Val Loss: 0.3213
2025-07-29 22:55:00,440: Landmark 1 | Epoch 4/20 | Train Loss: 0.3152 | Val Loss: 0.3222 | Validation AUC: 0.8315 | F1-Score: 0.0884
2025-07-29 22:55:00,440: No improvement in epoch 4. Current best AUC: 0.8370, F1: 0.0894, Val Loss: 0.3213. Epochs without improvement: 1/1
2025-07-29 22:55:00,440: Early stopping triggered at epoch 4. Best AUC: 0.8370, F1: 0.0894, Val Loss: 0.3213
2025-07-29 22:55:01,318: Tempo impiegato per Landmark 1: 4045.8 secondi
2025-07-29 22:55:01,319: Tempo medio per epoca: 1011.5 secondi
2025-07-29 22:55:01,321: Loading best model from /cluster/work/projects/ec12/michechi/cache/best/best_model_answerdotai_ModernBERT-large_9550_landmark1_full_no_time_3_1024_all_landmarks_True_20250729_214735_.pt for final evaluation on test set
2025-07-29 22:56:17,770: Final Test AUC (Landmark 1): 0.8306 | Test F1-Score: 0.0779
2025-07-29 22:56:17,770: Preparing data for Landmark 2
Some weights of ModernBertForSequenceClassification were not initialized from the model checkpoint at answerdotai/ModernBERT-large and are newly initialized: ['classifier.bias', 'classifier.weight']
You should probably TRAIN this model on a down-stream task to be able to use it for predictions and inference.
2025-07-29 22:56:26,457: Average train text length: 237.75 words
2025-07-29 22:56:26,457: Average validation text length: 236.84 words
2025-07-29 22:56:26,457: Average test text length: 236.66 words
2025-07-29 22:56:26,457: Training on 14472 samples, validating on 1608, testing on 4020 samples
2025-07-29 22:56:45,696: Fine-tuning at Landmark 2
2025-07-29 22:56:45,713: Early stopping criterion: loss
2025-07-29 23:13:39,569: Landmark 2 | Epoch 1/20 | Train Loss: 0.3922 | Val Loss: 0.3290 | Validation AUC: 0.8352 | F1-Score: 0.0338
2025-07-29 23:13:40,649: New best model saved at /cluster/work/projects/ec12/michechi/cache/best/best_model_answerdotai_ModernBERT-large_9550_landmark2_full_no_time_3_1024_all_landmarks_True_20250729_225645_.pt with AUC: 0.8352, F1: 0.0338, Val Loss: 0.3290
2025-07-29 23:30:34,720: Landmark 2 | Epoch 2/20 | Train Loss: 0.3290 | Val Loss: 0.2906 | Validation AUC: 0.8699 | F1-Score: 0.4140
2025-07-29 23:30:35,817: New best model saved at /cluster/work/projects/ec12/michechi/cache/best/best_model_answerdotai_ModernBERT-large_9550_landmark2_full_no_time_3_1024_all_landmarks_True_20250729_225645_.pt with AUC: 0.8699, F1: 0.4140, Val Loss: 0.2906
2025-07-29 23:47:29,950: Landmark 2 | Epoch 3/20 | Train Loss: 0.3031 | Val Loss: 0.2867 | Validation AUC: 0.8751 | F1-Score: 0.3930
2025-07-29 23:47:31,023: New best model saved at /cluster/work/projects/ec12/michechi/cache/best/best_model_answerdotai_ModernBERT-large_9550_landmark2_full_no_time_3_1024_all_landmarks_True_20250729_225645_.pt with AUC: 0.8751, F1: 0.3930, Val Loss: 0.2867
2025-07-30 00:04:24,501: Landmark 2 | Epoch 4/20 | Train Loss: 0.3748 | Val Loss: 0.4031 | Validation AUC: 0.8310 | F1-Score: 0.0171
2025-07-30 00:04:24,502: No improvement in epoch 4. Current best AUC: 0.8751, F1: 0.3930, Val Loss: 0.2867. Epochs without improvement: 1/1
2025-07-30 00:04:24,502: Early stopping triggered at epoch 4. Best AUC: 0.8751, F1: 0.3930, Val Loss: 0.2867
2025-07-30 00:04:25,242: Tempo impiegato per Landmark 2: 4059.5 secondi
2025-07-30 00:04:25,243: Tempo medio per epoca: 1014.9 secondi
2025-07-30 00:04:25,245: Loading best model from /cluster/work/projects/ec12/michechi/cache/best/best_model_answerdotai_ModernBERT-large_9550_landmark2_full_no_time_3_1024_all_landmarks_True_20250729_225645_.pt for final evaluation on test set
2025-07-30 00:05:42,054: Final Test AUC (Landmark 2): 0.8572 | Test F1-Score: 0.3729
2025-07-30 00:05:42,055: Preparing data for Landmark 3
Some weights of ModernBertForSequenceClassification were not initialized from the model checkpoint at answerdotai/ModernBERT-large and are newly initialized: ['classifier.bias', 'classifier.weight']
You should probably TRAIN this model on a down-stream task to be able to use it for predictions and inference.
2025-07-30 00:05:49,852: Average train text length: 356.21 words
2025-07-30 00:05:49,852: Average validation text length: 351.55 words
2025-07-30 00:05:49,852: Average test text length: 354.77 words
2025-07-30 00:05:49,852: Training on 14472 samples, validating on 1608, testing on 4020 samples
2025-07-30 00:06:16,877: Fine-tuning at Landmark 3
2025-07-30 00:06:16,893: Early stopping criterion: loss
2025-07-30 00:23:17,515: Landmark 3 | Epoch 1/20 | Train Loss: 0.3017 | Val Loss: 0.1967 | Validation AUC: 0.9462 | F1-Score: 0.7173
2025-07-30 00:23:18,675: New best model saved at /cluster/work/projects/ec12/michechi/cache/best/best_model_answerdotai_ModernBERT-large_9550_landmark3_full_no_time_3_1024_all_landmarks_True_20250730_000616_.pt with AUC: 0.9462, F1: 0.7173, Val Loss: 0.1967
2025-07-30 00:40:18,907: Landmark 3 | Epoch 2/20 | Train Loss: 0.2158 | Val Loss: 0.1819 | Validation AUC: 0.9561 | F1-Score: 0.7282
2025-07-30 00:40:19,969: New best model saved at /cluster/work/projects/ec12/michechi/cache/best/best_model_answerdotai_ModernBERT-large_9550_landmark3_full_no_time_3_1024_all_landmarks_True_20250730_000616_.pt with AUC: 0.9561, F1: 0.7282, Val Loss: 0.1819
2025-07-30 00:57:20,879: Landmark 3 | Epoch 3/20 | Train Loss: 0.1888 | Val Loss: 0.1912 | Validation AUC: 0.9535 | F1-Score: 0.7023
2025-07-30 00:57:20,879: No improvement in epoch 3. Current best AUC: 0.9561, F1: 0.7282, Val Loss: 0.1819. Epochs without improvement: 1/1
2025-07-30 00:57:20,879: Early stopping triggered at epoch 3. Best AUC: 0.9561, F1: 0.7282, Val Loss: 0.1819
2025-07-30 00:57:21,749: Tempo impiegato per Landmark 3: 3064.9 secondi
2025-07-30 00:57:21,749: Tempo medio per epoca: 1021.6 secondi
2025-07-30 00:57:21,751: Loading best model from /cluster/work/projects/ec12/michechi/cache/best/best_model_answerdotai_ModernBERT-large_9550_landmark3_full_no_time_3_1024_all_landmarks_True_20250730_000616_.pt for final evaluation on test set
2025-07-30 00:58:38,647: Final Test AUC (Landmark 3): 0.9509 | Test F1-Score: 0.7143
2025-07-30 00:58:38,648: Saving results to results_medical_True_answerdotai_ModernBERT-large_visits3_9550_full_no_time_20250730_005838.csv
Using device: cuda
Using device: cuda
Using device: cuda
   Landmark Val AUC  ... Validation Loss Training Time (s)
0         1  0.8370  ...          0.3213            4045.8
1         2  0.8751  ...          0.2867            4059.5
2         3  0.9561  ...          0.1819            3064.9

[3 rows x 9 columns]

Job 1836104 consumed 60.9 billing hours from project ec12.

Submitted 2025-07-29T21:46:21; waited 0.0 seconds in the queue after becoming eligible to run.

Requested wallclock time: 1.8 days
Elapsed wallclock time:   3.2 hours

Job exited normally.

Task and CPU statistics:
ID             CPUs  Tasks  CPU util                Start  Elapsed  Exit status
1836104          16            0.0 %  2025-07-29T21:46:21    3.2 h  0
1836104.batch    16      1     7.5 %  2025-07-29T21:46:21    3.2 h  0

Used CPU time:   3.8 CPU hours
Unused CPU time: 2.0 CPU days

Memory statistics, in GiB:
ID              Alloc   Usage
1836104          32.0        
1836104.batch    32.0    15.4

GPU usage stats:
Job 1836104 completed at Wed Jul 30 00:58:44 CEST 2025
