Starting job 66265 on gpu-1-76 on Olivia at Fri Dec 19 17:03:55 CET 2025

Traceback (most recent call last):
  File "Finetuning_FOX_time_simulation_tiny.py", line 8, in <module>
    import pandas as pd
ModuleNotFoundError: No module named 'pandas'

Job 66265 consumed 0.0 billing hours and 0.0 GPU hours from project nn12048k.

Submitted 2025-12-19T17:03:54; waited 0.0 seconds in the queue after becoming eligible to run.

Requested wallclock time: 30.0 minutes
Elapsed wallclock time:   1.0 seconds

Job failed.

Task and CPU statistics:
ID           CPUs  Tasks  CPU util                Start  Elapsed  Exit status
66265           1            0.0 %  2025-12-19T17:03:54    1.0 s  1
66265.batch     1      1    24.7 %  2025-12-19T17:03:54    1.0 s  1

Used CPU time:   0.2 CPU seconds
Unused CPU time: 0.8 CPU seconds

Memory statistics, in GiB:
ID            Alloc   Usage
66265           2.0        
66265.batch     2.0     0.0

Job 66265 completed at Fri Dec 19 17:03:56 CET 2025
