Starting job 1694837 on gpu-2 on fox at Mon Jun 16 14:06:19 CEST 2025

2025-06-16 14:06:38,403: Argument input_csv: 'landmark_df.csv'
2025-06-16 14:06:38,403: Argument max_features: 512
2025-06-16 14:06:38,403: Argument max_visits: 3
2025-06-16 14:06:38,403: Argument output_dir: '/cluster/work/projects/ec403/ec-michechi/Project_M'
2025-06-16 14:06:38,403: Argument prompt_type: 'compact'
2025-06-16 14:06:38,403: Argument random_state: 9550
2025-06-16 14:06:38,403: Argument test_csv: '/cluster/work/projects/ec403/ec-michechi/Project_M/data/landmark_evo_test.csv'
2025-06-16 14:06:38,403: Argument train_csv: '/cluster/work/projects/ec403/ec-michechi/Project_M/data/landmark_evo_train.csv'
2025-06-16 14:06:38,403: Argument val_csv: '/cluster/work/projects/ec403/ec-michechi/Project_M/data/landmark_evo_vali.csv'
2025-06-16 14:06:38,403: Argument vectorizer_type: 'medbert'
/fp/projects01/ec30/software/easybuild/software/nlpl-pytorch/2.1.2-foss-2022b-cuda-12.0.0-Python-3.10.8/lib/python3.10/site-packages/torch/_utils.py:831: UserWarning: TypedStorage is deprecated. It will be removed in the future and UntypedStorage will be the only storage class. This should only matter to you if you are using storages directly.  To access UntypedStorage directly, use tensor.untyped_storage() instead of tensor.storage()
  return self.fget.__get__(instance, owner)()
/fp/homes01/u01/ec-michechi/Project_M/MIMICIV/src/Xgboost_no_tune.py:226: DtypeWarning: Columns (16,17,18,19) have mixed types. Specify dtype option on import or set low_memory=False.
  full_train_df = pd.read_csv(args.train_csv, na_values=['', 'None', 'NaN', 'na', 'nan']).fillna('')
2025-06-16 14:07:15,051: Processing Landmark Visit: 1
2025-06-16 14:07:15,066: Using hyperparameters for Landmark 1: {'min_samples_leaf': 30, 'max_leaf_nodes': 15, 'max_iter': 300, 'max_depth': 5, 'learning_rate': 0.05, 'l2_regularization': 0}
Traceback (most recent call last):
  File "/fp/homes01/u01/ec-michechi/Project_M/MIMICIV/src/Xgboost_no_tune.py", line 297, in <module>
    main()
  File "/fp/homes01/u01/ec-michechi/Project_M/MIMICIV/src/Xgboost_no_tune.py", line 271, in main
    auc, f1, num_patients, mortality_rate = train_model(
  File "/fp/homes01/u01/ec-michechi/Project_M/MIMICIV/src/Xgboost_no_tune.py", line 79, in train_model
    med_vectorizer = vectorizer(max_features=args.max_features)
TypeError: main.<locals>.medbert_vectorize() missing 1 required positional argument: 'texts'

Job 1694837 consumed 0.3 billing hours from project ec403.

Submitted 2025-06-16T14:06:13; waited 5.0 seconds in the queue after becoming eligible to run.

Requested wallclock time: 6.0 hours
Elapsed wallclock time:   59.0 seconds

Job failed.

Task and CPU statistics:
ID             CPUs  Tasks  CPU util                Start  Elapsed  Exit status
1694837          16            0.0 %  2025-06-16T14:06:18   59.0 s  1
1694837.batch    16      1     5.2 %  2025-06-16T14:06:18   59.0 s  1

Used CPU time:   48.7 CPU seconds
Unused CPU time: 14.9 CPU minutes

Memory statistics, in GiB:
ID              Alloc   Usage
1694837         128.0        
1694837.batch   128.0     1.8

GPU usage stats:
Job 1694837 completed at Mon Jun 16 14:07:17 CEST 2025
