Starting job 1853604 on gpu-9 on fox at Wed Aug 13 11:03:06 CEST 2025

2025-08-13 11:03:34,155: Argument CI: False
2025-08-13 11:03:34,156: Argument all_landmarks: True
2025-08-13 11:03:34,156: Argument batch_size: 8
2025-08-13 11:03:34,156: Argument cache_dir: '/cluster/work/projects/ec12/michechi/cache'
2025-08-13 11:03:34,156: Argument early: 'loss'
2025-08-13 11:03:34,156: Argument epochs: 20
2025-08-13 11:03:34,156: Argument gradient_accumulation_steps: 1
2025-08-13 11:03:34,156: Argument input_csv: '/fp/homes01/u01/ec-michelec/MIMICIV/data/splitted/splitted/landmark_df_evo.csv'
2025-08-13 11:03:34,156: Argument lr: 2e-05
2025-08-13 11:03:34,156: Argument max_length: 512
2025-08-13 11:03:34,156: Argument max_visits: 3
2025-08-13 11:03:34,156: Argument model_name: 'answerdotai/ModernBERT-large'
2025-08-13 11:03:34,156: Argument model_type: 'general'
2025-08-13 11:03:34,156: Argument patience: 1
2025-08-13 11:03:34,156: Argument peft: False
2025-08-13 11:03:34,156: Argument prompt_type: 'no'
2025-08-13 11:03:34,156: Argument seed: 9550
2025-08-13 11:03:34,156: Argument test_csv: '/fp/homes01/u01/ec-michelec/MIMICIV/data/splitted/splitted/landmark_evo_test_dod.csv'
2025-08-13 11:03:34,156: Argument train_csv: '/fp/homes01/u01/ec-michelec/MIMICIV/data/splitted/splitted/landmark_evo_train_dod.csv'
2025-08-13 11:03:34,156: Argument use_quantization: False
2025-08-13 11:03:34,156: Argument val_csv: '/fp/homes01/u01/ec-michelec/MIMICIV/data/splitted/splitted/landmark_evo_vali_dod.csv'
2025-08-13 11:03:34,156: Argument when_counting_death: 'last_visit'
2025-08-13 11:03:34,208: Using prompt type: no
/fp/homes01/u01/ec-michelec/MIMICIV/src/Finetuning_rfct.py:79: DtypeWarning: Columns (16,17,18,19) have mixed types. Specify dtype option on import or set low_memory=False.
  full_train_df = pd.read_csv(args.train_csv, na_values=['', 'None', 'NaN', 'na', 'nan']).fillna('')
/fp/homes01/u01/ec-michelec/MIMICIV/src/Finetuning_rfct.py:81: DtypeWarning: Columns (16,17,18,19) have mixed types. Specify dtype option on import or set low_memory=False.
  full_test_df = pd.read_csv(args.test_csv, na_values=['', 'None', 'NaN', 'na', 'nan']).fillna('')
2025-08-13 11:04:11,308: Processing all landmarks from 1 to 3
2025-08-13 11:04:11,308: Preparing data for Landmark 1
2025-08-13 11:04:17,767: We will use 90% of the memory on device 0 for storing the model, and 10% for the buffer to avoid OOM. You can set `max_memory` in to a higher value to use more memory (at your own risk).
Some weights of ModernBertForSequenceClassification were not initialized from the model checkpoint at answerdotai/ModernBERT-large and are newly initialized: ['classifier.bias', 'classifier.weight']
You should probably TRAIN this model on a down-stream task to be able to use it for predictions and inference.
2025-08-13 11:04:21,775: Example train text: Based on this information, what is the probability of mortality within 90 days?
Other specified forms of effusion, except tuberculous; Other ascites; Hyposmolality and/or hyponatremia; Acute alcoholic hepatitis; Unspecified deficiency anemia; Pneumonia, organism unspecified; Urinary tract infection, site not specified; Other constipation; Anxiety state, unspecified; Unspecified protein-calorie malnutrition; Hypopotassemia; Other and unspecified alcohol dependence, continuous; Portal hypertension; Alcoholic cirrhosis of liver
Furosemide; Multivitamins; Nicotine Patch; Sodium Chloride 0.9%  Flush; Heparin; Lidocaine 5% Patch; Neutra-Phos; Senna; FoLIC Acid; Docusate Sodium; Thiamine; 1/2 NS; Magnesium Sulfate; Potassium Chloride; Phytonadione; Albumin 25% (12.5g / 50mL); Multivitamin IV; Acetaminophen; SW; Lorazepam; 0.9% Sodium Chloride; Morphine Sulfate; OxycoDONE (Immediate Release) ; Ondansetron; Ciprofloxacin HCl
2.5 mg of OxycoDONE (Immediate Release)  in TAB through PO/NG; 1 TAB of Multivitamins in TAB through PO/NG; 10 mL of Multivitamin IV in VIAL through IV; 40 mEq of Potassium Chloride in TAB through PO; 1 mg of FoLIC Acid in mL through IV; 60 mEq of Potassium Chloride in TAB through PO; 0.5-1 mg of Lorazepam in TAB through PO/NG; 5 mg of OxycoDONE (Immediate Release)  in TAB through PO/NG; 50 g of Albumin 25% (12.5g / 50mL) in BAG through IV; 100 mg of Thiamine in mL through IV; 500 mg of Ciprofloxacin HCl in TAB through PO/NG; 14 mg of Nicotine Patch in PTCH through TD; 2 mg of Lorazepam in mL through IV; 0.5 mg of Lorazepam in mL through IV; 100 mg of Thiamine in TAB through PO/NG; 250 mg of Ciprofloxacin HCl in TAB through PO/NG; 100 mL of SW in BAG through IV; 2-4 mg of Morphine Sulfate in SYR through IV; 1 mg of Lorazepam in mL through IV; 1000 mL of 1/2 NS in mL through IV; 1 mg of FoLIC Acid in TAB through PO/NG; 500 mL of 0.9% Sodium Chloride in mL through IV; 5 mg of Phytonadione in TAB through PO/NG; 1 mg of Lorazepam in TAB through PO/NG; 0.5 mg of Lorazepam in TAB through PO/NG; 325-650 mg of Acetaminophen in TAB through PO/NG; 4 gm of Magnesium Sulfate in BAG through IV; 1 PKT of Neutra-Phos in PKT through PO/NG; 100 mg of Docusate Sodium in CAP through PO; 1000 mL of 0.9% Sodium Chloride in BAG through IV; 2 gm of Magnesium Sulfate in BAG through IV; 3 mL of Sodium Chloride 0.9%  Flush in SYR through IV; 20 mg of Furosemide in TAB through PO/NG; 50 mL of SW in BAG through IV; 8 mg of Ondansetron in VIAL through IV; 1 PTCH of Lidocaine 5% Patch in PTCH through TD; 5000 UNIT of Heparin in mL through SC; 2 TAB of Senna in TAB through PO/NG
2025-08-13 11:04:22,014: Average train text length: 330.04 words
2025-08-13 11:04:22,015: Average validation text length: 331.97 words
2025-08-13 11:04:22,015: Average test text length: 329.99 words
2025-08-13 11:04:22,015: Training on 14472 samples, validating on 1608, testing on 4020 samples
2025-08-13 11:04:42,198: Fine-tuning at Landmark 1
2025-08-13 11:04:42,201: Early stopping criterion: loss
/fp/homes01/u01/ec-michelec/ModernBERT/lib64/python3.9/site-packages/networkx/utils/backends.py:135: RuntimeWarning: networkx backend defined more than once: nx-loopback
  backends.update(_get_backends("networkx.backends"))
2025-08-13 11:09:15,652: Landmark 1 | Epoch 1/20 | Train Loss: 0.4112 | Val Loss: 0.3908 | Validation AUC: 0.6846 | F1-Score: 0.0000
2025-08-13 11:09:16,222: New best model saved at /cluster/work/projects/ec12/michechi/cache/best/best_model_answerdotai_ModernBERT-large_9550_landmark1_no_3_512_last_visit_all_landmarks_True_20250813_110442_.pt with AUC: 0.6846, F1: 0.0000, Val Loss: 0.3908
2025-08-13 11:13:30,142: Landmark 1 | Epoch 2/20 | Train Loss: 0.3890 | Val Loss: 0.3908 | Validation AUC: 0.6872 | F1-Score: 0.0000
2025-08-13 11:13:30,142: No improvement in epoch 2. Current best AUC: 0.6846, F1: 0.0000, Val Loss: 0.3908. Epochs without improvement: 1/1
2025-08-13 11:13:30,142: Early stopping triggered at epoch 2. Best AUC: 0.6846, F1: 0.0000, Val Loss: 0.3908
2025-08-13 11:13:30,754: Tempo impiegato per Landmark 1: 528.6 secondi
2025-08-13 11:13:30,754: Tempo medio per epoca: 264.3 secondi
2025-08-13 11:13:30,756: Loading best model from /cluster/work/projects/ec12/michechi/cache/best/best_model_answerdotai_ModernBERT-large_9550_landmark1_no_3_512_last_visit_all_landmarks_True_20250813_110442_.pt for final evaluation on test set
2025-08-13 11:13:55,361: Final Test AUC (Landmark 1): 0.6860 | Test F1-Score: 0.0000
2025-08-13 11:13:55,361: Preparing data for Landmark 2
2025-08-13 11:13:57,952: We will use 90% of the memory on device 0 for storing the model, and 10% for the buffer to avoid OOM. You can set `max_memory` in to a higher value to use more memory (at your own risk).
Some weights of ModernBertForSequenceClassification were not initialized from the model checkpoint at answerdotai/ModernBERT-large and are newly initialized: ['classifier.bias', 'classifier.weight']
You should probably TRAIN this model on a down-stream task to be able to use it for predictions and inference.
2025-08-13 11:14:03,463: Example train text: Based on this information, what is the probability of mortality within 90 days?
Sepsis; Tobacco use disorder; Other specified forms of effusion, except tuberculous; Other ascites; Hyposmolality and/or hyponatremia; Acute alcoholic hepatitis; Unspecified deficiency anemia; Pneumonia, organism unspecified; Urinary tract infection, site not specified; Other constipation; Unspecified pleural effusion; Anxiety state, unspecified; Unspecified protein-calorie malnutrition; Hypopotassemia; Other and unspecified alcohol dependence, continuous; Portal hypertension; Alcoholic cirrhosis of liver; Alcoholic fatty liver
Furosemide; Multivitamins; Nicotine Patch; Sarna Lotion; Sodium Chloride 0.9%  Flush; Heparin; Lidocaine 5% Patch; Neutra-Phos; Senna; FoLIC Acid; Docusate Sodium; Thiamine; 1/2 NS; Magnesium Sulfate; Potassium Chloride; D5 1/2NS; Acetylcysteine 20%; Phytonadione; Albumin 25% (12.5g / 50mL); Heparin Sodium; Multivitamin IV; 5% Dextrose; Sodium Polystyrene Sulfonate; Spironolactone; CeftriaXONE; Acetaminophen; SW; Iso-Osmotic Dextrose; Lorazepam; 0.9% Sodium Chloride; Morphine Sulfate; OxycoDONE (Immediate Release) ; Ondansetron; Ciprofloxacin HCl; Lactulose
2.5 mg of OxycoDONE (Immediate Release)  in TAB through PO/NG; 1 TAB of Multivitamins in TAB through PO/NG; 10 mL of Multivitamin IV in VIAL through IV; 40 mEq of Potassium Chloride in TAB through PO; 1000 mL of D5 1/2NS in mL through IV; 1 mg of FoLIC Acid in mL through IV; 10 mg of Phytonadione in AMP through SUBCUT; 60 mEq of Potassium Chloride in TAB through PO; 0.5-1 mg of Lorazepam in TAB through PO/NG; 5 mg of OxycoDONE (Immediate Release)  in TAB through PO/NG; 50 g of Albumin 25% (12.5g / 50mL) in BAG through IV; 50 mL of Iso-Osmotic Dextrose in mL through IV; 1 Appl of Sarna Lotion in BTL through TP; 10 mg of OxycoDONE (Immediate Release)  in TAB through PO/NG; 10 mg of OxycoDONE (Immediate Release)  in TAB through PO; 100 mg of Thiamine in mL through IV; 500 mg of Ciprofloxacin HCl in TAB through PO/NG; 14 mg of Nicotine Patch in PTCH through TD; 250 mL of 5% Dextrose in mL through IV; 2 mg of Lorazepam in mL through IV; 0.5 mg of Lorazepam in mL through IV; 1300-2500 UNIT of Heparin in mL through IV; 100 mg of Thiamine in TAB through PO/NG; 250 mg of Ciprofloxacin HCl in TAB through PO/NG; 100 mL of SW in BAG through IV; 2-4 mg of Morphine Sulfate in SYR through IV; 1 mg of Lorazepam in mL through IV; 1000 mL of 1/2 NS in mL through IV; 1 mg of Morphine Sulfate in SYR through IV; 25,000 UNIT of Heparin Sodium in BAG through IV; 1 mg of FoLIC Acid in TAB through PO/NG; 30 gm of Sodium Polystyrene Sulfonate in BTL through PO/NG; 15 mL of Lactulose in UDCUP through PO/NG; 7.5 mg of OxycoDONE (Immediate Release)  in TAB through PO/NG; 25 g of Albumin 25% (12.5g / 50mL) in BAG through IV; 25 mg of Spironolactone in TAB through PO/NG; 5-10 mg of OxycoDONE (Immediate Release)  in TAB through PO/NG; 500 mL of 0.9% Sodium Chloride in mL through IV; 2 gm of CeftriaXONE in BAG through IV; 5 mg of Phytonadione in TAB through PO/NG; 1 mg of Lorazepam in TAB through PO/NG; 4 mg of Ondansetron in VIAL through IV; 0.5 mg of Lorazepam in TAB through PO/NG; 325-650 mg of Acetaminophen in TAB through PO/NG; 600 mg of Acetylcysteine 20% in VIAL through PO/NG; 4 gm of Magnesium Sulfate in BAG through IV; 1 PKT of Neutra-Phos in PKT through PO/NG; 100 mg of Docusate Sodium in CAP through PO; 1000 mL of 0.9% Sodium Chloride in BAG through IV; 2 gm of Magnesium Sulfate in BAG through IV; 3 mL of Sodium Chloride 0.9%  Flush in SYR through IV; 20 mg of Furosemide in TAB through PO/NG; 50 mL of SW in BAG through IV; 8 mg of Ondansetron in VIAL through IV; 1 PTCH of Lidocaine 5% Patch in PTCH through TD; 5000 UNIT of Heparin in mL through SC; 2 TAB of Senna in TAB through PO/NG
2025-08-13 11:14:03,856: Average train text length: 554.03 words
2025-08-13 11:14:03,856: Average validation text length: 557.59 words
2025-08-13 11:14:03,856: Average test text length: 549.54 words
2025-08-13 11:14:03,856: Training on 14472 samples, validating on 1608, testing on 4020 samples
2025-08-13 11:14:38,595: Fine-tuning at Landmark 2
2025-08-13 11:14:38,624: Early stopping criterion: loss
2025-08-13 11:18:55,568: Landmark 2 | Epoch 1/20 | Train Loss: 0.3979 | Val Loss: 0.3610 | Validation AUC: 0.7623 | F1-Score: 0.0000
2025-08-13 11:18:56,181: New best model saved at /cluster/work/projects/ec12/michechi/cache/best/best_model_answerdotai_ModernBERT-large_9550_landmark2_no_3_512_last_visit_all_landmarks_True_20250813_111438_.pt with AUC: 0.7623, F1: 0.0000, Val Loss: 0.3610
2025-08-13 11:23:11,622: Landmark 2 | Epoch 2/20 | Train Loss: 0.3557 | Val Loss: 0.3305 | Validation AUC: 0.8181 | F1-Score: 0.1844
2025-08-13 11:23:12,172: New best model saved at /cluster/work/projects/ec12/michechi/cache/best/best_model_answerdotai_ModernBERT-large_9550_landmark2_no_3_512_last_visit_all_landmarks_True_20250813_111438_.pt with AUC: 0.8181, F1: 0.1844, Val Loss: 0.3305
2025-08-13 11:27:27,360: Landmark 2 | Epoch 3/20 | Train Loss: 0.3310 | Val Loss: 0.3117 | Validation AUC: 0.8389 | F1-Score: 0.2612
2025-08-13 11:27:27,908: New best model saved at /cluster/work/projects/ec12/michechi/cache/best/best_model_answerdotai_ModernBERT-large_9550_landmark2_no_3_512_last_visit_all_landmarks_True_20250813_111438_.pt with AUC: 0.8389, F1: 0.2612, Val Loss: 0.3117
2025-08-13 11:31:43,167: Landmark 2 | Epoch 4/20 | Train Loss: 0.3198 | Val Loss: 0.3241 | Validation AUC: 0.8398 | F1-Score: 0.1260
2025-08-13 11:31:43,167: No improvement in epoch 4. Current best AUC: 0.8389, F1: 0.2612, Val Loss: 0.3117. Epochs without improvement: 1/1
2025-08-13 11:31:43,167: Early stopping triggered at epoch 4. Best AUC: 0.8389, F1: 0.2612, Val Loss: 0.3117
2025-08-13 11:31:43,695: Tempo impiegato per Landmark 2: 1025.1 secondi
2025-08-13 11:31:43,696: Tempo medio per epoca: 256.3 secondi
2025-08-13 11:31:43,698: Loading best model from /cluster/work/projects/ec12/michechi/cache/best/best_model_answerdotai_ModernBERT-large_9550_landmark2_no_3_512_last_visit_all_landmarks_True_20250813_111438_.pt for final evaluation on test set
2025-08-13 11:32:08,049: Final Test AUC (Landmark 2): 0.8260 | Test F1-Score: 0.2433
2025-08-13 11:32:08,049: Preparing data for Landmark 3
2025-08-13 11:32:10,409: We will use 90% of the memory on device 0 for storing the model, and 10% for the buffer to avoid OOM. You can set `max_memory` in to a higher value to use more memory (at your own risk).
Some weights of ModernBertForSequenceClassification were not initialized from the model checkpoint at answerdotai/ModernBERT-large and are newly initialized: ['classifier.bias', 'classifier.weight']
You should probably TRAIN this model on a down-stream task to be able to use it for predictions and inference.
2025-08-13 11:32:12,689: Example train text: Based on this information, what is the probability of mortality within 90 days?
Other specified forms of effusion, except tuberculous; Unspecified deficiency anemia; Other chronic pain; Other constipation; Other ascites; Acute alcoholic hepatitis; Anxiety state, unspecified; Thrombocytopenia, unspecified; Hypopotassemia; Portal hypertension; Alcoholic fatty liver; Sepsis; Tobacco use disorder; Hyposmolality and/or hyponatremia; Pneumonia, organism unspecified; Urinary tract infection, site not specified; Lumbago; Unspecified protein-calorie malnutrition; Other and unspecified alcohol dependence, continuous; Unspecified pleural effusion; Alcoholic cirrhosis of liver
Furosemide; Multivitamins; Nicotine Patch; Sarna Lotion; Sodium Chloride 0.9%  Flush; Heparin; Lidocaine 5% Patch; Neutra-Phos; Senna; FoLIC Acid; Docusate Sodium; Thiamine; 1/2 NS; Magnesium Sulfate; Potassium Chloride; D5 1/2NS; Acetylcysteine 20%; Phytonadione; Albumin 25% (12.5g / 50mL); Heparin Sodium; Multivitamin IV; 5% Dextrose; Sodium Polystyrene Sulfonate; Spironolactone; CeftriaXONE; Amitriptyline; Acetaminophen; SW; Iso-Osmotic Dextrose; Lorazepam; 0.9% Sodium Chloride; Morphine Sulfate; OxycoDONE (Immediate Release) ; Ondansetron; Ciprofloxacin HCl; Lactulose
2.5 mg of OxycoDONE (Immediate Release)  in TAB through PO/NG; 1 TAB of Multivitamins in TAB through PO/NG; 10 mL of Multivitamin IV in VIAL through IV; 40 mEq of Potassium Chloride in TAB through PO; 1000 mL of D5 1/2NS in mL through IV; 1 mg of FoLIC Acid in mL through IV; 10 mg of Phytonadione in AMP through SUBCUT; 60 mEq of Potassium Chloride in TAB through PO; 0.5-1 mg of Lorazepam in TAB through PO/NG; 5 mg of OxycoDONE (Immediate Release)  in TAB through PO/NG; 50 g of Albumin 25% (12.5g / 50mL) in BAG through IV; 50 mL of Iso-Osmotic Dextrose in mL through IV; 30 mL of Lactulose in UDCUP through PO/NG; 1 Appl of Sarna Lotion in BTL through TP; 10 mg of OxycoDONE (Immediate Release)  in TAB through PO/NG; 10 mg of OxycoDONE (Immediate Release)  in TAB through PO; 100 mg of Thiamine in mL through IV; 500 mg of Ciprofloxacin HCl in TAB through PO/NG; 14 mg of Nicotine Patch in PTCH through TD; 250 mL of 5% Dextrose in mL through IV; 2 mg of Lorazepam in mL through IV; 0.5 mg of Lorazepam in mL through IV; 1300-2500 UNIT of Heparin in mL through IV; 100 mg of Thiamine in TAB through PO/NG; 250 mg of Ciprofloxacin HCl in TAB through PO/NG; 100 mL of SW in BAG through IV; 2-4 mg of Morphine Sulfate in SYR through IV; 1 mg of Lorazepam in mL through IV; 1000 mL of 1/2 NS in mL through IV; 10 mg of Amitriptyline in TAB through PO/NG; 1 mg of Morphine Sulfate in SYR through IV; 25,000 UNIT of Heparin Sodium in BAG through IV; 1 mg of FoLIC Acid in TAB through PO/NG; 30 gm of Sodium Polystyrene Sulfonate in BTL through PO/NG; 15 mL of Lactulose in UDCUP through PO/NG; 7.5 mg of OxycoDONE (Immediate Release)  in TAB through PO/NG; 25 g of Albumin 25% (12.5g / 50mL) in BAG through IV; 25 mg of Spironolactone in TAB through PO/NG; 5-10 mg of OxycoDONE (Immediate Release)  in TAB through PO/NG; 500 mL of 0.9% Sodium Chloride in mL through IV; 2 gm of CeftriaXONE in BAG through IV; 5 mg of Phytonadione in TAB through PO/NG; 1 mg of Lorazepam in TAB through PO/NG; 4 mg of Ondansetron in VIAL through IV; 0.5 mg of Lorazepam in TAB through PO/NG; 325-650 mg of Acetaminophen in TAB through PO/NG; 600 mg of Acetylcysteine 20% in VIAL through PO/NG; 4 gm of Magnesium Sulfate in BAG through IV; 1 PKT of Neutra-Phos in PKT through PO/NG; 100 mg of Docusate Sodium in CAP through PO; 1000 mL of 0.9% Sodium Chloride in BAG through IV; 2 gm of Magnesium Sulfate in BAG through IV; 3 mL of Sodium Chloride 0.9%  Flush in SYR through IV; 20 mg of Furosemide in TAB through PO/NG; 50 mL of SW in BAG through IV; 8 mg of Ondansetron in VIAL through IV; 1 PTCH of Lidocaine 5% Patch in PTCH through TD; 5000 UNIT of Heparin in mL through SC; 2 TAB of Senna in TAB through PO/NG
2025-08-13 11:32:13,339: Average train text length: 774.29 words
2025-08-13 11:32:13,339: Average validation text length: 770.48 words
2025-08-13 11:32:13,339: Average test text length: 771.70 words
2025-08-13 11:32:13,339: Training on 14472 samples, validating on 1608, testing on 4020 samples
2025-08-13 11:33:00,960: Fine-tuning at Landmark 3
2025-08-13 11:33:00,994: Early stopping criterion: loss
2025-08-13 11:37:18,732: Landmark 3 | Epoch 1/20 | Train Loss: 0.3813 | Val Loss: 0.3332 | Validation AUC: 0.8197 | F1-Score: 0.0170
2025-08-13 11:37:19,301: New best model saved at /cluster/work/projects/ec12/michechi/cache/best/best_model_answerdotai_ModernBERT-large_9550_landmark3_no_3_512_last_visit_all_landmarks_True_20250813_113300_.pt with AUC: 0.8197, F1: 0.0170, Val Loss: 0.3332
2025-08-13 11:41:37,361: Landmark 3 | Epoch 2/20 | Train Loss: 0.3181 | Val Loss: 0.3105 | Validation AUC: 0.8714 | F1-Score: 0.0502
2025-08-13 11:41:37,892: New best model saved at /cluster/work/projects/ec12/michechi/cache/best/best_model_answerdotai_ModernBERT-large_9550_landmark3_no_3_512_last_visit_all_landmarks_True_20250813_113300_.pt with AUC: 0.8714, F1: 0.0502, Val Loss: 0.3105
2025-08-13 11:45:56,165: Landmark 3 | Epoch 3/20 | Train Loss: 0.2813 | Val Loss: 0.2495 | Validation AUC: 0.9092 | F1-Score: 0.5556
2025-08-13 11:45:56,698: New best model saved at /cluster/work/projects/ec12/michechi/cache/best/best_model_answerdotai_ModernBERT-large_9550_landmark3_no_3_512_last_visit_all_landmarks_True_20250813_113300_.pt with AUC: 0.9092, F1: 0.5556, Val Loss: 0.2495
2025-08-13 11:50:16,124: Landmark 3 | Epoch 4/20 | Train Loss: 0.2580 | Val Loss: 0.2548 | Validation AUC: 0.9159 | F1-Score: 0.4512
2025-08-13 11:50:16,124: No improvement in epoch 4. Current best AUC: 0.9092, F1: 0.5556, Val Loss: 0.2495. Epochs without improvement: 1/1
2025-08-13 11:50:16,125: Early stopping triggered at epoch 4. Best AUC: 0.9092, F1: 0.5556, Val Loss: 0.2495
2025-08-13 11:50:16,687: Tempo impiegato per Landmark 3: 1035.7 secondi
2025-08-13 11:50:16,688: Tempo medio per epoca: 258.9 secondi
2025-08-13 11:50:16,690: Loading best model from /cluster/work/projects/ec12/michechi/cache/best/best_model_answerdotai_ModernBERT-large_9550_landmark3_no_3_512_last_visit_all_landmarks_True_20250813_113300_.pt for final evaluation on test set
2025-08-13 11:50:41,651: Final Test AUC (Landmark 3): 0.8983 | Test F1-Score: 0.5377
2025-08-13 11:50:41,677: Saving results to results_general_True_answerdotai_ModernBERT-large_last_visit_visits3_9550_512_no_20250813_115041.csv
Using device: cuda
Using device: cuda
Using device: cuda
   Landmark Val AUC  ... Validation Loss Training Time (s)
0         1  0.6846  ...          0.3908             528.6
1         2  0.8389  ...          0.3117            1025.1
2         3  0.9092  ...          0.2495            1035.7

[3 rows x 9 columns]

Job 1853604 consumed 15.1 billing hours from project ec12.

Submitted 2025-08-13T11:02:51; waited 15.0 seconds in the queue after becoming eligible to run.

Requested wallclock time: 10.0 hours
Elapsed wallclock time:   47.7 minutes

Job exited normally.

Task and CPU statistics:
ID             CPUs  Tasks  CPU util                Start   Elapsed  Exit status
1853604          16            0.0 %  2025-08-13T11:03:06  2864.0 s  0
1853604.batch    16      1    10.7 %  2025-08-13T11:03:06  2864.0 s  0

Used CPU time:   1.4 CPU hours
Unused CPU time: 11.4 CPU hours

Memory statistics, in GiB:
ID              Alloc   Usage
1853604          32.0        
1853604.batch    32.0    17.7

GPU usage stats:
Job 1853604 completed at Wed Aug 13 11:50:50 CEST 2025
