Starting job 1853807 on gpu-9 on fox at Wed Aug 13 14:43:54 CEST 2025

2025-08-13 14:44:15,229: Argument CI: False
2025-08-13 14:44:15,230: Argument all_landmarks: True
2025-08-13 14:44:15,230: Argument batch_size: 8
2025-08-13 14:44:15,230: Argument cache_dir: '/cluster/work/projects/ec12/michechi/cache'
2025-08-13 14:44:15,230: Argument early: 'loss'
2025-08-13 14:44:15,230: Argument epochs: 20
2025-08-13 14:44:15,230: Argument gradient_accumulation_steps: 1
2025-08-13 14:44:15,230: Argument input_csv: '/fp/homes01/u01/ec-michelec/MIMICIV/data/splitted/splitted/landmark_df_evo.csv'
2025-08-13 14:44:15,230: Argument lr: 2e-05
2025-08-13 14:44:15,230: Argument max_length: 512
2025-08-13 14:44:15,230: Argument max_visits: 4
2025-08-13 14:44:15,230: Argument model_name: 'Charangan/MedBERT'
2025-08-13 14:44:15,230: Argument model_type: 'medical'
2025-08-13 14:44:15,230: Argument patience: 1
2025-08-13 14:44:15,230: Argument peft: False
2025-08-13 14:44:15,230: Argument prompt_type: 'full_no_time_rnd'
2025-08-13 14:44:15,230: Argument seed: 4550
2025-08-13 14:44:15,230: Argument test_csv: '/fp/homes01/u01/ec-michelec/MIMICIV/data/splitted/splitted/landmark_evo_test_dod.csv'
2025-08-13 14:44:15,230: Argument train_csv: '/fp/homes01/u01/ec-michelec/MIMICIV/data/splitted/splitted/landmark_evo_train_dod.csv'
2025-08-13 14:44:15,230: Argument use_quantization: False
2025-08-13 14:44:15,230: Argument val_csv: '/fp/homes01/u01/ec-michelec/MIMICIV/data/splitted/splitted/landmark_evo_vali_dod.csv'
2025-08-13 14:44:15,230: Argument when_counting_death: 'landmark'
2025-08-13 14:44:15,247: Using prompt type: full_no_time_rnd
/fp/homes01/u01/ec-michelec/MIMICIV/src/Finetuning_rfct.py:79: DtypeWarning: Columns (16,17,18,19) have mixed types. Specify dtype option on import or set low_memory=False.
  full_train_df = pd.read_csv(args.train_csv, na_values=['', 'None', 'NaN', 'na', 'nan']).fillna('')
/fp/homes01/u01/ec-michelec/MIMICIV/src/Finetuning_rfct.py:81: DtypeWarning: Columns (16,17,18,19) have mixed types. Specify dtype option on import or set low_memory=False.
  full_test_df = pd.read_csv(args.test_csv, na_values=['', 'None', 'NaN', 'na', 'nan']).fillna('')
2025-08-13 14:44:52,091: Processing all landmarks from 1 to 4
2025-08-13 14:44:52,091: Preparing data for Landmark 1
/fp/projects01/ec30/software/easybuild/software/nlpl-pytorch/2.1.2-foss-2022b-cuda-12.0.0-Python-3.10.8/lib/python3.10/site-packages/torch/_utils.py:831: UserWarning: TypedStorage is deprecated. It will be removed in the future and UntypedStorage will be the only storage class. This should only matter to you if you are using storages directly.  To access UntypedStorage directly, use tensor.untyped_storage() instead of tensor.storage()
  return self.fget.__get__(instance, owner)()
Some weights of BertForSequenceClassification were not initialized from the model checkpoint at Charangan/MedBERT and are newly initialized: ['classifier.bias', 'classifier.weight']
You should probably TRAIN this model on a down-stream task to be able to use it for predictions and inference.
2025-08-13 14:44:57,522: Example train text: You are a Doctor.
What is the probability of death in the next 90 days from today for this 43-year-old F patient?

Diagnosis history:
Cellulitis and abscess of trunk; Other postoperative infection; Nausea with vomiting; Hypovolemia; Abscess of intestine; Diverticulitis of colon (without mention of hemorrhage); Removal of other organ (partial) (total) causing abnormal patient reaction, or later complication, without mention of misadventure at time of operation; Methicillin susceptible Staphylococcus aureus in conditions classified elsewhere and of unspecified site; Acute kidney failure, unspecified.
Prescriptions history:
Acetaminophen; NS; Magnesium Citrate; Sodium Chloride 0.9%  Flush; MetRONIDAZOLE (FLagyl); Ondansetron; Hydrocodone-Acetaminophen; Docusate Sodium; D5W; HYDROmorphone (Dilaudid); Vancomycin; Iso-Osmotic Dextrose; Ketorolac; Cephalexin; OxycoDONE (Immediate Release) ; Fluticasone Propionate NASAL; D5 1/2NS; Magnesium Sulfate; Morphine Sulfate; Clindamycin; SW; OxycoDONE-Acetaminophen Elixir; Ciprofloxacin; HydrOXYzine; Maalox/Diphenhydramine/Lidocaine; Potassium Chloride; LR; Promethazine HCl; Metoclopramide; Heparin; Pantoprazole; Potassium Chl 20 mEq / 1000 mL D5 1/2 NS; Insulin; Piperacillin-Tazobactam Na; Lorazepam; Ibuprofen; Hydrocortisone (Rectal) 2.5% Cream; Prochlorperazine; Bupivacaine 0.5%; Calcium Carbonate; Escitalopram Oxalate; Nafcillin.
Procedures history:
Open and other sigmoidectomy.
2025-08-13 14:44:57,594: Average train text length: 131.15 words
2025-08-13 14:44:57,594: Average validation text length: 135.37 words
2025-08-13 14:44:57,594: Average test text length: 132.44 words
2025-08-13 14:44:57,594: Training on 8040 samples, validating on 894, testing on 2234 samples
2025-08-13 14:45:04,209: Fine-tuning at Landmark 1
2025-08-13 14:45:05,052: Early stopping criterion: loss
2025-08-13 14:46:16,088: Landmark 1 | Epoch 1/20 | Train Loss: 0.1643 | Val Loss: 0.0694 | Validation AUC: 0.3539 | F1-Score: 0.0000
2025-08-13 14:46:16,454: New best model saved at /cluster/work/projects/ec12/michechi/cache/best/best_model_Charangan_MedBERT_4550_landmark1_full_no_time_rnd_4_512_landmark_all_landmarks_True_20250813_144505_.pt with AUC: 0.3539, F1: 0.0000, Val Loss: 0.0694
2025-08-13 14:47:27,634: Landmark 1 | Epoch 2/20 | Train Loss: 0.0700 | Val Loss: 0.0608 | Validation AUC: 0.8579 | F1-Score: 0.0000
2025-08-13 14:47:27,987: New best model saved at /cluster/work/projects/ec12/michechi/cache/best/best_model_Charangan_MedBERT_4550_landmark1_full_no_time_rnd_4_512_landmark_all_landmarks_True_20250813_144505_.pt with AUC: 0.8579, F1: 0.0000, Val Loss: 0.0608
2025-08-13 14:48:39,331: Landmark 1 | Epoch 3/20 | Train Loss: 0.0632 | Val Loss: 0.0522 | Validation AUC: 0.8901 | F1-Score: 0.0000
2025-08-13 14:48:39,694: New best model saved at /cluster/work/projects/ec12/michechi/cache/best/best_model_Charangan_MedBERT_4550_landmark1_full_no_time_rnd_4_512_landmark_all_landmarks_True_20250813_144505_.pt with AUC: 0.8901, F1: 0.0000, Val Loss: 0.0522
2025-08-13 14:49:51,012: Landmark 1 | Epoch 4/20 | Train Loss: 0.0579 | Val Loss: 0.0502 | Validation AUC: 0.9000 | F1-Score: 0.0000
2025-08-13 14:49:51,342: New best model saved at /cluster/work/projects/ec12/michechi/cache/best/best_model_Charangan_MedBERT_4550_landmark1_full_no_time_rnd_4_512_landmark_all_landmarks_True_20250813_144505_.pt with AUC: 0.9000, F1: 0.0000, Val Loss: 0.0502
2025-08-13 14:51:02,675: Landmark 1 | Epoch 5/20 | Train Loss: 0.0494 | Val Loss: 0.0558 | Validation AUC: 0.8268 | F1-Score: 0.0000
2025-08-13 14:51:02,675: No improvement in epoch 5. Current best AUC: 0.9000, F1: 0.0000, Val Loss: 0.0502. Epochs without improvement: 1/1
2025-08-13 14:51:02,675: Early stopping triggered at epoch 5. Best AUC: 0.9000, F1: 0.0000, Val Loss: 0.0502
2025-08-13 14:51:03,064: Tempo impiegato per Landmark 1: 358.9 secondi
2025-08-13 14:51:03,064: Tempo medio per epoca: 71.8 secondi
2025-08-13 14:51:03,066: Loading best model from /cluster/work/projects/ec12/michechi/cache/best/best_model_Charangan_MedBERT_4550_landmark1_full_no_time_rnd_4_512_landmark_all_landmarks_True_20250813_144505_.pt for final evaluation on test set
2025-08-13 14:51:09,123: Final Test AUC (Landmark 1): 0.7935 | Test F1-Score: 0.0000
2025-08-13 14:51:09,123: Preparing data for Landmark 2
Using device: cuda
Some weights of BertForSequenceClassification were not initialized from the model checkpoint at Charangan/MedBERT and are newly initialized: ['classifier.bias', 'classifier.weight']
You should probably TRAIN this model on a down-stream task to be able to use it for predictions and inference.
2025-08-13 14:51:14,711: Example train text: You are a Doctor.
What is the probability of death in the next 90 days from today for this 43-year-old F patient?

Diagnosis history:
Removal of other organ (partial) (total) causing abnormal patient reaction, or later complication, without mention of misadventure at time of operation; Cellulitis and abscess of trunk; Abscess of intestine; Nausea with vomiting; Other postoperative infection; Diverticulitis of colon (without mention of hemorrhage); Hypovolemia; Diverticulosis of colon (without mention of hemorrhage); Other specified aftercare following surgery; Methicillin susceptible Staphylococcus aureus in conditions classified elsewhere and of unspecified site; Esophageal reflux; Acute kidney failure, unspecified.
Prescriptions history:
NS; Ketorolac; Hydrocodone-Acetaminophen; Pantoprazole; Cephalexin; Acetaminophen; Magnesium Sulfate; Fluticasone Propionate NASAL; Heparin; Fluticasone Propionate NASAL; Iso-Osmotic Dextrose; Metoclopramide; Morphine Sulfate; Ondansetron; Potassium Chloride; D5 1/2NS; Sodium Chloride 0.9%  Flush; Promethazine HCl; MetRONIDAZOLE (FLagyl); Maalox/Diphenhydramine/Lidocaine; Vancomycin; LR; OxycoDONE-Acetaminophen Elixir; Ondansetron ODT; Docusate Sodium; D5W; Magnesium Citrate; SW; Nafcillin; Pantoprazole; Heparin; Ondansetron; Clindamycin; Escitalopram Oxalate; HYDROmorphone (Dilaudid); Potassium Chl 20 mEq / 1000 mL D5 1/2 NS; LR; Ibuprofen; Ranitidine; OxycoDONE (Immediate Release) ; Calcium Carbonate; Ciprofloxacin; Potassium Chl 20 mEq / 1000 mL D5 1/2 NS; Insulin; Piperacillin-Tazobactam Na; Lorazepam; HydrOXYzine; Sodium Chloride 0.9%  Flush; Promethazine; Hydrocortisone (Rectal) 2.5% Cream; Prochlorperazine; Bupivacaine 0.5%; Escitalopram Oxalate; Acetaminophen.
Procedures history:
; Open and other sigmoidectomy.
2025-08-13 14:51:14,846: Average train text length: 239.57 words
2025-08-13 14:51:14,846: Average validation text length: 244.40 words
2025-08-13 14:51:14,846: Average test text length: 240.79 words
2025-08-13 14:51:14,846: Training on 8040 samples, validating on 894, testing on 2234 samples
2025-08-13 14:51:27,544: Fine-tuning at Landmark 2
2025-08-13 14:51:27,548: Early stopping criterion: loss
2025-08-13 14:52:39,082: Landmark 2 | Epoch 1/20 | Train Loss: 0.2373 | Val Loss: 0.1296 | Validation AUC: 0.8134 | F1-Score: 0.0000
2025-08-13 14:52:39,392: New best model saved at /cluster/work/projects/ec12/michechi/cache/best/best_model_Charangan_MedBERT_4550_landmark2_full_no_time_rnd_4_512_landmark_all_landmarks_True_20250813_145127_.pt with AUC: 0.8134, F1: 0.0000, Val Loss: 0.1296
2025-08-13 14:53:51,053: Landmark 2 | Epoch 2/20 | Train Loss: 0.1531 | Val Loss: 0.1244 | Validation AUC: 0.8435 | F1-Score: 0.0000
2025-08-13 14:53:51,364: New best model saved at /cluster/work/projects/ec12/michechi/cache/best/best_model_Charangan_MedBERT_4550_landmark2_full_no_time_rnd_4_512_landmark_all_landmarks_True_20250813_145127_.pt with AUC: 0.8435, F1: 0.0000, Val Loss: 0.1244
2025-08-13 14:55:03,036: Landmark 2 | Epoch 3/20 | Train Loss: 0.1353 | Val Loss: 0.1327 | Validation AUC: 0.7943 | F1-Score: 0.0000
2025-08-13 14:55:03,037: No improvement in epoch 3. Current best AUC: 0.8435, F1: 0.0000, Val Loss: 0.1244. Epochs without improvement: 1/1
2025-08-13 14:55:03,037: Early stopping triggered at epoch 3. Best AUC: 0.8435, F1: 0.0000, Val Loss: 0.1244
2025-08-13 14:55:03,423: Tempo impiegato per Landmark 2: 215.9 secondi
2025-08-13 14:55:03,424: Tempo medio per epoca: 72.0 secondi
2025-08-13 14:55:03,425: Loading best model from /cluster/work/projects/ec12/michechi/cache/best/best_model_Charangan_MedBERT_4550_landmark2_full_no_time_rnd_4_512_landmark_all_landmarks_True_20250813_145127_.pt for final evaluation on test set
2025-08-13 14:55:09,468: Final Test AUC (Landmark 2): 0.8520 | Test F1-Score: 0.0000
2025-08-13 14:55:09,468: Preparing data for Landmark 3
Using device: cuda
Some weights of BertForSequenceClassification were not initialized from the model checkpoint at Charangan/MedBERT and are newly initialized: ['classifier.bias', 'classifier.weight']
You should probably TRAIN this model on a down-stream task to be able to use it for predictions and inference.
2025-08-13 14:55:16,296: Example train text: You are a Doctor.
What is the probability of death in the next 90 days from today for this 46-year-old F patient?

Diagnosis history:
Diverticulitis of colon (without mention of hemorrhage); Nausea with vomiting; Abscess of intestine; Removal of other organ (partial) (total) causing abnormal patient reaction, or later complication, without mention of misadventure at time of operation; Cellulitis and abscess of trunk; Hypovolemia; Other postoperative infection; Chest pain, unspecified; Other specified aftercare following surgery; Orthostatic hypotension; Methicillin susceptible Staphylococcus aureus in conditions classified elsewhere and of unspecified site; Diverticulosis of colon (without mention of hemorrhage); Esophageal reflux; Acute kidney failure, unspecified.
Prescriptions history:
Sodium Chloride 0.9%  Flush; Magnesium Sulfate; NS; Acetaminophen; Sodium Chloride 0.9%  Flush; Potassium Chloride; Escitalopram Oxalate; Vancomycin; Cephalexin; Morphine Sulfate; Potassium Chl 20 mEq / 1000 mL D5 1/2 NS; Promethazine HCl; Ondansetron; Nafcillin; Ketorolac; Magnesium Citrate; Maalox/Diphenhydramine/Lidocaine; Hydrocodone-Acetaminophen; D5 1/2NS; SW; Acetaminophen; LR; Fluticasone Propionate NASAL; OxycoDONE-Acetaminophen Elixir; Pantoprazole; Fluticasone Propionate NASAL; Ranitidine; Docusate Sodium; Pantoprazole; Heparin; Metoclopramide; ; Iso-Osmotic Dextrose; Ibuprofen; D5W; Ondansetron ODT; Clindamycin; MetRONIDAZOLE (FLagyl); HYDROmorphone (Dilaudid); Ondansetron; LR; Escitalopram Oxalate; Heparin; OxycoDONE (Immediate Release) ; Calcium Carbonate; Ciprofloxacin; Potassium Chl 20 mEq / 1000 mL D5 1/2 NS; Insulin; Piperacillin-Tazobactam Na; Lorazepam; HydrOXYzine; Bupivacaine 0.5%; Promethazine; Hydrocortisone (Rectal) 2.5% Cream; Prochlorperazine.
Procedures history:
; Open and other sigmoidectomy; .
2025-08-13 14:55:16,493: Average train text length: 354.70 words
2025-08-13 14:55:16,493: Average validation text length: 359.73 words
2025-08-13 14:55:16,494: Average test text length: 354.60 words
2025-08-13 14:55:16,494: Training on 8040 samples, validating on 894, testing on 2234 samples
2025-08-13 14:55:34,703: Fine-tuning at Landmark 3
2025-08-13 14:55:34,709: Early stopping criterion: loss
2025-08-13 14:56:45,222: Landmark 3 | Epoch 1/20 | Train Loss: 0.3370 | Val Loss: 0.2578 | Validation AUC: 0.8182 | F1-Score: 0.2523
2025-08-13 14:56:45,536: New best model saved at /cluster/work/projects/ec12/michechi/cache/best/best_model_Charangan_MedBERT_4550_landmark3_full_no_time_rnd_4_512_landmark_all_landmarks_True_20250813_145534_.pt with AUC: 0.8182, F1: 0.2523, Val Loss: 0.2578
2025-08-13 14:57:56,226: Landmark 3 | Epoch 2/20 | Train Loss: 0.2567 | Val Loss: 0.2352 | Validation AUC: 0.8696 | F1-Score: 0.0000
2025-08-13 14:57:56,560: New best model saved at /cluster/work/projects/ec12/michechi/cache/best/best_model_Charangan_MedBERT_4550_landmark3_full_no_time_rnd_4_512_landmark_all_landmarks_True_20250813_145534_.pt with AUC: 0.8696, F1: 0.0000, Val Loss: 0.2352
2025-08-13 14:59:07,180: Landmark 3 | Epoch 3/20 | Train Loss: 0.2258 | Val Loss: 0.2426 | Validation AUC: 0.8666 | F1-Score: 0.4143
2025-08-13 14:59:07,180: No improvement in epoch 3. Current best AUC: 0.8696, F1: 0.0000, Val Loss: 0.2352. Epochs without improvement: 1/1
2025-08-13 14:59:07,180: Early stopping triggered at epoch 3. Best AUC: 0.8696, F1: 0.0000, Val Loss: 0.2352
2025-08-13 14:59:07,550: Tempo impiegato per Landmark 3: 212.8 secondi
2025-08-13 14:59:07,550: Tempo medio per epoca: 70.9 secondi
2025-08-13 14:59:07,552: Loading best model from /cluster/work/projects/ec12/michechi/cache/best/best_model_Charangan_MedBERT_4550_landmark3_full_no_time_rnd_4_512_landmark_all_landmarks_True_20250813_145534_.pt for final evaluation on test set
2025-08-13 14:59:13,383: Final Test AUC (Landmark 3): 0.8595 | Test F1-Score: 0.0000
2025-08-13 14:59:13,384: Preparing data for Landmark 4
Using device: cuda
Some weights of BertForSequenceClassification were not initialized from the model checkpoint at Charangan/MedBERT and are newly initialized: ['classifier.bias', 'classifier.weight']
You should probably TRAIN this model on a down-stream task to be able to use it for predictions and inference.
2025-08-13 14:59:23,944: Example train text: You are a Doctor.
What is the probability of death in the next 90 days from today for this 47-year-old F patient?

Diagnosis history:
Nausea with vomiting; Ulceration of intestine; Other and unspecified ovarian cyst; Diverticulitis of colon (without mention of hemorrhage); Chest pain, unspecified; Methicillin susceptible Staphylococcus aureus in conditions classified elsewhere and of unspecified site; Cellulitis and abscess of trunk; Acute kidney failure, unspecified; Orthostatic hypotension; Removal of other organ (partial) (total) causing abnormal patient reaction, or later complication, without mention of misadventure at time of operation; Other specified aftercare following surgery; Esophageal reflux; Diverticulosis of colon (without mention of hemorrhage); Hypovolemia; Other specified disorders of intestine; Abscess of intestine; Anxiety state, unspecified; Esophageal reflux; Diverticulosis of colon (without mention of hemorrhage); Intestinal bypass or anastomosis status; Other postoperative infection.
Prescriptions history:
Hydrocodone-Acetaminophen; SW; Ketorolac; Ketorolac; Fluticasone Propionate NASAL; Acetaminophen; Pantoprazole; Lorazepam; Fluticasone Propionate NASAL; Promethazine; Influenza Virus Vaccine; Ibuprofen; Sodium Chloride 0.9%  Flush; Potassium Chloride; Lorazepam; Acetaminophen; Omeprazole; Docusate Sodium; Magnesium Citrate; Multivitamins; Ondansetron; Vitamin D; Ciprofloxacin; D5 1/2NS; NS; Senna; Sodium Chloride 0.9%  Flush; Ondansetron; Naproxen; Iso-Osmotic Dextrose; ; MetRONIDAZOLE (FLagyl); LR; Maalox/Diphenhydramine/Lidocaine; Escitalopram Oxalate; OxycoDONE (Immediate Release) ; Vancomycin; Bupivacaine 0.5%; 0.9% Sodium Chloride; Docusate Sodium; Nafcillin; Promethazine HCl; Potassium Chl 20 mEq / 1000 mL D5 1/2 NS; Metoclopramide; Ondansetron; Acetaminophen; Cephalexin; Desitin; Heparin; Escitalopram Oxalate; LR; Hydrocortisone (Rectal) 2.5% Cream; Prochlorperazine; Neutra-Phos; Calcium Carbonate; HYDROmorphone (Dilaudid); HYDROmorphone (Dilaudid); HydrOXYzine; Heparin; Fluticasone Propionate NASAL; Morphine Sulfate; 0.45% Sodium Chloride; Heparin; Piperacillin-Tazobactam Na; Insulin; Sodium Chloride 0.9%  Flush; Ranitidine; Ranitidine; D5W; Escitalopram Oxalate; Fish Oil (Omega 3); OxycoDONE-Acetaminophen Elixir; Golytely; Calcium Carbonate; Ondansetron ODT; Pantoprazole; Magnesium Sulfate; Ondansetron ODT; Potassium Chl 20 mEq / 1000 mL D5 1/2 NS; Clindamycin.
Procedures history:
Open and other sigmoidectomy; ; ; Closed [endoscopic] biopsy of large intestine.
2025-08-13 14:59:24,208: Average train text length: 482.72 words
2025-08-13 14:59:24,208: Average validation text length: 487.47 words
2025-08-13 14:59:24,208: Average test text length: 483.07 words
2025-08-13 14:59:24,208: Training on 8040 samples, validating on 894, testing on 2234 samples
2025-08-13 14:59:48,857: Fine-tuning at Landmark 4
2025-08-13 14:59:48,864: Early stopping criterion: loss
2025-08-13 15:00:57,689: Landmark 4 | Epoch 1/20 | Train Loss: 0.4364 | Val Loss: 0.2808 | Validation AUC: 0.9188 | F1-Score: 0.6707
2025-08-13 15:00:58,029: New best model saved at /cluster/work/projects/ec12/michechi/cache/best/best_model_Charangan_MedBERT_4550_landmark4_full_no_time_rnd_4_512_landmark_all_landmarks_True_20250813_145948_.pt with AUC: 0.9188, F1: 0.6707, Val Loss: 0.2808
2025-08-13 15:02:07,066: Landmark 4 | Epoch 2/20 | Train Loss: 0.3026 | Val Loss: 0.2928 | Validation AUC: 0.9272 | F1-Score: 0.6932
2025-08-13 15:02:07,066: No improvement in epoch 2. Current best AUC: 0.9188, F1: 0.6707, Val Loss: 0.2808. Epochs without improvement: 1/1
2025-08-13 15:02:07,066: Early stopping triggered at epoch 2. Best AUC: 0.9188, F1: 0.6707, Val Loss: 0.2808
2025-08-13 15:02:07,460: Tempo impiegato per Landmark 4: 138.6 secondi
2025-08-13 15:02:07,460: Tempo medio per epoca: 69.3 secondi
2025-08-13 15:02:07,462: Loading best model from /cluster/work/projects/ec12/michechi/cache/best/best_model_Charangan_MedBERT_4550_landmark4_full_no_time_rnd_4_512_landmark_all_landmarks_True_20250813_145948_.pt for final evaluation on test set
2025-08-13 15:02:13,012: Final Test AUC (Landmark 4): 0.8975 | Test F1-Score: 0.6158
2025-08-13 15:02:13,013: Saving results to results_medical_True_Charangan_MedBERT_landmark_visits4_4550_512_full_no_time_rnd_20250813_150213.csv
Using device: cuda
   Landmark Val AUC  ... Validation Loss Training Time (s)
0         1  0.9000  ...          0.0502             358.9
1         2  0.8435  ...          0.1244             215.9
2         3  0.8696  ...          0.2352             212.8
3         4  0.9188  ...          0.2808             138.6

[4 rows x 9 columns]

Job 1853807 consumed 5.8 billing hours from project ec12.

Submitted 2025-08-13T14:43:44; waited 10.0 seconds in the queue after becoming eligible to run.

Requested wallclock time: 6.0 hours
Elapsed wallclock time:   18.4 minutes

Job exited normally.

Task and CPU statistics:
ID             CPUs  Tasks  CPU util                Start   Elapsed  Exit status
1853807          16            0.0 %  2025-08-13T14:43:54  1104.0 s  0
1853807.batch    16      1     6.2 %  2025-08-13T14:43:54  1104.0 s  0

Used CPU time:   18.1 CPU minutes
Unused CPU time: 4.6 CPU hours

Memory statistics, in GiB:
ID              Alloc   Usage
1853807          32.0        
1853807.batch    32.0    10.6

GPU usage stats:
Job 1853807 completed at Wed Aug 13 15:02:18 CEST 2025
