Starting job 1836055 on gpu-2 on fox at Tue Jul 29 19:41:52 CEST 2025

2025-07-29 19:42:04,216: Argument CI: False
2025-07-29 19:42:04,216: Argument all_landmarks: True
2025-07-29 19:42:04,216: Argument batch_size: 8
2025-07-29 19:42:04,216: Argument cache_dir: '/cluster/work/projects/ec12/michechi/cache'
2025-07-29 19:42:04,216: Argument early: 'loss'
2025-07-29 19:42:04,216: Argument epochs: 20
2025-07-29 19:42:04,216: Argument gradient_accumulation_steps: 1
2025-07-29 19:42:04,216: Argument input_csv: '/fp/homes01/u01/ec-michelec/MIMICIV/data/splitted/splitted/landmark_df_evo.csv'
2025-07-29 19:42:04,216: Argument lr: 2e-05
2025-07-29 19:42:04,216: Argument max_length: 512
2025-07-29 19:42:04,216: Argument max_visits: 3
2025-07-29 19:42:04,216: Argument model_name: 'answerdotai/ModernBERT-large'
2025-07-29 19:42:04,217: Argument model_type: 'medical'
2025-07-29 19:42:04,217: Argument patience: 1
2025-07-29 19:42:04,217: Argument peft: False
2025-07-29 19:42:04,217: Argument prompt_type: 'no'
2025-07-29 19:42:04,217: Argument seed: 9550
2025-07-29 19:42:04,217: Argument test_csv: '/fp/homes01/u01/ec-michelec/MIMICIV/data/splitted/splitted/landmark_evo_test.csv'
2025-07-29 19:42:04,217: Argument train_csv: '/fp/homes01/u01/ec-michelec/MIMICIV/data/splitted/splitted/landmark_evo_train.csv'
2025-07-29 19:42:04,217: Argument use_quantization: False
2025-07-29 19:42:04,217: Argument val_csv: '/fp/homes01/u01/ec-michelec/MIMICIV/data/splitted/splitted/landmark_evo_vali.csv'
2025-07-29 19:42:04,224: Using prompt type: no
/fp/homes01/u01/ec-michelec/MIMICIV/src/Finetuning_rfct.py:79: DtypeWarning: Columns (16,17,18,19) have mixed types. Specify dtype option on import or set low_memory=False.
  full_train_df = pd.read_csv(args.train_csv, na_values=['', 'None', 'NaN', 'na', 'nan']).fillna('')
/fp/homes01/u01/ec-michelec/MIMICIV/src/Finetuning_rfct.py:81: DtypeWarning: Columns (16,17,18,19) have mixed types. Specify dtype option on import or set low_memory=False.
  full_test_df = pd.read_csv(args.test_csv, na_values=['', 'None', 'NaN', 'na', 'nan']).fillna('')
2025-07-29 19:42:40,211: Processing all landmarks from 1 to 3
2025-07-29 19:42:40,211: Preparing data for Landmark 1
Some weights of ModernBertForSequenceClassification were not initialized from the model checkpoint at answerdotai/ModernBERT-large and are newly initialized: ['classifier.bias', 'classifier.weight']
You should probably TRAIN this model on a down-stream task to be able to use it for predictions and inference.
2025-07-29 19:42:49,078: Average train text length: 142.08 words
2025-07-29 19:42:49,078: Average validation text length: 141.17 words
2025-07-29 19:42:49,078: Average test text length: 141.27 words
2025-07-29 19:42:49,078: Training on 14472 samples, validating on 1608, testing on 4020 samples
2025-07-29 19:42:59,830: Fine-tuning at Landmark 1
2025-07-29 19:42:59,835: Early stopping criterion: loss
/fp/homes01/u01/ec-michelec/ModernBERT/lib64/python3.9/site-packages/networkx/utils/backends.py:135: RuntimeWarning: networkx backend defined more than once: nx-loopback
  backends.update(_get_backends("networkx.backends"))
2025-07-29 19:50:37,036: Landmark 1 | Epoch 1/20 | Train Loss: 0.4108 | Val Loss: 0.3910 | Validation AUC: 0.6998 | F1-Score: 0.0000
2025-07-29 19:50:38,065: New best model saved at /cluster/work/projects/ec12/michechi/cache/best/best_model_answerdotai_ModernBERT-large_9550_landmark1_no_3_512_all_landmarks_True_20250729_194259_.pt with AUC: 0.6998, F1: 0.0000, Val Loss: 0.3910
2025-07-29 19:58:01,585: Landmark 1 | Epoch 2/20 | Train Loss: 0.3946 | Val Loss: 0.3755 | Validation AUC: 0.7223 | F1-Score: 0.0000
2025-07-29 19:58:02,603: New best model saved at /cluster/work/projects/ec12/michechi/cache/best/best_model_answerdotai_ModernBERT-large_9550_landmark1_no_3_512_all_landmarks_True_20250729_194259_.pt with AUC: 0.7223, F1: 0.0000, Val Loss: 0.3755
2025-07-29 20:05:26,082: Landmark 1 | Epoch 3/20 | Train Loss: 0.3831 | Val Loss: 0.3698 | Validation AUC: 0.7295 | F1-Score: 0.0000
2025-07-29 20:05:27,092: New best model saved at /cluster/work/projects/ec12/michechi/cache/best/best_model_answerdotai_ModernBERT-large_9550_landmark1_no_3_512_all_landmarks_True_20250729_194259_.pt with AUC: 0.7295, F1: 0.0000, Val Loss: 0.3698
2025-07-29 20:12:50,685: Landmark 1 | Epoch 4/20 | Train Loss: 0.3794 | Val Loss: 0.3758 | Validation AUC: 0.7412 | F1-Score: 0.0000
2025-07-29 20:12:50,686: No improvement in epoch 4. Current best AUC: 0.7295, F1: 0.0000, Val Loss: 0.3698. Epochs without improvement: 1/1
2025-07-29 20:12:50,686: Early stopping triggered at epoch 4. Best AUC: 0.7295, F1: 0.0000, Val Loss: 0.3698
2025-07-29 20:12:51,519: Tempo impiegato per Landmark 1: 1791.7 secondi
2025-07-29 20:12:51,520: Tempo medio per epoca: 447.9 secondi
2025-07-29 20:12:51,522: Loading best model from /cluster/work/projects/ec12/michechi/cache/best/best_model_answerdotai_ModernBERT-large_9550_landmark1_no_3_512_all_landmarks_True_20250729_194259_.pt for final evaluation on test set
2025-07-29 20:13:25,869: Final Test AUC (Landmark 1): 0.7159 | Test F1-Score: 0.0000
2025-07-29 20:13:25,869: Preparing data for Landmark 2
Some weights of ModernBertForSequenceClassification were not initialized from the model checkpoint at answerdotai/ModernBERT-large and are newly initialized: ['classifier.bias', 'classifier.weight']
You should probably TRAIN this model on a down-stream task to be able to use it for predictions and inference.
2025-07-29 20:13:31,346: Average train text length: 164.72 words
2025-07-29 20:13:31,346: Average validation text length: 163.91 words
2025-07-29 20:13:31,346: Average test text length: 163.85 words
2025-07-29 20:13:31,346: Training on 14472 samples, validating on 1608, testing on 4020 samples
2025-07-29 20:13:44,637: Fine-tuning at Landmark 2
2025-07-29 20:13:44,641: Early stopping criterion: loss
2025-07-29 20:21:08,932: Landmark 2 | Epoch 1/20 | Train Loss: 0.4116 | Val Loss: 0.3767 | Validation AUC: 0.7429 | F1-Score: 0.0000
2025-07-29 20:21:10,009: New best model saved at /cluster/work/projects/ec12/michechi/cache/best/best_model_answerdotai_ModernBERT-large_9550_landmark2_no_3_512_all_landmarks_True_20250729_201344_.pt with AUC: 0.7429, F1: 0.0000, Val Loss: 0.3767
2025-07-29 20:28:34,430: Landmark 2 | Epoch 2/20 | Train Loss: 0.3868 | Val Loss: 0.3629 | Validation AUC: 0.7528 | F1-Score: 0.0000
2025-07-29 20:28:35,519: New best model saved at /cluster/work/projects/ec12/michechi/cache/best/best_model_answerdotai_ModernBERT-large_9550_landmark2_no_3_512_all_landmarks_True_20250729_201344_.pt with AUC: 0.7528, F1: 0.0000, Val Loss: 0.3629
2025-07-29 20:35:59,904: Landmark 2 | Epoch 3/20 | Train Loss: 0.3755 | Val Loss: 0.3538 | Validation AUC: 0.7707 | F1-Score: 0.0000
2025-07-29 20:36:00,939: New best model saved at /cluster/work/projects/ec12/michechi/cache/best/best_model_answerdotai_ModernBERT-large_9550_landmark2_no_3_512_all_landmarks_True_20250729_201344_.pt with AUC: 0.7707, F1: 0.0000, Val Loss: 0.3538
2025-07-29 20:43:25,227: Landmark 2 | Epoch 4/20 | Train Loss: 0.3658 | Val Loss: 0.3526 | Validation AUC: 0.7755 | F1-Score: 0.0000
2025-07-29 20:43:26,273: New best model saved at /cluster/work/projects/ec12/michechi/cache/best/best_model_answerdotai_ModernBERT-large_9550_landmark2_no_3_512_all_landmarks_True_20250729_201344_.pt with AUC: 0.7755, F1: 0.0000, Val Loss: 0.3526
2025-07-29 20:50:50,541: Landmark 2 | Epoch 5/20 | Train Loss: 0.3588 | Val Loss: 0.3511 | Validation AUC: 0.7808 | F1-Score: 0.0000
2025-07-29 20:50:51,573: New best model saved at /cluster/work/projects/ec12/michechi/cache/best/best_model_answerdotai_ModernBERT-large_9550_landmark2_no_3_512_all_landmarks_True_20250729_201344_.pt with AUC: 0.7808, F1: 0.0000, Val Loss: 0.3511
2025-07-29 20:58:15,818: Landmark 2 | Epoch 6/20 | Train Loss: 0.3517 | Val Loss: 0.3463 | Validation AUC: 0.7875 | F1-Score: 0.0000
2025-07-29 20:58:16,855: New best model saved at /cluster/work/projects/ec12/michechi/cache/best/best_model_answerdotai_ModernBERT-large_9550_landmark2_no_3_512_all_landmarks_True_20250729_201344_.pt with AUC: 0.7875, F1: 0.0000, Val Loss: 0.3463
2025-07-29 21:05:41,257: Landmark 2 | Epoch 7/20 | Train Loss: 0.3425 | Val Loss: 0.3467 | Validation AUC: 0.7823 | F1-Score: 0.0000
2025-07-29 21:05:41,259: No improvement in epoch 7. Current best AUC: 0.7875, F1: 0.0000, Val Loss: 0.3463. Epochs without improvement: 1/1
2025-07-29 21:05:41,259: Early stopping triggered at epoch 7. Best AUC: 0.7875, F1: 0.0000, Val Loss: 0.3463
2025-07-29 21:05:42,111: Tempo impiegato per Landmark 2: 3117.5 secondi
2025-07-29 21:05:42,111: Tempo medio per epoca: 445.4 secondi
2025-07-29 21:05:42,113: Loading best model from /cluster/work/projects/ec12/michechi/cache/best/best_model_answerdotai_ModernBERT-large_9550_landmark2_no_3_512_all_landmarks_True_20250729_201344_.pt for final evaluation on test set
2025-07-29 21:06:16,413: Final Test AUC (Landmark 2): 0.7788 | Test F1-Score: 0.0000
2025-07-29 21:06:16,414: Preparing data for Landmark 3
Some weights of ModernBertForSequenceClassification were not initialized from the model checkpoint at answerdotai/ModernBERT-large and are newly initialized: ['classifier.bias', 'classifier.weight']
You should probably TRAIN this model on a down-stream task to be able to use it for predictions and inference.
2025-07-29 21:06:21,579: Average train text length: 176.08 words
2025-07-29 21:06:21,579: Average validation text length: 175.47 words
2025-07-29 21:06:21,579: Average test text length: 175.65 words
2025-07-29 21:06:21,579: Training on 14472 samples, validating on 1608, testing on 4020 samples
2025-07-29 21:06:35,698: Fine-tuning at Landmark 3
2025-07-29 21:06:35,704: Early stopping criterion: loss
2025-07-29 21:14:01,173: Landmark 3 | Epoch 1/20 | Train Loss: 0.3967 | Val Loss: 0.3998 | Validation AUC: 0.6758 | F1-Score: 0.0000
2025-07-29 21:14:02,210: New best model saved at /cluster/work/projects/ec12/michechi/cache/best/best_model_answerdotai_ModernBERT-large_9550_landmark3_no_3_512_all_landmarks_True_20250729_210635_.pt with AUC: 0.6758, F1: 0.0000, Val Loss: 0.3998
2025-07-29 21:21:27,817: Landmark 3 | Epoch 2/20 | Train Loss: 0.3628 | Val Loss: 0.3421 | Validation AUC: 0.7953 | F1-Score: 0.0000
2025-07-29 21:21:28,864: New best model saved at /cluster/work/projects/ec12/michechi/cache/best/best_model_answerdotai_ModernBERT-large_9550_landmark3_no_3_512_all_landmarks_True_20250729_210635_.pt with AUC: 0.7953, F1: 0.0000, Val Loss: 0.3421
2025-07-29 21:28:54,473: Landmark 3 | Epoch 3/20 | Train Loss: 0.3482 | Val Loss: 0.3592 | Validation AUC: 0.8013 | F1-Score: 0.0252
2025-07-29 21:28:54,473: No improvement in epoch 3. Current best AUC: 0.7953, F1: 0.0000, Val Loss: 0.3421. Epochs without improvement: 1/1
2025-07-29 21:28:54,473: Early stopping triggered at epoch 3. Best AUC: 0.7953, F1: 0.0000, Val Loss: 0.3421
2025-07-29 21:28:55,286: Tempo impiegato per Landmark 3: 1339.6 secondi
2025-07-29 21:28:55,286: Tempo medio per epoca: 446.5 secondi
2025-07-29 21:28:55,288: Loading best model from /cluster/work/projects/ec12/michechi/cache/best/best_model_answerdotai_ModernBERT-large_9550_landmark3_no_3_512_all_landmarks_True_20250729_210635_.pt for final evaluation on test set
2025-07-29 21:29:29,652: Final Test AUC (Landmark 3): 0.8051 | Test F1-Score: 0.0000
2025-07-29 21:29:29,653: Saving results to results_medical_True_answerdotai_ModernBERT-large_visits3_9550_no_20250729_212929.csv
Using device: cuda
Using device: cuda
Using device: cuda
   Landmark Val AUC  ... Validation Loss Training Time (s)
0         1  0.7295  ...          0.3698            1791.7
1         2  0.7875  ...          0.3463            3117.5
2         3  0.7953  ...          0.3421            1339.6

[3 rows x 9 columns]

Job 1836055 consumed 34.1 billing hours from project ec12.

Submitted 2025-07-29T17:54:50; waited 1.8 hours in the queue after becoming eligible to run.

Requested wallclock time: 1.8 days
Elapsed wallclock time:   1.8 hours

Job exited normally.

Task and CPU statistics:
ID             CPUs  Tasks  CPU util                Start  Elapsed  Exit status
1836055          16            0.0 %  2025-07-29T19:41:52    1.8 h  0
1836055.batch    16      1     8.9 %  2025-07-29T19:41:52    1.8 h  0

Used CPU time:   2.6 CPU hours
Unused CPU time: 1.1 CPU days

Memory statistics, in GiB:
ID              Alloc   Usage
1836055          32.0        
1836055.batch    32.0    10.9

GPU usage stats:
Job 1836055 completed at Tue Jul 29 21:29:34 CEST 2025
