Starting job 1836435 on gpu-1 on fox at Wed Jul 30 15:45:45 CEST 2025

2025-07-30 15:45:58,920: Argument CI: False
2025-07-30 15:45:58,921: Argument all_landmarks: True
2025-07-30 15:45:58,921: Argument batch_size: 8
2025-07-30 15:45:58,921: Argument cache_dir: '/cluster/work/projects/ec12/michechi/cache'
2025-07-30 15:45:58,921: Argument early: 'loss'
2025-07-30 15:45:58,921: Argument epochs: 20
2025-07-30 15:45:58,921: Argument gradient_accumulation_steps: 1
2025-07-30 15:45:58,921: Argument input_csv: '/fp/homes01/u01/ec-michelec/MIMICIV/data/splitted/splitted/landmark_df_evo.csv'
2025-07-30 15:45:58,921: Argument lr: 2e-05
2025-07-30 15:45:58,921: Argument max_length: 2048
2025-07-30 15:45:58,921: Argument max_visits: 3
2025-07-30 15:45:58,921: Argument model_name: 'answerdotai/ModernBERT-large'
2025-07-30 15:45:58,921: Argument model_type: 'medical'
2025-07-30 15:45:58,921: Argument patience: 1
2025-07-30 15:45:58,921: Argument peft: False
2025-07-30 15:45:58,921: Argument prompt_type: 'compact'
2025-07-30 15:45:58,921: Argument seed: 9550
2025-07-30 15:45:58,921: Argument test_csv: '/fp/homes01/u01/ec-michelec/MIMICIV/data/splitted/splitted/landmark_evo_test.csv'
2025-07-30 15:45:58,921: Argument train_csv: '/fp/homes01/u01/ec-michelec/MIMICIV/data/splitted/splitted/landmark_evo_train.csv'
2025-07-30 15:45:58,921: Argument use_quantization: False
2025-07-30 15:45:58,921: Argument val_csv: '/fp/homes01/u01/ec-michelec/MIMICIV/data/splitted/splitted/landmark_evo_vali.csv'
2025-07-30 15:45:58,928: Using prompt type: compact
/fp/homes01/u01/ec-michelec/MIMICIV/src/Finetuning_rfct.py:79: DtypeWarning: Columns (16,17,18,19) have mixed types. Specify dtype option on import or set low_memory=False.
  full_train_df = pd.read_csv(args.train_csv, na_values=['', 'None', 'NaN', 'na', 'nan']).fillna('')
/fp/homes01/u01/ec-michelec/MIMICIV/src/Finetuning_rfct.py:81: DtypeWarning: Columns (16,17,18,19) have mixed types. Specify dtype option on import or set low_memory=False.
  full_test_df = pd.read_csv(args.test_csv, na_values=['', 'None', 'NaN', 'na', 'nan']).fillna('')
2025-07-30 15:46:35,089: Processing all landmarks from 1 to 3
2025-07-30 15:46:35,089: Preparing data for Landmark 1
Some weights of ModernBertForSequenceClassification were not initialized from the model checkpoint at answerdotai/ModernBERT-large and are newly initialized: ['classifier.bias', 'classifier.weight']
You should probably TRAIN this model on a down-stream task to be able to use it for predictions and inference.
2025-07-30 15:46:45,482: Average train text length: 147.90 words
2025-07-30 15:46:45,482: Average validation text length: 147.07 words
2025-07-30 15:46:45,482: Average test text length: 148.65 words
2025-07-30 15:46:45,482: Training on 14472 samples, validating on 1608, testing on 4020 samples
2025-07-30 15:47:00,401: Fine-tuning at Landmark 1
2025-07-30 15:47:00,407: Early stopping criterion: loss
/fp/homes01/u01/ec-michelec/ModernBERT/lib64/python3.9/site-packages/networkx/utils/backends.py:135: RuntimeWarning: networkx backend defined more than once: nx-loopback
  backends.update(_get_backends("networkx.backends"))
2025-07-30 16:35:03,819: Landmark 1 | Epoch 1/20 | Train Loss: 0.3815 | Val Loss: 0.3293 | Validation AUC: 0.8264 | F1-Score: 0.0251
2025-07-30 16:35:04,863: New best model saved at /cluster/work/projects/ec12/michechi/cache/best/best_model_answerdotai_ModernBERT-large_9550_landmark1_compact_3_2048_all_landmarks_True_20250730_154700_.pt with AUC: 0.8264, F1: 0.0251, Val Loss: 0.3293
2025-07-30 17:22:50,962: Landmark 1 | Epoch 2/20 | Train Loss: 0.3369 | Val Loss: 0.3196 | Validation AUC: 0.8297 | F1-Score: 0.3869
2025-07-30 17:22:51,986: New best model saved at /cluster/work/projects/ec12/michechi/cache/best/best_model_answerdotai_ModernBERT-large_9550_landmark1_compact_3_2048_all_landmarks_True_20250730_154700_.pt with AUC: 0.8297, F1: 0.3869, Val Loss: 0.3196
2025-07-30 18:10:38,046: Landmark 1 | Epoch 3/20 | Train Loss: 0.3185 | Val Loss: 0.3224 | Validation AUC: 0.8382 | F1-Score: 0.1190
2025-07-30 18:10:38,048: No improvement in epoch 3. Current best AUC: 0.8297, F1: 0.3869, Val Loss: 0.3196. Epochs without improvement: 1/1
2025-07-30 18:10:38,048: Early stopping triggered at epoch 3. Best AUC: 0.8297, F1: 0.3869, Val Loss: 0.3196
2025-07-30 18:10:39,234: Tempo impiegato per Landmark 1: 8618.8 secondi
2025-07-30 18:10:39,234: Tempo medio per epoca: 2872.9 secondi
2025-07-30 18:10:39,236: Loading best model from /cluster/work/projects/ec12/michechi/cache/best/best_model_answerdotai_ModernBERT-large_9550_landmark1_compact_3_2048_all_landmarks_True_20250730_154700_.pt for final evaluation on test set
2025-07-30 18:14:06,055: Final Test AUC (Landmark 1): 0.8283 | Test F1-Score: 0.3410
2025-07-30 18:14:06,055: Preparing data for Landmark 2
Some weights of ModernBertForSequenceClassification were not initialized from the model checkpoint at answerdotai/ModernBERT-large and are newly initialized: ['classifier.bias', 'classifier.weight']
You should probably TRAIN this model on a down-stream task to be able to use it for predictions and inference.
2025-07-30 18:14:15,731: Average train text length: 160.05 words
2025-07-30 18:14:15,731: Average validation text length: 159.92 words
2025-07-30 18:14:15,731: Average test text length: 158.18 words
2025-07-30 18:14:15,731: Training on 14472 samples, validating on 1608, testing on 4020 samples
2025-07-30 18:14:32,800: Fine-tuning at Landmark 2
2025-07-30 18:14:32,837: Early stopping criterion: loss
2025-07-30 19:02:16,049: Landmark 2 | Epoch 1/20 | Train Loss: 0.3616 | Val Loss: 0.3143 | Validation AUC: 0.8649 | F1-Score: 0.3962
2025-07-30 19:02:17,160: New best model saved at /cluster/work/projects/ec12/michechi/cache/best/best_model_answerdotai_ModernBERT-large_9550_landmark2_compact_3_2048_all_landmarks_True_20250730_181432_.pt with AUC: 0.8649, F1: 0.3962, Val Loss: 0.3143
2025-07-30 19:50:01,338: Landmark 2 | Epoch 2/20 | Train Loss: 0.3155 | Val Loss: 0.2876 | Validation AUC: 0.8836 | F1-Score: 0.2618
2025-07-30 19:50:02,391: New best model saved at /cluster/work/projects/ec12/michechi/cache/best/best_model_answerdotai_ModernBERT-large_9550_landmark2_compact_3_2048_all_landmarks_True_20250730_181432_.pt with AUC: 0.8836, F1: 0.2618, Val Loss: 0.2876
2025-07-30 20:37:45,643: Landmark 2 | Epoch 3/20 | Train Loss: 0.2936 | Val Loss: 0.2738 | Validation AUC: 0.8886 | F1-Score: 0.4836
2025-07-30 20:37:46,729: New best model saved at /cluster/work/projects/ec12/michechi/cache/best/best_model_answerdotai_ModernBERT-large_9550_landmark2_compact_3_2048_all_landmarks_True_20250730_181432_.pt with AUC: 0.8886, F1: 0.4836, Val Loss: 0.2738
2025-07-30 21:25:25,121: Landmark 2 | Epoch 4/20 | Train Loss: 0.3607 | Val Loss: 0.2873 | Validation AUC: 0.8735 | F1-Score: 0.4220
2025-07-30 21:25:25,122: No improvement in epoch 4. Current best AUC: 0.8886, F1: 0.4836, Val Loss: 0.2738. Epochs without improvement: 1/1
2025-07-30 21:25:25,122: Early stopping triggered at epoch 4. Best AUC: 0.8886, F1: 0.4836, Val Loss: 0.2738
2025-07-30 21:25:26,515: Tempo impiegato per Landmark 2: 11453.7 secondi
2025-07-30 21:25:26,515: Tempo medio per epoca: 2863.4 secondi
2025-07-30 21:25:26,517: Loading best model from /cluster/work/projects/ec12/michechi/cache/best/best_model_answerdotai_ModernBERT-large_9550_landmark2_compact_3_2048_all_landmarks_True_20250730_181432_.pt for final evaluation on test set
2025-07-30 21:28:53,019: Final Test AUC (Landmark 2): 0.8556 | Test F1-Score: 0.4583
2025-07-30 21:28:53,019: Preparing data for Landmark 3
Some weights of ModernBertForSequenceClassification were not initialized from the model checkpoint at answerdotai/ModernBERT-large and are newly initialized: ['classifier.bias', 'classifier.weight']
You should probably TRAIN this model on a down-stream task to be able to use it for predictions and inference.
2025-07-30 21:29:01,913: Average train text length: 185.98 words
2025-07-30 21:29:01,913: Average validation text length: 182.43 words
2025-07-30 21:29:01,913: Average test text length: 185.50 words
2025-07-30 21:29:01,913: Training on 14472 samples, validating on 1608, testing on 4020 samples
2025-07-30 21:29:19,302: Fine-tuning at Landmark 3
2025-07-30 21:29:19,336: Early stopping criterion: loss
2025-07-30 22:17:06,723: Landmark 3 | Epoch 1/20 | Train Loss: 0.2809 | Val Loss: 0.1991 | Validation AUC: 0.9466 | F1-Score: 0.6826
2025-07-30 22:17:07,787: New best model saved at /cluster/work/projects/ec12/michechi/cache/best/best_model_answerdotai_ModernBERT-large_9550_landmark3_compact_3_2048_all_landmarks_True_20250730_212919_.pt with AUC: 0.9466, F1: 0.6826, Val Loss: 0.1991
2025-07-30 23:04:55,319: Landmark 3 | Epoch 2/20 | Train Loss: 0.2049 | Val Loss: 0.1786 | Validation AUC: 0.9551 | F1-Score: 0.7523
2025-07-30 23:04:56,394: New best model saved at /cluster/work/projects/ec12/michechi/cache/best/best_model_answerdotai_ModernBERT-large_9550_landmark3_compact_3_2048_all_landmarks_True_20250730_212919_.pt with AUC: 0.9551, F1: 0.7523, Val Loss: 0.1786
2025-07-30 23:52:44,136: Landmark 3 | Epoch 3/20 | Train Loss: 0.1803 | Val Loss: 0.1769 | Validation AUC: 0.9594 | F1-Score: 0.7204
2025-07-30 23:52:45,172: New best model saved at /cluster/work/projects/ec12/michechi/cache/best/best_model_answerdotai_ModernBERT-large_9550_landmark3_compact_3_2048_all_landmarks_True_20250730_212919_.pt with AUC: 0.9594, F1: 0.7204, Val Loss: 0.1769
2025-07-31 00:40:33,432: Landmark 3 | Epoch 4/20 | Train Loss: 0.1597 | Val Loss: 0.1855 | Validation AUC: 0.9574 | F1-Score: 0.7129
2025-07-31 00:40:33,454: No improvement in epoch 4. Current best AUC: 0.9594, F1: 0.7204, Val Loss: 0.1769. Epochs without improvement: 1/1
2025-07-31 00:40:33,454: Early stopping triggered at epoch 4. Best AUC: 0.9594, F1: 0.7204, Val Loss: 0.1769
2025-07-31 00:40:35,657: Tempo impiegato per Landmark 3: 11476.4 secondi
2025-07-31 00:40:35,657: Tempo medio per epoca: 2869.1 secondi
2025-07-31 00:40:35,659: Loading best model from /cluster/work/projects/ec12/michechi/cache/best/best_model_answerdotai_ModernBERT-large_9550_landmark3_compact_3_2048_all_landmarks_True_20250730_212919_.pt for final evaluation on test set
2025-07-31 00:44:02,057: Final Test AUC (Landmark 3): 0.9487 | Test F1-Score: 0.7202
2025-07-31 00:44:02,058: Saving results to results_medical_True_answerdotai_ModernBERT-large_visits3_9550_2048_compact_20250731_004402.csv
Using device: cuda
Using device: cuda
Using device: cuda
   Landmark Val AUC  ... Validation Loss Training Time (s)
0         1  0.8297  ...          0.3196            8618.8
1         2  0.8886  ...          0.2738           11453.7
2         3  0.9594  ...          0.1769           11476.4

[3 rows x 9 columns]

Job 1836435 consumed 170.5 billing hours from project ec12.

Submitted 2025-07-30T15:26:08; waited 19.6 minutes in the queue after becoming eligible to run.

Requested wallclock time: 1.8 days
Elapsed wallclock time:   9.0 hours

Job exited normally.

Task and CPU statistics:
ID             CPUs  Tasks  CPU util                Start  Elapsed  Exit status
1836435          16            0.0 %  2025-07-30T15:45:45    9.0 h  0
1836435.batch    16      1     6.8 %  2025-07-30T15:45:45    9.0 h  0

Used CPU time:   9.7 CPU hours
Unused CPU time: 5.6 CPU days

Memory statistics, in GiB:
ID              Alloc   Usage
1836435          32.0        
1836435.batch    32.0    19.3

GPU usage stats:
Job 1836435 completed at Thu Jul 31 00:44:09 CEST 2025
