Starting job 1853806 on gpu-9 on fox at Wed Aug 13 14:42:03 CEST 2025

2025-08-13 14:42:21,994: Argument CI: False
2025-08-13 14:42:21,995: Argument all_landmarks: True
2025-08-13 14:42:21,995: Argument batch_size: 8
2025-08-13 14:42:21,995: Argument cache_dir: '/cluster/work/projects/ec12/michechi/cache'
2025-08-13 14:42:21,995: Argument early: 'loss'
2025-08-13 14:42:21,995: Argument epochs: 20
2025-08-13 14:42:21,995: Argument gradient_accumulation_steps: 1
2025-08-13 14:42:21,995: Argument input_csv: '/fp/homes01/u01/ec-michelec/MIMICIV/data/splitted/splitted/landmark_df_evo.csv'
2025-08-13 14:42:21,995: Argument lr: 2e-05
2025-08-13 14:42:21,996: Argument max_length: 512
2025-08-13 14:42:21,996: Argument max_visits: 4
2025-08-13 14:42:21,996: Argument model_name: 'Charangan/MedBERT'
2025-08-13 14:42:21,996: Argument model_type: 'medical'
2025-08-13 14:42:21,996: Argument patience: 1
2025-08-13 14:42:21,996: Argument peft: False
2025-08-13 14:42:21,996: Argument prompt_type: 'compact_no_time_rnd'
2025-08-13 14:42:21,996: Argument seed: 4550
2025-08-13 14:42:21,996: Argument test_csv: '/fp/homes01/u01/ec-michelec/MIMICIV/data/splitted/splitted/landmark_evo_test_dod.csv'
2025-08-13 14:42:21,996: Argument train_csv: '/fp/homes01/u01/ec-michelec/MIMICIV/data/splitted/splitted/landmark_evo_train_dod.csv'
2025-08-13 14:42:21,996: Argument use_quantization: False
2025-08-13 14:42:21,996: Argument val_csv: '/fp/homes01/u01/ec-michelec/MIMICIV/data/splitted/splitted/landmark_evo_vali_dod.csv'
2025-08-13 14:42:21,996: Argument when_counting_death: 'landmark'
2025-08-13 14:42:22,028: Using prompt type: compact_no_time_rnd
/fp/homes01/u01/ec-michelec/MIMICIV/src/Finetuning_rfct.py:79: DtypeWarning: Columns (16,17,18,19) have mixed types. Specify dtype option on import or set low_memory=False.
  full_train_df = pd.read_csv(args.train_csv, na_values=['', 'None', 'NaN', 'na', 'nan']).fillna('')
/fp/homes01/u01/ec-michelec/MIMICIV/src/Finetuning_rfct.py:81: DtypeWarning: Columns (16,17,18,19) have mixed types. Specify dtype option on import or set low_memory=False.
  full_test_df = pd.read_csv(args.test_csv, na_values=['', 'None', 'NaN', 'na', 'nan']).fillna('')
2025-08-13 14:42:58,589: Processing all landmarks from 1 to 4
2025-08-13 14:42:58,589: Preparing data for Landmark 1
/fp/projects01/ec30/software/easybuild/software/nlpl-pytorch/2.1.2-foss-2022b-cuda-12.0.0-Python-3.10.8/lib/python3.10/site-packages/torch/_utils.py:831: UserWarning: TypedStorage is deprecated. It will be removed in the future and UntypedStorage will be the only storage class. This should only matter to you if you are using storages directly.  To access UntypedStorage directly, use tensor.untyped_storage() instead of tensor.storage()
  return self.fget.__get__(instance, owner)()
Some weights of BertForSequenceClassification were not initialized from the model checkpoint at Charangan/MedBERT and are newly initialized: ['classifier.bias', 'classifier.weight']
You should probably TRAIN this model on a down-stream task to be able to use it for predictions and inference.
2025-08-13 14:43:04,870: Example train text: You are a Doctor.
What is the probability of death in the next 90 days for 43-year-old F patient?
Visit type: EMERGENCY

DIAGNOSIS HISTORY:
Diagnoses: Cellulitis and abscess of trunk; Other postoperative infection; Nausea with vomiting; Hypovolemia; Abscess of intestine; Diverticulitis of colon (without mention of hemorrhage); Removal of other organ (partial) (total) causing abnormal patient reaction, or later complication, without mention of misadventure at time of operation; Methicillin susceptible Staphylococcus aureus in conditions classified elsewhere and of unspecified site; Acute kidney failure, unspecified.
PRESCRIPTIONS HISTORY:
Medications: Acetaminophen; NS; Magnesium Citrate; Sodium Chloride 0.9%  Flush; MetRONIDAZOLE (FLagyl); Ondansetron; Hydrocodone-Acetaminophen; Docusate Sodium; D5W; HYDROmorphone (Dilaudid); Vancomycin; Iso-Osmotic Dextrose; Ketorolac; Cephalexin; OxycoDONE (Immediate Release) ; Fluticasone Propionate NASAL; D5 1/2NS; Magnesium Sulfate; Morphine Sulfate; Clindamycin; SW; OxycoDONE-Acetaminophen Elixir; Ciprofloxacin; HydrOXYzine; Maalox/Diphenhydramine/Lidocaine; Potassium Chloride; LR; Promethazine HCl; Metoclopramide; Heparin; Pantoprazole; Potassium Chl 20 mEq / 1000 mL D5 1/2 NS; Insulin; Piperacillin-Tazobactam Na; Lorazepam; Ibuprofen; Hydrocortisone (Rectal) 2.5% Cream; Prochlorperazine; Bupivacaine 0.5%; Calcium Carbonate; Escitalopram Oxalate; Nafcillin.
PROCEDURES HISTORY:
Procedures: Open and other sigmoidectomy.
2025-08-13 14:43:04,944: Average train text length: 134.15 words
2025-08-13 14:43:04,944: Average validation text length: 138.37 words
2025-08-13 14:43:04,944: Average test text length: 135.44 words
2025-08-13 14:43:04,944: Training on 8040 samples, validating on 894, testing on 2234 samples
2025-08-13 14:43:11,956: Fine-tuning at Landmark 1
2025-08-13 14:43:13,423: Early stopping criterion: loss
2025-08-13 14:44:24,689: Landmark 1 | Epoch 1/20 | Train Loss: 0.1693 | Val Loss: 0.0659 | Validation AUC: 0.5719 | F1-Score: 0.0000
2025-08-13 14:44:25,151: New best model saved at /cluster/work/projects/ec12/michechi/cache/best/best_model_Charangan_MedBERT_4550_landmark1_compact_no_time_rnd_4_512_landmark_all_landmarks_True_20250813_144313_.pt with AUC: 0.5719, F1: 0.0000, Val Loss: 0.0659
2025-08-13 14:45:36,511: Landmark 1 | Epoch 2/20 | Train Loss: 0.0702 | Val Loss: 0.0609 | Validation AUC: 0.8510 | F1-Score: 0.0000
2025-08-13 14:45:36,883: New best model saved at /cluster/work/projects/ec12/michechi/cache/best/best_model_Charangan_MedBERT_4550_landmark1_compact_no_time_rnd_4_512_landmark_all_landmarks_True_20250813_144313_.pt with AUC: 0.8510, F1: 0.0000, Val Loss: 0.0609
2025-08-13 14:46:48,292: Landmark 1 | Epoch 3/20 | Train Loss: 0.0638 | Val Loss: 0.0534 | Validation AUC: 0.8950 | F1-Score: 0.0000
2025-08-13 14:46:48,630: New best model saved at /cluster/work/projects/ec12/michechi/cache/best/best_model_Charangan_MedBERT_4550_landmark1_compact_no_time_rnd_4_512_landmark_all_landmarks_True_20250813_144313_.pt with AUC: 0.8950, F1: 0.0000, Val Loss: 0.0534
2025-08-13 14:48:00,072: Landmark 1 | Epoch 4/20 | Train Loss: 0.0590 | Val Loss: 0.0565 | Validation AUC: 0.8558 | F1-Score: 0.0000
2025-08-13 14:48:00,072: No improvement in epoch 4. Current best AUC: 0.8950, F1: 0.0000, Val Loss: 0.0534. Epochs without improvement: 1/1
2025-08-13 14:48:00,072: Early stopping triggered at epoch 4. Best AUC: 0.8950, F1: 0.0000, Val Loss: 0.0534
2025-08-13 14:48:00,476: Tempo impiegato per Landmark 1: 288.5 secondi
2025-08-13 14:48:00,476: Tempo medio per epoca: 72.1 secondi
2025-08-13 14:48:00,478: Loading best model from /cluster/work/projects/ec12/michechi/cache/best/best_model_Charangan_MedBERT_4550_landmark1_compact_no_time_rnd_4_512_landmark_all_landmarks_True_20250813_144313_.pt for final evaluation on test set
2025-08-13 14:48:06,572: Final Test AUC (Landmark 1): 0.8681 | Test F1-Score: 0.0000
2025-08-13 14:48:06,572: Preparing data for Landmark 2
Using device: cuda
Some weights of BertForSequenceClassification were not initialized from the model checkpoint at Charangan/MedBERT and are newly initialized: ['classifier.bias', 'classifier.weight']
You should probably TRAIN this model on a down-stream task to be able to use it for predictions and inference.
2025-08-13 14:48:12,193: Example train text: You are a Doctor.
What is the probability of death in the next 90 days for 43-year-old F patient?
Visit type: EMERGENCY

DIAGNOSIS HISTORY:
Diagnoses: Other specified aftercare following surgery; Diverticulosis of colon (without mention of hemorrhage); Esophageal reflux.
PRESCRIPTIONS HISTORY:
Medications: Acetaminophen; Sodium Chloride 0.9%  Flush; LR; Fluticasone Propionate NASAL; Pantoprazole; Ondansetron ODT; Promethazine; Escitalopram Oxalate; Potassium Chl 20 mEq / 1000 mL D5 1/2 NS; Ondansetron; Heparin; Ranitidine.
PROCEDURES HISTORY:
Procedures: .
2025-08-13 14:48:12,270: Average train text length: 139.42 words
2025-08-13 14:48:12,271: Average validation text length: 140.03 words
2025-08-13 14:48:12,271: Average test text length: 139.35 words
2025-08-13 14:48:12,271: Training on 8040 samples, validating on 894, testing on 2234 samples
2025-08-13 14:48:20,048: Fine-tuning at Landmark 2
2025-08-13 14:48:20,052: Early stopping criterion: loss
2025-08-13 14:49:31,463: Landmark 2 | Epoch 1/20 | Train Loss: 0.2441 | Val Loss: 0.1392 | Validation AUC: 0.7755 | F1-Score: 0.0000
2025-08-13 14:49:31,804: New best model saved at /cluster/work/projects/ec12/michechi/cache/best/best_model_Charangan_MedBERT_4550_landmark2_compact_no_time_rnd_4_512_landmark_all_landmarks_True_20250813_144820_.pt with AUC: 0.7755, F1: 0.0000, Val Loss: 0.1392
2025-08-13 14:50:43,288: Landmark 2 | Epoch 2/20 | Train Loss: 0.1553 | Val Loss: 0.1250 | Validation AUC: 0.8389 | F1-Score: 0.0000
2025-08-13 14:50:43,611: New best model saved at /cluster/work/projects/ec12/michechi/cache/best/best_model_Charangan_MedBERT_4550_landmark2_compact_no_time_rnd_4_512_landmark_all_landmarks_True_20250813_144820_.pt with AUC: 0.8389, F1: 0.0000, Val Loss: 0.1250
2025-08-13 14:51:55,160: Landmark 2 | Epoch 3/20 | Train Loss: 0.1369 | Val Loss: 0.1212 | Validation AUC: 0.8487 | F1-Score: 0.0000
2025-08-13 14:51:55,499: New best model saved at /cluster/work/projects/ec12/michechi/cache/best/best_model_Charangan_MedBERT_4550_landmark2_compact_no_time_rnd_4_512_landmark_all_landmarks_True_20250813_144820_.pt with AUC: 0.8487, F1: 0.0000, Val Loss: 0.1212
2025-08-13 14:53:07,033: Landmark 2 | Epoch 4/20 | Train Loss: 0.1187 | Val Loss: 0.1206 | Validation AUC: 0.8799 | F1-Score: 0.2727
2025-08-13 14:53:07,349: New best model saved at /cluster/work/projects/ec12/michechi/cache/best/best_model_Charangan_MedBERT_4550_landmark2_compact_no_time_rnd_4_512_landmark_all_landmarks_True_20250813_144820_.pt with AUC: 0.8799, F1: 0.2727, Val Loss: 0.1206
2025-08-13 14:54:18,834: Landmark 2 | Epoch 5/20 | Train Loss: 0.0909 | Val Loss: 0.1947 | Validation AUC: 0.8457 | F1-Score: 0.2075
2025-08-13 14:54:18,834: No improvement in epoch 5. Current best AUC: 0.8799, F1: 0.2727, Val Loss: 0.1206. Epochs without improvement: 1/1
2025-08-13 14:54:18,834: Early stopping triggered at epoch 5. Best AUC: 0.8799, F1: 0.2727, Val Loss: 0.1206
2025-08-13 14:54:19,219: Tempo impiegato per Landmark 2: 359.2 secondi
2025-08-13 14:54:19,219: Tempo medio per epoca: 71.8 secondi
2025-08-13 14:54:19,221: Loading best model from /cluster/work/projects/ec12/michechi/cache/best/best_model_Charangan_MedBERT_4550_landmark2_compact_no_time_rnd_4_512_landmark_all_landmarks_True_20250813_144820_.pt for final evaluation on test set
2025-08-13 14:54:25,282: Final Test AUC (Landmark 2): 0.8083 | Test F1-Score: 0.1579
2025-08-13 14:54:25,282: Preparing data for Landmark 3
Using device: cuda
Some weights of BertForSequenceClassification were not initialized from the model checkpoint at Charangan/MedBERT and are newly initialized: ['classifier.bias', 'classifier.weight']
You should probably TRAIN this model on a down-stream task to be able to use it for predictions and inference.
2025-08-13 14:54:32,212: Example train text: You are a Doctor.
What is the probability of death in the next 90 days for 46-year-old F patient?
Visit type: NORMAL

DIAGNOSIS HISTORY:
Diagnoses: Orthostatic hypotension; Chest pain, unspecified.
PRESCRIPTIONS HISTORY:
Medications: Pantoprazole; Heparin; Sodium Chloride 0.9%  Flush; Ondansetron; Potassium Chl 20 mEq / 1000 mL D5 1/2 NS; Escitalopram Oxalate; Acetaminophen; LR; Fluticasone Propionate NASAL; .
PROCEDURES HISTORY:
Procedures: .
2025-08-13 14:54:32,314: Average train text length: 178.69 words
2025-08-13 14:54:32,314: Average validation text length: 179.93 words
2025-08-13 14:54:32,314: Average test text length: 177.65 words
2025-08-13 14:54:32,314: Training on 8040 samples, validating on 894, testing on 2234 samples
2025-08-13 14:54:41,768: Fine-tuning at Landmark 3
2025-08-13 14:54:41,773: Early stopping criterion: loss
2025-08-13 14:55:53,579: Landmark 3 | Epoch 1/20 | Train Loss: 0.3402 | Val Loss: 0.2497 | Validation AUC: 0.8392 | F1-Score: 0.2735
2025-08-13 14:55:53,910: New best model saved at /cluster/work/projects/ec12/michechi/cache/best/best_model_Charangan_MedBERT_4550_landmark3_compact_no_time_rnd_4_512_landmark_all_landmarks_True_20250813_145441_.pt with AUC: 0.8392, F1: 0.2735, Val Loss: 0.2497
2025-08-13 14:57:05,704: Landmark 3 | Epoch 2/20 | Train Loss: 0.2407 | Val Loss: 0.2334 | Validation AUC: 0.8579 | F1-Score: 0.4148
2025-08-13 14:57:06,039: New best model saved at /cluster/work/projects/ec12/michechi/cache/best/best_model_Charangan_MedBERT_4550_landmark3_compact_no_time_rnd_4_512_landmark_all_landmarks_True_20250813_145441_.pt with AUC: 0.8579, F1: 0.4148, Val Loss: 0.2334
2025-08-13 14:58:17,888: Landmark 3 | Epoch 3/20 | Train Loss: 0.2085 | Val Loss: 0.2356 | Validation AUC: 0.8731 | F1-Score: 0.4459
2025-08-13 14:58:17,888: No improvement in epoch 3. Current best AUC: 0.8579, F1: 0.4148, Val Loss: 0.2334. Epochs without improvement: 1/1
2025-08-13 14:58:17,889: Early stopping triggered at epoch 3. Best AUC: 0.8579, F1: 0.4148, Val Loss: 0.2334
2025-08-13 14:58:18,272: Tempo impiegato per Landmark 3: 216.5 secondi
2025-08-13 14:58:18,272: Tempo medio per epoca: 72.2 secondi
2025-08-13 14:58:18,274: Loading best model from /cluster/work/projects/ec12/michechi/cache/best/best_model_Charangan_MedBERT_4550_landmark3_compact_no_time_rnd_4_512_landmark_all_landmarks_True_20250813_145441_.pt for final evaluation on test set
2025-08-13 14:58:24,329: Final Test AUC (Landmark 3): 0.8510 | Test F1-Score: 0.3301
2025-08-13 14:58:24,329: Preparing data for Landmark 4
Using device: cuda
Some weights of BertForSequenceClassification were not initialized from the model checkpoint at Charangan/MedBERT and are newly initialized: ['classifier.bias', 'classifier.weight']
You should probably TRAIN this model on a down-stream task to be able to use it for predictions and inference.
2025-08-13 14:58:34,716: Example train text: You are a Doctor.
What is the probability of death in the next 90 days for 47-year-old F patient?
Visit type: NORMAL

DIAGNOSIS HISTORY:
Diagnoses: Anxiety state, unspecified; Diverticulosis of colon (without mention of hemorrhage); Ulceration of intestine; Esophageal reflux; Other and unspecified ovarian cyst; Intestinal bypass or anastomosis status; Other specified disorders of intestine.
PRESCRIPTIONS HISTORY:
Medications: Sodium Chloride 0.9%  Flush; Heparin; 0.9% Sodium Chloride; Potassium Chl 20 mEq / 1000 mL D5 1/2 NS; 0.45% Sodium Chloride; Calcium Carbonate; Ranitidine; Ondansetron ODT; Senna; Escitalopram Oxalate; Sodium Chloride 0.9%  Flush; Acetaminophen; Escitalopram Oxalate; Heparin; Neutra-Phos; Lorazepam; LR; Omeprazole; Vitamin D; Multivitamins; Pantoprazole; Fluticasone Propionate NASAL; Naproxen; Docusate Sodium; Fluticasone Propionate NASAL; Golytely; Acetaminophen; Ondansetron; Desitin; Ketorolac; Influenza Virus Vaccine; Fish Oil (Omega 3); HYDROmorphone (Dilaudid); Ondansetron.
PROCEDURES HISTORY:
Procedures: ; Closed [endoscopic] biopsy of large intestine.
2025-08-13 14:58:34,837: Average train text length: 217.87 words
2025-08-13 14:58:34,837: Average validation text length: 219.02 words
2025-08-13 14:58:34,837: Average test text length: 218.91 words
2025-08-13 14:58:34,837: Training on 8040 samples, validating on 894, testing on 2234 samples
2025-08-13 14:58:46,477: Fine-tuning at Landmark 4
2025-08-13 14:58:46,483: Early stopping criterion: loss
2025-08-13 14:59:58,114: Landmark 4 | Epoch 1/20 | Train Loss: 0.4037 | Val Loss: 0.2291 | Validation AUC: 0.9464 | F1-Score: 0.7362
2025-08-13 14:59:58,452: New best model saved at /cluster/work/projects/ec12/michechi/cache/best/best_model_Charangan_MedBERT_4550_landmark4_compact_no_time_rnd_4_512_landmark_all_landmarks_True_20250813_145846_.pt with AUC: 0.9464, F1: 0.7362, Val Loss: 0.2291
2025-08-13 15:01:10,257: Landmark 4 | Epoch 2/20 | Train Loss: 0.2574 | Val Loss: 0.2479 | Validation AUC: 0.9500 | F1-Score: 0.7147
2025-08-13 15:01:10,257: No improvement in epoch 2. Current best AUC: 0.9464, F1: 0.7362, Val Loss: 0.2291. Epochs without improvement: 1/1
2025-08-13 15:01:10,257: Early stopping triggered at epoch 2. Best AUC: 0.9464, F1: 0.7362, Val Loss: 0.2291
2025-08-13 15:01:10,645: Tempo impiegato per Landmark 4: 144.2 secondi
2025-08-13 15:01:10,645: Tempo medio per epoca: 72.1 secondi
2025-08-13 15:01:10,647: Loading best model from /cluster/work/projects/ec12/michechi/cache/best/best_model_Charangan_MedBERT_4550_landmark4_compact_no_time_rnd_4_512_landmark_all_landmarks_True_20250813_145846_.pt for final evaluation on test set
2025-08-13 15:01:16,687: Final Test AUC (Landmark 4): 0.9269 | Test F1-Score: 0.6894
2025-08-13 15:01:16,688: Saving results to results_medical_True_Charangan_MedBERT_landmark_visits4_4550_512_compact_no_time_rnd_20250813_150116.csv
Using device: cuda
   Landmark Val AUC  ... Validation Loss Training Time (s)
0         1  0.8950  ...          0.0534             288.5
1         2  0.8799  ...          0.1206             359.2
2         3  0.8579  ...          0.2334             216.5
3         4  0.9464  ...          0.2291             144.2

[4 rows x 9 columns]

Job 1853806 consumed 6.1 billing hours from project ec12.

Submitted 2025-08-13T14:41:55; waited 7.0 seconds in the queue after becoming eligible to run.

Requested wallclock time: 6.0 hours
Elapsed wallclock time:   19.3 minutes

Job exited normally.

Task and CPU statistics:
ID             CPUs  Tasks  CPU util                Start   Elapsed  Exit status
1853806          16            0.0 %  2025-08-13T14:42:02  1159.0 s  0
1853806.batch    16      1     6.2 %  2025-08-13T14:42:02  1159.0 s  0

Used CPU time:   19.1 CPU minutes
Unused CPU time: 4.8 CPU hours

Memory statistics, in GiB:
ID              Alloc   Usage
1853806          32.0        
1853806.batch    32.0     8.5

GPU usage stats:
Job 1853806 completed at Wed Aug 13 15:01:21 CEST 2025
