Starting job 1835927 on gpu-2 on fox at Tue Jul 29 12:30:54 CEST 2025

2025-07-29 12:31:38,047: Argument CI: False
2025-07-29 12:31:38,047: Argument all_landmarks: True
2025-07-29 12:31:38,047: Argument batch_size: 8
2025-07-29 12:31:38,047: Argument cache_dir: '/cluster/work/projects/ec12/michechi/cache'
2025-07-29 12:31:38,047: Argument early: 'loss'
2025-07-29 12:31:38,047: Argument epochs: 20
2025-07-29 12:31:38,047: Argument gradient_accumulation_steps: 1
2025-07-29 12:31:38,047: Argument input_csv: '/fp/homes01/u01/ec-michelec/MIMICIV/data/splitted/splitted/landmark_df_evo.csv'
2025-07-29 12:31:38,047: Argument lr: 2e-05
2025-07-29 12:31:38,047: Argument max_length: 512
2025-07-29 12:31:38,047: Argument max_visits: 3
2025-07-29 12:31:38,047: Argument model_name: 'Charangan/MedBERT'
2025-07-29 12:31:38,047: Argument model_type: 'medical'
2025-07-29 12:31:38,047: Argument patience: 1
2025-07-29 12:31:38,047: Argument peft: False
2025-07-29 12:31:38,047: Argument prompt_type: 'no'
2025-07-29 12:31:38,047: Argument seed: 5550
2025-07-29 12:31:38,047: Argument test_csv: '/fp/homes01/u01/ec-michelec/MIMICIV/data/splitted/splitted/landmark_evo_test.csv'
2025-07-29 12:31:38,047: Argument train_csv: '/fp/homes01/u01/ec-michelec/MIMICIV/data/splitted/splitted/landmark_evo_train.csv'
2025-07-29 12:31:38,047: Argument use_quantization: False
2025-07-29 12:31:38,047: Argument val_csv: '/fp/homes01/u01/ec-michelec/MIMICIV/data/splitted/splitted/landmark_evo_vali.csv'
2025-07-29 12:31:38,091: Using prompt type: no
/fp/homes01/u01/ec-michelec/MIMICIV/src/Finetuning_rfct.py:77: DtypeWarning: Columns (16,17,18,19) have mixed types. Specify dtype option on import or set low_memory=False.
  full_train_df = pd.read_csv(args.train_csv, na_values=['', 'None', 'NaN', 'na', 'nan']).fillna('')
/fp/homes01/u01/ec-michelec/MIMICIV/src/Finetuning_rfct.py:79: DtypeWarning: Columns (16,17,18,19) have mixed types. Specify dtype option on import or set low_memory=False.
  full_test_df = pd.read_csv(args.test_csv, na_values=['', 'None', 'NaN', 'na', 'nan']).fillna('')
2025-07-29 12:32:15,414: Processing all landmarks from 1 to 3
2025-07-29 12:32:15,414: Preparing data for Landmark 1
Traceback (most recent call last):
  File "/fp/homes01/u01/ec-michelec/MIMICIV/src/Finetuning_rfct.py", line 221, in <module>
    main()
  File "/fp/homes01/u01/ec-michelec/MIMICIV/src/Finetuning_rfct.py", line 124, in main
    tokenizer = load_tokenizer(args.model_name, args.model_type, hf_token, args.cache_dir)    
  File "/fp/homes01/u01/ec-michelec/MIMICIV/src/models_training.py", line 19, in load_tokenizer
    tokenizer = AutoTokenizer.from_pretrained(
  File "/fp/projects01/ec30/software/easybuild/software/nlpl-transformers/4.47.1-foss-2022b-Python-3.10.8/lib/python3.10/site-packages/transformers/models/auto/tokenization_auto.py", line 921, in from_pretrained
    return tokenizer_class.from_pretrained(pretrained_model_name_or_path, *inputs, **kwargs)
  File "/fp/projects01/ec30/software/easybuild/software/nlpl-transformers/4.47.1-foss-2022b-Python-3.10.8/lib/python3.10/site-packages/transformers/tokenization_utils_base.py", line 1971, in from_pretrained
    tokenizer_config = json.load(reader)
  File "/cluster/software/EL9/easybuild/software/Python/3.10.8-GCCcore-12.2.0/lib/python3.10/json/__init__.py", line 293, in load
    return loads(fp.read(),
  File "/cluster/software/EL9/easybuild/software/Python/3.10.8-GCCcore-12.2.0/lib/python3.10/json/__init__.py", line 346, in loads
    return _default_decoder.decode(s)
  File "/cluster/software/EL9/easybuild/software/Python/3.10.8-GCCcore-12.2.0/lib/python3.10/json/decoder.py", line 337, in decode
    obj, end = self.raw_decode(s, idx=_w(s, 0).end())
  File "/cluster/software/EL9/easybuild/software/Python/3.10.8-GCCcore-12.2.0/lib/python3.10/json/decoder.py", line 355, in raw_decode
    raise JSONDecodeError("Expecting value", s, err.value) from None
json.decoder.JSONDecodeError: Expecting value: line 1 column 1 (char 0)

Job 1835927 consumed 0.4 billing hours from project ec12.

Submitted 2025-07-29T12:30:36; waited 18.0 seconds in the queue after becoming eligible to run.

Requested wallclock time: 24.0 hours
Elapsed wallclock time:   1.4 minutes

Job failed.

Task and CPU statistics:
ID             CPUs  Tasks  CPU util                Start  Elapsed  Exit status
1835927          16            0.0 %  2025-07-29T12:30:54   84.0 s  1
1835927.batch    16      1     3.9 %  2025-07-29T12:30:54   84.0 s  1

Used CPU time:   52.6 CPU seconds
Unused CPU time: 21.5 CPU minutes

Memory statistics, in GiB:
ID              Alloc   Usage
1835927          32.0        
1835927.batch    32.0     3.0

GPU usage stats:
Job 1835927 completed at Tue Jul 29 12:32:18 CEST 2025
