Starting job 1700390 on gpu-11 on fox at Thu Jun 19 13:45:33 CEST 2025

2025-06-19 13:46:05,040: Argument all_landmarks: False
2025-06-19 13:46:05,041: Argument batch_size: 8
2025-06-19 13:46:05,041: Argument cache_dir: '/cluster/work/projects/ec403/ec-michechi/Project_M'
2025-06-19 13:46:05,041: Argument early: 'f1'
2025-06-19 13:46:05,041: Argument epochs: 20
2025-06-19 13:46:05,042: Argument input_csv: '/cluster/work/projects/ec403/ec-michechi/Project_M/data/landmark_df_evo.csv'
2025-06-19 13:46:05,042: Argument lr: 2e-05
2025-06-19 13:46:05,042: Argument max_length: 512
2025-06-19 13:46:05,042: Argument max_visits: 3
2025-06-19 13:46:05,042: Argument model_name: 'Charangan/MedBERT'
2025-06-19 13:46:05,042: Argument model_type: 'medbert'
2025-06-19 13:46:05,042: Argument patience: 3
2025-06-19 13:46:05,042: Argument peft: False
2025-06-19 13:46:05,042: Argument prompt_type: 'no'
2025-06-19 13:46:05,042: Argument seed: 5550
2025-06-19 13:46:05,042: Argument test_csv: '/cluster/work/projects/ec403/ec-michechi/Project_M/data/landmark_evo_test.csv'
2025-06-19 13:46:05,042: Argument train_csv: '/cluster/work/projects/ec403/ec-michechi/Project_M/data/landmark_evo_train.csv'
2025-06-19 13:46:05,042: Argument use_quantization: False
2025-06-19 13:46:05,042: Argument val_csv: '/cluster/work/projects/ec403/ec-michechi/Project_M/data/landmark_evo_vali.csv'
/fp/projects01/ec30/software/easybuild/software/nlpl-pytorch/2.1.2-foss-2022b-cuda-12.0.0-Python-3.10.8/lib/python3.10/site-packages/torch/_utils.py:831: UserWarning: TypedStorage is deprecated. It will be removed in the future and UntypedStorage will be the only storage class. This should only matter to you if you are using storages directly.  To access UntypedStorage directly, use tensor.untyped_storage() instead of tensor.storage()
  return self.fget.__get__(instance, owner)()
Some weights of BertForSequenceClassification were not initialized from the model checkpoint at Charangan/MedBERT and are newly initialized: ['classifier.bias', 'classifier.weight']
You should probably TRAIN this model on a down-stream task to be able to use it for predictions and inference.
2025-06-19 13:46:07,452: Using prompt type: no
2025-06-19 13:46:07,452: Model type: medbert, Model name: Charangan/MedBERT
/fp/homes01/u01/ec-michechi/Project_M/MIMICIV/src/Finetuning.py:427: DtypeWarning: Columns (16,17,18,19) have mixed types. Specify dtype option on import or set low_memory=False.
  full_train_df = pd.read_csv(args.train_csv, na_values=['', 'None', 'NaN', 'na', 'nan']).fillna('')
2025-06-19 13:46:42,634: Processing only the last landmark visit: 3
2025-06-19 13:46:42,635: Preparing data for Landmark 3
2025-06-19 13:46:44,302: Average train text length: 1239.42 words
2025-06-19 13:46:44,302: Average validation text length: 1230.17 words
2025-06-19 13:46:44,302: Average test text length: 1236.08 words
2025-06-19 13:46:44,302: Training on 14477 samples, validating on 1609, testing on 4022 samples
2025-06-19 13:48:01,831: Fine-tuning at Landmark 3
2025-06-19 13:48:02,488: Early stopping criterion: f1
2025-06-19 13:53:32,407: Landmark 3 | Epoch 1/20 | Train Loss: 0.3329 | Val Loss: 0.2366 | Validation AUC: 0.9274 | F1-Score: 0.5549
2025-06-19 13:59:04,023: Landmark 3 | Epoch 2/20 | Train Loss: 0.2401 | Val Loss: 0.2473 | Validation AUC: 0.9145 | F1-Score: 0.6133
2025-06-19 14:04:35,155: Landmark 3 | Epoch 3/20 | Train Loss: 0.2093 | Val Loss: 0.2191 | Validation AUC: 0.9305 | F1-Score: 0.6538
2025-06-19 14:10:06,228: Landmark 3 | Epoch 4/20 | Train Loss: 0.1663 | Val Loss: 0.2421 | Validation AUC: 0.9149 | F1-Score: 0.6650
2025-06-19 14:15:38,265: Landmark 3 | Epoch 5/20 | Train Loss: 0.1093 | Val Loss: 0.2951 | Validation AUC: 0.9281 | F1-Score: 0.6393
2025-06-19 14:21:09,780: Landmark 3 | Epoch 6/20 | Train Loss: 0.0639 | Val Loss: 0.3301 | Validation AUC: 0.9232 | F1-Score: 0.6828
2025-06-19 14:26:41,604: Landmark 3 | Epoch 7/20 | Train Loss: 0.0479 | Val Loss: 0.4221 | Validation AUC: 0.8993 | F1-Score: 0.6410
2025-06-19 14:32:12,722: Landmark 3 | Epoch 8/20 | Train Loss: 0.0294 | Val Loss: 0.4509 | Validation AUC: 0.9108 | F1-Score: 0.6384
2025-06-19 14:37:44,184: Landmark 3 | Epoch 9/20 | Train Loss: 0.0212 | Val Loss: 0.4939 | Validation AUC: 0.9051 | F1-Score: 0.6531
2025-06-19 14:37:44,184: Early stopping triggered at epoch 9
2025-06-19 14:37:44,485: Tempo impiegato per Landmark 3: 2982.7 secondi
2025-06-19 14:37:44,486: Tempo medio per epoca: 331.4 secondi
2025-06-19 14:38:11,252: Final Test AUC (Landmark 3): 0.9004 | Test F1-Score: 0.6242
2025-06-19 14:38:11,253: Saving results to results_medbert_Charangan_MedBERT_visits3_20250619_143811.csv
   Landmark Val AUC  ... Validation Loss Training Time (s)
0         3  0.9232  ...          0.3301            2982.7

[1 rows x 9 columns]

Job 1700390 consumed 16.7 billing hours from project ec403.

Submitted 2025-06-19T13:41:16; waited 4.3 minutes in the queue after becoming eligible to run.

Requested wallclock time: 5.0 hours
Elapsed wallclock time:   52.8 minutes

Job exited normally.

Task and CPU statistics:
ID             CPUs  Tasks  CPU util                Start   Elapsed  Exit status
1700390          16            0.0 %  2025-06-19T13:45:33  3167.0 s  0
1700390.batch    16      1     6.2 %  2025-06-19T13:45:33  3167.0 s  0

Used CPU time:   52.1 CPU minutes
Unused CPU time: 13.2 CPU hours

Memory statistics, in GiB:
ID              Alloc   Usage
1700390          32.0        
1700390.batch    32.0    15.1

Job 1700390 completed at Thu Jun 19 14:38:21 CEST 2025
