Starting job 1853859 on gpu-16 on fox at Wed Aug 13 16:19:04 CEST 2025

2025-08-13 16:19:15,898: Argument CI: False
2025-08-13 16:19:15,898: Argument all_landmarks: True
2025-08-13 16:19:15,898: Argument batch_size: 8
2025-08-13 16:19:15,898: Argument cache_dir: '/cluster/work/projects/ec12/michechi/cache'
2025-08-13 16:19:15,899: Argument early: 'loss'
2025-08-13 16:19:15,899: Argument epochs: 20
2025-08-13 16:19:15,899: Argument gradient_accumulation_steps: 1
2025-08-13 16:19:15,899: Argument input_csv: '/fp/homes01/u01/ec-michelec/MIMICIV/data/splitted/splitted/landmark_df_evo.csv'
2025-08-13 16:19:15,899: Argument lr: 2e-05
2025-08-13 16:19:15,899: Argument max_length: 2048
2025-08-13 16:19:15,899: Argument max_visits: 4
2025-08-13 16:19:15,899: Argument model_name: 'answerdotai/ModernBERT-large'
2025-08-13 16:19:15,899: Argument model_type: 'general'
2025-08-13 16:19:15,899: Argument patience: 1
2025-08-13 16:19:15,899: Argument peft: False
2025-08-13 16:19:15,899: Argument prompt_type: 'compact'
2025-08-13 16:19:15,899: Argument seed: 4550
2025-08-13 16:19:15,899: Argument test_csv: '/fp/homes01/u01/ec-michelec/MIMICIV/data/splitted/splitted/landmark_evo_test_dod.csv'
2025-08-13 16:19:15,899: Argument train_csv: '/fp/homes01/u01/ec-michelec/MIMICIV/data/splitted/splitted/landmark_evo_train_dod.csv'
2025-08-13 16:19:15,899: Argument use_quantization: False
2025-08-13 16:19:15,899: Argument val_csv: '/fp/homes01/u01/ec-michelec/MIMICIV/data/splitted/splitted/landmark_evo_vali_dod.csv'
2025-08-13 16:19:15,899: Argument when_counting_death: 'landmark'
2025-08-13 16:19:15,908: Using prompt type: compact
/fp/homes01/u01/ec-michelec/MIMICIV/src/Finetuning_rfct.py:79: DtypeWarning: Columns (16,17,18,19) have mixed types. Specify dtype option on import or set low_memory=False.
  full_train_df = pd.read_csv(args.train_csv, na_values=['', 'None', 'NaN', 'na', 'nan']).fillna('')
/fp/homes01/u01/ec-michelec/MIMICIV/src/Finetuning_rfct.py:81: DtypeWarning: Columns (16,17,18,19) have mixed types. Specify dtype option on import or set low_memory=False.
  full_test_df = pd.read_csv(args.test_csv, na_values=['', 'None', 'NaN', 'na', 'nan']).fillna('')
2025-08-13 16:19:55,837: Processing all landmarks from 1 to 4
2025-08-13 16:19:55,837: Preparing data for Landmark 1
2025-08-13 16:20:00,486: We will use 90% of the memory on device 0 for storing the model, and 10% for the buffer to avoid OOM. You can set `max_memory` in to a higher value to use more memory (at your own risk).
Some weights of ModernBertForSequenceClassification were not initialized from the model checkpoint at answerdotai/ModernBERT-large and are newly initialized: ['classifier.bias', 'classifier.weight']
You should probably TRAIN this model on a down-stream task to be able to use it for predictions and inference.
2025-08-13 16:20:05,820: Example train text: You are a Doctor.
What is the probability of death in the next 90 days for 43-year-old F patient?
Visit number 1 - EMERGENCY 

DIAGNOSIS HISTORY:
New diagnoses in this visit: Diverticulitis of colon (without mention of hemorrhage); Acute kidney failure, unspecified; Abscess of intestine; Other postoperative infection; Cellulitis and abscess of trunk; Methicillin susceptible Staphylococcus aureus in conditions classified elsewhere and of unspecified site; Removal of other organ (partial) (total) causing abnormal patient reaction, or later complication, without mention of misadventure at time of operation; Hypovolemia; Nausea with vomiting.
PRESCRIPTIONS HISTORY:
New medications in this visit: NS; Potassium Chloride; OxycoDONE (Immediate Release) ; Magnesium Citrate; SW; Magnesium Sulfate; Prochlorperazine; Lorazepam; HYDROmorphone (Dilaudid); Iso-Osmotic Dextrose; Piperacillin-Tazobactam Na; Potassium Chl 20 mEq / 1000 mL D5 1/2 NS; Insulin; LR; Acetaminophen; Ondansetron; Ketorolac; OxycoDONE-Acetaminophen Elixir; Sodium Chloride 0.9%  Flush; Docusate Sodium; Hydrocodone-Acetaminophen; D5W; Clindamycin; Fluticasone Propionate NASAL; Ciprofloxacin; Pantoprazole; Metoclopramide; Calcium Carbonate; Vancomycin; Cephalexin; Heparin; Bupivacaine 0.5%; Promethazine HCl; D5 1/2NS; Hydrocortisone (Rectal) 2.5% Cream; Morphine Sulfate; Escitalopram Oxalate; Maalox/Diphenhydramine/Lidocaine; Nafcillin; HydrOXYzine; MetRONIDAZOLE (FLagyl); Ibuprofen.
PROCEDURES HISTORY:
New procedures in this visit: Open and other sigmoidectomy.
2025-08-13 16:20:05,892: Average train text length: 148.15 words
2025-08-13 16:20:05,892: Average validation text length: 152.37 words
2025-08-13 16:20:05,892: Average test text length: 149.44 words
2025-08-13 16:20:05,892: Training on 8040 samples, validating on 894, testing on 2234 samples
2025-08-13 16:20:12,573: Fine-tuning at Landmark 1
2025-08-13 16:20:12,580: Early stopping criterion: loss
/fp/homes01/u01/ec-michelec/ModernBERT/lib64/python3.9/site-packages/networkx/utils/backends.py:135: RuntimeWarning: networkx backend defined more than once: nx-loopback
  backends.update(_get_backends("networkx.backends"))
2025-08-13 16:31:10,421: Landmark 1 | Epoch 1/20 | Train Loss: 0.4065 | Val Loss: 0.0761 | Validation AUC: 0.6716 | F1-Score: 0.0000
2025-08-13 16:31:10,984: New best model saved at /cluster/work/projects/ec12/michechi/cache/best/best_model_answerdotai_ModernBERT-large_4550_landmark1_compact_4_2048_landmark_all_landmarks_True_20250813_162012_.pt with AUC: 0.6716, F1: 0.0000, Val Loss: 0.0761
2025-08-13 16:41:55,394: Landmark 1 | Epoch 2/20 | Train Loss: 0.0715 | Val Loss: 0.0650 | Validation AUC: 0.6597 | F1-Score: 0.0000
2025-08-13 16:41:55,951: New best model saved at /cluster/work/projects/ec12/michechi/cache/best/best_model_answerdotai_ModernBERT-large_4550_landmark1_compact_4_2048_landmark_all_landmarks_True_20250813_162012_.pt with AUC: 0.6597, F1: 0.0000, Val Loss: 0.0650
2025-08-13 16:52:40,264: Landmark 1 | Epoch 3/20 | Train Loss: 0.0696 | Val Loss: 0.0645 | Validation AUC: 0.7085 | F1-Score: 0.0000
2025-08-13 16:52:40,838: New best model saved at /cluster/work/projects/ec12/michechi/cache/best/best_model_answerdotai_ModernBERT-large_4550_landmark1_compact_4_2048_landmark_all_landmarks_True_20250813_162012_.pt with AUC: 0.7085, F1: 0.0000, Val Loss: 0.0645
2025-08-13 17:03:23,629: Landmark 1 | Epoch 4/20 | Train Loss: 0.0722 | Val Loss: 0.0629 | Validation AUC: 0.7248 | F1-Score: 0.0000
2025-08-13 17:03:24,185: New best model saved at /cluster/work/projects/ec12/michechi/cache/best/best_model_answerdotai_ModernBERT-large_4550_landmark1_compact_4_2048_landmark_all_landmarks_True_20250813_162012_.pt with AUC: 0.7248, F1: 0.0000, Val Loss: 0.0629
2025-08-13 17:14:06,909: Landmark 1 | Epoch 5/20 | Train Loss: 0.0740 | Val Loss: 0.0653 | Validation AUC: 0.6397 | F1-Score: 0.0000
2025-08-13 17:14:06,909: No improvement in epoch 5. Current best AUC: 0.7248, F1: 0.0000, Val Loss: 0.0629. Epochs without improvement: 1/1
2025-08-13 17:14:06,909: Early stopping triggered at epoch 5. Best AUC: 0.7248, F1: 0.0000, Val Loss: 0.0629
2025-08-13 17:14:07,216: Tempo impiegato per Landmark 1: 3234.6 secondi
2025-08-13 17:14:07,217: Tempo medio per epoca: 646.9 secondi
2025-08-13 17:14:07,218: Loading best model from /cluster/work/projects/ec12/michechi/cache/best/best_model_answerdotai_ModernBERT-large_4550_landmark1_compact_4_2048_landmark_all_landmarks_True_20250813_162012_.pt for final evaluation on test set
2025-08-13 17:14:49,005: Final Test AUC (Landmark 1): 0.7405 | Test F1-Score: 0.0000
2025-08-13 17:14:49,005: Preparing data for Landmark 2
2025-08-13 17:14:51,134: We will use 90% of the memory on device 0 for storing the model, and 10% for the buffer to avoid OOM. You can set `max_memory` in to a higher value to use more memory (at your own risk).
Some weights of ModernBertForSequenceClassification were not initialized from the model checkpoint at answerdotai/ModernBERT-large and are newly initialized: ['classifier.bias', 'classifier.weight']
You should probably TRAIN this model on a down-stream task to be able to use it for predictions and inference.
2025-08-13 17:14:57,673: Example train text: You are a Doctor.
What is the probability of death in the next 90 days for 43-year-old F patient?
Visit number 2 - EMERGENCY 
Last visit happened 6.0 days ago.
DIAGNOSIS HISTORY:
New diagnoses in this visit: Esophageal reflux; Diverticulosis of colon (without mention of hemorrhage); Other specified aftercare following surgery.
PRESCRIPTIONS HISTORY:
Chronic medications: Potassium Chl 20 mEq / 1000 mL D5 1/2 NS; LR; Acetaminophen; Ondansetron; Sodium Chloride 0.9%  Flush; Fluticasone Propionate NASAL; Pantoprazole; Heparin; Escitalopram Oxalate.
New medications in this visit: Ranitidine; Promethazine; Ondansetron ODT.
PROCEDURES HISTORY:
New procedures in this visit: .
2025-08-13 17:14:57,746: Average train text length: 161.71 words
2025-08-13 17:14:57,746: Average validation text length: 162.29 words
2025-08-13 17:14:57,746: Average test text length: 161.59 words
2025-08-13 17:14:57,746: Training on 8040 samples, validating on 894, testing on 2234 samples
2025-08-13 17:15:05,631: Fine-tuning at Landmark 2
2025-08-13 17:15:05,649: Early stopping criterion: loss
2025-08-13 17:25:46,542: Landmark 2 | Epoch 1/20 | Train Loss: 0.4530 | Val Loss: 0.1489 | Validation AUC: 0.6947 | F1-Score: 0.0000
2025-08-13 17:25:47,114: New best model saved at /cluster/work/projects/ec12/michechi/cache/best/best_model_answerdotai_ModernBERT-large_4550_landmark2_compact_4_2048_landmark_all_landmarks_True_20250813_171505_.pt with AUC: 0.6947, F1: 0.0000, Val Loss: 0.1489
2025-08-13 17:36:29,832: Landmark 2 | Epoch 2/20 | Train Loss: 0.1691 | Val Loss: 0.1382 | Validation AUC: 0.7422 | F1-Score: 0.0000
2025-08-13 17:36:30,413: New best model saved at /cluster/work/projects/ec12/michechi/cache/best/best_model_answerdotai_ModernBERT-large_4550_landmark2_compact_4_2048_landmark_all_landmarks_True_20250813_171505_.pt with AUC: 0.7422, F1: 0.0000, Val Loss: 0.1382
2025-08-13 17:47:13,197: Landmark 2 | Epoch 3/20 | Train Loss: 0.1640 | Val Loss: 0.1408 | Validation AUC: 0.7508 | F1-Score: 0.0000
2025-08-13 17:47:13,197: No improvement in epoch 3. Current best AUC: 0.7422, F1: 0.0000, Val Loss: 0.1382. Epochs without improvement: 1/1
2025-08-13 17:47:13,197: Early stopping triggered at epoch 3. Best AUC: 0.7422, F1: 0.0000, Val Loss: 0.1382
2025-08-13 17:47:13,527: Tempo impiegato per Landmark 2: 1927.9 secondi
2025-08-13 17:47:13,527: Tempo medio per epoca: 642.6 secondi
2025-08-13 17:47:13,529: Loading best model from /cluster/work/projects/ec12/michechi/cache/best/best_model_answerdotai_ModernBERT-large_4550_landmark2_compact_4_2048_landmark_all_landmarks_True_20250813_171505_.pt for final evaluation on test set
2025-08-13 17:47:54,921: Final Test AUC (Landmark 2): 0.7628 | Test F1-Score: 0.0000
2025-08-13 17:47:54,921: Preparing data for Landmark 3
2025-08-13 17:47:57,073: We will use 90% of the memory on device 0 for storing the model, and 10% for the buffer to avoid OOM. You can set `max_memory` in to a higher value to use more memory (at your own risk).
Some weights of ModernBertForSequenceClassification were not initialized from the model checkpoint at answerdotai/ModernBERT-large and are newly initialized: ['classifier.bias', 'classifier.weight']
You should probably TRAIN this model on a down-stream task to be able to use it for predictions and inference.
2025-08-13 17:48:01,048: Example train text: You are a Doctor.
What is the probability of death in the next 90 days for 46-year-old F patient?
Visit number 3 - NORMAL 
Last visit happened 1127.0 days ago.
DIAGNOSIS HISTORY:
New diagnoses in this visit: Chest pain, unspecified; Orthostatic hypotension.
PRESCRIPTIONS HISTORY:
Chronic medications: Potassium Chl 20 mEq / 1000 mL D5 1/2 NS; LR; Acetaminophen; Ondansetron; Sodium Chloride 0.9%  Flush; Fluticasone Propionate NASAL; Pantoprazole; Heparin; Escitalopram Oxalate.
New medications in this visit: .
PROCEDURES HISTORY:
Chronic procedures: .
2025-08-13 17:48:01,135: Average train text length: 182.84 words
2025-08-13 17:48:01,136: Average validation text length: 183.68 words
2025-08-13 17:48:01,136: Average test text length: 181.70 words
2025-08-13 17:48:01,136: Training on 8040 samples, validating on 894, testing on 2234 samples
2025-08-13 17:48:09,098: Fine-tuning at Landmark 3
2025-08-13 17:48:09,124: Early stopping criterion: loss
2025-08-13 17:58:51,903: Landmark 3 | Epoch 1/20 | Train Loss: 0.5605 | Val Loss: 0.2861 | Validation AUC: 0.7386 | F1-Score: 0.0000
2025-08-13 17:58:52,461: New best model saved at /cluster/work/projects/ec12/michechi/cache/best/best_model_answerdotai_ModernBERT-large_4550_landmark3_compact_4_2048_landmark_all_landmarks_True_20250813_174809_.pt with AUC: 0.7386, F1: 0.0000, Val Loss: 0.2861
2025-08-13 18:09:35,120: Landmark 3 | Epoch 2/20 | Train Loss: 0.2846 | Val Loss: 0.2837 | Validation AUC: 0.8003 | F1-Score: 0.0000
2025-08-13 18:09:35,669: New best model saved at /cluster/work/projects/ec12/michechi/cache/best/best_model_answerdotai_ModernBERT-large_4550_landmark3_compact_4_2048_landmark_all_landmarks_True_20250813_174809_.pt with AUC: 0.8003, F1: 0.0000, Val Loss: 0.2837
2025-08-13 18:20:18,564: Landmark 3 | Epoch 3/20 | Train Loss: 0.2703 | Val Loss: 0.2588 | Validation AUC: 0.8206 | F1-Score: 0.0000
2025-08-13 18:20:19,131: New best model saved at /cluster/work/projects/ec12/michechi/cache/best/best_model_answerdotai_ModernBERT-large_4550_landmark3_compact_4_2048_landmark_all_landmarks_True_20250813_174809_.pt with AUC: 0.8206, F1: 0.0000, Val Loss: 0.2588
2025-08-13 18:31:02,061: Landmark 3 | Epoch 4/20 | Train Loss: 0.2580 | Val Loss: 0.2505 | Validation AUC: 0.8385 | F1-Score: 0.0449
2025-08-13 18:31:02,614: New best model saved at /cluster/work/projects/ec12/michechi/cache/best/best_model_answerdotai_ModernBERT-large_4550_landmark3_compact_4_2048_landmark_all_landmarks_True_20250813_174809_.pt with AUC: 0.8385, F1: 0.0449, Val Loss: 0.2505
2025-08-13 18:41:45,178: Landmark 3 | Epoch 5/20 | Train Loss: 0.2482 | Val Loss: 0.2432 | Validation AUC: 0.8458 | F1-Score: 0.0860
2025-08-13 18:41:45,725: New best model saved at /cluster/work/projects/ec12/michechi/cache/best/best_model_answerdotai_ModernBERT-large_4550_landmark3_compact_4_2048_landmark_all_landmarks_True_20250813_174809_.pt with AUC: 0.8458, F1: 0.0860, Val Loss: 0.2432
2025-08-13 18:52:26,185: Landmark 3 | Epoch 6/20 | Train Loss: 0.2407 | Val Loss: 0.2515 | Validation AUC: 0.8478 | F1-Score: 0.2264
2025-08-13 18:52:26,185: No improvement in epoch 6. Current best AUC: 0.8458, F1: 0.0860, Val Loss: 0.2432. Epochs without improvement: 1/1
2025-08-13 18:52:26,185: Early stopping triggered at epoch 6. Best AUC: 0.8458, F1: 0.0860, Val Loss: 0.2432
2025-08-13 18:52:26,511: Tempo impiegato per Landmark 3: 3857.4 secondi
2025-08-13 18:52:26,511: Tempo medio per epoca: 642.9 secondi
2025-08-13 18:52:26,513: Loading best model from /cluster/work/projects/ec12/michechi/cache/best/best_model_answerdotai_ModernBERT-large_4550_landmark3_compact_4_2048_landmark_all_landmarks_True_20250813_174809_.pt for final evaluation on test set
2025-08-13 18:53:07,784: Final Test AUC (Landmark 3): 0.8231 | Test F1-Score: 0.0459
2025-08-13 18:53:07,785: Preparing data for Landmark 4
2025-08-13 18:53:09,807: We will use 90% of the memory on device 0 for storing the model, and 10% for the buffer to avoid OOM. You can set `max_memory` in to a higher value to use more memory (at your own risk).
Some weights of ModernBertForSequenceClassification were not initialized from the model checkpoint at answerdotai/ModernBERT-large and are newly initialized: ['classifier.bias', 'classifier.weight']
You should probably TRAIN this model on a down-stream task to be able to use it for predictions and inference.
2025-08-13 18:53:14,566: Example train text: You are a Doctor.
What is the probability of death in the next 90 days for 47-year-old F patient?
Visit number 4 - NORMAL 
Last visit happened 233.0 days ago.
DIAGNOSIS HISTORY:
Chronic diagnoses: Esophageal reflux; Diverticulosis of colon (without mention of hemorrhage).
New diagnoses in this visit: Other specified disorders of intestine; Ulceration of intestine; Other and unspecified ovarian cyst; Intestinal bypass or anastomosis status; Anxiety state, unspecified.
PRESCRIPTIONS HISTORY:
Chronic medications: Lorazepam; HYDROmorphone (Dilaudid); Potassium Chl 20 mEq / 1000 mL D5 1/2 NS; LR; Acetaminophen; Ondansetron; Ketorolac; Sodium Chloride 0.9%  Flush; Docusate Sodium; Fluticasone Propionate NASAL; Pantoprazole; Calcium Carbonate; Heparin; Escitalopram Oxalate; Ranitidine; Ondansetron ODT.
New medications in this visit: Senna; Vitamin D; Omeprazole; Desitin; 0.45% Sodium Chloride; 0.9% Sodium Chloride; Multivitamins; Influenza Virus Vaccine; Golytely; Neutra-Phos; Fish Oil (Omega 3); Naproxen.
PROCEDURES HISTORY:
Chronic procedures: .
New procedures in this visit: Closed [endoscopic] biopsy of large intestine.
2025-08-13 18:53:14,670: Average train text length: 212.44 words
2025-08-13 18:53:14,670: Average validation text length: 213.31 words
2025-08-13 18:53:14,670: Average test text length: 212.92 words
2025-08-13 18:53:14,670: Training on 8040 samples, validating on 894, testing on 2234 samples
2025-08-13 18:53:23,377: Fine-tuning at Landmark 4
2025-08-13 18:53:23,405: Early stopping criterion: loss
2025-08-13 19:04:03,651: Landmark 4 | Epoch 1/20 | Train Loss: 0.6214 | Val Loss: 0.4161 | Validation AUC: 0.8207 | F1-Score: 0.4754
2025-08-13 19:04:04,240: New best model saved at /cluster/work/projects/ec12/michechi/cache/best/best_model_answerdotai_ModernBERT-large_4550_landmark4_compact_4_2048_landmark_all_landmarks_True_20250813_185323_.pt with AUC: 0.8207, F1: 0.4754, Val Loss: 0.4161
2025-08-13 19:14:44,185: Landmark 4 | Epoch 2/20 | Train Loss: 0.3901 | Val Loss: 0.3489 | Validation AUC: 0.8560 | F1-Score: 0.4194
2025-08-13 19:14:44,738: New best model saved at /cluster/work/projects/ec12/michechi/cache/best/best_model_answerdotai_ModernBERT-large_4550_landmark4_compact_4_2048_landmark_all_landmarks_True_20250813_185323_.pt with AUC: 0.8560, F1: 0.4194, Val Loss: 0.3489
2025-08-13 19:25:26,044: Landmark 4 | Epoch 3/20 | Train Loss: 0.3524 | Val Loss: 0.3230 | Validation AUC: 0.8878 | F1-Score: 0.3568
2025-08-13 19:25:26,611: New best model saved at /cluster/work/projects/ec12/michechi/cache/best/best_model_answerdotai_ModernBERT-large_4550_landmark4_compact_4_2048_landmark_all_landmarks_True_20250813_185323_.pt with AUC: 0.8878, F1: 0.3568, Val Loss: 0.3230
2025-08-13 19:36:06,485: Landmark 4 | Epoch 4/20 | Train Loss: 0.3151 | Val Loss: 0.2965 | Validation AUC: 0.9157 | F1-Score: 0.6930
2025-08-13 19:36:07,042: New best model saved at /cluster/work/projects/ec12/michechi/cache/best/best_model_answerdotai_ModernBERT-large_4550_landmark4_compact_4_2048_landmark_all_landmarks_True_20250813_185323_.pt with AUC: 0.9157, F1: 0.6930, Val Loss: 0.2965
2025-08-13 19:46:46,829: Landmark 4 | Epoch 5/20 | Train Loss: 0.2776 | Val Loss: 0.2396 | Validation AUC: 0.9369 | F1-Score: 0.7097
2025-08-13 19:46:47,386: New best model saved at /cluster/work/projects/ec12/michechi/cache/best/best_model_answerdotai_ModernBERT-large_4550_landmark4_compact_4_2048_landmark_all_landmarks_True_20250813_185323_.pt with AUC: 0.9369, F1: 0.7097, Val Loss: 0.2396
2025-08-13 19:57:27,171: Landmark 4 | Epoch 6/20 | Train Loss: 0.2544 | Val Loss: 0.2482 | Validation AUC: 0.9398 | F1-Score: 0.7529
2025-08-13 19:57:27,171: No improvement in epoch 6. Current best AUC: 0.9369, F1: 0.7097, Val Loss: 0.2396. Epochs without improvement: 1/1
2025-08-13 19:57:27,171: Early stopping triggered at epoch 6. Best AUC: 0.9369, F1: 0.7097, Val Loss: 0.2396
2025-08-13 19:57:27,494: Tempo impiegato per Landmark 4: 3844.1 secondi
2025-08-13 19:57:27,494: Tempo medio per epoca: 640.7 secondi
2025-08-13 19:57:27,496: Loading best model from /cluster/work/projects/ec12/michechi/cache/best/best_model_answerdotai_ModernBERT-large_4550_landmark4_compact_4_2048_landmark_all_landmarks_True_20250813_185323_.pt for final evaluation on test set
2025-08-13 19:58:08,889: Final Test AUC (Landmark 4): 0.9110 | Test F1-Score: 0.6539
2025-08-13 19:58:08,890: Saving results to results_general_True_answerdotai_ModernBERT-large_landmark_visits4_4550_2048_compact_20250813_195808.csv
Using device: cuda
Using device: cuda
Using device: cuda
Using device: cuda
   Landmark Val AUC  ... Validation Loss Training Time (s)
0         1  0.7248  ...          0.0629            3234.6
1         2  0.7422  ...          0.1382            1927.9
2         3  0.8458  ...          0.2432            3857.4
3         4  0.9369  ...          0.2396            3844.1

[4 rows x 9 columns]

Job 1853859 consumed 69.4 billing hours from project ec12.

Submitted 2025-08-13T16:19:01; waited 3.0 seconds in the queue after becoming eligible to run.

Requested wallclock time: 10.0 hours
Elapsed wallclock time:   3.7 hours

Job exited normally.

Task and CPU statistics:
ID             CPUs  Tasks  CPU util                Start  Elapsed  Exit status
1853859          16            0.0 %  2025-08-13T16:19:04    3.7 h  0
1853859.batch    16      1     7.8 %  2025-08-13T16:19:04    3.7 h  0

Used CPU time:   4.6 CPU hours
Unused CPU time: 2.2 CPU days

Memory statistics, in GiB:
ID              Alloc   Usage
1853859          32.0        
1853859.batch    32.0    15.1

Job 1853859 completed at Wed Aug 13 19:58:13 CEST 2025
