Starting job 1836244 on gpu-1 on fox at Wed Jul 30 12:02:35 CEST 2025

2025-07-30 12:02:59,791: Argument CI: False
2025-07-30 12:02:59,791: Argument all_landmarks: True
2025-07-30 12:02:59,791: Argument batch_size: 8
2025-07-30 12:02:59,791: Argument cache_dir: '/cluster/work/projects/ec12/michechi/cache'
2025-07-30 12:02:59,791: Argument early: 'loss'
2025-07-30 12:02:59,791: Argument epochs: 20
2025-07-30 12:02:59,791: Argument gradient_accumulation_steps: 1
2025-07-30 12:02:59,791: Argument input_csv: '/fp/homes01/u01/ec-michelec/MIMICIV/data/splitted/splitted/landmark_df_evo.csv'
2025-07-30 12:02:59,791: Argument lr: 2e-05
2025-07-30 12:02:59,791: Argument max_length: 2048
2025-07-30 12:02:59,791: Argument max_visits: 3
2025-07-30 12:02:59,791: Argument model_name: 'answerdotai/ModernBERT-large'
2025-07-30 12:02:59,791: Argument model_type: 'medical'
2025-07-30 12:02:59,791: Argument patience: 1
2025-07-30 12:02:59,791: Argument peft: False
2025-07-30 12:02:59,791: Argument prompt_type: 'full_no_time_rnd'
2025-07-30 12:02:59,791: Argument seed: 9550
2025-07-30 12:02:59,791: Argument test_csv: '/fp/homes01/u01/ec-michelec/MIMICIV/data/splitted/splitted/landmark_evo_test.csv'
2025-07-30 12:02:59,791: Argument train_csv: '/fp/homes01/u01/ec-michelec/MIMICIV/data/splitted/splitted/landmark_evo_train.csv'
2025-07-30 12:02:59,791: Argument use_quantization: False
2025-07-30 12:02:59,791: Argument val_csv: '/fp/homes01/u01/ec-michelec/MIMICIV/data/splitted/splitted/landmark_evo_vali.csv'
2025-07-30 12:02:59,858: Using prompt type: full_no_time_rnd
/fp/homes01/u01/ec-michelec/MIMICIV/src/Finetuning_rfct.py:79: DtypeWarning: Columns (16,17,18,19) have mixed types. Specify dtype option on import or set low_memory=False.
  full_train_df = pd.read_csv(args.train_csv, na_values=['', 'None', 'NaN', 'na', 'nan']).fillna('')
/fp/homes01/u01/ec-michelec/MIMICIV/src/Finetuning_rfct.py:81: DtypeWarning: Columns (16,17,18,19) have mixed types. Specify dtype option on import or set low_memory=False.
  full_test_df = pd.read_csv(args.test_csv, na_values=['', 'None', 'NaN', 'na', 'nan']).fillna('')
2025-07-30 12:03:39,778: Processing all landmarks from 1 to 3
2025-07-30 12:03:39,778: Preparing data for Landmark 1
Some weights of ModernBertForSequenceClassification were not initialized from the model checkpoint at answerdotai/ModernBERT-large and are newly initialized: ['classifier.bias', 'classifier.weight']
You should probably TRAIN this model on a down-stream task to be able to use it for predictions and inference.
2025-07-30 12:03:51,857: Average train text length: 130.90 words
2025-07-30 12:03:51,857: Average validation text length: 130.07 words
2025-07-30 12:03:51,858: Average test text length: 131.65 words
2025-07-30 12:03:51,858: Training on 14472 samples, validating on 1608, testing on 4020 samples
2025-07-30 12:04:05,789: Fine-tuning at Landmark 1
2025-07-30 12:04:05,813: Early stopping criterion: loss
/fp/homes01/u01/ec-michelec/ModernBERT/lib64/python3.9/site-packages/networkx/utils/backends.py:135: RuntimeWarning: networkx backend defined more than once: nx-loopback
  backends.update(_get_backends("networkx.backends"))
2025-07-30 12:52:01,360: Landmark 1 | Epoch 1/20 | Train Loss: 0.4089 | Val Loss: 0.3849 | Validation AUC: 0.7086 | F1-Score: 0.0000
2025-07-30 12:52:02,406: New best model saved at /cluster/work/projects/ec12/michechi/cache/best/best_model_answerdotai_ModernBERT-large_9550_landmark1_full_no_time_rnd_3_2048_all_landmarks_True_20250730_120405_.pt with AUC: 0.7086, F1: 0.0000, Val Loss: 0.3849
2025-07-30 13:39:36,725: Landmark 1 | Epoch 2/20 | Train Loss: 0.3960 | Val Loss: 0.3822 | Validation AUC: 0.7633 | F1-Score: 0.0000
2025-07-30 13:39:37,747: New best model saved at /cluster/work/projects/ec12/michechi/cache/best/best_model_answerdotai_ModernBERT-large_9550_landmark1_full_no_time_rnd_3_2048_all_landmarks_True_20250730_120405_.pt with AUC: 0.7633, F1: 0.0000, Val Loss: 0.3822
2025-07-30 14:27:11,524: Landmark 1 | Epoch 3/20 | Train Loss: 0.3664 | Val Loss: 0.3669 | Validation AUC: 0.7971 | F1-Score: 0.0000
2025-07-30 14:27:12,563: New best model saved at /cluster/work/projects/ec12/michechi/cache/best/best_model_answerdotai_ModernBERT-large_9550_landmark1_full_no_time_rnd_3_2048_all_landmarks_True_20250730_120405_.pt with AUC: 0.7971, F1: 0.0000, Val Loss: 0.3669
2025-07-30 15:14:47,515: Landmark 1 | Epoch 4/20 | Train Loss: 0.3807 | Val Loss: 0.3417 | Validation AUC: 0.7990 | F1-Score: 0.0000
2025-07-30 15:14:48,571: New best model saved at /cluster/work/projects/ec12/michechi/cache/best/best_model_answerdotai_ModernBERT-large_9550_landmark1_full_no_time_rnd_3_2048_all_landmarks_True_20250730_120405_.pt with AUC: 0.7990, F1: 0.0000, Val Loss: 0.3417
2025-07-30 16:02:22,342: Landmark 1 | Epoch 5/20 | Train Loss: 0.3354 | Val Loss: 0.3433 | Validation AUC: 0.8210 | F1-Score: 0.3676
2025-07-30 16:02:22,359: No improvement in epoch 5. Current best AUC: 0.7990, F1: 0.0000, Val Loss: 0.3417. Epochs without improvement: 1/1
2025-07-30 16:02:22,359: Early stopping triggered at epoch 5. Best AUC: 0.7990, F1: 0.0000, Val Loss: 0.3417
2025-07-30 16:02:24,579: Tempo impiegato per Landmark 1: 14298.8 secondi
2025-07-30 16:02:24,580: Tempo medio per epoca: 2859.8 secondi
2025-07-30 16:02:24,581: Loading best model from /cluster/work/projects/ec12/michechi/cache/best/best_model_answerdotai_ModernBERT-large_9550_landmark1_full_no_time_rnd_3_2048_all_landmarks_True_20250730_120405_.pt for final evaluation on test set
2025-07-30 16:05:50,500: Final Test AUC (Landmark 1): 0.7906 | Test F1-Score: 0.0000
2025-07-30 16:05:50,501: Preparing data for Landmark 2
Some weights of ModernBertForSequenceClassification were not initialized from the model checkpoint at answerdotai/ModernBERT-large and are newly initialized: ['classifier.bias', 'classifier.weight']
You should probably TRAIN this model on a down-stream task to be able to use it for predictions and inference.
2025-07-30 16:05:59,905: Average train text length: 237.75 words
2025-07-30 16:05:59,905: Average validation text length: 236.84 words
2025-07-30 16:05:59,905: Average test text length: 236.66 words
2025-07-30 16:05:59,905: Training on 14472 samples, validating on 1608, testing on 4020 samples
2025-07-30 16:06:22,436: Fine-tuning at Landmark 2
2025-07-30 16:06:22,462: Early stopping criterion: loss
2025-07-30 16:54:04,401: Landmark 2 | Epoch 1/20 | Train Loss: 0.3694 | Val Loss: 0.3078 | Validation AUC: 0.8624 | F1-Score: 0.2527
2025-07-30 16:54:05,488: New best model saved at /cluster/work/projects/ec12/michechi/cache/best/best_model_answerdotai_ModernBERT-large_9550_landmark2_full_no_time_rnd_3_2048_all_landmarks_True_20250730_160622_.pt with AUC: 0.8624, F1: 0.2527, Val Loss: 0.3078
2025-07-30 17:41:47,787: Landmark 2 | Epoch 2/20 | Train Loss: 0.3182 | Val Loss: 0.2981 | Validation AUC: 0.8688 | F1-Score: 0.1692
2025-07-30 17:41:48,838: New best model saved at /cluster/work/projects/ec12/michechi/cache/best/best_model_answerdotai_ModernBERT-large_9550_landmark2_full_no_time_rnd_3_2048_all_landmarks_True_20250730_160622_.pt with AUC: 0.8688, F1: 0.1692, Val Loss: 0.2981
2025-07-30 18:29:31,174: Landmark 2 | Epoch 3/20 | Train Loss: 0.2988 | Val Loss: 0.2835 | Validation AUC: 0.8746 | F1-Score: 0.4637
2025-07-30 18:29:32,204: New best model saved at /cluster/work/projects/ec12/michechi/cache/best/best_model_answerdotai_ModernBERT-large_9550_landmark2_full_no_time_rnd_3_2048_all_landmarks_True_20250730_160622_.pt with AUC: 0.8746, F1: 0.4637, Val Loss: 0.2835
2025-07-30 19:17:14,556: Landmark 2 | Epoch 4/20 | Train Loss: 0.2837 | Val Loss: 0.2788 | Validation AUC: 0.8829 | F1-Score: 0.5213
2025-07-30 19:17:15,664: New best model saved at /cluster/work/projects/ec12/michechi/cache/best/best_model_answerdotai_ModernBERT-large_9550_landmark2_full_no_time_rnd_3_2048_all_landmarks_True_20250730_160622_.pt with AUC: 0.8829, F1: 0.5213, Val Loss: 0.2788
2025-07-30 20:04:57,722: Landmark 2 | Epoch 5/20 | Train Loss: 0.2698 | Val Loss: 0.2780 | Validation AUC: 0.8801 | F1-Score: 0.5100
2025-07-30 20:04:58,756: New best model saved at /cluster/work/projects/ec12/michechi/cache/best/best_model_answerdotai_ModernBERT-large_9550_landmark2_full_no_time_rnd_3_2048_all_landmarks_True_20250730_160622_.pt with AUC: 0.8801, F1: 0.5100, Val Loss: 0.2780
2025-07-30 20:52:41,140: Landmark 2 | Epoch 6/20 | Train Loss: 0.2374 | Val Loss: 0.3050 | Validation AUC: 0.8671 | F1-Score: 0.3514
2025-07-30 20:52:41,141: No improvement in epoch 6. Current best AUC: 0.8801, F1: 0.5100, Val Loss: 0.2780. Epochs without improvement: 1/1
2025-07-30 20:52:41,141: Early stopping triggered at epoch 6. Best AUC: 0.8801, F1: 0.5100, Val Loss: 0.2780
2025-07-30 20:52:42,336: Tempo impiegato per Landmark 2: 17179.9 secondi
2025-07-30 20:52:42,337: Tempo medio per epoca: 2863.3 secondi
2025-07-30 20:52:42,339: Loading best model from /cluster/work/projects/ec12/michechi/cache/best/best_model_answerdotai_ModernBERT-large_9550_landmark2_full_no_time_rnd_3_2048_all_landmarks_True_20250730_160622_.pt for final evaluation on test set
2025-07-30 20:56:08,149: Final Test AUC (Landmark 2): 0.8624 | Test F1-Score: 0.4662
2025-07-30 20:56:08,149: Preparing data for Landmark 3
Some weights of ModernBertForSequenceClassification were not initialized from the model checkpoint at answerdotai/ModernBERT-large and are newly initialized: ['classifier.bias', 'classifier.weight']
You should probably TRAIN this model on a down-stream task to be able to use it for predictions and inference.
2025-07-30 20:56:17,553: Average train text length: 356.21 words
2025-07-30 20:56:17,553: Average validation text length: 351.55 words
2025-07-30 20:56:17,553: Average test text length: 354.77 words
2025-07-30 20:56:17,553: Training on 14472 samples, validating on 1608, testing on 4020 samples
2025-07-30 20:56:46,119: Fine-tuning at Landmark 3
2025-07-30 20:56:46,149: Early stopping criterion: loss
2025-07-30 21:44:48,048: Landmark 3 | Epoch 1/20 | Train Loss: 0.3164 | Val Loss: 0.2059 | Validation AUC: 0.9421 | F1-Score: 0.6597
2025-07-30 21:44:49,187: New best model saved at /cluster/work/projects/ec12/michechi/cache/best/best_model_answerdotai_ModernBERT-large_9550_landmark3_full_no_time_rnd_3_2048_all_landmarks_True_20250730_205646_.pt with AUC: 0.9421, F1: 0.6597, Val Loss: 0.2059
2025-07-30 22:32:51,783: Landmark 3 | Epoch 2/20 | Train Loss: 0.2289 | Val Loss: 0.2241 | Validation AUC: 0.9411 | F1-Score: 0.5630
2025-07-30 22:32:51,802: No improvement in epoch 2. Current best AUC: 0.9421, F1: 0.6597, Val Loss: 0.2059. Epochs without improvement: 1/1
2025-07-30 22:32:51,802: Early stopping triggered at epoch 2. Best AUC: 0.9421, F1: 0.6597, Val Loss: 0.2059
2025-07-30 22:32:53,650: Tempo impiegato per Landmark 3: 5767.5 secondi
2025-07-30 22:32:53,650: Tempo medio per epoca: 2883.8 secondi
2025-07-30 22:32:53,652: Loading best model from /cluster/work/projects/ec12/michechi/cache/best/best_model_answerdotai_ModernBERT-large_9550_landmark3_full_no_time_rnd_3_2048_all_landmarks_True_20250730_205646_.pt for final evaluation on test set
2025-07-30 22:36:20,218: Final Test AUC (Landmark 3): 0.9357 | Test F1-Score: 0.6176
2025-07-30 22:36:20,219: Saving results to results_medical_True_answerdotai_ModernBERT-large_visits3_9550_2048_full_no_time_rnd_20250730_223620.csv
Using device: cuda
Using device: cuda
Using device: cuda
   Landmark Val AUC  ... Validation Loss Training Time (s)
0         1  0.7990  ...          0.3417           14298.8
1         2  0.8801  ...          0.2780           17179.9
2         3  0.9421  ...          0.2059            5767.5

[3 rows x 9 columns]

Job 1836244 consumed 200.7 billing hours from project ec12.

Submitted 2025-07-30T09:16:11; waited 2.8 hours in the queue after becoming eligible to run.

Requested wallclock time: 1.8 days
Elapsed wallclock time:   10.6 hours

Job exited normally.

Task and CPU statistics:
ID             CPUs  Tasks  CPU util                Start  Elapsed  Exit status
1836244          16            0.0 %  2025-07-30T12:02:35   10.6 h  0
1836244.batch    16      1     6.8 %  2025-07-30T12:02:35   10.6 h  0

Used CPU time:   11.5 CPU hours
Unused CPU time: 6.6 CPU days

Memory statistics, in GiB:
ID              Alloc   Usage
1836244          32.0        
1836244.batch    32.0    19.6

GPU usage stats:
Job 1836244 completed at Wed Jul 30 22:36:27 CEST 2025
