Starting job 1816115 on gpu-9 on fox at Mon Jul 21 23:12:18 CEST 2025

2025-07-21 23:12:43,175: Argument all_landmarks: False
2025-07-21 23:12:43,175: Argument batch_size: 8
2025-07-21 23:12:43,175: Argument cache_dir: '/cluster/work/projects/ec12/michechi/cache'
2025-07-21 23:12:43,175: Argument early: 'loss'
2025-07-21 23:12:43,175: Argument epochs: 20
2025-07-21 23:12:43,175: Argument gradient_accumulation_steps: 1
2025-07-21 23:12:43,175: Argument input_csv: '/fp/homes01/u01/ec-michelec/MIMICIV/data/splitted/splitted/landmark_df_evo.csv'
2025-07-21 23:12:43,175: Argument lr: 2e-05
2025-07-21 23:12:43,175: Argument max_length: 2048
2025-07-21 23:12:43,175: Argument max_visits: 3
2025-07-21 23:12:43,175: Argument model_name: 'answerdotai/ModernBERT-large'
2025-07-21 23:12:43,175: Argument model_type: 'medbert'
2025-07-21 23:12:43,175: Argument patience: 3
2025-07-21 23:12:43,175: Argument peft: True
2025-07-21 23:12:43,175: Argument prompt_type: 'compact'
2025-07-21 23:12:43,175: Argument seed: 9550
2025-07-21 23:12:43,175: Argument test_csv: '/fp/homes01/u01/ec-michelec/MIMICIV/data/splitted/splitted/landmark_evo_test.csv'
2025-07-21 23:12:43,175: Argument train_csv: '/fp/homes01/u01/ec-michelec/MIMICIV/data/splitted/splitted/landmark_evo_train.csv'
2025-07-21 23:12:43,175: Argument use_quantization: False
2025-07-21 23:12:43,175: Argument val_csv: '/fp/homes01/u01/ec-michelec/MIMICIV/data/splitted/splitted/landmark_evo_vali.csv'
Some weights of ModernBertForSequenceClassification were not initialized from the model checkpoint at answerdotai/ModernBERT-large and are newly initialized: ['classifier.bias', 'classifier.weight']
You should probably TRAIN this model on a down-stream task to be able to use it for predictions and inference.
2025-07-21 23:12:50,730: Using prompt type: compact
/fp/homes01/u01/ec-michelec/MIMICIV/src/Finetuning.py:459: DtypeWarning: Columns (16,17,18,19) have mixed types. Specify dtype option on import or set low_memory=False.
  full_train_df = pd.read_csv(args.train_csv, na_values=['', 'None', 'NaN', 'na', 'nan']).fillna('')
/fp/homes01/u01/ec-michelec/MIMICIV/src/Finetuning.py:461: DtypeWarning: Columns (16,17,18,19) have mixed types. Specify dtype option on import or set low_memory=False.
  full_test_df = pd.read_csv(args.test_csv, na_values=['', 'None', 'NaN', 'na', 'nan']).fillna('')
2025-07-21 23:13:26,269: Processing only the last landmark visit: 3
2025-07-21 23:13:26,270: Preparing data for Landmark 3
2025-07-21 23:13:31,711: Average train text length: 185.98 words
2025-07-21 23:13:31,711: Average validation text length: 182.43 words
2025-07-21 23:13:31,711: Average test text length: 185.50 words
2025-07-21 23:13:31,711: Training on 14472 samples, validating on 1608, testing on 4020 samples
2025-07-21 23:13:49,266: Fine-tuning at Landmark 3
2025-07-21 23:13:49,270: Early stopping criterion: loss
/fp/homes01/u01/ec-michelec/ModernBERT/lib64/python3.9/site-packages/networkx/utils/backends.py:135: RuntimeWarning: networkx backend defined more than once: nx-loopback
  backends.update(_get_backends("networkx.backends"))
2025-07-21 23:51:12,111: Landmark 3 | Epoch 1/20 | Train Loss: 0.2773 | Val Loss: 0.2049 | Validation AUC: 0.9489 | F1-Score: 0.6649
2025-07-22 00:28:11,987: Landmark 3 | Epoch 2/20 | Train Loss: 0.2958 | Val Loss: 0.2313 | Validation AUC: 0.9401 | F1-Score: 0.6510
2025-07-22 01:05:11,197: Landmark 3 | Epoch 3/20 | Train Loss: 0.2174 | Val Loss: 0.2141 | Validation AUC: 0.9490 | F1-Score: 0.6040
2025-07-22 01:42:08,818: Landmark 3 | Epoch 4/20 | Train Loss: 0.1924 | Val Loss: 0.1934 | Validation AUC: 0.9531 | F1-Score: 0.6985
2025-07-22 02:19:09,064: Landmark 3 | Epoch 5/20 | Train Loss: 0.1746 | Val Loss: 0.1872 | Validation AUC: 0.9557 | F1-Score: 0.7067
2025-07-22 02:56:09,588: Landmark 3 | Epoch 6/20 | Train Loss: 0.1568 | Val Loss: 0.2232 | Validation AUC: 0.9478 | F1-Score: 0.7140
2025-07-22 03:33:09,083: Landmark 3 | Epoch 7/20 | Train Loss: 0.1366 | Val Loss: 0.2035 | Validation AUC: 0.9514 | F1-Score: 0.7177
2025-07-22 04:10:09,543: Landmark 3 | Epoch 8/20 | Train Loss: 0.1046 | Val Loss: 0.2465 | Validation AUC: 0.9368 | F1-Score: 0.7089
2025-07-22 04:10:09,543: Early stopping triggered at epoch 8
2025-07-22 04:10:11,812: Tempo impiegato per Landmark 3: 17782.5 secondi
2025-07-22 04:10:11,812: Tempo medio per epoca: 2222.8 secondi
2025-07-22 04:13:07,424: Final Test AUC (Landmark 3): 0.9465 | Test F1-Score: 0.7288
2025-07-22 04:13:07,450: Saving results to results_medbert_answerdotai_ModernBERT-large_visits3_peft_9550_compact_20250722_041307.csv
Using device: cuda
   Landmark Val AUC  ... Validation Loss Training Time (s)
0         3  0.9557  ...          0.1872           17782.5

[1 rows x 9 columns]

Job 1816115 consumed 95.3 billing hours from project ec12.

Submitted 2025-07-21T21:49:41; waited 1.4 hours in the queue after becoming eligible to run.

Requested wallclock time: 24.0 hours
Elapsed wallclock time:   5.0 hours

Job exited normally.

Task and CPU statistics:
ID             CPUs  Tasks  CPU util                Start  Elapsed  Exit status
1816115          16            0.0 %  2025-07-21T23:12:17    5.0 h  0
1816115.batch    16      1     7.0 %  2025-07-21T23:12:17    5.0 h  0

Used CPU time:   5.6 CPU hours
Unused CPU time: 3.1 CPU days

Memory statistics, in GiB:
ID              Alloc   Usage
1816115          32.0        
1816115.batch    32.0    12.7

GPU usage stats:
Job 1816115 completed at Tue Jul 22 04:13:18 CEST 2025
