Starting job 1835712 on gpu-5 on fox at Mon Jul 28 21:30:21 CEST 2025

2025-07-28 21:30:34,533: Argument CI: False
2025-07-28 21:30:34,533: Argument all_landmarks: True
2025-07-28 21:30:34,533: Argument batch_size: 8
2025-07-28 21:30:34,533: Argument cache_dir: '/cluster/work/projects/ec12/michechi/cache'
2025-07-28 21:30:34,533: Argument early: 'loss'
2025-07-28 21:30:34,533: Argument epochs: 20
2025-07-28 21:30:34,533: Argument gradient_accumulation_steps: 1
2025-07-28 21:30:34,533: Argument input_csv: '/fp/homes01/u01/ec-michelec/MIMICIV/data/splitted/splitted/landmark_df_evo.csv'
2025-07-28 21:30:34,533: Argument lr: 2e-05
2025-07-28 21:30:34,533: Argument max_length: 512
2025-07-28 21:30:34,533: Argument max_visits: 3
2025-07-28 21:30:34,533: Argument model_name: 'emilyalsentzer/Bio_ClinicalBERT'
2025-07-28 21:30:34,533: Argument model_type: 'medical'
2025-07-28 21:30:34,533: Argument patience: 1
2025-07-28 21:30:34,533: Argument peft: False
2025-07-28 21:30:34,533: Argument prompt_type: 'full'
2025-07-28 21:30:34,533: Argument seed: 4550
2025-07-28 21:30:34,533: Argument test_csv: '/fp/homes01/u01/ec-michelec/MIMICIV/data/splitted/splitted/landmark_evo_test.csv'
2025-07-28 21:30:34,533: Argument train_csv: '/fp/homes01/u01/ec-michelec/MIMICIV/data/splitted/splitted/landmark_evo_train.csv'
2025-07-28 21:30:34,533: Argument use_quantization: False
2025-07-28 21:30:34,534: Argument val_csv: '/fp/homes01/u01/ec-michelec/MIMICIV/data/splitted/splitted/landmark_evo_vali.csv'
2025-07-28 21:30:34,535: Using prompt type: full
/fp/homes01/u01/ec-michelec/MIMICIV/src/Finetuning_rfct.py:77: DtypeWarning: Columns (16,17,18,19) have mixed types. Specify dtype option on import or set low_memory=False.
  full_train_df = pd.read_csv(args.train_csv, na_values=['', 'None', 'NaN', 'na', 'nan']).fillna('')
/fp/homes01/u01/ec-michelec/MIMICIV/src/Finetuning_rfct.py:79: DtypeWarning: Columns (16,17,18,19) have mixed types. Specify dtype option on import or set low_memory=False.
  full_test_df = pd.read_csv(args.test_csv, na_values=['', 'None', 'NaN', 'na', 'nan']).fillna('')
2025-07-28 21:31:11,479: Processing all landmarks from 1 to 3
2025-07-28 21:31:11,479: Preparing data for Landmark 1
/fp/projects01/ec30/software/easybuild/software/nlpl-pytorch/2.1.2-foss-2022b-cuda-12.0.0-Python-3.10.8/lib/python3.10/site-packages/torch/_utils.py:831: UserWarning: TypedStorage is deprecated. It will be removed in the future and UntypedStorage will be the only storage class. This should only matter to you if you are using storages directly.  To access UntypedStorage directly, use tensor.untyped_storage() instead of tensor.storage()
  return self.fget.__get__(instance, owner)()
Some weights of BertForSequenceClassification were not initialized from the model checkpoint at emilyalsentzer/Bio_ClinicalBERT and are newly initialized: ['classifier.bias', 'classifier.weight']
You should probably TRAIN this model on a down-stream task to be able to use it for predictions and inference.
2025-07-28 21:31:16,134: Average train text length: 138.90 words
2025-07-28 21:31:16,134: Average validation text length: 138.07 words
2025-07-28 21:31:16,134: Average test text length: 139.65 words
2025-07-28 21:31:16,134: Training on 14472 samples, validating on 1608, testing on 4020 samples
2025-07-28 21:31:29,824: Fine-tuning at Landmark 1
2025-07-28 21:31:30,301: Early stopping criterion: loss
2025-07-28 21:36:36,651: Landmark 1 | Epoch 1/20 | Train Loss: 0.4022 | Val Loss: 0.3221 | Validation AUC: 0.8299 | F1-Score: 0.2997
2025-07-28 21:36:37,004: New best model saved at /cluster/work/projects/ec12/michechi/cache/best/best_model_emilyalsentzer_Bio_ClinicalBERT_landmark1_full_3_512_all_landmarks_True_20250728_213130_.pt with AUC: 0.8299, F1: 0.2997, Val Loss: 0.3221
2025-07-28 21:41:45,328: Landmark 1 | Epoch 2/20 | Train Loss: 0.3385 | Val Loss: 0.3184 | Validation AUC: 0.8311 | F1-Score: 0.2838
2025-07-28 21:41:45,709: New best model saved at /cluster/work/projects/ec12/michechi/cache/best/best_model_emilyalsentzer_Bio_ClinicalBERT_landmark1_full_3_512_all_landmarks_True_20250728_213130_.pt with AUC: 0.8311, F1: 0.2838, Val Loss: 0.3184
2025-07-28 21:46:53,711: Landmark 1 | Epoch 3/20 | Train Loss: 0.3203 | Val Loss: 0.3237 | Validation AUC: 0.8307 | F1-Score: 0.2752
2025-07-28 21:46:53,712: No improvement in epoch 3. Current best AUC: 0.8311, F1: 0.2838, Val Loss: 0.3184. Epochs without improvement: 1/1
2025-07-28 21:46:53,712: Early stopping triggered at epoch 3. Best AUC: 0.8311, F1: 0.2838, Val Loss: 0.3184
2025-07-28 21:46:53,989: Tempo impiegato per Landmark 1: 924.2 secondi
2025-07-28 21:46:53,989: Tempo medio per epoca: 308.1 secondi
2025-07-28 21:46:53,991: Loading best model from /cluster/work/projects/ec12/michechi/cache/best/best_model_emilyalsentzer_Bio_ClinicalBERT_landmark1_full_3_512_all_landmarks_True_20250728_213130_.pt for final evaluation on test set
2025-07-28 21:47:17,721: Final Test AUC (Landmark 1): 0.8239 | Test F1-Score: 0.2702
2025-07-28 21:47:17,721: Preparing data for Landmark 2
Using device: cuda
Some weights of BertForSequenceClassification were not initialized from the model checkpoint at emilyalsentzer/Bio_ClinicalBERT and are newly initialized: ['classifier.bias', 'classifier.weight']
You should probably TRAIN this model on a down-stream task to be able to use it for predictions and inference.
2025-07-28 21:47:24,266: Average train text length: 254.75 words
2025-07-28 21:47:24,266: Average validation text length: 253.84 words
2025-07-28 21:47:24,266: Average test text length: 253.66 words
2025-07-28 21:47:24,266: Training on 14472 samples, validating on 1608, testing on 4020 samples
2025-07-28 21:47:49,558: Fine-tuning at Landmark 2
2025-07-28 21:47:49,562: Early stopping criterion: loss
2025-07-28 21:52:56,815: Landmark 2 | Epoch 1/20 | Train Loss: 0.3706 | Val Loss: 0.3166 | Validation AUC: 0.8574 | F1-Score: 0.3401
2025-07-28 21:52:57,135: New best model saved at /cluster/work/projects/ec12/michechi/cache/best/best_model_emilyalsentzer_Bio_ClinicalBERT_landmark2_full_3_512_all_landmarks_True_20250728_214749_.pt with AUC: 0.8574, F1: 0.3401, Val Loss: 0.3166
2025-07-28 21:58:05,529: Landmark 2 | Epoch 2/20 | Train Loss: 0.3152 | Val Loss: 0.3010 | Validation AUC: 0.8602 | F1-Score: 0.4536
2025-07-28 21:58:05,848: New best model saved at /cluster/work/projects/ec12/michechi/cache/best/best_model_emilyalsentzer_Bio_ClinicalBERT_landmark2_full_3_512_all_landmarks_True_20250728_214749_.pt with AUC: 0.8602, F1: 0.4536, Val Loss: 0.3010
2025-07-28 22:03:14,296: Landmark 2 | Epoch 3/20 | Train Loss: 0.2984 | Val Loss: 0.2854 | Validation AUC: 0.8750 | F1-Score: 0.4792
2025-07-28 22:03:14,600: New best model saved at /cluster/work/projects/ec12/michechi/cache/best/best_model_emilyalsentzer_Bio_ClinicalBERT_landmark2_full_3_512_all_landmarks_True_20250728_214749_.pt with AUC: 0.8750, F1: 0.4792, Val Loss: 0.2854
2025-07-28 22:08:23,124: Landmark 2 | Epoch 4/20 | Train Loss: 0.2763 | Val Loss: 0.2935 | Validation AUC: 0.8818 | F1-Score: 0.3689
2025-07-28 22:08:23,125: No improvement in epoch 4. Current best AUC: 0.8750, F1: 0.4792, Val Loss: 0.2854. Epochs without improvement: 1/1
2025-07-28 22:08:23,125: Early stopping triggered at epoch 4. Best AUC: 0.8750, F1: 0.4792, Val Loss: 0.2854
2025-07-28 22:08:23,371: Tempo impiegato per Landmark 2: 1233.8 secondi
2025-07-28 22:08:23,371: Tempo medio per epoca: 308.5 secondi
2025-07-28 22:08:23,373: Loading best model from /cluster/work/projects/ec12/michechi/cache/best/best_model_emilyalsentzer_Bio_ClinicalBERT_landmark2_full_3_512_all_landmarks_True_20250728_214749_.pt for final evaluation on test set
2025-07-28 22:08:47,139: Final Test AUC (Landmark 2): 0.8639 | Test F1-Score: 0.4591
2025-07-28 22:08:47,139: Preparing data for Landmark 3
Using device: cuda
Some weights of BertForSequenceClassification were not initialized from the model checkpoint at emilyalsentzer/Bio_ClinicalBERT and are newly initialized: ['classifier.bias', 'classifier.weight']
You should probably TRAIN this model on a down-stream task to be able to use it for predictions and inference.
2025-07-28 22:08:56,576: Average train text length: 382.21 words
2025-07-28 22:08:56,576: Average validation text length: 377.55 words
2025-07-28 22:08:56,576: Average test text length: 380.77 words
2025-07-28 22:08:56,576: Training on 14472 samples, validating on 1608, testing on 4020 samples
2025-07-28 22:09:34,327: Fine-tuning at Landmark 3
2025-07-28 22:09:34,334: Early stopping criterion: loss
2025-07-28 22:14:37,699: Landmark 3 | Epoch 1/20 | Train Loss: 0.3114 | Val Loss: 0.2141 | Validation AUC: 0.9383 | F1-Score: 0.6731
2025-07-28 22:14:38,031: New best model saved at /cluster/work/projects/ec12/michechi/cache/best/best_model_emilyalsentzer_Bio_ClinicalBERT_landmark3_full_3_512_all_landmarks_True_20250728_220934_.pt with AUC: 0.9383, F1: 0.6731, Val Loss: 0.2141
2025-07-28 22:19:42,862: Landmark 3 | Epoch 2/20 | Train Loss: 0.2137 | Val Loss: 0.2276 | Validation AUC: 0.9494 | F1-Score: 0.5509
2025-07-28 22:19:42,862: No improvement in epoch 2. Current best AUC: 0.9383, F1: 0.6731, Val Loss: 0.2141. Epochs without improvement: 1/1
2025-07-28 22:19:42,862: Early stopping triggered at epoch 2. Best AUC: 0.9383, F1: 0.6731, Val Loss: 0.2141
2025-07-28 22:19:43,116: Tempo impiegato per Landmark 3: 608.8 secondi
2025-07-28 22:19:43,117: Tempo medio per epoca: 304.4 secondi
2025-07-28 22:19:43,119: Loading best model from /cluster/work/projects/ec12/michechi/cache/best/best_model_emilyalsentzer_Bio_ClinicalBERT_landmark3_full_3_512_all_landmarks_True_20250728_220934_.pt for final evaluation on test set
2025-07-28 22:20:06,106: Final Test AUC (Landmark 3): 0.9387 | Test F1-Score: 0.6587
2025-07-28 22:20:06,107: Saving results to results_medical_True_emilyalsentzer_Bio_ClinicalBERT_visits3_4550_full_20250728_222006.csv
Using device: cuda
   Landmark Val AUC  ... Validation Loss Training Time (s)
0         1  0.8311  ...          0.3184             924.2
1         2  0.8750  ...          0.2854            1233.8
2         3  0.9383  ...          0.2141             608.8

[3 rows x 9 columns]

Job 1835712 consumed 15.8 billing hours from project ec12.

Submitted 2025-07-28T21:30:20; waited 0.0 seconds in the queue after becoming eligible to run.

Requested wallclock time: 24.0 hours
Elapsed wallclock time:   49.9 minutes

Job exited normally.

Task and CPU statistics:
ID             CPUs  Tasks  CPU util                Start   Elapsed  Exit status
1835712          16            0.0 %  2025-07-28T21:30:20  2991.0 s  0
1835712.batch    16      1     6.2 %  2025-07-28T21:30:20  2991.0 s  0

Used CPU time:   49.6 CPU minutes
Unused CPU time: 12.5 CPU hours

Memory statistics, in GiB:
ID              Alloc   Usage
1835712          32.0        
1835712.batch    32.0    12.2

Job 1835712 completed at Mon Jul 28 22:20:11 CEST 2025
