Starting job 1836050 on gpu-1 on fox at Tue Jul 29 19:03:22 CEST 2025

2025-07-29 19:09:01,499: Argument CI: False
2025-07-29 19:09:01,504: Argument all_landmarks: True
2025-07-29 19:09:01,509: Argument batch_size: 8
2025-07-29 19:09:01,512: Argument cache_dir: '/cluster/work/projects/ec12/michechi/cache'
2025-07-29 19:09:01,517: Argument early: 'loss'
2025-07-29 19:09:01,521: Argument epochs: 20
2025-07-29 19:09:01,525: Argument gradient_accumulation_steps: 1
2025-07-29 19:09:01,528: Argument input_csv: '/fp/homes01/u01/ec-michelec/MIMICIV/data/splitted/splitted/landmark_df_evo.csv'
2025-07-29 19:09:01,531: Argument lr: 2e-05
2025-07-29 19:09:01,537: Argument max_length: 512
2025-07-29 19:09:01,541: Argument max_visits: 3
2025-07-29 19:09:01,545: Argument model_name: 'answerdotai/ModernBERT-large'
2025-07-29 19:09:01,549: Argument model_type: 'medical'
2025-07-29 19:09:01,549: Argument patience: 1
2025-07-29 19:09:01,549: Argument peft: False
2025-07-29 19:09:01,550: Argument prompt_type: 'full_no_time_rnd'
2025-07-29 19:09:01,555: Argument seed: 5550
2025-07-29 19:09:01,559: Argument test_csv: '/fp/homes01/u01/ec-michelec/MIMICIV/data/splitted/splitted/landmark_evo_test.csv'
2025-07-29 19:09:01,561: Argument train_csv: '/fp/homes01/u01/ec-michelec/MIMICIV/data/splitted/splitted/landmark_evo_train.csv'
2025-07-29 19:09:01,565: Argument use_quantization: False
2025-07-29 19:09:01,566: Argument val_csv: '/fp/homes01/u01/ec-michelec/MIMICIV/data/splitted/splitted/landmark_evo_vali.csv'
2025-07-29 19:09:01,901: Using prompt type: full_no_time_rnd
/fp/homes01/u01/ec-michelec/MIMICIV/src/Finetuning_rfct.py:79: DtypeWarning: Columns (16,17,18,19) have mixed types. Specify dtype option on import or set low_memory=False.
  full_train_df = pd.read_csv(args.train_csv, na_values=['', 'None', 'NaN', 'na', 'nan']).fillna('')
/fp/homes01/u01/ec-michelec/MIMICIV/src/Finetuning_rfct.py:81: DtypeWarning: Columns (16,17,18,19) have mixed types. Specify dtype option on import or set low_memory=False.
  full_test_df = pd.read_csv(args.test_csv, na_values=['', 'None', 'NaN', 'na', 'nan']).fillna('')
2025-07-29 19:10:22,672: Processing all landmarks from 1 to 3
2025-07-29 19:10:22,673: Preparing data for Landmark 1
Some weights of ModernBertForSequenceClassification were not initialized from the model checkpoint at answerdotai/ModernBERT-large and are newly initialized: ['classifier.bias', 'classifier.weight']
You should probably TRAIN this model on a down-stream task to be able to use it for predictions and inference.
2025-07-29 19:11:06,741: Average train text length: 130.90 words
2025-07-29 19:11:06,745: Average validation text length: 130.07 words
2025-07-29 19:11:06,749: Average test text length: 131.65 words
2025-07-29 19:11:06,752: Training on 14472 samples, validating on 1608, testing on 4020 samples
2025-07-29 19:11:16,939: Fine-tuning at Landmark 1
2025-07-29 19:11:16,952: Early stopping criterion: loss
/fp/homes01/u01/ec-michelec/ModernBERT/lib64/python3.9/site-packages/networkx/utils/backends.py:135: RuntimeWarning: networkx backend defined more than once: nx-loopback
  backends.update(_get_backends("networkx.backends"))
2025-07-29 19:20:57,779: Landmark 1 | Epoch 1/20 | Train Loss: 0.3885 | Val Loss: 0.3268 | Validation AUC: 0.8280 | F1-Score: 0.0810
2025-07-29 19:20:59,471: New best model saved at /cluster/work/projects/ec12/michechi/cache/best/best_model_answerdotai_ModernBERT-large_5550_landmark1_full_no_time_rnd_3_512_all_landmarks_True_20250729_191116_.pt with AUC: 0.8280, F1: 0.0810, Val Loss: 0.3268
2025-07-29 19:28:20,810: Landmark 1 | Epoch 2/20 | Train Loss: 0.3369 | Val Loss: 0.3253 | Validation AUC: 0.8322 | F1-Score: 0.0656
2025-07-29 19:28:21,834: New best model saved at /cluster/work/projects/ec12/michechi/cache/best/best_model_answerdotai_ModernBERT-large_5550_landmark1_full_no_time_rnd_3_512_all_landmarks_True_20250729_191116_.pt with AUC: 0.8322, F1: 0.0656, Val Loss: 0.3253
2025-07-29 19:35:42,734: Landmark 1 | Epoch 3/20 | Train Loss: 0.3200 | Val Loss: 0.3374 | Validation AUC: 0.8327 | F1-Score: 0.1533
2025-07-29 19:35:42,737: No improvement in epoch 3. Current best AUC: 0.8322, F1: 0.0656, Val Loss: 0.3253. Epochs without improvement: 1/1
2025-07-29 19:35:42,737: Early stopping triggered at epoch 3. Best AUC: 0.8322, F1: 0.0656, Val Loss: 0.3253
2025-07-29 19:35:43,613: Tempo impiegato per Landmark 1: 1466.7 secondi
2025-07-29 19:35:43,614: Tempo medio per epoca: 488.9 secondi
2025-07-29 19:35:43,615: Loading best model from /cluster/work/projects/ec12/michechi/cache/best/best_model_answerdotai_ModernBERT-large_5550_landmark1_full_no_time_rnd_3_512_all_landmarks_True_20250729_191116_.pt for final evaluation on test set
2025-07-29 19:36:17,981: Final Test AUC (Landmark 1): 0.8297 | Test F1-Score: 0.0530
2025-07-29 19:36:17,982: Preparing data for Landmark 2
Some weights of ModernBertForSequenceClassification were not initialized from the model checkpoint at answerdotai/ModernBERT-large and are newly initialized: ['classifier.bias', 'classifier.weight']
You should probably TRAIN this model on a down-stream task to be able to use it for predictions and inference.
2025-07-29 19:36:27,812: Average train text length: 237.75 words
2025-07-29 19:36:27,812: Average validation text length: 236.84 words
2025-07-29 19:36:27,812: Average test text length: 236.66 words
2025-07-29 19:36:27,812: Training on 14472 samples, validating on 1608, testing on 4020 samples
2025-07-29 19:36:46,677: Fine-tuning at Landmark 2
2025-07-29 19:36:46,690: Early stopping criterion: loss
2025-07-29 19:44:10,887: Landmark 2 | Epoch 1/20 | Train Loss: 0.3622 | Val Loss: 0.2975 | Validation AUC: 0.8607 | F1-Score: 0.3831
2025-07-29 19:44:11,952: New best model saved at /cluster/work/projects/ec12/michechi/cache/best/best_model_answerdotai_ModernBERT-large_5550_landmark2_full_no_time_rnd_3_512_all_landmarks_True_20250729_193646_.pt with AUC: 0.8607, F1: 0.3831, Val Loss: 0.2975
2025-07-29 19:51:37,082: Landmark 2 | Epoch 2/20 | Train Loss: 0.3186 | Val Loss: 0.3133 | Validation AUC: 0.8775 | F1-Score: 0.0891
2025-07-29 19:51:37,082: No improvement in epoch 2. Current best AUC: 0.8607, F1: 0.3831, Val Loss: 0.2975. Epochs without improvement: 1/1
2025-07-29 19:51:37,082: Early stopping triggered at epoch 2. Best AUC: 0.8607, F1: 0.3831, Val Loss: 0.2975
2025-07-29 19:51:38,334: Tempo impiegato per Landmark 2: 891.7 secondi
2025-07-29 19:51:38,334: Tempo medio per epoca: 445.8 secondi
2025-07-29 19:51:38,336: Loading best model from /cluster/work/projects/ec12/michechi/cache/best/best_model_answerdotai_ModernBERT-large_5550_landmark2_full_no_time_rnd_3_512_all_landmarks_True_20250729_193646_.pt for final evaluation on test set
2025-07-29 19:52:13,006: Final Test AUC (Landmark 2): 0.8396 | Test F1-Score: 0.3465
2025-07-29 19:52:13,006: Preparing data for Landmark 3
Some weights of ModernBertForSequenceClassification were not initialized from the model checkpoint at answerdotai/ModernBERT-large and are newly initialized: ['classifier.bias', 'classifier.weight']
You should probably TRAIN this model on a down-stream task to be able to use it for predictions and inference.
2025-07-29 19:52:21,590: Average train text length: 356.21 words
2025-07-29 19:52:21,591: Average validation text length: 351.55 words
2025-07-29 19:52:21,591: Average test text length: 354.77 words
2025-07-29 19:52:21,591: Training on 14472 samples, validating on 1608, testing on 4020 samples
2025-07-29 19:52:49,211: Fine-tuning at Landmark 3
2025-07-29 19:52:49,234: Early stopping criterion: loss
2025-07-29 20:00:15,488: Landmark 3 | Epoch 1/20 | Train Loss: 0.3173 | Val Loss: 0.2284 | Validation AUC: 0.9377 | F1-Score: 0.5740
2025-07-29 20:00:16,524: New best model saved at /cluster/work/projects/ec12/michechi/cache/best/best_model_answerdotai_ModernBERT-large_5550_landmark3_full_no_time_rnd_3_512_all_landmarks_True_20250729_195249_.pt with AUC: 0.9377, F1: 0.5740, Val Loss: 0.2284
2025-07-29 20:07:43,294: Landmark 3 | Epoch 2/20 | Train Loss: 0.2394 | Val Loss: 0.2046 | Validation AUC: 0.9433 | F1-Score: 0.6375
2025-07-29 20:07:44,361: New best model saved at /cluster/work/projects/ec12/michechi/cache/best/best_model_answerdotai_ModernBERT-large_5550_landmark3_full_no_time_rnd_3_512_all_landmarks_True_20250729_195249_.pt with AUC: 0.9433, F1: 0.6375, Val Loss: 0.2046
2025-07-29 20:15:11,078: Landmark 3 | Epoch 3/20 | Train Loss: 0.2149 | Val Loss: 0.1976 | Validation AUC: 0.9467 | F1-Score: 0.6863
2025-07-29 20:15:12,105: New best model saved at /cluster/work/projects/ec12/michechi/cache/best/best_model_answerdotai_ModernBERT-large_5550_landmark3_full_no_time_rnd_3_512_all_landmarks_True_20250729_195249_.pt with AUC: 0.9467, F1: 0.6863, Val Loss: 0.1976
2025-07-29 20:22:38,986: Landmark 3 | Epoch 4/20 | Train Loss: 0.2001 | Val Loss: 0.1993 | Validation AUC: 0.9437 | F1-Score: 0.6940
2025-07-29 20:22:38,987: No improvement in epoch 4. Current best AUC: 0.9467, F1: 0.6863, Val Loss: 0.1976. Epochs without improvement: 1/1
2025-07-29 20:22:38,987: Early stopping triggered at epoch 4. Best AUC: 0.9467, F1: 0.6863, Val Loss: 0.1976
2025-07-29 20:22:39,860: Tempo impiegato per Landmark 3: 1790.6 secondi
2025-07-29 20:22:39,861: Tempo medio per epoca: 447.7 secondi
2025-07-29 20:22:39,863: Loading best model from /cluster/work/projects/ec12/michechi/cache/best/best_model_answerdotai_ModernBERT-large_5550_landmark3_full_no_time_rnd_3_512_all_landmarks_True_20250729_195249_.pt for final evaluation on test set
2025-07-29 20:23:14,450: Final Test AUC (Landmark 3): 0.9369 | Test F1-Score: 0.6727
2025-07-29 20:23:14,451: Saving results to results_medical_True_answerdotai_ModernBERT-large_visits3_5550_full_no_time_rnd_20250729_202314.csv
Using device: cuda
Using device: cuda
Using device: cuda
   Landmark Val AUC  ... Validation Loss Training Time (s)
0         1  0.8322  ...          0.3253            1466.7
1         2  0.8607  ...          0.2975             891.7
2         3  0.9467  ...          0.1976            1790.6

[3 rows x 9 columns]

Job 1836050 consumed 25.3 billing hours from project ec12.

Submitted 2025-07-29T17:54:04; waited 1.2 hours in the queue after becoming eligible to run.

Requested wallclock time: 1.8 days
Elapsed wallclock time:   1.3 hours

Job exited normally.

Task and CPU statistics:
ID             CPUs  Tasks  CPU util                Start  Elapsed  Exit status
1836050          16            0.0 %  2025-07-29T19:03:21    1.3 h  0
1836050.batch    16      1     8.0 %  2025-07-29T19:03:21    1.3 h  0

Used CPU time:   1.7 CPU hours
Unused CPU time: 19.6 CPU hours

Memory statistics, in GiB:
ID              Alloc   Usage
1836050          32.0        
1836050.batch    32.0    13.8

GPU usage stats:
Job 1836050 completed at Tue Jul 29 20:23:20 CEST 2025
