Starting job 1816359 on gpu-14 on fox at Tue Jul 22 15:49:33 CEST 2025

2025-07-22 15:49:44,981: Argument all_landmarks: False
2025-07-22 15:49:44,981: Argument batch_size: 8
2025-07-22 15:49:44,981: Argument cache_dir: '/cluster/work/projects/ec12/michechi/cache'
2025-07-22 15:49:44,981: Argument early: 'loss'
2025-07-22 15:49:44,981: Argument epochs: 20
2025-07-22 15:49:44,981: Argument gradient_accumulation_steps: 1
2025-07-22 15:49:44,981: Argument input_csv: '/fp/homes01/u01/ec-michelec/MIMICIV/data/splitted/splitted/landmark_df_evo.csv'
2025-07-22 15:49:44,981: Argument lr: 2e-05
2025-07-22 15:49:44,981: Argument max_length: 2048
2025-07-22 15:49:44,981: Argument max_visits: 3
2025-07-22 15:49:44,981: Argument model_name: 'answerdotai/ModernBERT-large'
2025-07-22 15:49:44,981: Argument model_type: 'medbert'
2025-07-22 15:49:44,981: Argument patience: 3
2025-07-22 15:49:44,981: Argument peft: True
2025-07-22 15:49:44,981: Argument prompt_type: 'compact'
2025-07-22 15:49:44,982: Argument seed: 9550
2025-07-22 15:49:44,982: Argument test_csv: '/fp/homes01/u01/ec-michelec/MIMICIV/data/splitted/splitted/landmark_evo_test.csv'
2025-07-22 15:49:44,982: Argument train_csv: '/fp/homes01/u01/ec-michelec/MIMICIV/data/splitted/splitted/landmark_evo_train.csv'
2025-07-22 15:49:44,982: Argument use_quantization: False
2025-07-22 15:49:44,982: Argument val_csv: '/fp/homes01/u01/ec-michelec/MIMICIV/data/splitted/splitted/landmark_evo_vali.csv'
Some weights of ModernBertForSequenceClassification were not initialized from the model checkpoint at answerdotai/ModernBERT-large and are newly initialized: ['classifier.bias', 'classifier.weight']
You should probably TRAIN this model on a down-stream task to be able to use it for predictions and inference.
2025-07-22 15:49:50,657: Using prompt type: compact
/fp/homes01/u01/ec-michelec/MIMICIV/src/Finetuning.py:459: DtypeWarning: Columns (16,17,18,19) have mixed types. Specify dtype option on import or set low_memory=False.
  full_train_df = pd.read_csv(args.train_csv, na_values=['', 'None', 'NaN', 'na', 'nan']).fillna('')
/fp/homes01/u01/ec-michelec/MIMICIV/src/Finetuning.py:461: DtypeWarning: Columns (16,17,18,19) have mixed types. Specify dtype option on import or set low_memory=False.
  full_test_df = pd.read_csv(args.test_csv, na_values=['', 'None', 'NaN', 'na', 'nan']).fillna('')
2025-07-22 15:50:25,590: Processing only the last landmark visit: 3
2025-07-22 15:50:25,590: Preparing data for Landmark 3
2025-07-22 15:50:31,120: Average train text length: 185.98 words
2025-07-22 15:50:31,120: Average validation text length: 182.43 words
2025-07-22 15:50:31,120: Average test text length: 185.50 words
2025-07-22 15:50:31,120: Training on 14472 samples, validating on 1608, testing on 4020 samples
2025-07-22 15:50:48,607: Fine-tuning at Landmark 3
2025-07-22 15:50:48,614: Early stopping criterion: loss
/fp/homes01/u01/ec-michelec/ModernBERT/lib64/python3.9/site-packages/networkx/utils/backends.py:135: RuntimeWarning: networkx backend defined more than once: nx-loopback
  backends.update(_get_backends("networkx.backends"))
2025-07-22 16:15:00,251: Landmark 3 | Epoch 1/20 | Train Loss: 0.2780 | Val Loss: 0.2040 | Validation AUC: 0.9453 | F1-Score: 0.6411
2025-07-22 16:38:45,721: Landmark 3 | Epoch 2/20 | Train Loss: 0.2041 | Val Loss: 0.1826 | Validation AUC: 0.9583 | F1-Score: 0.7125
2025-07-22 17:02:31,574: Landmark 3 | Epoch 3/20 | Train Loss: 0.1803 | Val Loss: 0.2086 | Validation AUC: 0.9571 | F1-Score: 0.6519
2025-07-22 17:26:16,486: Landmark 3 | Epoch 4/20 | Train Loss: 0.1554 | Val Loss: 0.1926 | Validation AUC: 0.9562 | F1-Score: 0.7005
2025-07-22 17:50:01,349: Landmark 3 | Epoch 5/20 | Train Loss: 0.1192 | Val Loss: 0.2087 | Validation AUC: 0.9526 | F1-Score: 0.7239
2025-07-22 17:50:01,349: Early stopping triggered at epoch 5
2025-07-22 17:50:02,299: Tempo impiegato per Landmark 3: 7153.7 secondi
2025-07-22 17:50:02,299: Tempo medio per epoca: 1430.7 secondi
2025-07-22 17:50:02,302: Loading best model from /cluster/work/projects/ec12/michechi/cache/best/best_model_answerdotai_ModernBERT-large_landmark3_compact_3_2048_all_landmarks_False_20250722_155048_.pt for final evaluation on test set
2025-07-22 17:52:10,246: Final Test AUC (Landmark 3): 0.9456 | Test F1-Score: 0.7332
2025-07-22 17:52:10,249: Saving results to results_medbert_answerdotai_ModernBERT-large_visits3_peft_9550_compact_20250722_175210.csv
Using device: cuda
   Landmark Val AUC  ... Validation Loss Training Time (s)
0         3  0.9583  ...          0.1826            7153.7

[1 rows x 9 columns]

Job 1816359 consumed 38.9 billing hours from project ec12.

Submitted 2025-07-22T15:49:32; waited 0.0 seconds in the queue after becoming eligible to run.

Requested wallclock time: 10.0 hours
Elapsed wallclock time:   2.0 hours

Job exited normally.

Task and CPU statistics:
ID             CPUs  Tasks  CPU util                Start  Elapsed  Exit status
1816359          16            0.0 %  2025-07-22T15:49:32    2.0 h  0
1816359.batch    16      1     7.6 %  2025-07-22T15:49:32    2.0 h  0

Used CPU time:   2.5 CPU hours
Unused CPU time: 1.3 CPU days

Memory statistics, in GiB:
ID              Alloc   Usage
1816359          32.0        
1816359.batch    32.0    12.4

GPU usage stats:
Job 1816359 completed at Tue Jul 22 17:52:17 CEST 2025
