Starting job 1854178 on gpu-12 on fox at Thu Aug 14 09:55:38 CEST 2025

2025-08-14 09:55:50,849: Argument CI: False
2025-08-14 09:55:50,849: Argument all_landmarks: True
2025-08-14 09:55:50,849: Argument batch_size: 8
2025-08-14 09:55:50,849: Argument cache_dir: '/cluster/work/projects/ec12/michechi/cache'
2025-08-14 09:55:50,849: Argument early: 'loss'
2025-08-14 09:55:50,849: Argument epochs: 20
2025-08-14 09:55:50,849: Argument gradient_accumulation_steps: 1
2025-08-14 09:55:50,849: Argument input_csv: '/fp/homes01/u01/ec-michelec/MIMICIV/data/splitted/splitted/landmark_df_evo.csv'
2025-08-14 09:55:50,850: Argument lr: 2e-05
2025-08-14 09:55:50,850: Argument max_length: 2048
2025-08-14 09:55:50,850: Argument max_visits: 4
2025-08-14 09:55:50,850: Argument model_name: 'answerdotai/ModernBERT-large'
2025-08-14 09:55:50,850: Argument model_type: 'general'
2025-08-14 09:55:50,850: Argument patience: 3
2025-08-14 09:55:50,850: Argument peft: False
2025-08-14 09:55:50,850: Argument prompt_type: 'full'
2025-08-14 09:55:50,850: Argument seed: 4550
2025-08-14 09:55:50,850: Argument test_csv: '/fp/homes01/u01/ec-michelec/MIMICIV/data/splitted/splitted/landmark_evo_test_dod.csv'
2025-08-14 09:55:50,850: Argument train_csv: '/fp/homes01/u01/ec-michelec/MIMICIV/data/splitted/splitted/landmark_evo_train_dod.csv'
2025-08-14 09:55:50,850: Argument use_quantization: False
2025-08-14 09:55:50,850: Argument val_csv: '/fp/homes01/u01/ec-michelec/MIMICIV/data/splitted/splitted/landmark_evo_vali_dod.csv'
2025-08-14 09:55:50,850: Argument when_counting_death: 'last_visit'
2025-08-14 09:55:50,858: Using prompt type: full
/fp/homes01/u01/ec-michelec/MIMICIV/src/Finetuning_rfct.py:79: DtypeWarning: Columns (16,17,18,19) have mixed types. Specify dtype option on import or set low_memory=False.
  full_train_df = pd.read_csv(args.train_csv, na_values=['', 'None', 'NaN', 'na', 'nan']).fillna('')
/fp/homes01/u01/ec-michelec/MIMICIV/src/Finetuning_rfct.py:81: DtypeWarning: Columns (16,17,18,19) have mixed types. Specify dtype option on import or set low_memory=False.
  full_test_df = pd.read_csv(args.test_csv, na_values=['', 'None', 'NaN', 'na', 'nan']).fillna('')
2025-08-14 09:56:27,706: Processing all landmarks from 1 to 4
2025-08-14 09:56:27,706: Preparing data for Landmark 1
2025-08-14 09:56:32,262: We will use 90% of the memory on device 0 for storing the model, and 10% for the buffer to avoid OOM. You can set `max_memory` in to a higher value to use more memory (at your own risk).
Some weights of ModernBertForSequenceClassification were not initialized from the model checkpoint at answerdotai/ModernBERT-large and are newly initialized: ['classifier.bias', 'classifier.weight']
You should probably TRAIN this model on a down-stream task to be able to use it for predictions and inference.
2025-08-14 09:56:37,224: Example train text: You are a Doctor.
What is the probability of death in the next 90 days from today for this 43-year-old F patient?
Today is the 1 visit.

Diagnosis history:
Today: Diverticulitis of colon (without mention of hemorrhage); Acute kidney failure, unspecified; Abscess of intestine; Other postoperative infection; Cellulitis and abscess of trunk; Methicillin susceptible Staphylococcus aureus in conditions classified elsewhere and of unspecified site; Removal of other organ (partial) (total) causing abnormal patient reaction, or later complication, without mention of misadventure at time of operation; Hypovolemia; Nausea with vomiting.
Prescriptions history:
Today: NS; Potassium Chloride; OxycoDONE (Immediate Release) ; Magnesium Citrate; SW; Magnesium Sulfate; Prochlorperazine; Lorazepam; HYDROmorphone (Dilaudid); Iso-Osmotic Dextrose; Piperacillin-Tazobactam Na; Potassium Chl 20 mEq / 1000 mL D5 1/2 NS; Insulin; LR; Acetaminophen; Ondansetron; Ketorolac; OxycoDONE-Acetaminophen Elixir; Sodium Chloride 0.9%  Flush; Docusate Sodium; Hydrocodone-Acetaminophen; D5W; Clindamycin; Fluticasone Propionate NASAL; Ciprofloxacin; Pantoprazole; Metoclopramide; Calcium Carbonate; Vancomycin; Cephalexin; Heparin; Bupivacaine 0.5%; Promethazine HCl; D5 1/2NS; Hydrocortisone (Rectal) 2.5% Cream; Morphine Sulfate; Escitalopram Oxalate; Maalox/Diphenhydramine/Lidocaine; Nafcillin; HydrOXYzine; MetRONIDAZOLE (FLagyl); Ibuprofen.
Procedures history:
Today: Open and other sigmoidectomy.
2025-08-14 09:56:37,282: Average train text length: 139.15 words
2025-08-14 09:56:37,283: Average validation text length: 143.37 words
2025-08-14 09:56:37,283: Average test text length: 140.44 words
2025-08-14 09:56:37,283: Training on 8040 samples, validating on 894, testing on 2234 samples
2025-08-14 09:56:44,754: Fine-tuning at Landmark 1
2025-08-14 09:56:44,760: Early stopping criterion: loss
/fp/homes01/u01/ec-michelec/ModernBERT/lib64/python3.9/site-packages/networkx/utils/backends.py:135: RuntimeWarning: networkx backend defined more than once: nx-loopback
  backends.update(_get_backends("networkx.backends"))
2025-08-14 10:16:34,905: Landmark 1 | Epoch 1/20 | Train Loss: 0.6685 | Val Loss: 0.4567 | Validation AUC: 0.6531 | F1-Score: 0.0000
2025-08-14 10:16:35,514: New best model saved at /cluster/work/projects/ec12/michechi/cache/best/best_model_answerdotai_ModernBERT-large_4550_landmark1_full_4_2048_last_visit_all_landmarks_True_20250814_095644_.pt with AUC: 0.6531, F1: 0.0000, Val Loss: 0.4567
2025-08-14 10:36:10,749: Landmark 1 | Epoch 2/20 | Train Loss: 0.4539 | Val Loss: 0.4293 | Validation AUC: 0.7246 | F1-Score: 0.0000
2025-08-14 10:36:11,304: New best model saved at /cluster/work/projects/ec12/michechi/cache/best/best_model_answerdotai_ModernBERT-large_4550_landmark1_full_4_2048_last_visit_all_landmarks_True_20250814_095644_.pt with AUC: 0.7246, F1: 0.0000, Val Loss: 0.4293
2025-08-14 10:55:46,518: Landmark 1 | Epoch 3/20 | Train Loss: 0.4349 | Val Loss: 0.4191 | Validation AUC: 0.7486 | F1-Score: 0.0000
2025-08-14 10:55:47,059: New best model saved at /cluster/work/projects/ec12/michechi/cache/best/best_model_answerdotai_ModernBERT-large_4550_landmark1_full_4_2048_last_visit_all_landmarks_True_20250814_095644_.pt with AUC: 0.7486, F1: 0.0000, Val Loss: 0.4191
2025-08-14 11:15:22,170: Landmark 1 | Epoch 4/20 | Train Loss: 0.4196 | Val Loss: 0.4074 | Validation AUC: 0.7638 | F1-Score: 0.0690
2025-08-14 11:15:22,736: New best model saved at /cluster/work/projects/ec12/michechi/cache/best/best_model_answerdotai_ModernBERT-large_4550_landmark1_full_4_2048_last_visit_all_landmarks_True_20250814_095644_.pt with AUC: 0.7638, F1: 0.0690, Val Loss: 0.4074
2025-08-14 11:34:57,660: Landmark 1 | Epoch 5/20 | Train Loss: 0.4118 | Val Loss: 0.4030 | Validation AUC: 0.7761 | F1-Score: 0.1099
2025-08-14 11:34:58,217: New best model saved at /cluster/work/projects/ec12/michechi/cache/best/best_model_answerdotai_ModernBERT-large_4550_landmark1_full_4_2048_last_visit_all_landmarks_True_20250814_095644_.pt with AUC: 0.7761, F1: 0.1099, Val Loss: 0.4030
2025-08-14 11:54:33,291: Landmark 1 | Epoch 6/20 | Train Loss: 0.4064 | Val Loss: 0.4668 | Validation AUC: 0.7718 | F1-Score: 0.4315
2025-08-14 11:54:33,291: No improvement in epoch 6. Current best AUC: 0.7761, F1: 0.1099, Val Loss: 0.4030. Epochs without improvement: 1/3
2025-08-14 12:14:08,233: Landmark 1 | Epoch 7/20 | Train Loss: 0.4033 | Val Loss: 0.4003 | Validation AUC: 0.7800 | F1-Score: 0.1649
2025-08-14 12:14:08,785: New best model saved at /cluster/work/projects/ec12/michechi/cache/best/best_model_answerdotai_ModernBERT-large_4550_landmark1_full_4_2048_last_visit_all_landmarks_True_20250814_095644_.pt with AUC: 0.7800, F1: 0.1649, Val Loss: 0.4003
2025-08-14 12:33:44,280: Landmark 1 | Epoch 8/20 | Train Loss: 0.3959 | Val Loss: 0.4033 | Validation AUC: 0.7839 | F1-Score: 0.3210
2025-08-14 12:33:44,281: No improvement in epoch 8. Current best AUC: 0.7800, F1: 0.1649, Val Loss: 0.4003. Epochs without improvement: 1/3
2025-08-14 12:53:19,313: Landmark 1 | Epoch 9/20 | Train Loss: 0.3924 | Val Loss: 0.3976 | Validation AUC: 0.7853 | F1-Score: 0.2920
2025-08-14 12:53:19,861: New best model saved at /cluster/work/projects/ec12/michechi/cache/best/best_model_answerdotai_ModernBERT-large_4550_landmark1_full_4_2048_last_visit_all_landmarks_True_20250814_095644_.pt with AUC: 0.7853, F1: 0.2920, Val Loss: 0.3976
2025-08-14 13:12:55,026: Landmark 1 | Epoch 10/20 | Train Loss: 0.3920 | Val Loss: 0.3993 | Validation AUC: 0.7878 | F1-Score: 0.1277
2025-08-14 13:12:55,027: No improvement in epoch 10. Current best AUC: 0.7853, F1: 0.2920, Val Loss: 0.3976. Epochs without improvement: 1/3
