Starting job 68637 on gpu-1-76 on Olivia at Tue Dec 23 15:55:47 CET 2025

FATAL:   While checking container encryption: could not open image /cluster/work/projects/nn12048k/michechi/containers/simulation-env/container.sif: the image's architecture (amd64) could not run on the host's (arm64)
srun: error: gpu-1-76: task 0: Exited with exit code 255
srun: Terminating StepId=68637.0

Job 68637 consumed 0.0 billing hours and 0.0 GPU hours from project nn12048k.

Submitted 2025-12-23T15:55:46; waited 0.0 seconds in the queue after becoming eligible to run.

Requested wallclock time: 30.0 minutes
Elapsed wallclock time:   3.0 seconds

Job failed.

Task and CPU statistics:
ID             CPUs  Tasks  CPU util                Start  Elapsed  Exit status
68637             1            0.0 %  2025-12-23T15:55:46    3.0 s  255 (exit status out of range)
68637.batch       1      1     8.0 %  2025-12-23T15:55:46    3.0 s  255 (exit status out of range)
68637.python3     1      1     0.0 %  2025-12-23T15:55:47    1.0 s  255 (exit status out of range)

Used CPU time:   0.2 CPU seconds
Unused CPU time: 2.8 CPU seconds

Memory statistics, in GiB:
ID              Alloc   Usage
68637             2.0        
68637.batch       2.0     0.0
68637.python3     2.0     0.0

Job 68637 completed at Tue Dec 23 15:55:49 CET 2025
