Starting job 1853545 on gpu-12 on fox at Wed Aug 13 09:26:25 CEST 2025

2025-08-13 09:26:43,439: Argument CI: False
2025-08-13 09:26:43,439: Argument all_landmarks: True
2025-08-13 09:26:43,439: Argument batch_size: 8
2025-08-13 09:26:43,439: Argument cache_dir: '/cluster/work/projects/ec12/michechi/cache'
2025-08-13 09:26:43,439: Argument early: 'loss'
2025-08-13 09:26:43,439: Argument epochs: 20
2025-08-13 09:26:43,439: Argument gradient_accumulation_steps: 1
2025-08-13 09:26:43,439: Argument input_csv: '/fp/homes01/u01/ec-michelec/MIMICIV/data/splitted/splitted/landmark_df_evo.csv'
2025-08-13 09:26:43,439: Argument lr: 2e-05
2025-08-13 09:26:43,439: Argument max_length: 512
2025-08-13 09:26:43,439: Argument max_visits: 3
2025-08-13 09:26:43,439: Argument model_name: 'Charangan/MedBERT'
2025-08-13 09:26:43,439: Argument model_type: 'medical'
2025-08-13 09:26:43,439: Argument patience: 1
2025-08-13 09:26:43,439: Argument peft: False
2025-08-13 09:26:43,439: Argument prompt_type: 'no'
2025-08-13 09:26:43,439: Argument seed: 5550
2025-08-13 09:26:43,439: Argument test_csv: '/fp/homes01/u01/ec-michelec/MIMICIV/data/splitted/splitted/landmark_evo_test_dod.csv'
2025-08-13 09:26:43,439: Argument train_csv: '/fp/homes01/u01/ec-michelec/MIMICIV/data/splitted/splitted/landmark_evo_train_dod.csv'
2025-08-13 09:26:43,439: Argument use_quantization: False
2025-08-13 09:26:43,440: Argument val_csv: '/fp/homes01/u01/ec-michelec/MIMICIV/data/splitted/splitted/landmark_evo_vali_dod.csv'
2025-08-13 09:26:43,440: Argument when_counting_death: 'last_visit'
2025-08-13 09:26:43,443: Using prompt type: no
/fp/homes01/u01/ec-michelec/MIMICIV/src/Finetuning_rfct.py:79: DtypeWarning: Columns (16,17,18,19) have mixed types. Specify dtype option on import or set low_memory=False.
  full_train_df = pd.read_csv(args.train_csv, na_values=['', 'None', 'NaN', 'na', 'nan']).fillna('')
/fp/homes01/u01/ec-michelec/MIMICIV/src/Finetuning_rfct.py:81: DtypeWarning: Columns (16,17,18,19) have mixed types. Specify dtype option on import or set low_memory=False.
  full_test_df = pd.read_csv(args.test_csv, na_values=['', 'None', 'NaN', 'na', 'nan']).fillna('')
2025-08-13 09:27:20,426: Processing all landmarks from 1 to 3
2025-08-13 09:27:20,426: Preparing data for Landmark 1
/fp/projects01/ec30/software/easybuild/software/nlpl-pytorch/2.1.2-foss-2022b-cuda-12.0.0-Python-3.10.8/lib/python3.10/site-packages/torch/_utils.py:831: UserWarning: TypedStorage is deprecated. It will be removed in the future and UntypedStorage will be the only storage class. This should only matter to you if you are using storages directly.  To access UntypedStorage directly, use tensor.untyped_storage() instead of tensor.storage()
  return self.fget.__get__(instance, owner)()
Some weights of BertForSequenceClassification were not initialized from the model checkpoint at Charangan/MedBERT and are newly initialized: ['classifier.bias', 'classifier.weight']
You should probably TRAIN this model on a down-stream task to be able to use it for predictions and inference.
2025-08-13 09:27:24,613: Example train text: Based on this information, what is the probability of mortality within 90 days?
Other specified forms of effusion, except tuberculous; Other ascites; Other constipation; Pneumonia, organism unspecified; Anxiety state, unspecified; Urinary tract infection, site not specified; Hyposmolality and/or hyponatremia; Unspecified protein-calorie malnutrition; Acute alcoholic hepatitis; Other and unspecified alcohol dependence, continuous; Portal hypertension; Alcoholic cirrhosis of liver; Unspecified deficiency anemia; Hypopotassemia
Multivitamin IV; SW; Phytonadione; FoLIC Acid; 0.9% Sodium Chloride; Lidocaine 5% Patch; Ciprofloxacin HCl; Docusate Sodium; Acetaminophen; Heparin; Nicotine Patch; Lorazepam; OxycoDONE (Immediate Release) ; Sodium Chloride 0.9%  Flush; Potassium Chloride; Thiamine; Senna; Multivitamins; Furosemide; Magnesium Sulfate; Morphine Sulfate; 1/2 NS; Ondansetron; Albumin 25% (12.5g / 50mL); Neutra-Phos
100 mL of SW in BAG through IV; 50 mL of SW in BAG through IV; 10 mL of Multivitamin IV in VIAL through IV; 1 PTCH of Lidocaine 5% Patch in PTCH through TD; 1 mg of FoLIC Acid in TAB through PO/NG; 5 mg of OxycoDONE (Immediate Release)  in TAB through PO/NG; 3 mL of Sodium Chloride 0.9%  Flush in SYR through IV; 5000 UNIT of Heparin in mL through SC; 0.5 mg of Lorazepam in mL through IV; 4 gm of Magnesium Sulfate in BAG through IV; 40 mEq of Potassium Chloride in TAB through PO; 1 mg of Lorazepam in TAB through PO/NG; 5 mg of Phytonadione in TAB through PO/NG; 100 mg of Docusate Sodium in CAP through PO; 1 TAB of Multivitamins in TAB through PO/NG; 1 mg of FoLIC Acid in mL through IV; 1000 mL of 0.9% Sodium Chloride in BAG through IV; 2 gm of Magnesium Sulfate in BAG through IV; 500 mg of Ciprofloxacin HCl in TAB through PO/NG; 0.5-1 mg of Lorazepam in TAB through PO/NG; 50 g of Albumin 25% (12.5g / 50mL) in BAG through IV; 325-650 mg of Acetaminophen in TAB through PO/NG; 2-4 mg of Morphine Sulfate in SYR through IV; 14 mg of Nicotine Patch in PTCH through TD; 0.5 mg of Lorazepam in TAB through PO/NG; 8 mg of Ondansetron in VIAL through IV; 60 mEq of Potassium Chloride in TAB through PO; 100 mg of Thiamine in mL through IV; 2 mg of Lorazepam in mL through IV; 1 PKT of Neutra-Phos in PKT through PO/NG; 100 mg of Thiamine in TAB through PO/NG; 2.5 mg of OxycoDONE (Immediate Release)  in TAB through PO/NG; 1000 mL of 1/2 NS in mL through IV; 1 mg of Lorazepam in mL through IV; 2 TAB of Senna in TAB through PO/NG; 500 mL of 0.9% Sodium Chloride in mL through IV; 250 mg of Ciprofloxacin HCl in TAB through PO/NG; 20 mg of Furosemide in TAB through PO/NG
2025-08-13 09:27:24,887: Average train text length: 330.03 words
2025-08-13 09:27:24,888: Average validation text length: 331.97 words
2025-08-13 09:27:24,888: Average test text length: 329.98 words
2025-08-13 09:27:24,888: Training on 14472 samples, validating on 1608, testing on 4020 samples
2025-08-13 09:27:47,772: Fine-tuning at Landmark 1
2025-08-13 09:27:48,384: Early stopping criterion: loss
2025-08-13 09:32:26,766: Landmark 1 | Epoch 1/20 | Train Loss: 0.4127 | Val Loss: 0.3554 | Validation AUC: 0.7926 | F1-Score: 0.0338
2025-08-13 09:32:27,112: New best model saved at /cluster/work/projects/ec12/michechi/cache/best/best_model_Charangan_MedBERT_5550_landmark1_no_3_512_last_visit_all_landmarks_True_20250813_092748_.pt with AUC: 0.7926, F1: 0.0338, Val Loss: 0.3554
2025-08-13 09:37:05,562: Landmark 1 | Epoch 2/20 | Train Loss: 0.3496 | Val Loss: 0.3317 | Validation AUC: 0.8061 | F1-Score: 0.2721
2025-08-13 09:37:05,880: New best model saved at /cluster/work/projects/ec12/michechi/cache/best/best_model_Charangan_MedBERT_5550_landmark1_no_3_512_last_visit_all_landmarks_True_20250813_092748_.pt with AUC: 0.8061, F1: 0.2721, Val Loss: 0.3317
2025-08-13 09:41:44,338: Landmark 1 | Epoch 3/20 | Train Loss: 0.3320 | Val Loss: 0.3377 | Validation AUC: 0.8095 | F1-Score: 0.4361
2025-08-13 09:41:44,338: No improvement in epoch 3. Current best AUC: 0.8061, F1: 0.2721, Val Loss: 0.3317. Epochs without improvement: 1/1
2025-08-13 09:41:44,338: Early stopping triggered at epoch 3. Best AUC: 0.8061, F1: 0.2721, Val Loss: 0.3317
2025-08-13 09:41:44,554: Tempo impiegato per Landmark 1: 836.8 secondi
2025-08-13 09:41:44,554: Tempo medio per epoca: 278.9 secondi
2025-08-13 09:41:44,556: Loading best model from /cluster/work/projects/ec12/michechi/cache/best/best_model_Charangan_MedBERT_5550_landmark1_no_3_512_last_visit_all_landmarks_True_20250813_092748_.pt for final evaluation on test set
2025-08-13 09:42:07,370: Final Test AUC (Landmark 1): 0.8079 | Test F1-Score: 0.2663
2025-08-13 09:42:07,370: Preparing data for Landmark 2
Using device: cuda
Some weights of BertForSequenceClassification were not initialized from the model checkpoint at Charangan/MedBERT and are newly initialized: ['classifier.bias', 'classifier.weight']
You should probably TRAIN this model on a down-stream task to be able to use it for predictions and inference.
2025-08-13 09:42:11,582: Example train text: Based on this information, what is the probability of mortality within 90 days?
Alcoholic fatty liver; Other specified forms of effusion, except tuberculous; Other ascites; Other constipation; Pneumonia, organism unspecified; Tobacco use disorder; Anxiety state, unspecified; Urinary tract infection, site not specified; Hyposmolality and/or hyponatremia; Unspecified protein-calorie malnutrition; Acute alcoholic hepatitis; Other and unspecified alcohol dependence, continuous; Sepsis; Unspecified pleural effusion; Portal hypertension; Alcoholic cirrhosis of liver; Unspecified deficiency anemia; Hypopotassemia
Sarna Lotion; Multivitamin IV; Heparin Sodium; SW; Phytonadione; FoLIC Acid; Lactulose; 0.9% Sodium Chloride; Sodium Polystyrene Sulfonate; Spironolactone; Lidocaine 5% Patch; 5% Dextrose; Iso-Osmotic Dextrose; Ciprofloxacin HCl; Docusate Sodium; Acetaminophen; Heparin; Nicotine Patch; Lorazepam; OxycoDONE (Immediate Release) ; Sodium Chloride 0.9%  Flush; Potassium Chloride; Thiamine; Senna; Multivitamins; D5 1/2NS; Furosemide; Magnesium Sulfate; CeftriaXONE; Morphine Sulfate; 1/2 NS; Ondansetron; Albumin 25% (12.5g / 50mL); Acetylcysteine 20%; Neutra-Phos
10 mg of OxycoDONE (Immediate Release)  in TAB through PO; 50 mL of Iso-Osmotic Dextrose in mL through IV; 1300-2500 UNIT of Heparin in mL through IV; 100 mL of SW in BAG through IV; 50 mL of SW in BAG through IV; 10 mL of Multivitamin IV in VIAL through IV; 10 mg of OxycoDONE (Immediate Release)  in TAB through PO/NG; 10 mg of Phytonadione in AMP through SUBCUT; 1 PTCH of Lidocaine 5% Patch in PTCH through TD; 1 mg of FoLIC Acid in TAB through PO/NG; 5 mg of OxycoDONE (Immediate Release)  in TAB through PO/NG; 3 mL of Sodium Chloride 0.9%  Flush in SYR through IV; 5000 UNIT of Heparin in mL through SC; 0.5 mg of Lorazepam in mL through IV; 4 gm of Magnesium Sulfate in BAG through IV; 40 mEq of Potassium Chloride in TAB through PO; 1 mg of Lorazepam in TAB through PO/NG; 25 g of Albumin 25% (12.5g / 50mL) in BAG through IV; 25 mg of Spironolactone in TAB through PO/NG; 5 mg of Phytonadione in TAB through PO/NG; 4 mg of Ondansetron in VIAL through IV; 5-10 mg of OxycoDONE (Immediate Release)  in TAB through PO/NG; 100 mg of Docusate Sodium in CAP through PO; 1 TAB of Multivitamins in TAB through PO/NG; 1 mg of FoLIC Acid in mL through IV; 1000 mL of 0.9% Sodium Chloride in BAG through IV; 2 gm of Magnesium Sulfate in BAG through IV; 1 mg of Morphine Sulfate in SYR through IV; 500 mg of Ciprofloxacin HCl in TAB through PO/NG; 600 mg of Acetylcysteine 20% in VIAL through PO/NG; 0.5-1 mg of Lorazepam in TAB through PO/NG; 50 g of Albumin 25% (12.5g / 50mL) in BAG through IV; 325-650 mg of Acetaminophen in TAB through PO/NG; 30 gm of Sodium Polystyrene Sulfonate in BTL through PO/NG; 2-4 mg of Morphine Sulfate in SYR through IV; 14 mg of Nicotine Patch in PTCH through TD; 15 mL of Lactulose in UDCUP through PO/NG; 1000 mL of D5 1/2NS in mL through IV; 0.5 mg of Lorazepam in TAB through PO/NG; 8 mg of Ondansetron in VIAL through IV; 60 mEq of Potassium Chloride in TAB through PO; 25,000 UNIT of Heparin Sodium in BAG through IV; 100 mg of Thiamine in mL through IV; 2 gm of CeftriaXONE in BAG through IV; 2 mg of Lorazepam in mL through IV; 1 PKT of Neutra-Phos in PKT through PO/NG; 100 mg of Thiamine in TAB through PO/NG; 250 mL of 5% Dextrose in mL through IV; 2.5 mg of OxycoDONE (Immediate Release)  in TAB through PO/NG; 1000 mL of 1/2 NS in mL through IV; 1 Appl of Sarna Lotion in BTL through TP; 1 mg of Lorazepam in mL through IV; 2 TAB of Senna in TAB through PO/NG; 500 mL of 0.9% Sodium Chloride in mL through IV; 250 mg of Ciprofloxacin HCl in TAB through PO/NG; 20 mg of Furosemide in TAB through PO/NG; 7.5 mg of OxycoDONE (Immediate Release)  in TAB through PO/NG
2025-08-13 09:42:12,072: Average train text length: 554.03 words
2025-08-13 09:42:12,072: Average validation text length: 557.59 words
2025-08-13 09:42:12,072: Average test text length: 549.54 words
2025-08-13 09:42:12,072: Training on 14472 samples, validating on 1608, testing on 4020 samples
2025-08-13 09:42:51,508: Fine-tuning at Landmark 2
2025-08-13 09:42:51,512: Early stopping criterion: loss
2025-08-13 09:47:22,443: Landmark 2 | Epoch 1/20 | Train Loss: 0.3914 | Val Loss: 0.3280 | Validation AUC: 0.8317 | F1-Score: 0.1667
2025-08-13 09:47:22,748: New best model saved at /cluster/work/projects/ec12/michechi/cache/best/best_model_Charangan_MedBERT_5550_landmark2_no_3_512_last_visit_all_landmarks_True_20250813_094251_.pt with AUC: 0.8317, F1: 0.1667, Val Loss: 0.3280
2025-08-13 09:51:54,148: Landmark 2 | Epoch 2/20 | Train Loss: 0.3263 | Val Loss: 0.2897 | Validation AUC: 0.8635 | F1-Score: 0.4220
2025-08-13 09:51:54,452: New best model saved at /cluster/work/projects/ec12/michechi/cache/best/best_model_Charangan_MedBERT_5550_landmark2_no_3_512_last_visit_all_landmarks_True_20250813_094251_.pt with AUC: 0.8635, F1: 0.4220, Val Loss: 0.2897
2025-08-13 09:56:25,997: Landmark 2 | Epoch 3/20 | Train Loss: 0.3013 | Val Loss: 0.3206 | Validation AUC: 0.8698 | F1-Score: 0.5119
2025-08-13 09:56:25,997: No improvement in epoch 3. Current best AUC: 0.8635, F1: 0.4220, Val Loss: 0.2897. Epochs without improvement: 1/1
2025-08-13 09:56:25,997: Early stopping triggered at epoch 3. Best AUC: 0.8635, F1: 0.4220, Val Loss: 0.2897
2025-08-13 09:56:26,223: Tempo impiegato per Landmark 2: 814.7 secondi
2025-08-13 09:56:26,223: Tempo medio per epoca: 271.6 secondi
2025-08-13 09:56:26,225: Loading best model from /cluster/work/projects/ec12/michechi/cache/best/best_model_Charangan_MedBERT_5550_landmark2_no_3_512_last_visit_all_landmarks_True_20250813_094251_.pt for final evaluation on test set
2025-08-13 09:56:47,648: Final Test AUC (Landmark 2): 0.8484 | Test F1-Score: 0.3678
2025-08-13 09:56:47,648: Preparing data for Landmark 3
Using device: cuda
Some weights of BertForSequenceClassification were not initialized from the model checkpoint at Charangan/MedBERT and are newly initialized: ['classifier.bias', 'classifier.weight']
You should probably TRAIN this model on a down-stream task to be able to use it for predictions and inference.
2025-08-13 09:56:53,012: Example train text: Based on this information, what is the probability of mortality within 90 days?
Hyposmolality and/or hyponatremia; Other chronic pain; Thrombocytopenia, unspecified; Portal hypertension; Alcoholic cirrhosis of liver; Unspecified deficiency anemia; Lumbago; Tobacco use disorder; Anxiety state, unspecified; Sepsis; Unspecified pleural effusion; Other and unspecified alcohol dependence, continuous; Hypopotassemia; Other specified forms of effusion, except tuberculous; Pneumonia, organism unspecified; Unspecified protein-calorie malnutrition; Acute alcoholic hepatitis; Other ascites; Urinary tract infection, site not specified; Alcoholic fatty liver; Other constipation
Sarna Lotion; Multivitamin IV; Heparin Sodium; SW; Phytonadione; FoLIC Acid; Lactulose; 0.9% Sodium Chloride; Amitriptyline; Sodium Polystyrene Sulfonate; Spironolactone; Lidocaine 5% Patch; 5% Dextrose; Iso-Osmotic Dextrose; Ciprofloxacin HCl; Docusate Sodium; Acetaminophen; Heparin; Nicotine Patch; Lorazepam; OxycoDONE (Immediate Release) ; Sodium Chloride 0.9%  Flush; Potassium Chloride; Thiamine; Senna; Multivitamins; D5 1/2NS; Furosemide; Magnesium Sulfate; CeftriaXONE; Morphine Sulfate; 1/2 NS; Ondansetron; Albumin 25% (12.5g / 50mL); Acetylcysteine 20%; Neutra-Phos
10 mg of OxycoDONE (Immediate Release)  in TAB through PO; 50 mL of Iso-Osmotic Dextrose in mL through IV; 1300-2500 UNIT of Heparin in mL through IV; 100 mL of SW in BAG through IV; 50 mL of SW in BAG through IV; 10 mL of Multivitamin IV in VIAL through IV; 10 mg of OxycoDONE (Immediate Release)  in TAB through PO/NG; 10 mg of Phytonadione in AMP through SUBCUT; 1 PTCH of Lidocaine 5% Patch in PTCH through TD; 1 mg of FoLIC Acid in TAB through PO/NG; 5 mg of OxycoDONE (Immediate Release)  in TAB through PO/NG; 3 mL of Sodium Chloride 0.9%  Flush in SYR through IV; 5000 UNIT of Heparin in mL through SC; 0.5 mg of Lorazepam in mL through IV; 4 gm of Magnesium Sulfate in BAG through IV; 40 mEq of Potassium Chloride in TAB through PO; 1 mg of Lorazepam in TAB through PO/NG; 25 g of Albumin 25% (12.5g / 50mL) in BAG through IV; 25 mg of Spironolactone in TAB through PO/NG; 5 mg of Phytonadione in TAB through PO/NG; 4 mg of Ondansetron in VIAL through IV; 5-10 mg of OxycoDONE (Immediate Release)  in TAB through PO/NG; 100 mg of Docusate Sodium in CAP through PO; 1 TAB of Multivitamins in TAB through PO/NG; 1 mg of FoLIC Acid in mL through IV; 1000 mL of 0.9% Sodium Chloride in BAG through IV; 2 gm of Magnesium Sulfate in BAG through IV; 1 mg of Morphine Sulfate in SYR through IV; 30 mL of Lactulose in UDCUP through PO/NG; 500 mg of Ciprofloxacin HCl in TAB through PO/NG; 600 mg of Acetylcysteine 20% in VIAL through PO/NG; 0.5-1 mg of Lorazepam in TAB through PO/NG; 50 g of Albumin 25% (12.5g / 50mL) in BAG through IV; 325-650 mg of Acetaminophen in TAB through PO/NG; 30 gm of Sodium Polystyrene Sulfonate in BTL through PO/NG; 2-4 mg of Morphine Sulfate in SYR through IV; 10 mg of Amitriptyline in TAB through PO/NG; 14 mg of Nicotine Patch in PTCH through TD; 15 mL of Lactulose in UDCUP through PO/NG; 1000 mL of D5 1/2NS in mL through IV; 0.5 mg of Lorazepam in TAB through PO/NG; 8 mg of Ondansetron in VIAL through IV; 60 mEq of Potassium Chloride in TAB through PO; 25,000 UNIT of Heparin Sodium in BAG through IV; 100 mg of Thiamine in mL through IV; 2 gm of CeftriaXONE in BAG through IV; 2 mg of Lorazepam in mL through IV; 1 PKT of Neutra-Phos in PKT through PO/NG; 100 mg of Thiamine in TAB through PO/NG; 250 mL of 5% Dextrose in mL through IV; 2.5 mg of OxycoDONE (Immediate Release)  in TAB through PO/NG; 1000 mL of 1/2 NS in mL through IV; 1 Appl of Sarna Lotion in BTL through TP; 1 mg of Lorazepam in mL through IV; 2 TAB of Senna in TAB through PO/NG; 500 mL of 0.9% Sodium Chloride in mL through IV; 250 mg of Ciprofloxacin HCl in TAB through PO/NG; 20 mg of Furosemide in TAB through PO/NG; 7.5 mg of OxycoDONE (Immediate Release)  in TAB through PO/NG
2025-08-13 09:56:53,696: Average train text length: 774.29 words
2025-08-13 09:56:53,696: Average validation text length: 770.48 words
2025-08-13 09:56:53,696: Average test text length: 771.70 words
2025-08-13 09:56:53,696: Training on 14472 samples, validating on 1608, testing on 4020 samples
2025-08-13 09:57:48,595: Fine-tuning at Landmark 3
2025-08-13 09:57:48,603: Early stopping criterion: loss
2025-08-13 10:02:12,357: Landmark 3 | Epoch 1/20 | Train Loss: 0.3335 | Val Loss: 0.2470 | Validation AUC: 0.9302 | F1-Score: 0.6166
2025-08-13 10:02:12,686: New best model saved at /cluster/work/projects/ec12/michechi/cache/best/best_model_Charangan_MedBERT_5550_landmark3_no_3_512_last_visit_all_landmarks_True_20250813_095748_.pt with AUC: 0.9302, F1: 0.6166, Val Loss: 0.2470
2025-08-13 10:06:36,875: Landmark 3 | Epoch 2/20 | Train Loss: 0.2309 | Val Loss: 0.2134 | Validation AUC: 0.9414 | F1-Score: 0.7014
2025-08-13 10:06:37,169: New best model saved at /cluster/work/projects/ec12/michechi/cache/best/best_model_Charangan_MedBERT_5550_landmark3_no_3_512_last_visit_all_landmarks_True_20250813_095748_.pt with AUC: 0.9414, F1: 0.7014, Val Loss: 0.2134
2025-08-13 10:11:01,340: Landmark 3 | Epoch 3/20 | Train Loss: 0.2089 | Val Loss: 0.2432 | Validation AUC: 0.9411 | F1-Score: 0.6877
2025-08-13 10:11:01,340: No improvement in epoch 3. Current best AUC: 0.9414, F1: 0.7014, Val Loss: 0.2134. Epochs without improvement: 1/1
2025-08-13 10:11:01,340: Early stopping triggered at epoch 3. Best AUC: 0.9414, F1: 0.7014, Val Loss: 0.2134
2025-08-13 10:11:01,565: Tempo impiegato per Landmark 3: 793.0 secondi
2025-08-13 10:11:01,566: Tempo medio per epoca: 264.3 secondi
2025-08-13 10:11:01,568: Loading best model from /cluster/work/projects/ec12/michechi/cache/best/best_model_Charangan_MedBERT_5550_landmark3_no_3_512_last_visit_all_landmarks_True_20250813_095748_.pt for final evaluation on test set
2025-08-13 10:11:21,496: Final Test AUC (Landmark 3): 0.9385 | Test F1-Score: 0.7132
2025-08-13 10:11:21,497: Saving results to results_medical_True_Charangan_MedBERT_last_visit_visits3_5550_512_no_20250813_101121.csv
Using device: cuda
   Landmark Val AUC  ... Validation Loss Training Time (s)
0         1  0.8061  ...          0.3317             836.8
1         2  0.8635  ...          0.2897             814.7
2         3  0.9414  ...          0.2134             793.0

[3 rows x 9 columns]

Job 1853545 consumed 14.3 billing hours from project ec12.

Submitted 2025-08-13T09:25:56; waited 29.0 seconds in the queue after becoming eligible to run.

Requested wallclock time: 6.0 hours
Elapsed wallclock time:   45.0 minutes

Job exited normally.

Task and CPU statistics:
ID             CPUs  Tasks  CPU util                Start   Elapsed  Exit status
1853545          16            0.0 %  2025-08-13T09:26:25  2702.0 s  0
1853545.batch    16      1     6.2 %  2025-08-13T09:26:25  2702.0 s  0

Used CPU time:   44.8 CPU minutes
Unused CPU time: 11.3 CPU hours

Memory statistics, in GiB:
ID              Alloc   Usage
1853545          32.0        
1853545.batch    32.0    16.5

Job 1853545 completed at Wed Aug 13 10:11:28 CEST 2025
