Starting job 1665128 on gpu-9 on fox at Mon Jun 2 19:17:12 CEST 2025

2025-06-02 19:18:01,919: Argument batch_size: 8
2025-06-02 19:18:01,919: Argument cache_dir: '/cluster/work/projects/ec403/ec-michechi/Project_M'
2025-06-02 19:18:01,919: Argument early: 'loss'
2025-06-02 19:18:01,919: Argument epochs: 20
2025-06-02 19:18:01,919: Argument input_csv: '/cluster/work/projects/ec403/ec-michechi/Project_M/data/landmark_df_evo.csv'
2025-06-02 19:18:01,919: Argument lr: 2e-05
2025-06-02 19:18:01,919: Argument max_length: 512
2025-06-02 19:18:01,919: Argument max_visits: 3
2025-06-02 19:18:01,919: Argument model_name: 'Charangan/MedBERT'
2025-06-02 19:18:01,919: Argument model_type: 'medbert'
2025-06-02 19:18:01,919: Argument patience: 3
2025-06-02 19:18:01,919: Argument peft: False
2025-06-02 19:18:01,919: Argument seed: 9550
/fp/projects01/ec30/software/easybuild/software/nlpl-pytorch/2.1.2-foss-2022b-cuda-12.0.0-Python-3.10.8/lib/python3.10/site-packages/torch/_utils.py:831: UserWarning: TypedStorage is deprecated. It will be removed in the future and UntypedStorage will be the only storage class. This should only matter to you if you are using storages directly.  To access UntypedStorage directly, use tensor.untyped_storage() instead of tensor.storage()
  return self.fget.__get__(instance, owner)()
Some weights of BertForSequenceClassification were not initialized from the model checkpoint at Charangan/MedBERT and are newly initialized: ['classifier.bias', 'classifier.weight']
You should probably TRAIN this model on a down-stream task to be able to use it for predictions and inference.
2025-06-02 19:20:10,290: Preparing data for Landmark 1
2025-06-02 19:20:13,167: Average train text length: 147.92 words
2025-06-02 19:20:13,167: Average test text length: 148.18 words
2025-06-02 19:20:13,167: Training on 16086 samples, testing on 4022 samples
2025-06-02 19:20:26,435: Fine-tuning at Landmark 1
/fp/projects01/ec30/software/easybuild/software/nlpl-transformers/4.47.1-foss-2022b-Python-3.10.8/lib/python3.10/site-packages/transformers/optimization.py:591: FutureWarning: This implementation of AdamW is deprecated and will be removed in a future version. Use the PyTorch implementation torch.optim.AdamW instead, or set `no_deprecation_warning=True` to disable this warning
  warnings.warn(
2025-06-02 19:26:28,244: Landmark 1 | Epoch 1/20 | Train Loss: 0.3770 | Val Loss: 0.3587 | Validation AUC: 0.8114 | F1-Score: 0.3582
2025-06-02 19:26:28,245: Early stopping criterion: loss!
2025-06-02 19:32:28,921: Landmark 1 | Epoch 2/20 | Train Loss: 0.3327 | Val Loss: 0.3285 | Validation AUC: 0.8170 | F1-Score: 0.0069
2025-06-02 19:32:28,922: Early stopping criterion: loss!
2025-06-02 19:38:29,610: Landmark 1 | Epoch 3/20 | Train Loss: 0.3149 | Val Loss: 0.3288 | Validation AUC: 0.8175 | F1-Score: 0.2120
2025-06-02 19:38:29,610: Early stopping criterion: loss!
2025-06-02 19:44:29,822: Landmark 1 | Epoch 4/20 | Train Loss: 0.2897 | Val Loss: 0.3461 | Validation AUC: 0.8135 | F1-Score: 0.4045
2025-06-02 19:44:29,823: Early stopping criterion: loss!
2025-06-02 19:50:30,087: Landmark 1 | Epoch 5/20 | Train Loss: 0.2521 | Val Loss: 0.3830 | Validation AUC: 0.7949 | F1-Score: 0.3898
2025-06-02 19:50:30,089: Early stopping criterion: loss!
2025-06-02 19:50:30,089: Early stopping triggered at epoch 5
2025-06-02 19:50:31,346: Tempo impiegato per Landmark 1: 1804.9 secondi
2025-06-02 19:50:31,346: Preparing data for Landmark 2
2025-06-02 19:50:35,807: Average train text length: 159.94 words
2025-06-02 19:50:35,808: Average test text length: 158.47 words
2025-06-02 19:50:35,808: Training on 16086 samples, testing on 4022 samples
2025-06-02 19:50:50,058: Fine-tuning at Landmark 2
/fp/projects01/ec30/software/easybuild/software/nlpl-transformers/4.47.1-foss-2022b-Python-3.10.8/lib/python3.10/site-packages/transformers/optimization.py:591: FutureWarning: This implementation of AdamW is deprecated and will be removed in a future version. Use the PyTorch implementation torch.optim.AdamW instead, or set `no_deprecation_warning=True` to disable this warning
  warnings.warn(
2025-06-02 19:56:51,062: Landmark 2 | Epoch 1/20 | Train Loss: 0.3008 | Val Loss: 0.3066 | Validation AUC: 0.8479 | F1-Score: 0.3900
2025-06-02 19:56:51,062: Early stopping criterion: loss!
2025-06-02 20:02:51,947: Landmark 2 | Epoch 2/20 | Train Loss: 0.2925 | Val Loss: 0.3198 | Validation AUC: 0.8476 | F1-Score: 0.4652
2025-06-02 20:02:51,948: Early stopping criterion: loss!
2025-06-02 20:08:52,638: Landmark 2 | Epoch 3/20 | Train Loss: 0.2676 | Val Loss: 0.3093 | Validation AUC: 0.8464 | F1-Score: 0.3475
2025-06-02 20:08:52,639: Early stopping criterion: loss!
2025-06-02 20:14:53,312: Landmark 2 | Epoch 4/20 | Train Loss: 0.2283 | Val Loss: 0.3314 | Validation AUC: 0.8366 | F1-Score: 0.4425
2025-06-02 20:14:53,312: Early stopping criterion: loss!
2025-06-02 20:14:53,313: Early stopping triggered at epoch 4
2025-06-02 20:14:54,727: Tempo impiegato per Landmark 2: 1444.7 secondi
2025-06-02 20:14:54,728: Preparing data for Landmark 3
2025-06-02 20:15:00,721: Average train text length: 185.42 words
2025-06-02 20:15:00,721: Average test text length: 186.19 words
2025-06-02 20:15:00,721: Training on 16086 samples, testing on 4022 samples
2025-06-02 20:15:16,770: Fine-tuning at Landmark 3
/fp/projects01/ec30/software/easybuild/software/nlpl-transformers/4.47.1-foss-2022b-Python-3.10.8/lib/python3.10/site-packages/transformers/optimization.py:591: FutureWarning: This implementation of AdamW is deprecated and will be removed in a future version. Use the PyTorch implementation torch.optim.AdamW instead, or set `no_deprecation_warning=True` to disable this warning
  warnings.warn(
2025-06-02 20:21:17,252: Landmark 3 | Epoch 1/20 | Train Loss: 0.2148 | Val Loss: 0.2017 | Validation AUC: 0.9416 | F1-Score: 0.7129
2025-06-02 20:21:17,253: Early stopping criterion: loss!
2025-06-02 20:27:18,252: Landmark 3 | Epoch 2/20 | Train Loss: 0.1922 | Val Loss: 0.1965 | Validation AUC: 0.9457 | F1-Score: 0.7051
2025-06-02 20:27:18,252: Early stopping criterion: loss!
2025-06-02 20:33:19,226: Landmark 3 | Epoch 3/20 | Train Loss: 0.1649 | Val Loss: 0.2043 | Validation AUC: 0.9400 | F1-Score: 0.7000
2025-06-02 20:33:19,226: Early stopping criterion: loss!
2025-06-02 20:39:19,977: Landmark 3 | Epoch 4/20 | Train Loss: 0.1274 | Val Loss: 0.2668 | Validation AUC: 0.9286 | F1-Score: 0.6938
2025-06-02 20:39:19,977: Early stopping criterion: loss!
2025-06-02 20:45:20,742: Landmark 3 | Epoch 5/20 | Train Loss: 0.0881 | Val Loss: 0.3542 | Validation AUC: 0.9341 | F1-Score: 0.6746
2025-06-02 20:45:20,742: Early stopping criterion: loss!
2025-06-02 20:45:20,742: Early stopping triggered at epoch 5
2025-06-02 20:45:20,985: Tempo impiegato per Landmark 3: 1804.2 secondi
2025-06-02 20:45:21,018: 0    0.8170
1    0.8479
2    0.9457
Name: AUC, dtype: object
   Landmark     AUC  ...  Validation Loss Training Time (s)
0         1  0.8170  ...           0.3285            1804.9
1         2  0.8479  ...           0.3066            1444.7
2         3  0.9457  ...           0.1965            1804.2

[3 rows x 6 columns]

Job 1665128 consumed 27.9 billing hours from project ec403.

Submitted 2025-06-02T19:17:11; waited 1.0 seconds in the queue after becoming eligible to run.

Requested wallclock time: 24.0 hours
Elapsed wallclock time:   1.5 hours

Job exited normally.

Task and CPU statistics:
ID             CPUs  Tasks  CPU util                Start  Elapsed  Exit status
1665128          16            0.0 %  2025-06-02T19:17:12    1.5 h  0
1665128.batch    16      1     6.2 %  2025-06-02T19:17:12    1.5 h  0

Used CPU time:   1.4 CPU hours
Unused CPU time: 22.1 CPU hours

Memory statistics, in GiB:
ID              Alloc   Usage
1665128          32.0        
1665128.batch    32.0    21.6

GPU usage stats:
Job 1665128 completed at Mon Jun 2 20:45:26 CEST 2025
