Starting job 2051179 on gpu-13 on Fox at Sat Oct 18 14:26:12 CEST 2025


[notice] A new release of pip is available: 23.3.2 -> 25.2
[notice] To update, run: pip install --upgrade pip

Using device: cuda

============================================================
Loading Data...
============================================================
Loading data from:
  X: /fp/homes01/u01/ec-michelec/MIMICIV/data/simulation/X_train_5.csv
  y: /fp/homes01/u01/ec-michelec/MIMICIV/data/simulation/y_train_5.csv
  Shape X: (400000, 1), Shape y: (400000, 1)
  Columns X: ['Sequences']
  Columns y: ['Outcome']
  Loaded 400000 sequences
  Label distribution: 0=224381, 1=175619
  Example sequence: RXYZARQOOEXXCBWWQBJR...
Loading data from:
  X: /fp/homes01/u01/ec-michelec/MIMICIV/data/simulation/X_val_5.csv
  y: /fp/homes01/u01/ec-michelec/MIMICIV/data/simulation/y_val_5.csv
  Shape X: (50000, 1), Shape y: (50000, 1)
  Columns X: ['Sequences']
  Columns y: ['Outcome']
  Loaded 50000 sequences
  Label distribution: 0=28106, 1=21894
  Example sequence: QEEKVERZXACMFSMMWLZH...
Loading data from:
  X: /fp/homes01/u01/ec-michelec/MIMICIV/data/simulation/X_test_5.csv
  y: /fp/homes01/u01/ec-michelec/MIMICIV/data/simulation/y_test_5.csv
  Shape X: (50000, 1), Shape y: (50000, 1)
  Columns X: ['Sequences']
  Columns y: ['Outcome']
  Loaded 50000 sequences
  Label distribution: 0=28021, 1=21979
  Example sequence: RAEYYMMUCMHWDBQKQPPP...

============================================================
Creating Datasets...
============================================================
Auto-detected max_seq_len: 20
  Created vocabulary with 28 tokens
  Sample tokens: ['<PAD>', '<UNK>', 'A', 'B', 'C', 'D', 'E', 'F', 'G', 'H']

============================================================
Initializing Model: cnn
============================================================
Total parameters: 117,793
Trainable parameters: 117,793

============================================================
Starting Training...
============================================================
Epoch 1/60 (48.7s) - Train: Loss=0.6729, AUC=0.5990 - Val: Loss=0.6654, AUC=0.6175, Acc=0.6029
 New best model! Val AUC: 0.6175
Epoch 2/60 (47.5s) - Train: Loss=0.6683, AUC=0.6100 - Val: Loss=0.6688, AUC=0.6152, Acc=0.5971
Epoch 3/60 (46.5s) - Train: Loss=0.6670, AUC=0.6136 - Val: Loss=0.6651, AUC=0.6178, Acc=0.6027
 New best model! Val AUC: 0.6178
Epoch 4/60 (45.8s) - Train: Loss=0.6667, AUC=0.6144 - Val: Loss=0.6683, AUC=0.6168, Acc=0.5977
Epoch 5/60 (46.2s) - Train: Loss=0.6663, AUC=0.6159 - Val: Loss=0.6671, AUC=0.6144, Acc=0.5988
Epoch 6/60 (46.5s) - Train: Loss=0.6660, AUC=0.6165 - Val: Loss=0.6654, AUC=0.6168, Acc=0.5998

Early stopping triggered after 6 epochs

============================================================
Final Test Evaluation...
============================================================

Test Results:
  Loss: 0.6649
  AUC: 0.6189
  Accuracy: 0.6032
  F1: 0.4539

Classification Report:
              precision    recall  f1-score   support

         0.0       0.61      0.78      0.69     28021
         1.0       0.57      0.38      0.45     21979

    accuracy                           0.60     50000
   macro avg       0.59      0.58      0.57     50000
weighted avg       0.60      0.60      0.59     50000


============================================================
Training completed! Final test AUC: 0.6189
============================================================

Job 2051179 consumed 2.0 billing hours from project ec12.

Submitted 2025-10-18T14:25:57; waited 15.0 seconds in the queue after becoming eligible to run.

Requested wallclock time: 10.0 hours
Elapsed wallclock time:   6.2 minutes

Job exited normally.

Task and CPU statistics:
ID             CPUs  Tasks  CPU util                Start  Elapsed  Exit status
2051179          16            0.0 %  2025-10-18T14:26:12  374.0 s  0
2051179.batch    16      1     7.4 %  2025-10-18T14:26:12  374.0 s  0

Used CPU time:   7.3 CPU minutes
Unused CPU time: 1.5 CPU hours

Memory statistics, in GiB:
ID              Alloc   Usage
2051179          32.0        
2051179.batch    32.0     1.3

Job 2051179 completed at Sat Oct 18 14:32:26 CEST 2025
