Starting job 1816381 on gpu-14 on fox at Tue Jul 22 18:39:09 CEST 2025

2025-07-22 18:39:21,170: Argument all_landmarks: False
2025-07-22 18:39:21,170: Argument batch_size: 8
2025-07-22 18:39:21,170: Argument cache_dir: '/cluster/work/projects/ec12/michechi/cache'
2025-07-22 18:39:21,170: Argument early: 'loss'
2025-07-22 18:39:21,170: Argument epochs: 20
2025-07-22 18:39:21,170: Argument gradient_accumulation_steps: 1
2025-07-22 18:39:21,171: Argument input_csv: '/fp/homes01/u01/ec-michelec/MIMICIV/data/splitted/splitted/landmark_df_evo.csv'
2025-07-22 18:39:21,171: Argument lr: 2e-05
2025-07-22 18:39:21,171: Argument max_length: 2048
2025-07-22 18:39:21,171: Argument max_visits: 3
2025-07-22 18:39:21,171: Argument model_name: 'answerdotai/ModernBERT-large'
2025-07-22 18:39:21,171: Argument model_type: 'medbert'
2025-07-22 18:39:21,171: Argument patience: 3
2025-07-22 18:39:21,171: Argument peft: True
2025-07-22 18:39:21,171: Argument prompt_type: 'compact_no_time_rnd'
2025-07-22 18:39:21,171: Argument seed: 9550
2025-07-22 18:39:21,171: Argument test_csv: '/fp/homes01/u01/ec-michelec/MIMICIV/data/splitted/splitted/landmark_evo_test.csv'
2025-07-22 18:39:21,171: Argument train_csv: '/fp/homes01/u01/ec-michelec/MIMICIV/data/splitted/splitted/landmark_evo_train.csv'
2025-07-22 18:39:21,171: Argument use_quantization: False
2025-07-22 18:39:21,171: Argument val_csv: '/fp/homes01/u01/ec-michelec/MIMICIV/data/splitted/splitted/landmark_evo_vali.csv'
Some weights of ModernBertForSequenceClassification were not initialized from the model checkpoint at answerdotai/ModernBERT-large and are newly initialized: ['classifier.bias', 'classifier.weight']
You should probably TRAIN this model on a down-stream task to be able to use it for predictions and inference.
2025-07-22 18:39:26,864: Using prompt type: compact_no_time_rnd
/fp/homes01/u01/ec-michelec/MIMICIV/src/Finetuning.py:459: DtypeWarning: Columns (16,17,18,19) have mixed types. Specify dtype option on import or set low_memory=False.
  full_train_df = pd.read_csv(args.train_csv, na_values=['', 'None', 'NaN', 'na', 'nan']).fillna('')
/fp/homes01/u01/ec-michelec/MIMICIV/src/Finetuning.py:461: DtypeWarning: Columns (16,17,18,19) have mixed types. Specify dtype option on import or set low_memory=False.
  full_test_df = pd.read_csv(args.test_csv, na_values=['', 'None', 'NaN', 'na', 'nan']).fillna('')
2025-07-22 18:40:02,024: Processing only the last landmark visit: 3
2025-07-22 18:40:02,024: Preparing data for Landmark 3
2025-07-22 18:40:07,694: Average train text length: 180.40 words
2025-07-22 18:40:07,695: Average validation text length: 176.07 words
2025-07-22 18:40:07,695: Average test text length: 180.19 words
2025-07-22 18:40:07,695: Training on 14472 samples, validating on 1608, testing on 4020 samples
2025-07-22 18:40:24,808: Fine-tuning at Landmark 3
2025-07-22 18:40:24,815: Early stopping criterion: loss
/fp/homes01/u01/ec-michelec/ModernBERT/lib64/python3.9/site-packages/networkx/utils/backends.py:135: RuntimeWarning: networkx backend defined more than once: nx-loopback
  backends.update(_get_backends("networkx.backends"))
2025-07-22 19:04:30,428: Landmark 3 | Epoch 1/20 | Train Loss: 0.3009 | Val Loss: 0.2199 | Validation AUC: 0.9330 | F1-Score: 0.6045
2025-07-22 19:28:15,800: Landmark 3 | Epoch 2/20 | Train Loss: 0.2067 | Val Loss: 0.1907 | Validation AUC: 0.9564 | F1-Score: 0.6919
2025-07-22 19:52:01,055: Landmark 3 | Epoch 3/20 | Train Loss: 0.1880 | Val Loss: 0.1883 | Validation AUC: 0.9547 | F1-Score: 0.6773
2025-07-22 20:15:47,119: Landmark 3 | Epoch 4/20 | Train Loss: 0.1793 | Val Loss: 0.1978 | Validation AUC: 0.9507 | F1-Score: 0.6771
2025-07-22 20:39:32,378: Landmark 3 | Epoch 5/20 | Train Loss: 0.1600 | Val Loss: 0.1831 | Validation AUC: 0.9564 | F1-Score: 0.7284
2025-07-22 21:03:18,471: Landmark 3 | Epoch 6/20 | Train Loss: 0.1291 | Val Loss: 0.2212 | Validation AUC: 0.9501 | F1-Score: 0.7110
2025-07-22 21:27:03,377: Landmark 3 | Epoch 7/20 | Train Loss: 0.0884 | Val Loss: 0.2620 | Validation AUC: 0.9466 | F1-Score: 0.7102
2025-07-22 21:50:48,821: Landmark 3 | Epoch 8/20 | Train Loss: 0.0436 | Val Loss: 0.3596 | Validation AUC: 0.9444 | F1-Score: 0.7133
2025-07-22 21:50:48,844: Early stopping triggered at epoch 8
2025-07-22 21:50:51,057: Tempo impiegato per Landmark 3: 11426.2 secondi
2025-07-22 21:50:51,057: Tempo medio per epoca: 1428.3 secondi
2025-07-22 21:50:51,059: Loading best model from /cluster/work/projects/ec12/michechi/cache/best/best_model_answerdotai_ModernBERT-large_landmark3_compact_no_time_rnd_3_2048_all_landmarks_False_20250722_184024_.pt for final evaluation on test set
2025-07-22 21:52:58,907: Final Test AUC (Landmark 3): 0.9488 | Test F1-Score: 0.7409
2025-07-22 21:52:58,908: Saving results to results_medbert_answerdotai_ModernBERT-large_visits3_peft_9550_compact_no_time_rnd_20250722_215258.csv
Using device: cuda
   Landmark Val AUC  ... Validation Loss Training Time (s)
0         3  0.9564  ...          0.1831           11426.2

[1 rows x 9 columns]

Job 1816381 consumed 61.4 billing hours from project ec12.

Submitted 2025-07-22T18:39:08; waited 0.0 seconds in the queue after becoming eligible to run.

Requested wallclock time: 10.0 hours
Elapsed wallclock time:   3.2 hours

Job exited normally.

Task and CPU statistics:
ID             CPUs  Tasks  CPU util                Start  Elapsed  Exit status
1816381          16            0.0 %  2025-07-22T18:39:08    3.2 h  0
1816381.batch    16      1     7.5 %  2025-07-22T18:39:08    3.2 h  0

Used CPU time:   3.9 CPU hours
Unused CPU time: 2.0 CPU days

Memory statistics, in GiB:
ID              Alloc   Usage
1816381          32.0        
1816381.batch    32.0    12.4

GPU usage stats:
Job 1816381 completed at Tue Jul 22 21:53:07 CEST 2025
