Starting job 72349 on gpu-1-74 on Olivia at Sun Dec 28 11:59:22 CET 2025

=== JOB CONFIGURATION ===
Job ID: 72349
Node: gpu-1-74
Permanent Cache: /cluster/work/projects/nn12048k/michechi/cache
The following modules were not unloaded:
  (Use "module --force purge" to unload all):

  1) init-NRIS
=== STARTING CONTAINER ===
Container: /cluster/work/projects/nn12048k/michechi/extended-pytorch/extended-pytorch.sif
Environment: HUGGING_FACE_HUB_TOKEN=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,HF_HOME=/cluster/work/projects/nn12048k/michechi/cache,HF_DATASETS_CACHE=/cluster/work/projects/nn12048k/michechi/cache,XDG_CACHE_HOME=/cluster/work/projects/nn12048k/michechi/cache
INFO:    gocryptfs not found, will not be able to use gocryptfs
/usr/bin/rm: cannot remove '/usr/local/cuda/compat/lib': Read-only file system
rm: cannot remove '/usr/local/cuda/compat/lib': Read-only file system
srun: Job step aborted: Waiting up to 32 seconds for job step to finish.
[2025-12-28T11:59:32.992] error: *** STEP 72349.0 ON gpu-1-74 CANCELLED AT 2025-12-28T11:59:32 DUE to SIGNAL Terminated ***
[2025-12-28T11:59:32.992] error: *** JOB 72349 ON gpu-1-74 CANCELLED AT 2025-12-28T11:59:32 DUE to SIGNAL Terminated ***

Job 72349 consumed 0.0 billing hours and 0.0 GPU hours from project nn12048k.

Submitted 2025-12-28T11:59:21; waited 0.0 seconds in the queue after becoming eligible to run.

Requested wallclock time: 20.0 hours
Elapsed wallclock time:   11.0 seconds

Job was cancelled.

Task and CPU statistics:
ID               CPUs  Tasks  CPU util                Start  Elapsed  Exit status
72349               1            0.0 %  2025-12-28T11:59:21   11.0 s  0
72349.batch         1      1     1.5 %  2025-12-28T11:59:21   12.0 s  Signal 15
72349.apptainer     1      1     0.0 %  2025-12-28T11:59:23   12.0 s  Signal 15

Used CPU time:   0.2 CPU seconds
Unused CPU time: 10.8 CPU seconds

Memory statistics, in GiB:
ID                Alloc   Usage
72349             128.0        
72349.batch       128.0     0.1
72349.apptainer   128.0     3.1

Job 72349 completed at Sun Dec 28 11:59:37 CET 2025
