Starting job 1835723 on gpu-12 on fox at Mon Jul 28 21:35:06 CEST 2025

2025-07-28 21:35:22,402: Argument CI: False
2025-07-28 21:35:22,403: Argument all_landmarks: True
2025-07-28 21:35:22,403: Argument batch_size: 8
2025-07-28 21:35:22,403: Argument cache_dir: '/cluster/work/projects/ec12/michechi/cache'
2025-07-28 21:35:22,403: Argument early: 'loss'
2025-07-28 21:35:22,403: Argument epochs: 20
2025-07-28 21:35:22,403: Argument gradient_accumulation_steps: 1
2025-07-28 21:35:22,403: Argument input_csv: '/fp/homes01/u01/ec-michelec/MIMICIV/data/splitted/splitted/landmark_df_evo.csv'
2025-07-28 21:35:22,403: Argument lr: 2e-05
2025-07-28 21:35:22,403: Argument max_length: 512
2025-07-28 21:35:22,403: Argument max_visits: 3
2025-07-28 21:35:22,403: Argument model_name: 'emilyalsentzer/Bio_ClinicalBERT'
2025-07-28 21:35:22,403: Argument model_type: 'medical'
2025-07-28 21:35:22,403: Argument patience: 1
2025-07-28 21:35:22,404: Argument peft: False
2025-07-28 21:35:22,404: Argument prompt_type: 'no'
2025-07-28 21:35:22,404: Argument seed: 9550
2025-07-28 21:35:22,404: Argument test_csv: '/fp/homes01/u01/ec-michelec/MIMICIV/data/splitted/splitted/landmark_evo_test.csv'
2025-07-28 21:35:22,404: Argument train_csv: '/fp/homes01/u01/ec-michelec/MIMICIV/data/splitted/splitted/landmark_evo_train.csv'
2025-07-28 21:35:22,404: Argument use_quantization: False
2025-07-28 21:35:22,404: Argument val_csv: '/fp/homes01/u01/ec-michelec/MIMICIV/data/splitted/splitted/landmark_evo_vali.csv'
2025-07-28 21:35:22,407: Using prompt type: no
/fp/homes01/u01/ec-michelec/MIMICIV/src/Finetuning_rfct.py:77: DtypeWarning: Columns (16,17,18,19) have mixed types. Specify dtype option on import or set low_memory=False.
  full_train_df = pd.read_csv(args.train_csv, na_values=['', 'None', 'NaN', 'na', 'nan']).fillna('')
/fp/homes01/u01/ec-michelec/MIMICIV/src/Finetuning_rfct.py:79: DtypeWarning: Columns (16,17,18,19) have mixed types. Specify dtype option on import or set low_memory=False.
  full_test_df = pd.read_csv(args.test_csv, na_values=['', 'None', 'NaN', 'na', 'nan']).fillna('')
2025-07-28 21:35:59,989: Processing all landmarks from 1 to 3
2025-07-28 21:35:59,989: Preparing data for Landmark 1
/fp/projects01/ec30/software/easybuild/software/nlpl-pytorch/2.1.2-foss-2022b-cuda-12.0.0-Python-3.10.8/lib/python3.10/site-packages/torch/_utils.py:831: UserWarning: TypedStorage is deprecated. It will be removed in the future and UntypedStorage will be the only storage class. This should only matter to you if you are using storages directly.  To access UntypedStorage directly, use tensor.untyped_storage() instead of tensor.storage()
  return self.fget.__get__(instance, owner)()
Some weights of BertForSequenceClassification were not initialized from the model checkpoint at emilyalsentzer/Bio_ClinicalBERT and are newly initialized: ['classifier.bias', 'classifier.weight']
You should probably TRAIN this model on a down-stream task to be able to use it for predictions and inference.
2025-07-28 21:36:04,322: Average train text length: 142.08 words
2025-07-28 21:36:04,323: Average validation text length: 141.17 words
2025-07-28 21:36:04,323: Average test text length: 141.27 words
2025-07-28 21:36:04,323: Training on 14472 samples, validating on 1608, testing on 4020 samples
2025-07-28 21:36:17,464: Fine-tuning at Landmark 1
2025-07-28 21:36:17,978: Early stopping criterion: loss
2025-07-28 21:40:52,421: Landmark 1 | Epoch 1/20 | Train Loss: 0.4174 | Val Loss: 0.4075 | Validation AUC: 0.6585 | F1-Score: 0.0000
2025-07-28 21:40:52,765: New best model saved at /cluster/work/projects/ec12/michechi/cache/best/best_model_emilyalsentzer_Bio_ClinicalBERT_landmark1_no_3_512_all_landmarks_True_20250728_213617_.pt with AUC: 0.6585, F1: 0.0000, Val Loss: 0.4075
2025-07-28 21:45:27,386: Landmark 1 | Epoch 2/20 | Train Loss: 0.4048 | Val Loss: 0.3923 | Validation AUC: 0.6706 | F1-Score: 0.0000
2025-07-28 21:45:27,715: New best model saved at /cluster/work/projects/ec12/michechi/cache/best/best_model_emilyalsentzer_Bio_ClinicalBERT_landmark1_no_3_512_all_landmarks_True_20250728_213617_.pt with AUC: 0.6706, F1: 0.0000, Val Loss: 0.3923
2025-07-28 21:50:02,200: Landmark 1 | Epoch 3/20 | Train Loss: 0.4014 | Val Loss: 0.3916 | Validation AUC: 0.6751 | F1-Score: 0.0000
2025-07-28 21:50:02,555: New best model saved at /cluster/work/projects/ec12/michechi/cache/best/best_model_emilyalsentzer_Bio_ClinicalBERT_landmark1_no_3_512_all_landmarks_True_20250728_213617_.pt with AUC: 0.6751, F1: 0.0000, Val Loss: 0.3916
2025-07-28 21:54:37,094: Landmark 1 | Epoch 4/20 | Train Loss: 0.3987 | Val Loss: 0.3919 | Validation AUC: 0.6724 | F1-Score: 0.0000
2025-07-28 21:54:37,094: No improvement in epoch 4. Current best AUC: 0.6751, F1: 0.0000, Val Loss: 0.3916. Epochs without improvement: 1/1
2025-07-28 21:54:37,094: Early stopping triggered at epoch 4. Best AUC: 0.6751, F1: 0.0000, Val Loss: 0.3916
2025-07-28 21:54:37,380: Tempo impiegato per Landmark 1: 1099.9 secondi
2025-07-28 21:54:37,380: Tempo medio per epoca: 275.0 secondi
2025-07-28 21:54:37,382: Loading best model from /cluster/work/projects/ec12/michechi/cache/best/best_model_emilyalsentzer_Bio_ClinicalBERT_landmark1_no_3_512_all_landmarks_True_20250728_213617_.pt for final evaluation on test set
2025-07-28 21:54:59,672: Final Test AUC (Landmark 1): 0.6505 | Test F1-Score: 0.0000
2025-07-28 21:54:59,672: Preparing data for Landmark 2
Using device: cuda
Some weights of BertForSequenceClassification were not initialized from the model checkpoint at emilyalsentzer/Bio_ClinicalBERT and are newly initialized: ['classifier.bias', 'classifier.weight']
You should probably TRAIN this model on a down-stream task to be able to use it for predictions and inference.
2025-07-28 21:55:03,776: Average train text length: 164.72 words
2025-07-28 21:55:03,776: Average validation text length: 163.91 words
2025-07-28 21:55:03,776: Average test text length: 163.85 words
2025-07-28 21:55:03,776: Training on 14472 samples, validating on 1608, testing on 4020 samples
2025-07-28 21:55:19,840: Fine-tuning at Landmark 2
2025-07-28 21:55:19,844: Early stopping criterion: loss
2025-07-28 21:59:44,136: Landmark 2 | Epoch 1/20 | Train Loss: 0.4348 | Val Loss: 0.4125 | Validation AUC: 0.6608 | F1-Score: 0.0000
2025-07-28 21:59:44,462: New best model saved at /cluster/work/projects/ec12/michechi/cache/best/best_model_emilyalsentzer_Bio_ClinicalBERT_landmark2_no_3_512_all_landmarks_True_20250728_215519_.pt with AUC: 0.6608, F1: 0.0000, Val Loss: 0.4125
2025-07-28 22:04:09,256: Landmark 2 | Epoch 2/20 | Train Loss: 0.4189 | Val Loss: 0.4193 | Validation AUC: 0.5555 | F1-Score: 0.0000
2025-07-28 22:04:09,257: No improvement in epoch 2. Current best AUC: 0.6608, F1: 0.0000, Val Loss: 0.4125. Epochs without improvement: 1/1
2025-07-28 22:04:09,257: Early stopping triggered at epoch 2. Best AUC: 0.6608, F1: 0.0000, Val Loss: 0.4125
2025-07-28 22:04:09,514: Tempo impiegato per Landmark 2: 529.7 secondi
2025-07-28 22:04:09,514: Tempo medio per epoca: 264.8 secondi
2025-07-28 22:04:09,516: Loading best model from /cluster/work/projects/ec12/michechi/cache/best/best_model_emilyalsentzer_Bio_ClinicalBERT_landmark2_no_3_512_all_landmarks_True_20250728_215519_.pt for final evaluation on test set
2025-07-28 22:04:29,827: Final Test AUC (Landmark 2): 0.6451 | Test F1-Score: 0.0000
2025-07-28 22:04:29,828: Preparing data for Landmark 3
Using device: cuda
Some weights of BertForSequenceClassification were not initialized from the model checkpoint at emilyalsentzer/Bio_ClinicalBERT and are newly initialized: ['classifier.bias', 'classifier.weight']
You should probably TRAIN this model on a down-stream task to be able to use it for predictions and inference.
2025-07-28 22:04:35,588: Average train text length: 176.08 words
2025-07-28 22:04:35,588: Average validation text length: 175.47 words
2025-07-28 22:04:35,589: Average test text length: 175.65 words
2025-07-28 22:04:35,589: Training on 14472 samples, validating on 1608, testing on 4020 samples
2025-07-28 22:04:52,562: Fine-tuning at Landmark 3
2025-07-28 22:04:52,569: Early stopping criterion: loss
2025-07-28 22:09:11,577: Landmark 3 | Epoch 1/20 | Train Loss: 0.4311 | Val Loss: 0.4126 | Validation AUC: 0.6636 | F1-Score: 0.0000
2025-07-28 22:09:11,902: New best model saved at /cluster/work/projects/ec12/michechi/cache/best/best_model_emilyalsentzer_Bio_ClinicalBERT_landmark3_no_3_512_all_landmarks_True_20250728_220452_.pt with AUC: 0.6636, F1: 0.0000, Val Loss: 0.4126
2025-07-28 22:13:31,279: Landmark 3 | Epoch 2/20 | Train Loss: 0.4186 | Val Loss: 0.4118 | Validation AUC: 0.6881 | F1-Score: 0.0000
2025-07-28 22:13:31,610: New best model saved at /cluster/work/projects/ec12/michechi/cache/best/best_model_emilyalsentzer_Bio_ClinicalBERT_landmark3_no_3_512_all_landmarks_True_20250728_220452_.pt with AUC: 0.6881, F1: 0.0000, Val Loss: 0.4118
2025-07-28 22:17:51,033: Landmark 3 | Epoch 3/20 | Train Loss: 0.4112 | Val Loss: 0.4255 | Validation AUC: 0.6880 | F1-Score: 0.0000
2025-07-28 22:17:51,033: No improvement in epoch 3. Current best AUC: 0.6881, F1: 0.0000, Val Loss: 0.4118. Epochs without improvement: 1/1
2025-07-28 22:17:51,033: Early stopping triggered at epoch 3. Best AUC: 0.6881, F1: 0.0000, Val Loss: 0.4118
2025-07-28 22:17:51,292: Tempo impiegato per Landmark 3: 778.7 secondi
2025-07-28 22:17:51,292: Tempo medio per epoca: 259.6 secondi
2025-07-28 22:17:51,294: Loading best model from /cluster/work/projects/ec12/michechi/cache/best/best_model_emilyalsentzer_Bio_ClinicalBERT_landmark3_no_3_512_all_landmarks_True_20250728_220452_.pt for final evaluation on test set
2025-07-28 22:18:10,405: Final Test AUC (Landmark 3): 0.7152 | Test F1-Score: 0.0000
2025-07-28 22:18:10,406: Saving results to results_medical_True_emilyalsentzer_Bio_ClinicalBERT_visits3_9550_no_20250728_221810.csv
Using device: cuda
   Landmark Val AUC  ... Validation Loss Training Time (s)
0         1  0.6751  ...          0.3916            1099.9
1         2  0.6608  ...          0.4125             529.7
2         3  0.6881  ...          0.4118             778.7

[3 rows x 9 columns]

Job 1835723 consumed 13.7 billing hours from project ec12.

Submitted 2025-07-28T21:35:05; waited 0.0 seconds in the queue after becoming eligible to run.

Requested wallclock time: 24.0 hours
Elapsed wallclock time:   43.2 minutes

Job exited normally.

Task and CPU statistics:
ID             CPUs  Tasks  CPU util                Start   Elapsed  Exit status
1835723          16            0.0 %  2025-07-28T21:35:05  2590.0 s  0
1835723.batch    16      1     6.2 %  2025-07-28T21:35:05  2590.0 s  0

Used CPU time:   42.9 CPU minutes
Unused CPU time: 10.8 CPU hours

Memory statistics, in GiB:
ID              Alloc   Usage
1835723          32.0        
1835723.batch    32.0    11.4

Job 1835723 completed at Mon Jul 28 22:18:15 CEST 2025
