Starting job 68714 on gpu-1-76 on Olivia at Tue Dec 23 18:15:32 CET 2025

INFO:    gocryptfs not found, will not be able to use gocryptfs
Traceback (most recent call last):
  File "/cluster/home/michechi/MIMICIV/src/./Finetuning_FOX_time_simulation_tiny.py", line 14, in <module>
    from transformers import (
  File "/usr/local/lib/python3.12/dist-packages/transformers/utils/import_utils.py", line 2317, in __getattr__
    module = self._get_module(self._class_to_module[name])
             ^^^^^^^^^^^^^^^^^^^^^^^^^^^^^^^^^^^^^^^^^^^^^
  File "/usr/local/lib/python3.12/dist-packages/transformers/utils/import_utils.py", line 2347, in _get_module
    raise e
  File "/usr/local/lib/python3.12/dist-packages/transformers/utils/import_utils.py", line 2345, in _get_module
    return importlib.import_module("." + module_name, self.__name__)
           ^^^^^^^^^^^^^^^^^^^^^^^^^^^^^^^^^^^^^^^^^^^^^^^^^^^^^^^^^
  File "/usr/lib/python3.12/importlib/__init__.py", line 90, in import_module
    return _bootstrap._gcd_import(name[level:], package, level)
           ^^^^^^^^^^^^^^^^^^^^^^^^^^^^^^^^^^^^^^^^^^^^^^^^^^^^
  File "/usr/local/lib/python3.12/dist-packages/transformers/models/auto/tokenization_auto.py", line 40, in <module>
    from .auto_factory import _LazyAutoMapping
  File "/usr/local/lib/python3.12/dist-packages/transformers/models/auto/auto_factory.py", line 43, in <module>
    from ...generation import GenerationMixin
  File "/usr/local/lib/python3.12/dist-packages/transformers/utils/import_utils.py", line 2317, in __getattr__
    module = self._get_module(self._class_to_module[name])
             ^^^^^^^^^^^^^^^^^^^^^^^^^^^^^^^^^^^^^^^^^^^^^
  File "/usr/local/lib/python3.12/dist-packages/transformers/utils/import_utils.py", line 2347, in _get_module
    raise e
  File "/usr/local/lib/python3.12/dist-packages/transformers/utils/import_utils.py", line 2345, in _get_module
    return importlib.import_module("." + module_name, self.__name__)
           ^^^^^^^^^^^^^^^^^^^^^^^^^^^^^^^^^^^^^^^^^^^^^^^^^^^^^^^^^
  File "/usr/lib/python3.12/importlib/__init__.py", line 90, in import_module
    return _bootstrap._gcd_import(name[level:], package, level)
           ^^^^^^^^^^^^^^^^^^^^^^^^^^^^^^^^^^^^^^^^^^^^^^^^^^^^
  File "/usr/local/lib/python3.12/dist-packages/transformers/generation/utils.py", line 43, in <module>
    from ..masking_utils import create_masks_for_generate
  File "/usr/local/lib/python3.12/dist-packages/transformers/masking_utils.py", line 40, in <module>
    from torch._dynamo._trace_wrapped_higher_order_op import TransformGetItemToIndex
ImportError: cannot import name 'TransformGetItemToIndex' from 'torch._dynamo._trace_wrapped_higher_order_op' (/usr/local/lib/python3.12/dist-packages/torch/_dynamo/_trace_wrapped_higher_order_op.py)
srun: error: gpu-1-76: task 0: Exited with exit code 1
srun: Terminating StepId=68714.0

Job 68714 consumed 0.0 billing hours and 0.0 GPU hours from project nn12048k.

Submitted 2025-12-23T18:15:31; waited 0.0 seconds in the queue after becoming eligible to run.

Requested wallclock time: 30.0 minutes
Elapsed wallclock time:   7.0 seconds

Job failed.

Task and CPU statistics:
ID                 CPUs  Tasks  CPU util                Start  Elapsed  Exit status
68714                 1            0.0 %  2025-12-23T18:15:31    7.0 s  1
68714.batch           1      1     3.3 %  2025-12-23T18:15:31    7.0 s  1
68714.singularity     1      1     0.0 %  2025-12-23T18:15:32    6.0 s  1

Used CPU time:   0.2 CPU seconds
Unused CPU time: 6.8 CPU seconds

Memory statistics, in GiB:
ID                  Alloc   Usage
68714                 2.0        
68714.batch           2.0     0.0
68714.singularity     2.0     1.2

Job 68714 completed at Tue Dec 23 18:15:39 CET 2025
