Starting job 1700391 on gpu-16 on fox at Thu Jun 19 14:03:11 CEST 2025

2025-06-19 14:04:00,486: Argument all_landmarks: False
2025-06-19 14:04:00,487: Argument batch_size: 8
2025-06-19 14:04:00,487: Argument cache_dir: '/cluster/work/projects/ec403/ec-michechi/Project_M'
2025-06-19 14:04:00,487: Argument early: 'f1'
2025-06-19 14:04:00,487: Argument epochs: 20
2025-06-19 14:04:00,487: Argument input_csv: '/cluster/work/projects/ec403/ec-michechi/Project_M/data/landmark_df_evo.csv'
2025-06-19 14:04:00,487: Argument lr: 2e-05
2025-06-19 14:04:00,487: Argument max_length: 512
2025-06-19 14:04:00,487: Argument max_visits: 3
2025-06-19 14:04:00,487: Argument model_name: 'Charangan/MedBERT'
2025-06-19 14:04:00,487: Argument model_type: 'medbert'
2025-06-19 14:04:00,487: Argument patience: 3
2025-06-19 14:04:00,487: Argument peft: False
2025-06-19 14:04:00,487: Argument prompt_type: 'no'
2025-06-19 14:04:00,487: Argument seed: 4550
2025-06-19 14:04:00,487: Argument test_csv: '/cluster/work/projects/ec403/ec-michechi/Project_M/data/landmark_evo_test.csv'
2025-06-19 14:04:00,487: Argument train_csv: '/cluster/work/projects/ec403/ec-michechi/Project_M/data/landmark_evo_train.csv'
2025-06-19 14:04:00,487: Argument use_quantization: False
2025-06-19 14:04:00,487: Argument val_csv: '/cluster/work/projects/ec403/ec-michechi/Project_M/data/landmark_evo_vali.csv'
/fp/projects01/ec30/software/easybuild/software/nlpl-pytorch/2.1.2-foss-2022b-cuda-12.0.0-Python-3.10.8/lib/python3.10/site-packages/torch/_utils.py:831: UserWarning: TypedStorage is deprecated. It will be removed in the future and UntypedStorage will be the only storage class. This should only matter to you if you are using storages directly.  To access UntypedStorage directly, use tensor.untyped_storage() instead of tensor.storage()
  return self.fget.__get__(instance, owner)()
Some weights of BertForSequenceClassification were not initialized from the model checkpoint at Charangan/MedBERT and are newly initialized: ['classifier.bias', 'classifier.weight']
You should probably TRAIN this model on a down-stream task to be able to use it for predictions and inference.
2025-06-19 14:04:05,323: Using prompt type: no
2025-06-19 14:04:05,323: Model type: medbert, Model name: Charangan/MedBERT
/fp/homes01/u01/ec-michechi/Project_M/MIMICIV/src/Finetuning.py:427: DtypeWarning: Columns (16,17,18,19) have mixed types. Specify dtype option on import or set low_memory=False.
  full_train_df = pd.read_csv(args.train_csv, na_values=['', 'None', 'NaN', 'na', 'nan']).fillna('')
2025-06-19 14:04:44,773: Processing only the last landmark visit: 3
2025-06-19 14:04:44,773: Preparing data for Landmark 3
2025-06-19 14:04:46,224: Average train text length: 1239.42 words
2025-06-19 14:04:46,225: Average validation text length: 1230.17 words
2025-06-19 14:04:46,225: Average test text length: 1236.08 words
2025-06-19 14:04:46,225: Training on 14477 samples, validating on 1609, testing on 4022 samples
2025-06-19 14:05:53,483: Fine-tuning at Landmark 3
2025-06-19 14:05:55,118: Early stopping criterion: f1
2025-06-19 14:09:07,606: Landmark 3 | Epoch 1/20 | Train Loss: 0.3439 | Val Loss: 0.2306 | Validation AUC: 0.9247 | F1-Score: 0.6364
2025-06-19 14:12:20,307: Landmark 3 | Epoch 2/20 | Train Loss: 0.2430 | Val Loss: 0.2392 | Validation AUC: 0.9328 | F1-Score: 0.4408
2025-06-19 14:15:33,022: Landmark 3 | Epoch 3/20 | Train Loss: 0.2148 | Val Loss: 0.2106 | Validation AUC: 0.9379 | F1-Score: 0.6885
2025-06-19 14:18:45,935: Landmark 3 | Epoch 4/20 | Train Loss: 0.1830 | Val Loss: 0.2368 | Validation AUC: 0.9305 | F1-Score: 0.6472
2025-06-19 14:21:58,404: Landmark 3 | Epoch 5/20 | Train Loss: 0.1381 | Val Loss: 0.2961 | Validation AUC: 0.9266 | F1-Score: 0.6628
2025-06-19 14:25:11,008: Landmark 3 | Epoch 6/20 | Train Loss: 0.0853 | Val Loss: 0.3495 | Validation AUC: 0.9067 | F1-Score: 0.6202
2025-06-19 14:25:11,008: Early stopping triggered at epoch 6
2025-06-19 14:25:11,210: Tempo impiegato per Landmark 3: 1157.7 secondi
2025-06-19 14:25:11,212: Tempo medio per epoca: 193.0 secondi
2025-06-19 14:25:25,388: Final Test AUC (Landmark 3): 0.9241 | Test F1-Score: 0.6550
2025-06-19 14:25:25,389: Saving results to results_medbert_Charangan_MedBERT_visits3_20250619_142525.csv
   Landmark Val AUC  ... Validation Loss Training Time (s)
0         3  0.9379  ...          0.2106            1157.7

[1 rows x 9 columns]

Job 1700391 consumed 7.1 billing hours from project ec403.

Submitted 2025-06-19T13:41:19; waited 21.9 minutes in the queue after becoming eligible to run.

Requested wallclock time: 5.0 hours
Elapsed wallclock time:   22.3 minutes

Job exited normally.

Task and CPU statistics:
ID             CPUs  Tasks  CPU util                Start   Elapsed  Exit status
1700391          16            0.0 %  2025-06-19T14:03:11  1339.0 s  0
1700391.batch    16      1     6.0 %  2025-06-19T14:03:11  1339.0 s  0

Used CPU time:   21.4 CPU minutes
Unused CPU time: 5.6 CPU hours

Memory statistics, in GiB:
ID              Alloc   Usage
1700391          32.0        
1700391.batch    32.0    15.1

Job 1700391 completed at Thu Jun 19 14:25:30 CEST 2025
