Starting job 1700399 on gpu-9 on fox at Thu Jun 19 14:41:56 CEST 2025

2025-06-19 14:42:22,088: Argument all_landmarks: False
2025-06-19 14:42:22,088: Argument batch_size: 8
2025-06-19 14:42:22,088: Argument cache_dir: '/cluster/work/projects/ec403/ec-michechi/Project_M'
2025-06-19 14:42:22,088: Argument early: 'f1'
2025-06-19 14:42:22,089: Argument epochs: 20
2025-06-19 14:42:22,089: Argument input_csv: '/cluster/work/projects/ec403/ec-michechi/Project_M/data/landmark_df_evo.csv'
2025-06-19 14:42:22,089: Argument lr: 2e-05
2025-06-19 14:42:22,089: Argument max_length: 512
2025-06-19 14:42:22,089: Argument max_visits: 3
2025-06-19 14:42:22,089: Argument model_name: 'Charangan/MedBERT'
2025-06-19 14:42:22,089: Argument model_type: 'medbert'
2025-06-19 14:42:22,089: Argument patience: 3
2025-06-19 14:42:22,089: Argument peft: False
2025-06-19 14:42:22,089: Argument prompt_type: 'compact'
2025-06-19 14:42:22,089: Argument seed: 4550
2025-06-19 14:42:22,089: Argument test_csv: '/cluster/work/projects/ec403/ec-michechi/Project_M/data/landmark_evo_test.csv'
2025-06-19 14:42:22,089: Argument train_csv: '/cluster/work/projects/ec403/ec-michechi/Project_M/data/landmark_evo_train.csv'
2025-06-19 14:42:22,089: Argument use_quantization: False
2025-06-19 14:42:22,089: Argument val_csv: '/cluster/work/projects/ec403/ec-michechi/Project_M/data/landmark_evo_vali.csv'
/fp/projects01/ec30/software/easybuild/software/nlpl-pytorch/2.1.2-foss-2022b-cuda-12.0.0-Python-3.10.8/lib/python3.10/site-packages/torch/_utils.py:831: UserWarning: TypedStorage is deprecated. It will be removed in the future and UntypedStorage will be the only storage class. This should only matter to you if you are using storages directly.  To access UntypedStorage directly, use tensor.untyped_storage() instead of tensor.storage()
  return self.fget.__get__(instance, owner)()
Some weights of BertForSequenceClassification were not initialized from the model checkpoint at Charangan/MedBERT and are newly initialized: ['classifier.bias', 'classifier.weight']
You should probably TRAIN this model on a down-stream task to be able to use it for predictions and inference.
2025-06-19 14:42:24,733: Using prompt type: compact
2025-06-19 14:42:24,733: Model type: medbert, Model name: Charangan/MedBERT
/fp/homes01/u01/ec-michechi/Project_M/MIMICIV/src/Finetuning.py:427: DtypeWarning: Columns (16,17,18,19) have mixed types. Specify dtype option on import or set low_memory=False.
  full_train_df = pd.read_csv(args.train_csv, na_values=['', 'None', 'NaN', 'na', 'nan']).fillna('')
2025-06-19 14:43:01,422: Processing only the last landmark visit: 3
2025-06-19 14:43:01,423: Preparing data for Landmark 3
2025-06-19 14:43:07,243: Average train text length: 185.53 words
2025-06-19 14:43:07,243: Average validation text length: 184.46 words
2025-06-19 14:43:07,243: Average test text length: 186.19 words
2025-06-19 14:43:07,243: Training on 14477 samples, validating on 1609, testing on 4022 samples
2025-06-19 14:43:23,769: Fine-tuning at Landmark 3
2025-06-19 14:43:24,363: Early stopping criterion: f1
2025-06-19 14:48:33,277: Landmark 3 | Epoch 1/20 | Train Loss: 0.3229 | Val Loss: 0.2046 | Validation AUC: 0.9447 | F1-Score: 0.7078
2025-06-19 14:53:43,055: Landmark 3 | Epoch 2/20 | Train Loss: 0.2106 | Val Loss: 0.2038 | Validation AUC: 0.9521 | F1-Score: 0.6282
2025-06-19 14:58:52,414: Landmark 3 | Epoch 3/20 | Train Loss: 0.1842 | Val Loss: 0.1737 | Validation AUC: 0.9573 | F1-Score: 0.7563
2025-06-19 15:04:01,836: Landmark 3 | Epoch 4/20 | Train Loss: 0.1553 | Val Loss: 0.1814 | Validation AUC: 0.9524 | F1-Score: 0.7315
2025-06-19 15:09:10,868: Landmark 3 | Epoch 5/20 | Train Loss: 0.1191 | Val Loss: 0.2400 | Validation AUC: 0.9405 | F1-Score: 0.7031
2025-06-19 15:14:19,826: Landmark 3 | Epoch 6/20 | Train Loss: 0.0715 | Val Loss: 0.2845 | Validation AUC: 0.9342 | F1-Score: 0.6797
2025-06-19 15:14:19,826: Early stopping triggered at epoch 6
2025-06-19 15:14:20,090: Tempo impiegato per Landmark 3: 1856.3 secondi
2025-06-19 15:14:20,092: Tempo medio per epoca: 309.4 secondi
2025-06-19 15:14:47,800: Final Test AUC (Landmark 3): 0.9448 | Test F1-Score: 0.7134
2025-06-19 15:14:47,801: Saving results to results_medbert_Charangan_MedBERT_visits3_20250619_151447.csv
   Landmark Val AUC  ... Validation Loss Training Time (s)
0         3  0.9573  ...          0.1737            1856.3

[1 rows x 9 columns]

Job 1700399 consumed 10.4 billing hours from project ec403.

Submitted 2025-06-19T13:41:52; waited 1.0 hours in the queue after becoming eligible to run.

Requested wallclock time: 5.0 hours
Elapsed wallclock time:   32.9 minutes

Job exited normally.

Task and CPU statistics:
ID             CPUs  Tasks  CPU util                Start   Elapsed  Exit status
1700399          16            0.0 %  2025-06-19T14:41:56  1975.0 s  0
1700399.batch    16      1     6.2 %  2025-06-19T14:41:56  1975.0 s  0

Used CPU time:   32.5 CPU minutes
Unused CPU time: 8.2 CPU hours

Memory statistics, in GiB:
ID              Alloc   Usage
1700399          32.0        
1700399.batch    32.0     8.2

GPU usage stats:
Job 1700399 completed at Thu Jun 19 15:14:52 CEST 2025
