Starting job 1835983 on gpu-2 on fox at Tue Jul 29 14:04:56 CEST 2025

2025-07-29 14:05:40,253: Argument CI: False
2025-07-29 14:05:40,254: Argument all_landmarks: True
2025-07-29 14:05:40,254: Argument batch_size: 8
2025-07-29 14:05:40,254: Argument cache_dir: '/cluster/work/projects/ec12/michechi/cache'
2025-07-29 14:05:40,254: Argument early: 'loss'
2025-07-29 14:05:40,254: Argument epochs: 20
2025-07-29 14:05:40,254: Argument gradient_accumulation_steps: 1
2025-07-29 14:05:40,254: Argument input_csv: '/fp/homes01/u01/ec-michelec/MIMICIV/data/splitted/splitted/landmark_df_evo.csv'
2025-07-29 14:05:40,254: Argument lr: 2e-05
2025-07-29 14:05:40,254: Argument max_length: 512
2025-07-29 14:05:40,254: Argument max_visits: 3
2025-07-29 14:05:40,254: Argument model_name: 'emilyalsentzer/Bio_ClinicalBERT'
2025-07-29 14:05:40,254: Argument model_type: 'medical'
2025-07-29 14:05:40,254: Argument patience: 1
2025-07-29 14:05:40,254: Argument peft: False
2025-07-29 14:05:40,254: Argument prompt_type: 'compact_narrative'
2025-07-29 14:05:40,254: Argument seed: 9550
2025-07-29 14:05:40,254: Argument test_csv: '/fp/homes01/u01/ec-michelec/MIMICIV/data/splitted/splitted/landmark_evo_test.csv'
2025-07-29 14:05:40,254: Argument train_csv: '/fp/homes01/u01/ec-michelec/MIMICIV/data/splitted/splitted/landmark_evo_train.csv'
2025-07-29 14:05:40,254: Argument use_quantization: False
2025-07-29 14:05:40,254: Argument val_csv: '/fp/homes01/u01/ec-michelec/MIMICIV/data/splitted/splitted/landmark_evo_vali.csv'
2025-07-29 14:05:40,319: Using prompt type: compact_narrative
/fp/homes01/u01/ec-michelec/MIMICIV/src/Finetuning_rfct.py:79: DtypeWarning: Columns (16,17,18,19) have mixed types. Specify dtype option on import or set low_memory=False.
  full_train_df = pd.read_csv(args.train_csv, na_values=['', 'None', 'NaN', 'na', 'nan']).fillna('')
/fp/homes01/u01/ec-michelec/MIMICIV/src/Finetuning_rfct.py:81: DtypeWarning: Columns (16,17,18,19) have mixed types. Specify dtype option on import or set low_memory=False.
  full_test_df = pd.read_csv(args.test_csv, na_values=['', 'None', 'NaN', 'na', 'nan']).fillna('')
2025-07-29 14:06:17,968: Processing all landmarks from 1 to 3
2025-07-29 14:06:17,968: Preparing data for Landmark 1
/fp/projects01/ec30/software/easybuild/software/nlpl-pytorch/2.1.2-foss-2022b-cuda-12.0.0-Python-3.10.8/lib/python3.10/site-packages/torch/_utils.py:831: UserWarning: TypedStorage is deprecated. It will be removed in the future and UntypedStorage will be the only storage class. This should only matter to you if you are using storages directly.  To access UntypedStorage directly, use tensor.untyped_storage() instead of tensor.storage()
  return self.fget.__get__(instance, owner)()
Some weights of BertForSequenceClassification were not initialized from the model checkpoint at emilyalsentzer/Bio_ClinicalBERT and are newly initialized: ['classifier.bias', 'classifier.weight']
You should probably TRAIN this model on a down-stream task to be able to use it for predictions and inference.
2025-07-29 14:06:30,168: Average train text length: 151.90 words
2025-07-29 14:06:30,168: Average validation text length: 151.07 words
2025-07-29 14:06:30,168: Average test text length: 152.65 words
2025-07-29 14:06:30,168: Training on 14472 samples, validating on 1608, testing on 4020 samples
2025-07-29 14:06:44,759: Fine-tuning at Landmark 1
2025-07-29 14:06:46,366: Early stopping criterion: loss
2025-07-29 14:09:02,864: Landmark 1 | Epoch 1/20 | Train Loss: 0.3814 | Val Loss: 0.3571 | Validation AUC: 0.8139 | F1-Score: 0.2168
2025-07-29 14:09:03,208: New best model saved at /cluster/work/projects/ec12/michechi/cache/best/best_model_emilyalsentzer_Bio_ClinicalBERT_9550_landmark1_compact_narrative_3_512_all_landmarks_True_20250729_140646_.pt with AUC: 0.8139, F1: 0.2168, Val Loss: 0.3571
2025-07-29 14:11:18,989: Landmark 1 | Epoch 2/20 | Train Loss: 0.3376 | Val Loss: 0.3203 | Validation AUC: 0.8316 | F1-Score: 0.3812
2025-07-29 14:11:19,319: New best model saved at /cluster/work/projects/ec12/michechi/cache/best/best_model_emilyalsentzer_Bio_ClinicalBERT_9550_landmark1_compact_narrative_3_512_all_landmarks_True_20250729_140646_.pt with AUC: 0.8316, F1: 0.3812, Val Loss: 0.3203
2025-07-29 14:13:35,085: Landmark 1 | Epoch 3/20 | Train Loss: 0.3210 | Val Loss: 0.3256 | Validation AUC: 0.8194 | F1-Score: 0.3455
2025-07-29 14:13:35,086: No improvement in epoch 3. Current best AUC: 0.8316, F1: 0.3812, Val Loss: 0.3203. Epochs without improvement: 1/1
2025-07-29 14:13:35,086: Early stopping triggered at epoch 3. Best AUC: 0.8316, F1: 0.3812, Val Loss: 0.3203
2025-07-29 14:13:35,602: Tempo impiegato per Landmark 1: 410.8 secondi
2025-07-29 14:13:35,603: Tempo medio per epoca: 136.9 secondi
2025-07-29 14:13:35,604: Loading best model from /cluster/work/projects/ec12/michechi/cache/best/best_model_emilyalsentzer_Bio_ClinicalBERT_9550_landmark1_compact_narrative_3_512_all_landmarks_True_20250729_140646_.pt for final evaluation on test set
2025-07-29 14:13:46,851: Final Test AUC (Landmark 1): 0.8303 | Test F1-Score: 0.3700
2025-07-29 14:13:46,851: Preparing data for Landmark 2
Using device: cuda
Some weights of BertForSequenceClassification were not initialized from the model checkpoint at emilyalsentzer/Bio_ClinicalBERT and are newly initialized: ['classifier.bias', 'classifier.weight']
You should probably TRAIN this model on a down-stream task to be able to use it for predictions and inference.
2025-07-29 14:13:53,855: Average train text length: 171.18 words
2025-07-29 14:13:53,856: Average validation text length: 171.11 words
2025-07-29 14:13:53,856: Average test text length: 169.35 words
2025-07-29 14:13:53,856: Training on 14472 samples, validating on 1608, testing on 4020 samples
2025-07-29 14:14:10,172: Fine-tuning at Landmark 2
2025-07-29 14:14:10,176: Early stopping criterion: loss
2025-07-29 14:16:26,302: Landmark 2 | Epoch 1/20 | Train Loss: 0.3785 | Val Loss: 0.3107 | Validation AUC: 0.8637 | F1-Score: 0.4885
2025-07-29 14:16:26,631: New best model saved at /cluster/work/projects/ec12/michechi/cache/best/best_model_emilyalsentzer_Bio_ClinicalBERT_9550_landmark2_compact_narrative_3_512_all_landmarks_True_20250729_141410_.pt with AUC: 0.8637, F1: 0.4885, Val Loss: 0.3107
2025-07-29 14:18:42,827: Landmark 2 | Epoch 2/20 | Train Loss: 0.3144 | Val Loss: 0.2796 | Validation AUC: 0.8849 | F1-Score: 0.3898
2025-07-29 14:18:43,138: New best model saved at /cluster/work/projects/ec12/michechi/cache/best/best_model_emilyalsentzer_Bio_ClinicalBERT_9550_landmark2_compact_narrative_3_512_all_landmarks_True_20250729_141410_.pt with AUC: 0.8849, F1: 0.3898, Val Loss: 0.2796
2025-07-29 14:20:59,359: Landmark 2 | Epoch 3/20 | Train Loss: 0.2892 | Val Loss: 0.2814 | Validation AUC: 0.8864 | F1-Score: 0.5462
2025-07-29 14:20:59,359: No improvement in epoch 3. Current best AUC: 0.8849, F1: 0.3898, Val Loss: 0.2796. Epochs without improvement: 1/1
2025-07-29 14:20:59,359: Early stopping triggered at epoch 3. Best AUC: 0.8849, F1: 0.3898, Val Loss: 0.2796
2025-07-29 14:20:59,789: Tempo impiegato per Landmark 2: 409.6 secondi
2025-07-29 14:20:59,789: Tempo medio per epoca: 136.5 secondi
2025-07-29 14:20:59,791: Loading best model from /cluster/work/projects/ec12/michechi/cache/best/best_model_emilyalsentzer_Bio_ClinicalBERT_9550_landmark2_compact_narrative_3_512_all_landmarks_True_20250729_141410_.pt for final evaluation on test set
2025-07-29 14:21:11,009: Final Test AUC (Landmark 2): 0.8491 | Test F1-Score: 0.3046
2025-07-29 14:21:11,010: Preparing data for Landmark 3
Using device: cuda
Some weights of BertForSequenceClassification were not initialized from the model checkpoint at emilyalsentzer/Bio_ClinicalBERT and are newly initialized: ['classifier.bias', 'classifier.weight']
You should probably TRAIN this model on a down-stream task to be able to use it for predictions and inference.
2025-07-29 14:21:20,543: Average train text length: 199.70 words
2025-07-29 14:21:20,543: Average validation text length: 196.21 words
2025-07-29 14:21:20,543: Average test text length: 199.22 words
2025-07-29 14:21:20,544: Training on 14472 samples, validating on 1608, testing on 4020 samples
2025-07-29 14:21:39,305: Fine-tuning at Landmark 3
2025-07-29 14:21:39,312: Early stopping criterion: loss
2025-07-29 14:23:55,414: Landmark 3 | Epoch 1/20 | Train Loss: 0.2856 | Val Loss: 0.2142 | Validation AUC: 0.9390 | F1-Score: 0.6636
2025-07-29 14:23:55,722: New best model saved at /cluster/work/projects/ec12/michechi/cache/best/best_model_emilyalsentzer_Bio_ClinicalBERT_9550_landmark3_compact_narrative_3_512_all_landmarks_True_20250729_142139_.pt with AUC: 0.9390, F1: 0.6636, Val Loss: 0.2142
2025-07-29 14:26:12,326: Landmark 3 | Epoch 2/20 | Train Loss: 0.2076 | Val Loss: 0.1918 | Validation AUC: 0.9502 | F1-Score: 0.7119
2025-07-29 14:26:12,632: New best model saved at /cluster/work/projects/ec12/michechi/cache/best/best_model_emilyalsentzer_Bio_ClinicalBERT_9550_landmark3_compact_narrative_3_512_all_landmarks_True_20250729_142139_.pt with AUC: 0.9502, F1: 0.7119, Val Loss: 0.1918
2025-07-29 14:28:28,917: Landmark 3 | Epoch 3/20 | Train Loss: 0.1890 | Val Loss: 0.1813 | Validation AUC: 0.9559 | F1-Score: 0.7335
2025-07-29 14:28:29,232: New best model saved at /cluster/work/projects/ec12/michechi/cache/best/best_model_emilyalsentzer_Bio_ClinicalBERT_9550_landmark3_compact_narrative_3_512_all_landmarks_True_20250729_142139_.pt with AUC: 0.9559, F1: 0.7335, Val Loss: 0.1813
2025-07-29 14:30:45,638: Landmark 3 | Epoch 4/20 | Train Loss: 0.1627 | Val Loss: 0.2031 | Validation AUC: 0.9520 | F1-Score: 0.7517
2025-07-29 14:30:45,638: No improvement in epoch 4. Current best AUC: 0.9559, F1: 0.7335, Val Loss: 0.1813. Epochs without improvement: 1/1
2025-07-29 14:30:45,638: Early stopping triggered at epoch 4. Best AUC: 0.9559, F1: 0.7335, Val Loss: 0.1813
2025-07-29 14:30:45,999: Tempo impiegato per Landmark 3: 546.7 secondi
2025-07-29 14:30:45,999: Tempo medio per epoca: 136.7 secondi
2025-07-29 14:30:46,001: Loading best model from /cluster/work/projects/ec12/michechi/cache/best/best_model_emilyalsentzer_Bio_ClinicalBERT_9550_landmark3_compact_narrative_3_512_all_landmarks_True_20250729_142139_.pt for final evaluation on test set
2025-07-29 14:30:57,232: Final Test AUC (Landmark 3): 0.9487 | Test F1-Score: 0.7349
2025-07-29 14:30:57,303: Saving results to results_medical_True_emilyalsentzer_Bio_ClinicalBERT_visits3_9550_compact_narrative_20250729_143057.csv
Using device: cuda
   Landmark Val AUC  ... Validation Loss Training Time (s)
0         1  0.8316  ...          0.3203             410.8
1         2  0.8849  ...          0.2796             409.6
2         3  0.9559  ...          0.1813             546.7

[3 rows x 9 columns]

Job 1835983 consumed 8.3 billing hours from project ec12.

Submitted 2025-07-29T14:04:39; waited 16.0 seconds in the queue after becoming eligible to run.

Requested wallclock time: 24.0 hours
Elapsed wallclock time:   26.1 minutes

Job exited normally.

Task and CPU statistics:
ID             CPUs  Tasks  CPU util                Start   Elapsed  Exit status
1835983          16            0.0 %  2025-07-29T14:04:55  1569.0 s  0
1835983.batch    16      1     6.1 %  2025-07-29T14:04:55  1569.0 s  0

Used CPU time:   25.4 CPU minutes
Unused CPU time: 6.6 CPU hours

Memory statistics, in GiB:
ID              Alloc   Usage
1835983          32.0        
1835983.batch    32.0     9.6

GPU usage stats:
Job 1835983 completed at Tue Jul 29 14:31:04 CEST 2025
