Starting job 1853819 on gpu-15 on fox at Wed Aug 13 14:54:25 CEST 2025

2025-08-13 14:54:50,237: Argument CI: False
2025-08-13 14:54:50,237: Argument all_landmarks: True
2025-08-13 14:54:50,237: Argument batch_size: 8
2025-08-13 14:54:50,237: Argument cache_dir: '/cluster/work/projects/ec12/michechi/cache'
2025-08-13 14:54:50,237: Argument early: 'loss'
2025-08-13 14:54:50,237: Argument epochs: 20
2025-08-13 14:54:50,237: Argument gradient_accumulation_steps: 1
2025-08-13 14:54:50,237: Argument input_csv: '/fp/homes01/u01/ec-michelec/MIMICIV/data/splitted/splitted/landmark_df_evo.csv'
2025-08-13 14:54:50,237: Argument lr: 2e-05
2025-08-13 14:54:50,237: Argument max_length: 512
2025-08-13 14:54:50,237: Argument max_visits: 4
2025-08-13 14:54:50,237: Argument model_name: 'answerdotai/ModernBERT-large'
2025-08-13 14:54:50,237: Argument model_type: 'general'
2025-08-13 14:54:50,237: Argument patience: 1
2025-08-13 14:54:50,237: Argument peft: False
2025-08-13 14:54:50,237: Argument prompt_type: 'no'
2025-08-13 14:54:50,237: Argument seed: 4550
2025-08-13 14:54:50,237: Argument test_csv: '/fp/homes01/u01/ec-michelec/MIMICIV/data/splitted/splitted/landmark_evo_test_dod.csv'
2025-08-13 14:54:50,237: Argument train_csv: '/fp/homes01/u01/ec-michelec/MIMICIV/data/splitted/splitted/landmark_evo_train_dod.csv'
2025-08-13 14:54:50,237: Argument use_quantization: False
2025-08-13 14:54:50,237: Argument val_csv: '/fp/homes01/u01/ec-michelec/MIMICIV/data/splitted/splitted/landmark_evo_vali_dod.csv'
2025-08-13 14:54:50,238: Argument when_counting_death: 'landmark'
2025-08-13 14:54:50,303: Using prompt type: no
/fp/homes01/u01/ec-michelec/MIMICIV/src/Finetuning_rfct.py:79: DtypeWarning: Columns (16,17,18,19) have mixed types. Specify dtype option on import or set low_memory=False.
  full_train_df = pd.read_csv(args.train_csv, na_values=['', 'None', 'NaN', 'na', 'nan']).fillna('')
/fp/homes01/u01/ec-michelec/MIMICIV/src/Finetuning_rfct.py:81: DtypeWarning: Columns (16,17,18,19) have mixed types. Specify dtype option on import or set low_memory=False.
  full_test_df = pd.read_csv(args.test_csv, na_values=['', 'None', 'NaN', 'na', 'nan']).fillna('')
2025-08-13 14:55:26,154: Processing all landmarks from 1 to 4
2025-08-13 14:55:26,154: Preparing data for Landmark 1
2025-08-13 14:55:31,657: We will use 90% of the memory on device 0 for storing the model, and 10% for the buffer to avoid OOM. You can set `max_memory` in to a higher value to use more memory (at your own risk).
Some weights of ModernBertForSequenceClassification were not initialized from the model checkpoint at answerdotai/ModernBERT-large and are newly initialized: ['classifier.bias', 'classifier.weight']
You should probably TRAIN this model on a down-stream task to be able to use it for predictions and inference.
2025-08-13 14:55:36,279: Example train text: Based on this information, what is the probability of mortality within 90 days?
Abscess of intestine; Hypovolemia; Nausea with vomiting; Removal of other organ (partial) (total) causing abnormal patient reaction, or later complication, without mention of misadventure at time of operation; Diverticulitis of colon (without mention of hemorrhage); Methicillin susceptible Staphylococcus aureus in conditions classified elsewhere and of unspecified site; Cellulitis and abscess of trunk; Acute kidney failure, unspecified; Other postoperative infection
Promethazine HCl; Maalox/Diphenhydramine/Lidocaine; Calcium Carbonate; Hydrocodone-Acetaminophen; Bupivacaine 0.5%; Cephalexin; Hydrocortisone (Rectal) 2.5% Cream; Prochlorperazine; Ibuprofen; OxycoDONE-Acetaminophen Elixir; D5W; Metoclopramide; OxycoDONE (Immediate Release) ; Acetaminophen; Magnesium Citrate; D5 1/2NS; Magnesium Sulfate; HYDROmorphone (Dilaudid); Vancomycin; Ondansetron; Pantoprazole; SW; Insulin; Sodium Chloride 0.9%  Flush; Piperacillin-Tazobactam Na; Nafcillin; NS; HydrOXYzine; Potassium Chl 20 mEq / 1000 mL D5 1/2 NS; Heparin; Lorazepam; Ketorolac; Potassium Chloride; Escitalopram Oxalate; LR; Fluticasone Propionate NASAL; MetRONIDAZOLE (FLagyl); Clindamycin; Docusate Sodium; Ciprofloxacin; Morphine Sulfate; Iso-Osmotic Dextrose
1-2 TAB of Hydrocodone-Acetaminophen in TAB through PO; 900 mg of Clindamycin in mL through IV; 1 Appl of Hydrocortisone (Rectal) 2.5% Cream in TUBE through PR; 325-650 mg of Acetaminophen in TAB through PO; 600 mg of Ibuprofen in TAB through PO; 650 mg of Acetaminophen in SUPP through PR; 500 mL of NS in mL through IV; 650 mg of Acetaminophen in TAB through PO; 1 mg of Morphine Sulfate in SYR through IVPCA; 6.25 mg of Promethazine HCl in AMP through IV; 0 UNIT of Insulin in VIAL through SC; 10 mg of Metoclopramide in TAB through PO; 100 mL of NS in mL through IV; 20 mEq of Potassium Chloride in mL through IV; 250 mL of NS in mL through IV; 0.5 mg of Lorazepam in TAB through PO; 250 mL of D5W in mL through IV; 25 mg of HydrOXYzine in VIAL through IM; 400 mg of Ciprofloxacin in mL through IV; 0.25 mg of HYDROmorphone (Dilaudid) in SYR through IVPCA; 10 mg of Prochlorperazine in VIAL through IV; 500 mg of Cephalexin in CAP through PO; 5-10 mg of OxycoDONE (Immediate Release)  in TAB through PO; 15 mg of Ketorolac in VIAL through IV; 0.125 mg of HYDROmorphone (Dilaudid) in SYR through IV; 200 mL of Iso-Osmotic Dextrose in mL through IV; 0.25 mg of HYDROmorphone (Dilaudid) in SYR through IV; 0.5 mg of Lorazepam in mL through IV; 500 mg of Calcium Carbonate in TAB through PO; 100 mL of Iso-Osmotic Dextrose in mL through IV; 1000 mg of Vancomycin in BAG through IV; 8 mg of Ondansetron in VIAL through IV; 500 mg of Cephalexin in BTL through ORAL; 10 mg of Prochlorperazine in VIAL through IM; 2 gm of Magnesium Sulfate in BAG through IV; 30 mg of Ketorolac in VIAL through IV; 1000 mL of LR in BAG through IV; 500-1000 mg of Acetaminophen in TAB through PO; 4.5 g of Piperacillin-Tazobactam Na in BAG through IV; 325-650 mg of Acetaminophen in SUPP through PR; 5000 UNIT of Heparin in mL through SC; 300 mL of Magnesium Citrate in BTL through PO; 0.5 mg of HYDROmorphone (Dilaudid) in SYR through IV; 1000 mL of D5 1/2NS in mL through IV; 40 mg of Pantoprazole in TAB through PO; 10 mg of Metoclopramide in VIAL through IV; 2 gm of Nafcillin in BAG through IV; 10 mg of Escitalopram Oxalate in TAB through PO; 5 mg of OxycoDONE (Immediate Release)  in TAB through PO; 600 mg of Clindamycin in mL through IV; 4 mL/hr of Bupivacaine 0.5% in VIAL through SC; 500 mg of MetRONIDAZOLE (FLagyl) in BAG through IV; 1000 mL of Potassium Chl 20 mEq / 1000 mL D5 1/2 NS in BAG through IV; 1 mg of Lorazepam in TAB through PO; 1 SPRY of Fluticasone Propionate NASAL in AERO through NU; 25 mg of Prochlorperazine in SUPP through PR; 40 mEq of Potassium Chloride in mL through IV; 50 mL of SW in BAG through IV; 5-10 mL of OxycoDONE-Acetaminophen Elixir in UDCUP through PO; 50 mL of D5W in mL through IV; 15-30 mL of Maalox/Diphenhydramine/Lidocaine in BTL through PO; 0.12 mg of HYDROmorphone (Dilaudid) in SYR through IVPCA; 3 mL of Sodium Chloride 0.9%  Flush in SYR through IV; 4 mg of Ondansetron in VIAL through IV; 100 mg of Docusate Sodium in CAP through PO
2025-08-13 14:55:36,415: Average train text length: 334.73 words
2025-08-13 14:55:36,415: Average validation text length: 349.99 words
2025-08-13 14:55:36,415: Average test text length: 338.11 words
2025-08-13 14:55:36,415: Training on 8040 samples, validating on 894, testing on 2234 samples
2025-08-13 14:55:47,414: Fine-tuning at Landmark 1
2025-08-13 14:55:47,418: Early stopping criterion: loss
/fp/homes01/u01/ec-michelec/ModernBERT/lib64/python3.9/site-packages/networkx/utils/backends.py:135: RuntimeWarning: networkx backend defined more than once: nx-loopback
  backends.update(_get_backends("networkx.backends"))
2025-08-13 14:58:27,158: Landmark 1 | Epoch 1/20 | Train Loss: 0.4563 | Val Loss: 0.0848 | Validation AUC: 0.5763 | F1-Score: 0.0000
2025-08-13 14:58:27,693: New best model saved at /cluster/work/projects/ec12/michechi/cache/best/best_model_answerdotai_ModernBERT-large_4550_landmark1_no_4_512_landmark_all_landmarks_True_20250813_145547_.pt with AUC: 0.5763, F1: 0.0000, Val Loss: 0.0848
2025-08-13 15:00:53,970: Landmark 1 | Epoch 2/20 | Train Loss: 0.0768 | Val Loss: 0.0650 | Validation AUC: 0.6640 | F1-Score: 0.0000
2025-08-13 15:00:54,526: New best model saved at /cluster/work/projects/ec12/michechi/cache/best/best_model_answerdotai_ModernBERT-large_4550_landmark1_no_4_512_landmark_all_landmarks_True_20250813_145547_.pt with AUC: 0.6640, F1: 0.0000, Val Loss: 0.0650
2025-08-13 15:03:18,195: Landmark 1 | Epoch 3/20 | Train Loss: 0.0740 | Val Loss: 0.0680 | Validation AUC: 0.5291 | F1-Score: 0.0000
2025-08-13 15:03:18,195: No improvement in epoch 3. Current best AUC: 0.6640, F1: 0.0000, Val Loss: 0.0650. Epochs without improvement: 1/1
2025-08-13 15:03:18,195: Early stopping triggered at epoch 3. Best AUC: 0.6640, F1: 0.0000, Val Loss: 0.0650
2025-08-13 15:03:18,657: Tempo impiegato per Landmark 1: 451.2 secondi
2025-08-13 15:03:18,657: Tempo medio per epoca: 150.4 secondi
2025-08-13 15:03:18,659: Loading best model from /cluster/work/projects/ec12/michechi/cache/best/best_model_answerdotai_ModernBERT-large_4550_landmark1_no_4_512_landmark_all_landmarks_True_20250813_145547_.pt for final evaluation on test set
2025-08-13 15:03:32,109: Final Test AUC (Landmark 1): 0.6658 | Test F1-Score: 0.0000
2025-08-13 15:03:32,109: Preparing data for Landmark 2
2025-08-13 15:03:34,212: We will use 90% of the memory on device 0 for storing the model, and 10% for the buffer to avoid OOM. You can set `max_memory` in to a higher value to use more memory (at your own risk).
Some weights of ModernBertForSequenceClassification were not initialized from the model checkpoint at answerdotai/ModernBERT-large and are newly initialized: ['classifier.bias', 'classifier.weight']
You should probably TRAIN this model on a down-stream task to be able to use it for predictions and inference.
2025-08-13 15:03:38,990: Example train text: Based on this information, what is the probability of mortality within 90 days?
Abscess of intestine; Hypovolemia; Nausea with vomiting; Other specified aftercare following surgery; Removal of other organ (partial) (total) causing abnormal patient reaction, or later complication, without mention of misadventure at time of operation; Diverticulitis of colon (without mention of hemorrhage); Diverticulosis of colon (without mention of hemorrhage); Methicillin susceptible Staphylococcus aureus in conditions classified elsewhere and of unspecified site; Esophageal reflux; Cellulitis and abscess of trunk; Acute kidney failure, unspecified; Other postoperative infection
Promethazine HCl; Maalox/Diphenhydramine/Lidocaine; Calcium Carbonate; Hydrocodone-Acetaminophen; Bupivacaine 0.5%; Cephalexin; Hydrocortisone (Rectal) 2.5% Cream; Prochlorperazine; Ibuprofen; Ranitidine; OxycoDONE-Acetaminophen Elixir; D5W; Metoclopramide; OxycoDONE (Immediate Release) ; Acetaminophen; Ondansetron ODT; Magnesium Citrate; D5 1/2NS; Magnesium Sulfate; HYDROmorphone (Dilaudid); Vancomycin; Ondansetron; Pantoprazole; SW; Insulin; Sodium Chloride 0.9%  Flush; Piperacillin-Tazobactam Na; Nafcillin; Promethazine; NS; HydrOXYzine; Potassium Chl 20 mEq / 1000 mL D5 1/2 NS; Heparin; Lorazepam; Ketorolac; Potassium Chloride; Escitalopram Oxalate; LR; Fluticasone Propionate NASAL; MetRONIDAZOLE (FLagyl); Clindamycin; Docusate Sodium; Ciprofloxacin; Morphine Sulfate; Iso-Osmotic Dextrose
1-2 TAB of Hydrocodone-Acetaminophen in TAB through PO; 900 mg of Clindamycin in mL through IV; 1 Appl of Hydrocortisone (Rectal) 2.5% Cream in TUBE through PR; 325-650 mg of Acetaminophen in TAB through PO; 600 mg of Ibuprofen in TAB through PO; 650 mg of Acetaminophen in SUPP through PR; 500 mL of NS in mL through IV; 650 mg of Acetaminophen in TAB through PO; 1 mg of Morphine Sulfate in SYR through IVPCA; 6.25 mg of Promethazine HCl in AMP through IV; 0 UNIT of Insulin in VIAL through SC; 10 mg of Metoclopramide in TAB through PO; 100 mL of NS in mL through IV; 20 mEq of Potassium Chloride in mL through IV; 250 mL of NS in mL through IV; 0.5 mg of Lorazepam in TAB through PO; 250 mL of D5W in mL through IV; 25 mg of HydrOXYzine in VIAL through IM; 12.5 mg of Promethazine in AMP through IV; 400 mg of Ciprofloxacin in mL through IV; 0.25 mg of HYDROmorphone (Dilaudid) in SYR through IVPCA; 10 mg of Prochlorperazine in VIAL through IV; 500 mg of Cephalexin in CAP through PO; 5-10 mg of OxycoDONE (Immediate Release)  in TAB through PO; 15 mg of Ketorolac in VIAL through IV; 0.125 mg of HYDROmorphone (Dilaudid) in SYR through IV; 200 mL of Iso-Osmotic Dextrose in mL through IV; 0.25 mg of HYDROmorphone (Dilaudid) in SYR through IV; 0.5 mg of Lorazepam in mL through IV; 500 mg of Calcium Carbonate in TAB through PO; 100 mL of Iso-Osmotic Dextrose in mL through IV; 1000 mg of Vancomycin in BAG through IV; 8 mg of Ondansetron in VIAL through IV; 500 mg of Cephalexin in BTL through ORAL; 10 mg of Prochlorperazine in VIAL through IM; 2 gm of Magnesium Sulfate in BAG through IV; 30 mg of Ketorolac in VIAL through IV; 1000 mL of LR in BAG through IV; 500-1000 mg of Acetaminophen in TAB through PO; 4.5 g of Piperacillin-Tazobactam Na in BAG through IV; 325-650 mg of Acetaminophen in SUPP through PR; 5000 UNIT of Heparin in mL through SC; 300 mL of Magnesium Citrate in BTL through PO; 0.5 mg of HYDROmorphone (Dilaudid) in SYR through IV; 1000 mL of D5 1/2NS in mL through IV; 40 mg of Pantoprazole in TAB through PO; 10 mg of Metoclopramide in VIAL through IV; 2 gm of Nafcillin in BAG through IV; 10 mg of Escitalopram Oxalate in TAB through PO; 5 mg of OxycoDONE (Immediate Release)  in TAB through PO; 600 mg of Clindamycin in mL through IV; 4 mg of Ondansetron ODT in TAB through PO; 4 mL/hr of Bupivacaine 0.5% in VIAL through SC; 500 mg of MetRONIDAZOLE (FLagyl) in BAG through IV; 1000 mL of Potassium Chl 20 mEq / 1000 mL D5 1/2 NS in BAG through IV; 1 mg of Lorazepam in TAB through PO; 1 SPRY of Fluticasone Propionate NASAL in AERO through NU; 25 mg of Prochlorperazine in SUPP through PR; 40 mEq of Potassium Chloride in mL through IV; 50 mL of SW in BAG through IV; 5-10 mL of OxycoDONE-Acetaminophen Elixir in UDCUP through PO; 50 mL of D5W in mL through IV; 15-30 mL of Maalox/Diphenhydramine/Lidocaine in BTL through PO; 0.12 mg of HYDROmorphone (Dilaudid) in SYR through IVPCA; 150 mg of Ranitidine in TAB through PO; 3 mL of Sodium Chloride 0.9%  Flush in SYR through IV; 4 mg of Ondansetron in VIAL through IV; 100 mg of Docusate Sodium in CAP through PO
2025-08-13 15:03:39,210: Average train text length: 564.45 words
2025-08-13 15:03:39,210: Average validation text length: 578.63 words
2025-08-13 15:03:39,210: Average test text length: 568.07 words
2025-08-13 15:03:39,211: Training on 8040 samples, validating on 894, testing on 2234 samples
2025-08-13 15:03:58,635: Fine-tuning at Landmark 2
2025-08-13 15:03:58,649: Early stopping criterion: loss
2025-08-13 15:06:23,041: Landmark 2 | Epoch 1/20 | Train Loss: 0.5198 | Val Loss: 0.1796 | Validation AUC: 0.6462 | F1-Score: 0.0000
2025-08-13 15:06:23,569: New best model saved at /cluster/work/projects/ec12/michechi/cache/best/best_model_answerdotai_ModernBERT-large_4550_landmark2_no_4_512_landmark_all_landmarks_True_20250813_150358_.pt with AUC: 0.6462, F1: 0.0000, Val Loss: 0.1796
2025-08-13 15:08:48,226: Landmark 2 | Epoch 2/20 | Train Loss: 0.1721 | Val Loss: 0.1447 | Validation AUC: 0.6640 | F1-Score: 0.0000
2025-08-13 15:08:48,755: New best model saved at /cluster/work/projects/ec12/michechi/cache/best/best_model_answerdotai_ModernBERT-large_4550_landmark2_no_4_512_landmark_all_landmarks_True_20250813_150358_.pt with AUC: 0.6640, F1: 0.0000, Val Loss: 0.1447
2025-08-13 15:11:13,757: Landmark 2 | Epoch 3/20 | Train Loss: 0.1672 | Val Loss: 0.1519 | Validation AUC: 0.6718 | F1-Score: 0.0000
2025-08-13 15:11:13,758: No improvement in epoch 3. Current best AUC: 0.6640, F1: 0.0000, Val Loss: 0.1447. Epochs without improvement: 1/1
2025-08-13 15:11:13,758: Early stopping triggered at epoch 3. Best AUC: 0.6640, F1: 0.0000, Val Loss: 0.1447
2025-08-13 15:11:14,177: Tempo impiegato per Landmark 2: 435.5 secondi
2025-08-13 15:11:14,177: Tempo medio per epoca: 145.2 secondi
2025-08-13 15:11:14,179: Loading best model from /cluster/work/projects/ec12/michechi/cache/best/best_model_answerdotai_ModernBERT-large_4550_landmark2_no_4_512_landmark_all_landmarks_True_20250813_150358_.pt for final evaluation on test set
2025-08-13 15:11:27,920: Final Test AUC (Landmark 2): 0.7278 | Test F1-Score: 0.0000
2025-08-13 15:11:27,920: Preparing data for Landmark 3
2025-08-13 15:11:29,915: We will use 90% of the memory on device 0 for storing the model, and 10% for the buffer to avoid OOM. You can set `max_memory` in to a higher value to use more memory (at your own risk).
Some weights of ModernBertForSequenceClassification were not initialized from the model checkpoint at answerdotai/ModernBERT-large and are newly initialized: ['classifier.bias', 'classifier.weight']
You should probably TRAIN this model on a down-stream task to be able to use it for predictions and inference.
2025-08-13 15:11:31,525: Example train text: Based on this information, what is the probability of mortality within 90 days?
Orthostatic hypotension; Abscess of intestine; Chest pain, unspecified; Hypovolemia; Nausea with vomiting; Other specified aftercare following surgery; Removal of other organ (partial) (total) causing abnormal patient reaction, or later complication, without mention of misadventure at time of operation; Diverticulitis of colon (without mention of hemorrhage); Diverticulosis of colon (without mention of hemorrhage); Methicillin susceptible Staphylococcus aureus in conditions classified elsewhere and of unspecified site; Esophageal reflux; Cellulitis and abscess of trunk; Acute kidney failure, unspecified; Other postoperative infection
Promethazine HCl; Maalox/Diphenhydramine/Lidocaine; Calcium Carbonate; ; Hydrocodone-Acetaminophen; Bupivacaine 0.5%; Cephalexin; Hydrocortisone (Rectal) 2.5% Cream; Prochlorperazine; Ibuprofen; Ranitidine; OxycoDONE-Acetaminophen Elixir; D5W; Metoclopramide; OxycoDONE (Immediate Release) ; Acetaminophen; Ondansetron ODT; Magnesium Citrate; D5 1/2NS; Magnesium Sulfate; HYDROmorphone (Dilaudid); Vancomycin; Ondansetron; Pantoprazole; SW; Insulin; Sodium Chloride 0.9%  Flush; Piperacillin-Tazobactam Na; Nafcillin; Promethazine; NS; HydrOXYzine; Potassium Chl 20 mEq / 1000 mL D5 1/2 NS; Heparin; Lorazepam; Ketorolac; Potassium Chloride; Escitalopram Oxalate; LR; Fluticasone Propionate NASAL; MetRONIDAZOLE (FLagyl); Clindamycin; Docusate Sodium; Ciprofloxacin; Morphine Sulfate; Iso-Osmotic Dextrose
; 1-2 TAB of Hydrocodone-Acetaminophen in TAB through PO; 900 mg of Clindamycin in mL through IV; 1 Appl of Hydrocortisone (Rectal) 2.5% Cream in TUBE through PR; 325-650 mg of Acetaminophen in TAB through PO; 600 mg of Ibuprofen in TAB through PO; 650 mg of Acetaminophen in SUPP through PR; 500 mL of NS in mL through IV; 650 mg of Acetaminophen in TAB through PO; 1 mg of Morphine Sulfate in SYR through IVPCA; 6.25 mg of Promethazine HCl in AMP through IV; 0 UNIT of Insulin in VIAL through SC; 10 mg of Metoclopramide in TAB through PO; 100 mL of NS in mL through IV; 20 mEq of Potassium Chloride in mL through IV; 250 mL of NS in mL through IV; 0.5 mg of Lorazepam in TAB through PO; 250 mL of D5W in mL through IV; 25 mg of HydrOXYzine in VIAL through IM; 12.5 mg of Promethazine in AMP through IV; 400 mg of Ciprofloxacin in mL through IV; 0.25 mg of HYDROmorphone (Dilaudid) in SYR through IVPCA; 10 mg of Prochlorperazine in VIAL through IV; 500 mg of Cephalexin in CAP through PO; 5-10 mg of OxycoDONE (Immediate Release)  in TAB through PO; 15 mg of Ketorolac in VIAL through IV; 0.125 mg of HYDROmorphone (Dilaudid) in SYR through IV; 200 mL of Iso-Osmotic Dextrose in mL through IV; 0.25 mg of HYDROmorphone (Dilaudid) in SYR through IV; 0.5 mg of Lorazepam in mL through IV; 500 mg of Calcium Carbonate in TAB through PO; 100 mL of Iso-Osmotic Dextrose in mL through IV; 1000 mg of Vancomycin in BAG through IV; 8 mg of Ondansetron in VIAL through IV; 500 mg of Cephalexin in BTL through ORAL; 10 mg of Prochlorperazine in VIAL through IM; 2 gm of Magnesium Sulfate in BAG through IV; 30 mg of Ketorolac in VIAL through IV; 1000 mL of LR in BAG through IV; 500-1000 mg of Acetaminophen in TAB through PO; 4.5 g of Piperacillin-Tazobactam Na in BAG through IV; 325-650 mg of Acetaminophen in SUPP through PR; 5000 UNIT of Heparin in mL through SC; 300 mL of Magnesium Citrate in BTL through PO; 0.5 mg of HYDROmorphone (Dilaudid) in SYR through IV; 1000 mL of D5 1/2NS in mL through IV; 40 mg of Pantoprazole in TAB through PO; 10 mg of Metoclopramide in VIAL through IV; 2 gm of Nafcillin in BAG through IV; 10 mg of Escitalopram Oxalate in TAB through PO; 5 mg of OxycoDONE (Immediate Release)  in TAB through PO; 600 mg of Clindamycin in mL through IV; 4 mg of Ondansetron ODT in TAB through PO; 4 mL/hr of Bupivacaine 0.5% in VIAL through SC; 500 mg of MetRONIDAZOLE (FLagyl) in BAG through IV; 1000 mL of Potassium Chl 20 mEq / 1000 mL D5 1/2 NS in BAG through IV; 1 mg of Lorazepam in TAB through PO; 1 SPRY of Fluticasone Propionate NASAL in AERO through NU; 25 mg of Prochlorperazine in SUPP through PR; 40 mEq of Potassium Chloride in mL through IV; 50 mL of SW in BAG through IV; 5-10 mL of OxycoDONE-Acetaminophen Elixir in UDCUP through PO; 50 mL of D5W in mL through IV; 15-30 mL of Maalox/Diphenhydramine/Lidocaine in BTL through PO; 0.12 mg of HYDROmorphone (Dilaudid) in SYR through IVPCA; 150 mg of Ranitidine in TAB through PO; 3 mL of Sodium Chloride 0.9%  Flush in SYR through IV; 4 mg of Ondansetron in VIAL through IV; 100 mg of Docusate Sodium in CAP through PO
2025-08-13 15:11:31,850: Average train text length: 767.50 words
2025-08-13 15:11:31,850: Average validation text length: 781.83 words
2025-08-13 15:11:31,850: Average test text length: 767.29 words
2025-08-13 15:11:31,850: Training on 8040 samples, validating on 894, testing on 2234 samples
2025-08-13 15:11:57,446: Fine-tuning at Landmark 3
2025-08-13 15:11:57,474: Early stopping criterion: loss
2025-08-13 15:14:23,925: Landmark 3 | Epoch 1/20 | Train Loss: 0.5951 | Val Loss: 0.2928 | Validation AUC: 0.7019 | F1-Score: 0.0000
2025-08-13 15:14:24,497: New best model saved at /cluster/work/projects/ec12/michechi/cache/best/best_model_answerdotai_ModernBERT-large_4550_landmark3_no_4_512_landmark_all_landmarks_True_20250813_151157_.pt with AUC: 0.7019, F1: 0.0000, Val Loss: 0.2928
2025-08-13 15:16:50,721: Landmark 3 | Epoch 2/20 | Train Loss: 0.2928 | Val Loss: 0.2778 | Validation AUC: 0.7764 | F1-Score: 0.0000
2025-08-13 15:16:51,262: New best model saved at /cluster/work/projects/ec12/michechi/cache/best/best_model_answerdotai_ModernBERT-large_4550_landmark3_no_4_512_landmark_all_landmarks_True_20250813_151157_.pt with AUC: 0.7764, F1: 0.0000, Val Loss: 0.2778
2025-08-13 15:19:17,348: Landmark 3 | Epoch 3/20 | Train Loss: 0.2866 | Val Loss: 0.2733 | Validation AUC: 0.7834 | F1-Score: 0.0000
2025-08-13 15:19:17,886: New best model saved at /cluster/work/projects/ec12/michechi/cache/best/best_model_answerdotai_ModernBERT-large_4550_landmark3_no_4_512_landmark_all_landmarks_True_20250813_151157_.pt with AUC: 0.7834, F1: 0.0000, Val Loss: 0.2733
2025-08-13 15:21:45,411: Landmark 3 | Epoch 4/20 | Train Loss: 0.2732 | Val Loss: 0.2649 | Validation AUC: 0.7999 | F1-Score: 0.0000
2025-08-13 15:21:45,967: New best model saved at /cluster/work/projects/ec12/michechi/cache/best/best_model_answerdotai_ModernBERT-large_4550_landmark3_no_4_512_landmark_all_landmarks_True_20250813_151157_.pt with AUC: 0.7999, F1: 0.0000, Val Loss: 0.2649
2025-08-13 15:24:13,452: Landmark 3 | Epoch 5/20 | Train Loss: 0.2659 | Val Loss: 0.2605 | Validation AUC: 0.8087 | F1-Score: 0.0000
2025-08-13 15:24:14,030: New best model saved at /cluster/work/projects/ec12/michechi/cache/best/best_model_answerdotai_ModernBERT-large_4550_landmark3_no_4_512_landmark_all_landmarks_True_20250813_151157_.pt with AUC: 0.8087, F1: 0.0000, Val Loss: 0.2605
2025-08-13 15:26:41,502: Landmark 3 | Epoch 6/20 | Train Loss: 0.2599 | Val Loss: 0.2585 | Validation AUC: 0.8135 | F1-Score: 0.0444
2025-08-13 15:26:42,110: New best model saved at /cluster/work/projects/ec12/michechi/cache/best/best_model_answerdotai_ModernBERT-large_4550_landmark3_no_4_512_landmark_all_landmarks_True_20250813_151157_.pt with AUC: 0.8135, F1: 0.0444, Val Loss: 0.2585
2025-08-13 15:29:09,876: Landmark 3 | Epoch 7/20 | Train Loss: 0.2560 | Val Loss: 0.2632 | Validation AUC: 0.8167 | F1-Score: 0.0227
2025-08-13 15:29:09,876: No improvement in epoch 7. Current best AUC: 0.8135, F1: 0.0444, Val Loss: 0.2585. Epochs without improvement: 1/1
2025-08-13 15:29:09,876: Early stopping triggered at epoch 7. Best AUC: 0.8135, F1: 0.0444, Val Loss: 0.2585
2025-08-13 15:29:10,379: Tempo impiegato per Landmark 3: 1032.9 secondi
2025-08-13 15:29:10,380: Tempo medio per epoca: 147.6 secondi
2025-08-13 15:29:10,382: Loading best model from /cluster/work/projects/ec12/michechi/cache/best/best_model_answerdotai_ModernBERT-large_4550_landmark3_no_4_512_landmark_all_landmarks_True_20250813_151157_.pt for final evaluation on test set
2025-08-13 15:29:23,956: Final Test AUC (Landmark 3): 0.7981 | Test F1-Score: 0.0187
2025-08-13 15:29:23,956: Preparing data for Landmark 4
2025-08-13 15:29:25,788: We will use 90% of the memory on device 0 for storing the model, and 10% for the buffer to avoid OOM. You can set `max_memory` in to a higher value to use more memory (at your own risk).
Some weights of ModernBertForSequenceClassification were not initialized from the model checkpoint at answerdotai/ModernBERT-large and are newly initialized: ['classifier.bias', 'classifier.weight']
You should probably TRAIN this model on a down-stream task to be able to use it for predictions and inference.
2025-08-13 15:29:27,549: Example train text: Based on this information, what is the probability of mortality within 90 days?
Hypovolemia; Intestinal bypass or anastomosis status; Ulceration of intestine; Esophageal reflux; Other and unspecified ovarian cyst; Methicillin susceptible Staphylococcus aureus in conditions classified elsewhere and of unspecified site; Diverticulosis of colon (without mention of hemorrhage); Diverticulitis of colon (without mention of hemorrhage); Other specified disorders of intestine; Anxiety state, unspecified; Acute kidney failure, unspecified; Orthostatic hypotension; Abscess of intestine; Chest pain, unspecified; Nausea with vomiting; Other specified aftercare following surgery; Cellulitis and abscess of trunk; Removal of other organ (partial) (total) causing abnormal patient reaction, or later complication, without mention of misadventure at time of operation; Other postoperative infection
Promethazine HCl; Maalox/Diphenhydramine/Lidocaine; Calcium Carbonate; ; Hydrocodone-Acetaminophen; Bupivacaine 0.5%; Cephalexin; Hydrocortisone (Rectal) 2.5% Cream; Prochlorperazine; Ibuprofen; Ranitidine; Desitin; Influenza Virus Vaccine; OxycoDONE-Acetaminophen Elixir; D5W; Metoclopramide; OxycoDONE (Immediate Release) ; Neutra-Phos; Acetaminophen; Ondansetron ODT; Magnesium Citrate; D5 1/2NS; Omeprazole; Magnesium Sulfate; HYDROmorphone (Dilaudid); Vancomycin; Ondansetron; Pantoprazole; Naproxen; SW; Insulin; Fish Oil (Omega 3); Multivitamins; Sodium Chloride 0.9%  Flush; Piperacillin-Tazobactam Na; Nafcillin; Promethazine; NS; HydrOXYzine; Potassium Chl 20 mEq / 1000 mL D5 1/2 NS; Heparin; Lorazepam; Golytely; Ketorolac; Potassium Chloride; Escitalopram Oxalate; LR; Fluticasone Propionate NASAL; Vitamin D; MetRONIDAZOLE (FLagyl); Clindamycin; 0.9% Sodium Chloride; Docusate Sodium; 0.45% Sodium Chloride; Ciprofloxacin; Senna; Morphine Sulfate; Iso-Osmotic Dextrose
; 1 Appl of Hydrocortisone (Rectal) 2.5% Cream in TUBE through PR; 1 TAB of Multivitamins in TAB through PO/NG; 325-650 mg of Acetaminophen in TAB through PO; 600 mg of Ibuprofen in TAB through PO; 6.25 mg of Promethazine HCl in AMP through IV; 0 UNIT of Insulin in VIAL through SC; 100 mL of NS in mL through IV; 25 mg of HydrOXYzine in VIAL through IM; 10 mg of Prochlorperazine in VIAL through IV; 500 mg of Cephalexin in BTL through ORAL; 1 TAB of Senna in TAB through PO/NG; 0.5 mL of Influenza Virus Vaccine in SYR through IM; 4.5 g of Piperacillin-Tazobactam Na in BAG through IV; 300 mL of Magnesium Citrate in BTL through PO; 40 mg of Pantoprazole in TAB through PO; 10 mg of Metoclopramide in VIAL through IV; 10 mg of Escitalopram Oxalate in TAB through PO; 500 mg of MetRONIDAZOLE (FLagyl) in BAG through IV; 40 mEq of Potassium Chloride in mL through IV; 900 mg of Clindamycin in mL through IV; 650 mg of Acetaminophen in SUPP through PR; 1 mg of Morphine Sulfate in SYR through IVPCA; 20 mEq of Potassium Chloride in mL through IV; 0.5 mg of Lorazepam in TAB through PO; 800 UNIT of Vitamin D in TAB through PO/NG; 250 mL of D5W in mL through IV; 400 mg of Ciprofloxacin in mL through IV; 0.25 mg of HYDROmorphone (Dilaudid) in SYR through IVPCA; 500 mg of Cephalexin in CAP through PO; 0.125 mg of HYDROmorphone (Dilaudid) in SYR through IV; 8 mg of Ondansetron in VIAL through IV; 1000 mg of Vancomycin in BAG through IV; 10 mg of Prochlorperazine in VIAL through IM; 500-1000 mg of Acetaminophen in TAB through PO; 600 mg of Clindamycin in mL through IV; 4 mg of Ondansetron ODT in TAB through PO; 4 L of Golytely in BTL through PO; 1000 mL of Potassium Chl 20 mEq / 1000 mL D5 1/2 NS in BAG through IV; 50 mL of SW in BAG through IV; 5-10 mL of OxycoDONE-Acetaminophen Elixir in UDCUP through PO; 3 mL of Sodium Chloride 0.9%  Flush in SYR through IV; 2 mg of HYDROmorphone (Dilaudid) in TAB through PO/NG; 1-2 TAB of Hydrocodone-Acetaminophen in TAB through PO; 1000 mL of 0.9% Sodium Chloride in mL through IV; 4 mg of Ondansetron ODT in TAB through PO/NG; 1000 mg of Calcium Carbonate in TAB through PO/NG; 5-10 mg of OxycoDONE (Immediate Release)  in TAB through PO; 20 mg of Omeprazole in CAP through PO; 0.5 mg of Lorazepam in mL through IV; 500 mg of Calcium Carbonate in TAB through PO; 100 mL of Iso-Osmotic Dextrose in mL through IV; 2 gm of Magnesium Sulfate in BAG through IV; 1000 mL of D5 1/2NS in mL through IV; 2 gm of Nafcillin in BAG through IV; 325-650 mg of Acetaminophen in TAB through PO/NG; 1 Appl of Desitin in TUBE through TP; 4 mL/hr of Bupivacaine 0.5% in VIAL through SC; 1 SPRY of Fluticasone Propionate NASAL in AERO through NU; 0.12 mg of HYDROmorphone (Dilaudid) in SYR through IVPCA; 5000 UNIT of Heparin in mL through SC; 4 mg of Ondansetron in VIAL through IV; 100 mg of Docusate Sodium in CAP through PO; 500 mg of Naproxen in TAB through PO; 500 mL of NS in mL through IV; 650 mg of Acetaminophen in TAB through PO; 10 mg of Metoclopramide in TAB through PO; 250 mL of NS in mL through IV; 12.5 mg of Promethazine in AMP through IV; 1000 mg of Fish Oil (Omega 3) in CAP through PO; 15 mg of Ketorolac in VIAL through IV; 0.25 mg of HYDROmorphone (Dilaudid) in SYR through IV; 200 mL of Iso-Osmotic Dextrose in mL through IV; 2 PKT of Neutra-Phos in PKT through PO/NG; 30 mg of Ketorolac in VIAL through IV; 1000 mL of LR in BAG through IV; 325-650 mg of Acetaminophen in SUPP through PR; 0.5 mg of HYDROmorphone (Dilaudid) in SYR through IV; 0.5 mg of Lorazepam in TAB through PO/NG; 1000 mL of 0.45% Sodium Chloride in mL through IV; 5 mg of OxycoDONE (Immediate Release)  in TAB through PO; 150 mg of Ranitidine in TAB through PO/NG; 15-30 mg of Ketorolac in VIAL through IV; 1 mg of Lorazepam in TAB through PO; 25 mg of Prochlorperazine in SUPP through PR; 50 mL of D5W in mL through IV; 15-30 mL of Maalox/Diphenhydramine/Lidocaine in BTL through PO; 150 mg of Ranitidine in TAB through PO
2025-08-13 15:29:27,993: Average train text length: 985.00 words
2025-08-13 15:29:27,993: Average validation text length: 1002.73 words
2025-08-13 15:29:27,993: Average test text length: 989.80 words
2025-08-13 15:29:27,993: Training on 8040 samples, validating on 894, testing on 2234 samples
2025-08-13 15:30:01,010: Fine-tuning at Landmark 4
2025-08-13 15:30:01,049: Early stopping criterion: loss
2025-08-13 15:32:28,329: Landmark 4 | Epoch 1/20 | Train Loss: 0.6673 | Val Loss: 0.4178 | Validation AUC: 0.7500 | F1-Score: 0.0000
2025-08-13 15:32:28,876: New best model saved at /cluster/work/projects/ec12/michechi/cache/best/best_model_answerdotai_ModernBERT-large_4550_landmark4_no_4_512_landmark_all_landmarks_True_20250813_153001_.pt with AUC: 0.7500, F1: 0.0000, Val Loss: 0.4178
2025-08-13 15:34:56,375: Landmark 4 | Epoch 2/20 | Train Loss: 0.3944 | Val Loss: 0.3469 | Validation AUC: 0.8654 | F1-Score: 0.4926
2025-08-13 15:34:56,921: New best model saved at /cluster/work/projects/ec12/michechi/cache/best/best_model_answerdotai_ModernBERT-large_4550_landmark4_no_4_512_landmark_all_landmarks_True_20250813_153001_.pt with AUC: 0.8654, F1: 0.4926, Val Loss: 0.3469
2025-08-13 15:37:23,676: Landmark 4 | Epoch 3/20 | Train Loss: 0.3456 | Val Loss: 0.3120 | Validation AUC: 0.8888 | F1-Score: 0.5194
2025-08-13 15:37:24,234: New best model saved at /cluster/work/projects/ec12/michechi/cache/best/best_model_answerdotai_ModernBERT-large_4550_landmark4_no_4_512_landmark_all_landmarks_True_20250813_153001_.pt with AUC: 0.8888, F1: 0.5194, Val Loss: 0.3120
2025-08-13 15:39:51,525: Landmark 4 | Epoch 4/20 | Train Loss: 0.3173 | Val Loss: 0.2990 | Validation AUC: 0.9005 | F1-Score: 0.5672
2025-08-13 15:39:52,133: New best model saved at /cluster/work/projects/ec12/michechi/cache/best/best_model_answerdotai_ModernBERT-large_4550_landmark4_no_4_512_landmark_all_landmarks_True_20250813_153001_.pt with AUC: 0.9005, F1: 0.5672, Val Loss: 0.2990
2025-08-13 15:42:20,160: Landmark 4 | Epoch 5/20 | Train Loss: 0.2984 | Val Loss: 0.2846 | Validation AUC: 0.9109 | F1-Score: 0.5725
2025-08-13 15:42:20,718: New best model saved at /cluster/work/projects/ec12/michechi/cache/best/best_model_answerdotai_ModernBERT-large_4550_landmark4_no_4_512_landmark_all_landmarks_True_20250813_153001_.pt with AUC: 0.9109, F1: 0.5725, Val Loss: 0.2846
2025-08-13 15:44:47,610: Landmark 4 | Epoch 6/20 | Train Loss: 0.2826 | Val Loss: 0.2923 | Validation AUC: 0.9215 | F1-Score: 0.6514
2025-08-13 15:44:47,610: No improvement in epoch 6. Current best AUC: 0.9109, F1: 0.5725, Val Loss: 0.2846. Epochs without improvement: 1/1
2025-08-13 15:44:47,610: Early stopping triggered at epoch 6. Best AUC: 0.9109, F1: 0.5725, Val Loss: 0.2846
2025-08-13 15:44:48,062: Tempo impiegato per Landmark 4: 887.0 secondi
2025-08-13 15:44:48,062: Tempo medio per epoca: 147.8 secondi
2025-08-13 15:44:48,065: Loading best model from /cluster/work/projects/ec12/michechi/cache/best/best_model_answerdotai_ModernBERT-large_4550_landmark4_no_4_512_landmark_all_landmarks_True_20250813_153001_.pt for final evaluation on test set
2025-08-13 15:45:01,738: Final Test AUC (Landmark 4): 0.8965 | Test F1-Score: 0.5541
2025-08-13 15:45:01,739: Saving results to results_general_True_answerdotai_ModernBERT-large_landmark_visits4_4550_512_no_20250813_154501.csv
Using device: cuda
Using device: cuda
Using device: cuda
Using device: cuda
   Landmark Val AUC  ... Validation Loss Training Time (s)
0         1  0.6640  ...          0.0650             451.2
1         2  0.6640  ...          0.1447             435.5
2         3  0.8135  ...          0.2585            1032.9
3         4  0.9109  ...          0.2846             887.0

[4 rows x 9 columns]

Job 1853819 consumed 16.0 billing hours from project ec12.

Submitted 2025-08-13T14:54:12; waited 13.0 seconds in the queue after becoming eligible to run.

Requested wallclock time: 10.0 hours
Elapsed wallclock time:   50.7 minutes

Job exited normally.

Task and CPU statistics:
ID             CPUs  Tasks  CPU util                Start   Elapsed  Exit status
1853819          16            0.0 %  2025-08-13T14:54:25  3041.0 s  0
1853819.batch    16      1    10.6 %  2025-08-13T14:54:25  3041.0 s  0

Used CPU time:   1.4 CPU hours
Unused CPU time: 12.1 CPU hours

Memory statistics, in GiB:
ID              Alloc   Usage
1853819          32.0        
1853819.batch    32.0    14.9

Job 1853819 completed at Wed Aug 13 15:45:07 CEST 2025
