Starting job 1872349 on gpu-8 on Fox at Fri Aug 29 00:18:21 CEST 2025


[notice] A new release of pip is available: 23.3.2 -> 25.2
[notice] To update, run: pip install --upgrade pip
2025-08-29 00:19:53,917: Argument CI: False
2025-08-29 00:19:53,917: Argument all_landmarks: False
2025-08-29 00:19:53,918: Argument batch_size: 4
2025-08-29 00:19:53,918: Argument cache_dir: '/cluster/work/projects/ec12/michechi/cache'
2025-08-29 00:19:53,918: Argument early: 'loss'
2025-08-29 00:19:53,918: Argument epochs: 20
2025-08-29 00:19:53,918: Argument gradient_accumulation_steps: 2
2025-08-29 00:19:53,918: Argument input_csv: '/fp/homes01/u01/ec-michelec/MIMICIV/data/splitted/splitted/landmark_df_evo.csv'
2025-08-29 00:19:53,918: Argument lr: 2e-05
2025-08-29 00:19:53,918: Argument max_length: 512
2025-08-29 00:19:53,918: Argument max_visits: 4
2025-08-29 00:19:53,918: Argument model_name: 'Charangan/MedBERT'
2025-08-29 00:19:53,918: Argument model_type: 'medical'
2025-08-29 00:19:53,918: Argument patience: 1
2025-08-29 00:19:53,918: Argument peft: False
2025-08-29 00:19:53,918: Argument prompt_type: 'temporal_causal_prompt'
2025-08-29 00:19:53,918: Argument seed: 4550
2025-08-29 00:19:53,918: Argument test_csv: '/fp/homes01/u01/ec-michelec/MIMICIV/data/splitted/splitted/landmark_evo_test_dod_fxd.csv'
2025-08-29 00:19:53,918: Argument train_csv: '/fp/homes01/u01/ec-michelec/MIMICIV/data/splitted/splitted/landmark_evo_train_dod_fxd.csv'
2025-08-29 00:19:53,918: Argument use_quantization: False
2025-08-29 00:19:53,918: Argument val_csv: '/fp/homes01/u01/ec-michelec/MIMICIV/data/splitted/splitted/landmark_evo_vali_dod_fxd.csv'
2025-08-29 00:19:53,918: Argument when_counting_death: 'last_visit'
2025-08-29 00:19:54,015: Using prompt type: temporal_causal_prompt
/fp/homes01/u01/ec-michelec/MIMICIV/src/Finetuning_rfct.py:93: DtypeWarning: Columns (16,17,18,19) have mixed types. Specify dtype option on import or set low_memory=False.
  full_train_df = pd.read_csv(args.train_csv, na_values=['', 'None', 'NaN', 'na', 'nan']).fillna('')
/fp/homes01/u01/ec-michelec/MIMICIV/src/Finetuning_rfct.py:95: DtypeWarning: Columns (16,17,18,19) have mixed types. Specify dtype option on import or set low_memory=False.
  full_test_df = pd.read_csv(args.test_csv, na_values=['', 'None', 'NaN', 'na', 'nan']).fillna('')
2025-08-29 00:20:25,341: Processing only the last landmark visit: 4
2025-08-29 00:20:25,342: Preparing data for Landmark 4
/fp/projects01/ec30/software/easybuild/software/nlpl-pytorch/2.1.2-foss-2022b-cuda-12.0.0-Python-3.10.8/lib/python3.10/site-packages/torch/_utils.py:831: UserWarning: TypedStorage is deprecated. It will be removed in the future and UntypedStorage will be the only storage class. This should only matter to you if you are using storages directly.  To access UntypedStorage directly, use tensor.untyped_storage() instead of tensor.storage()
  return self.fget.__get__(instance, owner)()
Some weights of BertForSequenceClassification were not initialized from the model checkpoint at Charangan/MedBERT and are newly initialized: ['classifier.bias', 'classifier.weight']
You should probably TRAIN this model on a down-stream task to be able to use it for predictions and inference.
2025-08-29 00:20:47,107: Example train text: Patient: 47-year-old F. Medical history over 4 visits: Visit-1: diagnoses: Diverticulitis of colon (without mention of hemorrhage), Acute kidney failure, unspecified, Abscess of intestine, Other postoperative infection, Cellulitis and abscess of trunk, Methicillin susceptible Staphylococcus aureus in conditions classified elsewhere and of unspecified site, Removal of other organ (partial) (total) causing abnormal patient reaction, or later complication, without mention of misadventure at time of operation, Hypovolemia, Nausea with vomiting. medications: NS, Potassium Chloride, OxycoDONE (Immediate Release) , Magnesium Citrate, SW, Magnesium Sulfate, Prochlorperazine, Lorazepam, HYDROmorphone (Dilaudid), Iso-Osmotic Dextrose, Piperacillin-Tazobactam Na, Potassium Chl 20 mEq / 1000 mL D5 1/2 NS, Insulin, LR, Acetaminophen, Ondansetron, Ketorolac, OxycoDONE-Acetaminophen Elixir, Sodium Chloride 0.9%  Flush, Docusate Sodium, Hydrocodone-Acetaminophen, D5W, Clindamycin, Fluticasone Propionate NASAL, Ciprofloxacin, Pantoprazole, Metoclopramide, Calcium Carbonate, Vancomycin, Cephalexin, Heparin, Bupivacaine 0.5%, Promethazine HCl, D5 1/2NS, Hydrocortisone (Rectal) 2.5% Cream, Morphine Sulfate, Escitalopram Oxalate, Maalox/Diphenhydramine/Lidocaine, Nafcillin, HydrOXYzine, MetRONIDAZOLE (FLagyl), Ibuprofen. procedures: Open and other sigmoidectomy. Visit-2: diagnoses: Esophageal reflux, Diverticulosis of colon (without mention of hemorrhage), Other specified aftercare following surgery. medications: LR, Ranitidine, Acetaminophen, Escitalopram Oxalate, Promethazine, Heparin, Ondansetron ODT, Potassium Chl 20 mEq / 1000 mL D5 1/2 NS, Pantoprazole, Sodium Chloride 0.9%  Flush, Fluticasone Propionate NASAL, Ondansetron. procedures: . Visit-3: diagnoses: Chest pain, unspecified, Orthostatic hypotension. medications: . procedures: . Visit-4: diagnoses: Other specified disorders of intestine, Ulceration of intestine, Other and unspecified ovarian cyst, Diverticulosis of colon (without mention of hemorrhage), Intestinal bypass or anastomosis status, Anxiety state, unspecified, Esophageal reflux. medications: Ondansetron ODT, Calcium Carbonate, Senna, Vitamin D, Omeprazole, HYDROmorphone (Dilaudid), Desitin, 0.45% Sodium Chloride, Acetaminophen, 0.9% Sodium Chloride, Docusate Sodium, Lorazepam, Multivitamins, Influenza Virus Vaccine, Golytely, Neutra-Phos, Escitalopram Oxalate, Sodium Chloride 0.9%  Flush, Fish Oil (Omega 3), Fluticasone Propionate NASAL, Heparin, Ondansetron, Naproxen, Ranitidine, Ketorolac. procedures: Closed [endoscopic] biopsy of large intestine. Clinical assessment: 90-day mortality risk is
2025-08-29 00:20:47,364: Average train text length: 484.72 words
2025-08-29 00:20:47,364: Average validation text length: 489.47 words
2025-08-29 00:20:47,364: Average test text length: 485.07 words
2025-08-29 00:20:47,365: Training on 8040 samples, validating on 894, testing on 2234 samples
2025-08-29 00:21:12,216: Fine-tuning at Landmark 4
2025-08-29 00:21:15,194: Early stopping criterion: loss
2025-08-29 00:23:05,901: Landmark 4 | Epoch 1/20 | Train Loss: 0.2474 | Val Loss: 0.3787 | Validation AUC: 0.8156 | F1-Score: 0.3793
2025-08-29 00:23:06,487: New best model saved at /cluster/work/projects/ec12/michechi/cache/best/best_model_Charangan_MedBERT_4550_landmark4_temporal_causal_prompt_4_512_last_visit_all_landmarks_False_20250829_002115_.pt with AUC: 0.8156, F1: 0.3793, Val Loss: 0.3787
2025-08-29 00:24:55,929: Landmark 4 | Epoch 2/20 | Train Loss: 0.1952 | Val Loss: 0.3721 | Validation AUC: 0.8397 | F1-Score: 0.4721
2025-08-29 00:24:56,307: New best model saved at /cluster/work/projects/ec12/michechi/cache/best/best_model_Charangan_MedBERT_4550_landmark4_temporal_causal_prompt_4_512_last_visit_all_landmarks_False_20250829_002115_.pt with AUC: 0.8397, F1: 0.4721, Val Loss: 0.3721
2025-08-29 00:26:45,687: Landmark 4 | Epoch 3/20 | Train Loss: 0.1877 | Val Loss: 0.3731 | Validation AUC: 0.8273 | F1-Score: 0.1347
2025-08-29 00:26:45,687: No improvement in epoch 3. Current best AUC: 0.8397, F1: 0.4721, Val Loss: 0.3721. Epochs without improvement: 1/1
2025-08-29 00:26:45,687: Early stopping triggered at epoch 3. Best AUC: 0.8397, F1: 0.4721, Val Loss: 0.3721
2025-08-29 00:26:46,106: Tempo impiegato per Landmark 4: 333.9 secondi
2025-08-29 00:26:46,106: Tempo medio per epoca: 111.3 secondi
2025-08-29 00:26:46,108: Loading best model from /cluster/work/projects/ec12/michechi/cache/best/best_model_Charangan_MedBERT_4550_landmark4_temporal_causal_prompt_4_512_last_visit_all_landmarks_False_20250829_002115_.pt for final evaluation on test set
2025-08-29 00:26:54,716: Final Test AUC (Landmark 4): 0.8157 | Test F1-Score: 0.4362
2025-08-29 00:26:54,736: Saving results to results_medical_False_Charangan_MedBERT_last_visit_visits4_4550_512_temporal_causal_prompt_20250829_002654.csv
Using device: cuda
   Landmark Val AUC  ... Validation Loss Training Time (s)
0         4  0.8397  ...          0.3721             333.9

[1 rows x 9 columns]

Job 1872349 consumed 2.7 billing hours from project ec12.

Submitted 2025-08-28T14:31:27; waited 9.8 hours in the queue after becoming eligible to run.

Requested wallclock time: 15.0 hours
Elapsed wallclock time:   8.7 minutes

Job exited normally.

Task and CPU statistics:
ID             CPUs  Tasks  CPU util                Start  Elapsed  Exit status
1872349          16            0.0 %  2025-08-29T00:18:21  519.0 s  0
1872349.batch    16      1     5.2 %  2025-08-29T00:18:21  519.0 s  0

Used CPU time:   7.2 CPU minutes
Unused CPU time: 2.2 CPU hours

Memory statistics, in GiB:
ID              Alloc   Usage
1872349          32.0        
1872349.batch    32.0     8.1

Job 1872349 completed at Fri Aug 29 00:27:00 CEST 2025
