Starting job 68839 on gpu-1-75 on Olivia at Wed Dec 24 09:01:18 CET 2025

FATAL:   While checking container encryption: could not open image /cluster/work/projects/nn12048k/michechi/containers/simulation-env/container.sif: the image's architecture (amd64) could not run on the host's (arm64)
srun: error: gpu-1-75: task 0: Exited with exit code 255
srun: Terminating StepId=68839.0

Job 68839 consumed 0.0 billing hours and 0.0 GPU hours from project nn12048k.

Submitted 2025-12-24T09:01:17; waited 0.0 seconds in the queue after becoming eligible to run.

Requested wallclock time: 30.0 minutes
Elapsed wallclock time:   3.0 seconds

Job failed.

Task and CPU statistics:
ID                 CPUs  Tasks  CPU util                Start  Elapsed  Exit status
68839                 1            0.0 %  2025-12-24T09:01:17    3.0 s  255 (exit status out of range)
68839.batch           1      1     7.5 %  2025-12-24T09:01:17    3.0 s  255 (exit status out of range)
68839.singularity     1      1     0.0 %  2025-12-24T09:01:19    0.0 s  255 (exit status out of range)

Used CPU time:   0.2 CPU seconds
Unused CPU time: 2.8 CPU seconds

Memory statistics, in GiB:
ID                  Alloc   Usage
68839               128.0        
68839.batch         128.0     0.1
68839.singularity   128.0     0.1

Job 68839 completed at Wed Dec 24 09:01:21 CET 2025
