Starting job 66330 on gpu-1-76 on Olivia at Fri Dec 19 18:22:30 CET 2025


The following have been reloaded with a version change:
  1) NRIS/CPU => NRIS/GPU
  2) hpc-container-wrapper/0.4.2-CPU => hpc-container-wrapper/0.4.2-GPU

FATAL:   While checking container encryption: could not open image /cluster/work/projects/nn12048k/michechi/containers/simulation-env/container.sif: the image's architecture (amd64) could not run on the host's (arm64)
srun: error: gpu-1-76: task 0: Exited with exit code 255
srun: Terminating StepId=66330.0

Job 66330 consumed 0.0 billing hours and 0.0 GPU hours from project nn12048k.

Submitted 2025-12-19T18:22:29; waited 0.0 seconds in the queue after becoming eligible to run.

Requested wallclock time: 30.0 minutes
Elapsed wallclock time:   3.0 seconds

Job failed.

Task and CPU statistics:
ID             CPUs  Tasks  CPU util                Start  Elapsed  Exit status
66330             1            0.0 %  2025-12-19T18:22:29    3.0 s  255 (exit status out of range)
66330.batch       1      1     7.5 %  2025-12-19T18:22:29    3.0 s  255 (exit status out of range)
66330.python3     1      1     0.0 %  2025-12-19T18:22:30    1.0 s  255 (exit status out of range)

Used CPU time:   0.2 CPU seconds
Unused CPU time: 2.8 CPU seconds

Memory statistics, in GiB:
ID              Alloc   Usage
66330             2.0        
66330.batch       2.0     0.0
66330.python3     2.0     0.0

Job 66330 completed at Fri Dec 19 18:22:32 CET 2025
