Starting job 1836096 on gpu-8 on fox at Tue Jul 29 21:42:51 CEST 2025

2025-07-29 21:43:14,086: Argument CI: False
2025-07-29 21:43:14,087: Argument all_landmarks: True
2025-07-29 21:43:14,087: Argument batch_size: 8
2025-07-29 21:43:14,087: Argument cache_dir: '/cluster/work/projects/ec12/michechi/cache'
2025-07-29 21:43:14,087: Argument early: 'loss'
2025-07-29 21:43:14,087: Argument epochs: 20
2025-07-29 21:43:14,087: Argument gradient_accumulation_steps: 1
2025-07-29 21:43:14,087: Argument input_csv: '/fp/homes01/u01/ec-michelec/MIMICIV/data/splitted/splitted/landmark_df_evo.csv'
2025-07-29 21:43:14,087: Argument lr: 2e-05
2025-07-29 21:43:14,087: Argument max_length: 1024
2025-07-29 21:43:14,087: Argument max_visits: 3
2025-07-29 21:43:14,087: Argument model_name: 'answerdotai/ModernBERT-large'
2025-07-29 21:43:14,087: Argument model_type: 'medical'
2025-07-29 21:43:14,087: Argument patience: 1
2025-07-29 21:43:14,087: Argument peft: False
2025-07-29 21:43:14,087: Argument prompt_type: 'full'
2025-07-29 21:43:14,087: Argument seed: 9550
2025-07-29 21:43:14,087: Argument test_csv: '/fp/homes01/u01/ec-michelec/MIMICIV/data/splitted/splitted/landmark_evo_test.csv'
2025-07-29 21:43:14,087: Argument train_csv: '/fp/homes01/u01/ec-michelec/MIMICIV/data/splitted/splitted/landmark_evo_train.csv'
2025-07-29 21:43:14,087: Argument use_quantization: False
2025-07-29 21:43:14,087: Argument val_csv: '/fp/homes01/u01/ec-michelec/MIMICIV/data/splitted/splitted/landmark_evo_vali.csv'
2025-07-29 21:43:14,130: Using prompt type: full
/fp/homes01/u01/ec-michelec/MIMICIV/src/Finetuning_rfct.py:79: DtypeWarning: Columns (16,17,18,19) have mixed types. Specify dtype option on import or set low_memory=False.
  full_train_df = pd.read_csv(args.train_csv, na_values=['', 'None', 'NaN', 'na', 'nan']).fillna('')
/fp/homes01/u01/ec-michelec/MIMICIV/src/Finetuning_rfct.py:81: DtypeWarning: Columns (16,17,18,19) have mixed types. Specify dtype option on import or set low_memory=False.
  full_test_df = pd.read_csv(args.test_csv, na_values=['', 'None', 'NaN', 'na', 'nan']).fillna('')
2025-07-29 21:43:50,794: Processing all landmarks from 1 to 3
2025-07-29 21:43:50,794: Preparing data for Landmark 1
Some weights of ModernBertForSequenceClassification were not initialized from the model checkpoint at answerdotai/ModernBERT-large and are newly initialized: ['classifier.bias', 'classifier.weight']
You should probably TRAIN this model on a down-stream task to be able to use it for predictions and inference.
2025-07-29 21:44:03,838: Average train text length: 138.90 words
2025-07-29 21:44:03,839: Average validation text length: 138.07 words
2025-07-29 21:44:03,839: Average test text length: 139.65 words
2025-07-29 21:44:03,839: Training on 14472 samples, validating on 1608, testing on 4020 samples
2025-07-29 21:44:15,484: Fine-tuning at Landmark 1
2025-07-29 21:44:15,487: Early stopping criterion: loss
/fp/homes01/u01/ec-michelec/ModernBERT/lib64/python3.9/site-packages/networkx/utils/backends.py:135: RuntimeWarning: networkx backend defined more than once: nx-loopback
  backends.update(_get_backends("networkx.backends"))
2025-07-29 22:00:38,413: Landmark 1 | Epoch 1/20 | Train Loss: 0.3770 | Val Loss: 0.3314 | Validation AUC: 0.8261 | F1-Score: 0.0000
2025-07-29 22:00:39,509: New best model saved at /cluster/work/projects/ec12/michechi/cache/best/best_model_answerdotai_ModernBERT-large_9550_landmark1_full_3_1024_all_landmarks_True_20250729_214415_.pt with AUC: 0.8261, F1: 0.0000, Val Loss: 0.3314
2025-07-29 22:16:38,996: Landmark 1 | Epoch 2/20 | Train Loss: 0.3366 | Val Loss: 0.3227 | Validation AUC: 0.8255 | F1-Score: 0.3238
2025-07-29 22:16:40,155: New best model saved at /cluster/work/projects/ec12/michechi/cache/best/best_model_answerdotai_ModernBERT-large_9550_landmark1_full_3_1024_all_landmarks_True_20250729_214415_.pt with AUC: 0.8255, F1: 0.3238, Val Loss: 0.3227
2025-07-29 22:32:39,807: Landmark 1 | Epoch 3/20 | Train Loss: 0.3205 | Val Loss: 0.3266 | Validation AUC: 0.8371 | F1-Score: 0.1040
2025-07-29 22:32:39,811: No improvement in epoch 3. Current best AUC: 0.8255, F1: 0.3238, Val Loss: 0.3227. Epochs without improvement: 1/1
2025-07-29 22:32:39,811: Early stopping triggered at epoch 3. Best AUC: 0.8255, F1: 0.3238, Val Loss: 0.3227
2025-07-29 22:32:40,579: Tempo impiegato per Landmark 1: 2905.1 secondi
2025-07-29 22:32:40,579: Tempo medio per epoca: 968.4 secondi
2025-07-29 22:32:40,581: Loading best model from /cluster/work/projects/ec12/michechi/cache/best/best_model_answerdotai_ModernBERT-large_9550_landmark1_full_3_1024_all_landmarks_True_20250729_214415_.pt for final evaluation on test set
2025-07-29 22:33:53,035: Final Test AUC (Landmark 1): 0.8261 | Test F1-Score: 0.2887
2025-07-29 22:33:53,036: Preparing data for Landmark 2
Some weights of ModernBertForSequenceClassification were not initialized from the model checkpoint at answerdotai/ModernBERT-large and are newly initialized: ['classifier.bias', 'classifier.weight']
You should probably TRAIN this model on a down-stream task to be able to use it for predictions and inference.
2025-07-29 22:34:02,652: Average train text length: 254.75 words
2025-07-29 22:34:02,652: Average validation text length: 253.84 words
2025-07-29 22:34:02,652: Average test text length: 253.66 words
2025-07-29 22:34:02,652: Training on 14472 samples, validating on 1608, testing on 4020 samples
2025-07-29 22:34:23,145: Fine-tuning at Landmark 2
2025-07-29 22:34:23,165: Early stopping criterion: loss
2025-07-29 22:50:29,533: Landmark 2 | Epoch 1/20 | Train Loss: 0.3562 | Val Loss: 0.3130 | Validation AUC: 0.8522 | F1-Score: 0.2887
2025-07-29 22:50:30,707: New best model saved at /cluster/work/projects/ec12/michechi/cache/best/best_model_answerdotai_ModernBERT-large_9550_landmark2_full_3_1024_all_landmarks_True_20250729_223423_.pt with AUC: 0.8522, F1: 0.2887, Val Loss: 0.3130
2025-07-29 23:06:35,484: Landmark 2 | Epoch 2/20 | Train Loss: 0.3159 | Val Loss: 0.2903 | Validation AUC: 0.8779 | F1-Score: 0.2336
2025-07-29 23:06:36,615: New best model saved at /cluster/work/projects/ec12/michechi/cache/best/best_model_answerdotai_ModernBERT-large_9550_landmark2_full_3_1024_all_landmarks_True_20250729_223423_.pt with AUC: 0.8779, F1: 0.2336, Val Loss: 0.2903
2025-07-29 23:22:42,672: Landmark 2 | Epoch 3/20 | Train Loss: 0.2945 | Val Loss: 0.2833 | Validation AUC: 0.8807 | F1-Score: 0.4929
2025-07-29 23:22:43,815: New best model saved at /cluster/work/projects/ec12/michechi/cache/best/best_model_answerdotai_ModernBERT-large_9550_landmark2_full_3_1024_all_landmarks_True_20250729_223423_.pt with AUC: 0.8807, F1: 0.4929, Val Loss: 0.2833
2025-07-29 23:38:49,995: Landmark 2 | Epoch 4/20 | Train Loss: 0.2833 | Val Loss: 0.2881 | Validation AUC: 0.8761 | F1-Score: 0.3614
2025-07-29 23:38:49,995: No improvement in epoch 4. Current best AUC: 0.8807, F1: 0.4929, Val Loss: 0.2833. Epochs without improvement: 1/1
2025-07-29 23:38:49,995: Early stopping triggered at epoch 4. Best AUC: 0.8807, F1: 0.4929, Val Loss: 0.2833
2025-07-29 23:38:50,815: Tempo impiegato per Landmark 2: 3867.7 secondi
2025-07-29 23:38:50,815: Tempo medio per epoca: 966.9 secondi
2025-07-29 23:38:50,817: Loading best model from /cluster/work/projects/ec12/michechi/cache/best/best_model_answerdotai_ModernBERT-large_9550_landmark2_full_3_1024_all_landmarks_True_20250729_223423_.pt for final evaluation on test set
2025-07-29 23:40:03,572: Final Test AUC (Landmark 2): 0.8606 | Test F1-Score: 0.4770
2025-07-29 23:40:03,572: Preparing data for Landmark 3
Some weights of ModernBertForSequenceClassification were not initialized from the model checkpoint at answerdotai/ModernBERT-large and are newly initialized: ['classifier.bias', 'classifier.weight']
You should probably TRAIN this model on a down-stream task to be able to use it for predictions and inference.
2025-07-29 23:40:12,789: Average train text length: 382.21 words
2025-07-29 23:40:12,789: Average validation text length: 377.55 words
2025-07-29 23:40:12,789: Average test text length: 380.77 words
2025-07-29 23:40:12,789: Training on 14472 samples, validating on 1608, testing on 4020 samples
2025-07-29 23:40:41,473: Fine-tuning at Landmark 3
2025-07-29 23:40:41,496: Early stopping criterion: loss
2025-07-29 23:56:51,896: Landmark 3 | Epoch 1/20 | Train Loss: 0.2837 | Val Loss: 0.2030 | Validation AUC: 0.9396 | F1-Score: 0.6832
2025-07-29 23:56:53,007: New best model saved at /cluster/work/projects/ec12/michechi/cache/best/best_model_answerdotai_ModernBERT-large_9550_landmark3_full_3_1024_all_landmarks_True_20250729_234041_.pt with AUC: 0.9396, F1: 0.6832, Val Loss: 0.2030
2025-07-30 00:13:04,919: Landmark 3 | Epoch 2/20 | Train Loss: 0.2092 | Val Loss: 0.1803 | Validation AUC: 0.9546 | F1-Score: 0.7459
2025-07-30 00:13:06,022: New best model saved at /cluster/work/projects/ec12/michechi/cache/best/best_model_answerdotai_ModernBERT-large_9550_landmark3_full_3_1024_all_landmarks_True_20250729_234041_.pt with AUC: 0.9546, F1: 0.7459, Val Loss: 0.1803
2025-07-30 00:29:17,282: Landmark 3 | Epoch 3/20 | Train Loss: 0.1910 | Val Loss: 0.1738 | Validation AUC: 0.9581 | F1-Score: 0.7376
2025-07-30 00:29:18,450: New best model saved at /cluster/work/projects/ec12/michechi/cache/best/best_model_answerdotai_ModernBERT-large_9550_landmark3_full_3_1024_all_landmarks_True_20250729_234041_.pt with AUC: 0.9581, F1: 0.7376, Val Loss: 0.1738
2025-07-30 00:45:29,871: Landmark 3 | Epoch 4/20 | Train Loss: 0.1622 | Val Loss: 0.1928 | Validation AUC: 0.9542 | F1-Score: 0.6907
2025-07-30 00:45:29,871: No improvement in epoch 4. Current best AUC: 0.9581, F1: 0.7376, Val Loss: 0.1738. Epochs without improvement: 1/1
2025-07-30 00:45:29,871: Early stopping triggered at epoch 4. Best AUC: 0.9581, F1: 0.7376, Val Loss: 0.1738
2025-07-30 00:45:30,765: Tempo impiegato per Landmark 3: 3889.3 secondi
2025-07-30 00:45:30,765: Tempo medio per epoca: 972.3 secondi
2025-07-30 00:45:30,767: Loading best model from /cluster/work/projects/ec12/michechi/cache/best/best_model_answerdotai_ModernBERT-large_9550_landmark3_full_3_1024_all_landmarks_True_20250729_234041_.pt for final evaluation on test set
2025-07-30 00:46:43,716: Final Test AUC (Landmark 3): 0.9525 | Test F1-Score: 0.7392
2025-07-30 00:46:43,717: Saving results to results_medical_True_answerdotai_ModernBERT-large_visits3_9550_full_20250730_004643.csv
Using device: cuda
Using device: cuda
Using device: cuda
   Landmark Val AUC  ... Validation Loss Training Time (s)
0         1  0.8255  ...          0.3227            2905.1
1         2  0.8807  ...          0.2833            3867.7
2         3  0.9581  ...          0.1738            3889.3

[3 rows x 9 columns]

Job 1836096 consumed 58.3 billing hours from project ec12.

Submitted 2025-07-29T21:42:22; waited 29.0 seconds in the queue after becoming eligible to run.

Requested wallclock time: 1.8 days
Elapsed wallclock time:   3.1 hours

Job exited normally.

Task and CPU statistics:
ID             CPUs  Tasks  CPU util                Start  Elapsed  Exit status
1836096          16            0.0 %  2025-07-29T21:42:51    3.1 h  0
1836096.batch    16      1     7.5 %  2025-07-29T21:42:51    3.1 h  0

Used CPU time:   3.7 CPU hours
Unused CPU time: 1.9 CPU days

Memory statistics, in GiB:
ID              Alloc   Usage
1836096          32.0        
1836096.batch    32.0    15.7

GPU usage stats:
Job 1836096 completed at Wed Jul 30 00:46:49 CEST 2025
