Starting job 68647 on gpu-1-76 on Olivia at Tue Dec 23 16:22:35 CET 2025

INFO:    gocryptfs not found, will not be able to use gocryptfs
Traceback (most recent call last):
  File "/cluster/home/michechi/MIMICIV/src/./Finetuning_FOX_time_simulation_tiny.py", line 10, in <module>
    import torch
ModuleNotFoundError: No module named 'torch'
srun: error: gpu-1-76: task 0: Exited with exit code 1
srun: Terminating StepId=68647.0

Job 68647 consumed 0.0 billing hours and 0.0 GPU hours from project nn12048k.

Submitted 2025-12-23T16:22:34; waited 0.0 seconds in the queue after becoming eligible to run.

Requested wallclock time: 30.0 minutes
Elapsed wallclock time:   4.0 seconds

Job failed.

Task and CPU statistics:
ID                 CPUs  Tasks  CPU util                Start  Elapsed  Exit status
68647                 1            0.0 %  2025-12-23T16:22:34    4.0 s  1
68647.batch           1      1     6.0 %  2025-12-23T16:22:34    4.0 s  1
68647.singularity     1      1     0.0 %  2025-12-23T16:22:35    2.0 s  1

Used CPU time:   0.2 CPU seconds
Unused CPU time: 3.8 CPU seconds

Memory statistics, in GiB:
ID                  Alloc   Usage
68647                 2.0        
68647.batch           2.0     0.0
68647.singularity     2.0     0.2

Job 68647 completed at Tue Dec 23 16:22:38 CET 2025
