Starting job 1836239 on gpu-2 on fox at Wed Jul 30 09:10:51 CEST 2025

2025-07-30 09:11:03,203: Argument CI: False
2025-07-30 09:11:03,203: Argument all_landmarks: True
2025-07-30 09:11:03,203: Argument batch_size: 8
2025-07-30 09:11:03,203: Argument cache_dir: '/cluster/work/projects/ec12/michechi/cache'
2025-07-30 09:11:03,203: Argument early: 'loss'
2025-07-30 09:11:03,203: Argument epochs: 20
2025-07-30 09:11:03,204: Argument gradient_accumulation_steps: 1
2025-07-30 09:11:03,204: Argument input_csv: '/fp/homes01/u01/ec-michelec/MIMICIV/data/splitted/splitted/landmark_df_evo.csv'
2025-07-30 09:11:03,204: Argument lr: 2e-05
2025-07-30 09:11:03,204: Argument max_length: 1024
2025-07-30 09:11:03,204: Argument max_visits: 3
2025-07-30 09:11:03,204: Argument model_name: 'answerdotai/ModernBERT-large'
2025-07-30 09:11:03,204: Argument model_type: 'medical'
2025-07-30 09:11:03,204: Argument patience: 1
2025-07-30 09:11:03,204: Argument peft: False
2025-07-30 09:11:03,204: Argument prompt_type: 'full_no_time_rnd'
2025-07-30 09:11:03,204: Argument seed: 9550
2025-07-30 09:11:03,204: Argument test_csv: '/fp/homes01/u01/ec-michelec/MIMICIV/data/splitted/splitted/landmark_evo_test.csv'
2025-07-30 09:11:03,204: Argument train_csv: '/fp/homes01/u01/ec-michelec/MIMICIV/data/splitted/splitted/landmark_evo_train.csv'
2025-07-30 09:11:03,204: Argument use_quantization: False
2025-07-30 09:11:03,204: Argument val_csv: '/fp/homes01/u01/ec-michelec/MIMICIV/data/splitted/splitted/landmark_evo_vali.csv'
2025-07-30 09:11:03,211: Using prompt type: full_no_time_rnd
/fp/homes01/u01/ec-michelec/MIMICIV/src/Finetuning_rfct.py:79: DtypeWarning: Columns (16,17,18,19) have mixed types. Specify dtype option on import or set low_memory=False.
  full_train_df = pd.read_csv(args.train_csv, na_values=['', 'None', 'NaN', 'na', 'nan']).fillna('')
/fp/homes01/u01/ec-michelec/MIMICIV/src/Finetuning_rfct.py:81: DtypeWarning: Columns (16,17,18,19) have mixed types. Specify dtype option on import or set low_memory=False.
  full_test_df = pd.read_csv(args.test_csv, na_values=['', 'None', 'NaN', 'na', 'nan']).fillna('')
2025-07-30 09:11:39,379: Processing all landmarks from 1 to 3
2025-07-30 09:11:39,379: Preparing data for Landmark 1
Some weights of ModernBertForSequenceClassification were not initialized from the model checkpoint at answerdotai/ModernBERT-large and are newly initialized: ['classifier.bias', 'classifier.weight']
You should probably TRAIN this model on a down-stream task to be able to use it for predictions and inference.
2025-07-30 09:11:48,825: Average train text length: 130.90 words
2025-07-30 09:11:48,825: Average validation text length: 130.07 words
2025-07-30 09:11:48,825: Average test text length: 131.65 words
2025-07-30 09:11:48,825: Training on 14472 samples, validating on 1608, testing on 4020 samples
2025-07-30 09:12:00,014: Fine-tuning at Landmark 1
2025-07-30 09:12:00,023: Early stopping criterion: loss
/fp/homes01/u01/ec-michelec/ModernBERT/lib64/python3.9/site-packages/networkx/utils/backends.py:135: RuntimeWarning: networkx backend defined more than once: nx-loopback
  backends.update(_get_backends("networkx.backends"))
2025-07-30 09:29:06,471: Landmark 1 | Epoch 1/20 | Train Loss: 0.3801 | Val Loss: 0.3339 | Validation AUC: 0.8192 | F1-Score: 0.0494
2025-07-30 09:29:07,494: New best model saved at /cluster/work/projects/ec12/michechi/cache/best/best_model_answerdotai_ModernBERT-large_9550_landmark1_full_no_time_rnd_3_1024_all_landmarks_True_20250730_091200_.pt with AUC: 0.8192, F1: 0.0494, Val Loss: 0.3339
2025-07-30 09:45:56,807: Landmark 1 | Epoch 2/20 | Train Loss: 0.3366 | Val Loss: 0.3207 | Validation AUC: 0.8268 | F1-Score: 0.3197
2025-07-30 09:45:57,923: New best model saved at /cluster/work/projects/ec12/michechi/cache/best/best_model_answerdotai_ModernBERT-large_9550_landmark1_full_no_time_rnd_3_1024_all_landmarks_True_20250730_091200_.pt with AUC: 0.8268, F1: 0.3197, Val Loss: 0.3207
2025-07-30 10:02:47,538: Landmark 1 | Epoch 3/20 | Train Loss: 0.3202 | Val Loss: 0.3235 | Validation AUC: 0.8379 | F1-Score: 0.0653
2025-07-30 10:02:47,542: No improvement in epoch 3. Current best AUC: 0.8268, F1: 0.3197, Val Loss: 0.3207. Epochs without improvement: 1/1
2025-07-30 10:02:47,542: Early stopping triggered at epoch 3. Best AUC: 0.8268, F1: 0.3197, Val Loss: 0.3207
2025-07-30 10:02:48,366: Tempo impiegato per Landmark 1: 3048.4 secondi
2025-07-30 10:02:48,366: Tempo medio per epoca: 1016.1 secondi
2025-07-30 10:02:48,368: Loading best model from /cluster/work/projects/ec12/michechi/cache/best/best_model_answerdotai_ModernBERT-large_9550_landmark1_full_no_time_rnd_3_1024_all_landmarks_True_20250730_091200_.pt for final evaluation on test set
2025-07-30 10:04:05,077: Final Test AUC (Landmark 1): 0.8295 | Test F1-Score: 0.3024
2025-07-30 10:04:05,077: Preparing data for Landmark 2
Some weights of ModernBertForSequenceClassification were not initialized from the model checkpoint at answerdotai/ModernBERT-large and are newly initialized: ['classifier.bias', 'classifier.weight']
You should probably TRAIN this model on a down-stream task to be able to use it for predictions and inference.
2025-07-30 10:04:11,880: Average train text length: 237.75 words
2025-07-30 10:04:11,881: Average validation text length: 236.84 words
2025-07-30 10:04:11,881: Average test text length: 236.66 words
2025-07-30 10:04:11,881: Training on 14472 samples, validating on 1608, testing on 4020 samples
2025-07-30 10:04:31,001: Fine-tuning at Landmark 2
2025-07-30 10:04:31,016: Early stopping criterion: loss
2025-07-30 10:21:28,096: Landmark 2 | Epoch 1/20 | Train Loss: 0.3572 | Val Loss: 0.3191 | Validation AUC: 0.8431 | F1-Score: 0.1406
2025-07-30 10:21:29,153: New best model saved at /cluster/work/projects/ec12/michechi/cache/best/best_model_answerdotai_ModernBERT-large_9550_landmark2_full_no_time_rnd_3_1024_all_landmarks_True_20250730_100431_.pt with AUC: 0.8431, F1: 0.1406, Val Loss: 0.3191
2025-07-30 10:38:26,782: Landmark 2 | Epoch 2/20 | Train Loss: 0.3204 | Val Loss: 0.3021 | Validation AUC: 0.8670 | F1-Score: 0.2029
2025-07-30 10:38:27,886: New best model saved at /cluster/work/projects/ec12/michechi/cache/best/best_model_answerdotai_ModernBERT-large_9550_landmark2_full_no_time_rnd_3_1024_all_landmarks_True_20250730_100431_.pt with AUC: 0.8670, F1: 0.2029, Val Loss: 0.3021
2025-07-30 10:55:24,837: Landmark 2 | Epoch 3/20 | Train Loss: 0.3046 | Val Loss: 0.2890 | Validation AUC: 0.8729 | F1-Score: 0.4576
2025-07-30 10:55:25,859: New best model saved at /cluster/work/projects/ec12/michechi/cache/best/best_model_answerdotai_ModernBERT-large_9550_landmark2_full_no_time_rnd_3_1024_all_landmarks_True_20250730_100431_.pt with AUC: 0.8729, F1: 0.4576, Val Loss: 0.2890
2025-07-30 11:12:22,900: Landmark 2 | Epoch 4/20 | Train Loss: 0.2867 | Val Loss: 0.2880 | Validation AUC: 0.8719 | F1-Score: 0.4119
2025-07-30 11:12:23,945: New best model saved at /cluster/work/projects/ec12/michechi/cache/best/best_model_answerdotai_ModernBERT-large_9550_landmark2_full_no_time_rnd_3_1024_all_landmarks_True_20250730_100431_.pt with AUC: 0.8719, F1: 0.4119, Val Loss: 0.2880
2025-07-30 11:29:21,299: Landmark 2 | Epoch 5/20 | Train Loss: 0.2644 | Val Loss: 0.3143 | Validation AUC: 0.8647 | F1-Score: 0.4485
2025-07-30 11:29:21,301: No improvement in epoch 5. Current best AUC: 0.8719, F1: 0.4119, Val Loss: 0.2880. Epochs without improvement: 1/1
2025-07-30 11:29:21,301: Early stopping triggered at epoch 5. Best AUC: 0.8719, F1: 0.4119, Val Loss: 0.2880
2025-07-30 11:29:22,110: Tempo impiegato per Landmark 2: 5091.1 secondi
2025-07-30 11:29:22,110: Tempo medio per epoca: 1018.2 secondi
2025-07-30 11:29:22,112: Loading best model from /cluster/work/projects/ec12/michechi/cache/best/best_model_answerdotai_ModernBERT-large_9550_landmark2_full_no_time_rnd_3_1024_all_landmarks_True_20250730_100431_.pt for final evaluation on test set
2025-07-30 11:30:39,114: Final Test AUC (Landmark 2): 0.8564 | Test F1-Score: 0.4124
2025-07-30 11:30:39,114: Preparing data for Landmark 3
Some weights of ModernBertForSequenceClassification were not initialized from the model checkpoint at answerdotai/ModernBERT-large and are newly initialized: ['classifier.bias', 'classifier.weight']
You should probably TRAIN this model on a down-stream task to be able to use it for predictions and inference.
2025-07-30 11:30:48,337: Average train text length: 356.21 words
2025-07-30 11:30:48,337: Average validation text length: 351.55 words
2025-07-30 11:30:48,337: Average test text length: 354.77 words
2025-07-30 11:30:48,337: Training on 14472 samples, validating on 1608, testing on 4020 samples
2025-07-30 11:31:14,754: Fine-tuning at Landmark 3
2025-07-30 11:31:14,770: Early stopping criterion: loss
2025-07-30 11:48:18,732: Landmark 3 | Epoch 1/20 | Train Loss: 0.3129 | Val Loss: 0.4312 | Validation AUC: 0.6586 | F1-Score: 0.0000
2025-07-30 11:48:19,772: New best model saved at /cluster/work/projects/ec12/michechi/cache/best/best_model_answerdotai_ModernBERT-large_9550_landmark3_full_no_time_rnd_3_1024_all_landmarks_True_20250730_113114_.pt with AUC: 0.6586, F1: 0.0000, Val Loss: 0.4312
2025-07-30 12:05:22,944: Landmark 3 | Epoch 2/20 | Train Loss: 0.3059 | Val Loss: 0.2170 | Validation AUC: 0.9376 | F1-Score: 0.6540
2025-07-30 12:05:23,985: New best model saved at /cluster/work/projects/ec12/michechi/cache/best/best_model_answerdotai_ModernBERT-large_9550_landmark3_full_no_time_rnd_3_1024_all_landmarks_True_20250730_113114_.pt with AUC: 0.9376, F1: 0.6540, Val Loss: 0.2170
2025-07-30 12:22:27,592: Landmark 3 | Epoch 3/20 | Train Loss: 0.2199 | Val Loss: 0.2011 | Validation AUC: 0.9452 | F1-Score: 0.6872
2025-07-30 12:22:28,626: New best model saved at /cluster/work/projects/ec12/michechi/cache/best/best_model_answerdotai_ModernBERT-large_9550_landmark3_full_no_time_rnd_3_1024_all_landmarks_True_20250730_113114_.pt with AUC: 0.9452, F1: 0.6872, Val Loss: 0.2011
2025-07-30 12:39:32,237: Landmark 3 | Epoch 4/20 | Train Loss: 0.2028 | Val Loss: 0.1927 | Validation AUC: 0.9459 | F1-Score: 0.7217
2025-07-30 12:39:33,292: New best model saved at /cluster/work/projects/ec12/michechi/cache/best/best_model_answerdotai_ModernBERT-large_9550_landmark3_full_no_time_rnd_3_1024_all_landmarks_True_20250730_113114_.pt with AUC: 0.9459, F1: 0.7217, Val Loss: 0.1927
2025-07-30 12:56:36,607: Landmark 3 | Epoch 5/20 | Train Loss: 0.1866 | Val Loss: 0.2049 | Validation AUC: 0.9459 | F1-Score: 0.6823
2025-07-30 12:56:36,607: No improvement in epoch 5. Current best AUC: 0.9459, F1: 0.7217, Val Loss: 0.1927. Epochs without improvement: 1/1
2025-07-30 12:56:36,607: Early stopping triggered at epoch 5. Best AUC: 0.9459, F1: 0.7217, Val Loss: 0.1927
2025-07-30 12:56:37,423: Tempo impiegato per Landmark 3: 5122.7 secondi
2025-07-30 12:56:37,423: Tempo medio per epoca: 1024.5 secondi
2025-07-30 12:56:37,425: Loading best model from /cluster/work/projects/ec12/michechi/cache/best/best_model_answerdotai_ModernBERT-large_9550_landmark3_full_no_time_rnd_3_1024_all_landmarks_True_20250730_113114_.pt for final evaluation on test set
2025-07-30 12:57:54,550: Final Test AUC (Landmark 3): 0.9445 | Test F1-Score: 0.7136
2025-07-30 12:57:54,551: Saving results to results_medical_True_answerdotai_ModernBERT-large_visits3_9550_1024_full_no_time_rnd_20250730_125754.csv
Using device: cuda
Using device: cuda
Using device: cuda
   Landmark Val AUC  ... Validation Loss Training Time (s)
0         1  0.8268  ...          0.3207            3048.4
1         2  0.8719  ...          0.2880            5091.1
2         3  0.9459  ...          0.1927            5122.7

[3 rows x 9 columns]

Job 1836239 consumed 71.9 billing hours from project ec12.

Submitted 2025-07-30T09:10:32; waited 19.0 seconds in the queue after becoming eligible to run.

Requested wallclock time: 1.8 days
Elapsed wallclock time:   3.8 hours

Job exited normally.

Task and CPU statistics:
ID             CPUs  Tasks  CPU util                Start  Elapsed  Exit status
1836239          16            0.0 %  2025-07-30T09:10:51    3.8 h  0
1836239.batch    16      1     7.5 %  2025-07-30T09:10:51    3.8 h  0

Used CPU time:   4.5 CPU hours
Unused CPU time: 2.3 CPU days

Memory statistics, in GiB:
ID              Alloc   Usage
1836239          32.0        
1836239.batch    32.0    14.0

GPU usage stats:
Job 1836239 completed at Wed Jul 30 12:58:00 CEST 2025
