Starting job 1836099 on gpu-1 on fox at Tue Jul 29 21:43:51 CEST 2025

2025-07-29 21:44:06,982: Argument CI: False
2025-07-29 21:44:06,982: Argument all_landmarks: True
2025-07-29 21:44:06,982: Argument batch_size: 8
2025-07-29 21:44:06,982: Argument cache_dir: '/cluster/work/projects/ec12/michechi/cache'
2025-07-29 21:44:06,982: Argument early: 'loss'
2025-07-29 21:44:06,982: Argument epochs: 20
2025-07-29 21:44:06,982: Argument gradient_accumulation_steps: 1
2025-07-29 21:44:06,982: Argument input_csv: '/fp/homes01/u01/ec-michelec/MIMICIV/data/splitted/splitted/landmark_df_evo.csv'
2025-07-29 21:44:06,982: Argument lr: 2e-05
2025-07-29 21:44:06,982: Argument max_length: 512
2025-07-29 21:44:06,982: Argument max_visits: 3
2025-07-29 21:44:06,982: Argument model_name: 'answerdotai/ModernBERT-large'
2025-07-29 21:44:06,982: Argument model_type: 'medical'
2025-07-29 21:44:06,982: Argument patience: 1
2025-07-29 21:44:06,982: Argument peft: False
2025-07-29 21:44:06,982: Argument prompt_type: 'compact_narrative'
2025-07-29 21:44:06,982: Argument seed: 4550
2025-07-29 21:44:06,982: Argument test_csv: '/fp/homes01/u01/ec-michelec/MIMICIV/data/splitted/splitted/landmark_evo_test.csv'
2025-07-29 21:44:06,982: Argument train_csv: '/fp/homes01/u01/ec-michelec/MIMICIV/data/splitted/splitted/landmark_evo_train.csv'
2025-07-29 21:44:06,982: Argument use_quantization: False
2025-07-29 21:44:06,983: Argument val_csv: '/fp/homes01/u01/ec-michelec/MIMICIV/data/splitted/splitted/landmark_evo_vali.csv'
2025-07-29 21:44:06,994: Using prompt type: compact_narrative
/fp/homes01/u01/ec-michelec/MIMICIV/src/Finetuning_rfct.py:79: DtypeWarning: Columns (16,17,18,19) have mixed types. Specify dtype option on import or set low_memory=False.
  full_train_df = pd.read_csv(args.train_csv, na_values=['', 'None', 'NaN', 'na', 'nan']).fillna('')
/fp/homes01/u01/ec-michelec/MIMICIV/src/Finetuning_rfct.py:81: DtypeWarning: Columns (16,17,18,19) have mixed types. Specify dtype option on import or set low_memory=False.
  full_test_df = pd.read_csv(args.test_csv, na_values=['', 'None', 'NaN', 'na', 'nan']).fillna('')
2025-07-29 21:44:43,456: Processing all landmarks from 1 to 3
2025-07-29 21:44:43,456: Preparing data for Landmark 1
Some weights of ModernBertForSequenceClassification were not initialized from the model checkpoint at answerdotai/ModernBERT-large and are newly initialized: ['classifier.bias', 'classifier.weight']
You should probably TRAIN this model on a down-stream task to be able to use it for predictions and inference.
2025-07-29 21:44:56,362: Average train text length: 151.90 words
2025-07-29 21:44:56,362: Average validation text length: 151.07 words
2025-07-29 21:44:56,362: Average test text length: 152.65 words
2025-07-29 21:44:56,362: Training on 14472 samples, validating on 1608, testing on 4020 samples
2025-07-29 21:45:07,490: Fine-tuning at Landmark 1
2025-07-29 21:45:07,493: Early stopping criterion: loss
/fp/homes01/u01/ec-michelec/ModernBERT/lib64/python3.9/site-packages/networkx/utils/backends.py:135: RuntimeWarning: networkx backend defined more than once: nx-loopback
  backends.update(_get_backends("networkx.backends"))
2025-07-29 21:52:47,351: Landmark 1 | Epoch 1/20 | Train Loss: 0.3967 | Val Loss: 0.3301 | Validation AUC: 0.8236 | F1-Score: 0.0085
2025-07-29 21:52:48,419: New best model saved at /cluster/work/projects/ec12/michechi/cache/best/best_model_answerdotai_ModernBERT-large_4550_landmark1_compact_narrative_3_512_all_landmarks_True_20250729_214507_.pt with AUC: 0.8236, F1: 0.0085, Val Loss: 0.3301
2025-07-29 22:00:11,941: Landmark 1 | Epoch 2/20 | Train Loss: 0.3374 | Val Loss: 0.3294 | Validation AUC: 0.8249 | F1-Score: 0.0500
2025-07-29 22:00:12,998: New best model saved at /cluster/work/projects/ec12/michechi/cache/best/best_model_answerdotai_ModernBERT-large_4550_landmark1_compact_narrative_3_512_all_landmarks_True_20250729_214507_.pt with AUC: 0.8249, F1: 0.0500, Val Loss: 0.3294
2025-07-29 22:07:37,289: Landmark 1 | Epoch 3/20 | Train Loss: 0.3216 | Val Loss: 0.3168 | Validation AUC: 0.8349 | F1-Score: 0.2847
2025-07-29 22:07:38,363: New best model saved at /cluster/work/projects/ec12/michechi/cache/best/best_model_answerdotai_ModernBERT-large_4550_landmark1_compact_narrative_3_512_all_landmarks_True_20250729_214507_.pt with AUC: 0.8349, F1: 0.2847, Val Loss: 0.3168
2025-07-29 22:15:01,562: Landmark 1 | Epoch 4/20 | Train Loss: 0.3816 | Val Loss: 0.3820 | Validation AUC: 0.7265 | F1-Score: 0.0000
2025-07-29 22:15:01,563: No improvement in epoch 4. Current best AUC: 0.8349, F1: 0.2847, Val Loss: 0.3168. Epochs without improvement: 1/1
2025-07-29 22:15:01,563: Early stopping triggered at epoch 4. Best AUC: 0.8349, F1: 0.2847, Val Loss: 0.3168
2025-07-29 22:15:02,744: Tempo impiegato per Landmark 1: 1795.3 secondi
2025-07-29 22:15:02,745: Tempo medio per epoca: 448.8 secondi
2025-07-29 22:15:02,747: Loading best model from /cluster/work/projects/ec12/michechi/cache/best/best_model_answerdotai_ModernBERT-large_4550_landmark1_compact_narrative_3_512_all_landmarks_True_20250729_214507_.pt for final evaluation on test set
2025-07-29 22:15:37,321: Final Test AUC (Landmark 1): 0.8266 | Test F1-Score: 0.2822
2025-07-29 22:15:37,321: Preparing data for Landmark 2
Some weights of ModernBertForSequenceClassification were not initialized from the model checkpoint at answerdotai/ModernBERT-large and are newly initialized: ['classifier.bias', 'classifier.weight']
You should probably TRAIN this model on a down-stream task to be able to use it for predictions and inference.
2025-07-29 22:15:44,983: Average train text length: 171.18 words
2025-07-29 22:15:44,983: Average validation text length: 171.11 words
2025-07-29 22:15:44,983: Average test text length: 169.35 words
2025-07-29 22:15:44,983: Training on 14472 samples, validating on 1608, testing on 4020 samples
2025-07-29 22:15:57,676: Fine-tuning at Landmark 2
2025-07-29 22:15:57,691: Early stopping criterion: loss
2025-07-29 22:23:21,194: Landmark 2 | Epoch 1/20 | Train Loss: 0.3870 | Val Loss: 0.3552 | Validation AUC: 0.7974 | F1-Score: 0.2055
2025-07-29 22:23:22,257: New best model saved at /cluster/work/projects/ec12/michechi/cache/best/best_model_answerdotai_ModernBERT-large_4550_landmark2_compact_narrative_3_512_all_landmarks_True_20250729_221557_.pt with AUC: 0.7974, F1: 0.2055, Val Loss: 0.3552
2025-07-29 22:30:45,516: Landmark 2 | Epoch 2/20 | Train Loss: 0.3430 | Val Loss: 0.3077 | Validation AUC: 0.8677 | F1-Score: 0.5011
2025-07-29 22:30:46,554: New best model saved at /cluster/work/projects/ec12/michechi/cache/best/best_model_answerdotai_ModernBERT-large_4550_landmark2_compact_narrative_3_512_all_landmarks_True_20250729_221557_.pt with AUC: 0.8677, F1: 0.5011, Val Loss: 0.3077
2025-07-29 22:38:10,701: Landmark 2 | Epoch 3/20 | Train Loss: 0.3177 | Val Loss: 0.2901 | Validation AUC: 0.8727 | F1-Score: 0.4469
2025-07-29 22:38:11,804: New best model saved at /cluster/work/projects/ec12/michechi/cache/best/best_model_answerdotai_ModernBERT-large_4550_landmark2_compact_narrative_3_512_all_landmarks_True_20250729_221557_.pt with AUC: 0.8727, F1: 0.4469, Val Loss: 0.2901
2025-07-29 22:45:35,405: Landmark 2 | Epoch 4/20 | Train Loss: 0.3062 | Val Loss: 0.2991 | Validation AUC: 0.8824 | F1-Score: 0.3007
2025-07-29 22:45:35,405: No improvement in epoch 4. Current best AUC: 0.8727, F1: 0.4469, Val Loss: 0.2901. Epochs without improvement: 1/1
2025-07-29 22:45:35,405: Early stopping triggered at epoch 4. Best AUC: 0.8727, F1: 0.4469, Val Loss: 0.2901
2025-07-29 22:45:36,594: Tempo impiegato per Landmark 2: 1778.9 secondi
2025-07-29 22:45:36,594: Tempo medio per epoca: 444.7 secondi
2025-07-29 22:45:36,596: Loading best model from /cluster/work/projects/ec12/michechi/cache/best/best_model_answerdotai_ModernBERT-large_4550_landmark2_compact_narrative_3_512_all_landmarks_True_20250729_221557_.pt for final evaluation on test set
2025-07-29 22:46:11,355: Final Test AUC (Landmark 2): 0.8364 | Test F1-Score: 0.4207
2025-07-29 22:46:11,355: Preparing data for Landmark 3
Some weights of ModernBertForSequenceClassification were not initialized from the model checkpoint at answerdotai/ModernBERT-large and are newly initialized: ['classifier.bias', 'classifier.weight']
You should probably TRAIN this model on a down-stream task to be able to use it for predictions and inference.
2025-07-29 22:46:20,280: Average train text length: 199.70 words
2025-07-29 22:46:20,280: Average validation text length: 196.21 words
2025-07-29 22:46:20,280: Average test text length: 199.22 words
2025-07-29 22:46:20,280: Training on 14472 samples, validating on 1608, testing on 4020 samples
2025-07-29 22:46:34,632: Fine-tuning at Landmark 3
2025-07-29 22:46:34,647: Early stopping criterion: loss
2025-07-29 22:53:59,465: Landmark 3 | Epoch 1/20 | Train Loss: 0.3450 | Val Loss: 0.2654 | Validation AUC: 0.9197 | F1-Score: 0.4390
2025-07-29 22:54:00,493: New best model saved at /cluster/work/projects/ec12/michechi/cache/best/best_model_answerdotai_ModernBERT-large_4550_landmark3_compact_narrative_3_512_all_landmarks_True_20250729_224634_.pt with AUC: 0.9197, F1: 0.4390, Val Loss: 0.2654
2025-07-29 23:01:25,751: Landmark 3 | Epoch 2/20 | Train Loss: 0.2775 | Val Loss: 0.2423 | Validation AUC: 0.9302 | F1-Score: 0.4955
2025-07-29 23:01:26,783: New best model saved at /cluster/work/projects/ec12/michechi/cache/best/best_model_answerdotai_ModernBERT-large_4550_landmark3_compact_narrative_3_512_all_landmarks_True_20250729_224634_.pt with AUC: 0.9302, F1: 0.4955, Val Loss: 0.2423
2025-07-29 23:08:52,093: Landmark 3 | Epoch 3/20 | Train Loss: 0.2152 | Val Loss: 0.1947 | Validation AUC: 0.9492 | F1-Score: 0.6684
2025-07-29 23:08:53,138: New best model saved at /cluster/work/projects/ec12/michechi/cache/best/best_model_answerdotai_ModernBERT-large_4550_landmark3_compact_narrative_3_512_all_landmarks_True_20250729_224634_.pt with AUC: 0.9492, F1: 0.6684, Val Loss: 0.1947
2025-07-29 23:16:18,365: Landmark 3 | Epoch 4/20 | Train Loss: 0.1903 | Val Loss: 0.1968 | Validation AUC: 0.9473 | F1-Score: 0.6967
2025-07-29 23:16:18,366: No improvement in epoch 4. Current best AUC: 0.9492, F1: 0.6684, Val Loss: 0.1947. Epochs without improvement: 1/1
2025-07-29 23:16:18,366: Early stopping triggered at epoch 4. Best AUC: 0.9492, F1: 0.6684, Val Loss: 0.1947
2025-07-29 23:16:19,502: Tempo impiegato per Landmark 3: 1784.9 secondi
2025-07-29 23:16:19,502: Tempo medio per epoca: 446.2 secondi
2025-07-29 23:16:19,505: Loading best model from /cluster/work/projects/ec12/michechi/cache/best/best_model_answerdotai_ModernBERT-large_4550_landmark3_compact_narrative_3_512_all_landmarks_True_20250729_224634_.pt for final evaluation on test set
2025-07-29 23:16:54,267: Final Test AUC (Landmark 3): 0.9399 | Test F1-Score: 0.6667
2025-07-29 23:16:54,268: Saving results to results_medical_True_answerdotai_ModernBERT-large_visits3_4550_compact_narrative_20250729_231654.csv
Using device: cuda
Using device: cuda
Using device: cuda
   Landmark Val AUC  ... Validation Loss Training Time (s)
0         1  0.8349  ...          0.3168            1795.3
1         2  0.8727  ...          0.2901            1778.9
2         3  0.9492  ...          0.1947            1784.9

[3 rows x 9 columns]

Job 1836099 consumed 29.5 billing hours from project ec12.

Submitted 2025-07-29T21:43:31; waited 20.0 seconds in the queue after becoming eligible to run.

Requested wallclock time: 1.8 days
Elapsed wallclock time:   1.6 hours

Job exited normally.

Task and CPU statistics:
ID             CPUs  Tasks  CPU util                Start  Elapsed  Exit status
1836099          16            0.0 %  2025-07-29T21:43:51    1.6 h  0
1836099.batch    16      1     8.9 %  2025-07-29T21:43:51    1.6 h  0

Used CPU time:   2.2 CPU hours
Unused CPU time: 22.6 CPU hours

Memory statistics, in GiB:
ID              Alloc   Usage
1836099          32.0        
1836099.batch    32.0    10.7

GPU usage stats:
Job 1836099 completed at Tue Jul 29 23:16:59 CEST 2025
