Starting job 68929 on gpu-1-75 on Olivia at Wed Dec 24 17:40:04 CET 2025

INFO:    gocryptfs not found, will not be able to use gocryptfs
/usr/bin/rm: cannot remove '/usr/local/cuda/compat/lib': Read-only file system
rm: cannot remove '/usr/local/cuda/compat/lib': Read-only file system
Traceback (most recent call last):
  File "/cluster/home/michechi/MIMICIV/src/./Finetuning_FOX_time_simulation_tiny.py", line 576, in <module>
    tokenizer = load_tokenizer(args.model_name, args.model_type, hf_token, args.cache_dir)
                ^^^^^^^^^^^^^^^^^^^^^^^^^^^^^^^^^^^^^^^^^^^^^^^^^^^^^^^^^^^^^^^^^^^^^^^^^^
  File "/cluster/home/michechi/MIMICIV/src/./Finetuning_FOX_time_simulation_tiny.py", line 250, in load_tokenizer
    tokenizer = AutoTokenizer.from_pretrained(
                ^^^^^^^^^^^^^^^^^^^^^^^^^^^^^^
  File "/usr/local/lib/python3.12/dist-packages/transformers/models/auto/tokenization_auto.py", line 1089, in from_pretrained
    tokenizer_config = get_tokenizer_config(pretrained_model_name_or_path, **kwargs)
                       ^^^^^^^^^^^^^^^^^^^^^^^^^^^^^^^^^^^^^^^^^^^^^^^^^^^^^^^^^^^^^
  File "/usr/local/lib/python3.12/dist-packages/transformers/models/auto/tokenization_auto.py", line 921, in get_tokenizer_config
    resolved_config_file = cached_file(
                           ^^^^^^^^^^^^
  File "/usr/local/lib/python3.12/dist-packages/transformers/utils/hub.py", line 322, in cached_file
    file = cached_files(path_or_repo_id=path_or_repo_id, filenames=[filename], **kwargs)
           ^^^^^^^^^^^^^^^^^^^^^^^^^^^^^^^^^^^^^^^^^^^^^^^^^^^^^^^^^^^^^^^^^^^^^^^^^^^^^
  File "/usr/local/lib/python3.12/dist-packages/transformers/utils/hub.py", line 567, in cached_files
    raise e
  File "/usr/local/lib/python3.12/dist-packages/transformers/utils/hub.py", line 479, in cached_files
    hf_hub_download(
  File "/usr/local/lib/python3.12/dist-packages/huggingface_hub/utils/_validators.py", line 114, in _inner_fn
    return fn(*args, **kwargs)
           ^^^^^^^^^^^^^^^^^^^
  File "/usr/local/lib/python3.12/dist-packages/huggingface_hub/file_download.py", line 1007, in hf_hub_download
    return _hf_hub_download_to_cache_dir(
           ^^^^^^^^^^^^^^^^^^^^^^^^^^^^^^
  File "/usr/local/lib/python3.12/dist-packages/huggingface_hub/file_download.py", line 1124, in _hf_hub_download_to_cache_dir
    os.makedirs(os.path.dirname(blob_path), exist_ok=True)
  File "<frozen os>", line 215, in makedirs
  File "<frozen os>", line 215, in makedirs
  File "<frozen os>", line 215, in makedirs
  [Previous line repeated 3 more times]
  File "<frozen os>", line 225, in makedirs
OSError: [Errno 30] Read-only file system: '/cluster/work'
srun: error: gpu-1-75: task 0: Exited with exit code 1
srun: Terminating StepId=68929.0

Job 68929 consumed 0.0 billing hours and 0.0 GPU hours from project nn12048k.

Submitted 2025-12-24T17:40:03; waited 0.0 seconds in the queue after becoming eligible to run.

Requested wallclock time: 15.0 hours
Elapsed wallclock time:   15.0 seconds

Job failed.

Task and CPU statistics:
ID               CPUs  Tasks  CPU util                Start  Elapsed  Exit status
68929               1            0.0 %  2025-12-24T17:40:03   15.0 s  1
68929.batch         1      1     0.9 %  2025-12-24T17:40:03   15.0 s  1
68929.apptainer     1      1     0.0 %  2025-12-24T17:40:05   13.0 s  1

Used CPU time:   0.1 CPU seconds
Unused CPU time: 14.9 CPU seconds

Memory statistics, in GiB:
ID                Alloc   Usage
68929             128.0        
68929.batch       128.0     0.0
68929.apptainer   128.0     3.8

Job 68929 completed at Wed Dec 24 17:40:18 CET 2025
