Starting job 68650 on gpu-1-76 on Olivia at Tue Dec 23 16:27:25 CET 2025

FATAL:   While checking container encryption: could not open image /cluster/work/projects/nn12048k/michechi/containers/test-arm64/container-arm64.sif: the image's architecture (amd64) could not run on the host's (arm64)
srun: error: gpu-1-76: task 0: Exited with exit code 255
srun: Terminating StepId=68650.0

Job 68650 consumed 0.0 billing hours and 0.0 GPU hours from project nn12048k.

Submitted 2025-12-23T16:27:24; waited 1.0 seconds in the queue after becoming eligible to run.

Requested wallclock time: 30.0 minutes
Elapsed wallclock time:   3.0 seconds

Job failed.

Task and CPU statistics:
ID                 CPUs  Tasks  CPU util                Start  Elapsed  Exit status
68650                 1            0.0 %  2025-12-23T16:27:25    3.0 s  255 (exit status out of range)
68650.batch           1      1     7.9 %  2025-12-23T16:27:25    3.0 s  255 (exit status out of range)
68650.singularity     1      1     0.0 %  2025-12-23T16:27:25    2.0 s  255 (exit status out of range)

Used CPU time:   0.2 CPU seconds
Unused CPU time: 2.8 CPU seconds

Memory statistics, in GiB:
ID                  Alloc   Usage
68650                 2.0        
68650.batch           2.0     0.0
68650.singularity     2.0     0.0

Job 68650 completed at Tue Dec 23 16:27:28 CET 2025
