Starting job 1853876 on gpu-14 on fox at Wed Aug 13 20:00:40 CEST 2025

2025-08-13 20:01:01,862: Argument CI: False
2025-08-13 20:01:01,862: Argument all_landmarks: True
2025-08-13 20:01:01,862: Argument batch_size: 8
2025-08-13 20:01:01,862: Argument cache_dir: '/cluster/work/projects/ec12/michechi/cache'
2025-08-13 20:01:01,862: Argument early: 'loss'
2025-08-13 20:01:01,862: Argument epochs: 20
2025-08-13 20:01:01,862: Argument gradient_accumulation_steps: 1
2025-08-13 20:01:01,862: Argument input_csv: '/fp/homes01/u01/ec-michelec/MIMICIV/data/splitted/splitted/landmark_df_evo.csv'
2025-08-13 20:01:01,862: Argument lr: 2e-05
2025-08-13 20:01:01,862: Argument max_length: 2048
2025-08-13 20:01:01,862: Argument max_visits: 4
2025-08-13 20:01:01,862: Argument model_name: 'answerdotai/ModernBERT-large'
2025-08-13 20:01:01,862: Argument model_type: 'general'
2025-08-13 20:01:01,862: Argument patience: 1
2025-08-13 20:01:01,862: Argument peft: False
2025-08-13 20:01:01,862: Argument prompt_type: 'compact_no_time_rnd'
2025-08-13 20:01:01,862: Argument seed: 4550
2025-08-13 20:01:01,863: Argument test_csv: '/fp/homes01/u01/ec-michelec/MIMICIV/data/splitted/splitted/landmark_evo_test_dod.csv'
2025-08-13 20:01:01,863: Argument train_csv: '/fp/homes01/u01/ec-michelec/MIMICIV/data/splitted/splitted/landmark_evo_train_dod.csv'
2025-08-13 20:01:01,863: Argument use_quantization: False
2025-08-13 20:01:01,863: Argument val_csv: '/fp/homes01/u01/ec-michelec/MIMICIV/data/splitted/splitted/landmark_evo_vali_dod.csv'
2025-08-13 20:01:01,863: Argument when_counting_death: 'last_visit'
2025-08-13 20:01:01,872: Using prompt type: compact_no_time_rnd
/fp/homes01/u01/ec-michelec/MIMICIV/src/Finetuning_rfct.py:79: DtypeWarning: Columns (16,17,18,19) have mixed types. Specify dtype option on import or set low_memory=False.
  full_train_df = pd.read_csv(args.train_csv, na_values=['', 'None', 'NaN', 'na', 'nan']).fillna('')
/fp/homes01/u01/ec-michelec/MIMICIV/src/Finetuning_rfct.py:81: DtypeWarning: Columns (16,17,18,19) have mixed types. Specify dtype option on import or set low_memory=False.
  full_test_df = pd.read_csv(args.test_csv, na_values=['', 'None', 'NaN', 'na', 'nan']).fillna('')
2025-08-13 20:01:38,017: Processing all landmarks from 1 to 4
2025-08-13 20:01:38,017: Preparing data for Landmark 1
2025-08-13 20:01:43,117: We will use 90% of the memory on device 0 for storing the model, and 10% for the buffer to avoid OOM. You can set `max_memory` in to a higher value to use more memory (at your own risk).
Some weights of ModernBertForSequenceClassification were not initialized from the model checkpoint at answerdotai/ModernBERT-large and are newly initialized: ['classifier.bias', 'classifier.weight']
You should probably TRAIN this model on a down-stream task to be able to use it for predictions and inference.
2025-08-13 20:01:48,044: Example train text: You are a Doctor.
What is the probability of death in the next 90 days for 43-year-old F patient?
Visit type: EMERGENCY

DIAGNOSIS HISTORY:
Diagnoses: Cellulitis and abscess of trunk; Other postoperative infection; Nausea with vomiting; Hypovolemia; Abscess of intestine; Diverticulitis of colon (without mention of hemorrhage); Removal of other organ (partial) (total) causing abnormal patient reaction, or later complication, without mention of misadventure at time of operation; Methicillin susceptible Staphylococcus aureus in conditions classified elsewhere and of unspecified site; Acute kidney failure, unspecified.
PRESCRIPTIONS HISTORY:
Medications: Acetaminophen; NS; Magnesium Citrate; Sodium Chloride 0.9%  Flush; MetRONIDAZOLE (FLagyl); Ondansetron; Hydrocodone-Acetaminophen; Docusate Sodium; D5W; HYDROmorphone (Dilaudid); Vancomycin; Iso-Osmotic Dextrose; Ketorolac; Cephalexin; OxycoDONE (Immediate Release) ; Fluticasone Propionate NASAL; D5 1/2NS; Magnesium Sulfate; Morphine Sulfate; Clindamycin; SW; OxycoDONE-Acetaminophen Elixir; Ciprofloxacin; HydrOXYzine; Maalox/Diphenhydramine/Lidocaine; Potassium Chloride; LR; Promethazine HCl; Metoclopramide; Heparin; Pantoprazole; Potassium Chl 20 mEq / 1000 mL D5 1/2 NS; Insulin; Piperacillin-Tazobactam Na; Lorazepam; Ibuprofen; Hydrocortisone (Rectal) 2.5% Cream; Prochlorperazine; Bupivacaine 0.5%; Calcium Carbonate; Escitalopram Oxalate; Nafcillin.
PROCEDURES HISTORY:
Procedures: Open and other sigmoidectomy.
2025-08-13 20:01:48,105: Average train text length: 134.15 words
2025-08-13 20:01:48,105: Average validation text length: 138.37 words
2025-08-13 20:01:48,105: Average test text length: 135.44 words
2025-08-13 20:01:48,105: Training on 8040 samples, validating on 894, testing on 2234 samples
2025-08-13 20:01:55,462: Fine-tuning at Landmark 1
2025-08-13 20:01:55,466: Early stopping criterion: loss
/fp/homes01/u01/ec-michelec/ModernBERT/lib64/python3.9/site-packages/networkx/utils/backends.py:135: RuntimeWarning: networkx backend defined more than once: nx-loopback
  backends.update(_get_backends("networkx.backends"))
2025-08-13 20:09:19,725: Landmark 1 | Epoch 1/20 | Train Loss: 0.6592 | Val Loss: 0.4601 | Validation AUC: 0.6403 | F1-Score: 0.0000
2025-08-13 20:09:20,276: New best model saved at /cluster/work/projects/ec12/michechi/cache/best/best_model_answerdotai_ModernBERT-large_4550_landmark1_compact_no_time_rnd_4_2048_last_visit_all_landmarks_True_20250813_200155_.pt with AUC: 0.6403, F1: 0.0000, Val Loss: 0.4601
2025-08-13 20:16:27,766: Landmark 1 | Epoch 2/20 | Train Loss: 0.4625 | Val Loss: 0.4424 | Validation AUC: 0.7055 | F1-Score: 0.0000
2025-08-13 20:16:28,299: New best model saved at /cluster/work/projects/ec12/michechi/cache/best/best_model_answerdotai_ModernBERT-large_4550_landmark1_compact_no_time_rnd_4_2048_last_visit_all_landmarks_True_20250813_200155_.pt with AUC: 0.7055, F1: 0.0000, Val Loss: 0.4424
2025-08-13 20:23:35,763: Landmark 1 | Epoch 3/20 | Train Loss: 0.4458 | Val Loss: 0.4351 | Validation AUC: 0.7237 | F1-Score: 0.0000
2025-08-13 20:23:36,302: New best model saved at /cluster/work/projects/ec12/michechi/cache/best/best_model_answerdotai_ModernBERT-large_4550_landmark1_compact_no_time_rnd_4_2048_last_visit_all_landmarks_True_20250813_200155_.pt with AUC: 0.7237, F1: 0.0000, Val Loss: 0.4351
2025-08-13 20:30:43,623: Landmark 1 | Epoch 4/20 | Train Loss: 0.4323 | Val Loss: 0.4230 | Validation AUC: 0.7425 | F1-Score: 0.0571
2025-08-13 20:30:44,156: New best model saved at /cluster/work/projects/ec12/michechi/cache/best/best_model_answerdotai_ModernBERT-large_4550_landmark1_compact_no_time_rnd_4_2048_last_visit_all_landmarks_True_20250813_200155_.pt with AUC: 0.7425, F1: 0.0571, Val Loss: 0.4230
2025-08-13 20:37:50,276: Landmark 1 | Epoch 5/20 | Train Loss: 0.4233 | Val Loss: 0.4171 | Validation AUC: 0.7541 | F1-Score: 0.0678
2025-08-13 20:37:50,799: New best model saved at /cluster/work/projects/ec12/michechi/cache/best/best_model_answerdotai_ModernBERT-large_4550_landmark1_compact_no_time_rnd_4_2048_last_visit_all_landmarks_True_20250813_200155_.pt with AUC: 0.7541, F1: 0.0678, Val Loss: 0.4171
2025-08-13 20:44:56,663: Landmark 1 | Epoch 6/20 | Train Loss: 0.4165 | Val Loss: 0.4685 | Validation AUC: 0.7574 | F1-Score: 0.3953
2025-08-13 20:44:56,663: No improvement in epoch 6. Current best AUC: 0.7541, F1: 0.0678, Val Loss: 0.4171. Epochs without improvement: 1/1
2025-08-13 20:44:56,663: Early stopping triggered at epoch 6. Best AUC: 0.7541, F1: 0.0678, Val Loss: 0.4171
2025-08-13 20:44:57,099: Tempo impiegato per Landmark 1: 2581.6 secondi
2025-08-13 20:44:57,099: Tempo medio per epoca: 430.3 secondi
2025-08-13 20:44:57,101: Loading best model from /cluster/work/projects/ec12/michechi/cache/best/best_model_answerdotai_ModernBERT-large_4550_landmark1_compact_no_time_rnd_4_2048_last_visit_all_landmarks_True_20250813_200155_.pt for final evaluation on test set
2025-08-13 20:45:28,826: Final Test AUC (Landmark 1): 0.7373 | Test F1-Score: 0.0512
2025-08-13 20:45:28,826: Preparing data for Landmark 2
2025-08-13 20:45:30,892: We will use 90% of the memory on device 0 for storing the model, and 10% for the buffer to avoid OOM. You can set `max_memory` in to a higher value to use more memory (at your own risk).
Some weights of ModernBertForSequenceClassification were not initialized from the model checkpoint at answerdotai/ModernBERT-large and are newly initialized: ['classifier.bias', 'classifier.weight']
You should probably TRAIN this model on a down-stream task to be able to use it for predictions and inference.
2025-08-13 20:45:34,211: Example train text: You are a Doctor.
What is the probability of death in the next 90 days for 43-year-old F patient?
Visit type: EMERGENCY

DIAGNOSIS HISTORY:
Diagnoses: Other specified aftercare following surgery; Diverticulosis of colon (without mention of hemorrhage); Esophageal reflux.
PRESCRIPTIONS HISTORY:
Medications: Acetaminophen; Sodium Chloride 0.9%  Flush; LR; Fluticasone Propionate NASAL; Pantoprazole; Ondansetron ODT; Promethazine; Escitalopram Oxalate; Potassium Chl 20 mEq / 1000 mL D5 1/2 NS; Ondansetron; Heparin; Ranitidine.
PROCEDURES HISTORY:
Procedures: .
2025-08-13 20:45:34,272: Average train text length: 139.42 words
2025-08-13 20:45:34,272: Average validation text length: 140.03 words
2025-08-13 20:45:34,272: Average test text length: 139.35 words
2025-08-13 20:45:34,272: Training on 8040 samples, validating on 894, testing on 2234 samples
2025-08-13 20:45:42,841: Fine-tuning at Landmark 2
2025-08-13 20:45:42,856: Early stopping criterion: loss
2025-08-13 20:52:43,771: Landmark 2 | Epoch 1/20 | Train Loss: 0.6561 | Val Loss: 0.4611 | Validation AUC: 0.6586 | F1-Score: 0.0000
2025-08-13 20:52:44,300: New best model saved at /cluster/work/projects/ec12/michechi/cache/best/best_model_answerdotai_ModernBERT-large_4550_landmark2_compact_no_time_rnd_4_2048_last_visit_all_landmarks_True_20250813_204542_.pt with AUC: 0.6586, F1: 0.0000, Val Loss: 0.4611
2025-08-13 20:59:45,362: Landmark 2 | Epoch 2/20 | Train Loss: 0.4511 | Val Loss: 0.4403 | Validation AUC: 0.7183 | F1-Score: 0.0000
2025-08-13 20:59:45,895: New best model saved at /cluster/work/projects/ec12/michechi/cache/best/best_model_answerdotai_ModernBERT-large_4550_landmark2_compact_no_time_rnd_4_2048_last_visit_all_landmarks_True_20250813_204542_.pt with AUC: 0.7183, F1: 0.0000, Val Loss: 0.4403
2025-08-13 21:06:46,870: Landmark 2 | Epoch 3/20 | Train Loss: 0.4518 | Val Loss: 0.4469 | Validation AUC: 0.6886 | F1-Score: 0.0000
2025-08-13 21:06:46,870: No improvement in epoch 3. Current best AUC: 0.7183, F1: 0.0000, Val Loss: 0.4403. Epochs without improvement: 1/1
2025-08-13 21:06:46,870: Early stopping triggered at epoch 3. Best AUC: 0.7183, F1: 0.0000, Val Loss: 0.4403
2025-08-13 21:06:47,285: Tempo impiegato per Landmark 2: 1264.4 secondi
2025-08-13 21:06:47,285: Tempo medio per epoca: 421.5 secondi
2025-08-13 21:06:47,287: Loading best model from /cluster/work/projects/ec12/michechi/cache/best/best_model_answerdotai_ModernBERT-large_4550_landmark2_compact_no_time_rnd_4_2048_last_visit_all_landmarks_True_20250813_204542_.pt for final evaluation on test set
2025-08-13 21:07:17,519: Final Test AUC (Landmark 2): 0.7344 | Test F1-Score: 0.0096
2025-08-13 21:07:17,520: Preparing data for Landmark 3
2025-08-13 21:07:19,428: We will use 90% of the memory on device 0 for storing the model, and 10% for the buffer to avoid OOM. You can set `max_memory` in to a higher value to use more memory (at your own risk).
Some weights of ModernBertForSequenceClassification were not initialized from the model checkpoint at answerdotai/ModernBERT-large and are newly initialized: ['classifier.bias', 'classifier.weight']
You should probably TRAIN this model on a down-stream task to be able to use it for predictions and inference.
2025-08-13 21:07:23,580: Example train text: You are a Doctor.
What is the probability of death in the next 90 days for 46-year-old F patient?
Visit type: NORMAL

DIAGNOSIS HISTORY:
Diagnoses: Orthostatic hypotension; Chest pain, unspecified.
PRESCRIPTIONS HISTORY:
Medications: Pantoprazole; Heparin; Sodium Chloride 0.9%  Flush; Ondansetron; Potassium Chl 20 mEq / 1000 mL D5 1/2 NS; Escitalopram Oxalate; Acetaminophen; LR; Fluticasone Propionate NASAL; .
PROCEDURES HISTORY:
Procedures: .
2025-08-13 21:07:23,669: Average train text length: 178.69 words
2025-08-13 21:07:23,669: Average validation text length: 179.93 words
2025-08-13 21:07:23,669: Average test text length: 177.65 words
2025-08-13 21:07:23,669: Training on 8040 samples, validating on 894, testing on 2234 samples
2025-08-13 21:07:32,755: Fine-tuning at Landmark 3
2025-08-13 21:07:32,776: Early stopping criterion: loss
2025-08-13 21:14:34,676: Landmark 3 | Epoch 1/20 | Train Loss: 0.6805 | Val Loss: 0.4392 | Validation AUC: 0.7111 | F1-Score: 0.0000
2025-08-13 21:14:35,238: New best model saved at /cluster/work/projects/ec12/michechi/cache/best/best_model_answerdotai_ModernBERT-large_4550_landmark3_compact_no_time_rnd_4_2048_last_visit_all_landmarks_True_20250813_210732_.pt with AUC: 0.7111, F1: 0.0000, Val Loss: 0.4392
2025-08-13 21:21:36,885: Landmark 3 | Epoch 2/20 | Train Loss: 0.4241 | Val Loss: 0.3952 | Validation AUC: 0.7949 | F1-Score: 0.0682
2025-08-13 21:21:37,447: New best model saved at /cluster/work/projects/ec12/michechi/cache/best/best_model_answerdotai_ModernBERT-large_4550_landmark3_compact_no_time_rnd_4_2048_last_visit_all_landmarks_True_20250813_210732_.pt with AUC: 0.7949, F1: 0.0682, Val Loss: 0.3952
2025-08-13 21:28:38,941: Landmark 3 | Epoch 3/20 | Train Loss: 0.3950 | Val Loss: 0.3763 | Validation AUC: 0.8163 | F1-Score: 0.2804
2025-08-13 21:28:39,470: New best model saved at /cluster/work/projects/ec12/michechi/cache/best/best_model_answerdotai_ModernBERT-large_4550_landmark3_compact_no_time_rnd_4_2048_last_visit_all_landmarks_True_20250813_210732_.pt with AUC: 0.8163, F1: 0.2804, Val Loss: 0.3763
2025-08-13 21:35:41,237: Landmark 3 | Epoch 4/20 | Train Loss: 0.3754 | Val Loss: 0.3734 | Validation AUC: 0.8239 | F1-Score: 0.3005
2025-08-13 21:35:41,865: New best model saved at /cluster/work/projects/ec12/michechi/cache/best/best_model_answerdotai_ModernBERT-large_4550_landmark3_compact_no_time_rnd_4_2048_last_visit_all_landmarks_True_20250813_210732_.pt with AUC: 0.8239, F1: 0.3005, Val Loss: 0.3734
2025-08-13 21:42:43,307: Landmark 3 | Epoch 5/20 | Train Loss: 0.3648 | Val Loss: 0.3636 | Validation AUC: 0.8321 | F1-Score: 0.3273
2025-08-13 21:42:43,838: New best model saved at /cluster/work/projects/ec12/michechi/cache/best/best_model_answerdotai_ModernBERT-large_4550_landmark3_compact_no_time_rnd_4_2048_last_visit_all_landmarks_True_20250813_210732_.pt with AUC: 0.8321, F1: 0.3273, Val Loss: 0.3636
2025-08-13 21:49:44,957: Landmark 3 | Epoch 6/20 | Train Loss: 0.3581 | Val Loss: 0.5116 | Validation AUC: 0.8196 | F1-Score: 0.5135
2025-08-13 21:49:44,957: No improvement in epoch 6. Current best AUC: 0.8321, F1: 0.3273, Val Loss: 0.3636. Epochs without improvement: 1/1
2025-08-13 21:49:44,957: Early stopping triggered at epoch 6. Best AUC: 0.8321, F1: 0.3273, Val Loss: 0.3636
2025-08-13 21:49:45,981: Tempo impiegato per Landmark 3: 2533.2 secondi
2025-08-13 21:49:45,982: Tempo medio per epoca: 422.2 secondi
2025-08-13 21:49:45,984: Loading best model from /cluster/work/projects/ec12/michechi/cache/best/best_model_answerdotai_ModernBERT-large_4550_landmark3_compact_no_time_rnd_4_2048_last_visit_all_landmarks_True_20250813_210732_.pt for final evaluation on test set
2025-08-13 21:50:15,998: Final Test AUC (Landmark 3): 0.8123 | Test F1-Score: 0.3139
2025-08-13 21:50:15,998: Preparing data for Landmark 4
2025-08-13 21:50:18,311: We will use 90% of the memory on device 0 for storing the model, and 10% for the buffer to avoid OOM. You can set `max_memory` in to a higher value to use more memory (at your own risk).
Some weights of ModernBertForSequenceClassification were not initialized from the model checkpoint at answerdotai/ModernBERT-large and are newly initialized: ['classifier.bias', 'classifier.weight']
You should probably TRAIN this model on a down-stream task to be able to use it for predictions and inference.
2025-08-13 21:50:25,456: Example train text: You are a Doctor.
What is the probability of death in the next 90 days for 47-year-old F patient?
Visit type: NORMAL

DIAGNOSIS HISTORY:
Diagnoses: Anxiety state, unspecified; Diverticulosis of colon (without mention of hemorrhage); Ulceration of intestine; Esophageal reflux; Other and unspecified ovarian cyst; Intestinal bypass or anastomosis status; Other specified disorders of intestine.
PRESCRIPTIONS HISTORY:
Medications: Sodium Chloride 0.9%  Flush; Heparin; 0.9% Sodium Chloride; Potassium Chl 20 mEq / 1000 mL D5 1/2 NS; 0.45% Sodium Chloride; Calcium Carbonate; Ranitidine; Ondansetron ODT; Senna; Escitalopram Oxalate; Sodium Chloride 0.9%  Flush; Acetaminophen; Escitalopram Oxalate; Heparin; Neutra-Phos; Lorazepam; LR; Omeprazole; Vitamin D; Multivitamins; Pantoprazole; Fluticasone Propionate NASAL; Naproxen; Docusate Sodium; Fluticasone Propionate NASAL; Golytely; Acetaminophen; Ondansetron; Desitin; Ketorolac; Influenza Virus Vaccine; Fish Oil (Omega 3); HYDROmorphone (Dilaudid); Ondansetron.
PROCEDURES HISTORY:
Procedures: ; Closed [endoscopic] biopsy of large intestine.
2025-08-13 21:50:25,555: Average train text length: 217.87 words
2025-08-13 21:50:25,555: Average validation text length: 219.02 words
2025-08-13 21:50:25,555: Average test text length: 218.91 words
2025-08-13 21:50:25,555: Training on 8040 samples, validating on 894, testing on 2234 samples
2025-08-13 21:50:35,981: Fine-tuning at Landmark 4
2025-08-13 21:50:36,004: Early stopping criterion: loss
2025-08-13 21:57:37,413: Landmark 4 | Epoch 1/20 | Train Loss: 0.6818 | Val Loss: 0.3863 | Validation AUC: 0.8103 | F1-Score: 0.1735
2025-08-13 21:57:37,957: New best model saved at /cluster/work/projects/ec12/michechi/cache/best/best_model_answerdotai_ModernBERT-large_4550_landmark4_compact_no_time_rnd_4_2048_last_visit_all_landmarks_True_20250813_215036_.pt with AUC: 0.8103, F1: 0.1735, Val Loss: 0.3863
2025-08-13 22:04:39,568: Landmark 4 | Epoch 2/20 | Train Loss: 0.3571 | Val Loss: 0.3180 | Validation AUC: 0.8980 | F1-Score: 0.4940
2025-08-13 22:04:40,128: New best model saved at /cluster/work/projects/ec12/michechi/cache/best/best_model_answerdotai_ModernBERT-large_4550_landmark4_compact_no_time_rnd_4_2048_last_visit_all_landmarks_True_20250813_215036_.pt with AUC: 0.8980, F1: 0.4940, Val Loss: 0.3180
2025-08-13 22:11:41,390: Landmark 4 | Epoch 3/20 | Train Loss: 0.2963 | Val Loss: 0.2621 | Validation AUC: 0.9253 | F1-Score: 0.6383
2025-08-13 22:11:41,965: New best model saved at /cluster/work/projects/ec12/michechi/cache/best/best_model_answerdotai_ModernBERT-large_4550_landmark4_compact_no_time_rnd_4_2048_last_visit_all_landmarks_True_20250813_215036_.pt with AUC: 0.9253, F1: 0.6383, Val Loss: 0.2621
2025-08-13 22:18:43,029: Landmark 4 | Epoch 4/20 | Train Loss: 0.2659 | Val Loss: 0.2491 | Validation AUC: 0.9324 | F1-Score: 0.6815
2025-08-13 22:18:43,573: New best model saved at /cluster/work/projects/ec12/michechi/cache/best/best_model_answerdotai_ModernBERT-large_4550_landmark4_compact_no_time_rnd_4_2048_last_visit_all_landmarks_True_20250813_215036_.pt with AUC: 0.9324, F1: 0.6815, Val Loss: 0.2491
2025-08-13 22:25:44,236: Landmark 4 | Epoch 5/20 | Train Loss: 0.2492 | Val Loss: 0.2381 | Validation AUC: 0.9395 | F1-Score: 0.6801
2025-08-13 22:25:44,796: New best model saved at /cluster/work/projects/ec12/michechi/cache/best/best_model_answerdotai_ModernBERT-large_4550_landmark4_compact_no_time_rnd_4_2048_last_visit_all_landmarks_True_20250813_215036_.pt with AUC: 0.9395, F1: 0.6801, Val Loss: 0.2381
2025-08-13 22:32:44,734: Landmark 4 | Epoch 6/20 | Train Loss: 0.2388 | Val Loss: 0.2595 | Validation AUC: 0.9420 | F1-Score: 0.7405
2025-08-13 22:32:44,734: No improvement in epoch 6. Current best AUC: 0.9395, F1: 0.6801, Val Loss: 0.2381. Epochs without improvement: 1/1
2025-08-13 22:32:44,734: Early stopping triggered at epoch 6. Best AUC: 0.9395, F1: 0.6801, Val Loss: 0.2381
2025-08-13 22:32:45,157: Tempo impiegato per Landmark 4: 2529.2 secondi
2025-08-13 22:32:45,157: Tempo medio per epoca: 421.5 secondi
2025-08-13 22:32:45,160: Loading best model from /cluster/work/projects/ec12/michechi/cache/best/best_model_answerdotai_ModernBERT-large_4550_landmark4_compact_no_time_rnd_4_2048_last_visit_all_landmarks_True_20250813_215036_.pt for final evaluation on test set
2025-08-13 22:33:15,179: Final Test AUC (Landmark 4): 0.9163 | Test F1-Score: 0.6320
2025-08-13 22:33:15,180: Saving results to results_general_True_answerdotai_ModernBERT-large_last_visit_visits4_4550_2048_compact_no_time_rnd_20250813_223315.csv
Using device: cuda
Using device: cuda
Using device: cuda
Using device: cuda
   Landmark Val AUC  ... Validation Loss Training Time (s)
0         1  0.7541  ...          0.4171            2581.6
1         2  0.7183  ...          0.4403            1264.4
2         3  0.8321  ...          0.3636            2533.2
3         4  0.9395  ...          0.2381            2529.2

[4 rows x 9 columns]

Job 1853876 consumed 48.3 billing hours from project ec12.

Submitted 2025-08-13T16:37:18; waited 3.4 hours in the queue after becoming eligible to run.

Requested wallclock time: 10.0 hours
Elapsed wallclock time:   2.5 hours

Job exited normally.

Task and CPU statistics:
ID             CPUs  Tasks  CPU util                Start  Elapsed  Exit status
1853876          16            0.0 %  2025-08-13T20:00:40    2.5 h  0
1853876.batch    16      1     8.6 %  2025-08-13T20:00:40    2.5 h  0

Used CPU time:   3.5 CPU hours
Unused CPU time: 1.5 CPU days

Memory statistics, in GiB:
ID              Alloc   Usage
1853876          32.0        
1853876.batch    32.0    13.5

GPU usage stats:
Job 1853876 completed at Wed Aug 13 22:33:21 CEST 2025
