Starting job 1836233 on gpu-8 on fox at Wed Jul 30 09:01:50 CEST 2025

2025-07-30 09:02:11,580: Argument CI: False
2025-07-30 09:02:11,580: Argument all_landmarks: True
2025-07-30 09:02:11,580: Argument batch_size: 8
2025-07-30 09:02:11,580: Argument cache_dir: '/cluster/work/projects/ec12/michechi/cache'
2025-07-30 09:02:11,580: Argument early: 'loss'
2025-07-30 09:02:11,580: Argument epochs: 20
2025-07-30 09:02:11,580: Argument gradient_accumulation_steps: 1
2025-07-30 09:02:11,580: Argument input_csv: '/fp/homes01/u01/ec-michelec/MIMICIV/data/splitted/splitted/landmark_df_evo.csv'
2025-07-30 09:02:11,580: Argument lr: 2e-05
2025-07-30 09:02:11,580: Argument max_length: 1024
2025-07-30 09:02:11,580: Argument max_visits: 3
2025-07-30 09:02:11,580: Argument model_name: 'answerdotai/ModernBERT-large'
2025-07-30 09:02:11,580: Argument model_type: 'medical'
2025-07-30 09:02:11,580: Argument patience: 1
2025-07-30 09:02:11,580: Argument peft: False
2025-07-30 09:02:11,580: Argument prompt_type: 'compact_no_time_rnd'
2025-07-30 09:02:11,580: Argument seed: 5550
2025-07-30 09:02:11,580: Argument test_csv: '/fp/homes01/u01/ec-michelec/MIMICIV/data/splitted/splitted/landmark_evo_test.csv'
2025-07-30 09:02:11,580: Argument train_csv: '/fp/homes01/u01/ec-michelec/MIMICIV/data/splitted/splitted/landmark_evo_train.csv'
2025-07-30 09:02:11,580: Argument use_quantization: False
2025-07-30 09:02:11,580: Argument val_csv: '/fp/homes01/u01/ec-michelec/MIMICIV/data/splitted/splitted/landmark_evo_vali.csv'
2025-07-30 09:02:11,621: Using prompt type: compact_no_time_rnd
/fp/homes01/u01/ec-michelec/MIMICIV/src/Finetuning_rfct.py:79: DtypeWarning: Columns (16,17,18,19) have mixed types. Specify dtype option on import or set low_memory=False.
  full_train_df = pd.read_csv(args.train_csv, na_values=['', 'None', 'NaN', 'na', 'nan']).fillna('')
/fp/homes01/u01/ec-michelec/MIMICIV/src/Finetuning_rfct.py:81: DtypeWarning: Columns (16,17,18,19) have mixed types. Specify dtype option on import or set low_memory=False.
  full_test_df = pd.read_csv(args.test_csv, na_values=['', 'None', 'NaN', 'na', 'nan']).fillna('')
2025-07-30 09:02:48,396: Processing all landmarks from 1 to 3
2025-07-30 09:02:48,396: Preparing data for Landmark 1
Some weights of ModernBertForSequenceClassification were not initialized from the model checkpoint at answerdotai/ModernBERT-large and are newly initialized: ['classifier.bias', 'classifier.weight']
You should probably TRAIN this model on a down-stream task to be able to use it for predictions and inference.
2025-07-30 09:03:02,852: Average train text length: 133.90 words
2025-07-30 09:03:02,852: Average validation text length: 133.07 words
2025-07-30 09:03:02,852: Average test text length: 134.65 words
2025-07-30 09:03:02,852: Training on 14472 samples, validating on 1608, testing on 4020 samples
2025-07-30 09:03:14,477: Fine-tuning at Landmark 1
2025-07-30 09:03:14,480: Early stopping criterion: loss
/fp/homes01/u01/ec-michelec/ModernBERT/lib64/python3.9/site-packages/networkx/utils/backends.py:135: RuntimeWarning: networkx backend defined more than once: nx-loopback
  backends.update(_get_backends("networkx.backends"))
2025-07-30 09:19:33,399: Landmark 1 | Epoch 1/20 | Train Loss: 0.3840 | Val Loss: 0.3270 | Validation AUC: 0.8303 | F1-Score: 0.0732
2025-07-30 09:19:34,477: New best model saved at /cluster/work/projects/ec12/michechi/cache/best/best_model_answerdotai_ModernBERT-large_5550_landmark1_compact_no_time_rnd_3_1024_all_landmarks_True_20250730_090314_.pt with AUC: 0.8303, F1: 0.0732, Val Loss: 0.3270
2025-07-30 09:35:33,212: Landmark 1 | Epoch 2/20 | Train Loss: 0.3362 | Val Loss: 0.3269 | Validation AUC: 0.8317 | F1-Score: 0.0664
2025-07-30 09:35:34,288: New best model saved at /cluster/work/projects/ec12/michechi/cache/best/best_model_answerdotai_ModernBERT-large_5550_landmark1_compact_no_time_rnd_3_1024_all_landmarks_True_20250730_090314_.pt with AUC: 0.8317, F1: 0.0664, Val Loss: 0.3269
2025-07-30 09:51:32,473: Landmark 1 | Epoch 3/20 | Train Loss: 0.3206 | Val Loss: 0.3350 | Validation AUC: 0.8338 | F1-Score: 0.1729
2025-07-30 09:51:32,474: No improvement in epoch 3. Current best AUC: 0.8317, F1: 0.0664, Val Loss: 0.3269. Epochs without improvement: 1/1
2025-07-30 09:51:32,474: Early stopping triggered at epoch 3. Best AUC: 0.8317, F1: 0.0664, Val Loss: 0.3269
2025-07-30 09:51:33,270: Tempo impiegato per Landmark 1: 2898.8 secondi
2025-07-30 09:51:33,271: Tempo medio per epoca: 966.3 secondi
2025-07-30 09:51:33,273: Loading best model from /cluster/work/projects/ec12/michechi/cache/best/best_model_answerdotai_ModernBERT-large_5550_landmark1_compact_no_time_rnd_3_1024_all_landmarks_True_20250730_090314_.pt for final evaluation on test set
2025-07-30 09:52:45,449: Final Test AUC (Landmark 1): 0.8268 | Test F1-Score: 0.0434
2025-07-30 09:52:45,449: Preparing data for Landmark 2
Some weights of ModernBertForSequenceClassification were not initialized from the model checkpoint at answerdotai/ModernBERT-large and are newly initialized: ['classifier.bias', 'classifier.weight']
You should probably TRAIN this model on a down-stream task to be able to use it for predictions and inference.
2025-07-30 09:52:52,836: Average train text length: 137.85 words
2025-07-30 09:52:52,837: Average validation text length: 137.77 words
2025-07-30 09:52:52,837: Average test text length: 136.01 words
2025-07-30 09:52:52,837: Training on 14472 samples, validating on 1608, testing on 4020 samples
2025-07-30 09:53:05,516: Fine-tuning at Landmark 2
2025-07-30 09:53:05,536: Early stopping criterion: loss
2025-07-30 10:09:04,605: Landmark 2 | Epoch 1/20 | Train Loss: 0.3561 | Val Loss: 0.2903 | Validation AUC: 0.8749 | F1-Score: 0.4362
2025-07-30 10:09:05,740: New best model saved at /cluster/work/projects/ec12/michechi/cache/best/best_model_answerdotai_ModernBERT-large_5550_landmark2_compact_no_time_rnd_3_1024_all_landmarks_True_20250730_095305_.pt with AUC: 0.8749, F1: 0.4362, Val Loss: 0.2903
2025-07-30 10:25:04,919: Landmark 2 | Epoch 2/20 | Train Loss: 0.3103 | Val Loss: 0.2992 | Validation AUC: 0.8872 | F1-Score: 0.2379
2025-07-30 10:25:04,919: No improvement in epoch 2. Current best AUC: 0.8749, F1: 0.4362, Val Loss: 0.2903. Epochs without improvement: 1/1
2025-07-30 10:25:04,919: Early stopping triggered at epoch 2. Best AUC: 0.8749, F1: 0.4362, Val Loss: 0.2903
2025-07-30 10:25:05,766: Tempo impiegato per Landmark 2: 1920.2 secondi
2025-07-30 10:25:05,767: Tempo medio per epoca: 960.1 secondi
2025-07-30 10:25:05,769: Loading best model from /cluster/work/projects/ec12/michechi/cache/best/best_model_answerdotai_ModernBERT-large_5550_landmark2_compact_no_time_rnd_3_1024_all_landmarks_True_20250730_095305_.pt for final evaluation on test set
2025-07-30 10:26:18,089: Final Test AUC (Landmark 2): 0.8420 | Test F1-Score: 0.3888
2025-07-30 10:26:18,089: Preparing data for Landmark 3
Some weights of ModernBertForSequenceClassification were not initialized from the model checkpoint at answerdotai/ModernBERT-large and are newly initialized: ['classifier.bias', 'classifier.weight']
You should probably TRAIN this model on a down-stream task to be able to use it for predictions and inference.
2025-07-30 10:26:26,922: Average train text length: 180.40 words
2025-07-30 10:26:26,922: Average validation text length: 176.07 words
2025-07-30 10:26:26,922: Average test text length: 180.19 words
2025-07-30 10:26:26,922: Training on 14472 samples, validating on 1608, testing on 4020 samples
2025-07-30 10:26:41,528: Fine-tuning at Landmark 3
2025-07-30 10:26:41,554: Early stopping criterion: loss
2025-07-30 10:42:42,486: Landmark 3 | Epoch 1/20 | Train Loss: 0.2871 | Val Loss: 0.2643 | Validation AUC: 0.9470 | F1-Score: 0.3864
2025-07-30 10:42:43,605: New best model saved at /cluster/work/projects/ec12/michechi/cache/best/best_model_answerdotai_ModernBERT-large_5550_landmark3_compact_no_time_rnd_3_1024_all_landmarks_True_20250730_102641_.pt with AUC: 0.9470, F1: 0.3864, Val Loss: 0.2643
2025-07-30 10:58:45,269: Landmark 3 | Epoch 2/20 | Train Loss: 0.2073 | Val Loss: 0.1915 | Validation AUC: 0.9509 | F1-Score: 0.6889
2025-07-30 10:58:46,389: New best model saved at /cluster/work/projects/ec12/michechi/cache/best/best_model_answerdotai_ModernBERT-large_5550_landmark3_compact_no_time_rnd_3_1024_all_landmarks_True_20250730_102641_.pt with AUC: 0.9509, F1: 0.6889, Val Loss: 0.1915
2025-07-30 11:14:47,346: Landmark 3 | Epoch 3/20 | Train Loss: 0.1838 | Val Loss: 0.1776 | Validation AUC: 0.9596 | F1-Score: 0.7229
2025-07-30 11:14:48,467: New best model saved at /cluster/work/projects/ec12/michechi/cache/best/best_model_answerdotai_ModernBERT-large_5550_landmark3_compact_no_time_rnd_3_1024_all_landmarks_True_20250730_102641_.pt with AUC: 0.9596, F1: 0.7229, Val Loss: 0.1776
2025-07-30 11:30:49,084: Landmark 3 | Epoch 4/20 | Train Loss: 0.1671 | Val Loss: 0.1790 | Validation AUC: 0.9541 | F1-Score: 0.7361
2025-07-30 11:30:49,084: No improvement in epoch 4. Current best AUC: 0.9596, F1: 0.7229, Val Loss: 0.1776. Epochs without improvement: 1/1
2025-07-30 11:30:49,084: Early stopping triggered at epoch 4. Best AUC: 0.9596, F1: 0.7229, Val Loss: 0.1776
2025-07-30 11:30:49,989: Tempo impiegato per Landmark 3: 3848.5 secondi
2025-07-30 11:30:49,989: Tempo medio per epoca: 962.1 secondi
2025-07-30 11:30:49,992: Loading best model from /cluster/work/projects/ec12/michechi/cache/best/best_model_answerdotai_ModernBERT-large_5550_landmark3_compact_no_time_rnd_3_1024_all_landmarks_True_20250730_102641_.pt for final evaluation on test set
2025-07-30 11:32:02,496: Final Test AUC (Landmark 3): 0.9480 | Test F1-Score: 0.7296
2025-07-30 11:32:02,497: Saving results to results_medical_True_answerdotai_ModernBERT-large_visits3_5550_1024_compact_no_time_rnd_20250730_113202.csv
Using device: cuda
Using device: cuda
Using device: cuda
   Landmark Val AUC  ... Validation Loss Training Time (s)
0         1  0.8317  ...          0.3269            2898.8
1         2  0.8749  ...          0.2903            1920.2
2         3  0.9596  ...          0.1776            3848.5

[3 rows x 9 columns]

Job 1836233 consumed 47.6 billing hours from project ec12.

Submitted 2025-07-30T09:01:39; waited 11.0 seconds in the queue after becoming eligible to run.

Requested wallclock time: 1.8 days
Elapsed wallclock time:   2.5 hours

Job exited normally.

Task and CPU statistics:
ID             CPUs  Tasks  CPU util                Start  Elapsed  Exit status
1836233          16            0.0 %  2025-07-30T09:01:50    2.5 h  0
1836233.batch    16      1     7.5 %  2025-07-30T09:01:50    2.5 h  0

Used CPU time:   3.0 CPU hours
Unused CPU time: 1.5 CPU days

Memory statistics, in GiB:
ID              Alloc   Usage
1836233          32.0        
1836233.batch    32.0    12.9

GPU usage stats:
Job 1836233 completed at Wed Jul 30 11:32:08 CEST 2025
