Starting job 1853809 on gpu-12 on fox at Wed Aug 13 14:45:24 CEST 2025

2025-08-13 14:45:45,774: Argument CI: False
2025-08-13 14:45:45,774: Argument all_landmarks: True
2025-08-13 14:45:45,774: Argument batch_size: 8
2025-08-13 14:45:45,774: Argument cache_dir: '/cluster/work/projects/ec12/michechi/cache'
2025-08-13 14:45:45,774: Argument early: 'loss'
2025-08-13 14:45:45,774: Argument epochs: 20
2025-08-13 14:45:45,774: Argument gradient_accumulation_steps: 1
2025-08-13 14:45:45,774: Argument input_csv: '/fp/homes01/u01/ec-michelec/MIMICIV/data/splitted/splitted/landmark_df_evo.csv'
2025-08-13 14:45:45,774: Argument lr: 2e-05
2025-08-13 14:45:45,775: Argument max_length: 512
2025-08-13 14:45:45,775: Argument max_visits: 4
2025-08-13 14:45:45,775: Argument model_name: 'Charangan/MedBERT'
2025-08-13 14:45:45,775: Argument model_type: 'medical'
2025-08-13 14:45:45,775: Argument patience: 1
2025-08-13 14:45:45,775: Argument peft: False
2025-08-13 14:45:45,775: Argument prompt_type: 'no'
2025-08-13 14:45:45,775: Argument seed: 4550
2025-08-13 14:45:45,775: Argument test_csv: '/fp/homes01/u01/ec-michelec/MIMICIV/data/splitted/splitted/landmark_evo_test_dod.csv'
2025-08-13 14:45:45,775: Argument train_csv: '/fp/homes01/u01/ec-michelec/MIMICIV/data/splitted/splitted/landmark_evo_train_dod.csv'
2025-08-13 14:45:45,775: Argument use_quantization: False
2025-08-13 14:45:45,775: Argument val_csv: '/fp/homes01/u01/ec-michelec/MIMICIV/data/splitted/splitted/landmark_evo_vali_dod.csv'
2025-08-13 14:45:45,775: Argument when_counting_death: 'landmark'
2025-08-13 14:45:45,805: Using prompt type: no
/fp/homes01/u01/ec-michelec/MIMICIV/src/Finetuning_rfct.py:79: DtypeWarning: Columns (16,17,18,19) have mixed types. Specify dtype option on import or set low_memory=False.
  full_train_df = pd.read_csv(args.train_csv, na_values=['', 'None', 'NaN', 'na', 'nan']).fillna('')
/fp/homes01/u01/ec-michelec/MIMICIV/src/Finetuning_rfct.py:81: DtypeWarning: Columns (16,17,18,19) have mixed types. Specify dtype option on import or set low_memory=False.
  full_test_df = pd.read_csv(args.test_csv, na_values=['', 'None', 'NaN', 'na', 'nan']).fillna('')
2025-08-13 14:46:23,036: Processing all landmarks from 1 to 4
2025-08-13 14:46:23,036: Preparing data for Landmark 1
/fp/projects01/ec30/software/easybuild/software/nlpl-pytorch/2.1.2-foss-2022b-cuda-12.0.0-Python-3.10.8/lib/python3.10/site-packages/torch/_utils.py:831: UserWarning: TypedStorage is deprecated. It will be removed in the future and UntypedStorage will be the only storage class. This should only matter to you if you are using storages directly.  To access UntypedStorage directly, use tensor.untyped_storage() instead of tensor.storage()
  return self.fget.__get__(instance, owner)()
Some weights of BertForSequenceClassification were not initialized from the model checkpoint at Charangan/MedBERT and are newly initialized: ['classifier.bias', 'classifier.weight']
You should probably TRAIN this model on a down-stream task to be able to use it for predictions and inference.
2025-08-13 14:46:26,643: Example train text: Based on this information, what is the probability of mortality within 90 days?
Methicillin susceptible Staphylococcus aureus in conditions classified elsewhere and of unspecified site; Nausea with vomiting; Diverticulitis of colon (without mention of hemorrhage); Acute kidney failure, unspecified; Removal of other organ (partial) (total) causing abnormal patient reaction, or later complication, without mention of misadventure at time of operation; Hypovolemia; Abscess of intestine; Cellulitis and abscess of trunk; Other postoperative infection
Prochlorperazine; D5W; HYDROmorphone (Dilaudid); Ondansetron; Potassium Chloride; Docusate Sodium; Maalox/Diphenhydramine/Lidocaine; HydrOXYzine; MetRONIDAZOLE (FLagyl); Fluticasone Propionate NASAL; Cephalexin; Escitalopram Oxalate; Calcium Carbonate; SW; Ibuprofen; Iso-Osmotic Dextrose; Bupivacaine 0.5%; Pantoprazole; Magnesium Citrate; Ciprofloxacin; Lorazepam; Potassium Chl 20 mEq / 1000 mL D5 1/2 NS; Promethazine HCl; NS; Magnesium Sulfate; Heparin; LR; OxycoDONE (Immediate Release) ; Sodium Chloride 0.9%  Flush; Hydrocodone-Acetaminophen; Metoclopramide; Insulin; Clindamycin; OxycoDONE-Acetaminophen Elixir; Morphine Sulfate; Piperacillin-Tazobactam Na; Hydrocortisone (Rectal) 2.5% Cream; Nafcillin; Ketorolac; Acetaminophen; Vancomycin; D5 1/2NS
650 mg of Acetaminophen in TAB through PO; 20 mEq of Potassium Chloride in mL through IV; 1 mg of Lorazepam in TAB through PO; 100 mL of NS in mL through IV; 1000 mL of Potassium Chl 20 mEq / 1000 mL D5 1/2 NS in BAG through IV; 50 mL of D5W in mL through IV; 300 mL of Magnesium Citrate in BTL through PO; 250 mL of NS in mL through IV; 1-2 TAB of Hydrocodone-Acetaminophen in TAB through PO; 40 mg of Pantoprazole in TAB through PO; 325-650 mg of Acetaminophen in SUPP through PR; 0.5 mg of Lorazepam in TAB through PO; 2 gm of Nafcillin in BAG through IV; 15-30 mL of Maalox/Diphenhydramine/Lidocaine in BTL through PO; 100 mL of Iso-Osmotic Dextrose in mL through IV; 10 mg of Metoclopramide in VIAL through IV; 325-650 mg of Acetaminophen in TAB through PO; 25 mg of HydrOXYzine in VIAL through IM; 500-1000 mg of Acetaminophen in TAB through PO; 650 mg of Acetaminophen in SUPP through PR; 500 mg of Cephalexin in CAP through PO; 5000 UNIT of Heparin in mL through SC; 10 mg of Metoclopramide in TAB through PO; 0 UNIT of Insulin in VIAL through SC; 0.125 mg of HYDROmorphone (Dilaudid) in SYR through IV; 1000 mL of D5 1/2NS in mL through IV; 1 SPRY of Fluticasone Propionate NASAL in AERO through NU; 40 mEq of Potassium Chloride in mL through IV; 50 mL of SW in BAG through IV; 5-10 mg of OxycoDONE (Immediate Release)  in TAB through PO; 250 mL of D5W in mL through IV; 500 mL of NS in mL through IV; 100 mg of Docusate Sodium in CAP through PO; 1000 mL of LR in BAG through IV; 400 mg of Ciprofloxacin in mL through IV; 0.25 mg of HYDROmorphone (Dilaudid) in SYR through IVPCA; 30 mg of Ketorolac in VIAL through IV; 15 mg of Ketorolac in VIAL through IV; 0.12 mg of HYDROmorphone (Dilaudid) in SYR through IVPCA; 10 mg of Prochlorperazine in VIAL through IV; 4 mL/hr of Bupivacaine 0.5% in VIAL through SC; 600 mg of Ibuprofen in TAB through PO; 0.5 mg of Lorazepam in mL through IV; 10 mg of Escitalopram Oxalate in TAB through PO; 8 mg of Ondansetron in VIAL through IV; 6.25 mg of Promethazine HCl in AMP through IV; 1000 mg of Vancomycin in BAG through IV; 500 mg of Calcium Carbonate in TAB through PO; 1 Appl of Hydrocortisone (Rectal) 2.5% Cream in TUBE through PR; 0.25 mg of HYDROmorphone (Dilaudid) in SYR through IV; 1 mg of Morphine Sulfate in SYR through IVPCA; 5 mg of OxycoDONE (Immediate Release)  in TAB through PO; 600 mg of Clindamycin in mL through IV; 500 mg of Cephalexin in BTL through ORAL; 25 mg of Prochlorperazine in SUPP through PR; 10 mg of Prochlorperazine in VIAL through IM; 4 mg of Ondansetron in VIAL through IV; 900 mg of Clindamycin in mL through IV; 500 mg of MetRONIDAZOLE (FLagyl) in BAG through IV; 5-10 mL of OxycoDONE-Acetaminophen Elixir in UDCUP through PO; 200 mL of Iso-Osmotic Dextrose in mL through IV; 0.5 mg of HYDROmorphone (Dilaudid) in SYR through IV; 2 gm of Magnesium Sulfate in BAG through IV; 4.5 g of Piperacillin-Tazobactam Na in BAG through IV; 3 mL of Sodium Chloride 0.9%  Flush in SYR through IV
2025-08-13 14:46:26,804: Average train text length: 334.73 words
2025-08-13 14:46:26,805: Average validation text length: 349.99 words
2025-08-13 14:46:26,805: Average test text length: 338.11 words
2025-08-13 14:46:26,805: Training on 8040 samples, validating on 894, testing on 2234 samples
2025-08-13 14:46:40,020: Fine-tuning at Landmark 1
2025-08-13 14:46:40,384: Early stopping criterion: loss
2025-08-13 14:49:14,700: Landmark 1 | Epoch 1/20 | Train Loss: 0.1658 | Val Loss: 0.0636 | Validation AUC: 0.8052 | F1-Score: 0.0000
2025-08-13 14:49:15,069: New best model saved at /cluster/work/projects/ec12/michechi/cache/best/best_model_Charangan_MedBERT_4550_landmark1_no_4_512_landmark_all_landmarks_True_20250813_144640_.pt with AUC: 0.8052, F1: 0.0000, Val Loss: 0.0636
2025-08-13 14:51:49,495: Landmark 1 | Epoch 2/20 | Train Loss: 0.0706 | Val Loss: 0.0626 | Validation AUC: 0.8282 | F1-Score: 0.0000
2025-08-13 14:51:49,837: New best model saved at /cluster/work/projects/ec12/michechi/cache/best/best_model_Charangan_MedBERT_4550_landmark1_no_4_512_landmark_all_landmarks_True_20250813_144640_.pt with AUC: 0.8282, F1: 0.0000, Val Loss: 0.0626
2025-08-13 14:54:24,292: Landmark 1 | Epoch 3/20 | Train Loss: 0.0684 | Val Loss: 0.0580 | Validation AUC: 0.8255 | F1-Score: 0.0000
2025-08-13 14:54:24,608: New best model saved at /cluster/work/projects/ec12/michechi/cache/best/best_model_Charangan_MedBERT_4550_landmark1_no_4_512_landmark_all_landmarks_True_20250813_144640_.pt with AUC: 0.8255, F1: 0.0000, Val Loss: 0.0580
2025-08-13 14:56:59,121: Landmark 1 | Epoch 4/20 | Train Loss: 0.0658 | Val Loss: 0.0563 | Validation AUC: 0.8455 | F1-Score: 0.0000
2025-08-13 14:56:59,445: New best model saved at /cluster/work/projects/ec12/michechi/cache/best/best_model_Charangan_MedBERT_4550_landmark1_no_4_512_landmark_all_landmarks_True_20250813_144640_.pt with AUC: 0.8455, F1: 0.0000, Val Loss: 0.0563
2025-08-13 14:59:33,791: Landmark 1 | Epoch 5/20 | Train Loss: 0.0624 | Val Loss: 0.0569 | Validation AUC: 0.8502 | F1-Score: 0.0000
2025-08-13 14:59:33,791: No improvement in epoch 5. Current best AUC: 0.8455, F1: 0.0000, Val Loss: 0.0563. Epochs without improvement: 1/1
2025-08-13 14:59:33,791: Early stopping triggered at epoch 5. Best AUC: 0.8455, F1: 0.0000, Val Loss: 0.0563
2025-08-13 14:59:34,064: Tempo impiegato per Landmark 1: 774.0 secondi
2025-08-13 14:59:34,064: Tempo medio per epoca: 154.8 secondi
2025-08-13 14:59:34,066: Loading best model from /cluster/work/projects/ec12/michechi/cache/best/best_model_Charangan_MedBERT_4550_landmark1_no_4_512_landmark_all_landmarks_True_20250813_144640_.pt for final evaluation on test set
2025-08-13 14:59:46,866: Final Test AUC (Landmark 1): 0.8241 | Test F1-Score: 0.0000
2025-08-13 14:59:46,866: Preparing data for Landmark 2
Using device: cuda
Some weights of BertForSequenceClassification were not initialized from the model checkpoint at Charangan/MedBERT and are newly initialized: ['classifier.bias', 'classifier.weight']
You should probably TRAIN this model on a down-stream task to be able to use it for predictions and inference.
2025-08-13 14:59:50,159: Example train text: Based on this information, what is the probability of mortality within 90 days?
Methicillin susceptible Staphylococcus aureus in conditions classified elsewhere and of unspecified site; Nausea with vomiting; Other specified aftercare following surgery; Diverticulitis of colon (without mention of hemorrhage); Acute kidney failure, unspecified; Removal of other organ (partial) (total) causing abnormal patient reaction, or later complication, without mention of misadventure at time of operation; Hypovolemia; Abscess of intestine; Cellulitis and abscess of trunk; Other postoperative infection; Diverticulosis of colon (without mention of hemorrhage); Esophageal reflux
Prochlorperazine; D5W; HYDROmorphone (Dilaudid); Ondansetron; Potassium Chloride; Docusate Sodium; Maalox/Diphenhydramine/Lidocaine; HydrOXYzine; MetRONIDAZOLE (FLagyl); Fluticasone Propionate NASAL; Cephalexin; Escitalopram Oxalate; Calcium Carbonate; SW; Ibuprofen; Ondansetron ODT; Iso-Osmotic Dextrose; Bupivacaine 0.5%; Pantoprazole; Magnesium Citrate; Ciprofloxacin; Lorazepam; Potassium Chl 20 mEq / 1000 mL D5 1/2 NS; Promethazine HCl; Promethazine; NS; Magnesium Sulfate; Heparin; LR; OxycoDONE (Immediate Release) ; Sodium Chloride 0.9%  Flush; Hydrocodone-Acetaminophen; Metoclopramide; Insulin; Clindamycin; OxycoDONE-Acetaminophen Elixir; Morphine Sulfate; Piperacillin-Tazobactam Na; Hydrocortisone (Rectal) 2.5% Cream; Nafcillin; Ranitidine; Ketorolac; Acetaminophen; Vancomycin; D5 1/2NS
650 mg of Acetaminophen in TAB through PO; 4 mg of Ondansetron ODT in TAB through PO; 20 mEq of Potassium Chloride in mL through IV; 1 mg of Lorazepam in TAB through PO; 100 mL of NS in mL through IV; 1000 mL of Potassium Chl 20 mEq / 1000 mL D5 1/2 NS in BAG through IV; 50 mL of D5W in mL through IV; 300 mL of Magnesium Citrate in BTL through PO; 250 mL of NS in mL through IV; 1-2 TAB of Hydrocodone-Acetaminophen in TAB through PO; 40 mg of Pantoprazole in TAB through PO; 325-650 mg of Acetaminophen in SUPP through PR; 0.5 mg of Lorazepam in TAB through PO; 2 gm of Nafcillin in BAG through IV; 15-30 mL of Maalox/Diphenhydramine/Lidocaine in BTL through PO; 12.5 mg of Promethazine in AMP through IV; 100 mL of Iso-Osmotic Dextrose in mL through IV; 10 mg of Metoclopramide in VIAL through IV; 325-650 mg of Acetaminophen in TAB through PO; 25 mg of HydrOXYzine in VIAL through IM; 500-1000 mg of Acetaminophen in TAB through PO; 650 mg of Acetaminophen in SUPP through PR; 500 mg of Cephalexin in CAP through PO; 5000 UNIT of Heparin in mL through SC; 10 mg of Metoclopramide in TAB through PO; 0 UNIT of Insulin in VIAL through SC; 0.125 mg of HYDROmorphone (Dilaudid) in SYR through IV; 1000 mL of D5 1/2NS in mL through IV; 1 SPRY of Fluticasone Propionate NASAL in AERO through NU; 40 mEq of Potassium Chloride in mL through IV; 50 mL of SW in BAG through IV; 5-10 mg of OxycoDONE (Immediate Release)  in TAB through PO; 250 mL of D5W in mL through IV; 500 mL of NS in mL through IV; 100 mg of Docusate Sodium in CAP through PO; 1000 mL of LR in BAG through IV; 400 mg of Ciprofloxacin in mL through IV; 0.25 mg of HYDROmorphone (Dilaudid) in SYR through IVPCA; 30 mg of Ketorolac in VIAL through IV; 15 mg of Ketorolac in VIAL through IV; 0.12 mg of HYDROmorphone (Dilaudid) in SYR through IVPCA; 10 mg of Prochlorperazine in VIAL through IV; 4 mL/hr of Bupivacaine 0.5% in VIAL through SC; 600 mg of Ibuprofen in TAB through PO; 0.5 mg of Lorazepam in mL through IV; 10 mg of Escitalopram Oxalate in TAB through PO; 8 mg of Ondansetron in VIAL through IV; 6.25 mg of Promethazine HCl in AMP through IV; 1000 mg of Vancomycin in BAG through IV; 500 mg of Calcium Carbonate in TAB through PO; 1 Appl of Hydrocortisone (Rectal) 2.5% Cream in TUBE through PR; 0.25 mg of HYDROmorphone (Dilaudid) in SYR through IV; 1 mg of Morphine Sulfate in SYR through IVPCA; 5 mg of OxycoDONE (Immediate Release)  in TAB through PO; 600 mg of Clindamycin in mL through IV; 150 mg of Ranitidine in TAB through PO; 500 mg of Cephalexin in BTL through ORAL; 25 mg of Prochlorperazine in SUPP through PR; 10 mg of Prochlorperazine in VIAL through IM; 4 mg of Ondansetron in VIAL through IV; 900 mg of Clindamycin in mL through IV; 500 mg of MetRONIDAZOLE (FLagyl) in BAG through IV; 5-10 mL of OxycoDONE-Acetaminophen Elixir in UDCUP through PO; 200 mL of Iso-Osmotic Dextrose in mL through IV; 0.5 mg of HYDROmorphone (Dilaudid) in SYR through IV; 2 gm of Magnesium Sulfate in BAG through IV; 4.5 g of Piperacillin-Tazobactam Na in BAG through IV; 3 mL of Sodium Chloride 0.9%  Flush in SYR through IV
2025-08-13 14:59:50,434: Average train text length: 564.45 words
2025-08-13 14:59:50,434: Average validation text length: 578.63 words
2025-08-13 14:59:50,434: Average test text length: 568.07 words
2025-08-13 14:59:50,434: Training on 8040 samples, validating on 894, testing on 2234 samples
2025-08-13 15:00:12,913: Fine-tuning at Landmark 2
2025-08-13 15:00:12,917: Early stopping criterion: loss
2025-08-13 15:02:42,859: Landmark 2 | Epoch 1/20 | Train Loss: 0.2333 | Val Loss: 0.1434 | Validation AUC: 0.6177 | F1-Score: 0.0000
2025-08-13 15:02:43,207: New best model saved at /cluster/work/projects/ec12/michechi/cache/best/best_model_Charangan_MedBERT_4550_landmark2_no_4_512_landmark_all_landmarks_True_20250813_150012_.pt with AUC: 0.6177, F1: 0.0000, Val Loss: 0.1434
2025-08-13 15:05:13,358: Landmark 2 | Epoch 2/20 | Train Loss: 0.1550 | Val Loss: 0.1296 | Validation AUC: 0.8132 | F1-Score: 0.0000
2025-08-13 15:05:13,664: New best model saved at /cluster/work/projects/ec12/michechi/cache/best/best_model_Charangan_MedBERT_4550_landmark2_no_4_512_landmark_all_landmarks_True_20250813_150012_.pt with AUC: 0.8132, F1: 0.0000, Val Loss: 0.1296
2025-08-13 15:07:43,560: Landmark 2 | Epoch 3/20 | Train Loss: 0.1388 | Val Loss: 0.1265 | Validation AUC: 0.8364 | F1-Score: 0.0000
2025-08-13 15:07:43,883: New best model saved at /cluster/work/projects/ec12/michechi/cache/best/best_model_Charangan_MedBERT_4550_landmark2_no_4_512_landmark_all_landmarks_True_20250813_150012_.pt with AUC: 0.8364, F1: 0.0000, Val Loss: 0.1265
2025-08-13 15:10:13,846: Landmark 2 | Epoch 4/20 | Train Loss: 0.1197 | Val Loss: 0.1372 | Validation AUC: 0.8345 | F1-Score: 0.1277
2025-08-13 15:10:13,847: No improvement in epoch 4. Current best AUC: 0.8364, F1: 0.0000, Val Loss: 0.1265. Epochs without improvement: 1/1
2025-08-13 15:10:13,847: Early stopping triggered at epoch 4. Best AUC: 0.8364, F1: 0.0000, Val Loss: 0.1265
2025-08-13 15:10:14,094: Tempo impiegato per Landmark 2: 601.2 secondi
2025-08-13 15:10:14,095: Tempo medio per epoca: 150.3 secondi
2025-08-13 15:10:14,096: Loading best model from /cluster/work/projects/ec12/michechi/cache/best/best_model_Charangan_MedBERT_4550_landmark2_no_4_512_landmark_all_landmarks_True_20250813_150012_.pt for final evaluation on test set
2025-08-13 15:10:26,011: Final Test AUC (Landmark 2): 0.8337 | Test F1-Score: 0.0000
2025-08-13 15:10:26,011: Preparing data for Landmark 3
Using device: cuda
Some weights of BertForSequenceClassification were not initialized from the model checkpoint at Charangan/MedBERT and are newly initialized: ['classifier.bias', 'classifier.weight']
You should probably TRAIN this model on a down-stream task to be able to use it for predictions and inference.
2025-08-13 15:10:30,078: Example train text: Based on this information, what is the probability of mortality within 90 days?
Methicillin susceptible Staphylococcus aureus in conditions classified elsewhere and of unspecified site; Nausea with vomiting; Other specified aftercare following surgery; Diverticulitis of colon (without mention of hemorrhage); Acute kidney failure, unspecified; Chest pain, unspecified; Removal of other organ (partial) (total) causing abnormal patient reaction, or later complication, without mention of misadventure at time of operation; Orthostatic hypotension; Hypovolemia; Abscess of intestine; Cellulitis and abscess of trunk; Other postoperative infection; Diverticulosis of colon (without mention of hemorrhage); Esophageal reflux
; Prochlorperazine; D5W; HYDROmorphone (Dilaudid); Ondansetron; Potassium Chloride; Docusate Sodium; Maalox/Diphenhydramine/Lidocaine; HydrOXYzine; MetRONIDAZOLE (FLagyl); Fluticasone Propionate NASAL; Cephalexin; Escitalopram Oxalate; Calcium Carbonate; SW; Ibuprofen; Ondansetron ODT; Iso-Osmotic Dextrose; Bupivacaine 0.5%; Pantoprazole; Magnesium Citrate; Ciprofloxacin; Lorazepam; Potassium Chl 20 mEq / 1000 mL D5 1/2 NS; Promethazine HCl; Promethazine; NS; Magnesium Sulfate; Heparin; LR; OxycoDONE (Immediate Release) ; Sodium Chloride 0.9%  Flush; Hydrocodone-Acetaminophen; Metoclopramide; Insulin; Clindamycin; OxycoDONE-Acetaminophen Elixir; Morphine Sulfate; Piperacillin-Tazobactam Na; Hydrocortisone (Rectal) 2.5% Cream; Nafcillin; Ranitidine; Ketorolac; Acetaminophen; Vancomycin; D5 1/2NS
; 650 mg of Acetaminophen in TAB through PO; 4 mg of Ondansetron ODT in TAB through PO; 20 mEq of Potassium Chloride in mL through IV; 1 mg of Lorazepam in TAB through PO; 100 mL of NS in mL through IV; 1000 mL of Potassium Chl 20 mEq / 1000 mL D5 1/2 NS in BAG through IV; 50 mL of D5W in mL through IV; 300 mL of Magnesium Citrate in BTL through PO; 250 mL of NS in mL through IV; 1-2 TAB of Hydrocodone-Acetaminophen in TAB through PO; 40 mg of Pantoprazole in TAB through PO; 325-650 mg of Acetaminophen in SUPP through PR; 0.5 mg of Lorazepam in TAB through PO; 2 gm of Nafcillin in BAG through IV; 15-30 mL of Maalox/Diphenhydramine/Lidocaine in BTL through PO; 12.5 mg of Promethazine in AMP through IV; 100 mL of Iso-Osmotic Dextrose in mL through IV; 10 mg of Metoclopramide in VIAL through IV; 325-650 mg of Acetaminophen in TAB through PO; 25 mg of HydrOXYzine in VIAL through IM; 500-1000 mg of Acetaminophen in TAB through PO; 650 mg of Acetaminophen in SUPP through PR; 500 mg of Cephalexin in CAP through PO; 5000 UNIT of Heparin in mL through SC; 10 mg of Metoclopramide in TAB through PO; 0 UNIT of Insulin in VIAL through SC; 0.125 mg of HYDROmorphone (Dilaudid) in SYR through IV; 1000 mL of D5 1/2NS in mL through IV; 1 SPRY of Fluticasone Propionate NASAL in AERO through NU; 40 mEq of Potassium Chloride in mL through IV; 50 mL of SW in BAG through IV; 5-10 mg of OxycoDONE (Immediate Release)  in TAB through PO; 250 mL of D5W in mL through IV; 500 mL of NS in mL through IV; 100 mg of Docusate Sodium in CAP through PO; 1000 mL of LR in BAG through IV; 400 mg of Ciprofloxacin in mL through IV; 0.25 mg of HYDROmorphone (Dilaudid) in SYR through IVPCA; 30 mg of Ketorolac in VIAL through IV; 15 mg of Ketorolac in VIAL through IV; 0.12 mg of HYDROmorphone (Dilaudid) in SYR through IVPCA; 10 mg of Prochlorperazine in VIAL through IV; 4 mL/hr of Bupivacaine 0.5% in VIAL through SC; 600 mg of Ibuprofen in TAB through PO; 0.5 mg of Lorazepam in mL through IV; 10 mg of Escitalopram Oxalate in TAB through PO; 8 mg of Ondansetron in VIAL through IV; 6.25 mg of Promethazine HCl in AMP through IV; 1000 mg of Vancomycin in BAG through IV; 500 mg of Calcium Carbonate in TAB through PO; 1 Appl of Hydrocortisone (Rectal) 2.5% Cream in TUBE through PR; 0.25 mg of HYDROmorphone (Dilaudid) in SYR through IV; 1 mg of Morphine Sulfate in SYR through IVPCA; 5 mg of OxycoDONE (Immediate Release)  in TAB through PO; 600 mg of Clindamycin in mL through IV; 150 mg of Ranitidine in TAB through PO; 500 mg of Cephalexin in BTL through ORAL; 25 mg of Prochlorperazine in SUPP through PR; 10 mg of Prochlorperazine in VIAL through IM; 4 mg of Ondansetron in VIAL through IV; 900 mg of Clindamycin in mL through IV; 500 mg of MetRONIDAZOLE (FLagyl) in BAG through IV; 5-10 mL of OxycoDONE-Acetaminophen Elixir in UDCUP through PO; 200 mL of Iso-Osmotic Dextrose in mL through IV; 0.5 mg of HYDROmorphone (Dilaudid) in SYR through IV; 2 gm of Magnesium Sulfate in BAG through IV; 4.5 g of Piperacillin-Tazobactam Na in BAG through IV; 3 mL of Sodium Chloride 0.9%  Flush in SYR through IV
2025-08-13 15:10:30,474: Average train text length: 767.50 words
2025-08-13 15:10:30,474: Average validation text length: 781.83 words
2025-08-13 15:10:30,474: Average test text length: 767.29 words
2025-08-13 15:10:30,474: Training on 8040 samples, validating on 894, testing on 2234 samples
2025-08-13 15:11:00,722: Fine-tuning at Landmark 3
2025-08-13 15:11:00,728: Early stopping criterion: loss
2025-08-13 15:13:26,866: Landmark 3 | Epoch 1/20 | Train Loss: 0.3379 | Val Loss: 0.2536 | Validation AUC: 0.8363 | F1-Score: 0.1800
2025-08-13 15:13:27,202: New best model saved at /cluster/work/projects/ec12/michechi/cache/best/best_model_Charangan_MedBERT_4550_landmark3_no_4_512_landmark_all_landmarks_True_20250813_151100_.pt with AUC: 0.8363, F1: 0.1800, Val Loss: 0.2536
2025-08-13 15:15:53,573: Landmark 3 | Epoch 2/20 | Train Loss: 0.2466 | Val Loss: 0.2482 | Validation AUC: 0.8330 | F1-Score: 0.1765
2025-08-13 15:15:53,907: New best model saved at /cluster/work/projects/ec12/michechi/cache/best/best_model_Charangan_MedBERT_4550_landmark3_no_4_512_landmark_all_landmarks_True_20250813_151100_.pt with AUC: 0.8330, F1: 0.1765, Val Loss: 0.2482
2025-08-13 15:18:20,027: Landmark 3 | Epoch 3/20 | Train Loss: 0.2093 | Val Loss: 0.2509 | Validation AUC: 0.8570 | F1-Score: 0.3660
2025-08-13 15:18:20,027: No improvement in epoch 3. Current best AUC: 0.8330, F1: 0.1765, Val Loss: 0.2482. Epochs without improvement: 1/1
2025-08-13 15:18:20,027: Early stopping triggered at epoch 3. Best AUC: 0.8330, F1: 0.1765, Val Loss: 0.2482
2025-08-13 15:18:20,314: Tempo impiegato per Landmark 3: 439.6 secondi
2025-08-13 15:18:20,315: Tempo medio per epoca: 146.5 secondi
2025-08-13 15:18:20,316: Loading best model from /cluster/work/projects/ec12/michechi/cache/best/best_model_Charangan_MedBERT_4550_landmark3_no_4_512_landmark_all_landmarks_True_20250813_151100_.pt for final evaluation on test set
2025-08-13 15:18:31,402: Final Test AUC (Landmark 3): 0.8218 | Test F1-Score: 0.2171
2025-08-13 15:18:31,403: Preparing data for Landmark 4
Using device: cuda
Some weights of BertForSequenceClassification were not initialized from the model checkpoint at Charangan/MedBERT and are newly initialized: ['classifier.bias', 'classifier.weight']
You should probably TRAIN this model on a down-stream task to be able to use it for predictions and inference.
2025-08-13 15:18:36,205: Example train text: Based on this information, what is the probability of mortality within 90 days?
Other specified disorders of intestine; Other and unspecified ovarian cyst; Abscess of intestine; Diverticulosis of colon (without mention of hemorrhage); Hypovolemia; Anxiety state, unspecified; Other postoperative infection; Methicillin susceptible Staphylococcus aureus in conditions classified elsewhere and of unspecified site; Chest pain, unspecified; Esophageal reflux; Nausea with vomiting; Other specified aftercare following surgery; Diverticulitis of colon (without mention of hemorrhage); Acute kidney failure, unspecified; Ulceration of intestine; Removal of other organ (partial) (total) causing abnormal patient reaction, or later complication, without mention of misadventure at time of operation; Orthostatic hypotension; Cellulitis and abscess of trunk; Intestinal bypass or anastomosis status
; 0.45% Sodium Chloride; Prochlorperazine; Fish Oil (Omega 3); Naproxen; D5W; HYDROmorphone (Dilaudid); Ondansetron; Potassium Chloride; Neutra-Phos; Docusate Sodium; Maalox/Diphenhydramine/Lidocaine; HydrOXYzine; MetRONIDAZOLE (FLagyl); Fluticasone Propionate NASAL; Multivitamins; Cephalexin; Escitalopram Oxalate; Calcium Carbonate; SW; Ibuprofen; Ondansetron ODT; Iso-Osmotic Dextrose; Bupivacaine 0.5%; Pantoprazole; Magnesium Citrate; Ciprofloxacin; Lorazepam; Potassium Chl 20 mEq / 1000 mL D5 1/2 NS; Vitamin D; Promethazine HCl; Promethazine; NS; Magnesium Sulfate; Heparin; Senna; Desitin; Influenza Virus Vaccine; LR; OxycoDONE (Immediate Release) ; Sodium Chloride 0.9%  Flush; Hydrocodone-Acetaminophen; Metoclopramide; Insulin; Golytely; 0.9% Sodium Chloride; Clindamycin; OxycoDONE-Acetaminophen Elixir; Morphine Sulfate; Piperacillin-Tazobactam Na; Hydrocortisone (Rectal) 2.5% Cream; Nafcillin; Ranitidine; Ketorolac; Acetaminophen; Omeprazole; Vancomycin; D5 1/2NS
; 1000 mg of Calcium Carbonate in TAB through PO/NG; 100 mL of NS in mL through IV; 1-2 TAB of Hydrocodone-Acetaminophen in TAB through PO; 100 mL of Iso-Osmotic Dextrose in mL through IV; 10 mg of Metoclopramide in VIAL through IV; 325-650 mg of Acetaminophen in TAB through PO; 25 mg of HydrOXYzine in VIAL through IM; 500 mg of Cephalexin in CAP through PO; 1000 mL of D5 1/2NS in mL through IV; 4 mg of Ondansetron ODT in TAB through PO/NG; 50 mL of SW in BAG through IV; 0.5 mg of Lorazepam in TAB through PO/NG; 2 mg of HYDROmorphone (Dilaudid) in TAB through PO/NG; 400 mg of Ciprofloxacin in mL through IV; 0.5 mL of Influenza Virus Vaccine in SYR through IM; 1 Appl of Hydrocortisone (Rectal) 2.5% Cream in TUBE through PR; 1 mg of Morphine Sulfate in SYR through IVPCA; 150 mg of Ranitidine in TAB through PO; 10 mg of Prochlorperazine in VIAL through IM; 500 mg of MetRONIDAZOLE (FLagyl) in BAG through IV; 2 gm of Magnesium Sulfate in BAG through IV; 1 Appl of Desitin in TUBE through TP; 20 mEq of Potassium Chloride in mL through IV; 1000 mL of Potassium Chl 20 mEq / 1000 mL D5 1/2 NS in BAG through IV; 2 gm of Nafcillin in BAG through IV; 300 mL of Magnesium Citrate in BTL through PO; 650 mg of Acetaminophen in SUPP through PR; 1 TAB of Senna in TAB through PO/NG; 1 SPRY of Fluticasone Propionate NASAL in AERO through NU; 5-10 mg of OxycoDONE (Immediate Release)  in TAB through PO; 500 mg of Naproxen in TAB through PO; 100 mg of Docusate Sodium in CAP through PO; 30 mg of Ketorolac in VIAL through IV; 4 mL/hr of Bupivacaine 0.5% in VIAL through SC; 10 mg of Escitalopram Oxalate in TAB through PO; 500 mg of Calcium Carbonate in TAB through PO; 20 mg of Omeprazole in CAP through PO; 1000 mg of Fish Oil (Omega 3) in CAP through PO; 4 mg of Ondansetron in VIAL through IV; 4.5 g of Piperacillin-Tazobactam Na in BAG through IV; 3 mL of Sodium Chloride 0.9%  Flush in SYR through IV; 650 mg of Acetaminophen in TAB through PO; 50 mL of D5W in mL through IV; 40 mg of Pantoprazole in TAB through PO; 12.5 mg of Promethazine in AMP through IV; 325-650 mg of Acetaminophen in SUPP through PR; 5000 UNIT of Heparin in mL through SC; 40 mEq of Potassium Chloride in mL through IV; 2 PKT of Neutra-Phos in PKT through PO/NG; 1000 mL of 0.45% Sodium Chloride in mL through IV; 250 mL of D5W in mL through IV; 1000 mL of 0.9% Sodium Chloride in mL through IV; 500 mL of NS in mL through IV; 1000 mL of LR in BAG through IV; 800 UNIT of Vitamin D in TAB through PO/NG; 15 mg of Ketorolac in VIAL through IV; 10 mg of Prochlorperazine in VIAL through IV; 0.5 mg of Lorazepam in mL through IV; 150 mg of Ranitidine in TAB through PO/NG; 1 TAB of Multivitamins in TAB through PO/NG; 1000 mg of Vancomycin in BAG through IV; 600 mg of Clindamycin in mL through IV; 25 mg of Prochlorperazine in SUPP through PR; 200 mL of Iso-Osmotic Dextrose in mL through IV; 0.5 mg of HYDROmorphone (Dilaudid) in SYR through IV; 15-30 mg of Ketorolac in VIAL through IV; 4 mg of Ondansetron ODT in TAB through PO; 1 mg of Lorazepam in TAB through PO; 250 mL of NS in mL through IV; 0.5 mg of Lorazepam in TAB through PO; 15-30 mL of Maalox/Diphenhydramine/Lidocaine in BTL through PO; 4 L of Golytely in BTL through PO; 500-1000 mg of Acetaminophen in TAB through PO; 0.125 mg of HYDROmorphone (Dilaudid) in SYR through IV; 10 mg of Metoclopramide in TAB through PO; 0 UNIT of Insulin in VIAL through SC; 325-650 mg of Acetaminophen in TAB through PO/NG; 600 mg of Ibuprofen in TAB through PO; 0.25 mg of HYDROmorphone (Dilaudid) in SYR through IVPCA; 0.12 mg of HYDROmorphone (Dilaudid) in SYR through IVPCA; 8 mg of Ondansetron in VIAL through IV; 6.25 mg of Promethazine HCl in AMP through IV; 0.25 mg of HYDROmorphone (Dilaudid) in SYR through IV; 5 mg of OxycoDONE (Immediate Release)  in TAB through PO; 500 mg of Cephalexin in BTL through ORAL; 900 mg of Clindamycin in mL through IV; 5-10 mL of OxycoDONE-Acetaminophen Elixir in UDCUP through PO
2025-08-13 15:18:36,688: Average train text length: 985.00 words
2025-08-13 15:18:36,688: Average validation text length: 1002.73 words
2025-08-13 15:18:36,688: Average test text length: 989.80 words
2025-08-13 15:18:36,688: Training on 8040 samples, validating on 894, testing on 2234 samples
2025-08-13 15:19:15,846: Fine-tuning at Landmark 4
2025-08-13 15:19:15,853: Early stopping criterion: loss
2025-08-13 15:21:39,735: Landmark 4 | Epoch 1/20 | Train Loss: 0.4093 | Val Loss: 0.2657 | Validation AUC: 0.9352 | F1-Score: 0.7262
2025-08-13 15:21:40,061: New best model saved at /cluster/work/projects/ec12/michechi/cache/best/best_model_Charangan_MedBERT_4550_landmark4_no_4_512_landmark_all_landmarks_True_20250813_151915_.pt with AUC: 0.9352, F1: 0.7262, Val Loss: 0.2657
2025-08-13 15:24:04,034: Landmark 4 | Epoch 2/20 | Train Loss: 0.2736 | Val Loss: 0.2602 | Validation AUC: 0.9382 | F1-Score: 0.7209
2025-08-13 15:24:04,368: New best model saved at /cluster/work/projects/ec12/michechi/cache/best/best_model_Charangan_MedBERT_4550_landmark4_no_4_512_landmark_all_landmarks_True_20250813_151915_.pt with AUC: 0.9382, F1: 0.7209, Val Loss: 0.2602
2025-08-13 15:26:28,355: Landmark 4 | Epoch 3/20 | Train Loss: 0.2342 | Val Loss: 0.2564 | Validation AUC: 0.9314 | F1-Score: 0.7059
2025-08-13 15:26:28,679: New best model saved at /cluster/work/projects/ec12/michechi/cache/best/best_model_Charangan_MedBERT_4550_landmark4_no_4_512_landmark_all_landmarks_True_20250813_151915_.pt with AUC: 0.9314, F1: 0.7059, Val Loss: 0.2564
2025-08-13 15:28:52,705: Landmark 4 | Epoch 4/20 | Train Loss: 0.1876 | Val Loss: 0.2928 | Validation AUC: 0.9223 | F1-Score: 0.6852
2025-08-13 15:28:52,705: No improvement in epoch 4. Current best AUC: 0.9314, F1: 0.7059, Val Loss: 0.2564. Epochs without improvement: 1/1
2025-08-13 15:28:52,705: Early stopping triggered at epoch 4. Best AUC: 0.9314, F1: 0.7059, Val Loss: 0.2564
2025-08-13 15:28:52,960: Tempo impiegato per Landmark 4: 577.1 secondi
2025-08-13 15:28:52,961: Tempo medio per epoca: 144.3 secondi
2025-08-13 15:28:52,962: Loading best model from /cluster/work/projects/ec12/michechi/cache/best/best_model_Charangan_MedBERT_4550_landmark4_no_4_512_landmark_all_landmarks_True_20250813_151915_.pt for final evaluation on test set
2025-08-13 15:29:03,636: Final Test AUC (Landmark 4): 0.9186 | Test F1-Score: 0.6795
2025-08-13 15:29:03,637: Saving results to results_medical_True_Charangan_MedBERT_landmark_visits4_4550_512_no_20250813_152903.csv
Using device: cuda
   Landmark Val AUC  ... Validation Loss Training Time (s)
0         1  0.8455  ...          0.0563             774.0
1         2  0.8364  ...          0.1265             601.2
2         3  0.8330  ...          0.2482             439.6
3         4  0.9314  ...          0.2564             577.1

[4 rows x 9 columns]

Job 1853809 consumed 13.9 billing hours from project ec12.

Submitted 2025-08-13T14:45:02; waited 22.0 seconds in the queue after becoming eligible to run.

Requested wallclock time: 6.0 hours
Elapsed wallclock time:   43.8 minutes

Job exited normally.

Task and CPU statistics:
ID             CPUs  Tasks  CPU util                Start   Elapsed  Exit status
1853809          16            0.0 %  2025-08-13T14:45:24  2625.0 s  0
1853809.batch    16      1     6.2 %  2025-08-13T14:45:24  2625.0 s  0

Used CPU time:   43.5 CPU minutes
Unused CPU time: 10.9 CPU hours

Memory statistics, in GiB:
ID              Alloc   Usage
1853809          32.0        
1853809.batch    32.0    13.4

Job 1853809 completed at Wed Aug 13 15:29:09 CEST 2025
