Starting job 1815353 on gpu-9 on fox at Mon Jul 21 15:31:55 CEST 2025

2025-07-21 15:32:13,552: Argument all_landmarks: False
2025-07-21 15:32:13,552: Argument batch_size: 8
2025-07-21 15:32:13,552: Argument cache_dir: '/cluster/work/projects/ec12/michechi/cache'
2025-07-21 15:32:13,553: Argument early: 'loss'
2025-07-21 15:32:13,553: Argument epochs: 20
2025-07-21 15:32:13,553: Argument gradient_accumulation_steps: 1
2025-07-21 15:32:13,553: Argument input_csv: '/fp/homes01/u01/ec-michelec/MIMICIV/data/splitted/splitted/landmark_df_evo.csv'
2025-07-21 15:32:13,553: Argument lr: 2e-05
2025-07-21 15:32:13,553: Argument max_length: 2048
2025-07-21 15:32:13,553: Argument max_visits: 3
2025-07-21 15:32:13,553: Argument model_name: 'answerdotai/ModernBERT-large'
2025-07-21 15:32:13,553: Argument model_type: 'medbert'
2025-07-21 15:32:13,553: Argument patience: 3
2025-07-21 15:32:13,553: Argument peft: True
2025-07-21 15:32:13,553: Argument prompt_type: 'full_no_time_rnd'
2025-07-21 15:32:13,553: Argument seed: 9550
2025-07-21 15:32:13,553: Argument test_csv: '/fp/homes01/u01/ec-michelec/MIMICIV/data/splitted/splitted/landmark_evo_test.csv'
2025-07-21 15:32:13,553: Argument train_csv: '/fp/homes01/u01/ec-michelec/MIMICIV/data/splitted/splitted/landmark_evo_train.csv'
2025-07-21 15:32:13,553: Argument use_quantization: False
2025-07-21 15:32:13,553: Argument val_csv: '/fp/homes01/u01/ec-michelec/MIMICIV/data/splitted/splitted/landmark_evo_vali.csv'
Some weights of ModernBertForSequenceClassification were not initialized from the model checkpoint at answerdotai/ModernBERT-large and are newly initialized: ['classifier.bias', 'classifier.weight']
You should probably TRAIN this model on a down-stream task to be able to use it for predictions and inference.
2025-07-21 15:32:20,558: Using prompt type: full_no_time_rnd
/fp/homes01/u01/ec-michelec/MIMICIV/src/Finetuning.py:459: DtypeWarning: Columns (16,17,18,19) have mixed types. Specify dtype option on import or set low_memory=False.
  full_train_df = pd.read_csv(args.train_csv, na_values=['', 'None', 'NaN', 'na', 'nan']).fillna('')
/fp/homes01/u01/ec-michelec/MIMICIV/src/Finetuning.py:461: DtypeWarning: Columns (16,17,18,19) have mixed types. Specify dtype option on import or set low_memory=False.
  full_test_df = pd.read_csv(args.test_csv, na_values=['', 'None', 'NaN', 'na', 'nan']).fillna('')
2025-07-21 15:32:56,048: Processing only the last landmark visit: 3
2025-07-21 15:32:56,048: Preparing data for Landmark 3
2025-07-21 15:33:01,487: Average train text length: 356.21 words
2025-07-21 15:33:01,487: Average validation text length: 351.55 words
2025-07-21 15:33:01,487: Average test text length: 354.77 words
2025-07-21 15:33:01,487: Training on 14472 samples, validating on 1608, testing on 4020 samples
2025-07-21 15:33:29,490: Fine-tuning at Landmark 3
2025-07-21 15:33:29,496: Early stopping criterion: loss
/fp/homes01/u01/ec-michelec/ModernBERT/lib64/python3.9/site-packages/networkx/utils/backends.py:135: RuntimeWarning: networkx backend defined more than once: nx-loopback
  backends.update(_get_backends("networkx.backends"))
2025-07-21 16:11:06,249: Landmark 3 | Epoch 1/20 | Train Loss: 0.3239 | Val Loss: 0.2330 | Validation AUC: 0.9321 | F1-Score: 0.5396
2025-07-21 16:48:23,726: Landmark 3 | Epoch 2/20 | Train Loss: 0.2303 | Val Loss: 0.1954 | Validation AUC: 0.9452 | F1-Score: 0.7136
2025-07-21 17:25:42,105: Landmark 3 | Epoch 3/20 | Train Loss: 0.2164 | Val Loss: 0.2091 | Validation AUC: 0.9420 | F1-Score: 0.6578
2025-07-21 18:02:58,603: Landmark 3 | Epoch 4/20 | Train Loss: 0.1973 | Val Loss: 0.2143 | Validation AUC: 0.9449 | F1-Score: 0.6737
2025-07-21 18:40:15,142: Landmark 3 | Epoch 5/20 | Train Loss: 0.1784 | Val Loss: 0.1937 | Validation AUC: 0.9485 | F1-Score: 0.7289
2025-07-21 19:17:32,516: Landmark 3 | Epoch 6/20 | Train Loss: 0.1478 | Val Loss: 0.2041 | Validation AUC: 0.9466 | F1-Score: 0.7178
2025-07-21 19:54:48,800: Landmark 3 | Epoch 7/20 | Train Loss: 0.1037 | Val Loss: 0.2690 | Validation AUC: 0.9385 | F1-Score: 0.6983
2025-07-21 20:32:04,967: Landmark 3 | Epoch 8/20 | Train Loss: 0.0545 | Val Loss: 0.3891 | Validation AUC: 0.9320 | F1-Score: 0.6921
2025-07-21 20:32:04,967: Early stopping triggered at epoch 8
2025-07-21 20:32:06,412: Tempo impiegato per Landmark 3: 17916.9 secondi
2025-07-21 20:32:06,412: Tempo medio per epoca: 2239.6 secondi
2025-07-21 20:35:19,613: Final Test AUC (Landmark 3): 0.9455 | Test F1-Score: 0.7289
2025-07-21 20:35:19,614: Saving results to results_medbert_answerdotai_ModernBERT-large_visits3_peft_9550_full_no_time_rnd_20250721_203519.csv
Using device: cuda
   Landmark Val AUC  ... Validation Loss Training Time (s)
0         3  0.9485  ...          0.1937           17916.9

[1 rows x 9 columns]

Job 1815353 consumed 96.1 billing hours from project ec12.

Submitted 2025-07-21T10:34:08; waited 5.0 hours in the queue after becoming eligible to run.

Requested wallclock time: 24.0 hours
Elapsed wallclock time:   5.1 hours

Job exited normally.

Task and CPU statistics:
ID             CPUs  Tasks  CPU util                Start  Elapsed  Exit status
1815353          16            0.0 %  2025-07-21T15:31:55    5.1 h  0
1815353.batch    16      1     7.2 %  2025-07-21T15:31:55    5.1 h  0

Used CPU time:   5.8 CPU hours
Unused CPU time: 3.1 CPU days

Memory statistics, in GiB:
ID              Alloc   Usage
1815353          32.0        
1815353.batch    32.0    12.7

GPU usage stats:
Job 1815353 completed at Mon Jul 21 20:35:26 CEST 2025
