Starting job 68903 on gpu-1-76 on Olivia at Wed Dec 24 15:58:41 CET 2025

INFO:    gocryptfs not found, will not be able to use gocryptfs
`torch_dtype` is deprecated! Use `dtype` instead!
WARNING:__main__:Tokenizer non ha un pad_token. Lo aggiungo manualmente come [PAD].
The new embeddings will be initialized from a multivariate normal distribution that has old embeddings' mean and covariance. As described in this article: https://nlp.stanford.edu/~johnhew/vocab-expansion.html. To disable this, use `mean_resizing=False`
trainable params: 1,703,936 || all params: 1,237,518,336 || trainable%: 0.1377
Traceback (most recent call last):
  File "/cluster/home/michechi/MIMICIV/src/./Finetuning_FOX_time_simulation_tiny.py", line 598, in <module>
    X_train = pd.read_csv(f"{args.path_csv}X_train_{args.number_to_use}.csv", na_values=['', 'None', 'NaN', 'na', 'nan']).fillna('')
              ^^^^^^^^^^^^^^^^^^^^^^^^^^^^^^^^^^^^^^^^^^^^^^^^^^^^^^^^^^^^^^^^^^^^^^^^^^^^^^^^^^^^^^^^^^^^^^^^^^^^^^^^^^^
  File "/usr/local/lib/python3.12/dist-packages/pandas/io/parsers/readers.py", line 1026, in read_csv
    return _read(filepath_or_buffer, kwds)
           ^^^^^^^^^^^^^^^^^^^^^^^^^^^^^^^
  File "/usr/local/lib/python3.12/dist-packages/pandas/io/parsers/readers.py", line 620, in _read
    parser = TextFileReader(filepath_or_buffer, **kwds)
             ^^^^^^^^^^^^^^^^^^^^^^^^^^^^^^^^^^^^^^^^^^
  File "/usr/local/lib/python3.12/dist-packages/pandas/io/parsers/readers.py", line 1620, in __init__
    self._engine = self._make_engine(f, self.engine)
                   ^^^^^^^^^^^^^^^^^^^^^^^^^^^^^^^^^
  File "/usr/local/lib/python3.12/dist-packages/pandas/io/parsers/readers.py", line 1880, in _make_engine
    self.handles = get_handle(
                   ^^^^^^^^^^^
  File "/usr/local/lib/python3.12/dist-packages/pandas/io/common.py", line 873, in get_handle
    handle = open(
             ^^^^^
FileNotFoundError: [Errno 2] No such file or directory: '/fp/homes01/u01/ec-michelec/MIMICIV/data/simulation/X_train_9.csv'
srun: error: gpu-1-76: task 0: Exited with exit code 1
srun: Terminating StepId=68903.0

Job 68903 consumed 0.0 billing hours and 0.0 GPU hours from project nn12048k.

Submitted 2025-12-24T15:58:40; waited 0.0 seconds in the queue after becoming eligible to run.

Requested wallclock time: 30.0 minutes
Elapsed wallclock time:   41.0 seconds

Job failed.

Task and CPU statistics:
ID               CPUs  Tasks  CPU util                Start  Elapsed  Exit status
68903               1            0.0 %  2025-12-24T15:58:40   41.0 s  1
68903.batch         1      1     0.4 %  2025-12-24T15:58:40   41.0 s  1
68903.apptainer     1      1     0.0 %  2025-12-24T15:58:41   40.0 s  1

Used CPU time:   0.2 CPU seconds
Unused CPU time: 40.8 CPU seconds

Memory statistics, in GiB:
ID                Alloc   Usage
68903             128.0        
68903.batch       128.0     0.0
68903.apptainer   128.0     8.3

Job 68903 completed at Wed Dec 24 15:59:21 CET 2025
