Starting job 1699983 on gpu-11 on fox at Thu Jun 19 11:46:49 CEST 2025

2025-06-19 11:47:15,620: Argument all_landmarks: False
2025-06-19 11:47:15,620: Argument batch_size: 8
2025-06-19 11:47:15,620: Argument cache_dir: '/cluster/work/projects/ec403/ec-michechi/Project_M'
2025-06-19 11:47:15,620: Argument early: 'loss'
2025-06-19 11:47:15,620: Argument epochs: 20
2025-06-19 11:47:15,620: Argument input_csv: '/cluster/work/projects/ec403/ec-michechi/Project_M/data/landmark_df_evo.csv'
2025-06-19 11:47:15,620: Argument lr: 2e-05
2025-06-19 11:47:15,620: Argument max_length: 512
2025-06-19 11:47:15,620: Argument max_visits: 3
2025-06-19 11:47:15,620: Argument model_name: 'Charangan/MedBERT'
2025-06-19 11:47:15,620: Argument model_type: 'medbert'
2025-06-19 11:47:15,620: Argument patience: 3
2025-06-19 11:47:15,620: Argument peft: False
2025-06-19 11:47:15,620: Argument prompt_type: 'no'
2025-06-19 11:47:15,620: Argument seed: 5550
2025-06-19 11:47:15,620: Argument test_csv: '/cluster/work/projects/ec403/ec-michechi/Project_M/data/landmark_evo_test.csv'
2025-06-19 11:47:15,620: Argument train_csv: '/cluster/work/projects/ec403/ec-michechi/Project_M/data/landmark_evo_train.csv'
2025-06-19 11:47:15,620: Argument use_quantization: False
2025-06-19 11:47:15,621: Argument val_csv: '/cluster/work/projects/ec403/ec-michechi/Project_M/data/landmark_evo_vali.csv'
/fp/projects01/ec30/software/easybuild/software/nlpl-pytorch/2.1.2-foss-2022b-cuda-12.0.0-Python-3.10.8/lib/python3.10/site-packages/torch/_utils.py:831: UserWarning: TypedStorage is deprecated. It will be removed in the future and UntypedStorage will be the only storage class. This should only matter to you if you are using storages directly.  To access UntypedStorage directly, use tensor.untyped_storage() instead of tensor.storage()
  return self.fget.__get__(instance, owner)()
Some weights of BertForSequenceClassification were not initialized from the model checkpoint at Charangan/MedBERT and are newly initialized: ['classifier.bias', 'classifier.weight']
You should probably TRAIN this model on a down-stream task to be able to use it for predictions and inference.
2025-06-19 11:47:17,949: Using prompt type: no
2025-06-19 11:47:17,949: Model type: medbert, Model name: Charangan/MedBERT
/fp/homes01/u01/ec-michechi/Project_M/MIMICIV/src/Finetuning.py:427: DtypeWarning: Columns (16,17,18,19) have mixed types. Specify dtype option on import or set low_memory=False.
  full_train_df = pd.read_csv(args.train_csv, na_values=['', 'None', 'NaN', 'na', 'nan']).fillna('')
2025-06-19 11:47:53,976: Processing only the last landmark visit: 3
2025-06-19 11:47:53,977: Preparing data for Landmark 3
2025-06-19 11:47:55,642: Average train text length: 1239.42 words
2025-06-19 11:47:55,642: Average validation text length: 1230.17 words
2025-06-19 11:47:55,642: Average test text length: 1236.08 words
2025-06-19 11:47:55,642: Training on 14477 samples, validating on 1609, testing on 4022 samples
2025-06-19 11:49:14,789: Fine-tuning at Landmark 3
2025-06-19 11:49:15,364: Early stopping criterion: loss
2025-06-19 11:54:45,295: Landmark 3 | Epoch 1/20 | Train Loss: 0.3344 | Val Loss: 0.2304 | Validation AUC: 0.9276 | F1-Score: 0.6011
2025-06-19 12:00:15,502: Landmark 3 | Epoch 2/20 | Train Loss: 0.2425 | Val Loss: 0.2200 | Validation AUC: 0.9326 | F1-Score: 0.6726
2025-06-19 12:05:47,087: Landmark 3 | Epoch 3/20 | Train Loss: 0.2209 | Val Loss: 0.2098 | Validation AUC: 0.9354 | F1-Score: 0.6841
2025-06-19 12:11:18,632: Landmark 3 | Epoch 4/20 | Train Loss: 0.1829 | Val Loss: 0.2233 | Validation AUC: 0.9298 | F1-Score: 0.6490
2025-06-19 12:16:48,871: Landmark 3 | Epoch 5/20 | Train Loss: 0.1478 | Val Loss: 0.2640 | Validation AUC: 0.9243 | F1-Score: 0.6473
2025-06-19 12:22:18,667: Landmark 3 | Epoch 6/20 | Train Loss: 0.0986 | Val Loss: 0.2940 | Validation AUC: 0.9261 | F1-Score: 0.6396
2025-06-19 12:22:18,667: Early stopping triggered at epoch 6
2025-06-19 12:22:19,734: Tempo impiegato per Landmark 3: 1984.9 secondi
2025-06-19 12:22:19,736: Tempo medio per epoca: 330.8 secondi
2025-06-19 12:22:46,340: Final Test AUC (Landmark 3): 0.9239 | Test F1-Score: 0.6391
2025-06-19 12:22:46,344: Saving results to results_medbert_Charangan_MedBERT_visits3_20250619_122246.csv
   Landmark Val AUC  ... Validation Loss Training Time (s)
0         3  0.9354  ...          0.2098            1984.9

[1 rows x 9 columns]

Job 1699983 consumed 11.4 billing hours from project ec403.

Submitted 2025-06-19T10:58:13; waited 48.6 minutes in the queue after becoming eligible to run.

Requested wallclock time: 5.0 hours
Elapsed wallclock time:   36.0 minutes

Job exited normally.

Task and CPU statistics:
ID             CPUs  Tasks  CPU util                Start   Elapsed  Exit status
1699983          16            0.0 %  2025-06-19T11:46:49  2163.0 s  0
1699983.batch    16      1     6.2 %  2025-06-19T11:46:49  2163.0 s  0

Used CPU time:   35.5 CPU minutes
Unused CPU time: 9.0 CPU hours

Memory statistics, in GiB:
ID              Alloc   Usage
1699983          32.0        
1699983.batch    32.0    15.1

Job 1699983 completed at Thu Jun 19 12:22:52 CEST 2025
