Starting job 1836051 on gpu-2 on fox at Tue Jul 29 19:03:22 CEST 2025

2025-07-29 19:03:31,978: Argument CI: False
2025-07-29 19:03:31,979: Argument all_landmarks: True
2025-07-29 19:03:31,979: Argument batch_size: 8
2025-07-29 19:03:31,979: Argument cache_dir: '/cluster/work/projects/ec12/michechi/cache'
2025-07-29 19:03:31,979: Argument early: 'loss'
2025-07-29 19:03:31,979: Argument epochs: 20
2025-07-29 19:03:31,979: Argument gradient_accumulation_steps: 1
2025-07-29 19:03:31,979: Argument input_csv: '/fp/homes01/u01/ec-michelec/MIMICIV/data/splitted/splitted/landmark_df_evo.csv'
2025-07-29 19:03:31,979: Argument lr: 2e-05
2025-07-29 19:03:31,979: Argument max_length: 512
2025-07-29 19:03:31,979: Argument max_visits: 3
2025-07-29 19:03:31,979: Argument model_name: 'answerdotai/ModernBERT-large'
2025-07-29 19:03:31,979: Argument model_type: 'medical'
2025-07-29 19:03:31,979: Argument patience: 1
2025-07-29 19:03:31,979: Argument peft: False
2025-07-29 19:03:31,979: Argument prompt_type: 'full_no_time_rnd'
2025-07-29 19:03:31,979: Argument seed: 4550
2025-07-29 19:03:31,979: Argument test_csv: '/fp/homes01/u01/ec-michelec/MIMICIV/data/splitted/splitted/landmark_evo_test.csv'
2025-07-29 19:03:31,979: Argument train_csv: '/fp/homes01/u01/ec-michelec/MIMICIV/data/splitted/splitted/landmark_evo_train.csv'
2025-07-29 19:03:31,979: Argument use_quantization: False
2025-07-29 19:03:31,979: Argument val_csv: '/fp/homes01/u01/ec-michelec/MIMICIV/data/splitted/splitted/landmark_evo_vali.csv'
2025-07-29 19:03:31,986: Using prompt type: full_no_time_rnd
/fp/homes01/u01/ec-michelec/MIMICIV/src/Finetuning_rfct.py:79: DtypeWarning: Columns (16,17,18,19) have mixed types. Specify dtype option on import or set low_memory=False.
  full_train_df = pd.read_csv(args.train_csv, na_values=['', 'None', 'NaN', 'na', 'nan']).fillna('')
/fp/homes01/u01/ec-michelec/MIMICIV/src/Finetuning_rfct.py:81: DtypeWarning: Columns (16,17,18,19) have mixed types. Specify dtype option on import or set low_memory=False.
  full_test_df = pd.read_csv(args.test_csv, na_values=['', 'None', 'NaN', 'na', 'nan']).fillna('')
2025-07-29 19:04:07,749: Processing all landmarks from 1 to 3
2025-07-29 19:04:07,749: Preparing data for Landmark 1
Some weights of ModernBertForSequenceClassification were not initialized from the model checkpoint at answerdotai/ModernBERT-large and are newly initialized: ['classifier.bias', 'classifier.weight']
You should probably TRAIN this model on a down-stream task to be able to use it for predictions and inference.
2025-07-29 19:04:17,542: Average train text length: 130.90 words
2025-07-29 19:04:17,542: Average validation text length: 130.07 words
2025-07-29 19:04:17,542: Average test text length: 131.65 words
2025-07-29 19:04:17,542: Training on 14472 samples, validating on 1608, testing on 4020 samples
2025-07-29 19:04:27,743: Fine-tuning at Landmark 1
2025-07-29 19:04:27,747: Early stopping criterion: loss
/fp/homes01/u01/ec-michelec/ModernBERT/lib64/python3.9/site-packages/networkx/utils/backends.py:135: RuntimeWarning: networkx backend defined more than once: nx-loopback
  backends.update(_get_backends("networkx.backends"))
2025-07-29 19:11:56,885: Landmark 1 | Epoch 1/20 | Train Loss: 0.3946 | Val Loss: 0.3228 | Validation AUC: 0.8292 | F1-Score: 0.0960
2025-07-29 19:11:58,278: New best model saved at /cluster/work/projects/ec12/michechi/cache/best/best_model_answerdotai_ModernBERT-large_4550_landmark1_full_no_time_rnd_3_512_all_landmarks_True_20250729_190427_.pt with AUC: 0.8292, F1: 0.0960, Val Loss: 0.3228
2025-07-29 19:19:14,427: Landmark 1 | Epoch 2/20 | Train Loss: 0.3395 | Val Loss: 0.3348 | Validation AUC: 0.8226 | F1-Score: 0.0085
2025-07-29 19:19:14,427: No improvement in epoch 2. Current best AUC: 0.8292, F1: 0.0960, Val Loss: 0.3228. Epochs without improvement: 1/1
2025-07-29 19:19:14,427: Early stopping triggered at epoch 2. Best AUC: 0.8292, F1: 0.0960, Val Loss: 0.3228
2025-07-29 19:19:15,281: Tempo impiegato per Landmark 1: 887.5 secondi
2025-07-29 19:19:15,283: Tempo medio per epoca: 443.8 secondi
2025-07-29 19:19:15,286: Loading best model from /cluster/work/projects/ec12/michechi/cache/best/best_model_answerdotai_ModernBERT-large_4550_landmark1_full_no_time_rnd_3_512_all_landmarks_True_20250729_190427_.pt for final evaluation on test set
2025-07-29 19:19:49,108: Final Test AUC (Landmark 1): 0.8153 | Test F1-Score: 0.0806
2025-07-29 19:19:49,108: Preparing data for Landmark 2
Some weights of ModernBertForSequenceClassification were not initialized from the model checkpoint at answerdotai/ModernBERT-large and are newly initialized: ['classifier.bias', 'classifier.weight']
You should probably TRAIN this model on a down-stream task to be able to use it for predictions and inference.
2025-07-29 19:19:56,023: Average train text length: 237.75 words
2025-07-29 19:19:56,023: Average validation text length: 236.84 words
2025-07-29 19:19:56,024: Average test text length: 236.66 words
2025-07-29 19:19:56,024: Training on 14472 samples, validating on 1608, testing on 4020 samples
2025-07-29 19:20:14,383: Fine-tuning at Landmark 2
2025-07-29 19:20:14,397: Early stopping criterion: loss
2025-07-29 19:27:33,774: Landmark 2 | Epoch 1/20 | Train Loss: 0.3947 | Val Loss: 0.3366 | Validation AUC: 0.8638 | F1-Score: 0.5133
2025-07-29 19:27:34,918: New best model saved at /cluster/work/projects/ec12/michechi/cache/best/best_model_answerdotai_ModernBERT-large_4550_landmark2_full_no_time_rnd_3_512_all_landmarks_True_20250729_192014_.pt with AUC: 0.8638, F1: 0.5133, Val Loss: 0.3366
2025-07-29 19:34:54,075: Landmark 2 | Epoch 2/20 | Train Loss: 0.3182 | Val Loss: 0.3057 | Validation AUC: 0.8762 | F1-Score: 0.2172
2025-07-29 19:34:55,147: New best model saved at /cluster/work/projects/ec12/michechi/cache/best/best_model_answerdotai_ModernBERT-large_4550_landmark2_full_no_time_rnd_3_512_all_landmarks_True_20250729_192014_.pt with AUC: 0.8762, F1: 0.2172, Val Loss: 0.3057
2025-07-29 19:42:14,998: Landmark 2 | Epoch 3/20 | Train Loss: 0.2978 | Val Loss: 0.2840 | Validation AUC: 0.8785 | F1-Score: 0.4406
2025-07-29 19:42:16,057: New best model saved at /cluster/work/projects/ec12/michechi/cache/best/best_model_answerdotai_ModernBERT-large_4550_landmark2_full_no_time_rnd_3_512_all_landmarks_True_20250729_192014_.pt with AUC: 0.8785, F1: 0.4406, Val Loss: 0.2840
2025-07-29 19:49:35,986: Landmark 2 | Epoch 4/20 | Train Loss: 0.2948 | Val Loss: 0.2761 | Validation AUC: 0.8843 | F1-Score: 0.5263
2025-07-29 19:49:37,070: New best model saved at /cluster/work/projects/ec12/michechi/cache/best/best_model_answerdotai_ModernBERT-large_4550_landmark2_full_no_time_rnd_3_512_all_landmarks_True_20250729_192014_.pt with AUC: 0.8843, F1: 0.5263, Val Loss: 0.2761
2025-07-29 19:56:56,695: Landmark 2 | Epoch 5/20 | Train Loss: 0.2703 | Val Loss: 0.2989 | Validation AUC: 0.8779 | F1-Score: 0.2518
2025-07-29 19:56:56,695: No improvement in epoch 5. Current best AUC: 0.8843, F1: 0.5263, Val Loss: 0.2761. Epochs without improvement: 1/1
2025-07-29 19:56:56,695: Early stopping triggered at epoch 5. Best AUC: 0.8843, F1: 0.5263, Val Loss: 0.2761
2025-07-29 19:56:57,480: Tempo impiegato per Landmark 2: 2203.1 secondi
2025-07-29 19:56:57,481: Tempo medio per epoca: 440.6 secondi
2025-07-29 19:56:57,483: Loading best model from /cluster/work/projects/ec12/michechi/cache/best/best_model_answerdotai_ModernBERT-large_4550_landmark2_full_no_time_rnd_3_512_all_landmarks_True_20250729_192014_.pt for final evaluation on test set
2025-07-29 19:57:31,388: Final Test AUC (Landmark 2): 0.8651 | Test F1-Score: 0.4703
2025-07-29 19:57:31,388: Preparing data for Landmark 3
Some weights of ModernBertForSequenceClassification were not initialized from the model checkpoint at answerdotai/ModernBERT-large and are newly initialized: ['classifier.bias', 'classifier.weight']
You should probably TRAIN this model on a down-stream task to be able to use it for predictions and inference.
2025-07-29 19:57:39,944: Average train text length: 356.21 words
2025-07-29 19:57:39,944: Average validation text length: 351.55 words
2025-07-29 19:57:39,944: Average test text length: 354.77 words
2025-07-29 19:57:39,944: Training on 14472 samples, validating on 1608, testing on 4020 samples
2025-07-29 19:58:07,191: Fine-tuning at Landmark 3
2025-07-29 19:58:07,205: Early stopping criterion: loss
2025-07-29 20:05:28,208: Landmark 3 | Epoch 1/20 | Train Loss: 0.2891 | Val Loss: 0.2196 | Validation AUC: 0.9347 | F1-Score: 0.6484
2025-07-29 20:05:29,262: New best model saved at /cluster/work/projects/ec12/michechi/cache/best/best_model_answerdotai_ModernBERT-large_4550_landmark3_full_no_time_rnd_3_512_all_landmarks_True_20250729_195807_.pt with AUC: 0.9347, F1: 0.6484, Val Loss: 0.2196
2025-07-29 20:12:50,548: Landmark 3 | Epoch 2/20 | Train Loss: 0.2285 | Val Loss: 0.2116 | Validation AUC: 0.9399 | F1-Score: 0.6211
2025-07-29 20:12:51,614: New best model saved at /cluster/work/projects/ec12/michechi/cache/best/best_model_answerdotai_ModernBERT-large_4550_landmark3_full_no_time_rnd_3_512_all_landmarks_True_20250729_195807_.pt with AUC: 0.9399, F1: 0.6211, Val Loss: 0.2116
2025-07-29 20:20:12,937: Landmark 3 | Epoch 3/20 | Train Loss: 0.2109 | Val Loss: 0.2078 | Validation AUC: 0.9406 | F1-Score: 0.6530
2025-07-29 20:20:14,008: New best model saved at /cluster/work/projects/ec12/michechi/cache/best/best_model_answerdotai_ModernBERT-large_4550_landmark3_full_no_time_rnd_3_512_all_landmarks_True_20250729_195807_.pt with AUC: 0.9406, F1: 0.6530, Val Loss: 0.2078
2025-07-29 20:27:35,623: Landmark 3 | Epoch 4/20 | Train Loss: 0.1929 | Val Loss: 0.2056 | Validation AUC: 0.9389 | F1-Score: 0.6748
2025-07-29 20:27:36,690: New best model saved at /cluster/work/projects/ec12/michechi/cache/best/best_model_answerdotai_ModernBERT-large_4550_landmark3_full_no_time_rnd_3_512_all_landmarks_True_20250729_195807_.pt with AUC: 0.9389, F1: 0.6748, Val Loss: 0.2056
2025-07-29 20:34:58,376: Landmark 3 | Epoch 5/20 | Train Loss: 0.1749 | Val Loss: 0.2061 | Validation AUC: 0.9396 | F1-Score: 0.6856
2025-07-29 20:34:58,377: No improvement in epoch 5. Current best AUC: 0.9389, F1: 0.6748, Val Loss: 0.2056. Epochs without improvement: 1/1
2025-07-29 20:34:58,377: Early stopping triggered at epoch 5. Best AUC: 0.9389, F1: 0.6748, Val Loss: 0.2056
2025-07-29 20:34:59,223: Tempo impiegato per Landmark 3: 2212.0 secondi
2025-07-29 20:34:59,223: Tempo medio per epoca: 442.4 secondi
2025-07-29 20:34:59,225: Loading best model from /cluster/work/projects/ec12/michechi/cache/best/best_model_answerdotai_ModernBERT-large_4550_landmark3_full_no_time_rnd_3_512_all_landmarks_True_20250729_195807_.pt for final evaluation on test set
2025-07-29 20:35:33,257: Final Test AUC (Landmark 3): 0.9390 | Test F1-Score: 0.6633
2025-07-29 20:35:33,258: Saving results to results_medical_True_answerdotai_ModernBERT-large_visits3_4550_full_no_time_rnd_20250729_203533.csv
Using device: cuda
Using device: cuda
Using device: cuda
   Landmark Val AUC  ... Validation Loss Training Time (s)
0         1  0.8292  ...          0.3228             887.5
1         2  0.8843  ...          0.2761            2203.1
2         3  0.9389  ...          0.2056            2212.0

[3 rows x 9 columns]

Job 1836051 consumed 29.2 billing hours from project ec12.

Submitted 2025-07-29T17:54:08; waited 1.2 hours in the queue after becoming eligible to run.

Requested wallclock time: 1.8 days
Elapsed wallclock time:   1.5 hours

Job exited normally.

Task and CPU statistics:
ID             CPUs  Tasks  CPU util                Start  Elapsed  Exit status
1836051          16            0.0 %  2025-07-29T19:03:21    1.5 h  0
1836051.batch    16      1     9.0 %  2025-07-29T19:03:21    1.5 h  0

Used CPU time:   2.2 CPU hours
Unused CPU time: 22.4 CPU hours

Memory statistics, in GiB:
ID              Alloc   Usage
1836051          32.0        
1836051.batch    32.0    12.3

GPU usage stats:
Job 1836051 completed at Tue Jul 29 20:35:38 CEST 2025
