Starting job 1853874 on gpu-9 on fox at Wed Aug 13 19:21:59 CEST 2025

2025-08-13 19:22:10,886: Argument CI: False
2025-08-13 19:22:10,886: Argument all_landmarks: True
2025-08-13 19:22:10,886: Argument batch_size: 8
2025-08-13 19:22:10,886: Argument cache_dir: '/cluster/work/projects/ec12/michechi/cache'
2025-08-13 19:22:10,886: Argument early: 'loss'
2025-08-13 19:22:10,886: Argument epochs: 20
2025-08-13 19:22:10,886: Argument gradient_accumulation_steps: 1
2025-08-13 19:22:10,886: Argument input_csv: '/fp/homes01/u01/ec-michelec/MIMICIV/data/splitted/splitted/landmark_df_evo.csv'
2025-08-13 19:22:10,886: Argument lr: 2e-05
2025-08-13 19:22:10,886: Argument max_length: 2048
2025-08-13 19:22:10,886: Argument max_visits: 4
2025-08-13 19:22:10,886: Argument model_name: 'answerdotai/ModernBERT-large'
2025-08-13 19:22:10,886: Argument model_type: 'general'
2025-08-13 19:22:10,886: Argument patience: 1
2025-08-13 19:22:10,886: Argument peft: False
2025-08-13 19:22:10,886: Argument prompt_type: 'compact'
2025-08-13 19:22:10,886: Argument seed: 4550
2025-08-13 19:22:10,886: Argument test_csv: '/fp/homes01/u01/ec-michelec/MIMICIV/data/splitted/splitted/landmark_evo_test_dod.csv'
2025-08-13 19:22:10,886: Argument train_csv: '/fp/homes01/u01/ec-michelec/MIMICIV/data/splitted/splitted/landmark_evo_train_dod.csv'
2025-08-13 19:22:10,886: Argument use_quantization: False
2025-08-13 19:22:10,886: Argument val_csv: '/fp/homes01/u01/ec-michelec/MIMICIV/data/splitted/splitted/landmark_evo_vali_dod.csv'
2025-08-13 19:22:10,886: Argument when_counting_death: 'last_visit'
2025-08-13 19:22:10,894: Using prompt type: compact
/fp/homes01/u01/ec-michelec/MIMICIV/src/Finetuning_rfct.py:79: DtypeWarning: Columns (16,17,18,19) have mixed types. Specify dtype option on import or set low_memory=False.
  full_train_df = pd.read_csv(args.train_csv, na_values=['', 'None', 'NaN', 'na', 'nan']).fillna('')
/fp/homes01/u01/ec-michelec/MIMICIV/src/Finetuning_rfct.py:81: DtypeWarning: Columns (16,17,18,19) have mixed types. Specify dtype option on import or set low_memory=False.
  full_test_df = pd.read_csv(args.test_csv, na_values=['', 'None', 'NaN', 'na', 'nan']).fillna('')
2025-08-13 19:22:47,037: Processing all landmarks from 1 to 4
2025-08-13 19:22:47,037: Preparing data for Landmark 1
2025-08-13 19:22:51,129: We will use 90% of the memory on device 0 for storing the model, and 10% for the buffer to avoid OOM. You can set `max_memory` in to a higher value to use more memory (at your own risk).
Some weights of ModernBertForSequenceClassification were not initialized from the model checkpoint at answerdotai/ModernBERT-large and are newly initialized: ['classifier.bias', 'classifier.weight']
You should probably TRAIN this model on a down-stream task to be able to use it for predictions and inference.
2025-08-13 19:22:56,230: Example train text: You are a Doctor.
What is the probability of death in the next 90 days for 43-year-old F patient?
Visit number 1 - EMERGENCY 

DIAGNOSIS HISTORY:
New diagnoses in this visit: Diverticulitis of colon (without mention of hemorrhage); Acute kidney failure, unspecified; Abscess of intestine; Other postoperative infection; Cellulitis and abscess of trunk; Methicillin susceptible Staphylococcus aureus in conditions classified elsewhere and of unspecified site; Removal of other organ (partial) (total) causing abnormal patient reaction, or later complication, without mention of misadventure at time of operation; Hypovolemia; Nausea with vomiting.
PRESCRIPTIONS HISTORY:
New medications in this visit: NS; Potassium Chloride; OxycoDONE (Immediate Release) ; Magnesium Citrate; SW; Magnesium Sulfate; Prochlorperazine; Lorazepam; HYDROmorphone (Dilaudid); Iso-Osmotic Dextrose; Piperacillin-Tazobactam Na; Potassium Chl 20 mEq / 1000 mL D5 1/2 NS; Insulin; LR; Acetaminophen; Ondansetron; Ketorolac; OxycoDONE-Acetaminophen Elixir; Sodium Chloride 0.9%  Flush; Docusate Sodium; Hydrocodone-Acetaminophen; D5W; Clindamycin; Fluticasone Propionate NASAL; Ciprofloxacin; Pantoprazole; Metoclopramide; Calcium Carbonate; Vancomycin; Cephalexin; Heparin; Bupivacaine 0.5%; Promethazine HCl; D5 1/2NS; Hydrocortisone (Rectal) 2.5% Cream; Morphine Sulfate; Escitalopram Oxalate; Maalox/Diphenhydramine/Lidocaine; Nafcillin; HydrOXYzine; MetRONIDAZOLE (FLagyl); Ibuprofen.
PROCEDURES HISTORY:
New procedures in this visit: Open and other sigmoidectomy.
2025-08-13 19:22:56,295: Average train text length: 148.15 words
2025-08-13 19:22:56,296: Average validation text length: 152.37 words
2025-08-13 19:22:56,296: Average test text length: 149.44 words
2025-08-13 19:22:56,296: Training on 8040 samples, validating on 894, testing on 2234 samples
2025-08-13 19:23:03,997: Fine-tuning at Landmark 1
2025-08-13 19:23:04,002: Early stopping criterion: loss
/fp/homes01/u01/ec-michelec/ModernBERT/lib64/python3.9/site-packages/networkx/utils/backends.py:135: RuntimeWarning: networkx backend defined more than once: nx-loopback
  backends.update(_get_backends("networkx.backends"))
2025-08-13 19:34:15,938: Landmark 1 | Epoch 1/20 | Train Loss: 0.6368 | Val Loss: 0.4630 | Validation AUC: 0.6293 | F1-Score: 0.0000
2025-08-13 19:34:16,536: New best model saved at /cluster/work/projects/ec12/michechi/cache/best/best_model_answerdotai_ModernBERT-large_4550_landmark1_compact_4_2048_last_visit_all_landmarks_True_20250813_192304_.pt with AUC: 0.6293, F1: 0.0000, Val Loss: 0.4630
2025-08-13 19:45:12,205: Landmark 1 | Epoch 2/20 | Train Loss: 0.4615 | Val Loss: 0.4513 | Validation AUC: 0.6933 | F1-Score: 0.0000
2025-08-13 19:45:12,756: New best model saved at /cluster/work/projects/ec12/michechi/cache/best/best_model_answerdotai_ModernBERT-large_4550_landmark1_compact_4_2048_last_visit_all_landmarks_True_20250813_192304_.pt with AUC: 0.6933, F1: 0.0000, Val Loss: 0.4513
2025-08-13 19:56:08,322: Landmark 1 | Epoch 3/20 | Train Loss: 0.4443 | Val Loss: 0.4304 | Validation AUC: 0.7280 | F1-Score: 0.0000
2025-08-13 19:56:08,867: New best model saved at /cluster/work/projects/ec12/michechi/cache/best/best_model_answerdotai_ModernBERT-large_4550_landmark1_compact_4_2048_last_visit_all_landmarks_True_20250813_192304_.pt with AUC: 0.7280, F1: 0.0000, Val Loss: 0.4304
2025-08-13 20:07:04,641: Landmark 1 | Epoch 4/20 | Train Loss: 0.4295 | Val Loss: 0.4158 | Validation AUC: 0.7488 | F1-Score: 0.0235
2025-08-13 20:07:05,175: New best model saved at /cluster/work/projects/ec12/michechi/cache/best/best_model_answerdotai_ModernBERT-large_4550_landmark1_compact_4_2048_last_visit_all_landmarks_True_20250813_192304_.pt with AUC: 0.7488, F1: 0.0235, Val Loss: 0.4158
2025-08-13 20:18:00,743: Landmark 1 | Epoch 5/20 | Train Loss: 0.4218 | Val Loss: 0.4137 | Validation AUC: 0.7564 | F1-Score: 0.0234
2025-08-13 20:18:01,284: New best model saved at /cluster/work/projects/ec12/michechi/cache/best/best_model_answerdotai_ModernBERT-large_4550_landmark1_compact_4_2048_last_visit_all_landmarks_True_20250813_192304_.pt with AUC: 0.7564, F1: 0.0234, Val Loss: 0.4137
2025-08-13 20:28:56,722: Landmark 1 | Epoch 6/20 | Train Loss: 0.4129 | Val Loss: 0.4687 | Validation AUC: 0.7609 | F1-Score: 0.4096
2025-08-13 20:28:56,722: No improvement in epoch 6. Current best AUC: 0.7564, F1: 0.0234, Val Loss: 0.4137. Epochs without improvement: 1/1
2025-08-13 20:28:56,722: Early stopping triggered at epoch 6. Best AUC: 0.7564, F1: 0.0234, Val Loss: 0.4137
2025-08-13 20:28:57,343: Tempo impiegato per Landmark 1: 3953.3 secondi
2025-08-13 20:28:57,343: Tempo medio per epoca: 658.9 secondi
2025-08-13 20:28:57,345: Loading best model from /cluster/work/projects/ec12/michechi/cache/best/best_model_answerdotai_ModernBERT-large_4550_landmark1_compact_4_2048_last_visit_all_landmarks_True_20250813_192304_.pt for final evaluation on test set
2025-08-13 20:29:45,915: Final Test AUC (Landmark 1): 0.7384 | Test F1-Score: 0.0284
2025-08-13 20:29:45,915: Preparing data for Landmark 2
2025-08-13 20:29:48,581: We will use 90% of the memory on device 0 for storing the model, and 10% for the buffer to avoid OOM. You can set `max_memory` in to a higher value to use more memory (at your own risk).
Some weights of ModernBertForSequenceClassification were not initialized from the model checkpoint at answerdotai/ModernBERT-large and are newly initialized: ['classifier.bias', 'classifier.weight']
You should probably TRAIN this model on a down-stream task to be able to use it for predictions and inference.
2025-08-13 20:29:54,887: Example train text: You are a Doctor.
What is the probability of death in the next 90 days for 43-year-old F patient?
Visit number 2 - EMERGENCY 
Last visit happened 6.0 days ago.
DIAGNOSIS HISTORY:
New diagnoses in this visit: Esophageal reflux; Diverticulosis of colon (without mention of hemorrhage); Other specified aftercare following surgery.
PRESCRIPTIONS HISTORY:
Chronic medications: Potassium Chl 20 mEq / 1000 mL D5 1/2 NS; LR; Acetaminophen; Ondansetron; Sodium Chloride 0.9%  Flush; Fluticasone Propionate NASAL; Pantoprazole; Heparin; Escitalopram Oxalate.
New medications in this visit: Ranitidine; Promethazine; Ondansetron ODT.
PROCEDURES HISTORY:
New procedures in this visit: .
2025-08-13 20:29:54,957: Average train text length: 161.71 words
2025-08-13 20:29:54,957: Average validation text length: 162.29 words
2025-08-13 20:29:54,957: Average test text length: 161.59 words
2025-08-13 20:29:54,957: Training on 8040 samples, validating on 894, testing on 2234 samples
2025-08-13 20:30:04,284: Fine-tuning at Landmark 2
2025-08-13 20:30:04,299: Early stopping criterion: loss
2025-08-13 20:40:56,349: Landmark 2 | Epoch 1/20 | Train Loss: 0.6266 | Val Loss: 0.4632 | Validation AUC: 0.6396 | F1-Score: 0.0000
2025-08-13 20:40:56,884: New best model saved at /cluster/work/projects/ec12/michechi/cache/best/best_model_answerdotai_ModernBERT-large_4550_landmark2_compact_4_2048_last_visit_all_landmarks_True_20250813_203004_.pt with AUC: 0.6396, F1: 0.0000, Val Loss: 0.4632
2025-08-13 20:51:48,391: Landmark 2 | Epoch 2/20 | Train Loss: 0.4525 | Val Loss: 0.4349 | Validation AUC: 0.7193 | F1-Score: 0.0000
2025-08-13 20:51:48,926: New best model saved at /cluster/work/projects/ec12/michechi/cache/best/best_model_answerdotai_ModernBERT-large_4550_landmark2_compact_4_2048_last_visit_all_landmarks_True_20250813_203004_.pt with AUC: 0.7193, F1: 0.0000, Val Loss: 0.4349
2025-08-13 21:02:40,167: Landmark 2 | Epoch 3/20 | Train Loss: 0.4301 | Val Loss: 0.4144 | Validation AUC: 0.7612 | F1-Score: 0.0119
2025-08-13 21:02:40,707: New best model saved at /cluster/work/projects/ec12/michechi/cache/best/best_model_answerdotai_ModernBERT-large_4550_landmark2_compact_4_2048_last_visit_all_landmarks_True_20250813_203004_.pt with AUC: 0.7612, F1: 0.0119, Val Loss: 0.4144
2025-08-13 21:13:31,940: Landmark 2 | Epoch 4/20 | Train Loss: 0.4128 | Val Loss: 0.4082 | Validation AUC: 0.7792 | F1-Score: 0.0694
2025-08-13 21:13:32,493: New best model saved at /cluster/work/projects/ec12/michechi/cache/best/best_model_answerdotai_ModernBERT-large_4550_landmark2_compact_4_2048_last_visit_all_landmarks_True_20250813_203004_.pt with AUC: 0.7792, F1: 0.0694, Val Loss: 0.4082
2025-08-13 21:24:23,983: Landmark 2 | Epoch 5/20 | Train Loss: 0.3991 | Val Loss: 0.3909 | Validation AUC: 0.7938 | F1-Score: 0.2189
2025-08-13 21:24:24,526: New best model saved at /cluster/work/projects/ec12/michechi/cache/best/best_model_answerdotai_ModernBERT-large_4550_landmark2_compact_4_2048_last_visit_all_landmarks_True_20250813_203004_.pt with AUC: 0.7938, F1: 0.2189, Val Loss: 0.3909
2025-08-13 21:35:16,022: Landmark 2 | Epoch 6/20 | Train Loss: 0.3916 | Val Loss: 0.5157 | Validation AUC: 0.7850 | F1-Score: 0.4852
2025-08-13 21:35:16,022: No improvement in epoch 6. Current best AUC: 0.7938, F1: 0.2189, Val Loss: 0.3909. Epochs without improvement: 1/1
2025-08-13 21:35:16,022: Early stopping triggered at epoch 6. Best AUC: 0.7938, F1: 0.2189, Val Loss: 0.3909
2025-08-13 21:35:16,458: Tempo impiegato per Landmark 2: 3912.2 secondi
2025-08-13 21:35:16,459: Tempo medio per epoca: 652.0 secondi
2025-08-13 21:35:16,461: Loading best model from /cluster/work/projects/ec12/michechi/cache/best/best_model_answerdotai_ModernBERT-large_4550_landmark2_compact_4_2048_last_visit_all_landmarks_True_20250813_203004_.pt for final evaluation on test set
2025-08-13 21:36:03,949: Final Test AUC (Landmark 2): 0.7669 | Test F1-Score: 0.2314
2025-08-13 21:36:03,949: Preparing data for Landmark 3
2025-08-13 21:36:06,462: We will use 90% of the memory on device 0 for storing the model, and 10% for the buffer to avoid OOM. You can set `max_memory` in to a higher value to use more memory (at your own risk).
Some weights of ModernBertForSequenceClassification were not initialized from the model checkpoint at answerdotai/ModernBERT-large and are newly initialized: ['classifier.bias', 'classifier.weight']
You should probably TRAIN this model on a down-stream task to be able to use it for predictions and inference.
2025-08-13 21:36:13,330: Example train text: You are a Doctor.
What is the probability of death in the next 90 days for 46-year-old F patient?
Visit number 3 - NORMAL 
Last visit happened 1127.0 days ago.
DIAGNOSIS HISTORY:
New diagnoses in this visit: Chest pain, unspecified; Orthostatic hypotension.
PRESCRIPTIONS HISTORY:
Chronic medications: Potassium Chl 20 mEq / 1000 mL D5 1/2 NS; LR; Acetaminophen; Ondansetron; Sodium Chloride 0.9%  Flush; Fluticasone Propionate NASAL; Pantoprazole; Heparin; Escitalopram Oxalate.
New medications in this visit: .
PROCEDURES HISTORY:
Chronic procedures: .
2025-08-13 21:36:13,415: Average train text length: 182.84 words
2025-08-13 21:36:13,415: Average validation text length: 183.68 words
2025-08-13 21:36:13,415: Average test text length: 181.70 words
2025-08-13 21:36:13,415: Training on 8040 samples, validating on 894, testing on 2234 samples
2025-08-13 21:36:22,590: Fine-tuning at Landmark 3
2025-08-13 21:36:22,620: Early stopping criterion: loss
2025-08-13 21:47:14,026: Landmark 3 | Epoch 1/20 | Train Loss: 0.6345 | Val Loss: 0.4363 | Validation AUC: 0.7181 | F1-Score: 0.0000
2025-08-13 21:47:14,560: New best model saved at /cluster/work/projects/ec12/michechi/cache/best/best_model_answerdotai_ModernBERT-large_4550_landmark3_compact_4_2048_last_visit_all_landmarks_True_20250813_213622_.pt with AUC: 0.7181, F1: 0.0000, Val Loss: 0.4363
2025-08-13 21:58:05,671: Landmark 3 | Epoch 2/20 | Train Loss: 0.4296 | Val Loss: 0.3949 | Validation AUC: 0.8000 | F1-Score: 0.0585
2025-08-13 21:58:06,218: New best model saved at /cluster/work/projects/ec12/michechi/cache/best/best_model_answerdotai_ModernBERT-large_4550_landmark3_compact_4_2048_last_visit_all_landmarks_True_20250813_213622_.pt with AUC: 0.8000, F1: 0.0585, Val Loss: 0.3949
2025-08-13 22:08:58,017: Landmark 3 | Epoch 3/20 | Train Loss: 0.4180 | Val Loss: 0.4729 | Validation AUC: 0.6754 | F1-Score: 0.0000
2025-08-13 22:08:58,017: No improvement in epoch 3. Current best AUC: 0.8000, F1: 0.0585, Val Loss: 0.3949. Epochs without improvement: 1/1
2025-08-13 22:08:58,017: Early stopping triggered at epoch 3. Best AUC: 0.8000, F1: 0.0585, Val Loss: 0.3949
2025-08-13 22:08:58,756: Tempo impiegato per Landmark 3: 1956.2 secondi
2025-08-13 22:08:58,756: Tempo medio per epoca: 652.1 secondi
2025-08-13 22:08:58,759: Loading best model from /cluster/work/projects/ec12/michechi/cache/best/best_model_answerdotai_ModernBERT-large_4550_landmark3_compact_4_2048_last_visit_all_landmarks_True_20250813_213622_.pt for final evaluation on test set
2025-08-13 22:09:46,229: Final Test AUC (Landmark 3): 0.7816 | Test F1-Score: 0.0512
2025-08-13 22:09:46,229: Preparing data for Landmark 4
2025-08-13 22:09:48,632: We will use 90% of the memory on device 0 for storing the model, and 10% for the buffer to avoid OOM. You can set `max_memory` in to a higher value to use more memory (at your own risk).
Some weights of ModernBertForSequenceClassification were not initialized from the model checkpoint at answerdotai/ModernBERT-large and are newly initialized: ['classifier.bias', 'classifier.weight']
You should probably TRAIN this model on a down-stream task to be able to use it for predictions and inference.
2025-08-13 22:09:56,513: Example train text: You are a Doctor.
What is the probability of death in the next 90 days for 47-year-old F patient?
Visit number 4 - NORMAL 
Last visit happened 233.0 days ago.
DIAGNOSIS HISTORY:
Chronic diagnoses: Esophageal reflux; Diverticulosis of colon (without mention of hemorrhage).
New diagnoses in this visit: Other specified disorders of intestine; Ulceration of intestine; Other and unspecified ovarian cyst; Intestinal bypass or anastomosis status; Anxiety state, unspecified.
PRESCRIPTIONS HISTORY:
Chronic medications: Lorazepam; HYDROmorphone (Dilaudid); Potassium Chl 20 mEq / 1000 mL D5 1/2 NS; LR; Acetaminophen; Ondansetron; Ketorolac; Sodium Chloride 0.9%  Flush; Docusate Sodium; Fluticasone Propionate NASAL; Pantoprazole; Calcium Carbonate; Heparin; Escitalopram Oxalate; Ranitidine; Ondansetron ODT.
New medications in this visit: Senna; Vitamin D; Omeprazole; Desitin; 0.45% Sodium Chloride; 0.9% Sodium Chloride; Multivitamins; Influenza Virus Vaccine; Golytely; Neutra-Phos; Fish Oil (Omega 3); Naproxen.
PROCEDURES HISTORY:
Chronic procedures: .
New procedures in this visit: Closed [endoscopic] biopsy of large intestine.
2025-08-13 22:09:56,615: Average train text length: 212.44 words
2025-08-13 22:09:56,616: Average validation text length: 213.31 words
2025-08-13 22:09:56,616: Average test text length: 212.92 words
2025-08-13 22:09:56,616: Training on 8040 samples, validating on 894, testing on 2234 samples
2025-08-13 22:10:06,743: Fine-tuning at Landmark 4
2025-08-13 22:10:06,778: Early stopping criterion: loss
2025-08-13 22:20:58,222: Landmark 4 | Epoch 1/20 | Train Loss: 0.6210 | Val Loss: 0.3718 | Validation AUC: 0.8295 | F1-Score: 0.2476
2025-08-13 22:20:58,769: New best model saved at /cluster/work/projects/ec12/michechi/cache/best/best_model_answerdotai_ModernBERT-large_4550_landmark4_compact_4_2048_last_visit_all_landmarks_True_20250813_221006_.pt with AUC: 0.8295, F1: 0.2476, Val Loss: 0.3718
2025-08-13 22:31:50,470: Landmark 4 | Epoch 2/20 | Train Loss: 0.3478 | Val Loss: 0.2838 | Validation AUC: 0.9180 | F1-Score: 0.6508
2025-08-13 22:31:51,020: New best model saved at /cluster/work/projects/ec12/michechi/cache/best/best_model_answerdotai_ModernBERT-large_4550_landmark4_compact_4_2048_last_visit_all_landmarks_True_20250813_221006_.pt with AUC: 0.9180, F1: 0.6508, Val Loss: 0.2838
2025-08-13 22:42:42,461: Landmark 4 | Epoch 3/20 | Train Loss: 0.2898 | Val Loss: 0.2411 | Validation AUC: 0.9373 | F1-Score: 0.7067
2025-08-13 22:42:42,990: New best model saved at /cluster/work/projects/ec12/michechi/cache/best/best_model_answerdotai_ModernBERT-large_4550_landmark4_compact_4_2048_last_visit_all_landmarks_True_20250813_221006_.pt with AUC: 0.9373, F1: 0.7067, Val Loss: 0.2411
2025-08-13 22:53:34,850: Landmark 4 | Epoch 4/20 | Train Loss: 0.2568 | Val Loss: 0.2243 | Validation AUC: 0.9469 | F1-Score: 0.7205
2025-08-13 22:53:35,465: New best model saved at /cluster/work/projects/ec12/michechi/cache/best/best_model_answerdotai_ModernBERT-large_4550_landmark4_compact_4_2048_last_visit_all_landmarks_True_20250813_221006_.pt with AUC: 0.9469, F1: 0.7205, Val Loss: 0.2243
2025-08-13 23:04:26,639: Landmark 4 | Epoch 5/20 | Train Loss: 0.2412 | Val Loss: 0.2204 | Validation AUC: 0.9488 | F1-Score: 0.7237
2025-08-13 23:04:27,157: New best model saved at /cluster/work/projects/ec12/michechi/cache/best/best_model_answerdotai_ModernBERT-large_4550_landmark4_compact_4_2048_last_visit_all_landmarks_True_20250813_221006_.pt with AUC: 0.9488, F1: 0.7237, Val Loss: 0.2204
2025-08-13 23:15:18,172: Landmark 4 | Epoch 6/20 | Train Loss: 0.2344 | Val Loss: 0.2452 | Validation AUC: 0.9474 | F1-Score: 0.7303
2025-08-13 23:15:18,172: No improvement in epoch 6. Current best AUC: 0.9488, F1: 0.7237, Val Loss: 0.2204. Epochs without improvement: 1/1
2025-08-13 23:15:18,173: Early stopping triggered at epoch 6. Best AUC: 0.9488, F1: 0.7237, Val Loss: 0.2204
2025-08-13 23:15:18,612: Tempo impiegato per Landmark 4: 3911.9 secondi
2025-08-13 23:15:18,612: Tempo medio per epoca: 652.0 secondi
2025-08-13 23:15:18,615: Loading best model from /cluster/work/projects/ec12/michechi/cache/best/best_model_answerdotai_ModernBERT-large_4550_landmark4_compact_4_2048_last_visit_all_landmarks_True_20250813_221006_.pt for final evaluation on test set
2025-08-13 23:16:06,032: Final Test AUC (Landmark 4): 0.9208 | Test F1-Score: 0.6772
2025-08-13 23:16:06,033: Saving results to results_general_True_answerdotai_ModernBERT-large_last_visit_visits4_4550_2048_compact_20250813_231606.csv
Using device: cuda
Using device: cuda
Using device: cuda
Using device: cuda
   Landmark Val AUC  ... Validation Loss Training Time (s)
0         1  0.7564  ...          0.4137            3953.3
1         2  0.7938  ...          0.3909            3912.2
2         3  0.8000  ...          0.3949            1956.2
3         4  0.9488  ...          0.2204            3911.9

[4 rows x 9 columns]

Job 1853874 consumed 74.2 billing hours from project ec12.

Submitted 2025-08-13T16:36:51; waited 2.8 hours in the queue after becoming eligible to run.

Requested wallclock time: 10.0 hours
Elapsed wallclock time:   3.9 hours

Job exited normally.

Task and CPU statistics:
ID             CPUs  Tasks  CPU util                Start  Elapsed  Exit status
1853874          16            0.0 %  2025-08-13T19:21:58    3.9 h  0
1853874.batch    16      1     7.7 %  2025-08-13T19:21:58    3.9 h  0

Used CPU time:   4.8 CPU hours
Unused CPU time: 2.4 CPU days

Memory statistics, in GiB:
ID              Alloc   Usage
1853874          32.0        
1853874.batch    32.0    15.0

GPU usage stats:
Job 1853874 completed at Wed Aug 13 23:16:11 CEST 2025
