Starting job 1833055 on gpu-8 on fox at Sun Jul 27 09:19:43 CEST 2025

2025-07-27 09:20:12,643: Argument all_landmarks: True
2025-07-27 09:20:12,644: Argument batch_size: 8
2025-07-27 09:20:12,644: Argument cache_dir: '/cluster/work/projects/ec12/michechi/cache'
2025-07-27 09:20:12,644: Argument early: 'loss'
2025-07-27 09:20:12,644: Argument epochs: 20
2025-07-27 09:20:12,644: Argument gradient_accumulation_steps: 1
2025-07-27 09:20:12,644: Argument input_csv: '/fp/homes01/u01/ec-michelec/MIMICIV/data/splitted/splitted/landmark_df_evo.csv'
2025-07-27 09:20:12,644: Argument lr: 2e-05
2025-07-27 09:20:12,644: Argument max_length: 512
2025-07-27 09:20:12,644: Argument max_visits: 3
2025-07-27 09:20:12,644: Argument model_name: 'answerdotai/ModernBERT-large'
2025-07-27 09:20:12,645: Argument model_type: 'medbert'
2025-07-27 09:20:12,645: Argument patience: 3
2025-07-27 09:20:12,645: Argument peft: True
2025-07-27 09:20:12,645: Argument prompt_type: 'compact_no_time_rnd'
2025-07-27 09:20:12,645: Argument seed: 9550
2025-07-27 09:20:12,645: Argument test_csv: '/fp/homes01/u01/ec-michelec/MIMICIV/data/splitted/splitted/landmark_evo_test.csv'
2025-07-27 09:20:12,645: Argument train_csv: '/fp/homes01/u01/ec-michelec/MIMICIV/data/splitted/splitted/landmark_evo_train.csv'
2025-07-27 09:20:12,645: Argument use_quantization: False
2025-07-27 09:20:12,645: Argument val_csv: '/fp/homes01/u01/ec-michelec/MIMICIV/data/splitted/splitted/landmark_evo_vali.csv'
2025-07-27 09:20:13,037: Using prompt type: compact_no_time_rnd
/fp/homes01/u01/ec-michelec/MIMICIV/src/Finetuning.py:450: DtypeWarning: Columns (16,17,18,19) have mixed types. Specify dtype option on import or set low_memory=False.
  full_train_df = pd.read_csv(args.train_csv, na_values=['', 'None', 'NaN', 'na', 'nan']).fillna('')
/fp/homes01/u01/ec-michelec/MIMICIV/src/Finetuning.py:452: DtypeWarning: Columns (16,17,18,19) have mixed types. Specify dtype option on import or set low_memory=False.
  full_test_df = pd.read_csv(args.test_csv, na_values=['', 'None', 'NaN', 'na', 'nan']).fillna('')
2025-07-27 09:20:49,096: Processing all landmarks from 1 to 3
2025-07-27 09:20:49,096: Preparing data for Landmark 1
Some weights of ModernBertForSequenceClassification were not initialized from the model checkpoint at answerdotai/ModernBERT-large and are newly initialized: ['classifier.bias', 'classifier.weight']
You should probably TRAIN this model on a down-stream task to be able to use it for predictions and inference.
2025-07-27 09:20:59,520: Average train text length: 133.90 words
2025-07-27 09:20:59,520: Average validation text length: 133.07 words
2025-07-27 09:20:59,520: Average test text length: 134.65 words
2025-07-27 09:20:59,520: Training on 14472 samples, validating on 1608, testing on 4020 samples
2025-07-27 09:21:09,917: Fine-tuning at Landmark 1
2025-07-27 09:21:09,922: Early stopping criterion: loss
/fp/homes01/u01/ec-michelec/ModernBERT/lib64/python3.9/site-packages/networkx/utils/backends.py:135: RuntimeWarning: networkx backend defined more than once: nx-loopback
  backends.update(_get_backends("networkx.backends"))
2025-07-27 09:28:23,911: Landmark 1 | Epoch 1/20 | Train Loss: 0.3854 | Val Loss: 0.3344 | Validation AUC: 0.8229 | F1-Score: 0.0417
2025-07-27 09:35:20,693: Landmark 1 | Epoch 2/20 | Train Loss: 0.3464 | Val Loss: 0.3212 | Validation AUC: 0.8275 | F1-Score: 0.2968
2025-07-27 09:42:17,112: Landmark 1 | Epoch 3/20 | Train Loss: 0.3293 | Val Loss: 0.3247 | Validation AUC: 0.8294 | F1-Score: 0.1040
2025-07-27 09:49:13,002: Landmark 1 | Epoch 4/20 | Train Loss: 0.3419 | Val Loss: 0.4246 | Validation AUC: 0.7524 | F1-Score: 0.2778
2025-07-27 09:56:09,446: Landmark 1 | Epoch 5/20 | Train Loss: 0.3436 | Val Loss: 0.3324 | Validation AUC: 0.8207 | F1-Score: 0.4142
2025-07-27 09:56:09,446: Early stopping triggered at epoch 5
2025-07-27 09:56:10,534: Tempo impiegato per Landmark 1: 2100.6 secondi
2025-07-27 09:56:10,534: Tempo medio per epoca: 420.1 secondi
2025-07-27 09:56:10,540: Loading best model from /cluster/work/projects/ec12/michechi/cache/best/best_model_answerdotai_ModernBERT-large_landmark1_compact_no_time_rnd_3_512_all_landmarks_True_20250727_092109_.pt for final evaluation on test set
2025-07-27 09:56:43,372: Final Test AUC (Landmark 1): 0.8227 | Test F1-Score: 0.2872
2025-07-27 09:56:43,372: Preparing data for Landmark 2
Some weights of ModernBertForSequenceClassification were not initialized from the model checkpoint at answerdotai/ModernBERT-large and are newly initialized: ['classifier.bias', 'classifier.weight']
You should probably TRAIN this model on a down-stream task to be able to use it for predictions and inference.
2025-07-27 09:56:51,800: Average train text length: 137.85 words
2025-07-27 09:56:51,800: Average validation text length: 137.77 words
2025-07-27 09:56:51,800: Average test text length: 136.01 words
2025-07-27 09:56:51,800: Training on 14472 samples, validating on 1608, testing on 4020 samples
2025-07-27 09:57:03,303: Fine-tuning at Landmark 2
2025-07-27 09:57:03,319: Early stopping criterion: loss
2025-07-27 10:04:01,316: Landmark 2 | Epoch 1/20 | Train Loss: 0.3948 | Val Loss: 0.3307 | Validation AUC: 0.8360 | F1-Score: 0.0747
2025-07-27 10:10:59,814: Landmark 2 | Epoch 2/20 | Train Loss: 0.3296 | Val Loss: 0.2884 | Validation AUC: 0.8768 | F1-Score: 0.2667
2025-07-27 10:17:58,460: Landmark 2 | Epoch 3/20 | Train Loss: 0.3009 | Val Loss: 0.2766 | Validation AUC: 0.8818 | F1-Score: 0.5128
2025-07-27 10:24:56,170: Landmark 2 | Epoch 4/20 | Train Loss: 0.2841 | Val Loss: 0.2749 | Validation AUC: 0.8836 | F1-Score: 0.4840
2025-07-27 10:31:55,568: Landmark 2 | Epoch 5/20 | Train Loss: 0.2712 | Val Loss: 0.2803 | Validation AUC: 0.8761 | F1-Score: 0.4632
2025-07-27 10:38:53,253: Landmark 2 | Epoch 6/20 | Train Loss: 0.2511 | Val Loss: 0.3017 | Validation AUC: 0.8630 | F1-Score: 0.1993
2025-07-27 10:45:50,608: Landmark 2 | Epoch 7/20 | Train Loss: 0.2435 | Val Loss: 0.3129 | Validation AUC: 0.8618 | F1-Score: 0.5110
2025-07-27 10:45:50,608: Early stopping triggered at epoch 7
2025-07-27 10:45:51,641: Tempo impiegato per Landmark 2: 2928.3 secondi
2025-07-27 10:45:51,642: Tempo medio per epoca: 418.3 secondi
2025-07-27 10:45:51,644: Loading best model from /cluster/work/projects/ec12/michechi/cache/best/best_model_answerdotai_ModernBERT-large_landmark2_compact_no_time_rnd_3_512_all_landmarks_True_20250727_095703_.pt for final evaluation on test set
2025-07-27 10:46:24,401: Final Test AUC (Landmark 2): 0.8542 | Test F1-Score: 0.4334
2025-07-27 10:46:24,401: Preparing data for Landmark 3
Some weights of ModernBertForSequenceClassification were not initialized from the model checkpoint at answerdotai/ModernBERT-large and are newly initialized: ['classifier.bias', 'classifier.weight']
You should probably TRAIN this model on a down-stream task to be able to use it for predictions and inference.
2025-07-27 10:46:31,468: Average train text length: 180.40 words
2025-07-27 10:46:31,468: Average validation text length: 176.07 words
2025-07-27 10:46:31,468: Average test text length: 180.19 words
2025-07-27 10:46:31,469: Training on 14472 samples, validating on 1608, testing on 4020 samples
2025-07-27 10:46:45,667: Fine-tuning at Landmark 3
2025-07-27 10:46:45,674: Early stopping criterion: loss
2025-07-27 10:53:43,987: Landmark 3 | Epoch 1/20 | Train Loss: 0.2801 | Val Loss: 0.2493 | Validation AUC: 0.9402 | F1-Score: 0.5015
2025-07-27 11:00:43,267: Landmark 3 | Epoch 2/20 | Train Loss: 0.2122 | Val Loss: 0.2033 | Validation AUC: 0.9483 | F1-Score: 0.6467
2025-07-27 11:07:42,418: Landmark 3 | Epoch 3/20 | Train Loss: 0.1998 | Val Loss: 0.1863 | Validation AUC: 0.9531 | F1-Score: 0.7062
2025-07-27 11:14:41,948: Landmark 3 | Epoch 4/20 | Train Loss: 0.1800 | Val Loss: 0.1814 | Validation AUC: 0.9558 | F1-Score: 0.7309
2025-07-27 11:21:41,789: Landmark 3 | Epoch 5/20 | Train Loss: 0.1601 | Val Loss: 0.1958 | Validation AUC: 0.9492 | F1-Score: 0.7185
2025-07-27 11:28:40,925: Landmark 3 | Epoch 6/20 | Train Loss: 0.1332 | Val Loss: 0.1839 | Validation AUC: 0.9542 | F1-Score: 0.7451
2025-07-27 11:35:38,982: Landmark 3 | Epoch 7/20 | Train Loss: 0.0925 | Val Loss: 0.2173 | Validation AUC: 0.9478 | F1-Score: 0.7077
2025-07-27 11:35:38,983: Early stopping triggered at epoch 7
2025-07-27 11:35:39,953: Tempo impiegato per Landmark 3: 2934.3 secondi
2025-07-27 11:35:39,954: Tempo medio per epoca: 419.2 secondi
2025-07-27 11:35:39,956: Loading best model from /cluster/work/projects/ec12/michechi/cache/best/best_model_answerdotai_ModernBERT-large_landmark3_compact_no_time_rnd_3_512_all_landmarks_True_20250727_104645_.pt for final evaluation on test set
2025-07-27 11:36:12,492: Final Test AUC (Landmark 3): 0.9469 | Test F1-Score: 0.7451
2025-07-27 11:36:12,496: Saving results to results_medbert_answerdotai_ModernBERT-large_visits3_peft_9550_compact_no_time_rnd_20250727_113612.csv
Using device: cuda
Using device: cuda
Using device: cuda
   Landmark Val AUC  ... Validation Loss Training Time (s)
0         1  0.8275  ...          0.3212            2100.6
1         2  0.8836  ...          0.2749            2928.3
2         3  0.9558  ...          0.1814            2934.3

[3 rows x 9 columns]

Job 1833055 consumed 43.3 billing hours from project ec12.

Submitted 2025-07-27T09:19:35; waited 8.0 seconds in the queue after becoming eligible to run.

Requested wallclock time: 1.8 days
Elapsed wallclock time:   2.3 hours

Job exited normally.

Task and CPU statistics:
ID             CPUs  Tasks  CPU util                Start  Elapsed  Exit status
1833055          16            0.0 %  2025-07-27T09:19:43    2.3 h  0
1833055.batch    16      1     9.1 %  2025-07-27T09:19:43    2.3 h  0

Used CPU time:   3.3 CPU hours
Unused CPU time: 1.4 CPU days

Memory statistics, in GiB:
ID              Alloc   Usage
1833055          32.0        
1833055.batch    32.0    12.5

GPU usage stats:
Job 1833055 completed at Sun Jul 27 11:36:21 CEST 2025
