Starting job 1825184 on gpu-9 on fox at Thu Jul 24 17:14:43 CEST 2025

2025-07-24 17:15:27,462: Argument all_landmarks: False
2025-07-24 17:15:27,462: Argument batch_size: 8
2025-07-24 17:15:27,462: Argument cache_dir: '/cluster/work/projects/ec12/michechi/cache'
2025-07-24 17:15:27,462: Argument early: 'loss'
2025-07-24 17:15:27,462: Argument epochs: 20
2025-07-24 17:15:27,462: Argument gradient_accumulation_steps: 1
2025-07-24 17:15:27,462: Argument input_csv: '/fp/homes01/u01/ec-michelec/MIMICIV/data/splitted/splitted/landmark_df_evo.csv'
2025-07-24 17:15:27,462: Argument lr: 2e-05
2025-07-24 17:15:27,462: Argument max_length: 512
2025-07-24 17:15:27,462: Argument max_visits: 3
2025-07-24 17:15:27,462: Argument model_name: 'emilyalsentzer/Bio_ClinicalBERT'
2025-07-24 17:15:27,462: Argument model_type: 'medbert'
2025-07-24 17:15:27,462: Argument patience: 3
2025-07-24 17:15:27,462: Argument peft: False
2025-07-24 17:15:27,462: Argument prompt_type: 'compact_no_time_rnd'
2025-07-24 17:15:27,462: Argument seed: 9550
2025-07-24 17:15:27,462: Argument test_csv: '/fp/homes01/u01/ec-michelec/MIMICIV/data/splitted/splitted/landmark_evo_test.csv'
2025-07-24 17:15:27,462: Argument train_csv: '/fp/homes01/u01/ec-michelec/MIMICIV/data/splitted/splitted/landmark_evo_train.csv'
2025-07-24 17:15:27,462: Argument use_quantization: False
2025-07-24 17:15:27,462: Argument val_csv: '/fp/homes01/u01/ec-michelec/MIMICIV/data/splitted/splitted/landmark_evo_vali.csv'
2025-07-24 17:15:28,183: Using prompt type: compact_no_time_rnd
/fp/homes01/u01/ec-michelec/MIMICIV/src/Finetuning.py:450: DtypeWarning: Columns (16,17,18,19) have mixed types. Specify dtype option on import or set low_memory=False.
  full_train_df = pd.read_csv(args.train_csv, na_values=['', 'None', 'NaN', 'na', 'nan']).fillna('')
/fp/homes01/u01/ec-michelec/MIMICIV/src/Finetuning.py:452: DtypeWarning: Columns (16,17,18,19) have mixed types. Specify dtype option on import or set low_memory=False.
  full_test_df = pd.read_csv(args.test_csv, na_values=['', 'None', 'NaN', 'na', 'nan']).fillna('')
2025-07-24 17:16:04,886: Processing only the last landmark visit: 3
2025-07-24 17:16:04,886: Preparing data for Landmark 3
/fp/projects01/ec30/software/easybuild/software/nlpl-pytorch/2.1.2-foss-2022b-cuda-12.0.0-Python-3.10.8/lib/python3.10/site-packages/torch/_utils.py:831: UserWarning: TypedStorage is deprecated. It will be removed in the future and UntypedStorage will be the only storage class. This should only matter to you if you are using storages directly.  To access UntypedStorage directly, use tensor.untyped_storage() instead of tensor.storage()
  return self.fget.__get__(instance, owner)()
Some weights of BertForSequenceClassification were not initialized from the model checkpoint at emilyalsentzer/Bio_ClinicalBERT and are newly initialized: ['classifier.bias', 'classifier.weight']
You should probably TRAIN this model on a down-stream task to be able to use it for predictions and inference.
2025-07-24 17:16:13,771: Average train text length: 180.40 words
2025-07-24 17:16:13,772: Average validation text length: 176.07 words
2025-07-24 17:16:13,772: Average test text length: 180.19 words
2025-07-24 17:16:13,772: Training on 14472 samples, validating on 1608, testing on 4020 samples
2025-07-24 17:16:31,685: Fine-tuning at Landmark 3
2025-07-24 17:16:33,271: Early stopping criterion: loss
2025-07-24 17:18:28,009: Landmark 3 | Epoch 1/20 | Train Loss: 0.2857 | Val Loss: 0.2090 | Validation AUC: 0.9394 | F1-Score: 0.7032
2025-07-24 17:20:22,229: Landmark 3 | Epoch 2/20 | Train Loss: 0.2118 | Val Loss: 0.1894 | Validation AUC: 0.9556 | F1-Score: 0.7101
2025-07-24 17:22:16,238: Landmark 3 | Epoch 3/20 | Train Loss: 0.1879 | Val Loss: 0.1843 | Validation AUC: 0.9526 | F1-Score: 0.7226
2025-07-24 17:24:10,243: Landmark 3 | Epoch 4/20 | Train Loss: 0.1667 | Val Loss: 0.2048 | Validation AUC: 0.9519 | F1-Score: 0.7218
2025-07-24 17:26:03,847: Landmark 3 | Epoch 5/20 | Train Loss: 0.1380 | Val Loss: 0.2315 | Validation AUC: 0.9501 | F1-Score: 0.7038
2025-07-24 17:27:57,456: Landmark 3 | Epoch 6/20 | Train Loss: 0.1038 | Val Loss: 0.2913 | Validation AUC: 0.9350 | F1-Score: 0.6855
2025-07-24 17:27:57,457: Early stopping triggered at epoch 6
2025-07-24 17:27:57,984: Tempo impiegato per Landmark 3: 686.3 secondi
2025-07-24 17:27:57,984: Tempo medio per epoca: 114.4 secondi
2025-07-24 17:27:57,986: Loading best model from /cluster/work/projects/ec12/michechi/cache/best/best_model_emilyalsentzer_Bio_ClinicalBERT_landmark3_compact_no_time_rnd_3_512_all_landmarks_False_20250724_171633_.pt for final evaluation on test set
2025-07-24 17:28:08,279: Final Test AUC (Landmark 3): 0.9480 | Test F1-Score: 0.7353
2025-07-24 17:28:08,305: Saving results to results_medbert_emilyalsentzer_Bio_ClinicalBERT_visits3_9550_compact_no_time_rnd_20250724_172808.csv
Using device: cuda
   Landmark Val AUC  ... Validation Loss Training Time (s)
0         3  0.9526  ...          0.1843             686.3

[1 rows x 9 columns]

Job 1825184 consumed 4.3 billing hours from project ec12.

Submitted 2025-07-24T13:44:40; waited 3.5 hours in the queue after becoming eligible to run.

Requested wallclock time: 24.0 hours
Elapsed wallclock time:   13.6 minutes

Job exited normally.

Task and CPU statistics:
ID             CPUs  Tasks  CPU util                Start  Elapsed  Exit status
1825184          16            0.0 %  2025-07-24T17:14:43  813.0 s  0
1825184.batch    16      1     5.9 %  2025-07-24T17:14:43  813.0 s  0

Used CPU time:   12.8 CPU minutes
Unused CPU time: 3.4 CPU hours

Memory statistics, in GiB:
ID              Alloc   Usage
1825184          32.0        
1825184.batch    32.0     7.8

GPU usage stats:
Job 1825184 completed at Thu Jul 24 17:28:17 CEST 2025
