Starting job 2051100 on gpu-13 on Fox at Sat Oct 18 11:46:30 CEST 2025


[notice] A new release of pip is available: 23.3.2 -> 25.2
[notice] To update, run: pip install --upgrade pip

Using device: cuda

============================================================
Loading Data...
============================================================
Loading data from:
  X: /fp/homes01/u01/ec-michelec/MIMICIV/data/simulation/X_train_5.csv
  y: /fp/homes01/u01/ec-michelec/MIMICIV/data/simulation/y_train_5.csv
  Shape X: (400000, 1), Shape y: (400000, 1)
  Columns X: ['Sequences']
  Columns y: ['Outcome']
  Loaded 400000 sequences
  Label distribution: 0=224381, 1=175619
  Example sequence: RXYZARQOOEXXCBWWQBJR...
Loading data from:
  X: /fp/homes01/u01/ec-michelec/MIMICIV/data/simulation/X_val_5.csv
  y: /fp/homes01/u01/ec-michelec/MIMICIV/data/simulation/y_val_5.csv
  Shape X: (50000, 1), Shape y: (50000, 1)
  Columns X: ['Sequences']
  Columns y: ['Outcome']
  Loaded 50000 sequences
  Label distribution: 0=28106, 1=21894
  Example sequence: QEEKVERZXACMFSMMWLZH...
Loading data from:
  X: /fp/homes01/u01/ec-michelec/MIMICIV/data/simulation/X_test_5.csv
  y: /fp/homes01/u01/ec-michelec/MIMICIV/data/simulation/y_test_5.csv
  Shape X: (50000, 1), Shape y: (50000, 1)
  Columns X: ['Sequences']
  Columns y: ['Outcome']
  Loaded 50000 sequences
  Label distribution: 0=28021, 1=21979
  Example sequence: RAEYYMMUCMHWDBQKQPPP...

============================================================
Creating Datasets...
============================================================
Auto-detected max_seq_len: 20
  Created vocabulary with 28 tokens
  Sample tokens: ['<PAD>', '<UNK>', 'A', 'B', 'C', 'D', 'E', 'F', 'G', 'H']

============================================================
Initializing Model: cnn
============================================================
Total parameters: 117,793
Trainable parameters: 117,793

============================================================
Starting Training...
============================================================
Epoch 1/20 (49.3s) - Train: Loss=0.6876, AUC=0.5054 - Val: Loss=0.6859, AUC=0.5000, Acc=0.5621
 New best model! Val AUC: 0.5000
Epoch 2/20 (44.8s) - Train: Loss=0.6859, AUC=0.4997 - Val: Loss=0.6854, AUC=0.5000, Acc=0.5621
 New best model! Val AUC: 0.5000
Epoch 3/20 (46.3s) - Train: Loss=0.6859, AUC=0.5007 - Val: Loss=0.6855, AUC=0.5000, Acc=0.5621
 New best model! Val AUC: 0.5000
Epoch 4/20 (46.6s) - Train: Loss=0.6859, AUC=0.5011 - Val: Loss=0.6857, AUC=0.5000, Acc=0.5621
 New best model! Val AUC: 0.5000
Epoch 5/20 (46.4s) - Train: Loss=0.6859, AUC=0.5001 - Val: Loss=0.6858, AUC=0.5000, Acc=0.5621
 New best model! Val AUC: 0.5000
Epoch 6/20 (47.4s) - Train: Loss=0.6859, AUC=0.4998 - Val: Loss=0.6854, AUC=0.5000, Acc=0.5621
 New best model! Val AUC: 0.5000
Epoch 7/20 (47.2s) - Train: Loss=0.6859, AUC=0.4996 - Val: Loss=0.6854, AUC=0.5000, Acc=0.5621
 New best model! Val AUC: 0.5000
Epoch 8/20 (47.0s) - Train: Loss=0.6859, AUC=0.4990 - Val: Loss=0.6854, AUC=0.5000, Acc=0.5621
 New best model! Val AUC: 0.5000
Epoch 9/20 (46.6s) - Train: Loss=0.6859, AUC=0.4993 - Val: Loss=0.6856, AUC=0.5000, Acc=0.5621
 New best model! Val AUC: 0.5000
Epoch 10/20 (47.8s) - Train: Loss=0.6859, AUC=0.4999 - Val: Loss=0.6855, AUC=0.5000, Acc=0.5621
 New best model! Val AUC: 0.5000
Epoch 11/20 (46.1s) - Train: Loss=0.6859, AUC=0.5011 - Val: Loss=0.6857, AUC=0.5000, Acc=0.5621
 New best model! Val AUC: 0.5000
Epoch 12/20 (46.3s) - Train: Loss=0.6859, AUC=0.5004 - Val: Loss=0.6860, AUC=0.5000, Acc=0.5621
 New best model! Val AUC: 0.5000
Epoch 13/20 (46.9s) - Train: Loss=0.6859, AUC=0.5002 - Val: Loss=0.6854, AUC=0.5000, Acc=0.5621
 New best model! Val AUC: 0.5000
Epoch 14/20 (47.3s) - Train: Loss=0.6859, AUC=0.4988 - Val: Loss=0.6857, AUC=0.5000, Acc=0.5621
 New best model! Val AUC: 0.5000
Epoch 15/20 (47.1s) - Train: Loss=0.6859, AUC=0.4994 - Val: Loss=0.6854, AUC=0.5000, Acc=0.5621
 New best model! Val AUC: 0.5000
Epoch 16/20 (46.6s) - Train: Loss=0.6859, AUC=0.5013 - Val: Loss=0.6860, AUC=0.5000, Acc=0.5621
 New best model! Val AUC: 0.5000
Epoch 17/20 (47.4s) - Train: Loss=0.6859, AUC=0.5001 - Val: Loss=0.6855, AUC=0.5000, Acc=0.5621
 New best model! Val AUC: 0.5000
Epoch 18/20 (47.1s) - Train: Loss=0.6859, AUC=0.4989 - Val: Loss=0.6854, AUC=0.5000, Acc=0.5621
 New best model! Val AUC: 0.5000
Epoch 19/20 (46.9s) - Train: Loss=0.6859, AUC=0.5002 - Val: Loss=0.6855, AUC=0.5000, Acc=0.5621
 New best model! Val AUC: 0.5000
Epoch 20/20 (47.7s) - Train: Loss=0.6859, AUC=0.5014 - Val: Loss=0.6854, AUC=0.5000, Acc=0.5621
 New best model! Val AUC: 0.5000

============================================================
Final Test Evaluation...
============================================================
/fp/projects01/ec30/software/easybuild/software/nlpl-scikit-bundle/1.3.2-foss-2022b-Python-3.10.8/lib/python3.10/site-packages/sklearn/metrics/_classification.py:1471: UndefinedMetricWarning: Precision and F-score are ill-defined and being set to 0.0 in labels with no predicted samples. Use `zero_division` parameter to control this behavior.
  _warn_prf(average, modifier, msg_start, len(result))
/fp/projects01/ec30/software/easybuild/software/nlpl-scikit-bundle/1.3.2-foss-2022b-Python-3.10.8/lib/python3.10/site-packages/sklearn/metrics/_classification.py:1471: UndefinedMetricWarning: Precision and F-score are ill-defined and being set to 0.0 in labels with no predicted samples. Use `zero_division` parameter to control this behavior.
  _warn_prf(average, modifier, msg_start, len(result))
/fp/projects01/ec30/software/easybuild/software/nlpl-scikit-bundle/1.3.2-foss-2022b-Python-3.10.8/lib/python3.10/site-packages/sklearn/metrics/_classification.py:1471: UndefinedMetricWarning: Precision and F-score are ill-defined and being set to 0.0 in labels with no predicted samples. Use `zero_division` parameter to control this behavior.
  _warn_prf(average, modifier, msg_start, len(result))

Test Results:
  Loss: 0.6858
  AUC: 0.5000
  Accuracy: 0.5604
  F1: 0.0000

Classification Report:
              precision    recall  f1-score   support

         0.0       0.56      1.00      0.72     28021
         1.0       0.00      0.00      0.00     21979

    accuracy                           0.56     50000
   macro avg       0.28      0.50      0.36     50000
weighted avg       0.31      0.56      0.40     50000


============================================================
Training completed! Final test AUC: 0.5000
============================================================

Job 2051100 consumed 5.4 billing hours from project ec12.

Submitted 2025-10-18T11:46:05; waited 25.0 seconds in the queue after becoming eligible to run.

Requested wallclock time: 10.0 hours
Elapsed wallclock time:   17.1 minutes

Job exited normally.

Task and CPU statistics:
ID             CPUs  Tasks  CPU util                Start   Elapsed  Exit status
2051100          16            0.0 %  2025-10-18T11:46:30  1024.0 s  0
2051100.batch    16      1     8.7 %  2025-10-18T11:46:30  1024.0 s  0

Used CPU time:   23.7 CPU minutes
Unused CPU time: 4.2 CPU hours

Memory statistics, in GiB:
ID              Alloc   Usage
2051100          32.0        
2051100.batch    32.0     1.2

Job 2051100 completed at Sat Oct 18 12:03:34 CEST 2025
