Starting job 1825201 on gpu-15 on fox at Thu Jul 24 14:31:52 CEST 2025

2025-07-24 14:32:33,061: Argument all_landmarks: True
2025-07-24 14:32:33,061: Argument batch_size: 8
2025-07-24 14:32:33,061: Argument cache_dir: '/cluster/work/projects/ec12/michechi/cache'
2025-07-24 14:32:33,061: Argument early: 'loss'
2025-07-24 14:32:33,061: Argument epochs: 20
2025-07-24 14:32:33,061: Argument gradient_accumulation_steps: 1
2025-07-24 14:32:33,061: Argument input_csv: '/fp/homes01/u01/ec-michelec/MIMICIV/data/splitted/splitted/landmark_df_evo.csv'
2025-07-24 14:32:33,061: Argument lr: 2e-05
2025-07-24 14:32:33,061: Argument max_length: 512
2025-07-24 14:32:33,062: Argument max_visits: 3
2025-07-24 14:32:33,062: Argument model_name: 'emilyalsentzer/Bio_ClinicalBERT'
2025-07-24 14:32:33,062: Argument model_type: 'medbert'
2025-07-24 14:32:33,062: Argument patience: 3
2025-07-24 14:32:33,062: Argument peft: False
2025-07-24 14:32:33,062: Argument prompt_type: 'full_no_time'
2025-07-24 14:32:33,062: Argument seed: 9550
2025-07-24 14:32:33,062: Argument test_csv: '/fp/homes01/u01/ec-michelec/MIMICIV/data/splitted/splitted/landmark_evo_test.csv'
2025-07-24 14:32:33,062: Argument train_csv: '/fp/homes01/u01/ec-michelec/MIMICIV/data/splitted/splitted/landmark_evo_train.csv'
2025-07-24 14:32:33,062: Argument use_quantization: False
2025-07-24 14:32:33,062: Argument val_csv: '/fp/homes01/u01/ec-michelec/MIMICIV/data/splitted/splitted/landmark_evo_vali.csv'
/fp/projects01/ec30/software/easybuild/software/nlpl-pytorch/2.1.2-foss-2022b-cuda-12.0.0-Python-3.10.8/lib/python3.10/site-packages/torch/_utils.py:831: UserWarning: TypedStorage is deprecated. It will be removed in the future and UntypedStorage will be the only storage class. This should only matter to you if you are using storages directly.  To access UntypedStorage directly, use tensor.untyped_storage() instead of tensor.storage()
  return self.fget.__get__(instance, owner)()
Some weights of BertForSequenceClassification were not initialized from the model checkpoint at emilyalsentzer/Bio_ClinicalBERT and are newly initialized: ['classifier.bias', 'classifier.weight']
You should probably TRAIN this model on a down-stream task to be able to use it for predictions and inference.
2025-07-24 14:32:36,851: Using prompt type: full_no_time
/fp/homes01/u01/ec-michelec/MIMICIV/src/Finetuning.py:459: DtypeWarning: Columns (16,17,18,19) have mixed types. Specify dtype option on import or set low_memory=False.
  full_train_df = pd.read_csv(args.train_csv, na_values=['', 'None', 'NaN', 'na', 'nan']).fillna('')
/fp/homes01/u01/ec-michelec/MIMICIV/src/Finetuning.py:461: DtypeWarning: Columns (16,17,18,19) have mixed types. Specify dtype option on import or set low_memory=False.
  full_test_df = pd.read_csv(args.test_csv, na_values=['', 'None', 'NaN', 'na', 'nan']).fillna('')
2025-07-24 14:33:13,627: Processing all landmarks from 1 to 3
2025-07-24 14:33:13,627: Preparing data for Landmark 1
2025-07-24 14:33:15,884: Average train text length: 130.90 words
2025-07-24 14:33:15,884: Average validation text length: 130.07 words
2025-07-24 14:33:15,884: Average test text length: 131.65 words
2025-07-24 14:33:15,884: Training on 14472 samples, validating on 1608, testing on 4020 samples
2025-07-24 14:33:29,219: Fine-tuning at Landmark 1
2025-07-24 14:33:31,029: Early stopping criterion: loss
2025-07-24 14:35:34,960: Landmark 1 | Epoch 1/20 | Train Loss: 0.3870 | Val Loss: 0.3580 | Validation AUC: 0.7949 | F1-Score: 0.0000
2025-07-24 14:37:39,242: Landmark 1 | Epoch 2/20 | Train Loss: 0.3378 | Val Loss: 0.3209 | Validation AUC: 0.8310 | F1-Score: 0.3699
2025-07-24 14:39:43,562: Landmark 1 | Epoch 3/20 | Train Loss: 0.3180 | Val Loss: 0.3249 | Validation AUC: 0.8244 | F1-Score: 0.3303
2025-07-24 14:41:47,525: Landmark 1 | Epoch 4/20 | Train Loss: 0.2988 | Val Loss: 0.3281 | Validation AUC: 0.8269 | F1-Score: 0.3874
2025-07-24 14:43:51,485: Landmark 1 | Epoch 5/20 | Train Loss: 0.2658 | Val Loss: 0.3443 | Validation AUC: 0.8234 | F1-Score: 0.4151
2025-07-24 14:43:51,489: Early stopping triggered at epoch 5
2025-07-24 14:43:51,760: Tempo impiegato per Landmark 1: 622.5 secondi
2025-07-24 14:43:51,760: Tempo medio per epoca: 124.5 secondi
2025-07-24 14:43:51,761: Loading best model from /cluster/work/projects/ec12/michechi/cache/best/best_model_emilyalsentzer_Bio_ClinicalBERT_landmark1_full_no_time_3_512_all_landmarks_True_20250724_143331_.pt for final evaluation on test set
2025-07-24 14:44:02,017: Final Test AUC (Landmark 1): 0.8271 | Test F1-Score: 0.3489
2025-07-24 14:44:02,017: Preparing data for Landmark 2
2025-07-24 14:44:05,773: Average train text length: 237.75 words
2025-07-24 14:44:05,773: Average validation text length: 236.84 words
2025-07-24 14:44:05,773: Average test text length: 236.66 words
2025-07-24 14:44:05,773: Training on 14472 samples, validating on 1608, testing on 4020 samples
2025-07-24 14:44:30,123: Fine-tuning at Landmark 2
2025-07-24 14:44:30,129: Early stopping criterion: loss
2025-07-24 14:46:35,896: Landmark 2 | Epoch 1/20 | Train Loss: 0.2971 | Val Loss: 0.2985 | Validation AUC: 0.8764 | F1-Score: 0.3241
2025-07-24 14:48:41,734: Landmark 2 | Epoch 2/20 | Train Loss: 0.2932 | Val Loss: 0.2807 | Validation AUC: 0.8837 | F1-Score: 0.5072
2025-07-24 14:50:48,280: Landmark 2 | Epoch 3/20 | Train Loss: 0.2755 | Val Loss: 0.2753 | Validation AUC: 0.8856 | F1-Score: 0.5556
2025-07-24 14:52:54,682: Landmark 2 | Epoch 4/20 | Train Loss: 0.2470 | Val Loss: 0.3099 | Validation AUC: 0.8796 | F1-Score: 0.4226
2025-07-24 14:55:00,702: Landmark 2 | Epoch 5/20 | Train Loss: 0.1986 | Val Loss: 0.3375 | Validation AUC: 0.8626 | F1-Score: 0.5081
2025-07-24 14:57:06,725: Landmark 2 | Epoch 6/20 | Train Loss: 0.1428 | Val Loss: 0.4336 | Validation AUC: 0.8507 | F1-Score: 0.5209
2025-07-24 14:57:06,725: Early stopping triggered at epoch 6
2025-07-24 14:57:07,088: Tempo impiegato per Landmark 2: 757.0 secondi
2025-07-24 14:57:07,088: Tempo medio per epoca: 126.2 secondi
2025-07-24 14:57:07,090: Loading best model from /cluster/work/projects/ec12/michechi/cache/best/best_model_emilyalsentzer_Bio_ClinicalBERT_landmark2_full_no_time_3_512_all_landmarks_True_20250724_144430_.pt for final evaluation on test set
2025-07-24 14:57:17,394: Final Test AUC (Landmark 2): 0.8643 | Test F1-Score: 0.4665
2025-07-24 14:57:17,395: Preparing data for Landmark 3
2025-07-24 14:57:22,660: Average train text length: 356.21 words
2025-07-24 14:57:22,661: Average validation text length: 351.55 words
2025-07-24 14:57:22,661: Average test text length: 354.77 words
2025-07-24 14:57:22,661: Training on 14472 samples, validating on 1608, testing on 4020 samples
2025-07-24 14:57:58,570: Fine-tuning at Landmark 3
2025-07-24 14:57:58,574: Early stopping criterion: loss
2025-07-24 15:00:03,490: Landmark 3 | Epoch 1/20 | Train Loss: 0.2062 | Val Loss: 0.1986 | Validation AUC: 0.9464 | F1-Score: 0.7153
2025-07-24 15:02:09,049: Landmark 3 | Epoch 2/20 | Train Loss: 0.1869 | Val Loss: 0.1874 | Validation AUC: 0.9526 | F1-Score: 0.7325
2025-07-24 15:04:14,557: Landmark 3 | Epoch 3/20 | Train Loss: 0.1586 | Val Loss: 0.1980 | Validation AUC: 0.9502 | F1-Score: 0.7273
2025-07-24 15:06:19,794: Landmark 3 | Epoch 4/20 | Train Loss: 0.1209 | Val Loss: 0.2434 | Validation AUC: 0.9396 | F1-Score: 0.7086
2025-07-24 15:08:25,015: Landmark 3 | Epoch 5/20 | Train Loss: 0.0858 | Val Loss: 0.2677 | Validation AUC: 0.9307 | F1-Score: 0.7121
2025-07-24 15:08:25,016: Early stopping triggered at epoch 5
2025-07-24 15:08:25,257: Tempo impiegato per Landmark 3: 626.7 secondi
2025-07-24 15:08:25,258: Tempo medio per epoca: 125.3 secondi
2025-07-24 15:08:25,259: Loading best model from /cluster/work/projects/ec12/michechi/cache/best/best_model_emilyalsentzer_Bio_ClinicalBERT_landmark3_full_no_time_3_512_all_landmarks_True_20250724_145758_.pt for final evaluation on test set
2025-07-24 15:08:35,168: Final Test AUC (Landmark 3): 0.9475 | Test F1-Score: 0.7013
2025-07-24 15:08:35,169: Saving results to results_medbert_emilyalsentzer_Bio_ClinicalBERT_visits3_9550_full_no_time_20250724_150835.csv
Using device: cuda
Using device: cuda
Using device: cuda
   Landmark Val AUC  ... Validation Loss Training Time (s)
0         1  0.8310  ...          0.3209             622.5
1         2  0.8856  ...          0.2753             757.0
2         3  0.9526  ...          0.1874             626.7

[3 rows x 9 columns]

Job 1825201 consumed 11.6 billing hours from project ec12.

Submitted 2025-07-24T14:31:50; waited 2.0 seconds in the queue after becoming eligible to run.

Requested wallclock time: 10.0 hours
Elapsed wallclock time:   36.8 minutes

Job exited normally.

Task and CPU statistics:
ID             CPUs  Tasks  CPU util                Start   Elapsed  Exit status
1825201          16            0.0 %  2025-07-24T14:31:52  2207.0 s  0
1825201.batch    16      1     6.1 %  2025-07-24T14:31:52  2207.0 s  0

Used CPU time:   36.0 CPU minutes
Unused CPU time: 9.2 CPU hours

Memory statistics, in GiB:
ID              Alloc   Usage
1825201          32.0        
1825201.batch    32.0    11.9

Job 1825201 completed at Thu Jul 24 15:08:39 CEST 2025
