Starting job 66266 on gpu-1-76 on Olivia at Fri Dec 19 17:05:23 CET 2025

Traceback (most recent call last):
  File "./Finetuning_FOX_time_simulation_tiny.py", line 8, in <module>
    import pandas as pd
ModuleNotFoundError: No module named 'pandas'
srun: error: gpu-1-76: task 0: Exited with exit code 1
srun: Terminating StepId=66266.0

Job 66266 consumed 0.0 billing hours and 0.0 GPU hours from project nn12048k.

Submitted 2025-12-19T17:05:22; waited 0.0 seconds in the queue after becoming eligible to run.

Requested wallclock time: 30.0 minutes
Elapsed wallclock time:   3.0 seconds

Job failed.

Task and CPU statistics:
ID             CPUs  Tasks  CPU util                Start  Elapsed  Exit status
66266             1            0.0 %  2025-12-19T17:05:22    3.0 s  1
66266.batch       1      1     7.7 %  2025-12-19T17:05:22    3.0 s  1
66266.python3     1      1     0.0 %  2025-12-19T17:05:23    1.0 s  1

Used CPU time:   0.2 CPU seconds
Unused CPU time: 2.8 CPU seconds

Memory statistics, in GiB:
ID              Alloc   Usage
66266             2.0        
66266.batch       2.0     0.0
66266.python3     2.0     0.0

Job 66266 completed at Fri Dec 19 17:05:25 CET 2025
