Starting job 68938 on gpu-1-75 on Olivia at Wed Dec 24 17:58:24 CET 2025

Lmod has detected the following error: These module(s) or extension(s) exist
but cannot be loaded as requested: "hpc-container-wrapper"
   Try: "module spider hpc-container-wrapper" to see how to load the module(s).



FATAL:   While checking container encryption: could not open image /cluster/work/support/container/pytorch_nvidia_25.09_arm64.sif: failed to retrieve path for /cluster/work/support/container/pytorch_nvidia_25.09_arm64.sif: lstat /cluster/work/support/container/pytorch_nvidia_25.09_arm64.sif: no such file or directory

Job 68938 consumed 0.0 billing hours and 0.0 GPU hours from project nn12048k.

Submitted 2025-12-24T17:58:23; waited 0.0 seconds in the queue after becoming eligible to run.

Requested wallclock time: 5.0 minutes
Elapsed wallclock time:   3.0 seconds

Job failed.

Task and CPU statistics:
ID           CPUs  Tasks  CPU util                Start  Elapsed  Exit status
68938           1            0.0 %  2025-12-24T17:58:23    3.0 s  255 (exit status out of range)
68938.batch     1      1    32.2 %  2025-12-24T17:58:23    3.0 s  255 (exit status out of range)

Used CPU time:   1.0 CPU seconds
Unused CPU time: 2.0 CPU seconds

Memory statistics, in GiB:
ID            Alloc   Usage
68938          32.0        
68938.batch    32.0     0.2

Job 68938 completed at Wed Dec 24 17:58:27 CET 2025
