Starting job 1872213 on gpu-12 on Fox at Thu Aug 28 12:32:37 CEST 2025


[notice] A new release of pip is available: 23.3.2 -> 25.2
[notice] To update, run: pip install --upgrade pip
2025-08-28 12:33:34,982: Argument CI: False
2025-08-28 12:33:34,982: Argument all_landmarks: False
2025-08-28 12:33:34,982: Argument batch_size: 4
2025-08-28 12:33:34,982: Argument cache_dir: '/cluster/work/projects/ec12/michechi/cache'
2025-08-28 12:33:34,982: Argument early: 'loss'
2025-08-28 12:33:34,982: Argument epochs: 20
2025-08-28 12:33:34,982: Argument gradient_accumulation_steps: 2
2025-08-28 12:33:34,982: Argument input_csv: '/fp/homes01/u01/ec-michelec/MIMICIV/data/splitted/splitted/landmark_df_evo.csv'
2025-08-28 12:33:34,983: Argument lr: 2e-05
2025-08-28 12:33:34,983: Argument max_length: 512
2025-08-28 12:33:34,983: Argument max_visits: 4
2025-08-28 12:33:34,983: Argument model_name: 'Charangan/MedBERT'
2025-08-28 12:33:34,983: Argument model_type: 'medical'
2025-08-28 12:33:34,983: Argument patience: 1
2025-08-28 12:33:34,983: Argument peft: False
2025-08-28 12:33:34,983: Argument prompt_type: 'reversed_naive_narrative_prompt'
2025-08-28 12:33:34,983: Argument seed: 4550
2025-08-28 12:33:34,983: Argument test_csv: '/fp/homes01/u01/ec-michelec/MIMICIV/data/splitted/splitted/landmark_evo_test_dod_fxd.csv'
2025-08-28 12:33:34,983: Argument train_csv: '/fp/homes01/u01/ec-michelec/MIMICIV/data/splitted/splitted/landmark_evo_train_dod_fxd.csv'
2025-08-28 12:33:34,983: Argument use_quantization: False
2025-08-28 12:33:34,983: Argument val_csv: '/fp/homes01/u01/ec-michelec/MIMICIV/data/splitted/splitted/landmark_evo_vali_dod_fxd.csv'
2025-08-28 12:33:34,983: Argument when_counting_death: 'last_visit'
2025-08-28 12:33:35,024: Using prompt type: reversed_naive_narrative_prompt
/fp/homes01/u01/ec-michelec/MIMICIV/src/Finetuning_rfct_time.py:122: DtypeWarning: Columns (16,17,18,19) have mixed types. Specify dtype option on import or set low_memory=False.
  full_train_df = pd.read_csv(args.train_csv, na_values=['', 'None', 'NaN', 'na', 'nan']).fillna('')
/fp/homes01/u01/ec-michelec/MIMICIV/src/Finetuning_rfct_time.py:124: DtypeWarning: Columns (16,17,18,19) have mixed types. Specify dtype option on import or set low_memory=False.
  full_test_df = pd.read_csv(args.test_csv, na_values=['', 'None', 'NaN', 'na', 'nan']).fillna('')
2025-08-28 12:34:06,052: Processing only the last landmark visit: 4
2025-08-28 12:34:06,052: Preparing data for Landmark 4
/fp/projects01/ec30/software/easybuild/software/nlpl-pytorch/2.1.2-foss-2022b-cuda-12.0.0-Python-3.10.8/lib/python3.10/site-packages/torch/_utils.py:831: UserWarning: TypedStorage is deprecated. It will be removed in the future and UntypedStorage will be the only storage class. This should only matter to you if you are using storages directly.  To access UntypedStorage directly, use tensor.untyped_storage() instead of tensor.storage()
  return self.fget.__get__(instance, owner)()
If you want to use `BertLMHeadModel` as a standalone, add `is_decoder=True.`
Traceback (most recent call last):
  File "/fp/homes01/u01/ec-michelec/MIMICIV/src/Finetuning_rfct_time.py", line 286, in <module>
    main()
  File "/fp/homes01/u01/ec-michelec/MIMICIV/src/Finetuning_rfct_time.py", line 174, in main
    model = load_model_causal(args.model_name, args.model_type, tokenizer, args.cache_dir, hf_token, args.peft, args.use_quantization).to(device="cpu")
  File "/fp/homes01/u01/ec-michelec/MIMICIV/src/models_training_time.py", line 204, in load_model_causal
    base_model = AutoModelForCausalLM.from_pretrained(
  File "/fp/projects01/ec30/software/easybuild/software/nlpl-transformers/4.47.1-foss-2022b-Python-3.10.8/lib/python3.10/site-packages/transformers/models/auto/auto_factory.py", line 564, in from_pretrained
    return model_class.from_pretrained(
  File "/fp/projects01/ec30/software/easybuild/software/nlpl-transformers/4.47.1-foss-2022b-Python-3.10.8/lib/python3.10/site-packages/transformers/modeling_utils.py", line 4173, in from_pretrained
    no_split_modules = model._get_no_split_modules(device_map)
  File "/fp/projects01/ec30/software/easybuild/software/nlpl-transformers/4.47.1-foss-2022b-Python-3.10.8/lib/python3.10/site-packages/transformers/modeling_utils.py", line 2072, in _get_no_split_modules
    raise ValueError(
ValueError: BertLMHeadModel does not support `device_map='auto'`. To implement support, the model class needs to implement the `_no_split_modules` attribute.

Job 1872213 consumed 0.5 billing hours from project ec12.

Submitted 2025-08-28T12:32:36; waited 0.0 seconds in the queue after becoming eligible to run.

Requested wallclock time: 5.0 hours
Elapsed wallclock time:   1.6 minutes

Job failed.

Task and CPU statistics:
ID             CPUs  Tasks  CPU util                Start  Elapsed  Exit status
1872213          16            0.0 %  2025-08-28T12:32:36   99.0 s  1
1872213.batch    16      1     3.2 %  2025-08-28T12:32:36   99.0 s  1

Used CPU time:   50.5 CPU seconds
Unused CPU time: 25.6 CPU minutes

Memory statistics, in GiB:
ID              Alloc   Usage
1872213          32.0        
1872213.batch    32.0     4.6

Job 1872213 completed at Thu Aug 28 12:34:16 CEST 2025
