Starting job 1825192 on gpu-15 on fox at Thu Jul 24 14:06:52 CEST 2025

2025-07-24 14:07:37,584: Argument all_landmarks: True
2025-07-24 14:07:37,585: Argument batch_size: 8
2025-07-24 14:07:37,585: Argument cache_dir: '/cluster/work/projects/ec12/michechi/cache'
2025-07-24 14:07:37,585: Argument early: 'loss'
2025-07-24 14:07:37,585: Argument epochs: 20
2025-07-24 14:07:37,585: Argument gradient_accumulation_steps: 1
2025-07-24 14:07:37,585: Argument input_csv: '/fp/homes01/u01/ec-michelec/MIMICIV/data/splitted/splitted/landmark_df_evo.csv'
2025-07-24 14:07:37,585: Argument lr: 2e-05
2025-07-24 14:07:37,585: Argument max_length: 512
2025-07-24 14:07:37,585: Argument max_visits: 3
2025-07-24 14:07:37,585: Argument model_name: 'emilyalsentzer/Bio_ClinicalBERT'
2025-07-24 14:07:37,585: Argument model_type: 'medbert'
2025-07-24 14:07:37,585: Argument patience: 3
2025-07-24 14:07:37,585: Argument peft: False
2025-07-24 14:07:37,586: Argument prompt_type: 'compact_no_time_rnd'
2025-07-24 14:07:37,586: Argument seed: 9550
2025-07-24 14:07:37,586: Argument test_csv: '/fp/homes01/u01/ec-michelec/MIMICIV/data/splitted/splitted/landmark_evo_test.csv'
2025-07-24 14:07:37,586: Argument train_csv: '/fp/homes01/u01/ec-michelec/MIMICIV/data/splitted/splitted/landmark_evo_train.csv'
2025-07-24 14:07:37,586: Argument use_quantization: False
2025-07-24 14:07:37,586: Argument val_csv: '/fp/homes01/u01/ec-michelec/MIMICIV/data/splitted/splitted/landmark_evo_vali.csv'
/fp/projects01/ec30/software/easybuild/software/nlpl-pytorch/2.1.2-foss-2022b-cuda-12.0.0-Python-3.10.8/lib/python3.10/site-packages/torch/_utils.py:831: UserWarning: TypedStorage is deprecated. It will be removed in the future and UntypedStorage will be the only storage class. This should only matter to you if you are using storages directly.  To access UntypedStorage directly, use tensor.untyped_storage() instead of tensor.storage()
  return self.fget.__get__(instance, owner)()
Some weights of BertForSequenceClassification were not initialized from the model checkpoint at emilyalsentzer/Bio_ClinicalBERT and are newly initialized: ['classifier.bias', 'classifier.weight']
You should probably TRAIN this model on a down-stream task to be able to use it for predictions and inference.
2025-07-24 14:07:40,888: Using prompt type: compact_no_time_rnd
/fp/homes01/u01/ec-michelec/MIMICIV/src/Finetuning.py:459: DtypeWarning: Columns (16,17,18,19) have mixed types. Specify dtype option on import or set low_memory=False.
  full_train_df = pd.read_csv(args.train_csv, na_values=['', 'None', 'NaN', 'na', 'nan']).fillna('')
/fp/homes01/u01/ec-michelec/MIMICIV/src/Finetuning.py:461: DtypeWarning: Columns (16,17,18,19) have mixed types. Specify dtype option on import or set low_memory=False.
  full_test_df = pd.read_csv(args.test_csv, na_values=['', 'None', 'NaN', 'na', 'nan']).fillna('')
2025-07-24 14:08:18,524: Processing all landmarks from 1 to 3
2025-07-24 14:08:18,524: Preparing data for Landmark 1
2025-07-24 14:08:21,378: Average train text length: 133.90 words
2025-07-24 14:08:21,379: Average validation text length: 133.07 words
2025-07-24 14:08:21,379: Average test text length: 134.65 words
2025-07-24 14:08:21,379: Training on 14472 samples, validating on 1608, testing on 4020 samples
2025-07-24 14:08:35,061: Fine-tuning at Landmark 1
2025-07-24 14:08:36,793: Early stopping criterion: loss
2025-07-24 14:10:39,741: Landmark 1 | Epoch 1/20 | Train Loss: 0.3783 | Val Loss: 0.3545 | Validation AUC: 0.8137 | F1-Score: 0.1622
2025-07-24 14:12:43,784: Landmark 1 | Epoch 2/20 | Train Loss: 0.3367 | Val Loss: 0.3337 | Validation AUC: 0.8233 | F1-Score: 0.3970
2025-07-24 14:14:47,262: Landmark 1 | Epoch 3/20 | Train Loss: 0.3237 | Val Loss: 0.3283 | Validation AUC: 0.8144 | F1-Score: 0.2733
2025-07-24 14:16:51,507: Landmark 1 | Epoch 4/20 | Train Loss: 0.3092 | Val Loss: 0.3263 | Validation AUC: 0.8267 | F1-Score: 0.4124
2025-07-24 14:18:55,547: Landmark 1 | Epoch 5/20 | Train Loss: 0.2905 | Val Loss: 0.3470 | Validation AUC: 0.8193 | F1-Score: 0.4179
2025-07-24 14:20:59,248: Landmark 1 | Epoch 6/20 | Train Loss: 0.2580 | Val Loss: 0.3658 | Validation AUC: 0.7982 | F1-Score: 0.4333
2025-07-24 14:23:02,949: Landmark 1 | Epoch 7/20 | Train Loss: 0.2174 | Val Loss: 0.4137 | Validation AUC: 0.7967 | F1-Score: 0.4010
2025-07-24 14:23:02,950: Early stopping triggered at epoch 7
2025-07-24 14:23:03,211: Tempo impiegato per Landmark 1: 868.1 secondi
2025-07-24 14:23:03,212: Tempo medio per epoca: 124.0 secondi
2025-07-24 14:23:03,213: Loading best model from /cluster/work/projects/ec12/michechi/cache/best/best_model_emilyalsentzer_Bio_ClinicalBERT_landmark1_compact_no_time_rnd_3_512_all_landmarks_True_20250724_140836_.pt for final evaluation on test set
2025-07-24 14:23:13,521: Final Test AUC (Landmark 1): 0.8276 | Test F1-Score: 0.4280
2025-07-24 14:23:13,521: Preparing data for Landmark 2
2025-07-24 14:23:17,889: Average train text length: 137.85 words
2025-07-24 14:23:17,889: Average validation text length: 137.77 words
2025-07-24 14:23:17,889: Average test text length: 136.01 words
2025-07-24 14:23:17,889: Training on 14472 samples, validating on 1608, testing on 4020 samples
2025-07-24 14:23:32,192: Fine-tuning at Landmark 2
2025-07-24 14:23:32,197: Early stopping criterion: loss
2025-07-24 14:25:36,121: Landmark 2 | Epoch 1/20 | Train Loss: 0.2982 | Val Loss: 0.2818 | Validation AUC: 0.8815 | F1-Score: 0.3877
2025-07-24 14:27:40,581: Landmark 2 | Epoch 2/20 | Train Loss: 0.2948 | Val Loss: 0.3123 | Validation AUC: 0.8754 | F1-Score: 0.3806
2025-07-24 14:29:44,663: Landmark 2 | Epoch 3/20 | Train Loss: 0.2794 | Val Loss: 0.2934 | Validation AUC: 0.8718 | F1-Score: 0.5012
2025-07-24 14:31:48,744: Landmark 2 | Epoch 4/20 | Train Loss: 0.2533 | Val Loss: 0.3046 | Validation AUC: 0.8726 | F1-Score: 0.5229
2025-07-24 14:31:48,744: Early stopping triggered at epoch 4
2025-07-24 14:31:49,095: Tempo impiegato per Landmark 2: 496.9 secondi
2025-07-24 14:31:49,095: Tempo medio per epoca: 124.2 secondi
2025-07-24 14:31:49,097: Loading best model from /cluster/work/projects/ec12/michechi/cache/best/best_model_emilyalsentzer_Bio_ClinicalBERT_landmark2_compact_no_time_rnd_3_512_all_landmarks_True_20250724_142332_.pt for final evaluation on test set
2025-07-24 14:31:59,396: Final Test AUC (Landmark 2): 0.8619 | Test F1-Score: 0.3445
2025-07-24 14:31:59,396: Preparing data for Landmark 3
2025-07-24 14:32:05,390: Average train text length: 180.40 words
2025-07-24 14:32:05,391: Average validation text length: 176.07 words
2025-07-24 14:32:05,391: Average test text length: 180.19 words
2025-07-24 14:32:05,391: Training on 14472 samples, validating on 1608, testing on 4020 samples
2025-07-24 14:32:23,498: Fine-tuning at Landmark 3
2025-07-24 14:32:23,506: Early stopping criterion: loss
2025-07-24 14:34:28,093: Landmark 3 | Epoch 1/20 | Train Loss: 0.2175 | Val Loss: 0.2095 | Validation AUC: 0.9495 | F1-Score: 0.5852
2025-07-24 14:36:33,194: Landmark 3 | Epoch 2/20 | Train Loss: 0.1951 | Val Loss: 0.1877 | Validation AUC: 0.9534 | F1-Score: 0.7190
2025-07-24 14:38:38,334: Landmark 3 | Epoch 3/20 | Train Loss: 0.1766 | Val Loss: 0.1957 | Validation AUC: 0.9548 | F1-Score: 0.7164
2025-07-24 14:40:43,175: Landmark 3 | Epoch 4/20 | Train Loss: 0.1481 | Val Loss: 0.2026 | Validation AUC: 0.9516 | F1-Score: 0.7288
2025-07-24 14:42:48,015: Landmark 3 | Epoch 5/20 | Train Loss: 0.1202 | Val Loss: 0.2192 | Validation AUC: 0.9408 | F1-Score: 0.7292
2025-07-24 14:42:48,017: Early stopping triggered at epoch 5
2025-07-24 14:42:48,254: Tempo impiegato per Landmark 3: 624.8 secondi
2025-07-24 14:42:48,254: Tempo medio per epoca: 125.0 secondi
2025-07-24 14:42:48,256: Loading best model from /cluster/work/projects/ec12/michechi/cache/best/best_model_emilyalsentzer_Bio_ClinicalBERT_landmark3_compact_no_time_rnd_3_512_all_landmarks_True_20250724_143223_.pt for final evaluation on test set
2025-07-24 14:42:58,548: Final Test AUC (Landmark 3): 0.9472 | Test F1-Score: 0.7209
2025-07-24 14:42:58,549: Saving results to results_medbert_emilyalsentzer_Bio_ClinicalBERT_visits3_9550_compact_no_time_rnd_20250724_144258.csv
Using device: cuda
Using device: cuda
Using device: cuda
   Landmark Val AUC  ... Validation Loss Training Time (s)
0         1  0.8267  ...          0.3263             868.1
1         2  0.8815  ...          0.2818             496.9
2         3  0.9534  ...          0.1877             624.8

[3 rows x 9 columns]

Job 1825192 consumed 11.5 billing hours from project ec12.

Submitted 2025-07-24T14:06:36; waited 15.0 seconds in the queue after becoming eligible to run.

Requested wallclock time: 10.0 hours
Elapsed wallclock time:   36.2 minutes

Job exited normally.

Task and CPU statistics:
ID             CPUs  Tasks  CPU util                Start   Elapsed  Exit status
1825192          16            0.0 %  2025-07-24T14:06:51  2171.0 s  0
1825192.batch    16      1     6.1 %  2025-07-24T14:06:51  2171.0 s  0

Used CPU time:   35.3 CPU minutes
Unused CPU time: 9.1 CPU hours

Memory statistics, in GiB:
ID              Alloc   Usage
1825192          32.0        
1825192.batch    32.0     9.5

Job 1825192 completed at Thu Jul 24 14:43:02 CEST 2025
