Starting job 1690507 on gpu-9 on fox at Fri Jun 13 16:14:44 CEST 2025

2025-06-13 16:15:51,478: Argument batch_size: 8
2025-06-13 16:15:51,478: Argument cache_dir: '/cluster/work/projects/ec403/ec-michechi/Project_M'
2025-06-13 16:15:51,478: Argument early: 'loss'
2025-06-13 16:15:51,478: Argument epochs: 20
2025-06-13 16:15:51,478: Argument input_csv: '/cluster/work/projects/ec403/ec-michechi/Project_M/data/landmark_df_evo.csv'
2025-06-13 16:15:51,478: Argument lr: 2e-05
2025-06-13 16:15:51,478: Argument max_length: 512
2025-06-13 16:15:51,478: Argument max_visits: 2
2025-06-13 16:15:51,478: Argument model_name: 'emilyalsentzer/Bio_ClinicalBERT'
2025-06-13 16:15:51,478: Argument model_type: 'medbert'
2025-06-13 16:15:51,478: Argument patience: 3
2025-06-13 16:15:51,478: Argument peft: False
2025-06-13 16:15:51,478: Argument prompt_type: 'compact'
2025-06-13 16:15:51,478: Argument seed: 9550
2025-06-13 16:15:51,478: Argument test_csv: '/cluster/work/projects/ec403/ec-michechi/Project_M/data/landmark_evo_test.csv'
2025-06-13 16:15:51,478: Argument train_csv: '/cluster/work/projects/ec403/ec-michechi/Project_M/data/landmark_evo_train.csv'
2025-06-13 16:15:51,478: Argument val_csv: '/cluster/work/projects/ec403/ec-michechi/Project_M/data/landmark_evo_vali.csv'
/fp/projects01/ec30/software/easybuild/software/nlpl-pytorch/2.1.2-foss-2022b-cuda-12.0.0-Python-3.10.8/lib/python3.10/site-packages/torch/_utils.py:831: UserWarning: TypedStorage is deprecated. It will be removed in the future and UntypedStorage will be the only storage class. This should only matter to you if you are using storages directly.  To access UntypedStorage directly, use tensor.untyped_storage() instead of tensor.storage()
  return self.fget.__get__(instance, owner)()
Some weights of BertForSequenceClassification were not initialized from the model checkpoint at emilyalsentzer/Bio_ClinicalBERT and are newly initialized: ['classifier.bias', 'classifier.weight']
You should probably TRAIN this model on a down-stream task to be able to use it for predictions and inference.
2025-06-13 16:15:56,550: Using prompt type: compact
2025-06-13 16:15:56,550: Model type: medbert, Model name: emilyalsentzer/Bio_ClinicalBERT
/fp/homes01/u01/ec-michechi/Project_M/MIMICIV/src/Finetuning.py:398: DtypeWarning: Columns (16,17,18,19) have mixed types. Specify dtype option on import or set low_memory=False.
  full_train_df = pd.read_csv(args.train_csv, na_values=['', 'None', 'NaN', 'na', 'nan']).fillna('')
2025-06-13 16:16:33,231: Preparing data for Landmark 1
2025-06-13 16:16:39,074: Average train text length: 145.30 words
2025-06-13 16:16:39,074: Average validation text length: 143.45 words
2025-06-13 16:16:39,074: Average test text length: 144.48 words
2025-06-13 16:16:39,074: Training on 31768 samples, validating on 3530, testing on 8825 samples
2025-06-13 16:17:09,734: Fine-tuning at Landmark 1
2025-06-13 16:17:12,493: Early stopping criterion: loss
2025-06-13 16:28:26,421: Landmark 1 | Epoch 1/20 | Train Loss: 0.2767 | Val Loss: 0.2345 | Validation AUC: 0.8764 | F1-Score: 0.2544
2025-06-13 16:39:40,520: Landmark 1 | Epoch 2/20 | Train Loss: 0.2457 | Val Loss: 0.2547 | Validation AUC: 0.8759 | F1-Score: 0.1347
2025-06-13 16:50:54,224: Landmark 1 | Epoch 3/20 | Train Loss: 0.2320 | Val Loss: 0.2343 | Validation AUC: 0.8808 | F1-Score: 0.2661
2025-06-13 17:02:08,471: Landmark 1 | Epoch 4/20 | Train Loss: 0.2203 | Val Loss: 0.2276 | Validation AUC: 0.8829 | F1-Score: 0.3660
2025-06-13 17:13:22,646: Landmark 1 | Epoch 5/20 | Train Loss: 0.2023 | Val Loss: 0.2541 | Validation AUC: 0.8773 | F1-Score: 0.4559
2025-06-13 17:24:36,411: Landmark 1 | Epoch 6/20 | Train Loss: 0.1739 | Val Loss: 0.2809 | Validation AUC: 0.8602 | F1-Score: 0.3038
2025-06-13 17:35:50,078: Landmark 1 | Epoch 7/20 | Train Loss: 0.1359 | Val Loss: 0.3347 | Validation AUC: 0.8339 | F1-Score: 0.2863
2025-06-13 17:35:50,078: Early stopping triggered at epoch 7
2025-06-13 17:35:50,405: Tempo impiegato per Landmark 1: 4720.7 secondi
2025-06-13 17:35:50,407: Tempo medio per epoca: 674.4 secondi
2025-06-13 17:36:50,843: Final Test AUC (Landmark 1): 0.8715 | Test F1-Score: 0.3931
2025-06-13 17:36:50,844: Preparing data for Landmark 2
2025-06-13 17:37:00,374: Average train text length: 159.58 words
2025-06-13 17:37:00,375: Average validation text length: 159.40 words
2025-06-13 17:37:00,375: Average test text length: 158.78 words
2025-06-13 17:37:00,375: Training on 31768 samples, validating on 3530, testing on 8825 samples
2025-06-13 17:37:35,300: Fine-tuning at Landmark 2
2025-06-13 17:37:35,307: Early stopping criterion: loss
2025-06-13 17:48:49,278: Landmark 2 | Epoch 1/20 | Train Loss: 0.1543 | Val Loss: 0.1479 | Validation AUC: 0.9588 | F1-Score: 0.6791
2025-06-13 18:00:03,905: Landmark 2 | Epoch 2/20 | Train Loss: 0.1430 | Val Loss: 0.1358 | Validation AUC: 0.9609 | F1-Score: 0.7023
2025-06-13 18:11:18,528: Landmark 2 | Epoch 3/20 | Train Loss: 0.1229 | Val Loss: 0.1417 | Validation AUC: 0.9585 | F1-Score: 0.7378
2025-06-13 18:22:32,748: Landmark 2 | Epoch 4/20 | Train Loss: 0.1035 | Val Loss: 0.1661 | Validation AUC: 0.9555 | F1-Score: 0.7168
2025-06-13 18:33:47,000: Landmark 2 | Epoch 5/20 | Train Loss: 0.0790 | Val Loss: 0.1867 | Validation AUC: 0.9506 | F1-Score: 0.7101
2025-06-13 18:33:47,000: Early stopping triggered at epoch 5
2025-06-13 18:33:47,675: Tempo impiegato per Landmark 2: 3372.4 secondi
2025-06-13 18:33:47,676: Tempo medio per epoca: 674.5 secondi
2025-06-13 18:34:48,136: Final Test AUC (Landmark 2): 0.9543 | Test F1-Score: 0.6918
2025-06-13 18:34:48,137: Saving results to results_medbert_emilyalsentzer_Bio_ClinicalBERT_visits2_20250613_183448.csv
   Landmark Val AUC  ... Validation Loss Training Time (s)
0         1  0.8829  ...          0.2276            4720.7
1         2  0.9609  ...          0.1358            3372.4

[2 rows x 9 columns]

Job 1690507 consumed 44.4 billing hours from project ec403.

Submitted 2025-06-13T09:28:24; waited 6.8 hours in the queue after becoming eligible to run.

Requested wallclock time: 18.0 hours
Elapsed wallclock time:   2.3 hours

Job exited normally.

Task and CPU statistics:
ID             CPUs  Tasks  CPU util                Start  Elapsed  Exit status
1690507          16            0.0 %  2025-06-13T16:14:44    2.3 h  0
1690507.batch    16      1     6.2 %  2025-06-13T16:14:44    2.3 h  0

Used CPU time:   2.3 CPU hours
Unused CPU time: 1.5 CPU days

Memory statistics, in GiB:
ID              Alloc   Usage
1690507          32.0        
1690507.batch    32.0    13.4

GPU usage stats:
Job 1690507 completed at Fri Jun 13 18:34:52 CEST 2025
