Starting job 66296 on gpu-1-76 on Olivia at Fri Dec 19 17:17:15 CET 2025


Inactive Modules:
  1) CUDA

The following have been reloaded with a version change:
  1) NRIS/GPU => NRIS/Login


Lmod is automatically replacing "NRIS/Login" with "EESSI/2023.06".


Activating Modules:
  1) CUDA/12.4.0

Traceback (most recent call last):
  File "/cluster/home/michechi/MIMICIV/src/./Finetuning_FOX_time_simulation_tiny.py", line 8, in <module>
    import pandas as pd
ModuleNotFoundError: No module named 'pandas'
srun: error: gpu-1-76: task 0: Exited with exit code 1
srun: Terminating StepId=66296.0

Job 66296 consumed 0.0 billing hours and 0.0 GPU hours from project nn12048k.

Submitted 2025-12-19T17:17:14; waited 0.0 seconds in the queue after becoming eligible to run.

Requested wallclock time: 30.0 minutes
Elapsed wallclock time:   6.0 seconds

Job failed.

Task and CPU statistics:
ID             CPUs  Tasks  CPU util                Start  Elapsed  Exit status
66296             1            0.0 %  2025-12-19T17:17:14    6.0 s  1
66296.batch       1      1    36.7 %  2025-12-19T17:17:14    6.0 s  1
66296.python3     1      1     0.0 %  2025-12-19T17:17:18    1.0 s  1

Used CPU time:   2.2 CPU seconds
Unused CPU time: 3.8 CPU seconds

Memory statistics, in GiB:
ID              Alloc   Usage
66296             2.0        
66296.batch       2.0     0.1
66296.python3     2.0     0.0

Job 66296 completed at Fri Dec 19 17:17:20 CET 2025
