Starting job 1836101 on gpu-2 on fox at Tue Jul 29 21:43:51 CEST 2025

2025-07-29 21:44:04,013: Argument CI: False
2025-07-29 21:44:04,013: Argument all_landmarks: True
2025-07-29 21:44:04,013: Argument batch_size: 8
2025-07-29 21:44:04,013: Argument cache_dir: '/cluster/work/projects/ec12/michechi/cache'
2025-07-29 21:44:04,013: Argument early: 'loss'
2025-07-29 21:44:04,013: Argument epochs: 20
2025-07-29 21:44:04,013: Argument gradient_accumulation_steps: 1
2025-07-29 21:44:04,013: Argument input_csv: '/fp/homes01/u01/ec-michelec/MIMICIV/data/splitted/splitted/landmark_df_evo.csv'
2025-07-29 21:44:04,013: Argument lr: 2e-05
2025-07-29 21:44:04,013: Argument max_length: 512
2025-07-29 21:44:04,013: Argument max_visits: 3
2025-07-29 21:44:04,013: Argument model_name: 'answerdotai/ModernBERT-large'
2025-07-29 21:44:04,013: Argument model_type: 'medical'
2025-07-29 21:44:04,013: Argument patience: 1
2025-07-29 21:44:04,013: Argument peft: False
2025-07-29 21:44:04,013: Argument prompt_type: 'compact_narrative'
2025-07-29 21:44:04,013: Argument seed: 6550
2025-07-29 21:44:04,013: Argument test_csv: '/fp/homes01/u01/ec-michelec/MIMICIV/data/splitted/splitted/landmark_evo_test.csv'
2025-07-29 21:44:04,014: Argument train_csv: '/fp/homes01/u01/ec-michelec/MIMICIV/data/splitted/splitted/landmark_evo_train.csv'
2025-07-29 21:44:04,014: Argument use_quantization: False
2025-07-29 21:44:04,014: Argument val_csv: '/fp/homes01/u01/ec-michelec/MIMICIV/data/splitted/splitted/landmark_evo_vali.csv'
2025-07-29 21:44:04,034: Using prompt type: compact_narrative
/fp/homes01/u01/ec-michelec/MIMICIV/src/Finetuning_rfct.py:79: DtypeWarning: Columns (16,17,18,19) have mixed types. Specify dtype option on import or set low_memory=False.
  full_train_df = pd.read_csv(args.train_csv, na_values=['', 'None', 'NaN', 'na', 'nan']).fillna('')
/fp/homes01/u01/ec-michelec/MIMICIV/src/Finetuning_rfct.py:81: DtypeWarning: Columns (16,17,18,19) have mixed types. Specify dtype option on import or set low_memory=False.
  full_test_df = pd.read_csv(args.test_csv, na_values=['', 'None', 'NaN', 'na', 'nan']).fillna('')
2025-07-29 21:44:40,074: Processing all landmarks from 1 to 3
2025-07-29 21:44:40,074: Preparing data for Landmark 1
Some weights of ModernBertForSequenceClassification were not initialized from the model checkpoint at answerdotai/ModernBERT-large and are newly initialized: ['classifier.bias', 'classifier.weight']
You should probably TRAIN this model on a down-stream task to be able to use it for predictions and inference.
2025-07-29 21:44:50,087: Average train text length: 151.90 words
2025-07-29 21:44:50,087: Average validation text length: 151.07 words
2025-07-29 21:44:50,087: Average test text length: 152.65 words
2025-07-29 21:44:50,087: Training on 14472 samples, validating on 1608, testing on 4020 samples
2025-07-29 21:45:01,117: Fine-tuning at Landmark 1
2025-07-29 21:45:01,124: Early stopping criterion: loss
/fp/homes01/u01/ec-michelec/ModernBERT/lib64/python3.9/site-packages/networkx/utils/backends.py:135: RuntimeWarning: networkx backend defined more than once: nx-loopback
  backends.update(_get_backends("networkx.backends"))
2025-07-29 21:52:33,206: Landmark 1 | Epoch 1/20 | Train Loss: 0.3781 | Val Loss: 0.3479 | Validation AUC: 0.8261 | F1-Score: 0.4409
2025-07-29 21:52:34,624: New best model saved at /cluster/work/projects/ec12/michechi/cache/best/best_model_answerdotai_ModernBERT-large_6550_landmark1_compact_narrative_3_512_all_landmarks_True_20250729_214501_.pt with AUC: 0.8261, F1: 0.4409, Val Loss: 0.3479
2025-07-29 21:59:52,330: Landmark 1 | Epoch 2/20 | Train Loss: 0.3347 | Val Loss: 0.3235 | Validation AUC: 0.8311 | F1-Score: 0.0579
2025-07-29 21:59:53,397: New best model saved at /cluster/work/projects/ec12/michechi/cache/best/best_model_answerdotai_ModernBERT-large_6550_landmark1_compact_narrative_3_512_all_landmarks_True_20250729_214501_.pt with AUC: 0.8311, F1: 0.0579, Val Loss: 0.3235
2025-07-29 22:07:11,247: Landmark 1 | Epoch 3/20 | Train Loss: 0.3202 | Val Loss: 0.3115 | Validation AUC: 0.8422 | F1-Score: 0.3087
2025-07-29 22:07:12,298: New best model saved at /cluster/work/projects/ec12/michechi/cache/best/best_model_answerdotai_ModernBERT-large_6550_landmark1_compact_narrative_3_512_all_landmarks_True_20250729_214501_.pt with AUC: 0.8422, F1: 0.3087, Val Loss: 0.3115
2025-07-29 22:14:30,037: Landmark 1 | Epoch 4/20 | Train Loss: 0.3042 | Val Loss: 0.3381 | Validation AUC: 0.8288 | F1-Score: 0.0338
2025-07-29 22:14:30,037: No improvement in epoch 4. Current best AUC: 0.8422, F1: 0.3087, Val Loss: 0.3115. Epochs without improvement: 1/1
2025-07-29 22:14:30,037: Early stopping triggered at epoch 4. Best AUC: 0.8422, F1: 0.3087, Val Loss: 0.3115
2025-07-29 22:14:30,781: Tempo impiegato per Landmark 1: 1769.7 secondi
2025-07-29 22:14:30,781: Tempo medio per epoca: 442.4 secondi
2025-07-29 22:14:30,783: Loading best model from /cluster/work/projects/ec12/michechi/cache/best/best_model_answerdotai_ModernBERT-large_6550_landmark1_compact_narrative_3_512_all_landmarks_True_20250729_214501_.pt for final evaluation on test set
2025-07-29 22:15:04,616: Final Test AUC (Landmark 1): 0.8337 | Test F1-Score: 0.3039
2025-07-29 22:15:04,616: Preparing data for Landmark 2
Some weights of ModernBertForSequenceClassification were not initialized from the model checkpoint at answerdotai/ModernBERT-large and are newly initialized: ['classifier.bias', 'classifier.weight']
You should probably TRAIN this model on a down-stream task to be able to use it for predictions and inference.
2025-07-29 22:15:14,430: Average train text length: 171.18 words
2025-07-29 22:15:14,430: Average validation text length: 171.11 words
2025-07-29 22:15:14,430: Average test text length: 169.35 words
2025-07-29 22:15:14,431: Training on 14472 samples, validating on 1608, testing on 4020 samples
2025-07-29 22:15:27,034: Fine-tuning at Landmark 2
2025-07-29 22:15:27,052: Early stopping criterion: loss
2025-07-29 22:22:45,603: Landmark 2 | Epoch 1/20 | Train Loss: 0.3547 | Val Loss: 0.2884 | Validation AUC: 0.8774 | F1-Score: 0.3066
2025-07-29 22:22:46,755: New best model saved at /cluster/work/projects/ec12/michechi/cache/best/best_model_answerdotai_ModernBERT-large_6550_landmark2_compact_narrative_3_512_all_landmarks_True_20250729_221527_.pt with AUC: 0.8774, F1: 0.3066, Val Loss: 0.2884
2025-07-29 22:30:05,403: Landmark 2 | Epoch 2/20 | Train Loss: 0.3102 | Val Loss: 0.2891 | Validation AUC: 0.8735 | F1-Score: 0.3701
2025-07-29 22:30:05,403: No improvement in epoch 2. Current best AUC: 0.8774, F1: 0.3066, Val Loss: 0.2884. Epochs without improvement: 1/1
2025-07-29 22:30:05,403: Early stopping triggered at epoch 2. Best AUC: 0.8774, F1: 0.3066, Val Loss: 0.2884
2025-07-29 22:30:06,141: Tempo impiegato per Landmark 2: 879.1 secondi
2025-07-29 22:30:06,142: Tempo medio per epoca: 439.6 secondi
2025-07-29 22:30:06,144: Loading best model from /cluster/work/projects/ec12/michechi/cache/best/best_model_answerdotai_ModernBERT-large_6550_landmark2_compact_narrative_3_512_all_landmarks_True_20250729_221527_.pt for final evaluation on test set
2025-07-29 22:30:40,098: Final Test AUC (Landmark 2): 0.8475 | Test F1-Score: 0.2245
2025-07-29 22:30:40,099: Preparing data for Landmark 3
Some weights of ModernBertForSequenceClassification were not initialized from the model checkpoint at answerdotai/ModernBERT-large and are newly initialized: ['classifier.bias', 'classifier.weight']
You should probably TRAIN this model on a down-stream task to be able to use it for predictions and inference.
2025-07-29 22:30:49,233: Average train text length: 199.70 words
2025-07-29 22:30:49,233: Average validation text length: 196.21 words
2025-07-29 22:30:49,233: Average test text length: 199.22 words
2025-07-29 22:30:49,233: Training on 14472 samples, validating on 1608, testing on 4020 samples
2025-07-29 22:31:03,666: Fine-tuning at Landmark 3
2025-07-29 22:31:03,681: Early stopping criterion: loss
2025-07-29 22:38:23,426: Landmark 3 | Epoch 1/20 | Train Loss: 0.2718 | Val Loss: 0.1920 | Validation AUC: 0.9498 | F1-Score: 0.6905
2025-07-29 22:38:24,468: New best model saved at /cluster/work/projects/ec12/michechi/cache/best/best_model_answerdotai_ModernBERT-large_6550_landmark3_compact_narrative_3_512_all_landmarks_True_20250729_223103_.pt with AUC: 0.9498, F1: 0.6905, Val Loss: 0.1920
2025-07-29 22:45:44,337: Landmark 3 | Epoch 2/20 | Train Loss: 0.2063 | Val Loss: 0.1831 | Validation AUC: 0.9562 | F1-Score: 0.6944
2025-07-29 22:45:45,380: New best model saved at /cluster/work/projects/ec12/michechi/cache/best/best_model_answerdotai_ModernBERT-large_6550_landmark3_compact_narrative_3_512_all_landmarks_True_20250729_223103_.pt with AUC: 0.9562, F1: 0.6944, Val Loss: 0.1831
2025-07-29 22:53:05,163: Landmark 3 | Epoch 3/20 | Train Loss: 0.2358 | Val Loss: 0.2455 | Validation AUC: 0.9425 | F1-Score: 0.6767
2025-07-29 22:53:05,164: No improvement in epoch 3. Current best AUC: 0.9562, F1: 0.6944, Val Loss: 0.1831. Epochs without improvement: 1/1
2025-07-29 22:53:05,164: Early stopping triggered at epoch 3. Best AUC: 0.9562, F1: 0.6944, Val Loss: 0.1831
2025-07-29 22:53:05,850: Tempo impiegato per Landmark 3: 1322.2 secondi
2025-07-29 22:53:05,850: Tempo medio per epoca: 440.7 secondi
2025-07-29 22:53:05,852: Loading best model from /cluster/work/projects/ec12/michechi/cache/best/best_model_answerdotai_ModernBERT-large_6550_landmark3_compact_narrative_3_512_all_landmarks_True_20250729_223103_.pt for final evaluation on test set
2025-07-29 22:53:39,758: Final Test AUC (Landmark 3): 0.9482 | Test F1-Score: 0.7203
2025-07-29 22:53:39,759: Saving results to results_medical_True_answerdotai_ModernBERT-large_visits3_6550_compact_narrative_20250729_225339.csv
Using device: cuda
Using device: cuda
Using device: cuda
   Landmark Val AUC  ... Validation Loss Training Time (s)
0         1  0.8422  ...          0.3115            1769.7
1         2  0.8774  ...          0.2884             879.1
2         3  0.9562  ...          0.1831            1322.2

[3 rows x 9 columns]

Job 1836101 consumed 22.1 billing hours from project ec12.

Submitted 2025-07-29T21:43:40; waited 11.0 seconds in the queue after becoming eligible to run.

Requested wallclock time: 1.8 days
Elapsed wallclock time:   1.2 hours

Job exited normally.

Task and CPU statistics:
ID             CPUs  Tasks  CPU util                Start  Elapsed  Exit status
1836101          16            0.0 %  2025-07-29T21:43:51    1.2 h  0
1836101.batch    16      1     9.0 %  2025-07-29T21:43:51    1.2 h  0

Used CPU time:   1.7 CPU hours
Unused CPU time: 17.0 CPU hours

Memory statistics, in GiB:
ID              Alloc   Usage
1836101          32.0        
1836101.batch    32.0    11.9

GPU usage stats:
Job 1836101 completed at Tue Jul 29 22:53:44 CEST 2025
