Starting job 1836434 on gpu-2 on fox at Wed Jul 30 15:43:15 CEST 2025

2025-07-30 15:43:27,227: Argument CI: False
2025-07-30 15:43:27,227: Argument all_landmarks: True
2025-07-30 15:43:27,227: Argument batch_size: 8
2025-07-30 15:43:27,227: Argument cache_dir: '/cluster/work/projects/ec12/michechi/cache'
2025-07-30 15:43:27,227: Argument early: 'loss'
2025-07-30 15:43:27,227: Argument epochs: 20
2025-07-30 15:43:27,227: Argument gradient_accumulation_steps: 1
2025-07-30 15:43:27,227: Argument input_csv: '/fp/homes01/u01/ec-michelec/MIMICIV/data/splitted/splitted/landmark_df_evo.csv'
2025-07-30 15:43:27,227: Argument lr: 2e-05
2025-07-30 15:43:27,227: Argument max_length: 2048
2025-07-30 15:43:27,227: Argument max_visits: 3
2025-07-30 15:43:27,227: Argument model_name: 'answerdotai/ModernBERT-large'
2025-07-30 15:43:27,227: Argument model_type: 'medical'
2025-07-30 15:43:27,227: Argument patience: 1
2025-07-30 15:43:27,227: Argument peft: False
2025-07-30 15:43:27,227: Argument prompt_type: 'full'
2025-07-30 15:43:27,227: Argument seed: 4550
2025-07-30 15:43:27,227: Argument test_csv: '/fp/homes01/u01/ec-michelec/MIMICIV/data/splitted/splitted/landmark_evo_test.csv'
2025-07-30 15:43:27,227: Argument train_csv: '/fp/homes01/u01/ec-michelec/MIMICIV/data/splitted/splitted/landmark_evo_train.csv'
2025-07-30 15:43:27,227: Argument use_quantization: False
2025-07-30 15:43:27,227: Argument val_csv: '/fp/homes01/u01/ec-michelec/MIMICIV/data/splitted/splitted/landmark_evo_vali.csv'
2025-07-30 15:43:27,234: Using prompt type: full
/fp/homes01/u01/ec-michelec/MIMICIV/src/Finetuning_rfct.py:79: DtypeWarning: Columns (16,17,18,19) have mixed types. Specify dtype option on import or set low_memory=False.
  full_train_df = pd.read_csv(args.train_csv, na_values=['', 'None', 'NaN', 'na', 'nan']).fillna('')
/fp/homes01/u01/ec-michelec/MIMICIV/src/Finetuning_rfct.py:81: DtypeWarning: Columns (16,17,18,19) have mixed types. Specify dtype option on import or set low_memory=False.
  full_test_df = pd.read_csv(args.test_csv, na_values=['', 'None', 'NaN', 'na', 'nan']).fillna('')
2025-07-30 15:44:03,520: Processing all landmarks from 1 to 3
2025-07-30 15:44:03,521: Preparing data for Landmark 1
Some weights of ModernBertForSequenceClassification were not initialized from the model checkpoint at answerdotai/ModernBERT-large and are newly initialized: ['classifier.bias', 'classifier.weight']
You should probably TRAIN this model on a down-stream task to be able to use it for predictions and inference.
2025-07-30 15:44:13,374: Average train text length: 138.90 words
2025-07-30 15:44:13,374: Average validation text length: 138.07 words
2025-07-30 15:44:13,374: Average test text length: 139.65 words
2025-07-30 15:44:13,374: Training on 14472 samples, validating on 1608, testing on 4020 samples
2025-07-30 15:44:27,729: Fine-tuning at Landmark 1
2025-07-30 15:44:27,737: Early stopping criterion: loss
/fp/homes01/u01/ec-michelec/ModernBERT/lib64/python3.9/site-packages/networkx/utils/backends.py:135: RuntimeWarning: networkx backend defined more than once: nx-loopback
  backends.update(_get_backends("networkx.backends"))
2025-07-30 16:32:21,931: Landmark 1 | Epoch 1/20 | Train Loss: 0.4024 | Val Loss: 0.3662 | Validation AUC: 0.7559 | F1-Score: 0.0335
2025-07-30 16:32:22,976: New best model saved at /cluster/work/projects/ec12/michechi/cache/best/best_model_answerdotai_ModernBERT-large_4550_landmark1_full_3_2048_all_landmarks_True_20250730_154427_.pt with AUC: 0.7559, F1: 0.0335, Val Loss: 0.3662
2025-07-30 17:20:02,230: Landmark 1 | Epoch 2/20 | Train Loss: 0.3521 | Val Loss: 0.3303 | Validation AUC: 0.8270 | F1-Score: 0.0255
2025-07-30 17:20:03,276: New best model saved at /cluster/work/projects/ec12/michechi/cache/best/best_model_answerdotai_ModernBERT-large_4550_landmark1_full_3_2048_all_landmarks_True_20250730_154427_.pt with AUC: 0.8270, F1: 0.0255, Val Loss: 0.3303
2025-07-30 18:07:39,646: Landmark 1 | Epoch 3/20 | Train Loss: 0.3259 | Val Loss: 0.3208 | Validation AUC: 0.8268 | F1-Score: 0.2680
2025-07-30 18:07:40,719: New best model saved at /cluster/work/projects/ec12/michechi/cache/best/best_model_answerdotai_ModernBERT-large_4550_landmark1_full_3_2048_all_landmarks_True_20250730_154427_.pt with AUC: 0.8268, F1: 0.2680, Val Loss: 0.3208
2025-07-30 18:55:17,286: Landmark 1 | Epoch 4/20 | Train Loss: 0.3208 | Val Loss: 0.3624 | Validation AUC: 0.8240 | F1-Score: 0.0251
2025-07-30 18:55:17,287: No improvement in epoch 4. Current best AUC: 0.8268, F1: 0.2680, Val Loss: 0.3208. Epochs without improvement: 1/1
2025-07-30 18:55:17,287: Early stopping triggered at epoch 4. Best AUC: 0.8268, F1: 0.2680, Val Loss: 0.3208
2025-07-30 18:55:18,107: Tempo impiegato per Landmark 1: 11450.4 secondi
2025-07-30 18:55:18,107: Tempo medio per epoca: 2862.6 secondi
2025-07-30 18:55:18,109: Loading best model from /cluster/work/projects/ec12/michechi/cache/best/best_model_answerdotai_ModernBERT-large_4550_landmark1_full_3_2048_all_landmarks_True_20250730_154427_.pt for final evaluation on test set
2025-07-30 18:58:44,680: Final Test AUC (Landmark 1): 0.8198 | Test F1-Score: 0.2337
2025-07-30 18:58:44,680: Preparing data for Landmark 2
Some weights of ModernBertForSequenceClassification were not initialized from the model checkpoint at answerdotai/ModernBERT-large and are newly initialized: ['classifier.bias', 'classifier.weight']
You should probably TRAIN this model on a down-stream task to be able to use it for predictions and inference.
2025-07-30 18:58:52,395: Average train text length: 254.75 words
2025-07-30 18:58:52,395: Average validation text length: 253.84 words
2025-07-30 18:58:52,395: Average test text length: 253.66 words
2025-07-30 18:58:52,395: Training on 14472 samples, validating on 1608, testing on 4020 samples
2025-07-30 18:59:15,879: Fine-tuning at Landmark 2
2025-07-30 18:59:15,913: Early stopping criterion: loss
2025-07-30 19:46:59,367: Landmark 2 | Epoch 1/20 | Train Loss: 0.3574 | Val Loss: 0.3219 | Validation AUC: 0.8592 | F1-Score: 0.3827
2025-07-30 19:47:00,468: New best model saved at /cluster/work/projects/ec12/michechi/cache/best/best_model_answerdotai_ModernBERT-large_4550_landmark2_full_3_2048_all_landmarks_True_20250730_185915_.pt with AUC: 0.8592, F1: 0.3827, Val Loss: 0.3219
2025-07-30 20:34:44,415: Landmark 2 | Epoch 2/20 | Train Loss: 0.3152 | Val Loss: 0.2858 | Validation AUC: 0.8787 | F1-Score: 0.5161
2025-07-30 20:34:45,485: New best model saved at /cluster/work/projects/ec12/michechi/cache/best/best_model_answerdotai_ModernBERT-large_4550_landmark2_full_3_2048_all_landmarks_True_20250730_185915_.pt with AUC: 0.8787, F1: 0.5161, Val Loss: 0.2858
2025-07-30 21:22:30,181: Landmark 2 | Epoch 3/20 | Train Loss: 0.2951 | Val Loss: 0.2926 | Validation AUC: 0.8813 | F1-Score: 0.2555
2025-07-30 21:22:30,181: No improvement in epoch 3. Current best AUC: 0.8787, F1: 0.5161, Val Loss: 0.2858. Epochs without improvement: 1/1
2025-07-30 21:22:30,181: Early stopping triggered at epoch 3. Best AUC: 0.8787, F1: 0.5161, Val Loss: 0.2858
2025-07-30 21:22:30,945: Tempo impiegato per Landmark 2: 8595.1 secondi
2025-07-30 21:22:30,945: Tempo medio per epoca: 2865.0 secondi
2025-07-30 21:22:30,947: Loading best model from /cluster/work/projects/ec12/michechi/cache/best/best_model_answerdotai_ModernBERT-large_4550_landmark2_full_3_2048_all_landmarks_True_20250730_185915_.pt for final evaluation on test set
2025-07-30 21:25:57,036: Final Test AUC (Landmark 2): 0.8609 | Test F1-Score: 0.4718
2025-07-30 21:25:57,036: Preparing data for Landmark 3
Some weights of ModernBertForSequenceClassification were not initialized from the model checkpoint at answerdotai/ModernBERT-large and are newly initialized: ['classifier.bias', 'classifier.weight']
You should probably TRAIN this model on a down-stream task to be able to use it for predictions and inference.
2025-07-30 21:26:09,903: Average train text length: 382.21 words
2025-07-30 21:26:09,903: Average validation text length: 377.55 words
2025-07-30 21:26:09,903: Average test text length: 380.77 words
2025-07-30 21:26:09,903: Training on 14472 samples, validating on 1608, testing on 4020 samples
2025-07-30 21:26:39,666: Fine-tuning at Landmark 3
2025-07-30 21:26:39,696: Early stopping criterion: loss
2025-07-30 22:14:38,922: Landmark 3 | Epoch 1/20 | Train Loss: 0.2960 | Val Loss: 0.2103 | Validation AUC: 0.9432 | F1-Score: 0.7229
2025-07-30 22:14:39,989: New best model saved at /cluster/work/projects/ec12/michechi/cache/best/best_model_answerdotai_ModernBERT-large_4550_landmark3_full_3_2048_all_landmarks_True_20250730_212639_.pt with AUC: 0.9432, F1: 0.7229, Val Loss: 0.2103
2025-07-30 23:02:39,588: Landmark 3 | Epoch 2/20 | Train Loss: 0.2113 | Val Loss: 0.1828 | Validation AUC: 0.9544 | F1-Score: 0.7100
2025-07-30 23:02:40,616: New best model saved at /cluster/work/projects/ec12/michechi/cache/best/best_model_answerdotai_ModernBERT-large_4550_landmark3_full_3_2048_all_landmarks_True_20250730_212639_.pt with AUC: 0.9544, F1: 0.7100, Val Loss: 0.1828
2025-07-30 23:50:41,608: Landmark 3 | Epoch 3/20 | Train Loss: 0.1900 | Val Loss: 0.1919 | Validation AUC: 0.9536 | F1-Score: 0.6859
2025-07-30 23:50:41,608: No improvement in epoch 3. Current best AUC: 0.9544, F1: 0.7100, Val Loss: 0.1828. Epochs without improvement: 1/1
2025-07-30 23:50:41,609: Early stopping triggered at epoch 3. Best AUC: 0.9544, F1: 0.7100, Val Loss: 0.1828
2025-07-30 23:50:42,526: Tempo impiegato per Landmark 3: 8642.9 secondi
2025-07-30 23:50:42,527: Tempo medio per epoca: 2881.0 secondi
2025-07-30 23:50:42,529: Loading best model from /cluster/work/projects/ec12/michechi/cache/best/best_model_answerdotai_ModernBERT-large_4550_landmark3_full_3_2048_all_landmarks_True_20250730_212639_.pt for final evaluation on test set
2025-07-30 23:54:08,902: Final Test AUC (Landmark 3): 0.9445 | Test F1-Score: 0.7065
2025-07-30 23:54:08,903: Saving results to results_medical_True_answerdotai_ModernBERT-large_visits3_4550_2048_full_20250730_235408.csv
Using device: cuda
Using device: cuda
Using device: cuda
   Landmark Val AUC  ... Validation Loss Training Time (s)
0         1  0.8268  ...          0.3208           11450.4
1         2  0.8787  ...          0.2858            8595.1
2         3  0.9544  ...          0.1828            8642.9

[3 rows x 9 columns]

Job 1836434 consumed 155.5 billing hours from project ec12.

Submitted 2025-07-30T15:25:47; waited 17.5 minutes in the queue after becoming eligible to run.

Requested wallclock time: 1.8 days
Elapsed wallclock time:   8.2 hours

Job exited normally.

Task and CPU statistics:
ID             CPUs  Tasks  CPU util                Start  Elapsed  Exit status
1836434          16            0.0 %  2025-07-30T15:43:15    8.2 h  0
1836434.batch    16      1     6.9 %  2025-07-30T15:43:15    8.2 h  0

Used CPU time:   9.0 CPU hours
Unused CPU time: 5.1 CPU days

Memory statistics, in GiB:
ID              Alloc   Usage
1836434          32.0        
1836434.batch    32.0    19.8

GPU usage stats:
Job 1836434 completed at Wed Jul 30 23:54:14 CEST 2025
