Starting job 1666956 on c1-19 on fox at Tue Jun 3 15:52:07 CEST 2025

2025-06-03 15:52:54,423: Processing Landmark Visit: 1
Fitting 5 folds for each of 10 candidates, totalling 50 fits
[CV] END l2_regularization=0.1, learning_rate=0.1, max_depth=7, max_iter=500, max_leaf_nodes=31, min_samples_leaf=10; total time=67.0min
[CV] END l2_regularization=0, learning_rate=0.01, max_depth=5, max_iter=100, max_leaf_nodes=15, min_samples_leaf=20; total time=53.3min
[CV] END l2_regularization=0, learning_rate=0.05, max_depth=5, max_iter=300, max_leaf_nodes=15, min_samples_leaf=30; total time=56.9min
[CV] END l2_regularization=1.0, learning_rate=0.05, max_depth=3, max_iter=100, max_leaf_nodes=31, min_samples_leaf=30; total time=43.2min
[CV] END l2_regularization=0.1, learning_rate=0.1, max_depth=7, max_iter=500, max_leaf_nodes=31, min_samples_leaf=10; total time=54.8min
[CV] END l2_regularization=0, learning_rate=0.01, max_depth=5, max_iter=100, max_leaf_nodes=15, min_samples_leaf=20; total time=84.0min
[CV] END l2_regularization=1.0, learning_rate=0.01, max_depth=7, max_iter=100, max_leaf_nodes=15, min_samples_leaf=20; total time=82.6min
[CV] END l2_regularization=0, learning_rate=0.1, max_depth=None, max_iter=300, max_leaf_nodes=63, min_samples_leaf=20; total time=124.6min
[CV] END l2_regularization=0, learning_rate=0.05, max_depth=5, max_iter=300, max_leaf_nodes=15, min_samples_leaf=30; total time=61.8min
[CV] END l2_regularization=1.0, learning_rate=0.05, max_depth=3, max_iter=100, max_leaf_nodes=31, min_samples_leaf=30; total time=36.8min
[CV] END l2_regularization=0, learning_rate=0.1, max_depth=None, max_iter=300, max_leaf_nodes=63, min_samples_leaf=20; total time=133.6min
[CV] END l2_regularization=0, learning_rate=0.05, max_depth=5, max_iter=300, max_leaf_nodes=15, min_samples_leaf=30; total time=92.3min
[CV] END l2_regularization=0.1, learning_rate=0.1, max_depth=7, max_iter=500, max_leaf_nodes=31, min_samples_leaf=10; total time=72.2min
[CV] END l2_regularization=0, learning_rate=0.01, max_depth=5, max_iter=100, max_leaf_nodes=15, min_samples_leaf=20; total time=77.1min
[CV] END l2_regularization=1.0, learning_rate=0.01, max_depth=7, max_iter=100, max_leaf_nodes=15, min_samples_leaf=20; total time=78.7min
[CV] END l2_regularization=0, learning_rate=0.1, max_depth=None, max_iter=300, max_leaf_nodes=63, min_samples_leaf=20; total time=87.0min
[CV] END l2_regularization=1.0, learning_rate=0.05, max_depth=3, max_iter=100, max_leaf_nodes=63, min_samples_leaf=30; total time=43.0min
[CV] END l2_regularization=0, learning_rate=0.05, max_depth=5, max_iter=300, max_leaf_nodes=15, min_samples_leaf=30; total time=71.4min
[CV] END l2_regularization=1.0, learning_rate=0.05, max_depth=3, max_iter=100, max_leaf_nodes=31, min_samples_leaf=30; total time=38.4min
[CV] END l2_regularization=0.1, learning_rate=0.1, max_depth=7, max_iter=500, max_leaf_nodes=31, min_samples_leaf=10; total time=72.7min
[CV] END l2_regularization=1.0, learning_rate=0.05, max_depth=3, max_iter=100, max_leaf_nodes=63, min_samples_leaf=30; total time=33.1min
[CV] END l2_regularization=1.0, learning_rate=0.05, max_depth=3, max_iter=100, max_leaf_nodes=63, min_samples_leaf=30; total time=44.8min
[CV] END l2_regularization=0, learning_rate=0.01, max_depth=None, max_iter=300, max_leaf_nodes=15, min_samples_leaf=10; total time=144.6min
[CV] END l2_regularization=0, learning_rate=0.01, max_depth=7, max_iter=100, max_leaf_nodes=63, min_samples_leaf=30; total time=160.7min
[CV] END l2_regularization=0, learning_rate=0.01, max_depth=None, max_iter=300, max_leaf_nodes=15, min_samples_leaf=10; total time=142.4min
[CV] END l2_regularization=0, learning_rate=0.01, max_depth=7, max_iter=100, max_leaf_nodes=63, min_samples_leaf=30; total time=159.2min
[CV] END l2_regularization=0, learning_rate=0.01, max_depth=None, max_iter=300, max_leaf_nodes=15, min_samples_leaf=10; total time=144.7min
[CV] END l2_regularization=0, learning_rate=0.01, max_depth=7, max_iter=100, max_leaf_nodes=63, min_samples_leaf=30; total time=162.2min
[CV] END l2_regularization=0, learning_rate=0.01, max_depth=None, max_iter=300, max_leaf_nodes=15, min_samples_leaf=10; total time=144.4min
[CV] END l2_regularization=0, learning_rate=0.01, max_depth=7, max_iter=100, max_leaf_nodes=63, min_samples_leaf=30; total time=161.2min
[CV] END l2_regularization=0, learning_rate=0.01, max_depth=None, max_iter=300, max_leaf_nodes=15, min_samples_leaf=10; total time=148.9min
2025-06-03 21:33:59,989: Best Parameters for Landmark: {'min_samples_leaf': 30, 'max_leaf_nodes': 15, 'max_iter': 300, 'max_depth': 5, 'learning_rate': 0.05, 'l2_regularization': 0}
2025-06-03 21:34:06,956: Processing Landmark Visit: 2
Fitting 5 folds for each of 10 candidates, totalling 50 fits
[CV] END l2_regularization=0, learning_rate=0.01, max_depth=5, max_iter=100, max_leaf_nodes=15, min_samples_leaf=20; total time=61.5min
[CV] END l2_regularization=0, learning_rate=0.01, max_depth=5, max_iter=100, max_leaf_nodes=15, min_samples_leaf=20; total time=69.4min
[CV] END l2_regularization=0, learning_rate=0.05, max_depth=5, max_iter=300, max_leaf_nodes=15, min_samples_leaf=30; total time=56.3min
[CV] END l2_regularization=1.0, learning_rate=0.05, max_depth=3, max_iter=100, max_leaf_nodes=31, min_samples_leaf=30; total time=36.5min
[CV] END l2_regularization=0, learning_rate=0.01, max_depth=7, max_iter=100, max_leaf_nodes=63, min_samples_leaf=30; total time=179.7min
[CV] END l2_regularization=1.0, learning_rate=0.05, max_depth=3, max_iter=100, max_leaf_nodes=31, min_samples_leaf=30; total time=40.0min
[CV] END l2_regularization=0, learning_rate=0.01, max_depth=5, max_iter=300, max_leaf_nodes=31, min_samples_leaf=10; total time=121.0min
[CV] END l2_regularization=0, learning_rate=0.1, max_depth=None, max_iter=300, max_leaf_nodes=63, min_samples_leaf=20; total time=130.3min
[CV] END l2_regularization=0, learning_rate=0.05, max_depth=5, max_iter=300, max_leaf_nodes=15, min_samples_leaf=30; total time=93.7min
[CV] END l2_regularization=0, learning_rate=0.1, max_depth=None, max_iter=300, max_leaf_nodes=63, min_samples_leaf=20; total time=137.3min
[CV] END l2_regularization=1.0, learning_rate=0.01, max_depth=7, max_iter=100, max_leaf_nodes=15, min_samples_leaf=20; total time=72.2min
[CV] END l2_regularization=0, learning_rate=0.01, max_depth=5, max_iter=300, max_leaf_nodes=31, min_samples_leaf=10; total time=129.8min
[CV] END l2_regularization=0, learning_rate=0.1, max_depth=None, max_iter=300, max_leaf_nodes=63, min_samples_leaf=20; total time=107.1min
[CV] END l2_regularization=1.0, learning_rate=0.05, max_depth=3, max_iter=100, max_leaf_nodes=63, min_samples_leaf=30; total time=37.7min
[CV] END l2_regularization=1.0, learning_rate=0.01, max_depth=7, max_iter=100, max_leaf_nodes=15, min_samples_leaf=20; total time=79.9min
[CV] END l2_regularization=0.1, learning_rate=0.1, max_depth=7, max_iter=500, max_leaf_nodes=31, min_samples_leaf=10; total time=86.0min
[CV] END l2_regularization=1.0, learning_rate=0.05, max_depth=3, max_iter=100, max_leaf_nodes=63, min_samples_leaf=30; total time=43.8min
[CV] END l2_regularization=0, learning_rate=0.05, max_depth=5, max_iter=300, max_leaf_nodes=15, min_samples_leaf=30; total time=57.4min
[CV] END l2_regularization=1.0, learning_rate=0.05, max_depth=3, max_iter=100, max_leaf_nodes=31, min_samples_leaf=30; total time=40.2min
[CV] END l2_regularization=0.1, learning_rate=0.1, max_depth=7, max_iter=500, max_leaf_nodes=31, min_samples_leaf=10; total time=62.8min
[CV] END l2_regularization=0, learning_rate=0.01, max_depth=5, max_iter=100, max_leaf_nodes=15, min_samples_leaf=20; total time=68.7min
[CV] END l2_regularization=0, learning_rate=0.05, max_depth=5, max_iter=300, max_leaf_nodes=15, min_samples_leaf=30; total time=73.9min
[CV] END l2_regularization=1.0, learning_rate=0.05, max_depth=3, max_iter=100, max_leaf_nodes=31, min_samples_leaf=30; total time=36.4min
[CV] END l2_regularization=0.1, learning_rate=0.1, max_depth=7, max_iter=500, max_leaf_nodes=31, min_samples_leaf=10; total time=83.0min
[CV] END l2_regularization=0, learning_rate=0.01, max_depth=5, max_iter=100, max_leaf_nodes=15, min_samples_leaf=20; total time=64.8min
[CV] END l2_regularization=1.0, learning_rate=0.01, max_depth=7, max_iter=100, max_leaf_nodes=15, min_samples_leaf=20; total time=64.7min
[CV] END l2_regularization=1.0, learning_rate=0.05, max_depth=3, max_iter=100, max_leaf_nodes=31, min_samples_leaf=30; total time=34.2min
slurmstepd: error: *** JOB 1666956 ON c1-19 CANCELLED AT 2025-06-04T01:52:28 DUE TO TIME LIMIT ***

Job 1666956 consumed 320.2 billing hours from project ec403.

Submitted 2025-06-03T15:51:58; waited 9.0 seconds in the queue after becoming eligible to run.

Requested wallclock time: 10.0 hours
Elapsed wallclock time:   10.0 hours

Job timed out.

Task and CPU statistics:
ID             CPUs  Tasks  CPU util                Start  Elapsed  Exit status
1666956          16            0.0 %  2025-06-03T15:52:07   10.0 h  0
1666956.batch    16      1    94.5 %  2025-06-03T15:52:07   10.0 h  Signal 15

Used CPU time:   6.3 CPU days
Unused CPU time: 8.7 CPU hours

Memory statistics, in GiB:
ID              Alloc   Usage
1666956         128.0        
1666956.batch   128.0    20.2

Job 1666956 completed at Wed Jun 4 01:52:29 CEST 2025
