Starting job 1838379 on gpu-2 on fox at Fri Aug 1 16:53:56 CEST 2025

2025-08-01 16:54:14,851: Argument CI: False
2025-08-01 16:54:14,851: Argument all_landmarks: True
2025-08-01 16:54:14,851: Argument batch_size: 8
2025-08-01 16:54:14,851: Argument cache_dir: '/cluster/work/projects/ec12/michechi/cache'
2025-08-01 16:54:14,851: Argument early: 'loss'
2025-08-01 16:54:14,851: Argument epochs: 20
2025-08-01 16:54:14,851: Argument gradient_accumulation_steps: 1
2025-08-01 16:54:14,851: Argument input_csv: '/fp/homes01/u01/ec-michelec/MIMICIV/data/splitted/splitted/landmark_df_evo.csv'
2025-08-01 16:54:14,851: Argument lr: 2e-05
2025-08-01 16:54:14,851: Argument max_length: 512
2025-08-01 16:54:14,851: Argument max_visits: 3
2025-08-01 16:54:14,851: Argument model_name: 'emilyalsentzer/Bio_ClinicalBERT'
2025-08-01 16:54:14,851: Argument model_type: 'medical'
2025-08-01 16:54:14,851: Argument patience: 1
2025-08-01 16:54:14,851: Argument peft: False
2025-08-01 16:54:14,851: Argument prompt_type: 'compact'
2025-08-01 16:54:14,851: Argument seed: 5550
2025-08-01 16:54:14,851: Argument test_csv: '/fp/homes01/u01/ec-michelec/MIMICIV/data/splitted/splitted/landmark_evo_test_dod.csv'
2025-08-01 16:54:14,851: Argument train_csv: '/fp/homes01/u01/ec-michelec/MIMICIV/data/splitted/splitted/landmark_evo_train_dod.csv'
2025-08-01 16:54:14,851: Argument use_quantization: False
2025-08-01 16:54:14,851: Argument val_csv: '/fp/homes01/u01/ec-michelec/MIMICIV/data/splitted/splitted/landmark_evo_vali_dod.csv'
2025-08-01 16:54:14,851: Argument when_counting_death: 'landmark'
2025-08-01 16:54:14,856: Using prompt type: compact
/fp/homes01/u01/ec-michelec/MIMICIV/src/Finetuning_rfct.py:79: DtypeWarning: Columns (16,17,18,19) have mixed types. Specify dtype option on import or set low_memory=False.
  full_train_df = pd.read_csv(args.train_csv, na_values=['', 'None', 'NaN', 'na', 'nan']).fillna('')
/fp/homes01/u01/ec-michelec/MIMICIV/src/Finetuning_rfct.py:81: DtypeWarning: Columns (16,17,18,19) have mixed types. Specify dtype option on import or set low_memory=False.
  full_test_df = pd.read_csv(args.test_csv, na_values=['', 'None', 'NaN', 'na', 'nan']).fillna('')
2025-08-01 16:54:52,254: Processing all landmarks from 1 to 3
2025-08-01 16:54:52,254: Preparing data for Landmark 1
/fp/projects01/ec30/software/easybuild/software/nlpl-pytorch/2.1.2-foss-2022b-cuda-12.0.0-Python-3.10.8/lib/python3.10/site-packages/torch/_utils.py:831: UserWarning: TypedStorage is deprecated. It will be removed in the future and UntypedStorage will be the only storage class. This should only matter to you if you are using storages directly.  To access UntypedStorage directly, use tensor.untyped_storage() instead of tensor.storage()
  return self.fget.__get__(instance, owner)()
Some weights of BertForSequenceClassification were not initialized from the model checkpoint at emilyalsentzer/Bio_ClinicalBERT and are newly initialized: ['classifier.bias', 'classifier.weight']
You should probably TRAIN this model on a down-stream task to be able to use it for predictions and inference.
2025-08-01 16:54:58,006: Average train text length: 147.90 words
2025-08-01 16:54:58,007: Average validation text length: 147.07 words
2025-08-01 16:54:58,007: Average test text length: 148.65 words
2025-08-01 16:54:58,007: Training on 14472 samples, validating on 1608, testing on 4020 samples
2025-08-01 16:55:12,189: Fine-tuning at Landmark 1
2025-08-01 16:55:12,553: Early stopping criterion: loss
2025-08-01 16:57:27,574: Landmark 1 | Epoch 1/20 | Train Loss: 0.1693 | Val Loss: 0.1239 | Validation AUC: 0.8707 | F1-Score: 0.0000
2025-08-01 16:57:27,905: New best model saved at /cluster/work/projects/ec12/michechi/cache/best/best_model_emilyalsentzer_Bio_ClinicalBERT_5550_landmark1_compact_3_512_landmark_all_landmarks_True_20250801_165512_.pt with AUC: 0.8707, F1: 0.0000, Val Loss: 0.1239
2025-08-01 16:59:42,811: Landmark 1 | Epoch 2/20 | Train Loss: 0.1096 | Val Loss: 0.1125 | Validation AUC: 0.8880 | F1-Score: 0.0000
2025-08-01 16:59:43,179: New best model saved at /cluster/work/projects/ec12/michechi/cache/best/best_model_emilyalsentzer_Bio_ClinicalBERT_5550_landmark1_compact_3_512_landmark_all_landmarks_True_20250801_165512_.pt with AUC: 0.8880, F1: 0.0000, Val Loss: 0.1125
2025-08-01 17:01:58,117: Landmark 1 | Epoch 3/20 | Train Loss: 0.1033 | Val Loss: 0.1089 | Validation AUC: 0.8910 | F1-Score: 0.0000
2025-08-01 17:01:58,458: New best model saved at /cluster/work/projects/ec12/michechi/cache/best/best_model_emilyalsentzer_Bio_ClinicalBERT_5550_landmark1_compact_3_512_landmark_all_landmarks_True_20250801_165512_.pt with AUC: 0.8910, F1: 0.0000, Val Loss: 0.1089
2025-08-01 17:04:13,415: Landmark 1 | Epoch 4/20 | Train Loss: 0.0923 | Val Loss: 0.1134 | Validation AUC: 0.8897 | F1-Score: 0.0000
2025-08-01 17:04:13,416: No improvement in epoch 4. Current best AUC: 0.8910, F1: 0.0000, Val Loss: 0.1089. Epochs without improvement: 1/1
2025-08-01 17:04:13,416: Early stopping triggered at epoch 4. Best AUC: 0.8910, F1: 0.0000, Val Loss: 0.1089
2025-08-01 17:04:13,654: Tempo impiegato per Landmark 1: 541.5 secondi
2025-08-01 17:04:13,654: Tempo medio per epoca: 135.4 secondi
2025-08-01 17:04:13,656: Loading best model from /cluster/work/projects/ec12/michechi/cache/best/best_model_emilyalsentzer_Bio_ClinicalBERT_5550_landmark1_compact_3_512_landmark_all_landmarks_True_20250801_165512_.pt for final evaluation on test set
2025-08-01 17:04:24,804: Final Test AUC (Landmark 1): 0.8734 | Test F1-Score: 0.0000
2025-08-01 17:04:24,804: Preparing data for Landmark 2
Using device: cuda
Some weights of BertForSequenceClassification were not initialized from the model checkpoint at emilyalsentzer/Bio_ClinicalBERT and are newly initialized: ['classifier.bias', 'classifier.weight']
You should probably TRAIN this model on a down-stream task to be able to use it for predictions and inference.
2025-08-01 17:04:31,951: Average train text length: 160.05 words
2025-08-01 17:04:31,951: Average validation text length: 159.92 words
2025-08-01 17:04:31,951: Average test text length: 158.18 words
2025-08-01 17:04:31,951: Training on 14472 samples, validating on 1608, testing on 4020 samples
2025-08-01 17:04:47,667: Fine-tuning at Landmark 2
2025-08-01 17:04:47,671: Early stopping criterion: loss
2025-08-01 17:07:02,932: Landmark 2 | Epoch 1/20 | Train Loss: 0.2486 | Val Loss: 0.1741 | Validation AUC: 0.9061 | F1-Score: 0.1138
2025-08-01 17:07:03,262: New best model saved at /cluster/work/projects/ec12/michechi/cache/best/best_model_emilyalsentzer_Bio_ClinicalBERT_5550_landmark2_compact_3_512_landmark_all_landmarks_True_20250801_170447_.pt with AUC: 0.9061, F1: 0.1138, Val Loss: 0.1741
2025-08-01 17:09:18,569: Landmark 2 | Epoch 2/20 | Train Loss: 0.1948 | Val Loss: 0.1671 | Validation AUC: 0.9116 | F1-Score: 0.2394
2025-08-01 17:09:18,892: New best model saved at /cluster/work/projects/ec12/michechi/cache/best/best_model_emilyalsentzer_Bio_ClinicalBERT_5550_landmark2_compact_3_512_landmark_all_landmarks_True_20250801_170447_.pt with AUC: 0.9116, F1: 0.2394, Val Loss: 0.1671
2025-08-01 17:11:34,240: Landmark 2 | Epoch 3/20 | Train Loss: 0.1785 | Val Loss: 0.1619 | Validation AUC: 0.9154 | F1-Score: 0.3473
2025-08-01 17:11:34,566: New best model saved at /cluster/work/projects/ec12/michechi/cache/best/best_model_emilyalsentzer_Bio_ClinicalBERT_5550_landmark2_compact_3_512_landmark_all_landmarks_True_20250801_170447_.pt with AUC: 0.9154, F1: 0.3473, Val Loss: 0.1619
2025-08-01 17:13:49,903: Landmark 2 | Epoch 4/20 | Train Loss: 0.1585 | Val Loss: 0.1731 | Validation AUC: 0.9027 | F1-Score: 0.3394
2025-08-01 17:13:49,903: No improvement in epoch 4. Current best AUC: 0.9154, F1: 0.3473, Val Loss: 0.1619. Epochs without improvement: 1/1
2025-08-01 17:13:49,903: Early stopping triggered at epoch 4. Best AUC: 0.9154, F1: 0.3473, Val Loss: 0.1619
2025-08-01 17:13:50,150: Tempo impiegato per Landmark 2: 542.5 secondi
2025-08-01 17:13:50,151: Tempo medio per epoca: 135.6 secondi
2025-08-01 17:13:50,152: Loading best model from /cluster/work/projects/ec12/michechi/cache/best/best_model_emilyalsentzer_Bio_ClinicalBERT_5550_landmark2_compact_3_512_landmark_all_landmarks_True_20250801_170447_.pt for final evaluation on test set
2025-08-01 17:14:01,321: Final Test AUC (Landmark 2): 0.8965 | Test F1-Score: 0.3609
2025-08-01 17:14:01,321: Preparing data for Landmark 3
Using device: cuda
Some weights of BertForSequenceClassification were not initialized from the model checkpoint at emilyalsentzer/Bio_ClinicalBERT and are newly initialized: ['classifier.bias', 'classifier.weight']
You should probably TRAIN this model on a down-stream task to be able to use it for predictions and inference.
2025-08-01 17:14:10,580: Average train text length: 185.98 words
2025-08-01 17:14:10,580: Average validation text length: 182.43 words
2025-08-01 17:14:10,580: Average test text length: 185.50 words
2025-08-01 17:14:10,580: Training on 14472 samples, validating on 1608, testing on 4020 samples
2025-08-01 17:14:28,483: Fine-tuning at Landmark 3
2025-08-01 17:14:28,489: Early stopping criterion: loss
2025-08-01 17:16:44,220: Landmark 3 | Epoch 1/20 | Train Loss: 0.3045 | Val Loss: 0.2056 | Validation AUC: 0.9323 | F1-Score: 0.7158
2025-08-01 17:16:44,542: New best model saved at /cluster/work/projects/ec12/michechi/cache/best/best_model_emilyalsentzer_Bio_ClinicalBERT_5550_landmark3_compact_3_512_landmark_all_landmarks_True_20250801_171428_.pt with AUC: 0.9323, F1: 0.7158, Val Loss: 0.2056
2025-08-01 17:19:00,309: Landmark 3 | Epoch 2/20 | Train Loss: 0.2082 | Val Loss: 0.1952 | Validation AUC: 0.9532 | F1-Score: 0.7059
2025-08-01 17:19:00,639: New best model saved at /cluster/work/projects/ec12/michechi/cache/best/best_model_emilyalsentzer_Bio_ClinicalBERT_5550_landmark3_compact_3_512_landmark_all_landmarks_True_20250801_171428_.pt with AUC: 0.9532, F1: 0.7059, Val Loss: 0.1952
2025-08-01 17:21:16,466: Landmark 3 | Epoch 3/20 | Train Loss: 0.1844 | Val Loss: 0.1885 | Validation AUC: 0.9527 | F1-Score: 0.7301
2025-08-01 17:21:16,785: New best model saved at /cluster/work/projects/ec12/michechi/cache/best/best_model_emilyalsentzer_Bio_ClinicalBERT_5550_landmark3_compact_3_512_landmark_all_landmarks_True_20250801_171428_.pt with AUC: 0.9527, F1: 0.7301, Val Loss: 0.1885
2025-08-01 17:23:32,615: Landmark 3 | Epoch 4/20 | Train Loss: 0.1655 | Val Loss: 0.1879 | Validation AUC: 0.9518 | F1-Score: 0.7336
2025-08-01 17:23:32,954: New best model saved at /cluster/work/projects/ec12/michechi/cache/best/best_model_emilyalsentzer_Bio_ClinicalBERT_5550_landmark3_compact_3_512_landmark_all_landmarks_True_20250801_171428_.pt with AUC: 0.9518, F1: 0.7336, Val Loss: 0.1879
2025-08-01 17:25:48,726: Landmark 3 | Epoch 5/20 | Train Loss: 0.1384 | Val Loss: 0.2065 | Validation AUC: 0.9485 | F1-Score: 0.7206
2025-08-01 17:25:48,726: No improvement in epoch 5. Current best AUC: 0.9518, F1: 0.7336, Val Loss: 0.1879. Epochs without improvement: 1/1
2025-08-01 17:25:48,726: Early stopping triggered at epoch 5. Best AUC: 0.9518, F1: 0.7336, Val Loss: 0.1879
2025-08-01 17:25:48,974: Tempo impiegato per Landmark 3: 680.5 secondi
2025-08-01 17:25:48,974: Tempo medio per epoca: 136.1 secondi
2025-08-01 17:25:48,976: Loading best model from /cluster/work/projects/ec12/michechi/cache/best/best_model_emilyalsentzer_Bio_ClinicalBERT_5550_landmark3_compact_3_512_landmark_all_landmarks_True_20250801_171428_.pt for final evaluation on test set
2025-08-01 17:26:00,158: Final Test AUC (Landmark 3): 0.9451 | Test F1-Score: 0.7283
2025-08-01 17:26:00,160: Saving results to results_medical_True_emilyalsentzer_Bio_ClinicalBERT_landmark_visits3_5550_512_compact_20250801_172600.csv
Using device: cuda
   Landmark Val AUC  ... Validation Loss Training Time (s)
0         1  0.8910  ...          0.1089             541.5
1         2  0.9154  ...          0.1619             542.5
2         3  0.9518  ...          0.1879             680.5

[3 rows x 9 columns]

Job 1838379 consumed 10.2 billing hours from project ec12.

Submitted 2025-08-01T16:53:36; waited 20.0 seconds in the queue after becoming eligible to run.

Requested wallclock time: 6.0 hours
Elapsed wallclock time:   32.1 minutes

Job exited normally.

Task and CPU statistics:
ID             CPUs  Tasks  CPU util                Start   Elapsed  Exit status
1838379          16            0.0 %  2025-08-01T16:53:56  1928.0 s  0
1838379.batch    16      1     6.2 %  2025-08-01T16:53:56  1928.0 s  0

Used CPU time:   31.9 CPU minutes
Unused CPU time: 8.0 CPU hours

Memory statistics, in GiB:
ID              Alloc   Usage
1838379          32.0        
1838379.batch    32.0     9.6

GPU usage stats:
Job 1838379 completed at Fri Aug 1 17:26:05 CEST 2025
