Starting job 1853870 on gpu-15 on fox at Wed Aug 13 16:54:09 CEST 2025

2025-08-13 16:54:34,871: Argument CI: False
2025-08-13 16:54:34,871: Argument all_landmarks: True
2025-08-13 16:54:34,871: Argument batch_size: 8
2025-08-13 16:54:34,871: Argument cache_dir: '/cluster/work/projects/ec12/michechi/cache'
2025-08-13 16:54:34,871: Argument early: 'loss'
2025-08-13 16:54:34,871: Argument epochs: 20
2025-08-13 16:54:34,871: Argument gradient_accumulation_steps: 1
2025-08-13 16:54:34,871: Argument input_csv: '/fp/homes01/u01/ec-michelec/MIMICIV/data/splitted/splitted/landmark_df_evo.csv'
2025-08-13 16:54:34,871: Argument lr: 2e-05
2025-08-13 16:54:34,871: Argument max_length: 2048
2025-08-13 16:54:34,871: Argument max_visits: 4
2025-08-13 16:54:34,871: Argument model_name: 'answerdotai/ModernBERT-large'
2025-08-13 16:54:34,871: Argument model_type: 'general'
2025-08-13 16:54:34,871: Argument patience: 1
2025-08-13 16:54:34,871: Argument peft: False
2025-08-13 16:54:34,871: Argument prompt_type: 'naive'
2025-08-13 16:54:34,871: Argument seed: 4550
2025-08-13 16:54:34,871: Argument test_csv: '/fp/homes01/u01/ec-michelec/MIMICIV/data/splitted/splitted/landmark_evo_test_dod.csv'
2025-08-13 16:54:34,871: Argument train_csv: '/fp/homes01/u01/ec-michelec/MIMICIV/data/splitted/splitted/landmark_evo_train_dod.csv'
2025-08-13 16:54:34,871: Argument use_quantization: False
2025-08-13 16:54:34,872: Argument val_csv: '/fp/homes01/u01/ec-michelec/MIMICIV/data/splitted/splitted/landmark_evo_vali_dod.csv'
2025-08-13 16:54:34,872: Argument when_counting_death: 'last_visit'
2025-08-13 16:54:34,929: Using prompt type: naive
/fp/homes01/u01/ec-michelec/MIMICIV/src/Finetuning_rfct.py:79: DtypeWarning: Columns (16,17,18,19) have mixed types. Specify dtype option on import or set low_memory=False.
  full_train_df = pd.read_csv(args.train_csv, na_values=['', 'None', 'NaN', 'na', 'nan']).fillna('')
/fp/homes01/u01/ec-michelec/MIMICIV/src/Finetuning_rfct.py:81: DtypeWarning: Columns (16,17,18,19) have mixed types. Specify dtype option on import or set low_memory=False.
  full_test_df = pd.read_csv(args.test_csv, na_values=['', 'None', 'NaN', 'na', 'nan']).fillna('')
2025-08-13 16:55:11,850: Processing all landmarks from 1 to 4
2025-08-13 16:55:11,851: Preparing data for Landmark 1
2025-08-13 16:55:17,335: We will use 90% of the memory on device 0 for storing the model, and 10% for the buffer to avoid OOM. You can set `max_memory` in to a higher value to use more memory (at your own risk).
Some weights of ModernBertForSequenceClassification were not initialized from the model checkpoint at answerdotai/ModernBERT-large and are newly initialized: ['classifier.bias', 'classifier.weight']
You should probably TRAIN this model on a down-stream task to be able to use it for predictions and inference.
2025-08-13 16:55:22,315: Example train text: Based on this information, what is the probability of mortality within 90 days?
Patient is a 43-year-old F. This is the patient history till visit 1.
During visit 1:
	Diagnosis: Diverticulitis of colon (without mention of hemorrhage); Acute kidney failure, unspecified; Abscess of intestine; Other postoperative infection; Cellulitis and abscess of trunk; Methicillin susceptible Staphylococcus aureus in conditions classified elsewhere and of unspecified site; Removal of other organ (partial) (total) causing abnormal patient reaction, or later complication, without mention of misadventure at time of operation; Hypovolemia; Nausea with vomiting
	Medications: NS; Potassium Chloride; OxycoDONE (Immediate Release) ; Magnesium Citrate; SW; Magnesium Sulfate; Prochlorperazine; Lorazepam; HYDROmorphone (Dilaudid); Iso-Osmotic Dextrose; Piperacillin-Tazobactam Na; Potassium Chl 20 mEq / 1000 mL D5 1/2 NS; Insulin; LR; Acetaminophen; Ondansetron; Ketorolac; OxycoDONE-Acetaminophen Elixir; Sodium Chloride 0.9%  Flush; Docusate Sodium; Hydrocodone-Acetaminophen; D5W; Clindamycin; Fluticasone Propionate NASAL; Ciprofloxacin; Pantoprazole; Metoclopramide; Calcium Carbonate; Vancomycin; Cephalexin; Heparin; Bupivacaine 0.5%; Promethazine HCl; D5 1/2NS; Hydrocortisone (Rectal) 2.5% Cream; Morphine Sulfate; Escitalopram Oxalate; Maalox/Diphenhydramine/Lidocaine; Nafcillin; HydrOXYzine; MetRONIDAZOLE (FLagyl); Ibuprofen
	Procedures: Open and other sigmoidectomy
2025-08-13 16:55:22,375: Average train text length: 134.64 words
2025-08-13 16:55:22,375: Average validation text length: 138.88 words
2025-08-13 16:55:22,375: Average test text length: 135.93 words
2025-08-13 16:55:22,375: Training on 8040 samples, validating on 894, testing on 2234 samples
2025-08-13 16:55:29,653: Fine-tuning at Landmark 1
2025-08-13 16:55:29,658: Early stopping criterion: loss
/fp/homes01/u01/ec-michelec/ModernBERT/lib64/python3.9/site-packages/networkx/utils/backends.py:135: RuntimeWarning: networkx backend defined more than once: nx-loopback
  backends.update(_get_backends("networkx.backends"))
2025-08-13 17:06:37,204: Landmark 1 | Epoch 1/20 | Train Loss: 0.6346 | Val Loss: 0.4677 | Validation AUC: 0.6088 | F1-Score: 0.0000
2025-08-13 17:06:37,750: New best model saved at /cluster/work/projects/ec12/michechi/cache/best/best_model_answerdotai_ModernBERT-large_4550_landmark1_naive_4_2048_last_visit_all_landmarks_True_20250813_165529_.pt with AUC: 0.6088, F1: 0.0000, Val Loss: 0.4677
2025-08-13 17:17:24,245: Landmark 1 | Epoch 2/20 | Train Loss: 0.4618 | Val Loss: 0.4460 | Validation AUC: 0.6967 | F1-Score: 0.0000
2025-08-13 17:17:24,839: New best model saved at /cluster/work/projects/ec12/michechi/cache/best/best_model_answerdotai_ModernBERT-large_4550_landmark1_naive_4_2048_last_visit_all_landmarks_True_20250813_165529_.pt with AUC: 0.6967, F1: 0.0000, Val Loss: 0.4460
2025-08-13 17:28:12,083: Landmark 1 | Epoch 3/20 | Train Loss: 0.4634 | Val Loss: 0.4510 | Validation AUC: 0.6825 | F1-Score: 0.0000
2025-08-13 17:28:12,083: No improvement in epoch 3. Current best AUC: 0.6967, F1: 0.0000, Val Loss: 0.4460. Epochs without improvement: 1/1
2025-08-13 17:28:12,084: Early stopping triggered at epoch 3. Best AUC: 0.6967, F1: 0.0000, Val Loss: 0.4460
2025-08-13 17:28:12,529: Tempo impiegato per Landmark 1: 1962.9 secondi
2025-08-13 17:28:12,529: Tempo medio per epoca: 654.3 secondi
2025-08-13 17:28:12,531: Loading best model from /cluster/work/projects/ec12/michechi/cache/best/best_model_answerdotai_ModernBERT-large_4550_landmark1_naive_4_2048_last_visit_all_landmarks_True_20250813_165529_.pt for final evaluation on test set
2025-08-13 17:28:55,176: Final Test AUC (Landmark 1): 0.6906 | Test F1-Score: 0.0000
2025-08-13 17:28:55,176: Preparing data for Landmark 2
2025-08-13 17:28:57,404: We will use 90% of the memory on device 0 for storing the model, and 10% for the buffer to avoid OOM. You can set `max_memory` in to a higher value to use more memory (at your own risk).
Some weights of ModernBertForSequenceClassification were not initialized from the model checkpoint at answerdotai/ModernBERT-large and are newly initialized: ['classifier.bias', 'classifier.weight']
You should probably TRAIN this model on a down-stream task to be able to use it for predictions and inference.
2025-08-13 17:29:05,420: Example train text: Based on this information, what is the probability of mortality within 90 days?
Patient is a 43-year-old F. This is the patient history till visit 2.
During visit 1:
	Diagnosis: Diverticulitis of colon (without mention of hemorrhage); Acute kidney failure, unspecified; Abscess of intestine; Other postoperative infection; Cellulitis and abscess of trunk; Methicillin susceptible Staphylococcus aureus in conditions classified elsewhere and of unspecified site; Removal of other organ (partial) (total) causing abnormal patient reaction, or later complication, without mention of misadventure at time of operation; Hypovolemia; Nausea with vomiting
	Medications: NS; Potassium Chloride; OxycoDONE (Immediate Release) ; Magnesium Citrate; SW; Magnesium Sulfate; Prochlorperazine; Lorazepam; HYDROmorphone (Dilaudid); Iso-Osmotic Dextrose; Piperacillin-Tazobactam Na; Potassium Chl 20 mEq / 1000 mL D5 1/2 NS; Insulin; LR; Acetaminophen; Ondansetron; Ketorolac; OxycoDONE-Acetaminophen Elixir; Sodium Chloride 0.9%  Flush; Docusate Sodium; Hydrocodone-Acetaminophen; D5W; Clindamycin; Fluticasone Propionate NASAL; Ciprofloxacin; Pantoprazole; Metoclopramide; Calcium Carbonate; Vancomycin; Cephalexin; Heparin; Bupivacaine 0.5%; Promethazine HCl; D5 1/2NS; Hydrocortisone (Rectal) 2.5% Cream; Morphine Sulfate; Escitalopram Oxalate; Maalox/Diphenhydramine/Lidocaine; Nafcillin; HydrOXYzine; MetRONIDAZOLE (FLagyl); Ibuprofen
	Procedures: Open and other sigmoidectomy
During visit 2:
	Diagnosis: Esophageal reflux; Diverticulosis of colon (without mention of hemorrhage); Other specified aftercare following surgery
	Medications: LR; Ranitidine; Acetaminophen; Escitalopram Oxalate; Promethazine; Heparin; Ondansetron ODT; Potassium Chl 20 mEq / 1000 mL D5 1/2 NS; Pantoprazole; Sodium Chloride 0.9%  Flush; Fluticasone Propionate NASAL; Ondansetron
	Procedures: 
2025-08-13 17:29:05,528: Average train text length: 248.48 words
2025-08-13 17:29:05,528: Average validation text length: 253.32 words
2025-08-13 17:29:05,528: Average test text length: 249.70 words
2025-08-13 17:29:05,528: Training on 8040 samples, validating on 894, testing on 2234 samples
2025-08-13 17:29:17,946: Fine-tuning at Landmark 2
2025-08-13 17:29:17,960: Early stopping criterion: loss
2025-08-13 17:39:59,890: Landmark 2 | Epoch 1/20 | Train Loss: 0.6958 | Val Loss: 0.4576 | Validation AUC: 0.6468 | F1-Score: 0.0000
2025-08-13 17:40:00,480: New best model saved at /cluster/work/projects/ec12/michechi/cache/best/best_model_answerdotai_ModernBERT-large_4550_landmark2_naive_4_2048_last_visit_all_landmarks_True_20250813_172917_.pt with AUC: 0.6468, F1: 0.0000, Val Loss: 0.4576
2025-08-13 17:50:42,302: Landmark 2 | Epoch 2/20 | Train Loss: 0.4641 | Val Loss: 0.4534 | Validation AUC: 0.6771 | F1-Score: 0.0000
2025-08-13 17:50:42,848: New best model saved at /cluster/work/projects/ec12/michechi/cache/best/best_model_answerdotai_ModernBERT-large_4550_landmark2_naive_4_2048_last_visit_all_landmarks_True_20250813_172917_.pt with AUC: 0.6771, F1: 0.0000, Val Loss: 0.4534
2025-08-13 18:01:24,029: Landmark 2 | Epoch 3/20 | Train Loss: 0.4525 | Val Loss: 0.4464 | Validation AUC: 0.6893 | F1-Score: 0.0000
2025-08-13 18:01:24,588: New best model saved at /cluster/work/projects/ec12/michechi/cache/best/best_model_answerdotai_ModernBERT-large_4550_landmark2_naive_4_2048_last_visit_all_landmarks_True_20250813_172917_.pt with AUC: 0.6893, F1: 0.0000, Val Loss: 0.4464
2025-08-13 18:12:05,782: Landmark 2 | Epoch 4/20 | Train Loss: 0.4475 | Val Loss: 0.4412 | Validation AUC: 0.6954 | F1-Score: 0.0000
2025-08-13 18:12:06,331: New best model saved at /cluster/work/projects/ec12/michechi/cache/best/best_model_answerdotai_ModernBERT-large_4550_landmark2_naive_4_2048_last_visit_all_landmarks_True_20250813_172917_.pt with AUC: 0.6954, F1: 0.0000, Val Loss: 0.4412
2025-08-13 18:22:47,472: Landmark 2 | Epoch 5/20 | Train Loss: 0.4457 | Val Loss: 0.4406 | Validation AUC: 0.6974 | F1-Score: 0.0000
2025-08-13 18:22:48,023: New best model saved at /cluster/work/projects/ec12/michechi/cache/best/best_model_answerdotai_ModernBERT-large_4550_landmark2_naive_4_2048_last_visit_all_landmarks_True_20250813_172917_.pt with AUC: 0.6974, F1: 0.0000, Val Loss: 0.4406
2025-08-13 18:33:29,550: Landmark 2 | Epoch 6/20 | Train Loss: 0.4448 | Val Loss: 0.4410 | Validation AUC: 0.7004 | F1-Score: 0.0000
2025-08-13 18:33:29,551: No improvement in epoch 6. Current best AUC: 0.6974, F1: 0.0000, Val Loss: 0.4406. Epochs without improvement: 1/1
2025-08-13 18:33:29,551: Early stopping triggered at epoch 6. Best AUC: 0.6974, F1: 0.0000, Val Loss: 0.4406
2025-08-13 18:33:30,057: Tempo impiegato per Landmark 2: 3852.1 secondi
2025-08-13 18:33:30,058: Tempo medio per epoca: 642.0 secondi
2025-08-13 18:33:30,060: Loading best model from /cluster/work/projects/ec12/michechi/cache/best/best_model_answerdotai_ModernBERT-large_4550_landmark2_naive_4_2048_last_visit_all_landmarks_True_20250813_172917_.pt for final evaluation on test set
2025-08-13 18:34:11,535: Final Test AUC (Landmark 2): 0.7035 | Test F1-Score: 0.0000
2025-08-13 18:34:11,536: Preparing data for Landmark 3
2025-08-13 18:34:13,592: We will use 90% of the memory on device 0 for storing the model, and 10% for the buffer to avoid OOM. You can set `max_memory` in to a higher value to use more memory (at your own risk).
Some weights of ModernBertForSequenceClassification were not initialized from the model checkpoint at answerdotai/ModernBERT-large and are newly initialized: ['classifier.bias', 'classifier.weight']
You should probably TRAIN this model on a down-stream task to be able to use it for predictions and inference.
2025-08-13 18:34:21,926: Example train text: Based on this information, what is the probability of mortality within 90 days?
Patient is a 46-year-old F. This is the patient history till visit 3.
During visit 1:
	Diagnosis: Diverticulitis of colon (without mention of hemorrhage); Acute kidney failure, unspecified; Abscess of intestine; Other postoperative infection; Cellulitis and abscess of trunk; Methicillin susceptible Staphylococcus aureus in conditions classified elsewhere and of unspecified site; Removal of other organ (partial) (total) causing abnormal patient reaction, or later complication, without mention of misadventure at time of operation; Hypovolemia; Nausea with vomiting
	Medications: NS; Potassium Chloride; OxycoDONE (Immediate Release) ; Magnesium Citrate; SW; Magnesium Sulfate; Prochlorperazine; Lorazepam; HYDROmorphone (Dilaudid); Iso-Osmotic Dextrose; Piperacillin-Tazobactam Na; Potassium Chl 20 mEq / 1000 mL D5 1/2 NS; Insulin; LR; Acetaminophen; Ondansetron; Ketorolac; OxycoDONE-Acetaminophen Elixir; Sodium Chloride 0.9%  Flush; Docusate Sodium; Hydrocodone-Acetaminophen; D5W; Clindamycin; Fluticasone Propionate NASAL; Ciprofloxacin; Pantoprazole; Metoclopramide; Calcium Carbonate; Vancomycin; Cephalexin; Heparin; Bupivacaine 0.5%; Promethazine HCl; D5 1/2NS; Hydrocortisone (Rectal) 2.5% Cream; Morphine Sulfate; Escitalopram Oxalate; Maalox/Diphenhydramine/Lidocaine; Nafcillin; HydrOXYzine; MetRONIDAZOLE (FLagyl); Ibuprofen
	Procedures: Open and other sigmoidectomy
During visit 2:
	Diagnosis: Esophageal reflux; Diverticulosis of colon (without mention of hemorrhage); Other specified aftercare following surgery
	Medications: LR; Ranitidine; Acetaminophen; Escitalopram Oxalate; Promethazine; Heparin; Ondansetron ODT; Potassium Chl 20 mEq / 1000 mL D5 1/2 NS; Pantoprazole; Sodium Chloride 0.9%  Flush; Fluticasone Propionate NASAL; Ondansetron
	Procedures: 
During visit 3:
	Diagnosis: Chest pain, unspecified; Orthostatic hypotension
	Medications: 
	Procedures: 
2025-08-13 18:34:22,094: Average train text length: 369.00 words
2025-08-13 18:34:22,094: Average validation text length: 374.02 words
2025-08-13 18:34:22,094: Average test text length: 368.87 words
2025-08-13 18:34:22,094: Training on 8040 samples, validating on 894, testing on 2234 samples
2025-08-13 18:34:37,975: Fine-tuning at Landmark 3
2025-08-13 18:34:37,996: Early stopping criterion: loss
2025-08-13 18:45:20,078: Landmark 3 | Epoch 1/20 | Train Loss: 0.7302 | Val Loss: 0.4480 | Validation AUC: 0.6756 | F1-Score: 0.0000
2025-08-13 18:45:20,653: New best model saved at /cluster/work/projects/ec12/michechi/cache/best/best_model_answerdotai_ModernBERT-large_4550_landmark3_naive_4_2048_last_visit_all_landmarks_True_20250813_183437_.pt with AUC: 0.6756, F1: 0.0000, Val Loss: 0.4480
2025-08-13 18:56:02,831: Landmark 3 | Epoch 2/20 | Train Loss: 0.4192 | Val Loss: 0.3742 | Validation AUC: 0.8185 | F1-Score: 0.2991
2025-08-13 18:56:03,392: New best model saved at /cluster/work/projects/ec12/michechi/cache/best/best_model_answerdotai_ModernBERT-large_4550_landmark3_naive_4_2048_last_visit_all_landmarks_True_20250813_183437_.pt with AUC: 0.8185, F1: 0.2991, Val Loss: 0.3742
2025-08-13 19:06:45,551: Landmark 3 | Epoch 3/20 | Train Loss: 0.3861 | Val Loss: 0.3635 | Validation AUC: 0.8330 | F1-Score: 0.2692
2025-08-13 19:06:46,111: New best model saved at /cluster/work/projects/ec12/michechi/cache/best/best_model_answerdotai_ModernBERT-large_4550_landmark3_naive_4_2048_last_visit_all_landmarks_True_20250813_183437_.pt with AUC: 0.8330, F1: 0.2692, Val Loss: 0.3635
2025-08-13 19:17:28,594: Landmark 3 | Epoch 4/20 | Train Loss: 0.3705 | Val Loss: 0.3627 | Validation AUC: 0.8349 | F1-Score: 0.2234
2025-08-13 19:17:29,153: New best model saved at /cluster/work/projects/ec12/michechi/cache/best/best_model_answerdotai_ModernBERT-large_4550_landmark3_naive_4_2048_last_visit_all_landmarks_True_20250813_183437_.pt with AUC: 0.8349, F1: 0.2234, Val Loss: 0.3627
2025-08-13 19:28:11,878: Landmark 3 | Epoch 5/20 | Train Loss: 0.3637 | Val Loss: 0.3553 | Validation AUC: 0.8405 | F1-Score: 0.3700
2025-08-13 19:28:12,447: New best model saved at /cluster/work/projects/ec12/michechi/cache/best/best_model_answerdotai_ModernBERT-large_4550_landmark3_naive_4_2048_last_visit_all_landmarks_True_20250813_183437_.pt with AUC: 0.8405, F1: 0.3700, Val Loss: 0.3553
2025-08-13 19:38:55,373: Landmark 3 | Epoch 6/20 | Train Loss: 0.3575 | Val Loss: 0.4344 | Validation AUC: 0.8373 | F1-Score: 0.5321
2025-08-13 19:38:55,373: No improvement in epoch 6. Current best AUC: 0.8405, F1: 0.3700, Val Loss: 0.3553. Epochs without improvement: 1/1
2025-08-13 19:38:55,373: Early stopping triggered at epoch 6. Best AUC: 0.8405, F1: 0.3700, Val Loss: 0.3553
2025-08-13 19:38:55,932: Tempo impiegato per Landmark 3: 3858.0 secondi
2025-08-13 19:38:55,933: Tempo medio per epoca: 643.0 secondi
2025-08-13 19:38:55,935: Loading best model from /cluster/work/projects/ec12/michechi/cache/best/best_model_answerdotai_ModernBERT-large_4550_landmark3_naive_4_2048_last_visit_all_landmarks_True_20250813_183437_.pt for final evaluation on test set
2025-08-13 19:39:37,902: Final Test AUC (Landmark 3): 0.8177 | Test F1-Score: 0.3118
2025-08-13 19:39:37,902: Preparing data for Landmark 4
2025-08-13 19:39:40,122: We will use 90% of the memory on device 0 for storing the model, and 10% for the buffer to avoid OOM. You can set `max_memory` in to a higher value to use more memory (at your own risk).
Some weights of ModernBertForSequenceClassification were not initialized from the model checkpoint at answerdotai/ModernBERT-large and are newly initialized: ['classifier.bias', 'classifier.weight']
You should probably TRAIN this model on a down-stream task to be able to use it for predictions and inference.
2025-08-13 19:39:54,126: Example train text: Based on this information, what is the probability of mortality within 90 days?
Patient is a 47-year-old F. This is the patient history till visit 4.
During visit 1:
	Diagnosis: Diverticulitis of colon (without mention of hemorrhage); Acute kidney failure, unspecified; Abscess of intestine; Other postoperative infection; Cellulitis and abscess of trunk; Methicillin susceptible Staphylococcus aureus in conditions classified elsewhere and of unspecified site; Removal of other organ (partial) (total) causing abnormal patient reaction, or later complication, without mention of misadventure at time of operation; Hypovolemia; Nausea with vomiting
	Medications: NS; Potassium Chloride; OxycoDONE (Immediate Release) ; Magnesium Citrate; SW; Magnesium Sulfate; Prochlorperazine; Lorazepam; HYDROmorphone (Dilaudid); Iso-Osmotic Dextrose; Piperacillin-Tazobactam Na; Potassium Chl 20 mEq / 1000 mL D5 1/2 NS; Insulin; LR; Acetaminophen; Ondansetron; Ketorolac; OxycoDONE-Acetaminophen Elixir; Sodium Chloride 0.9%  Flush; Docusate Sodium; Hydrocodone-Acetaminophen; D5W; Clindamycin; Fluticasone Propionate NASAL; Ciprofloxacin; Pantoprazole; Metoclopramide; Calcium Carbonate; Vancomycin; Cephalexin; Heparin; Bupivacaine 0.5%; Promethazine HCl; D5 1/2NS; Hydrocortisone (Rectal) 2.5% Cream; Morphine Sulfate; Escitalopram Oxalate; Maalox/Diphenhydramine/Lidocaine; Nafcillin; HydrOXYzine; MetRONIDAZOLE (FLagyl); Ibuprofen
	Procedures: Open and other sigmoidectomy
During visit 2:
	Diagnosis: Esophageal reflux; Diverticulosis of colon (without mention of hemorrhage); Other specified aftercare following surgery
	Medications: LR; Ranitidine; Acetaminophen; Escitalopram Oxalate; Promethazine; Heparin; Ondansetron ODT; Potassium Chl 20 mEq / 1000 mL D5 1/2 NS; Pantoprazole; Sodium Chloride 0.9%  Flush; Fluticasone Propionate NASAL; Ondansetron
	Procedures: 
During visit 3:
	Diagnosis: Chest pain, unspecified; Orthostatic hypotension
	Medications: 
	Procedures: 
During visit 4:
	Diagnosis: Other specified disorders of intestine; Ulceration of intestine; Other and unspecified ovarian cyst; Diverticulosis of colon (without mention of hemorrhage); Intestinal bypass or anastomosis status; Anxiety state, unspecified; Esophageal reflux
	Medications: Ondansetron ODT; Calcium Carbonate; Senna; Vitamin D; Omeprazole; HYDROmorphone (Dilaudid); Desitin; 0.45% Sodium Chloride; Acetaminophen; 0.9% Sodium Chloride; Docusate Sodium; Lorazepam; Multivitamins; Influenza Virus Vaccine; Golytely; Neutra-Phos; Escitalopram Oxalate; Sodium Chloride 0.9%  Flush; Fish Oil (Omega 3); Fluticasone Propionate NASAL; Heparin; Ondansetron; Naproxen; Ranitidine; Ketorolac
	Procedures: Closed [endoscopic] biopsy of large intestine
2025-08-13 19:39:54,355: Average train text length: 502.40 words
2025-08-13 19:39:54,356: Average validation text length: 507.15 words
2025-08-13 19:39:54,356: Average test text length: 502.74 words
2025-08-13 19:39:54,356: Training on 8040 samples, validating on 894, testing on 2234 samples
2025-08-13 19:40:14,975: Fine-tuning at Landmark 4
2025-08-13 19:40:15,015: Early stopping criterion: loss
2025-08-13 19:50:57,703: Landmark 4 | Epoch 1/20 | Train Loss: 0.7445 | Val Loss: 0.4144 | Validation AUC: 0.7617 | F1-Score: 0.0000
2025-08-13 19:50:58,259: New best model saved at /cluster/work/projects/ec12/michechi/cache/best/best_model_answerdotai_ModernBERT-large_4550_landmark4_naive_4_2048_last_visit_all_landmarks_True_20250813_194015_.pt with AUC: 0.7617, F1: 0.0000, Val Loss: 0.4144
2025-08-13 20:01:41,363: Landmark 4 | Epoch 2/20 | Train Loss: 0.3789 | Val Loss: 0.3266 | Validation AUC: 0.8803 | F1-Score: 0.5324
2025-08-13 20:01:41,913: New best model saved at /cluster/work/projects/ec12/michechi/cache/best/best_model_answerdotai_ModernBERT-large_4550_landmark4_naive_4_2048_last_visit_all_landmarks_True_20250813_194015_.pt with AUC: 0.8803, F1: 0.5324, Val Loss: 0.3266
2025-08-13 20:12:24,890: Landmark 4 | Epoch 3/20 | Train Loss: 0.3524 | Val Loss: 0.3684 | Validation AUC: 0.8474 | F1-Score: 0.0237
2025-08-13 20:12:24,890: No improvement in epoch 3. Current best AUC: 0.8803, F1: 0.5324, Val Loss: 0.3266. Epochs without improvement: 1/1
2025-08-13 20:12:24,890: Early stopping triggered at epoch 3. Best AUC: 0.8803, F1: 0.5324, Val Loss: 0.3266
2025-08-13 20:12:25,485: Tempo impiegato per Landmark 4: 1930.5 secondi
2025-08-13 20:12:25,485: Tempo medio per epoca: 643.5 secondi
2025-08-13 20:12:25,487: Loading best model from /cluster/work/projects/ec12/michechi/cache/best/best_model_answerdotai_ModernBERT-large_4550_landmark4_naive_4_2048_last_visit_all_landmarks_True_20250813_194015_.pt for final evaluation on test set
2025-08-13 20:13:07,795: Final Test AUC (Landmark 4): 0.8650 | Test F1-Score: 0.4878
2025-08-13 20:13:07,796: Saving results to results_general_True_answerdotai_ModernBERT-large_last_visit_visits4_4550_2048_naive_20250813_201307.csv
Using device: cuda
Using device: cuda
Using device: cuda
Using device: cuda
   Landmark Val AUC  ... Validation Loss Training Time (s)
0         1  0.6967  ...          0.4460            1962.9
1         2  0.6974  ...          0.4406            3852.1
2         3  0.8405  ...          0.3553            3858.0
3         4  0.8803  ...          0.3266            1930.5

[4 rows x 9 columns]

Job 1853870 consumed 63.0 billing hours from project ec12.

Submitted 2025-08-13T16:36:17; waited 17.9 minutes in the queue after becoming eligible to run.

Requested wallclock time: 10.0 hours
Elapsed wallclock time:   3.3 hours

Job exited normally.

Task and CPU statistics:
ID             CPUs  Tasks  CPU util                Start  Elapsed  Exit status
1853870          16            0.0 %  2025-08-13T16:54:08    3.3 h  0
1853870.batch    16      1     7.8 %  2025-08-13T16:54:08    3.3 h  0

Used CPU time:   4.1 CPU hours
Unused CPU time: 2.0 CPU days

Memory statistics, in GiB:
ID              Alloc   Usage
1853870          32.0        
1853870.batch    32.0    14.4

Job 1853870 completed at Wed Aug 13 20:13:13 CEST 2025
