Starting job 1838378 on gpu-2 on fox at Fri Aug 1 16:53:26 CEST 2025

2025-08-01 16:54:08,153: Argument CI: False
2025-08-01 16:54:08,153: Argument all_landmarks: True
2025-08-01 16:54:08,153: Argument batch_size: 8
2025-08-01 16:54:08,153: Argument cache_dir: '/cluster/work/projects/ec12/michechi/cache'
2025-08-01 16:54:08,153: Argument early: 'loss'
2025-08-01 16:54:08,153: Argument epochs: 20
2025-08-01 16:54:08,153: Argument gradient_accumulation_steps: 1
2025-08-01 16:54:08,153: Argument input_csv: '/fp/homes01/u01/ec-michelec/MIMICIV/data/splitted/splitted/landmark_df_evo.csv'
2025-08-01 16:54:08,153: Argument lr: 2e-05
2025-08-01 16:54:08,153: Argument max_length: 512
2025-08-01 16:54:08,153: Argument max_visits: 3
2025-08-01 16:54:08,153: Argument model_name: 'emilyalsentzer/Bio_ClinicalBERT'
2025-08-01 16:54:08,153: Argument model_type: 'medical'
2025-08-01 16:54:08,153: Argument patience: 1
2025-08-01 16:54:08,153: Argument peft: False
2025-08-01 16:54:08,153: Argument prompt_type: 'compact_narrative'
2025-08-01 16:54:08,153: Argument seed: 9550
2025-08-01 16:54:08,153: Argument test_csv: '/fp/homes01/u01/ec-michelec/MIMICIV/data/splitted/splitted/landmark_evo_test_dod.csv'
2025-08-01 16:54:08,153: Argument train_csv: '/fp/homes01/u01/ec-michelec/MIMICIV/data/splitted/splitted/landmark_evo_train_dod.csv'
2025-08-01 16:54:08,153: Argument use_quantization: False
2025-08-01 16:54:08,154: Argument val_csv: '/fp/homes01/u01/ec-michelec/MIMICIV/data/splitted/splitted/landmark_evo_vali_dod.csv'
2025-08-01 16:54:08,154: Argument when_counting_death: 'landmark'
2025-08-01 16:54:08,183: Using prompt type: compact_narrative
/fp/homes01/u01/ec-michelec/MIMICIV/src/Finetuning_rfct.py:79: DtypeWarning: Columns (16,17,18,19) have mixed types. Specify dtype option on import or set low_memory=False.
  full_train_df = pd.read_csv(args.train_csv, na_values=['', 'None', 'NaN', 'na', 'nan']).fillna('')
/fp/homes01/u01/ec-michelec/MIMICIV/src/Finetuning_rfct.py:81: DtypeWarning: Columns (16,17,18,19) have mixed types. Specify dtype option on import or set low_memory=False.
  full_test_df = pd.read_csv(args.test_csv, na_values=['', 'None', 'NaN', 'na', 'nan']).fillna('')
2025-08-01 16:54:45,643: Processing all landmarks from 1 to 3
2025-08-01 16:54:45,643: Preparing data for Landmark 1
/fp/projects01/ec30/software/easybuild/software/nlpl-pytorch/2.1.2-foss-2022b-cuda-12.0.0-Python-3.10.8/lib/python3.10/site-packages/torch/_utils.py:831: UserWarning: TypedStorage is deprecated. It will be removed in the future and UntypedStorage will be the only storage class. This should only matter to you if you are using storages directly.  To access UntypedStorage directly, use tensor.untyped_storage() instead of tensor.storage()
  return self.fget.__get__(instance, owner)()
Some weights of BertForSequenceClassification were not initialized from the model checkpoint at emilyalsentzer/Bio_ClinicalBERT and are newly initialized: ['classifier.bias', 'classifier.weight']
You should probably TRAIN this model on a down-stream task to be able to use it for predictions and inference.
2025-08-01 16:54:53,167: Average train text length: 151.90 words
2025-08-01 16:54:53,167: Average validation text length: 151.07 words
2025-08-01 16:54:53,167: Average test text length: 152.65 words
2025-08-01 16:54:53,167: Training on 14472 samples, validating on 1608, testing on 4020 samples
2025-08-01 16:55:07,707: Fine-tuning at Landmark 1
2025-08-01 16:55:08,744: Early stopping criterion: loss
2025-08-01 16:57:24,973: Landmark 1 | Epoch 1/20 | Train Loss: 0.1378 | Val Loss: 0.1298 | Validation AUC: 0.8490 | F1-Score: 0.0000
2025-08-01 16:57:25,329: New best model saved at /cluster/work/projects/ec12/michechi/cache/best/best_model_emilyalsentzer_Bio_ClinicalBERT_9550_landmark1_compact_narrative_3_512_landmark_all_landmarks_True_20250801_165508_.pt with AUC: 0.8490, F1: 0.0000, Val Loss: 0.1298
2025-08-01 16:59:41,577: Landmark 1 | Epoch 2/20 | Train Loss: 0.1121 | Val Loss: 0.1168 | Validation AUC: 0.8768 | F1-Score: 0.0000
2025-08-01 16:59:41,940: New best model saved at /cluster/work/projects/ec12/michechi/cache/best/best_model_emilyalsentzer_Bio_ClinicalBERT_9550_landmark1_compact_narrative_3_512_landmark_all_landmarks_True_20250801_165508_.pt with AUC: 0.8768, F1: 0.0000, Val Loss: 0.1168
2025-08-01 17:01:57,677: Landmark 1 | Epoch 3/20 | Train Loss: 0.1016 | Val Loss: 0.1204 | Validation AUC: 0.8782 | F1-Score: 0.0000
2025-08-01 17:01:57,679: No improvement in epoch 3. Current best AUC: 0.8768, F1: 0.0000, Val Loss: 0.1168. Epochs without improvement: 1/1
2025-08-01 17:01:57,679: Early stopping triggered at epoch 3. Best AUC: 0.8768, F1: 0.0000, Val Loss: 0.1168
2025-08-01 17:01:57,959: Tempo impiegato per Landmark 1: 410.3 secondi
2025-08-01 17:01:57,959: Tempo medio per epoca: 136.8 secondi
2025-08-01 17:01:57,961: Loading best model from /cluster/work/projects/ec12/michechi/cache/best/best_model_emilyalsentzer_Bio_ClinicalBERT_9550_landmark1_compact_narrative_3_512_landmark_all_landmarks_True_20250801_165508_.pt for final evaluation on test set
2025-08-01 17:02:09,300: Final Test AUC (Landmark 1): 0.8624 | Test F1-Score: 0.0000
2025-08-01 17:02:09,300: Preparing data for Landmark 2
Using device: cuda
Some weights of BertForSequenceClassification were not initialized from the model checkpoint at emilyalsentzer/Bio_ClinicalBERT and are newly initialized: ['classifier.bias', 'classifier.weight']
You should probably TRAIN this model on a down-stream task to be able to use it for predictions and inference.
2025-08-01 17:02:16,476: Average train text length: 171.18 words
2025-08-01 17:02:16,477: Average validation text length: 171.11 words
2025-08-01 17:02:16,477: Average test text length: 169.35 words
2025-08-01 17:02:16,477: Training on 14472 samples, validating on 1608, testing on 4020 samples
2025-08-01 17:02:32,672: Fine-tuning at Landmark 2
2025-08-01 17:02:32,676: Early stopping criterion: loss
2025-08-01 17:04:48,789: Landmark 2 | Epoch 1/20 | Train Loss: 0.2508 | Val Loss: 0.1777 | Validation AUC: 0.9144 | F1-Score: 0.3696
2025-08-01 17:04:49,106: New best model saved at /cluster/work/projects/ec12/michechi/cache/best/best_model_emilyalsentzer_Bio_ClinicalBERT_9550_landmark2_compact_narrative_3_512_landmark_all_landmarks_True_20250801_170232_.pt with AUC: 0.9144, F1: 0.3696, Val Loss: 0.1777
2025-08-01 17:07:05,291: Landmark 2 | Epoch 2/20 | Train Loss: 0.2111 | Val Loss: 0.1748 | Validation AUC: 0.9153 | F1-Score: 0.0000
2025-08-01 17:07:05,594: New best model saved at /cluster/work/projects/ec12/michechi/cache/best/best_model_emilyalsentzer_Bio_ClinicalBERT_9550_landmark2_compact_narrative_3_512_landmark_all_landmarks_True_20250801_170232_.pt with AUC: 0.9153, F1: 0.0000, Val Loss: 0.1748
2025-08-01 17:09:21,837: Landmark 2 | Epoch 3/20 | Train Loss: 0.1884 | Val Loss: 0.1645 | Validation AUC: 0.9127 | F1-Score: 0.1167
2025-08-01 17:09:22,147: New best model saved at /cluster/work/projects/ec12/michechi/cache/best/best_model_emilyalsentzer_Bio_ClinicalBERT_9550_landmark2_compact_narrative_3_512_landmark_all_landmarks_True_20250801_170232_.pt with AUC: 0.9127, F1: 0.1167, Val Loss: 0.1645
2025-08-01 17:11:38,769: Landmark 2 | Epoch 4/20 | Train Loss: 0.1768 | Val Loss: 0.1736 | Validation AUC: 0.9056 | F1-Score: 0.3057
2025-08-01 17:11:38,769: No improvement in epoch 4. Current best AUC: 0.9127, F1: 0.1167, Val Loss: 0.1645. Epochs without improvement: 1/1
2025-08-01 17:11:38,770: Early stopping triggered at epoch 4. Best AUC: 0.9127, F1: 0.1167, Val Loss: 0.1645
2025-08-01 17:11:39,013: Tempo impiegato per Landmark 2: 546.3 secondi
2025-08-01 17:11:39,013: Tempo medio per epoca: 136.6 secondi
2025-08-01 17:11:39,015: Loading best model from /cluster/work/projects/ec12/michechi/cache/best/best_model_emilyalsentzer_Bio_ClinicalBERT_9550_landmark2_compact_narrative_3_512_landmark_all_landmarks_True_20250801_170232_.pt for final evaluation on test set
2025-08-01 17:11:50,329: Final Test AUC (Landmark 2): 0.8948 | Test F1-Score: 0.1158
2025-08-01 17:11:50,329: Preparing data for Landmark 3
Using device: cuda
Some weights of BertForSequenceClassification were not initialized from the model checkpoint at emilyalsentzer/Bio_ClinicalBERT and are newly initialized: ['classifier.bias', 'classifier.weight']
You should probably TRAIN this model on a down-stream task to be able to use it for predictions and inference.
2025-08-01 17:11:59,671: Average train text length: 199.70 words
2025-08-01 17:11:59,671: Average validation text length: 196.21 words
2025-08-01 17:11:59,671: Average test text length: 199.22 words
2025-08-01 17:11:59,671: Training on 14472 samples, validating on 1608, testing on 4020 samples
2025-08-01 17:12:18,318: Fine-tuning at Landmark 3
2025-08-01 17:12:18,324: Early stopping criterion: loss
2025-08-01 17:14:35,337: Landmark 3 | Epoch 1/20 | Train Loss: 0.2978 | Val Loss: 0.2322 | Validation AUC: 0.9429 | F1-Score: 0.6578
2025-08-01 17:14:35,640: New best model saved at /cluster/work/projects/ec12/michechi/cache/best/best_model_emilyalsentzer_Bio_ClinicalBERT_9550_landmark3_compact_narrative_3_512_landmark_all_landmarks_True_20250801_171218_.pt with AUC: 0.9429, F1: 0.6578, Val Loss: 0.2322
2025-08-01 17:16:52,851: Landmark 3 | Epoch 2/20 | Train Loss: 0.2108 | Val Loss: 0.1885 | Validation AUC: 0.9527 | F1-Score: 0.7125
2025-08-01 17:16:53,165: New best model saved at /cluster/work/projects/ec12/michechi/cache/best/best_model_emilyalsentzer_Bio_ClinicalBERT_9550_landmark3_compact_narrative_3_512_landmark_all_landmarks_True_20250801_171218_.pt with AUC: 0.9527, F1: 0.7125, Val Loss: 0.1885
2025-08-01 17:19:10,390: Landmark 3 | Epoch 3/20 | Train Loss: 0.1893 | Val Loss: 0.2017 | Validation AUC: 0.9484 | F1-Score: 0.7352
2025-08-01 17:19:10,390: No improvement in epoch 3. Current best AUC: 0.9527, F1: 0.7125, Val Loss: 0.1885. Epochs without improvement: 1/1
2025-08-01 17:19:10,390: Early stopping triggered at epoch 3. Best AUC: 0.9527, F1: 0.7125, Val Loss: 0.1885
2025-08-01 17:19:10,631: Tempo impiegato per Landmark 3: 412.3 secondi
2025-08-01 17:19:10,631: Tempo medio per epoca: 137.4 secondi
2025-08-01 17:19:10,633: Loading best model from /cluster/work/projects/ec12/michechi/cache/best/best_model_emilyalsentzer_Bio_ClinicalBERT_9550_landmark3_compact_narrative_3_512_landmark_all_landmarks_True_20250801_171218_.pt for final evaluation on test set
2025-08-01 17:19:21,973: Final Test AUC (Landmark 3): 0.9491 | Test F1-Score: 0.7158
2025-08-01 17:19:21,974: Saving results to results_medical_True_emilyalsentzer_Bio_ClinicalBERT_landmark_visits3_9550_512_compact_narrative_20250801_171921.csv
Using device: cuda
   Landmark Val AUC  ... Validation Loss Training Time (s)
0         1  0.8768  ...          0.1168             410.3
1         2  0.9127  ...          0.1645             546.3
2         3  0.9527  ...          0.1885             412.3

[3 rows x 9 columns]

Job 1838378 consumed 8.2 billing hours from project ec12.

Submitted 2025-08-01T16:53:24; waited 2.0 seconds in the queue after becoming eligible to run.

Requested wallclock time: 6.0 hours
Elapsed wallclock time:   26.0 minutes

Job exited normally.

Task and CPU statistics:
ID             CPUs  Tasks  CPU util                Start   Elapsed  Exit status
1838378          16            0.0 %  2025-08-01T16:53:26  1560.0 s  0
1838378.batch    16      1     6.1 %  2025-08-01T16:53:26  1560.0 s  0

Used CPU time:   25.4 CPU minutes
Unused CPU time: 6.5 CPU hours

Memory statistics, in GiB:
ID              Alloc   Usage
1838378          32.0        
1838378.batch    32.0     9.6

GPU usage stats:
Job 1838378 completed at Fri Aug 1 17:19:26 CEST 2025
