Starting job 1836045 on gpu-2 on fox at Tue Jul 29 17:52:21 CEST 2025

2025-07-29 17:52:32,735: Argument CI: False
2025-07-29 17:52:32,736: Argument all_landmarks: True
2025-07-29 17:52:32,736: Argument batch_size: 8
2025-07-29 17:52:32,736: Argument cache_dir: '/cluster/work/projects/ec12/michechi/cache'
2025-07-29 17:52:32,736: Argument early: 'loss'
2025-07-29 17:52:32,736: Argument epochs: 20
2025-07-29 17:52:32,736: Argument gradient_accumulation_steps: 1
2025-07-29 17:52:32,736: Argument input_csv: '/fp/homes01/u01/ec-michelec/MIMICIV/data/splitted/splitted/landmark_df_evo.csv'
2025-07-29 17:52:32,736: Argument lr: 2e-05
2025-07-29 17:52:32,736: Argument max_length: 512
2025-07-29 17:52:32,736: Argument max_visits: 3
2025-07-29 17:52:32,736: Argument model_name: 'answerdotai/ModernBERT-large'
2025-07-29 17:52:32,736: Argument model_type: 'medical'
2025-07-29 17:52:32,736: Argument patience: 1
2025-07-29 17:52:32,736: Argument peft: False
2025-07-29 17:52:32,736: Argument prompt_type: 'compact'
2025-07-29 17:52:32,736: Argument seed: 4550
2025-07-29 17:52:32,736: Argument test_csv: '/fp/homes01/u01/ec-michelec/MIMICIV/data/splitted/splitted/landmark_evo_test.csv'
2025-07-29 17:52:32,736: Argument train_csv: '/fp/homes01/u01/ec-michelec/MIMICIV/data/splitted/splitted/landmark_evo_train.csv'
2025-07-29 17:52:32,736: Argument use_quantization: False
2025-07-29 17:52:32,736: Argument val_csv: '/fp/homes01/u01/ec-michelec/MIMICIV/data/splitted/splitted/landmark_evo_vali.csv'
2025-07-29 17:52:32,743: Using prompt type: compact
/fp/homes01/u01/ec-michelec/MIMICIV/src/Finetuning_rfct.py:79: DtypeWarning: Columns (16,17,18,19) have mixed types. Specify dtype option on import or set low_memory=False.
  full_train_df = pd.read_csv(args.train_csv, na_values=['', 'None', 'NaN', 'na', 'nan']).fillna('')
/fp/homes01/u01/ec-michelec/MIMICIV/src/Finetuning_rfct.py:81: DtypeWarning: Columns (16,17,18,19) have mixed types. Specify dtype option on import or set low_memory=False.
  full_test_df = pd.read_csv(args.test_csv, na_values=['', 'None', 'NaN', 'na', 'nan']).fillna('')
2025-07-29 17:53:09,188: Processing all landmarks from 1 to 3
2025-07-29 17:53:09,188: Preparing data for Landmark 1
Some weights of ModernBertForSequenceClassification were not initialized from the model checkpoint at answerdotai/ModernBERT-large and are newly initialized: ['classifier.bias', 'classifier.weight']
You should probably TRAIN this model on a down-stream task to be able to use it for predictions and inference.
2025-07-29 17:53:19,133: Average train text length: 147.90 words
2025-07-29 17:53:19,133: Average validation text length: 147.07 words
2025-07-29 17:53:19,133: Average test text length: 148.65 words
2025-07-29 17:53:19,133: Training on 14472 samples, validating on 1608, testing on 4020 samples
2025-07-29 17:53:30,269: Fine-tuning at Landmark 1
2025-07-29 17:53:30,284: Early stopping criterion: loss
/fp/homes01/u01/ec-michelec/ModernBERT/lib64/python3.9/site-packages/networkx/utils/backends.py:135: RuntimeWarning: networkx backend defined more than once: nx-loopback
  backends.update(_get_backends("networkx.backends"))
2025-07-29 18:01:03,183: Landmark 1 | Epoch 1/20 | Train Loss: 0.4006 | Val Loss: 0.3310 | Validation AUC: 0.8211 | F1-Score: 0.0336
2025-07-29 18:01:04,573: New best model saved at /cluster/work/projects/ec12/michechi/cache/best/best_model_answerdotai_ModernBERT-large_4550_landmark1_compact_3_512_all_landmarks_True_20250729_175330_.pt with AUC: 0.8211, F1: 0.0336, Val Loss: 0.3310
2025-07-29 18:08:23,153: Landmark 1 | Epoch 2/20 | Train Loss: 0.3405 | Val Loss: 0.3317 | Validation AUC: 0.8229 | F1-Score: 0.0417
2025-07-29 18:08:23,154: No improvement in epoch 2. Current best AUC: 0.8211, F1: 0.0336, Val Loss: 0.3310. Epochs without improvement: 1/1
2025-07-29 18:08:23,154: Early stopping triggered at epoch 2. Best AUC: 0.8211, F1: 0.0336, Val Loss: 0.3310
2025-07-29 18:08:24,049: Tempo impiegato per Landmark 1: 893.8 secondi
2025-07-29 18:08:24,051: Tempo medio per epoca: 446.9 secondi
2025-07-29 18:08:24,053: Loading best model from /cluster/work/projects/ec12/michechi/cache/best/best_model_answerdotai_ModernBERT-large_4550_landmark1_compact_3_512_all_landmarks_True_20250729_175330_.pt for final evaluation on test set
2025-07-29 18:08:58,033: Final Test AUC (Landmark 1): 0.8091 | Test F1-Score: 0.0503
2025-07-29 18:08:58,033: Preparing data for Landmark 2
Some weights of ModernBertForSequenceClassification were not initialized from the model checkpoint at answerdotai/ModernBERT-large and are newly initialized: ['classifier.bias', 'classifier.weight']
You should probably TRAIN this model on a down-stream task to be able to use it for predictions and inference.
2025-07-29 18:09:07,358: Average train text length: 160.05 words
2025-07-29 18:09:07,358: Average validation text length: 159.92 words
2025-07-29 18:09:07,358: Average test text length: 158.18 words
2025-07-29 18:09:07,358: Training on 14472 samples, validating on 1608, testing on 4020 samples
2025-07-29 18:09:19,377: Fine-tuning at Landmark 2
2025-07-29 18:09:19,394: Early stopping criterion: loss
2025-07-29 18:16:37,826: Landmark 2 | Epoch 1/20 | Train Loss: 0.3861 | Val Loss: 0.3220 | Validation AUC: 0.8746 | F1-Score: 0.5270
2025-07-29 18:16:38,947: New best model saved at /cluster/work/projects/ec12/michechi/cache/best/best_model_answerdotai_ModernBERT-large_4550_landmark2_compact_3_512_all_landmarks_True_20250729_180919_.pt with AUC: 0.8746, F1: 0.5270, Val Loss: 0.3220
2025-07-29 18:23:56,826: Landmark 2 | Epoch 2/20 | Train Loss: 0.3617 | Val Loss: 0.3538 | Validation AUC: 0.8645 | F1-Score: 0.0000
2025-07-29 18:23:56,826: No improvement in epoch 2. Current best AUC: 0.8746, F1: 0.5270, Val Loss: 0.3220. Epochs without improvement: 1/1
2025-07-29 18:23:56,826: Early stopping triggered at epoch 2. Best AUC: 0.8746, F1: 0.5270, Val Loss: 0.3220
2025-07-29 18:23:57,621: Tempo impiegato per Landmark 2: 878.2 secondi
2025-07-29 18:23:57,621: Tempo medio per epoca: 439.1 secondi
2025-07-29 18:23:57,623: Loading best model from /cluster/work/projects/ec12/michechi/cache/best/best_model_answerdotai_ModernBERT-large_4550_landmark2_compact_3_512_all_landmarks_True_20250729_180919_.pt for final evaluation on test set
2025-07-29 18:24:31,589: Final Test AUC (Landmark 2): 0.8470 | Test F1-Score: 0.5031
2025-07-29 18:24:31,589: Preparing data for Landmark 3
Some weights of ModernBertForSequenceClassification were not initialized from the model checkpoint at answerdotai/ModernBERT-large and are newly initialized: ['classifier.bias', 'classifier.weight']
You should probably TRAIN this model on a down-stream task to be able to use it for predictions and inference.
2025-07-29 18:24:40,074: Average train text length: 185.98 words
2025-07-29 18:24:40,074: Average validation text length: 182.43 words
2025-07-29 18:24:40,075: Average test text length: 185.50 words
2025-07-29 18:24:40,075: Training on 14472 samples, validating on 1608, testing on 4020 samples
2025-07-29 18:24:53,913: Fine-tuning at Landmark 3
2025-07-29 18:24:53,928: Early stopping criterion: loss
2025-07-29 18:32:13,701: Landmark 3 | Epoch 1/20 | Train Loss: 0.3075 | Val Loss: 0.2286 | Validation AUC: 0.9330 | F1-Score: 0.6483
2025-07-29 18:32:14,721: New best model saved at /cluster/work/projects/ec12/michechi/cache/best/best_model_answerdotai_ModernBERT-large_4550_landmark3_compact_3_512_all_landmarks_True_20250729_182453_.pt with AUC: 0.9330, F1: 0.6483, Val Loss: 0.2286
2025-07-29 18:39:34,910: Landmark 3 | Epoch 2/20 | Train Loss: 0.2045 | Val Loss: 0.1885 | Validation AUC: 0.9548 | F1-Score: 0.6770
2025-07-29 18:39:35,929: New best model saved at /cluster/work/projects/ec12/michechi/cache/best/best_model_answerdotai_ModernBERT-large_4550_landmark3_compact_3_512_all_landmarks_True_20250729_182453_.pt with AUC: 0.9548, F1: 0.6770, Val Loss: 0.1885
2025-07-29 18:46:56,187: Landmark 3 | Epoch 3/20 | Train Loss: 0.1854 | Val Loss: 0.1780 | Validation AUC: 0.9572 | F1-Score: 0.7442
2025-07-29 18:46:57,210: New best model saved at /cluster/work/projects/ec12/michechi/cache/best/best_model_answerdotai_ModernBERT-large_4550_landmark3_compact_3_512_all_landmarks_True_20250729_182453_.pt with AUC: 0.9572, F1: 0.7442, Val Loss: 0.1780
2025-07-29 18:54:17,423: Landmark 3 | Epoch 4/20 | Train Loss: 0.1649 | Val Loss: 0.1889 | Validation AUC: 0.9533 | F1-Score: 0.7079
2025-07-29 18:54:17,424: No improvement in epoch 4. Current best AUC: 0.9572, F1: 0.7442, Val Loss: 0.1780. Epochs without improvement: 1/1
2025-07-29 18:54:17,424: Early stopping triggered at epoch 4. Best AUC: 0.9572, F1: 0.7442, Val Loss: 0.1780
2025-07-29 18:54:18,135: Tempo impiegato per Landmark 3: 1764.2 secondi
2025-07-29 18:54:18,135: Tempo medio per epoca: 441.1 secondi
2025-07-29 18:54:18,138: Loading best model from /cluster/work/projects/ec12/michechi/cache/best/best_model_answerdotai_ModernBERT-large_4550_landmark3_compact_3_512_all_landmarks_True_20250729_182453_.pt for final evaluation on test set
2025-07-29 18:54:52,049: Final Test AUC (Landmark 3): 0.9488 | Test F1-Score: 0.7295
2025-07-29 18:54:52,054: Saving results to results_medical_True_answerdotai_ModernBERT-large_visits3_4550_compact_20250729_185452.csv
Using device: cuda
Using device: cuda
Using device: cuda
   Landmark Val AUC  ... Validation Loss Training Time (s)
0         1  0.8211  ...          0.3310             893.8
1         2  0.8746  ...          0.3220             878.2
2         3  0.9572  ...          0.1780            1764.2

[3 rows x 9 columns]

Job 1836045 consumed 19.8 billing hours from project ec12.

Submitted 2025-07-29T17:52:19; waited 2.0 seconds in the queue after becoming eligible to run.

Requested wallclock time: 1.8 days
Elapsed wallclock time:   1.0 hours

Job exited normally.

Task and CPU statistics:
ID             CPUs  Tasks  CPU util                Start  Elapsed  Exit status
1836045          16            0.0 %  2025-07-29T17:52:21    1.0 h  0
1836045.batch    16      1     9.0 %  2025-07-29T17:52:21    1.0 h  0

Used CPU time:   1.5 CPU hours
Unused CPU time: 15.2 CPU hours

Memory statistics, in GiB:
ID              Alloc   Usage
1836045          32.0        
1836045.batch    32.0    12.0

GPU usage stats:
Job 1836045 completed at Tue Jul 29 18:54:58 CEST 2025
