Starting job 1838360 on gpu-2 on fox at Fri Aug 1 16:10:31 CEST 2025

2025-08-01 16:11:06,989: Argument CI: False
2025-08-01 16:11:06,989: Argument all_landmarks: True
2025-08-01 16:11:06,989: Argument batch_size: 8
2025-08-01 16:11:06,989: Argument cache_dir: '/cluster/work/projects/ec12/michechi/cache'
2025-08-01 16:11:06,990: Argument early: 'loss'
2025-08-01 16:11:06,990: Argument epochs: 20
2025-08-01 16:11:06,990: Argument gradient_accumulation_steps: 1
2025-08-01 16:11:06,990: Argument input_csv: '/fp/homes01/u01/ec-michelec/MIMICIV/data/splitted/splitted/landmark_df_evo.csv'
2025-08-01 16:11:06,990: Argument lr: 2e-05
2025-08-01 16:11:06,990: Argument max_length: 512
2025-08-01 16:11:06,990: Argument max_visits: 3
2025-08-01 16:11:06,990: Argument model_name: 'emilyalsentzer/Bio_ClinicalBERT'
2025-08-01 16:11:06,990: Argument model_type: 'medical'
2025-08-01 16:11:06,990: Argument patience: 1
2025-08-01 16:11:06,990: Argument peft: False
2025-08-01 16:11:06,990: Argument prompt_type: 'compact_no_time_rnd'
2025-08-01 16:11:06,990: Argument seed: 4550
2025-08-01 16:11:06,990: Argument test_csv: '/fp/homes01/u01/ec-michelec/MIMICIV/data/splitted/splitted/landmark_evo_test_dod.csv'
2025-08-01 16:11:06,990: Argument train_csv: '/fp/homes01/u01/ec-michelec/MIMICIV/data/splitted/splitted/landmark_evo_train_dod.csv'
2025-08-01 16:11:06,990: Argument use_quantization: False
2025-08-01 16:11:06,990: Argument val_csv: '/fp/homes01/u01/ec-michelec/MIMICIV/data/splitted/splitted/landmark_evo_vali_dod.csv'
2025-08-01 16:11:06,990: Argument when_counting_death: 'landmark'
2025-08-01 16:11:07,027: Using prompt type: compact_no_time_rnd
/fp/homes01/u01/ec-michelec/MIMICIV/src/Finetuning_rfct.py:79: DtypeWarning: Columns (16,17,18,19) have mixed types. Specify dtype option on import or set low_memory=False.
  full_train_df = pd.read_csv(args.train_csv, na_values=['', 'None', 'NaN', 'na', 'nan']).fillna('')
/fp/homes01/u01/ec-michelec/MIMICIV/src/Finetuning_rfct.py:81: DtypeWarning: Columns (16,17,18,19) have mixed types. Specify dtype option on import or set low_memory=False.
  full_test_df = pd.read_csv(args.test_csv, na_values=['', 'None', 'NaN', 'na', 'nan']).fillna('')
2025-08-01 16:11:44,223: Processing all landmarks from 1 to 3
2025-08-01 16:11:44,224: Preparing data for Landmark 1
/fp/projects01/ec30/software/easybuild/software/nlpl-pytorch/2.1.2-foss-2022b-cuda-12.0.0-Python-3.10.8/lib/python3.10/site-packages/torch/_utils.py:831: UserWarning: TypedStorage is deprecated. It will be removed in the future and UntypedStorage will be the only storage class. This should only matter to you if you are using storages directly.  To access UntypedStorage directly, use tensor.untyped_storage() instead of tensor.storage()
  return self.fget.__get__(instance, owner)()
Some weights of BertForSequenceClassification were not initialized from the model checkpoint at emilyalsentzer/Bio_ClinicalBERT and are newly initialized: ['classifier.bias', 'classifier.weight']
You should probably TRAIN this model on a down-stream task to be able to use it for predictions and inference.
2025-08-01 16:11:51,095: Average train text length: 133.90 words
2025-08-01 16:11:51,096: Average validation text length: 133.07 words
2025-08-01 16:11:51,096: Average test text length: 134.65 words
2025-08-01 16:11:51,096: Training on 14472 samples, validating on 1608, testing on 4020 samples
2025-08-01 16:12:04,774: Fine-tuning at Landmark 1
2025-08-01 16:12:06,091: Early stopping criterion: loss
2025-08-01 16:14:21,088: Landmark 1 | Epoch 1/20 | Train Loss: 0.1680 | Val Loss: 0.1375 | Validation AUC: 0.8488 | F1-Score: 0.0000
2025-08-01 16:14:21,462: New best model saved at /cluster/work/projects/ec12/michechi/cache/best/best_model_emilyalsentzer_Bio_ClinicalBERT_4550_landmark1_compact_no_time_rnd_3_512_landmark_all_landmarks_True_20250801_161206_.pt with AUC: 0.8488, F1: 0.0000, Val Loss: 0.1375
2025-08-01 16:16:36,367: Landmark 1 | Epoch 2/20 | Train Loss: 0.1126 | Val Loss: 0.1264 | Validation AUC: 0.8958 | F1-Score: 0.0000
2025-08-01 16:16:36,693: New best model saved at /cluster/work/projects/ec12/michechi/cache/best/best_model_emilyalsentzer_Bio_ClinicalBERT_4550_landmark1_compact_no_time_rnd_3_512_landmark_all_landmarks_True_20250801_161206_.pt with AUC: 0.8958, F1: 0.0000, Val Loss: 0.1264
2025-08-01 16:18:51,623: Landmark 1 | Epoch 3/20 | Train Loss: 0.1038 | Val Loss: 0.1397 | Validation AUC: 0.8755 | F1-Score: 0.0000
2025-08-01 16:18:51,623: No improvement in epoch 3. Current best AUC: 0.8958, F1: 0.0000, Val Loss: 0.1264. Epochs without improvement: 1/1
2025-08-01 16:18:51,623: Early stopping triggered at epoch 3. Best AUC: 0.8958, F1: 0.0000, Val Loss: 0.1264
2025-08-01 16:18:51,871: Tempo impiegato per Landmark 1: 407.1 secondi
2025-08-01 16:18:51,872: Tempo medio per epoca: 135.7 secondi
2025-08-01 16:18:51,873: Loading best model from /cluster/work/projects/ec12/michechi/cache/best/best_model_emilyalsentzer_Bio_ClinicalBERT_4550_landmark1_compact_no_time_rnd_3_512_landmark_all_landmarks_True_20250801_161206_.pt for final evaluation on test set
2025-08-01 16:19:03,031: Final Test AUC (Landmark 1): 0.8603 | Test F1-Score: 0.0000
2025-08-01 16:19:03,032: Preparing data for Landmark 2
Using device: cuda
Some weights of BertForSequenceClassification were not initialized from the model checkpoint at emilyalsentzer/Bio_ClinicalBERT and are newly initialized: ['classifier.bias', 'classifier.weight']
You should probably TRAIN this model on a down-stream task to be able to use it for predictions and inference.
2025-08-01 16:19:09,865: Average train text length: 137.85 words
2025-08-01 16:19:09,865: Average validation text length: 137.77 words
2025-08-01 16:19:09,865: Average test text length: 136.01 words
2025-08-01 16:19:09,865: Training on 14472 samples, validating on 1608, testing on 4020 samples
2025-08-01 16:19:24,387: Fine-tuning at Landmark 2
2025-08-01 16:19:24,391: Early stopping criterion: loss
2025-08-01 16:21:39,477: Landmark 2 | Epoch 1/20 | Train Loss: 0.2517 | Val Loss: 0.1863 | Validation AUC: 0.9093 | F1-Score: 0.0175
2025-08-01 16:21:39,796: New best model saved at /cluster/work/projects/ec12/michechi/cache/best/best_model_emilyalsentzer_Bio_ClinicalBERT_4550_landmark2_compact_no_time_rnd_3_512_landmark_all_landmarks_True_20250801_161924_.pt with AUC: 0.9093, F1: 0.0175, Val Loss: 0.1863
2025-08-01 16:23:54,943: Landmark 2 | Epoch 2/20 | Train Loss: 0.1976 | Val Loss: 0.1626 | Validation AUC: 0.9183 | F1-Score: 0.2953
2025-08-01 16:23:55,276: New best model saved at /cluster/work/projects/ec12/michechi/cache/best/best_model_emilyalsentzer_Bio_ClinicalBERT_4550_landmark2_compact_no_time_rnd_3_512_landmark_all_landmarks_True_20250801_161924_.pt with AUC: 0.9183, F1: 0.2953, Val Loss: 0.1626
2025-08-01 16:26:10,465: Landmark 2 | Epoch 3/20 | Train Loss: 0.1796 | Val Loss: 0.1671 | Validation AUC: 0.9217 | F1-Score: 0.4563
2025-08-01 16:26:10,465: No improvement in epoch 3. Current best AUC: 0.9183, F1: 0.2953, Val Loss: 0.1626. Epochs without improvement: 1/1
2025-08-01 16:26:10,465: Early stopping triggered at epoch 3. Best AUC: 0.9183, F1: 0.2953, Val Loss: 0.1626
2025-08-01 16:26:10,710: Tempo impiegato per Landmark 2: 406.3 secondi
2025-08-01 16:26:10,710: Tempo medio per epoca: 135.4 secondi
2025-08-01 16:26:10,712: Loading best model from /cluster/work/projects/ec12/michechi/cache/best/best_model_emilyalsentzer_Bio_ClinicalBERT_4550_landmark2_compact_no_time_rnd_3_512_landmark_all_landmarks_True_20250801_161924_.pt for final evaluation on test set
2025-08-01 16:26:21,880: Final Test AUC (Landmark 2): 0.8933 | Test F1-Score: 0.2604
2025-08-01 16:26:21,880: Preparing data for Landmark 3
Using device: cuda
Some weights of BertForSequenceClassification were not initialized from the model checkpoint at emilyalsentzer/Bio_ClinicalBERT and are newly initialized: ['classifier.bias', 'classifier.weight']
You should probably TRAIN this model on a down-stream task to be able to use it for predictions and inference.
2025-08-01 16:26:31,364: Average train text length: 180.40 words
2025-08-01 16:26:31,364: Average validation text length: 176.07 words
2025-08-01 16:26:31,365: Average test text length: 180.19 words
2025-08-01 16:26:31,365: Training on 14472 samples, validating on 1608, testing on 4020 samples
2025-08-01 16:26:49,908: Fine-tuning at Landmark 3
2025-08-01 16:26:49,914: Early stopping criterion: loss
2025-08-01 16:29:05,657: Landmark 3 | Epoch 1/20 | Train Loss: 0.2822 | Val Loss: 0.2059 | Validation AUC: 0.9439 | F1-Score: 0.7333
2025-08-01 16:29:05,984: New best model saved at /cluster/work/projects/ec12/michechi/cache/best/best_model_emilyalsentzer_Bio_ClinicalBERT_4550_landmark3_compact_no_time_rnd_3_512_landmark_all_landmarks_True_20250801_162649_.pt with AUC: 0.9439, F1: 0.7333, Val Loss: 0.2059
2025-08-01 16:31:21,787: Landmark 3 | Epoch 2/20 | Train Loss: 0.2094 | Val Loss: 0.1988 | Validation AUC: 0.9475 | F1-Score: 0.6851
2025-08-01 16:31:22,105: New best model saved at /cluster/work/projects/ec12/michechi/cache/best/best_model_emilyalsentzer_Bio_ClinicalBERT_4550_landmark3_compact_no_time_rnd_3_512_landmark_all_landmarks_True_20250801_162649_.pt with AUC: 0.9475, F1: 0.6851, Val Loss: 0.1988
2025-08-01 16:33:37,904: Landmark 3 | Epoch 3/20 | Train Loss: 0.1879 | Val Loss: 0.2020 | Validation AUC: 0.9522 | F1-Score: 0.6006
2025-08-01 16:33:37,904: No improvement in epoch 3. Current best AUC: 0.9475, F1: 0.6851, Val Loss: 0.1988. Epochs without improvement: 1/1
2025-08-01 16:33:37,904: Early stopping triggered at epoch 3. Best AUC: 0.9475, F1: 0.6851, Val Loss: 0.1988
2025-08-01 16:33:38,158: Tempo impiegato per Landmark 3: 408.2 secondi
2025-08-01 16:33:38,159: Tempo medio per epoca: 136.1 secondi
2025-08-01 16:33:38,160: Loading best model from /cluster/work/projects/ec12/michechi/cache/best/best_model_emilyalsentzer_Bio_ClinicalBERT_4550_landmark3_compact_no_time_rnd_3_512_landmark_all_landmarks_True_20250801_162649_.pt for final evaluation on test set
2025-08-01 16:33:49,355: Final Test AUC (Landmark 3): 0.9438 | Test F1-Score: 0.7074
2025-08-01 16:33:49,356: Saving results to results_medical_True_emilyalsentzer_Bio_ClinicalBERT_landmark_visits3_4550_512_compact_no_time_rnd_20250801_163349.csv
Using device: cuda
   Landmark Val AUC  ... Validation Loss Training Time (s)
0         1  0.8958  ...          0.1264             407.1
1         2  0.9183  ...          0.1626             406.3
2         3  0.9475  ...          0.1988             408.2

[3 rows x 9 columns]

Job 1838360 consumed 7.4 billing hours from project ec12.

Submitted 2025-08-01T16:10:28; waited 3.0 seconds in the queue after becoming eligible to run.

Requested wallclock time: 6.0 hours
Elapsed wallclock time:   23.4 minutes

Job exited normally.

Task and CPU statistics:
ID             CPUs  Tasks  CPU util                Start   Elapsed  Exit status
1838360          16            0.0 %  2025-08-01T16:10:31  1403.0 s  0
1838360.batch    16      1     6.1 %  2025-08-01T16:10:31  1403.0 s  0

Used CPU time:   22.8 CPU minutes
Unused CPU time: 5.9 CPU hours

Memory statistics, in GiB:
ID              Alloc   Usage
1838360          32.0        
1838360.batch    32.0     9.6

GPU usage stats:
Job 1838360 completed at Fri Aug 1 16:33:54 CEST 2025
