Starting job 1832920 on gpu-11 on fox at Sat Jul 26 15:06:30 CEST 2025

2025-07-26 15:07:11,295: Argument all_landmarks: True
2025-07-26 15:07:11,296: Argument batch_size: 8
2025-07-26 15:07:11,296: Argument cache_dir: '/cluster/work/projects/ec12/michechi/cache'
2025-07-26 15:07:11,296: Argument early: 'loss'
2025-07-26 15:07:11,296: Argument epochs: 20
2025-07-26 15:07:11,296: Argument gradient_accumulation_steps: 1
2025-07-26 15:07:11,296: Argument input_csv: '/fp/homes01/u01/ec-michelec/MIMICIV/data/splitted/splitted/landmark_df_evo.csv'
2025-07-26 15:07:11,296: Argument lr: 2e-05
2025-07-26 15:07:11,296: Argument max_length: 512
2025-07-26 15:07:11,296: Argument max_visits: 3
2025-07-26 15:07:11,296: Argument model_name: 'emilyalsentzer/Bio_ClinicalBERT'
2025-07-26 15:07:11,296: Argument model_type: 'medbert'
2025-07-26 15:07:11,296: Argument patience: 3
2025-07-26 15:07:11,296: Argument peft: False
2025-07-26 15:07:11,296: Argument prompt_type: 'naive'
2025-07-26 15:07:11,296: Argument seed: 9550
2025-07-26 15:07:11,296: Argument test_csv: '/fp/homes01/u01/ec-michelec/MIMICIV/data/splitted/splitted/landmark_evo_test.csv'
2025-07-26 15:07:11,296: Argument train_csv: '/fp/homes01/u01/ec-michelec/MIMICIV/data/splitted/splitted/landmark_evo_train.csv'
2025-07-26 15:07:11,296: Argument use_quantization: False
2025-07-26 15:07:11,296: Argument val_csv: '/fp/homes01/u01/ec-michelec/MIMICIV/data/splitted/splitted/landmark_evo_vali.csv'
2025-07-26 15:07:12,120: Using prompt type: naive
/fp/homes01/u01/ec-michelec/MIMICIV/src/Finetuning.py:450: DtypeWarning: Columns (16,17,18,19) have mixed types. Specify dtype option on import or set low_memory=False.
  full_train_df = pd.read_csv(args.train_csv, na_values=['', 'None', 'NaN', 'na', 'nan']).fillna('')
/fp/homes01/u01/ec-michelec/MIMICIV/src/Finetuning.py:452: DtypeWarning: Columns (16,17,18,19) have mixed types. Specify dtype option on import or set low_memory=False.
  full_test_df = pd.read_csv(args.test_csv, na_values=['', 'None', 'NaN', 'na', 'nan']).fillna('')
2025-07-26 15:07:49,504: Processing all landmarks from 1 to 3
2025-07-26 15:07:49,504: Preparing data for Landmark 1
/fp/projects01/ec30/software/easybuild/software/nlpl-pytorch/2.1.2-foss-2022b-cuda-12.0.0-Python-3.10.8/lib/python3.10/site-packages/torch/_utils.py:831: UserWarning: TypedStorage is deprecated. It will be removed in the future and UntypedStorage will be the only storage class. This should only matter to you if you are using storages directly.  To access UntypedStorage directly, use tensor.untyped_storage() instead of tensor.storage()
  return self.fget.__get__(instance, owner)()
Some weights of BertForSequenceClassification were not initialized from the model checkpoint at emilyalsentzer/Bio_ClinicalBERT and are newly initialized: ['classifier.bias', 'classifier.weight']
You should probably TRAIN this model on a down-stream task to be able to use it for predictions and inference.
2025-07-26 15:07:53,550: Average train text length: 438.95 words
2025-07-26 15:07:53,550: Average validation text length: 445.14 words
2025-07-26 15:07:53,550: Average test text length: 440.11 words
2025-07-26 15:07:53,550: Training on 14472 samples, validating on 1608, testing on 4020 samples
2025-07-26 15:08:24,757: Fine-tuning at Landmark 1
2025-07-26 15:08:25,119: Early stopping criterion: loss
2025-07-26 15:13:31,178: Landmark 1 | Epoch 1/20 | Train Loss: 0.3853 | Val Loss: 0.3673 | Validation AUC: 0.8033 | F1-Score: 0.0000
2025-07-26 15:18:38,677: Landmark 1 | Epoch 2/20 | Train Loss: 0.3369 | Val Loss: 0.3246 | Validation AUC: 0.8301 | F1-Score: 0.3878
2025-07-26 15:23:46,314: Landmark 1 | Epoch 3/20 | Train Loss: 0.3232 | Val Loss: 0.3237 | Validation AUC: 0.8248 | F1-Score: 0.0968
2025-07-26 15:28:53,787: Landmark 1 | Epoch 4/20 | Train Loss: 0.3043 | Val Loss: 0.3204 | Validation AUC: 0.8359 | F1-Score: 0.4350
2025-07-26 15:34:01,436: Landmark 1 | Epoch 5/20 | Train Loss: 0.2741 | Val Loss: 0.3442 | Validation AUC: 0.8251 | F1-Score: 0.4100
2025-07-26 15:39:08,729: Landmark 1 | Epoch 6/20 | Train Loss: 0.2329 | Val Loss: 0.3786 | Validation AUC: 0.8038 | F1-Score: 0.4008
2025-07-26 15:44:15,472: Landmark 1 | Epoch 7/20 | Train Loss: 0.1756 | Val Loss: 0.4745 | Validation AUC: 0.7931 | F1-Score: 0.3478
2025-07-26 15:44:15,472: Early stopping triggered at epoch 7
2025-07-26 15:44:15,841: Tempo impiegato per Landmark 1: 2151.1 secondi
2025-07-26 15:44:15,841: Tempo medio per epoca: 307.3 secondi
2025-07-26 15:44:15,843: Loading best model from /cluster/work/projects/ec12/michechi/cache/best/best_model_emilyalsentzer_Bio_ClinicalBERT_landmark1_naive_3_512_all_landmarks_True_20250726_150825_.pt for final evaluation on test set
2025-07-26 15:44:39,465: Final Test AUC (Landmark 1): 0.8354 | Test F1-Score: 0.4269
2025-07-26 15:44:39,465: Preparing data for Landmark 2
Using device: cuda
Some weights of BertForSequenceClassification were not initialized from the model checkpoint at emilyalsentzer/Bio_ClinicalBERT and are newly initialized: ['classifier.bias', 'classifier.weight']
You should probably TRAIN this model on a down-stream task to be able to use it for predictions and inference.
2025-07-26 15:44:42,924: Average train text length: 835.58 words
2025-07-26 15:44:42,924: Average validation text length: 845.61 words
2025-07-26 15:44:42,924: Average test text length: 831.96 words
2025-07-26 15:44:42,924: Training on 14472 samples, validating on 1608, testing on 4020 samples
2025-07-26 15:45:42,747: Fine-tuning at Landmark 2
2025-07-26 15:45:42,751: Early stopping criterion: loss
2025-07-26 15:50:43,535: Landmark 2 | Epoch 1/20 | Train Loss: 0.3593 | Val Loss: 0.3075 | Validation AUC: 0.8617 | F1-Score: 0.4989
2025-07-26 15:55:46,057: Landmark 2 | Epoch 2/20 | Train Loss: 0.3215 | Val Loss: 0.3225 | Validation AUC: 0.8593 | F1-Score: 0.0504
2025-07-26 16:00:47,608: Landmark 2 | Epoch 3/20 | Train Loss: 0.2996 | Val Loss: 0.2827 | Validation AUC: 0.8791 | F1-Score: 0.5025
2025-07-26 16:05:49,954: Landmark 2 | Epoch 4/20 | Train Loss: 0.2816 | Val Loss: 0.2806 | Validation AUC: 0.8808 | F1-Score: 0.5000
2025-07-26 16:10:51,737: Landmark 2 | Epoch 5/20 | Train Loss: 0.2667 | Val Loss: 0.2944 | Validation AUC: 0.8659 | F1-Score: 0.3887
2025-07-26 16:15:53,192: Landmark 2 | Epoch 6/20 | Train Loss: 0.2405 | Val Loss: 0.3189 | Validation AUC: 0.8730 | F1-Score: 0.5202
2025-07-26 16:20:54,896: Landmark 2 | Epoch 7/20 | Train Loss: 0.2077 | Val Loss: 0.3592 | Validation AUC: 0.8596 | F1-Score: 0.4599
2025-07-26 16:20:54,897: Early stopping triggered at epoch 7
2025-07-26 16:20:55,293: Tempo impiegato per Landmark 2: 2112.5 secondi
2025-07-26 16:20:55,293: Tempo medio per epoca: 301.8 secondi
2025-07-26 16:20:55,295: Loading best model from /cluster/work/projects/ec12/michechi/cache/best/best_model_emilyalsentzer_Bio_ClinicalBERT_landmark2_naive_3_512_all_landmarks_True_20250726_154542_.pt for final evaluation on test set
2025-07-26 16:21:17,903: Final Test AUC (Landmark 2): 0.8647 | Test F1-Score: 0.4730
2025-07-26 16:21:17,904: Preparing data for Landmark 3
Using device: cuda
Some weights of BertForSequenceClassification were not initialized from the model checkpoint at emilyalsentzer/Bio_ClinicalBERT and are newly initialized: ['classifier.bias', 'classifier.weight']
You should probably TRAIN this model on a down-stream task to be able to use it for predictions and inference.
2025-07-26 16:21:22,116: Average train text length: 1275.97 words
2025-07-26 16:21:22,116: Average validation text length: 1272.87 words
2025-07-26 16:21:22,117: Average test text length: 1274.41 words
2025-07-26 16:21:22,117: Training on 14472 samples, validating on 1608, testing on 4020 samples
2025-07-26 16:22:53,184: Fine-tuning at Landmark 3
2025-07-26 16:22:53,191: Early stopping criterion: loss
2025-07-26 16:27:49,235: Landmark 3 | Epoch 1/20 | Train Loss: 0.3120 | Val Loss: 0.2302 | Validation AUC: 0.9259 | F1-Score: 0.6158
2025-07-26 16:32:47,007: Landmark 3 | Epoch 2/20 | Train Loss: 0.2418 | Val Loss: 0.2738 | Validation AUC: 0.9301 | F1-Score: 0.6541
2025-07-26 16:37:43,911: Landmark 3 | Epoch 3/20 | Train Loss: 0.2159 | Val Loss: 0.2748 | Validation AUC: 0.9264 | F1-Score: 0.6346
2025-07-26 16:42:40,711: Landmark 3 | Epoch 4/20 | Train Loss: 0.1810 | Val Loss: 0.2590 | Validation AUC: 0.9276 | F1-Score: 0.6525
2025-07-26 16:42:40,711: Early stopping triggered at epoch 4
2025-07-26 16:42:41,318: Tempo impiegato per Landmark 3: 1188.1 secondi
2025-07-26 16:42:41,318: Tempo medio per epoca: 297.0 secondi
2025-07-26 16:42:41,320: Loading best model from /cluster/work/projects/ec12/michechi/cache/best/best_model_emilyalsentzer_Bio_ClinicalBERT_landmark3_naive_3_512_all_landmarks_True_20250726_162253_.pt for final evaluation on test set
2025-07-26 16:43:02,952: Final Test AUC (Landmark 3): 0.9271 | Test F1-Score: 0.5961
2025-07-26 16:43:02,953: Saving results to results_medbert_emilyalsentzer_Bio_ClinicalBERT_visits3_9550_naive_20250726_164302.csv
Using device: cuda
   Landmark Val AUC  ... Validation Loss Training Time (s)
0         1  0.8359  ...          0.3204            2151.1
1         2  0.8808  ...          0.2806            2112.5
2         3  0.9259  ...          0.2302            1188.1

[3 rows x 9 columns]

Job 1832920 consumed 30.6 billing hours from project ec12.

Submitted 2025-07-26T15:06:28; waited 2.0 seconds in the queue after becoming eligible to run.

Requested wallclock time: 10.0 hours
Elapsed wallclock time:   1.6 hours

Job exited normally.

Task and CPU statistics:
ID             CPUs  Tasks  CPU util                Start  Elapsed  Exit status
1832920          16            0.0 %  2025-07-26T15:06:30    1.6 h  0
1832920.batch    16      1     6.2 %  2025-07-26T15:06:30    1.6 h  0

Used CPU time:   1.6 CPU hours
Unused CPU time: 1.0 CPU days

Memory statistics, in GiB:
ID              Alloc   Usage
1832920          32.0        
1832920.batch    32.0    20.2

Job 1832920 completed at Sat Jul 26 16:43:09 CEST 2025
