Starting job 1836245 on gpu-8 on fox at Wed Jul 30 12:05:05 CEST 2025

2025-07-30 12:05:16,550: Argument CI: False
2025-07-30 12:05:16,550: Argument all_landmarks: True
2025-07-30 12:05:16,550: Argument batch_size: 8
2025-07-30 12:05:16,550: Argument cache_dir: '/cluster/work/projects/ec12/michechi/cache'
2025-07-30 12:05:16,550: Argument early: 'loss'
2025-07-30 12:05:16,550: Argument epochs: 20
2025-07-30 12:05:16,550: Argument gradient_accumulation_steps: 1
2025-07-30 12:05:16,550: Argument input_csv: '/fp/homes01/u01/ec-michelec/MIMICIV/data/splitted/splitted/landmark_df_evo.csv'
2025-07-30 12:05:16,550: Argument lr: 2e-05
2025-07-30 12:05:16,550: Argument max_length: 2048
2025-07-30 12:05:16,550: Argument max_visits: 3
2025-07-30 12:05:16,550: Argument model_name: 'answerdotai/ModernBERT-large'
2025-07-30 12:05:16,550: Argument model_type: 'medical'
2025-07-30 12:05:16,550: Argument patience: 1
2025-07-30 12:05:16,550: Argument peft: False
2025-07-30 12:05:16,550: Argument prompt_type: 'full_no_time_rnd'
2025-07-30 12:05:16,550: Argument seed: 5550
2025-07-30 12:05:16,550: Argument test_csv: '/fp/homes01/u01/ec-michelec/MIMICIV/data/splitted/splitted/landmark_evo_test.csv'
2025-07-30 12:05:16,550: Argument train_csv: '/fp/homes01/u01/ec-michelec/MIMICIV/data/splitted/splitted/landmark_evo_train.csv'
2025-07-30 12:05:16,550: Argument use_quantization: False
2025-07-30 12:05:16,550: Argument val_csv: '/fp/homes01/u01/ec-michelec/MIMICIV/data/splitted/splitted/landmark_evo_vali.csv'
2025-07-30 12:05:16,559: Using prompt type: full_no_time_rnd
/fp/homes01/u01/ec-michelec/MIMICIV/src/Finetuning_rfct.py:79: DtypeWarning: Columns (16,17,18,19) have mixed types. Specify dtype option on import or set low_memory=False.
  full_train_df = pd.read_csv(args.train_csv, na_values=['', 'None', 'NaN', 'na', 'nan']).fillna('')
/fp/homes01/u01/ec-michelec/MIMICIV/src/Finetuning_rfct.py:81: DtypeWarning: Columns (16,17,18,19) have mixed types. Specify dtype option on import or set low_memory=False.
  full_test_df = pd.read_csv(args.test_csv, na_values=['', 'None', 'NaN', 'na', 'nan']).fillna('')
2025-07-30 12:05:52,433: Processing all landmarks from 1 to 3
2025-07-30 12:05:52,433: Preparing data for Landmark 1
Some weights of ModernBertForSequenceClassification were not initialized from the model checkpoint at answerdotai/ModernBERT-large and are newly initialized: ['classifier.bias', 'classifier.weight']
You should probably TRAIN this model on a down-stream task to be able to use it for predictions and inference.
2025-07-30 12:06:02,259: Average train text length: 130.90 words
2025-07-30 12:06:02,259: Average validation text length: 130.07 words
2025-07-30 12:06:02,259: Average test text length: 131.65 words
2025-07-30 12:06:02,259: Training on 14472 samples, validating on 1608, testing on 4020 samples
2025-07-30 12:06:16,044: Fine-tuning at Landmark 1
2025-07-30 12:06:16,053: Early stopping criterion: loss
/fp/homes01/u01/ec-michelec/ModernBERT/lib64/python3.9/site-packages/networkx/utils/backends.py:135: RuntimeWarning: networkx backend defined more than once: nx-loopback
  backends.update(_get_backends("networkx.backends"))
2025-07-30 12:52:27,824: Landmark 1 | Epoch 1/20 | Train Loss: 0.3889 | Val Loss: 0.3266 | Validation AUC: 0.8314 | F1-Score: 0.0894
2025-07-30 12:52:28,810: New best model saved at /cluster/work/projects/ec12/michechi/cache/best/best_model_answerdotai_ModernBERT-large_5550_landmark1_full_no_time_rnd_3_2048_all_landmarks_True_20250730_120616_.pt with AUC: 0.8314, F1: 0.0894, Val Loss: 0.3266
2025-07-30 13:38:26,681: Landmark 1 | Epoch 2/20 | Train Loss: 0.3354 | Val Loss: 0.3276 | Validation AUC: 0.8300 | F1-Score: 0.0254
2025-07-30 13:38:26,682: No improvement in epoch 2. Current best AUC: 0.8314, F1: 0.0894, Val Loss: 0.3266. Epochs without improvement: 1/1
2025-07-30 13:38:26,682: Early stopping triggered at epoch 2. Best AUC: 0.8314, F1: 0.0894, Val Loss: 0.3266
2025-07-30 13:38:27,686: Tempo impiegato per Landmark 1: 5531.6 secondi
2025-07-30 13:38:27,689: Tempo medio per epoca: 2765.8 secondi
2025-07-30 13:38:27,691: Loading best model from /cluster/work/projects/ec12/michechi/cache/best/best_model_answerdotai_ModernBERT-large_5550_landmark1_full_no_time_rnd_3_2048_all_landmarks_True_20250730_120616_.pt for final evaluation on test set
2025-07-30 13:41:44,360: Final Test AUC (Landmark 1): 0.8180 | Test F1-Score: 0.0558
2025-07-30 13:41:44,360: Preparing data for Landmark 2
Some weights of ModernBertForSequenceClassification were not initialized from the model checkpoint at answerdotai/ModernBERT-large and are newly initialized: ['classifier.bias', 'classifier.weight']
You should probably TRAIN this model on a down-stream task to be able to use it for predictions and inference.
2025-07-30 13:41:54,153: Average train text length: 237.75 words
2025-07-30 13:41:54,153: Average validation text length: 236.84 words
2025-07-30 13:41:54,153: Average test text length: 236.66 words
2025-07-30 13:41:54,153: Training on 14472 samples, validating on 1608, testing on 4020 samples
2025-07-30 13:42:16,461: Fine-tuning at Landmark 2
2025-07-30 13:42:16,492: Early stopping criterion: loss
2025-07-30 14:28:13,867: Landmark 2 | Epoch 1/20 | Train Loss: 0.3991 | Val Loss: 0.3614 | Validation AUC: 0.7593 | F1-Score: 0.0000
2025-07-30 14:28:14,897: New best model saved at /cluster/work/projects/ec12/michechi/cache/best/best_model_answerdotai_ModernBERT-large_5550_landmark2_full_no_time_rnd_3_2048_all_landmarks_True_20250730_134216_.pt with AUC: 0.7593, F1: 0.0000, Val Loss: 0.3614
2025-07-30 15:14:09,003: Landmark 2 | Epoch 2/20 | Train Loss: 0.3560 | Val Loss: 0.3123 | Validation AUC: 0.8575 | F1-Score: 0.4247
2025-07-30 15:14:09,998: New best model saved at /cluster/work/projects/ec12/michechi/cache/best/best_model_answerdotai_ModernBERT-large_5550_landmark2_full_no_time_rnd_3_2048_all_landmarks_True_20250730_134216_.pt with AUC: 0.8575, F1: 0.4247, Val Loss: 0.3123
2025-07-30 16:00:02,740: Landmark 2 | Epoch 3/20 | Train Loss: 0.3227 | Val Loss: 0.3377 | Validation AUC: 0.8672 | F1-Score: 0.0000
2025-07-30 16:00:02,741: No improvement in epoch 3. Current best AUC: 0.8575, F1: 0.4247, Val Loss: 0.3123. Epochs without improvement: 1/1
2025-07-30 16:00:02,741: Early stopping triggered at epoch 3. Best AUC: 0.8575, F1: 0.4247, Val Loss: 0.3123
2025-07-30 16:00:04,655: Tempo impiegato per Landmark 2: 8268.2 secondi
2025-07-30 16:00:04,655: Tempo medio per epoca: 2756.1 secondi
2025-07-30 16:00:04,657: Loading best model from /cluster/work/projects/ec12/michechi/cache/best/best_model_answerdotai_ModernBERT-large_5550_landmark2_full_no_time_rnd_3_2048_all_landmarks_True_20250730_134216_.pt for final evaluation on test set
2025-07-30 16:03:19,024: Final Test AUC (Landmark 2): 0.8334 | Test F1-Score: 0.4025
2025-07-30 16:03:19,024: Preparing data for Landmark 3
Some weights of ModernBertForSequenceClassification were not initialized from the model checkpoint at answerdotai/ModernBERT-large and are newly initialized: ['classifier.bias', 'classifier.weight']
You should probably TRAIN this model on a down-stream task to be able to use it for predictions and inference.
2025-07-30 16:03:29,647: Average train text length: 356.21 words
2025-07-30 16:03:29,647: Average validation text length: 351.55 words
2025-07-30 16:03:29,647: Average test text length: 354.77 words
2025-07-30 16:03:29,647: Training on 14472 samples, validating on 1608, testing on 4020 samples
2025-07-30 16:03:58,419: Fine-tuning at Landmark 3
2025-07-30 16:03:58,444: Early stopping criterion: loss
2025-07-30 16:49:54,728: Landmark 3 | Epoch 1/20 | Train Loss: 0.3304 | Val Loss: 0.2393 | Validation AUC: 0.9418 | F1-Score: 0.5046
2025-07-30 16:49:55,737: New best model saved at /cluster/work/projects/ec12/michechi/cache/best/best_model_answerdotai_ModernBERT-large_5550_landmark3_full_no_time_rnd_3_2048_all_landmarks_True_20250730_160358_.pt with AUC: 0.9418, F1: 0.5046, Val Loss: 0.2393
2025-07-30 17:35:57,336: Landmark 3 | Epoch 2/20 | Train Loss: 0.2297 | Val Loss: 0.1993 | Validation AUC: 0.9449 | F1-Score: 0.6616
2025-07-30 17:35:58,315: New best model saved at /cluster/work/projects/ec12/michechi/cache/best/best_model_answerdotai_ModernBERT-large_5550_landmark3_full_no_time_rnd_3_2048_all_landmarks_True_20250730_160358_.pt with AUC: 0.9449, F1: 0.6616, Val Loss: 0.1993
2025-07-30 18:21:55,538: Landmark 3 | Epoch 3/20 | Train Loss: 0.2057 | Val Loss: 0.2017 | Validation AUC: 0.9469 | F1-Score: 0.6995
2025-07-30 18:21:55,538: No improvement in epoch 3. Current best AUC: 0.9449, F1: 0.6616, Val Loss: 0.1993. Epochs without improvement: 1/1
2025-07-30 18:21:55,538: Early stopping triggered at epoch 3. Best AUC: 0.9449, F1: 0.6616, Val Loss: 0.1993
2025-07-30 18:21:56,521: Tempo impiegato per Landmark 3: 8278.1 secondi
2025-07-30 18:21:56,522: Tempo medio per epoca: 2759.4 secondi
2025-07-30 18:21:56,524: Loading best model from /cluster/work/projects/ec12/michechi/cache/best/best_model_answerdotai_ModernBERT-large_5550_landmark3_full_no_time_rnd_3_2048_all_landmarks_True_20250730_160358_.pt for final evaluation on test set
2025-07-30 18:25:11,909: Final Test AUC (Landmark 3): 0.9354 | Test F1-Score: 0.6569
2025-07-30 18:25:11,910: Saving results to results_medical_True_answerdotai_ModernBERT-large_visits3_5550_2048_full_no_time_rnd_20250730_182511.csv
Using device: cuda
Using device: cuda
Using device: cuda
   Landmark Val AUC  ... Validation Loss Training Time (s)
0         1  0.8314  ...          0.3266            5531.6
1         2  0.8575  ...          0.3123            8268.2
2         3  0.9449  ...          0.1993            8278.1

[3 rows x 9 columns]

Job 1836245 consumed 120.4 billing hours from project ec12.

Submitted 2025-07-30T09:16:18; waited 2.8 hours in the queue after becoming eligible to run.

Requested wallclock time: 1.8 days
Elapsed wallclock time:   6.3 hours

Job exited normally.

Task and CPU statistics:
ID             CPUs  Tasks  CPU util                Start  Elapsed  Exit status
1836245          16            0.0 %  2025-07-30T12:05:05    6.3 h  0
1836245.batch    16      1     6.8 %  2025-07-30T12:05:05    6.3 h  0

Used CPU time:   6.9 CPU hours
Unused CPU time: 3.9 CPU days

Memory statistics, in GiB:
ID              Alloc   Usage
1836245          32.0        
1836245.batch    32.0    19.7

GPU usage stats:
Job 1836245 completed at Wed Jul 30 18:25:18 CEST 2025
