Starting job 1836047 on gpu-2 on fox at Tue Jul 29 17:53:21 CEST 2025

2025-07-29 17:53:35,560: Argument CI: False
2025-07-29 17:53:35,561: Argument all_landmarks: True
2025-07-29 17:53:35,561: Argument batch_size: 8
2025-07-29 17:53:35,561: Argument cache_dir: '/cluster/work/projects/ec12/michechi/cache'
2025-07-29 17:53:35,561: Argument early: 'loss'
2025-07-29 17:53:35,561: Argument epochs: 20
2025-07-29 17:53:35,561: Argument gradient_accumulation_steps: 1
2025-07-29 17:53:35,561: Argument input_csv: '/fp/homes01/u01/ec-michelec/MIMICIV/data/splitted/splitted/landmark_df_evo.csv'
2025-07-29 17:53:35,561: Argument lr: 2e-05
2025-07-29 17:53:35,561: Argument max_length: 512
2025-07-29 17:53:35,561: Argument max_visits: 3
2025-07-29 17:53:35,562: Argument model_name: 'answerdotai/ModernBERT-large'
2025-07-29 17:53:35,562: Argument model_type: 'medical'
2025-07-29 17:53:35,562: Argument patience: 1
2025-07-29 17:53:35,562: Argument peft: False
2025-07-29 17:53:35,562: Argument prompt_type: 'compact_no_time_rnd'
2025-07-29 17:53:35,562: Argument seed: 5550
2025-07-29 17:53:35,562: Argument test_csv: '/fp/homes01/u01/ec-michelec/MIMICIV/data/splitted/splitted/landmark_evo_test.csv'
2025-07-29 17:53:35,562: Argument train_csv: '/fp/homes01/u01/ec-michelec/MIMICIV/data/splitted/splitted/landmark_evo_train.csv'
2025-07-29 17:53:35,562: Argument use_quantization: False
2025-07-29 17:53:35,562: Argument val_csv: '/fp/homes01/u01/ec-michelec/MIMICIV/data/splitted/splitted/landmark_evo_vali.csv'
2025-07-29 17:53:35,567: Using prompt type: compact_no_time_rnd
/fp/homes01/u01/ec-michelec/MIMICIV/src/Finetuning_rfct.py:79: DtypeWarning: Columns (16,17,18,19) have mixed types. Specify dtype option on import or set low_memory=False.
  full_train_df = pd.read_csv(args.train_csv, na_values=['', 'None', 'NaN', 'na', 'nan']).fillna('')
/fp/homes01/u01/ec-michelec/MIMICIV/src/Finetuning_rfct.py:81: DtypeWarning: Columns (16,17,18,19) have mixed types. Specify dtype option on import or set low_memory=False.
  full_test_df = pd.read_csv(args.test_csv, na_values=['', 'None', 'NaN', 'na', 'nan']).fillna('')
2025-07-29 17:54:11,772: Processing all landmarks from 1 to 3
2025-07-29 17:54:11,772: Preparing data for Landmark 1
Some weights of ModernBertForSequenceClassification were not initialized from the model checkpoint at answerdotai/ModernBERT-large and are newly initialized: ['classifier.bias', 'classifier.weight']
You should probably TRAIN this model on a down-stream task to be able to use it for predictions and inference.
2025-07-29 17:54:23,644: Average train text length: 133.90 words
2025-07-29 17:54:23,644: Average validation text length: 133.07 words
2025-07-29 17:54:23,644: Average test text length: 134.65 words
2025-07-29 17:54:23,644: Training on 14472 samples, validating on 1608, testing on 4020 samples
2025-07-29 17:54:34,234: Fine-tuning at Landmark 1
2025-07-29 17:54:34,237: Early stopping criterion: loss
/fp/homes01/u01/ec-michelec/ModernBERT/lib64/python3.9/site-packages/networkx/utils/backends.py:135: RuntimeWarning: networkx backend defined more than once: nx-loopback
  backends.update(_get_backends("networkx.backends"))
2025-07-29 18:02:08,888: Landmark 1 | Epoch 1/20 | Train Loss: 0.3826 | Val Loss: 0.3292 | Validation AUC: 0.8292 | F1-Score: 0.0816
2025-07-29 18:02:10,281: New best model saved at /cluster/work/projects/ec12/michechi/cache/best/best_model_answerdotai_ModernBERT-large_5550_landmark1_compact_no_time_rnd_3_512_all_landmarks_True_20250729_175434_.pt with AUC: 0.8292, F1: 0.0816, Val Loss: 0.3292
2025-07-29 18:09:31,167: Landmark 1 | Epoch 2/20 | Train Loss: 0.3386 | Val Loss: 0.3294 | Validation AUC: 0.8293 | F1-Score: 0.0502
2025-07-29 18:09:31,168: No improvement in epoch 2. Current best AUC: 0.8292, F1: 0.0816, Val Loss: 0.3292. Epochs without improvement: 1/1
2025-07-29 18:09:31,168: Early stopping triggered at epoch 2. Best AUC: 0.8292, F1: 0.0816, Val Loss: 0.3292
2025-07-29 18:09:32,049: Tempo impiegato per Landmark 1: 897.8 secondi
2025-07-29 18:09:32,052: Tempo medio per epoca: 448.9 secondi
2025-07-29 18:09:32,054: Loading best model from /cluster/work/projects/ec12/michechi/cache/best/best_model_answerdotai_ModernBERT-large_5550_landmark1_compact_no_time_rnd_3_512_all_landmarks_True_20250729_175434_.pt for final evaluation on test set
2025-07-29 18:10:06,248: Final Test AUC (Landmark 1): 0.8191 | Test F1-Score: 0.0623
2025-07-29 18:10:06,248: Preparing data for Landmark 2
Some weights of ModernBertForSequenceClassification were not initialized from the model checkpoint at answerdotai/ModernBERT-large and are newly initialized: ['classifier.bias', 'classifier.weight']
You should probably TRAIN this model on a down-stream task to be able to use it for predictions and inference.
2025-07-29 18:10:15,476: Average train text length: 137.85 words
2025-07-29 18:10:15,477: Average validation text length: 137.77 words
2025-07-29 18:10:15,477: Average test text length: 136.01 words
2025-07-29 18:10:15,477: Training on 14472 samples, validating on 1608, testing on 4020 samples
2025-07-29 18:10:27,133: Fine-tuning at Landmark 2
2025-07-29 18:10:27,148: Early stopping criterion: loss
2025-07-29 18:17:47,764: Landmark 2 | Epoch 1/20 | Train Loss: 0.3908 | Val Loss: 0.3483 | Validation AUC: 0.7879 | F1-Score: 0.0000
2025-07-29 18:17:48,864: New best model saved at /cluster/work/projects/ec12/michechi/cache/best/best_model_answerdotai_ModernBERT-large_5550_landmark2_compact_no_time_rnd_3_512_all_landmarks_True_20250729_181027_.pt with AUC: 0.7879, F1: 0.0000, Val Loss: 0.3483
2025-07-29 18:25:09,607: Landmark 2 | Epoch 2/20 | Train Loss: 0.3482 | Val Loss: 0.2847 | Validation AUC: 0.8756 | F1-Score: 0.3931
2025-07-29 18:25:10,650: New best model saved at /cluster/work/projects/ec12/michechi/cache/best/best_model_answerdotai_ModernBERT-large_5550_landmark2_compact_no_time_rnd_3_512_all_landmarks_True_20250729_181027_.pt with AUC: 0.8756, F1: 0.3931, Val Loss: 0.2847
2025-07-29 18:32:31,430: Landmark 2 | Epoch 3/20 | Train Loss: 0.3082 | Val Loss: 0.2895 | Validation AUC: 0.8863 | F1-Score: 0.2724
2025-07-29 18:32:31,430: No improvement in epoch 3. Current best AUC: 0.8756, F1: 0.3931, Val Loss: 0.2847. Epochs without improvement: 1/1
2025-07-29 18:32:31,430: Early stopping triggered at epoch 3. Best AUC: 0.8756, F1: 0.3931, Val Loss: 0.2847
2025-07-29 18:32:32,276: Tempo impiegato per Landmark 2: 1325.1 secondi
2025-07-29 18:32:32,277: Tempo medio per epoca: 441.7 secondi
2025-07-29 18:32:32,279: Loading best model from /cluster/work/projects/ec12/michechi/cache/best/best_model_answerdotai_ModernBERT-large_5550_landmark2_compact_no_time_rnd_3_512_all_landmarks_True_20250729_181027_.pt for final evaluation on test set
2025-07-29 18:33:06,545: Final Test AUC (Landmark 2): 0.8356 | Test F1-Score: 0.3585
2025-07-29 18:33:06,545: Preparing data for Landmark 3
Some weights of ModernBertForSequenceClassification were not initialized from the model checkpoint at answerdotai/ModernBERT-large and are newly initialized: ['classifier.bias', 'classifier.weight']
You should probably TRAIN this model on a down-stream task to be able to use it for predictions and inference.
2025-07-29 18:33:15,044: Average train text length: 180.40 words
2025-07-29 18:33:15,044: Average validation text length: 176.07 words
2025-07-29 18:33:15,044: Average test text length: 180.19 words
2025-07-29 18:33:15,044: Training on 14472 samples, validating on 1608, testing on 4020 samples
2025-07-29 18:33:29,246: Fine-tuning at Landmark 3
2025-07-29 18:33:29,274: Early stopping criterion: loss
2025-07-29 18:40:52,203: Landmark 3 | Epoch 1/20 | Train Loss: 0.2895 | Val Loss: 0.2136 | Validation AUC: 0.9421 | F1-Score: 0.5805
2025-07-29 18:40:53,254: New best model saved at /cluster/work/projects/ec12/michechi/cache/best/best_model_answerdotai_ModernBERT-large_5550_landmark3_compact_no_time_rnd_3_512_all_landmarks_True_20250729_183329_.pt with AUC: 0.9421, F1: 0.5805, Val Loss: 0.2136
2025-07-29 18:48:16,411: Landmark 3 | Epoch 2/20 | Train Loss: 0.2100 | Val Loss: 0.1974 | Validation AUC: 0.9485 | F1-Score: 0.6632
2025-07-29 18:48:17,475: New best model saved at /cluster/work/projects/ec12/michechi/cache/best/best_model_answerdotai_ModernBERT-large_5550_landmark3_compact_no_time_rnd_3_512_all_landmarks_True_20250729_183329_.pt with AUC: 0.9485, F1: 0.6632, Val Loss: 0.1974
2025-07-29 18:55:40,394: Landmark 3 | Epoch 3/20 | Train Loss: 0.1862 | Val Loss: 0.1815 | Validation AUC: 0.9565 | F1-Score: 0.7090
2025-07-29 18:55:41,462: New best model saved at /cluster/work/projects/ec12/michechi/cache/best/best_model_answerdotai_ModernBERT-large_5550_landmark3_compact_no_time_rnd_3_512_all_landmarks_True_20250729_183329_.pt with AUC: 0.9565, F1: 0.7090, Val Loss: 0.1815
2025-07-29 19:03:04,363: Landmark 3 | Epoch 4/20 | Train Loss: 0.1652 | Val Loss: 0.1767 | Validation AUC: 0.9572 | F1-Score: 0.7309
2025-07-29 19:03:05,415: New best model saved at /cluster/work/projects/ec12/michechi/cache/best/best_model_answerdotai_ModernBERT-large_5550_landmark3_compact_no_time_rnd_3_512_all_landmarks_True_20250729_183329_.pt with AUC: 0.9572, F1: 0.7309, Val Loss: 0.1767
2025-07-29 19:10:28,229: Landmark 3 | Epoch 5/20 | Train Loss: 0.1436 | Val Loss: 0.1923 | Validation AUC: 0.9570 | F1-Score: 0.7249
2025-07-29 19:10:28,230: No improvement in epoch 5. Current best AUC: 0.9572, F1: 0.7309, Val Loss: 0.1767. Epochs without improvement: 1/1
2025-07-29 19:10:28,230: Early stopping triggered at epoch 5. Best AUC: 0.9572, F1: 0.7309, Val Loss: 0.1767
2025-07-29 19:10:29,131: Tempo impiegato per Landmark 3: 2219.9 secondi
2025-07-29 19:10:29,132: Tempo medio per epoca: 444.0 secondi
2025-07-29 19:10:29,133: Loading best model from /cluster/work/projects/ec12/michechi/cache/best/best_model_answerdotai_ModernBERT-large_5550_landmark3_compact_no_time_rnd_3_512_all_landmarks_True_20250729_183329_.pt for final evaluation on test set
2025-07-29 19:11:03,383: Final Test AUC (Landmark 3): 0.9446 | Test F1-Score: 0.7136
2025-07-29 19:11:03,384: Saving results to results_medical_True_answerdotai_ModernBERT-large_visits3_5550_compact_no_time_rnd_20250729_191103.csv
Using device: cuda
Using device: cuda
Using device: cuda
   Landmark Val AUC  ... Validation Loss Training Time (s)
0         1  0.8292  ...          0.3292             897.8
1         2  0.8756  ...          0.2847            1325.1
2         3  0.9572  ...          0.1767            2219.9

[3 rows x 9 columns]

Job 1836047 consumed 24.6 billing hours from project ec12.

Submitted 2025-07-29T17:53:16; waited 5.0 seconds in the queue after becoming eligible to run.

Requested wallclock time: 1.8 days
Elapsed wallclock time:   1.3 hours

Job exited normally.

Task and CPU statistics:
ID             CPUs  Tasks  CPU util                Start  Elapsed  Exit status
1836047          16            0.0 %  2025-07-29T17:53:21    1.3 h  0
1836047.batch    16      1     9.0 %  2025-07-29T17:53:21    1.3 h  0

Used CPU time:   1.9 CPU hours
Unused CPU time: 18.9 CPU hours

Memory statistics, in GiB:
ID              Alloc   Usage
1836047          32.0        
1836047.batch    32.0    11.9

GPU usage stats:
Job 1836047 completed at Tue Jul 29 19:11:08 CEST 2025
