Starting job 1836235 on gpu-1 on fox at Wed Jul 30 09:04:20 CEST 2025

2025-07-30 09:04:35,484: Argument CI: False
2025-07-30 09:04:35,484: Argument all_landmarks: True
2025-07-30 09:04:35,484: Argument batch_size: 8
2025-07-30 09:04:35,484: Argument cache_dir: '/cluster/work/projects/ec12/michechi/cache'
2025-07-30 09:04:35,484: Argument early: 'loss'
2025-07-30 09:04:35,484: Argument epochs: 20
2025-07-30 09:04:35,484: Argument gradient_accumulation_steps: 1
2025-07-30 09:04:35,484: Argument input_csv: '/fp/homes01/u01/ec-michelec/MIMICIV/data/splitted/splitted/landmark_df_evo.csv'
2025-07-30 09:04:35,484: Argument lr: 2e-05
2025-07-30 09:04:35,484: Argument max_length: 1024
2025-07-30 09:04:35,484: Argument max_visits: 3
2025-07-30 09:04:35,484: Argument model_name: 'answerdotai/ModernBERT-large'
2025-07-30 09:04:35,484: Argument model_type: 'medical'
2025-07-30 09:04:35,484: Argument patience: 1
2025-07-30 09:04:35,484: Argument peft: False
2025-07-30 09:04:35,484: Argument prompt_type: 'full'
2025-07-30 09:04:35,484: Argument seed: 4550
2025-07-30 09:04:35,484: Argument test_csv: '/fp/homes01/u01/ec-michelec/MIMICIV/data/splitted/splitted/landmark_evo_test.csv'
2025-07-30 09:04:35,484: Argument train_csv: '/fp/homes01/u01/ec-michelec/MIMICIV/data/splitted/splitted/landmark_evo_train.csv'
2025-07-30 09:04:35,484: Argument use_quantization: False
2025-07-30 09:04:35,484: Argument val_csv: '/fp/homes01/u01/ec-michelec/MIMICIV/data/splitted/splitted/landmark_evo_vali.csv'
2025-07-30 09:04:35,491: Using prompt type: full
/fp/homes01/u01/ec-michelec/MIMICIV/src/Finetuning_rfct.py:79: DtypeWarning: Columns (16,17,18,19) have mixed types. Specify dtype option on import or set low_memory=False.
  full_train_df = pd.read_csv(args.train_csv, na_values=['', 'None', 'NaN', 'na', 'nan']).fillna('')
/fp/homes01/u01/ec-michelec/MIMICIV/src/Finetuning_rfct.py:81: DtypeWarning: Columns (16,17,18,19) have mixed types. Specify dtype option on import or set low_memory=False.
  full_test_df = pd.read_csv(args.test_csv, na_values=['', 'None', 'NaN', 'na', 'nan']).fillna('')
2025-07-30 09:05:11,869: Processing all landmarks from 1 to 3
2025-07-30 09:05:11,869: Preparing data for Landmark 1
Some weights of ModernBertForSequenceClassification were not initialized from the model checkpoint at answerdotai/ModernBERT-large and are newly initialized: ['classifier.bias', 'classifier.weight']
You should probably TRAIN this model on a down-stream task to be able to use it for predictions and inference.
2025-07-30 09:05:21,920: Average train text length: 138.90 words
2025-07-30 09:05:21,920: Average validation text length: 138.07 words
2025-07-30 09:05:21,920: Average test text length: 139.65 words
2025-07-30 09:05:21,920: Training on 14472 samples, validating on 1608, testing on 4020 samples
2025-07-30 09:05:33,591: Fine-tuning at Landmark 1
2025-07-30 09:05:33,599: Early stopping criterion: loss
/fp/homes01/u01/ec-michelec/ModernBERT/lib64/python3.9/site-packages/networkx/utils/backends.py:135: RuntimeWarning: networkx backend defined more than once: nx-loopback
  backends.update(_get_backends("networkx.backends"))
2025-07-30 09:22:48,879: Landmark 1 | Epoch 1/20 | Train Loss: 0.3985 | Val Loss: 0.3223 | Validation AUC: 0.8271 | F1-Score: 0.1293
2025-07-30 09:22:49,909: New best model saved at /cluster/work/projects/ec12/michechi/cache/best/best_model_answerdotai_ModernBERT-large_4550_landmark1_full_3_1024_all_landmarks_True_20250730_090533_.pt with AUC: 0.8271, F1: 0.1293, Val Loss: 0.3223
2025-07-30 09:39:47,169: Landmark 1 | Epoch 2/20 | Train Loss: 0.3483 | Val Loss: 0.3263 | Validation AUC: 0.8231 | F1-Score: 0.0964
2025-07-30 09:39:47,169: No improvement in epoch 2. Current best AUC: 0.8271, F1: 0.1293, Val Loss: 0.3223. Epochs without improvement: 1/1
2025-07-30 09:39:47,169: Early stopping triggered at epoch 2. Best AUC: 0.8271, F1: 0.1293, Val Loss: 0.3223
2025-07-30 09:39:48,329: Tempo impiegato per Landmark 1: 2054.7 secondi
2025-07-30 09:39:48,333: Tempo medio per epoca: 1027.4 secondi
2025-07-30 09:39:48,335: Loading best model from /cluster/work/projects/ec12/michechi/cache/best/best_model_answerdotai_ModernBERT-large_4550_landmark1_full_3_1024_all_landmarks_True_20250730_090533_.pt for final evaluation on test set
2025-07-30 09:41:06,053: Final Test AUC (Landmark 1): 0.8133 | Test F1-Score: 0.1696
2025-07-30 09:41:06,054: Preparing data for Landmark 2
Some weights of ModernBertForSequenceClassification were not initialized from the model checkpoint at answerdotai/ModernBERT-large and are newly initialized: ['classifier.bias', 'classifier.weight']
You should probably TRAIN this model on a down-stream task to be able to use it for predictions and inference.
2025-07-30 09:41:15,843: Average train text length: 254.75 words
2025-07-30 09:41:15,843: Average validation text length: 253.84 words
2025-07-30 09:41:15,843: Average test text length: 253.66 words
2025-07-30 09:41:15,843: Training on 14472 samples, validating on 1608, testing on 4020 samples
2025-07-30 09:41:36,442: Fine-tuning at Landmark 2
2025-07-30 09:41:36,461: Early stopping criterion: loss
2025-07-30 09:58:42,095: Landmark 2 | Epoch 1/20 | Train Loss: 0.3963 | Val Loss: 0.3380 | Validation AUC: 0.8668 | F1-Score: 0.5228
2025-07-30 09:58:43,193: New best model saved at /cluster/work/projects/ec12/michechi/cache/best/best_model_answerdotai_ModernBERT-large_4550_landmark2_full_3_1024_all_landmarks_True_20250730_094136_.pt with AUC: 0.8668, F1: 0.5228, Val Loss: 0.3380
2025-07-30 10:15:49,130: Landmark 2 | Epoch 2/20 | Train Loss: 0.3133 | Val Loss: 0.3020 | Validation AUC: 0.8795 | F1-Score: 0.2599
2025-07-30 10:15:50,183: New best model saved at /cluster/work/projects/ec12/michechi/cache/best/best_model_answerdotai_ModernBERT-large_4550_landmark2_full_3_1024_all_landmarks_True_20250730_094136_.pt with AUC: 0.8795, F1: 0.2599, Val Loss: 0.3020
2025-07-30 10:32:56,327: Landmark 2 | Epoch 3/20 | Train Loss: 0.2929 | Val Loss: 0.2799 | Validation AUC: 0.8810 | F1-Score: 0.4400
2025-07-30 10:32:57,429: New best model saved at /cluster/work/projects/ec12/michechi/cache/best/best_model_answerdotai_ModernBERT-large_4550_landmark2_full_3_1024_all_landmarks_True_20250730_094136_.pt with AUC: 0.8810, F1: 0.4400, Val Loss: 0.2799
2025-07-30 10:50:03,536: Landmark 2 | Epoch 4/20 | Train Loss: 0.2718 | Val Loss: 0.2857 | Validation AUC: 0.8811 | F1-Score: 0.5434
2025-07-30 10:50:03,537: No improvement in epoch 4. Current best AUC: 0.8810, F1: 0.4400, Val Loss: 0.2799. Epochs without improvement: 1/1
2025-07-30 10:50:03,537: Early stopping triggered at epoch 4. Best AUC: 0.8810, F1: 0.4400, Val Loss: 0.2799
2025-07-30 10:50:04,879: Tempo impiegato per Landmark 2: 4108.4 secondi
2025-07-30 10:50:04,880: Tempo medio per epoca: 1027.1 secondi
2025-07-30 10:50:04,882: Loading best model from /cluster/work/projects/ec12/michechi/cache/best/best_model_answerdotai_ModernBERT-large_4550_landmark2_full_3_1024_all_landmarks_True_20250730_094136_.pt for final evaluation on test set
2025-07-30 10:51:22,804: Final Test AUC (Landmark 2): 0.8588 | Test F1-Score: 0.3976
2025-07-30 10:51:22,804: Preparing data for Landmark 3
Some weights of ModernBertForSequenceClassification were not initialized from the model checkpoint at answerdotai/ModernBERT-large and are newly initialized: ['classifier.bias', 'classifier.weight']
You should probably TRAIN this model on a down-stream task to be able to use it for predictions and inference.
2025-07-30 10:51:32,648: Average train text length: 382.21 words
2025-07-30 10:51:32,648: Average validation text length: 377.55 words
2025-07-30 10:51:32,648: Average test text length: 380.77 words
2025-07-30 10:51:32,648: Training on 14472 samples, validating on 1608, testing on 4020 samples
2025-07-30 10:52:01,359: Fine-tuning at Landmark 3
2025-07-30 10:52:01,376: Early stopping criterion: loss
2025-07-30 11:09:13,626: Landmark 3 | Epoch 1/20 | Train Loss: 0.2978 | Val Loss: 0.2089 | Validation AUC: 0.9397 | F1-Score: 0.7255
2025-07-30 11:09:14,669: New best model saved at /cluster/work/projects/ec12/michechi/cache/best/best_model_answerdotai_ModernBERT-large_4550_landmark3_full_3_1024_all_landmarks_True_20250730_105201_.pt with AUC: 0.9397, F1: 0.7255, Val Loss: 0.2089
2025-07-30 11:26:28,322: Landmark 3 | Epoch 2/20 | Train Loss: 0.2139 | Val Loss: 0.1876 | Validation AUC: 0.9550 | F1-Score: 0.7373
2025-07-30 11:26:29,394: New best model saved at /cluster/work/projects/ec12/michechi/cache/best/best_model_answerdotai_ModernBERT-large_4550_landmark3_full_3_1024_all_landmarks_True_20250730_105201_.pt with AUC: 0.9550, F1: 0.7373, Val Loss: 0.1876
2025-07-30 11:43:42,734: Landmark 3 | Epoch 3/20 | Train Loss: 0.1874 | Val Loss: 0.1817 | Validation AUC: 0.9563 | F1-Score: 0.7065
2025-07-30 11:43:43,776: New best model saved at /cluster/work/projects/ec12/michechi/cache/best/best_model_answerdotai_ModernBERT-large_4550_landmark3_full_3_1024_all_landmarks_True_20250730_105201_.pt with AUC: 0.9563, F1: 0.7065, Val Loss: 0.1817
2025-07-30 12:00:56,923: Landmark 3 | Epoch 4/20 | Train Loss: 0.1663 | Val Loss: 0.1868 | Validation AUC: 0.9559 | F1-Score: 0.7005
2025-07-30 12:00:56,923: No improvement in epoch 4. Current best AUC: 0.9563, F1: 0.7065, Val Loss: 0.1817. Epochs without improvement: 1/1
2025-07-30 12:00:56,923: Early stopping triggered at epoch 4. Best AUC: 0.9563, F1: 0.7065, Val Loss: 0.1817
2025-07-30 12:00:58,096: Tempo impiegato per Landmark 3: 4136.7 secondi
2025-07-30 12:00:58,097: Tempo medio per epoca: 1034.2 secondi
2025-07-30 12:00:58,099: Loading best model from /cluster/work/projects/ec12/michechi/cache/best/best_model_answerdotai_ModernBERT-large_4550_landmark3_full_3_1024_all_landmarks_True_20250730_105201_.pt for final evaluation on test set
2025-07-30 12:02:16,226: Final Test AUC (Landmark 3): 0.9455 | Test F1-Score: 0.7160
2025-07-30 12:02:16,226: Saving results to results_medical_True_answerdotai_ModernBERT-large_visits3_4550_1024_full_20250730_120216.csv
Using device: cuda
Using device: cuda
Using device: cuda
   Landmark Val AUC  ... Validation Loss Training Time (s)
0         1  0.8271  ...          0.3223            2054.7
1         2  0.8810  ...          0.2799            4108.4
2         3  0.9563  ...          0.1817            4136.7

[3 rows x 9 columns]

Job 1836235 consumed 56.4 billing hours from project ec12.

Submitted 2025-07-30T09:04:00; waited 20.0 seconds in the queue after becoming eligible to run.

Requested wallclock time: 1.8 days
Elapsed wallclock time:   3.0 hours

Job exited normally.

Task and CPU statistics:
ID             CPUs  Tasks  CPU util                Start  Elapsed  Exit status
1836235          16            0.0 %  2025-07-30T09:04:20    3.0 h  0
1836235.batch    16      1     7.5 %  2025-07-30T09:04:20    3.0 h  0

Used CPU time:   3.5 CPU hours
Unused CPU time: 1.8 CPU days

Memory statistics, in GiB:
ID              Alloc   Usage
1836235          32.0        
1836235.batch    32.0    15.7

GPU usage stats:
Job 1836235 completed at Wed Jul 30 12:02:25 CEST 2025
