Starting job 1835940 on gpu-1 on fox at Tue Jul 29 12:32:24 CEST 2025

2025-07-29 12:32:45,276: Argument CI: False
2025-07-29 12:32:45,277: Argument all_landmarks: True
2025-07-29 12:32:45,277: Argument batch_size: 8
2025-07-29 12:32:45,277: Argument cache_dir: '/cluster/work/projects/ec12/michechi/cache'
2025-07-29 12:32:45,277: Argument early: 'loss'
2025-07-29 12:32:45,277: Argument epochs: 20
2025-07-29 12:32:45,277: Argument gradient_accumulation_steps: 1
2025-07-29 12:32:45,277: Argument input_csv: '/fp/homes01/u01/ec-michelec/MIMICIV/data/splitted/splitted/landmark_df_evo.csv'
2025-07-29 12:32:45,277: Argument lr: 2e-05
2025-07-29 12:32:45,277: Argument max_length: 512
2025-07-29 12:32:45,277: Argument max_visits: 3
2025-07-29 12:32:45,277: Argument model_name: 'Charangan/MedBERT'
2025-07-29 12:32:45,278: Argument model_type: 'medical'
2025-07-29 12:32:45,278: Argument patience: 1
2025-07-29 12:32:45,278: Argument peft: False
2025-07-29 12:32:45,278: Argument prompt_type: 'compact'
2025-07-29 12:32:45,278: Argument seed: 5550
2025-07-29 12:32:45,278: Argument test_csv: '/fp/homes01/u01/ec-michelec/MIMICIV/data/splitted/splitted/landmark_evo_test.csv'
2025-07-29 12:32:45,278: Argument train_csv: '/fp/homes01/u01/ec-michelec/MIMICIV/data/splitted/splitted/landmark_evo_train.csv'
2025-07-29 12:32:45,278: Argument use_quantization: False
2025-07-29 12:32:45,278: Argument val_csv: '/fp/homes01/u01/ec-michelec/MIMICIV/data/splitted/splitted/landmark_evo_vali.csv'
2025-07-29 12:32:45,291: Using prompt type: compact
/fp/homes01/u01/ec-michelec/MIMICIV/src/Finetuning_rfct.py:77: DtypeWarning: Columns (16,17,18,19) have mixed types. Specify dtype option on import or set low_memory=False.
  full_train_df = pd.read_csv(args.train_csv, na_values=['', 'None', 'NaN', 'na', 'nan']).fillna('')
/fp/homes01/u01/ec-michelec/MIMICIV/src/Finetuning_rfct.py:79: DtypeWarning: Columns (16,17,18,19) have mixed types. Specify dtype option on import or set low_memory=False.
  full_test_df = pd.read_csv(args.test_csv, na_values=['', 'None', 'NaN', 'na', 'nan']).fillna('')
2025-07-29 12:33:22,516: Processing all landmarks from 1 to 3
2025-07-29 12:33:22,516: Preparing data for Landmark 1
/fp/projects01/ec30/software/easybuild/software/nlpl-pytorch/2.1.2-foss-2022b-cuda-12.0.0-Python-3.10.8/lib/python3.10/site-packages/torch/_utils.py:831: UserWarning: TypedStorage is deprecated. It will be removed in the future and UntypedStorage will be the only storage class. This should only matter to you if you are using storages directly.  To access UntypedStorage directly, use tensor.untyped_storage() instead of tensor.storage()
  return self.fget.__get__(instance, owner)()
Some weights of BertForSequenceClassification were not initialized from the model checkpoint at Charangan/MedBERT and are newly initialized: ['classifier.bias', 'classifier.weight']
You should probably TRAIN this model on a down-stream task to be able to use it for predictions and inference.
2025-07-29 12:33:30,749: Average train text length: 147.90 words
2025-07-29 12:33:30,749: Average validation text length: 147.07 words
2025-07-29 12:33:30,749: Average test text length: 148.65 words
2025-07-29 12:33:30,749: Training on 14472 samples, validating on 1608, testing on 4020 samples
2025-07-29 12:33:44,034: Fine-tuning at Landmark 1
2025-07-29 12:33:44,923: Early stopping criterion: loss
2025-07-29 12:36:03,274: Landmark 1 | Epoch 1/20 | Train Loss: 0.3960 | Val Loss: 0.3415 | Validation AUC: 0.8156 | F1-Score: 0.0000
2025-07-29 12:36:03,841: New best model saved at /cluster/work/projects/ec12/michechi/cache/best/best_model_Charangan_MedBERT_5550_landmark1_compact_3_512_all_landmarks_True_20250729_123344_.pt with AUC: 0.8156, F1: 0.0000, Val Loss: 0.3415
2025-07-29 12:38:21,208: Landmark 1 | Epoch 2/20 | Train Loss: 0.3400 | Val Loss: 0.3470 | Validation AUC: 0.8138 | F1-Score: 0.3821
2025-07-29 12:38:21,208: No improvement in epoch 2. Current best AUC: 0.8156, F1: 0.0000, Val Loss: 0.3415. Epochs without improvement: 1/1
2025-07-29 12:38:21,212: Early stopping triggered at epoch 2. Best AUC: 0.8156, F1: 0.0000, Val Loss: 0.3415
2025-07-29 12:38:21,766: Tempo impiegato per Landmark 1: 277.7 secondi
2025-07-29 12:38:21,766: Tempo medio per epoca: 138.9 secondi
2025-07-29 12:38:21,768: Loading best model from /cluster/work/projects/ec12/michechi/cache/best/best_model_Charangan_MedBERT_5550_landmark1_compact_3_512_all_landmarks_True_20250729_123344_.pt for final evaluation on test set
2025-07-29 12:38:33,407: Final Test AUC (Landmark 1): 0.8011 | Test F1-Score: 0.0000
2025-07-29 12:38:33,407: Preparing data for Landmark 2
Using device: cuda
Some weights of BertForSequenceClassification were not initialized from the model checkpoint at Charangan/MedBERT and are newly initialized: ['classifier.bias', 'classifier.weight']
You should probably TRAIN this model on a down-stream task to be able to use it for predictions and inference.
2025-07-29 12:38:41,574: Average train text length: 160.05 words
2025-07-29 12:38:41,574: Average validation text length: 159.92 words
2025-07-29 12:38:41,574: Average test text length: 158.18 words
2025-07-29 12:38:41,574: Training on 14472 samples, validating on 1608, testing on 4020 samples
2025-07-29 12:38:56,349: Fine-tuning at Landmark 2
2025-07-29 12:38:56,371: Early stopping criterion: loss
2025-07-29 12:41:12,925: Landmark 2 | Epoch 1/20 | Train Loss: 0.3821 | Val Loss: 0.2950 | Validation AUC: 0.8706 | F1-Score: 0.5049
2025-07-29 12:41:13,282: New best model saved at /cluster/work/projects/ec12/michechi/cache/best/best_model_Charangan_MedBERT_5550_landmark2_compact_3_512_all_landmarks_True_20250729_123856_.pt with AUC: 0.8706, F1: 0.5049, Val Loss: 0.2950
2025-07-29 12:43:29,926: Landmark 2 | Epoch 2/20 | Train Loss: 0.3114 | Val Loss: 0.2881 | Validation AUC: 0.8743 | F1-Score: 0.5084
2025-07-29 12:43:30,306: New best model saved at /cluster/work/projects/ec12/michechi/cache/best/best_model_Charangan_MedBERT_5550_landmark2_compact_3_512_all_landmarks_True_20250729_123856_.pt with AUC: 0.8743, F1: 0.5084, Val Loss: 0.2881
2025-07-29 12:45:46,938: Landmark 2 | Epoch 3/20 | Train Loss: 0.2907 | Val Loss: 0.2893 | Validation AUC: 0.8777 | F1-Score: 0.5244
2025-07-29 12:45:46,939: No improvement in epoch 3. Current best AUC: 0.8743, F1: 0.5084, Val Loss: 0.2881. Epochs without improvement: 1/1
2025-07-29 12:45:46,939: Early stopping triggered at epoch 3. Best AUC: 0.8743, F1: 0.5084, Val Loss: 0.2881
2025-07-29 12:45:47,349: Tempo impiegato per Landmark 2: 411.0 secondi
2025-07-29 12:45:47,349: Tempo medio per epoca: 137.0 secondi
2025-07-29 12:45:47,351: Loading best model from /cluster/work/projects/ec12/michechi/cache/best/best_model_Charangan_MedBERT_5550_landmark2_compact_3_512_all_landmarks_True_20250729_123856_.pt for final evaluation on test set
2025-07-29 12:45:58,925: Final Test AUC (Landmark 2): 0.8533 | Test F1-Score: 0.4667
2025-07-29 12:45:58,926: Preparing data for Landmark 3
Using device: cuda
Some weights of BertForSequenceClassification were not initialized from the model checkpoint at Charangan/MedBERT and are newly initialized: ['classifier.bias', 'classifier.weight']
You should probably TRAIN this model on a down-stream task to be able to use it for predictions and inference.
2025-07-29 12:46:09,128: Average train text length: 185.98 words
2025-07-29 12:46:09,129: Average validation text length: 182.43 words
2025-07-29 12:46:09,129: Average test text length: 185.50 words
2025-07-29 12:46:09,129: Training on 14472 samples, validating on 1608, testing on 4020 samples
2025-07-29 12:46:25,665: Fine-tuning at Landmark 3
2025-07-29 12:46:25,684: Early stopping criterion: loss
2025-07-29 12:48:42,663: Landmark 3 | Epoch 1/20 | Train Loss: 0.3112 | Val Loss: 0.2457 | Validation AUC: 0.9392 | F1-Score: 0.6955
2025-07-29 12:48:43,067: New best model saved at /cluster/work/projects/ec12/michechi/cache/best/best_model_Charangan_MedBERT_5550_landmark3_compact_3_512_all_landmarks_True_20250729_124625_.pt with AUC: 0.9392, F1: 0.6955, Val Loss: 0.2457
2025-07-29 12:51:00,132: Landmark 3 | Epoch 2/20 | Train Loss: 0.2092 | Val Loss: 0.2323 | Validation AUC: 0.9476 | F1-Score: 0.6953
2025-07-29 12:51:00,964: New best model saved at /cluster/work/projects/ec12/michechi/cache/best/best_model_Charangan_MedBERT_5550_landmark3_compact_3_512_all_landmarks_True_20250729_124625_.pt with AUC: 0.9476, F1: 0.6953, Val Loss: 0.2323
2025-07-29 12:53:18,081: Landmark 3 | Epoch 3/20 | Train Loss: 0.1796 | Val Loss: 0.1910 | Validation AUC: 0.9504 | F1-Score: 0.7316
2025-07-29 12:53:18,459: New best model saved at /cluster/work/projects/ec12/michechi/cache/best/best_model_Charangan_MedBERT_5550_landmark3_compact_3_512_all_landmarks_True_20250729_124625_.pt with AUC: 0.9504, F1: 0.7316, Val Loss: 0.1910
2025-07-29 12:55:36,577: Landmark 3 | Epoch 4/20 | Train Loss: 0.1423 | Val Loss: 0.2253 | Validation AUC: 0.9369 | F1-Score: 0.6680
2025-07-29 12:55:36,577: No improvement in epoch 4. Current best AUC: 0.9504, F1: 0.7316, Val Loss: 0.1910. Epochs without improvement: 1/1
2025-07-29 12:55:36,577: Early stopping triggered at epoch 4. Best AUC: 0.9504, F1: 0.7316, Val Loss: 0.1910
2025-07-29 12:55:37,085: Tempo impiegato per Landmark 3: 551.4 secondi
2025-07-29 12:55:37,086: Tempo medio per epoca: 137.9 secondi
2025-07-29 12:55:37,088: Loading best model from /cluster/work/projects/ec12/michechi/cache/best/best_model_Charangan_MedBERT_5550_landmark3_compact_3_512_all_landmarks_True_20250729_124625_.pt for final evaluation on test set
2025-07-29 12:55:48,726: Final Test AUC (Landmark 3): 0.9454 | Test F1-Score: 0.7276
2025-07-29 12:55:48,761: Saving results to results_medical_True_Charangan_MedBERT_visits3_5550_compact_20250729_125548.csv
Using device: cuda
   Landmark Val AUC  ... Validation Loss Training Time (s)
0         1  0.8156  ...          0.3415             277.7
1         2  0.8743  ...          0.2881             411.0
2         3  0.9504  ...          0.1910             551.4

[3 rows x 9 columns]

Job 1835940 consumed 7.5 billing hours from project ec12.

Submitted 2025-07-29T12:31:58; waited 26.0 seconds in the queue after becoming eligible to run.

Requested wallclock time: 24.0 hours
Elapsed wallclock time:   23.6 minutes

Job exited normally.

Task and CPU statistics:
ID             CPUs  Tasks  CPU util                Start   Elapsed  Exit status
1835940          16            0.0 %  2025-07-29T12:32:24  1413.0 s  0
1835940.batch    16      1     6.1 %  2025-07-29T12:32:24  1413.0 s  0

Used CPU time:   23.2 CPU minutes
Unused CPU time: 5.9 CPU hours

Memory statistics, in GiB:
ID              Alloc   Usage
1835940          32.0        
1835940.batch    32.0    10.4

GPU usage stats:
Job 1835940 completed at Tue Jul 29 12:55:57 CEST 2025
