Starting job 1835710 on gpu-9 on fox at Mon Jul 28 21:30:10 CEST 2025

2025-07-28 21:30:26,521: Argument CI: False
2025-07-28 21:30:26,521: Argument all_landmarks: True
2025-07-28 21:30:26,521: Argument batch_size: 8
2025-07-28 21:30:26,521: Argument cache_dir: '/cluster/work/projects/ec12/michechi/cache'
2025-07-28 21:30:26,521: Argument early: 'loss'
2025-07-28 21:30:26,521: Argument epochs: 20
2025-07-28 21:30:26,521: Argument gradient_accumulation_steps: 1
2025-07-28 21:30:26,521: Argument input_csv: '/fp/homes01/u01/ec-michelec/MIMICIV/data/splitted/splitted/landmark_df_evo.csv'
2025-07-28 21:30:26,521: Argument lr: 2e-05
2025-07-28 21:30:26,521: Argument max_length: 512
2025-07-28 21:30:26,521: Argument max_visits: 3
2025-07-28 21:30:26,521: Argument model_name: 'emilyalsentzer/Bio_ClinicalBERT'
2025-07-28 21:30:26,521: Argument model_type: 'medical'
2025-07-28 21:30:26,521: Argument patience: 1
2025-07-28 21:30:26,521: Argument peft: False
2025-07-28 21:30:26,521: Argument prompt_type: 'full'
2025-07-28 21:30:26,521: Argument seed: 9550
2025-07-28 21:30:26,521: Argument test_csv: '/fp/homes01/u01/ec-michelec/MIMICIV/data/splitted/splitted/landmark_evo_test.csv'
2025-07-28 21:30:26,521: Argument train_csv: '/fp/homes01/u01/ec-michelec/MIMICIV/data/splitted/splitted/landmark_evo_train.csv'
2025-07-28 21:30:26,521: Argument use_quantization: False
2025-07-28 21:30:26,521: Argument val_csv: '/fp/homes01/u01/ec-michelec/MIMICIV/data/splitted/splitted/landmark_evo_vali.csv'
2025-07-28 21:30:26,525: Using prompt type: full
/fp/homes01/u01/ec-michelec/MIMICIV/src/Finetuning_rfct.py:77: DtypeWarning: Columns (16,17,18,19) have mixed types. Specify dtype option on import or set low_memory=False.
  full_train_df = pd.read_csv(args.train_csv, na_values=['', 'None', 'NaN', 'na', 'nan']).fillna('')
/fp/homes01/u01/ec-michelec/MIMICIV/src/Finetuning_rfct.py:79: DtypeWarning: Columns (16,17,18,19) have mixed types. Specify dtype option on import or set low_memory=False.
  full_test_df = pd.read_csv(args.test_csv, na_values=['', 'None', 'NaN', 'na', 'nan']).fillna('')
2025-07-28 21:31:03,793: Processing all landmarks from 1 to 3
2025-07-28 21:31:03,793: Preparing data for Landmark 1
/fp/projects01/ec30/software/easybuild/software/nlpl-pytorch/2.1.2-foss-2022b-cuda-12.0.0-Python-3.10.8/lib/python3.10/site-packages/torch/_utils.py:831: UserWarning: TypedStorage is deprecated. It will be removed in the future and UntypedStorage will be the only storage class. This should only matter to you if you are using storages directly.  To access UntypedStorage directly, use tensor.untyped_storage() instead of tensor.storage()
  return self.fget.__get__(instance, owner)()
Some weights of BertForSequenceClassification were not initialized from the model checkpoint at emilyalsentzer/Bio_ClinicalBERT and are newly initialized: ['classifier.bias', 'classifier.weight']
You should probably TRAIN this model on a down-stream task to be able to use it for predictions and inference.
2025-07-28 21:31:08,562: Average train text length: 138.90 words
2025-07-28 21:31:08,562: Average validation text length: 138.07 words
2025-07-28 21:31:08,562: Average test text length: 139.65 words
2025-07-28 21:31:08,562: Training on 14472 samples, validating on 1608, testing on 4020 samples
2025-07-28 21:31:22,305: Fine-tuning at Landmark 1
2025-07-28 21:31:23,257: Early stopping criterion: loss
2025-07-28 21:33:31,773: Landmark 1 | Epoch 1/20 | Train Loss: 0.3821 | Val Loss: 0.3640 | Validation AUC: 0.8032 | F1-Score: 0.1333
2025-07-28 21:33:32,100: New best model saved at /cluster/work/projects/ec12/michechi/cache/best/best_model_emilyalsentzer_Bio_ClinicalBERT_landmark1_full_3_512_all_landmarks_True_20250728_213123_.pt with AUC: 0.8032, F1: 0.1333, Val Loss: 0.3640
2025-07-28 21:35:40,223: Landmark 1 | Epoch 2/20 | Train Loss: 0.3367 | Val Loss: 0.3163 | Validation AUC: 0.8372 | F1-Score: 0.3836
2025-07-28 21:35:40,567: New best model saved at /cluster/work/projects/ec12/michechi/cache/best/best_model_emilyalsentzer_Bio_ClinicalBERT_landmark1_full_3_512_all_landmarks_True_20250728_213123_.pt with AUC: 0.8372, F1: 0.3836, Val Loss: 0.3163
2025-07-28 21:37:48,753: Landmark 1 | Epoch 3/20 | Train Loss: 0.3177 | Val Loss: 0.3231 | Validation AUC: 0.8266 | F1-Score: 0.3438
2025-07-28 21:37:48,753: No improvement in epoch 3. Current best AUC: 0.8372, F1: 0.3836, Val Loss: 0.3163. Epochs without improvement: 1/1
2025-07-28 21:37:48,753: Early stopping triggered at epoch 3. Best AUC: 0.8372, F1: 0.3836, Val Loss: 0.3163
2025-07-28 21:37:49,029: Tempo impiegato per Landmark 1: 386.7 secondi
2025-07-28 21:37:49,029: Tempo medio per epoca: 128.9 secondi
2025-07-28 21:37:49,031: Loading best model from /cluster/work/projects/ec12/michechi/cache/best/best_model_emilyalsentzer_Bio_ClinicalBERT_landmark1_full_3_512_all_landmarks_True_20250728_213123_.pt for final evaluation on test set
2025-07-28 21:37:59,708: Final Test AUC (Landmark 1): 0.8259 | Test F1-Score: 0.3616
2025-07-28 21:37:59,708: Preparing data for Landmark 2
Using device: cuda
Some weights of BertForSequenceClassification were not initialized from the model checkpoint at emilyalsentzer/Bio_ClinicalBERT and are newly initialized: ['classifier.bias', 'classifier.weight']
You should probably TRAIN this model on a down-stream task to be able to use it for predictions and inference.
2025-07-28 21:38:06,176: Average train text length: 254.75 words
2025-07-28 21:38:06,176: Average validation text length: 253.84 words
2025-07-28 21:38:06,176: Average test text length: 253.66 words
2025-07-28 21:38:06,176: Training on 14472 samples, validating on 1608, testing on 4020 samples
2025-07-28 21:38:31,517: Fine-tuning at Landmark 2
2025-07-28 21:38:31,522: Early stopping criterion: loss
2025-07-28 21:40:40,841: Landmark 2 | Epoch 1/20 | Train Loss: 0.3725 | Val Loss: 0.3225 | Validation AUC: 0.8465 | F1-Score: 0.3844
2025-07-28 21:40:41,159: New best model saved at /cluster/work/projects/ec12/michechi/cache/best/best_model_emilyalsentzer_Bio_ClinicalBERT_landmark2_full_3_512_all_landmarks_True_20250728_213831_.pt with AUC: 0.8465, F1: 0.3844, Val Loss: 0.3225
2025-07-28 21:42:50,573: Landmark 2 | Epoch 2/20 | Train Loss: 0.3201 | Val Loss: 0.2885 | Validation AUC: 0.8728 | F1-Score: 0.4400
2025-07-28 21:42:50,903: New best model saved at /cluster/work/projects/ec12/michechi/cache/best/best_model_emilyalsentzer_Bio_ClinicalBERT_landmark2_full_3_512_all_landmarks_True_20250728_213831_.pt with AUC: 0.8728, F1: 0.4400, Val Loss: 0.2885
2025-07-28 21:44:59,963: Landmark 2 | Epoch 3/20 | Train Loss: 0.3002 | Val Loss: 0.2969 | Validation AUC: 0.8798 | F1-Score: 0.5490
2025-07-28 21:44:59,963: No improvement in epoch 3. Current best AUC: 0.8728, F1: 0.4400, Val Loss: 0.2885. Epochs without improvement: 1/1
2025-07-28 21:44:59,963: Early stopping triggered at epoch 3. Best AUC: 0.8728, F1: 0.4400, Val Loss: 0.2885
2025-07-28 21:45:00,464: Tempo impiegato per Landmark 2: 388.9 secondi
2025-07-28 21:45:00,464: Tempo medio per epoca: 129.6 secondi
2025-07-28 21:45:00,466: Loading best model from /cluster/work/projects/ec12/michechi/cache/best/best_model_emilyalsentzer_Bio_ClinicalBERT_landmark2_full_3_512_all_landmarks_True_20250728_213831_.pt for final evaluation on test set
2025-07-28 21:45:11,116: Final Test AUC (Landmark 2): 0.8522 | Test F1-Score: 0.3845
2025-07-28 21:45:11,116: Preparing data for Landmark 3
Using device: cuda
Some weights of BertForSequenceClassification were not initialized from the model checkpoint at emilyalsentzer/Bio_ClinicalBERT and are newly initialized: ['classifier.bias', 'classifier.weight']
You should probably TRAIN this model on a down-stream task to be able to use it for predictions and inference.
2025-07-28 21:45:20,634: Average train text length: 382.21 words
2025-07-28 21:45:20,634: Average validation text length: 377.55 words
2025-07-28 21:45:20,634: Average test text length: 380.77 words
2025-07-28 21:45:20,634: Training on 14472 samples, validating on 1608, testing on 4020 samples
2025-07-28 21:45:58,558: Fine-tuning at Landmark 3
2025-07-28 21:45:58,567: Early stopping criterion: loss
2025-07-28 21:48:05,832: Landmark 3 | Epoch 1/20 | Train Loss: 0.2858 | Val Loss: 0.2194 | Validation AUC: 0.9424 | F1-Score: 0.7000
2025-07-28 21:48:06,148: New best model saved at /cluster/work/projects/ec12/michechi/cache/best/best_model_emilyalsentzer_Bio_ClinicalBERT_landmark3_full_3_512_all_landmarks_True_20250728_214558_.pt with AUC: 0.9424, F1: 0.7000, Val Loss: 0.2194
2025-07-28 21:50:13,483: Landmark 3 | Epoch 2/20 | Train Loss: 0.2105 | Val Loss: 0.1901 | Validation AUC: 0.9492 | F1-Score: 0.7332
2025-07-28 21:50:13,796: New best model saved at /cluster/work/projects/ec12/michechi/cache/best/best_model_emilyalsentzer_Bio_ClinicalBERT_landmark3_full_3_512_all_landmarks_True_20250728_214558_.pt with AUC: 0.9492, F1: 0.7332, Val Loss: 0.1901
2025-07-28 21:52:21,098: Landmark 3 | Epoch 3/20 | Train Loss: 0.1868 | Val Loss: 0.1852 | Validation AUC: 0.9514 | F1-Score: 0.7238
2025-07-28 21:52:21,401: New best model saved at /cluster/work/projects/ec12/michechi/cache/best/best_model_emilyalsentzer_Bio_ClinicalBERT_landmark3_full_3_512_all_landmarks_True_20250728_214558_.pt with AUC: 0.9514, F1: 0.7238, Val Loss: 0.1852
2025-07-28 21:54:29,078: Landmark 3 | Epoch 4/20 | Train Loss: 0.1622 | Val Loss: 0.2098 | Validation AUC: 0.9453 | F1-Score: 0.7195
2025-07-28 21:54:29,078: No improvement in epoch 4. Current best AUC: 0.9514, F1: 0.7238, Val Loss: 0.1852. Epochs without improvement: 1/1
2025-07-28 21:54:29,078: Early stopping triggered at epoch 4. Best AUC: 0.9514, F1: 0.7238, Val Loss: 0.1852
2025-07-28 21:54:29,327: Tempo impiegato per Landmark 3: 510.8 secondi
2025-07-28 21:54:29,327: Tempo medio per epoca: 127.7 secondi
2025-07-28 21:54:29,329: Loading best model from /cluster/work/projects/ec12/michechi/cache/best/best_model_emilyalsentzer_Bio_ClinicalBERT_landmark3_full_3_512_all_landmarks_True_20250728_214558_.pt for final evaluation on test set
2025-07-28 21:54:39,655: Final Test AUC (Landmark 3): 0.9438 | Test F1-Score: 0.7172
2025-07-28 21:54:39,656: Saving results to results_medical_True_emilyalsentzer_Bio_ClinicalBERT_visits3_9550_full_20250728_215439.csv
Using device: cuda
   Landmark Val AUC  ... Validation Loss Training Time (s)
0         1  0.8372  ...          0.3163             386.7
1         2  0.8728  ...          0.2885             388.9
2         3  0.9514  ...          0.1852             510.8

[3 rows x 9 columns]

Job 1835710 consumed 7.8 billing hours from project ec12.

Submitted 2025-07-28T21:30:06; waited 3.0 seconds in the queue after becoming eligible to run.

Requested wallclock time: 24.0 hours
Elapsed wallclock time:   24.6 minutes

Job exited normally.

Task and CPU statistics:
ID             CPUs  Tasks  CPU util                Start   Elapsed  Exit status
1835710          16            0.0 %  2025-07-28T21:30:09  1476.0 s  0
1835710.batch    16      1     6.2 %  2025-07-28T21:30:09  1476.0 s  0

Used CPU time:   24.4 CPU minutes
Unused CPU time: 6.2 CPU hours

Memory statistics, in GiB:
ID              Alloc   Usage
1835710          32.0        
1835710.batch    32.0    12.2

GPU usage stats:
Job 1835710 completed at Mon Jul 28 21:54:45 CEST 2025
