Starting job 2888142 on gpu-7 on Fox at Sat Jan 17 17:47:05 CET 2026

/fp/projects01/ec30/software/easybuild/software/nlpl-pytorch/2.1.2-foss-2022b-cuda-12.0.0-Python-3.10.8/lib/python3.10/site-packages/torch/cuda/__init__.py:51: FutureWarning: The pynvml package is deprecated. Please install nvidia-ml-py instead. If you did not install pynvml directly, please report this to the maintainers of the package that installed pynvml for you.
  import pynvml  # type: ignore[import]
2026-01-17 17:47:40 - RNN_Baseline - INFO - Logging initialized. Log file: results/dataset_9/logs/training_20260117_174740.log
2026-01-17 17:47:40 - RNN_Baseline - INFO - ======================================================================
2026-01-17 17:47:40 - RNN_Baseline - INFO - RNN BASELINE TRAINING SCRIPT
2026-01-17 17:47:40 - RNN_Baseline - INFO - ======================================================================
2026-01-17 17:47:40 - RNN_Baseline - INFO - Arguments:
2026-01-17 17:47:40 - RNN_Baseline - INFO -   path_csv: /fp/homes01/u01/ec-michelec/MIMICIV/data/simulation/
2026-01-17 17:47:40 - RNN_Baseline - INFO -   number_to_use: 9
2026-01-17 17:47:40 - RNN_Baseline - INFO -   sequence_column: Sequences
2026-01-17 17:47:40 - RNN_Baseline - INFO -   label_column: Outcome
2026-01-17 17:47:40 - RNN_Baseline - INFO -   test_rnd: False
2026-01-17 17:47:40 - RNN_Baseline - INFO -   sequence_separator: 
2026-01-17 17:47:40 - RNN_Baseline - INFO -   models: all
2026-01-17 17:47:40 - RNN_Baseline - INFO -   no_search: False
2026-01-17 17:47:40 - RNN_Baseline - INFO -   use_optimal: True
2026-01-17 17:47:40 - RNN_Baseline - INFO -   search_trials: 20
2026-01-17 17:47:40 - RNN_Baseline - INFO -   batch_size: 64
2026-01-17 17:47:40 - RNN_Baseline - INFO -   final_epochs: 30
2026-01-17 17:47:40 - RNN_Baseline - INFO -   seed: 4444
2026-01-17 17:47:40 - RNN_Baseline - INFO -   save_models: False
2026-01-17 17:47:40 - RNN_Baseline - INFO -   output_dir: results
2026-01-17 17:47:40 - RNN_Baseline - INFO - Random seed set to: 4444
2026-01-17 17:47:40 - RNN_Baseline - INFO - Using device: cuda
2026-01-17 17:47:40 - RNN_Baseline - INFO -   GPU: NVIDIA A100 80GB PCIe
2026-01-17 17:47:40 - RNN_Baseline - INFO -   Memory: 85.29 GB
2026-01-17 17:47:40 - RNN_Baseline - INFO - Loading data from: /fp/homes01/u01/ec-michelec/MIMICIV/data/simulation/
2026-01-17 17:47:40 - RNN_Baseline - INFO - Using dataset number: 9
2026-01-17 17:47:40 - RNN_Baseline - INFO - Sequence separator: '\x1f'
2026-01-17 17:47:40 - RNN_Baseline - INFO - Preprocessing sequences (splitting by separator)...
2026-01-17 17:47:42 - RNN_Baseline - INFO - Data loaded successfully:
2026-01-17 17:47:42 - RNN_Baseline - INFO -   Train: 400000 sequences
2026-01-17 17:47:42 - RNN_Baseline - INFO -   Val:   50000 sequences
2026-01-17 17:47:42 - RNN_Baseline - INFO -   Test:  50000 sequences
2026-01-17 17:47:42 - RNN_Baseline - INFO -   Class distribution (train): 232630 (label=0) / 167370 (label=1)
2026-01-17 17:47:42 - RNN_Baseline - INFO -   Sequence length: min=20, max=20, mean=20.0
2026-01-17 17:47:42 - RNN_Baseline - INFO - Creating PyTorch datasets...
2026-01-17 17:47:42 - RNN_Baseline - INFO - Creating dataloaders (batch_size=64)...
2026-01-17 17:47:42 - RNN_Baseline - INFO -   Train batches: 6250
2026-01-17 17:47:42 - RNN_Baseline - INFO -   Val batches:   782
2026-01-17 17:47:42 - RNN_Baseline - INFO -   Test batches:  782
2026-01-17 17:47:42 - RNN_Baseline - INFO - Models to train: LSTM, BiLSTM, GRU
2026-01-17 17:47:42 - RNN_Baseline - INFO - 
######################################################################
2026-01-17 17:47:42 - RNN_Baseline - INFO - # TRAINING LSTM
2026-01-17 17:47:42 - RNN_Baseline - INFO - ######################################################################
2026-01-17 17:47:42 - RNN_Baseline - INFO - Using optimal configuration (no search)
2026-01-17 17:47:42 - RNN_Baseline - INFO - 
============================================================
2026-01-17 17:47:42 - RNN_Baseline - INFO - FINAL TRAINING with best configuration
2026-01-17 17:47:42 - RNN_Baseline - INFO - ============================================================
2026-01-17 17:47:42 - RNN_Baseline - INFO - Model parameters: 207,522
2026-01-17 17:47:42 - RNN_Baseline - INFO - Starting training for LSTM
2026-01-17 17:49:15 - RNN_Baseline - INFO -   Epoch [5/30] Train Loss: 0.6266, Val F1: 0.5608, Val AUC: 0.6656
2026-01-17 17:50:43 - RNN_Baseline - INFO -   Epoch [10/30] Train Loss: 0.6183, Val F1: 0.5572, Val AUC: 0.6657
2026-01-17 17:51:18 - RNN_Baseline - INFO -   Early stopping at epoch 12
2026-01-17 17:51:18 - RNN_Baseline - INFO - Training completed. Best epoch: 7, Best Val F1: 0.5617
2026-01-17 17:51:18 - RNN_Baseline - INFO - Final Validation F1: 0.5617
2026-01-17 17:51:18 - RNN_Baseline - INFO - 
============================================================
2026-01-17 17:51:18 - RNN_Baseline - INFO - TEST SET EVALUATION
2026-01-17 17:51:18 - RNN_Baseline - INFO - ============================================================
2026-01-17 17:51:20 - RNN_Baseline - INFO - 
Test Results for LSTM:
2026-01-17 17:51:20 - RNN_Baseline - INFO -   Accuracy:  0.6833
2026-01-17 17:51:20 - RNN_Baseline - INFO -   Precision: 0.6765
2026-01-17 17:51:20 - RNN_Baseline - INFO -   Recall:    0.4716
2026-01-17 17:51:20 - RNN_Baseline - INFO -   F1 Score:  0.5557
2026-01-17 17:51:20 - RNN_Baseline - INFO -   AUC:       0.6688
2026-01-17 17:51:20 - RNN_Baseline - INFO -   Confusion Matrix:
2026-01-17 17:51:20 - RNN_Baseline - INFO -     [[24261, 4736], [11099, 9904]]
2026-01-17 17:51:20 - RNN_Baseline - INFO - Results saved:
2026-01-17 17:51:20 - RNN_Baseline - INFO -   Predictions: results/dataset_9/LSTM_predictions_dataset9.csv
2026-01-17 17:51:20 - RNN_Baseline - INFO -   Summary:     results/dataset_9/LSTM_summary_dataset9.json
2026-01-17 17:51:20 - RNN_Baseline - INFO - 
######################################################################
2026-01-17 17:51:20 - RNN_Baseline - INFO - # TRAINING BiLSTM
2026-01-17 17:51:20 - RNN_Baseline - INFO - ######################################################################
2026-01-17 17:51:20 - RNN_Baseline - INFO - Using optimal configuration (no search)
2026-01-17 17:51:20 - RNN_Baseline - INFO - 
============================================================
2026-01-17 17:51:20 - RNN_Baseline - INFO - FINAL TRAINING with best configuration
2026-01-17 17:51:20 - RNN_Baseline - INFO - ============================================================
2026-01-17 17:51:20 - RNN_Baseline - INFO - Model parameters: 957,762
2026-01-17 17:51:20 - RNN_Baseline - INFO - Starting training for BiLSTM
2026-01-17 17:53:14 - RNN_Baseline - INFO -   Epoch [5/30] Train Loss: 0.6285, Val F1: 0.5540, Val AUC: 0.6636
2026-01-17 17:55:09 - RNN_Baseline - INFO -   Epoch [10/30] Train Loss: 0.6220, Val F1: 0.5579, Val AUC: 0.6654
2026-01-17 17:55:55 - RNN_Baseline - INFO -   Early stopping at epoch 12
2026-01-17 17:55:55 - RNN_Baseline - INFO - Training completed. Best epoch: 7, Best Val F1: 0.5653
2026-01-17 17:55:55 - RNN_Baseline - INFO - Final Validation F1: 0.5653
2026-01-17 17:55:55 - RNN_Baseline - INFO - 
============================================================
2026-01-17 17:55:55 - RNN_Baseline - INFO - TEST SET EVALUATION
2026-01-17 17:55:55 - RNN_Baseline - INFO - ============================================================
2026-01-17 17:55:56 - RNN_Baseline - INFO - 
Test Results for BiLSTM:
2026-01-17 17:55:56 - RNN_Baseline - INFO -   Accuracy:  0.6827
2026-01-17 17:55:56 - RNN_Baseline - INFO -   Precision: 0.6743
2026-01-17 17:55:56 - RNN_Baseline - INFO -   Recall:    0.4734
2026-01-17 17:55:56 - RNN_Baseline - INFO -   F1 Score:  0.5562
2026-01-17 17:55:56 - RNN_Baseline - INFO -   AUC:       0.6657
2026-01-17 17:55:56 - RNN_Baseline - INFO -   Confusion Matrix:
2026-01-17 17:55:56 - RNN_Baseline - INFO -     [[24194, 4803], [11061, 9942]]
2026-01-17 17:55:57 - RNN_Baseline - INFO - Results saved:
2026-01-17 17:55:57 - RNN_Baseline - INFO -   Predictions: results/dataset_9/BiLSTM_predictions_dataset9.csv
2026-01-17 17:55:57 - RNN_Baseline - INFO -   Summary:     results/dataset_9/BiLSTM_summary_dataset9.json
2026-01-17 17:55:57 - RNN_Baseline - INFO - 
######################################################################
2026-01-17 17:55:57 - RNN_Baseline - INFO - # TRAINING GRU
2026-01-17 17:55:57 - RNN_Baseline - INFO - ######################################################################
2026-01-17 17:55:57 - RNN_Baseline - INFO - Using optimal configuration (no search)
2026-01-17 17:55:57 - RNN_Baseline - INFO - 
============================================================
2026-01-17 17:55:57 - RNN_Baseline - INFO - FINAL TRAINING with best configuration
2026-01-17 17:55:57 - RNN_Baseline - INFO - ============================================================
2026-01-17 17:55:57 - RNN_Baseline - INFO - Model parameters: 51,714
2026-01-17 17:55:57 - RNN_Baseline - INFO - Starting training for GRU
2026-01-17 17:57:21 - RNN_Baseline - INFO -   Epoch [5/30] Train Loss: 0.6349, Val F1: 0.5538, Val AUC: 0.6603
2026-01-17 17:58:47 - RNN_Baseline - INFO -   Epoch [10/30] Train Loss: 0.6271, Val F1: 0.5547, Val AUC: 0.6626
2026-01-17 18:00:12 - RNN_Baseline - INFO -   Epoch [15/30] Train Loss: 0.6237, Val F1: 0.5580, Val AUC: 0.6650
2026-01-17 18:01:04 - RNN_Baseline - INFO -   Early stopping at epoch 18
2026-01-17 18:01:04 - RNN_Baseline - INFO - Training completed. Best epoch: 13, Best Val F1: 0.5656
2026-01-17 18:01:04 - RNN_Baseline - INFO - Final Validation F1: 0.5656
2026-01-17 18:01:04 - RNN_Baseline - INFO - 
============================================================
2026-01-17 18:01:04 - RNN_Baseline - INFO - TEST SET EVALUATION
2026-01-17 18:01:04 - RNN_Baseline - INFO - ============================================================
2026-01-17 18:01:05 - RNN_Baseline - INFO - 
Test Results for GRU:
2026-01-17 18:01:05 - RNN_Baseline - INFO -   Accuracy:  0.6821
2026-01-17 18:01:05 - RNN_Baseline - INFO -   Precision: 0.6682
2026-01-17 18:01:05 - RNN_Baseline - INFO -   Recall:    0.4829
2026-01-17 18:01:05 - RNN_Baseline - INFO -   F1 Score:  0.5607
2026-01-17 18:01:05 - RNN_Baseline - INFO -   AUC:       0.6673
2026-01-17 18:01:05 - RNN_Baseline - INFO -   Confusion Matrix:
2026-01-17 18:01:05 - RNN_Baseline - INFO -     [[23961, 5036], [10860, 10143]]
2026-01-17 18:01:05 - RNN_Baseline - INFO - Results saved:
2026-01-17 18:01:05 - RNN_Baseline - INFO -   Predictions: results/dataset_9/GRU_predictions_dataset9.csv
2026-01-17 18:01:05 - RNN_Baseline - INFO -   Summary:     results/dataset_9/GRU_summary_dataset9.json
2026-01-17 18:01:05 - RNN_Baseline - INFO - 
######################################################################
2026-01-17 18:01:05 - RNN_Baseline - INFO - # FINAL COMPARISON OF ALL MODELS
2026-01-17 18:01:05 - RNN_Baseline - INFO - ######################################################################

2026-01-17 18:01:05 - RNN_Baseline - INFO - Model      Accuracy   Precision  Recall     F1         AUC       
2026-01-17 18:01:05 - RNN_Baseline - INFO - ----------------------------------------------------------------------
2026-01-17 18:01:05 - RNN_Baseline - INFO - LSTM       0.6833     0.6765     0.4716     0.5557     0.6688    
2026-01-17 18:01:05 - RNN_Baseline - INFO - BiLSTM     0.6827     0.6743     0.4734     0.5562     0.6657    
2026-01-17 18:01:05 - RNN_Baseline - INFO - GRU        0.6821     0.6682     0.4829     0.5607     0.6673    
2026-01-17 18:01:05 - RNN_Baseline - INFO - 
Comparison saved to: results/dataset_9/comparison_dataset9.json
2026-01-17 18:01:05 - RNN_Baseline - INFO - 
============================================================
2026-01-17 18:01:05 - RNN_Baseline - INFO - BEST MODEL: GRU
2026-01-17 18:01:05 - RNN_Baseline - INFO -   F1 Score: 0.5607
2026-01-17 18:01:05 - RNN_Baseline - INFO -   AUC:      0.6673
2026-01-17 18:01:05 - RNN_Baseline - INFO - ============================================================
2026-01-17 18:01:05 - RNN_Baseline - INFO - 
Training completed successfully!

Job 2888142 consumed 4.4 billing hours from project ec12.

Submitted 2026-01-17T17:47:04; waited 0.0 seconds in the queue after becoming eligible to run.

Requested wallclock time: 10.0 hours
Elapsed wallclock time:   14.0 minutes

Job exited normally.

Task and CPU statistics:
ID             CPUs  Tasks  CPU util                Start  Elapsed  Exit status
2888142          16            0.0 %  2026-01-17T17:47:04  842.0 s  0
2888142.batch    16      1    36.5 %  2026-01-17T17:47:04  842.0 s  0

Used CPU time:   1.4 CPU hours
Unused CPU time: 2.4 CPU hours

Memory statistics, in GiB:
ID              Alloc   Usage
2888142          32.0        
2888142.batch    32.0     0.8

Job 2888142 completed at Sat Jan 17 18:01:06 CET 2026
