Starting job 1836107 on gpu-1 on fox at Tue Jul 29 23:09:29 CEST 2025

2025-07-29 23:09:46,267: Argument CI: False
2025-07-29 23:09:46,267: Argument all_landmarks: True
2025-07-29 23:09:46,267: Argument batch_size: 8
2025-07-29 23:09:46,267: Argument cache_dir: '/cluster/work/projects/ec12/michechi/cache'
2025-07-29 23:09:46,267: Argument early: 'loss'
2025-07-29 23:09:46,267: Argument epochs: 20
2025-07-29 23:09:46,267: Argument gradient_accumulation_steps: 1
2025-07-29 23:09:46,267: Argument input_csv: '/fp/homes01/u01/ec-michelec/MIMICIV/data/splitted/splitted/landmark_df_evo.csv'
2025-07-29 23:09:46,267: Argument lr: 2e-05
2025-07-29 23:09:46,267: Argument max_length: 1024
2025-07-29 23:09:46,267: Argument max_visits: 3
2025-07-29 23:09:46,267: Argument model_name: 'answerdotai/ModernBERT-large'
2025-07-29 23:09:46,267: Argument model_type: 'medical'
2025-07-29 23:09:46,267: Argument patience: 1
2025-07-29 23:09:46,267: Argument peft: False
2025-07-29 23:09:46,267: Argument prompt_type: 'compact'
2025-07-29 23:09:46,267: Argument seed: 4550
2025-07-29 23:09:46,267: Argument test_csv: '/fp/homes01/u01/ec-michelec/MIMICIV/data/splitted/splitted/landmark_evo_test.csv'
2025-07-29 23:09:46,267: Argument train_csv: '/fp/homes01/u01/ec-michelec/MIMICIV/data/splitted/splitted/landmark_evo_train.csv'
2025-07-29 23:09:46,267: Argument use_quantization: False
2025-07-29 23:09:46,267: Argument val_csv: '/fp/homes01/u01/ec-michelec/MIMICIV/data/splitted/splitted/landmark_evo_vali.csv'
2025-07-29 23:09:46,278: Using prompt type: compact
/fp/homes01/u01/ec-michelec/MIMICIV/src/Finetuning_rfct.py:79: DtypeWarning: Columns (16,17,18,19) have mixed types. Specify dtype option on import or set low_memory=False.
  full_train_df = pd.read_csv(args.train_csv, na_values=['', 'None', 'NaN', 'na', 'nan']).fillna('')
/fp/homes01/u01/ec-michelec/MIMICIV/src/Finetuning_rfct.py:81: DtypeWarning: Columns (16,17,18,19) have mixed types. Specify dtype option on import or set low_memory=False.
  full_test_df = pd.read_csv(args.test_csv, na_values=['', 'None', 'NaN', 'na', 'nan']).fillna('')
2025-07-29 23:10:22,427: Processing all landmarks from 1 to 3
2025-07-29 23:10:22,427: Preparing data for Landmark 1
Some weights of ModernBertForSequenceClassification were not initialized from the model checkpoint at answerdotai/ModernBERT-large and are newly initialized: ['classifier.bias', 'classifier.weight']
You should probably TRAIN this model on a down-stream task to be able to use it for predictions and inference.
2025-07-29 23:10:33,374: Average train text length: 147.90 words
2025-07-29 23:10:33,374: Average validation text length: 147.07 words
2025-07-29 23:10:33,374: Average test text length: 148.65 words
2025-07-29 23:10:33,374: Training on 14472 samples, validating on 1608, testing on 4020 samples
2025-07-29 23:10:45,567: Fine-tuning at Landmark 1
2025-07-29 23:10:45,573: Early stopping criterion: loss
/fp/homes01/u01/ec-michelec/ModernBERT/lib64/python3.9/site-packages/networkx/utils/backends.py:135: RuntimeWarning: networkx backend defined more than once: nx-loopback
  backends.update(_get_backends("networkx.backends"))
2025-07-29 23:28:03,345: Landmark 1 | Epoch 1/20 | Train Loss: 0.3838 | Val Loss: 0.3213 | Validation AUC: 0.8301 | F1-Score: 0.0964
2025-07-29 23:28:04,379: New best model saved at /cluster/work/projects/ec12/michechi/cache/best/best_model_answerdotai_ModernBERT-large_4550_landmark1_compact_3_1024_all_landmarks_True_20250729_231045_.pt with AUC: 0.8301, F1: 0.0964, Val Loss: 0.3213
2025-07-29 23:45:03,124: Landmark 1 | Epoch 2/20 | Train Loss: 0.3428 | Val Loss: 0.3315 | Validation AUC: 0.8279 | F1-Score: 0.0336
2025-07-29 23:45:03,124: No improvement in epoch 2. Current best AUC: 0.8301, F1: 0.0964, Val Loss: 0.3213. Epochs without improvement: 1/1
2025-07-29 23:45:03,124: Early stopping triggered at epoch 2. Best AUC: 0.8301, F1: 0.0964, Val Loss: 0.3213
2025-07-29 23:45:04,250: Tempo impiegato per Landmark 1: 2058.7 secondi
2025-07-29 23:45:04,252: Tempo medio per epoca: 1029.3 secondi
2025-07-29 23:45:04,254: Loading best model from /cluster/work/projects/ec12/michechi/cache/best/best_model_answerdotai_ModernBERT-large_4550_landmark1_compact_3_1024_all_landmarks_True_20250729_231045_.pt for final evaluation on test set
2025-07-29 23:46:22,004: Final Test AUC (Landmark 1): 0.8152 | Test F1-Score: 0.0924
2025-07-29 23:46:22,005: Preparing data for Landmark 2
Some weights of ModernBertForSequenceClassification were not initialized from the model checkpoint at answerdotai/ModernBERT-large and are newly initialized: ['classifier.bias', 'classifier.weight']
You should probably TRAIN this model on a down-stream task to be able to use it for predictions and inference.
2025-07-29 23:46:29,193: Average train text length: 160.05 words
2025-07-29 23:46:29,193: Average validation text length: 159.92 words
2025-07-29 23:46:29,193: Average test text length: 158.18 words
2025-07-29 23:46:29,193: Training on 14472 samples, validating on 1608, testing on 4020 samples
2025-07-29 23:46:43,017: Fine-tuning at Landmark 2
2025-07-29 23:46:43,038: Early stopping criterion: loss
2025-07-30 00:03:43,300: Landmark 2 | Epoch 1/20 | Train Loss: 0.3851 | Val Loss: 0.3214 | Validation AUC: 0.8739 | F1-Score: 0.5145
2025-07-30 00:03:44,377: New best model saved at /cluster/work/projects/ec12/michechi/cache/best/best_model_answerdotai_ModernBERT-large_4550_landmark2_compact_3_1024_all_landmarks_True_20250729_234643_.pt with AUC: 0.8739, F1: 0.5145, Val Loss: 0.3214
2025-07-30 00:20:45,271: Landmark 2 | Epoch 2/20 | Train Loss: 0.3077 | Val Loss: 0.3017 | Validation AUC: 0.8837 | F1-Score: 0.2787
2025-07-30 00:20:46,362: New best model saved at /cluster/work/projects/ec12/michechi/cache/best/best_model_answerdotai_ModernBERT-large_4550_landmark2_compact_3_1024_all_landmarks_True_20250729_234643_.pt with AUC: 0.8837, F1: 0.2787, Val Loss: 0.3017
2025-07-30 00:37:47,600: Landmark 2 | Epoch 3/20 | Train Loss: 0.2956 | Val Loss: 0.2863 | Validation AUC: 0.8789 | F1-Score: 0.4425
2025-07-30 00:37:48,735: New best model saved at /cluster/work/projects/ec12/michechi/cache/best/best_model_answerdotai_ModernBERT-large_4550_landmark2_compact_3_1024_all_landmarks_True_20250729_234643_.pt with AUC: 0.8789, F1: 0.4425, Val Loss: 0.2863
2025-07-30 00:54:49,768: Landmark 2 | Epoch 4/20 | Train Loss: 0.3490 | Val Loss: 0.2996 | Validation AUC: 0.8559 | F1-Score: 0.4912
2025-07-30 00:54:49,768: No improvement in epoch 4. Current best AUC: 0.8789, F1: 0.4425, Val Loss: 0.2863. Epochs without improvement: 1/1
2025-07-30 00:54:49,768: Early stopping triggered at epoch 4. Best AUC: 0.8789, F1: 0.4425, Val Loss: 0.2863
2025-07-30 00:54:51,121: Tempo impiegato per Landmark 2: 4088.1 secondi
2025-07-30 00:54:51,122: Tempo medio per epoca: 1022.0 secondi
2025-07-30 00:54:51,124: Loading best model from /cluster/work/projects/ec12/michechi/cache/best/best_model_answerdotai_ModernBERT-large_4550_landmark2_compact_3_1024_all_landmarks_True_20250729_234643_.pt for final evaluation on test set
2025-07-30 00:56:08,941: Final Test AUC (Landmark 2): 0.8486 | Test F1-Score: 0.3575
2025-07-30 00:56:08,941: Preparing data for Landmark 3
Some weights of ModernBertForSequenceClassification were not initialized from the model checkpoint at answerdotai/ModernBERT-large and are newly initialized: ['classifier.bias', 'classifier.weight']
You should probably TRAIN this model on a down-stream task to be able to use it for predictions and inference.
2025-07-30 00:56:19,911: Average train text length: 185.98 words
2025-07-30 00:56:19,911: Average validation text length: 182.43 words
2025-07-30 00:56:19,911: Average test text length: 185.50 words
2025-07-30 00:56:19,911: Training on 14472 samples, validating on 1608, testing on 4020 samples
2025-07-30 00:56:34,676: Fine-tuning at Landmark 3
2025-07-30 00:56:34,696: Early stopping criterion: loss
2025-07-30 01:13:37,062: Landmark 3 | Epoch 1/20 | Train Loss: 0.3292 | Val Loss: 0.2183 | Validation AUC: 0.9326 | F1-Score: 0.6357
2025-07-30 01:13:38,154: New best model saved at /cluster/work/projects/ec12/michechi/cache/best/best_model_answerdotai_ModernBERT-large_4550_landmark3_compact_3_1024_all_landmarks_True_20250730_005634_.pt with AUC: 0.9326, F1: 0.6357, Val Loss: 0.2183
2025-07-30 01:30:41,445: Landmark 3 | Epoch 2/20 | Train Loss: 0.2184 | Val Loss: 0.1933 | Validation AUC: 0.9541 | F1-Score: 0.6796
2025-07-30 01:30:42,543: New best model saved at /cluster/work/projects/ec12/michechi/cache/best/best_model_answerdotai_ModernBERT-large_4550_landmark3_compact_3_1024_all_landmarks_True_20250730_005634_.pt with AUC: 0.9541, F1: 0.6796, Val Loss: 0.1933
2025-07-30 01:47:46,190: Landmark 3 | Epoch 3/20 | Train Loss: 0.1906 | Val Loss: 0.1855 | Validation AUC: 0.9555 | F1-Score: 0.6856
2025-07-30 01:47:47,236: New best model saved at /cluster/work/projects/ec12/michechi/cache/best/best_model_answerdotai_ModernBERT-large_4550_landmark3_compact_3_1024_all_landmarks_True_20250730_005634_.pt with AUC: 0.9555, F1: 0.6856, Val Loss: 0.1855
2025-07-30 02:04:50,537: Landmark 3 | Epoch 4/20 | Train Loss: 0.1680 | Val Loss: 0.1802 | Validation AUC: 0.9548 | F1-Score: 0.7404
2025-07-30 02:04:51,559: New best model saved at /cluster/work/projects/ec12/michechi/cache/best/best_model_answerdotai_ModernBERT-large_4550_landmark3_compact_3_1024_all_landmarks_True_20250730_005634_.pt with AUC: 0.9548, F1: 0.7404, Val Loss: 0.1802
2025-07-30 02:21:54,252: Landmark 3 | Epoch 5/20 | Train Loss: 0.1493 | Val Loss: 0.1780 | Validation AUC: 0.9545 | F1-Score: 0.7373
2025-07-30 02:21:55,284: New best model saved at /cluster/work/projects/ec12/michechi/cache/best/best_model_answerdotai_ModernBERT-large_4550_landmark3_compact_3_1024_all_landmarks_True_20250730_005634_.pt with AUC: 0.9545, F1: 0.7373, Val Loss: 0.1780
2025-07-30 02:38:58,663: Landmark 3 | Epoch 6/20 | Train Loss: 0.1142 | Val Loss: 0.1932 | Validation AUC: 0.9528 | F1-Score: 0.7126
2025-07-30 02:38:58,664: No improvement in epoch 6. Current best AUC: 0.9545, F1: 0.7373, Val Loss: 0.1780. Epochs without improvement: 1/1
2025-07-30 02:38:58,664: Early stopping triggered at epoch 6. Best AUC: 0.9545, F1: 0.7373, Val Loss: 0.1780
2025-07-30 02:39:00,678: Tempo impiegato per Landmark 3: 6146.0 secondi
2025-07-30 02:39:00,679: Tempo medio per epoca: 1024.3 secondi
2025-07-30 02:39:00,681: Loading best model from /cluster/work/projects/ec12/michechi/cache/best/best_model_answerdotai_ModernBERT-large_4550_landmark3_compact_3_1024_all_landmarks_True_20250730_005634_.pt for final evaluation on test set
2025-07-30 02:40:18,465: Final Test AUC (Landmark 3): 0.9469 | Test F1-Score: 0.7285
2025-07-30 02:40:18,466: Saving results to results_medical_True_answerdotai_ModernBERT-large_visits3_4550_compact_20250730_024018.csv
Using device: cuda
Using device: cuda
Using device: cuda
   Landmark Val AUC  ... Validation Loss Training Time (s)
0         1  0.8301  ...          0.3213            2058.7
1         2  0.8789  ...          0.2863            4088.1
2         3  0.9545  ...          0.1780            6146.0

[3 rows x 9 columns]

Job 1836107 consumed 66.8 billing hours from project ec12.

Submitted 2025-07-29T21:46:46; waited 1.4 hours in the queue after becoming eligible to run.

Requested wallclock time: 1.8 days
Elapsed wallclock time:   3.5 hours

Job exited normally.

Task and CPU statistics:
ID             CPUs  Tasks  CPU util                Start  Elapsed  Exit status
1836107          16            0.0 %  2025-07-29T23:09:29    3.5 h  0
1836107.batch    16      1     7.5 %  2025-07-29T23:09:29    3.5 h  0

Used CPU time:   4.2 CPU hours
Unused CPU time: 2.2 CPU days

Memory statistics, in GiB:
ID              Alloc   Usage
1836107          32.0        
1836107.batch    32.0    14.8

GPU usage stats:
Job 1836107 completed at Wed Jul 30 02:40:23 CEST 2025
