Starting job 1841283 on gpu-1 on fox at Tue Aug 5 17:18:07 CEST 2025

2025-08-05 17:18:23,935: Argument CI: False
2025-08-05 17:18:23,935: Argument all_landmarks: True
2025-08-05 17:18:23,935: Argument batch_size: 8
2025-08-05 17:18:23,935: Argument cache_dir: '/cluster/work/projects/ec12/michechi/cache'
2025-08-05 17:18:23,935: Argument early: 'loss'
2025-08-05 17:18:23,935: Argument epochs: 20
2025-08-05 17:18:23,935: Argument gradient_accumulation_steps: 1
2025-08-05 17:18:23,935: Argument input_csv: '/fp/homes01/u01/ec-michelec/MIMICIV/data/splitted/splitted/landmark_df_evo.csv'
2025-08-05 17:18:23,935: Argument lr: 2e-05
2025-08-05 17:18:23,935: Argument max_length: 512
2025-08-05 17:18:23,935: Argument max_visits: 3
2025-08-05 17:18:23,935: Argument model_name: 'Charangan/MedBERT'
2025-08-05 17:18:23,936: Argument model_type: 'medical'
2025-08-05 17:18:23,936: Argument patience: 1
2025-08-05 17:18:23,936: Argument peft: False
2025-08-05 17:18:23,936: Argument prompt_type: 'no'
2025-08-05 17:18:23,936: Argument seed: 9550
2025-08-05 17:18:23,936: Argument test_csv: '/fp/homes01/u01/ec-michelec/MIMICIV/data/splitted/splitted/landmark_evo_test_dod.csv'
2025-08-05 17:18:23,936: Argument train_csv: '/fp/homes01/u01/ec-michelec/MIMICIV/data/splitted/splitted/landmark_evo_train_dod.csv'
2025-08-05 17:18:23,936: Argument use_quantization: False
2025-08-05 17:18:23,936: Argument val_csv: '/fp/homes01/u01/ec-michelec/MIMICIV/data/splitted/splitted/landmark_evo_vali_dod.csv'
2025-08-05 17:18:23,936: Argument when_counting_death: 'last_visit'
2025-08-05 17:18:23,940: Using prompt type: no
/fp/homes01/u01/ec-michelec/MIMICIV/src/Finetuning_rfct.py:79: DtypeWarning: Columns (16,17,18,19) have mixed types. Specify dtype option on import or set low_memory=False.
  full_train_df = pd.read_csv(args.train_csv, na_values=['', 'None', 'NaN', 'na', 'nan']).fillna('')
/fp/homes01/u01/ec-michelec/MIMICIV/src/Finetuning_rfct.py:81: DtypeWarning: Columns (16,17,18,19) have mixed types. Specify dtype option on import or set low_memory=False.
  full_test_df = pd.read_csv(args.test_csv, na_values=['', 'None', 'NaN', 'na', 'nan']).fillna('')
2025-08-05 17:19:02,051: Processing all landmarks from 1 to 3
2025-08-05 17:19:02,051: Preparing data for Landmark 1
/fp/projects01/ec30/software/easybuild/software/nlpl-pytorch/2.1.2-foss-2022b-cuda-12.0.0-Python-3.10.8/lib/python3.10/site-packages/torch/_utils.py:831: UserWarning: TypedStorage is deprecated. It will be removed in the future and UntypedStorage will be the only storage class. This should only matter to you if you are using storages directly.  To access UntypedStorage directly, use tensor.untyped_storage() instead of tensor.storage()
  return self.fget.__get__(instance, owner)()
Some weights of BertForSequenceClassification were not initialized from the model checkpoint at Charangan/MedBERT and are newly initialized: ['classifier.bias', 'classifier.weight']
You should probably TRAIN this model on a down-stream task to be able to use it for predictions and inference.
2025-08-05 17:19:07,044: Average train text length: 330.02 words
2025-08-05 17:19:07,044: Average validation text length: 331.96 words
2025-08-05 17:19:07,044: Average test text length: 329.97 words
2025-08-05 17:19:07,044: Training on 14472 samples, validating on 1608, testing on 4020 samples
2025-08-05 17:19:30,272: Fine-tuning at Landmark 1
2025-08-05 17:19:31,020: Early stopping criterion: loss
2025-08-05 17:21:47,927: Landmark 1 | Epoch 1/20 | Train Loss: 0.3905 | Val Loss: 0.3701 | Validation AUC: 0.7648 | F1-Score: 0.0171
2025-08-05 17:21:48,288: New best model saved at /cluster/work/projects/ec12/michechi/cache/best/best_model_Charangan_MedBERT_9550_landmark1_no_3_512_last_visit_all_landmarks_True_20250805_171931_.pt with AUC: 0.7648, F1: 0.0171, Val Loss: 0.3701
2025-08-05 17:24:05,310: Landmark 1 | Epoch 2/20 | Train Loss: 0.3513 | Val Loss: 0.3411 | Validation AUC: 0.8054 | F1-Score: 0.3549
2025-08-05 17:24:05,615: New best model saved at /cluster/work/projects/ec12/michechi/cache/best/best_model_Charangan_MedBERT_9550_landmark1_no_3_512_last_visit_all_landmarks_True_20250805_171931_.pt with AUC: 0.8054, F1: 0.3549, Val Loss: 0.3411
2025-08-05 17:26:22,570: Landmark 1 | Epoch 3/20 | Train Loss: 0.3302 | Val Loss: 0.3331 | Validation AUC: 0.8061 | F1-Score: 0.2349
2025-08-05 17:26:22,864: New best model saved at /cluster/work/projects/ec12/michechi/cache/best/best_model_Charangan_MedBERT_9550_landmark1_no_3_512_last_visit_all_landmarks_True_20250805_171931_.pt with AUC: 0.8061, F1: 0.2349, Val Loss: 0.3331
2025-08-05 17:28:39,886: Landmark 1 | Epoch 4/20 | Train Loss: 0.3055 | Val Loss: 0.3569 | Validation AUC: 0.8111 | F1-Score: 0.4417
2025-08-05 17:28:39,886: No improvement in epoch 4. Current best AUC: 0.8061, F1: 0.2349, Val Loss: 0.3331. Epochs without improvement: 1/1
2025-08-05 17:28:39,887: Early stopping triggered at epoch 4. Best AUC: 0.8061, F1: 0.2349, Val Loss: 0.3331
2025-08-05 17:28:40,123: Tempo impiegato per Landmark 1: 549.9 secondi
2025-08-05 17:28:40,123: Tempo medio per epoca: 137.5 secondi
2025-08-05 17:28:40,125: Loading best model from /cluster/work/projects/ec12/michechi/cache/best/best_model_Charangan_MedBERT_9550_landmark1_no_3_512_last_visit_all_landmarks_True_20250805_171931_.pt for final evaluation on test set
2025-08-05 17:28:51,389: Final Test AUC (Landmark 1): 0.8075 | Test F1-Score: 0.2830
2025-08-05 17:28:51,389: Preparing data for Landmark 2
Using device: cuda
Some weights of BertForSequenceClassification were not initialized from the model checkpoint at Charangan/MedBERT and are newly initialized: ['classifier.bias', 'classifier.weight']
You should probably TRAIN this model on a down-stream task to be able to use it for predictions and inference.
2025-08-05 17:28:55,938: Average train text length: 554.03 words
2025-08-05 17:28:55,939: Average validation text length: 557.59 words
2025-08-05 17:28:55,939: Average test text length: 549.55 words
2025-08-05 17:28:55,939: Training on 14472 samples, validating on 1608, testing on 4020 samples
2025-08-05 17:29:35,570: Fine-tuning at Landmark 2
2025-08-05 17:29:35,575: Early stopping criterion: loss
2025-08-05 17:31:50,132: Landmark 2 | Epoch 1/20 | Train Loss: 0.3681 | Val Loss: 0.3300 | Validation AUC: 0.8547 | F1-Score: 0.4750
2025-08-05 17:31:50,439: New best model saved at /cluster/work/projects/ec12/michechi/cache/best/best_model_Charangan_MedBERT_9550_landmark2_no_3_512_last_visit_all_landmarks_True_20250805_172935_.pt with AUC: 0.8547, F1: 0.4750, Val Loss: 0.3300
2025-08-05 17:34:05,225: Landmark 2 | Epoch 2/20 | Train Loss: 0.3173 | Val Loss: 0.3004 | Validation AUC: 0.8655 | F1-Score: 0.5161
2025-08-05 17:34:05,528: New best model saved at /cluster/work/projects/ec12/michechi/cache/best/best_model_Charangan_MedBERT_9550_landmark2_no_3_512_last_visit_all_landmarks_True_20250805_172935_.pt with AUC: 0.8655, F1: 0.5161, Val Loss: 0.3004
2025-08-05 17:36:20,213: Landmark 2 | Epoch 3/20 | Train Loss: 0.2949 | Val Loss: 0.3086 | Validation AUC: 0.8596 | F1-Score: 0.5026
2025-08-05 17:36:20,213: No improvement in epoch 3. Current best AUC: 0.8655, F1: 0.5161, Val Loss: 0.3004. Epochs without improvement: 1/1
2025-08-05 17:36:20,213: Early stopping triggered at epoch 3. Best AUC: 0.8655, F1: 0.5161, Val Loss: 0.3004
2025-08-05 17:36:20,453: Tempo impiegato per Landmark 2: 404.9 secondi
2025-08-05 17:36:20,453: Tempo medio per epoca: 135.0 secondi
2025-08-05 17:36:20,455: Loading best model from /cluster/work/projects/ec12/michechi/cache/best/best_model_Charangan_MedBERT_9550_landmark2_no_3_512_last_visit_all_landmarks_True_20250805_172935_.pt for final evaluation on test set
2025-08-05 17:36:31,115: Final Test AUC (Landmark 2): 0.8560 | Test F1-Score: 0.4897
2025-08-05 17:36:31,116: Preparing data for Landmark 3
Using device: cuda
Some weights of BertForSequenceClassification were not initialized from the model checkpoint at Charangan/MedBERT and are newly initialized: ['classifier.bias', 'classifier.weight']
You should probably TRAIN this model on a down-stream task to be able to use it for predictions and inference.
2025-08-05 17:36:36,550: Average train text length: 774.30 words
2025-08-05 17:36:36,550: Average validation text length: 770.48 words
2025-08-05 17:36:36,550: Average test text length: 771.71 words
2025-08-05 17:36:36,550: Training on 14472 samples, validating on 1608, testing on 4020 samples
2025-08-05 17:37:31,543: Fine-tuning at Landmark 3
2025-08-05 17:37:31,552: Early stopping criterion: loss
2025-08-05 17:39:43,433: Landmark 3 | Epoch 1/20 | Train Loss: 0.3057 | Val Loss: 0.2333 | Validation AUC: 0.9301 | F1-Score: 0.6765
2025-08-05 17:39:43,763: New best model saved at /cluster/work/projects/ec12/michechi/cache/best/best_model_Charangan_MedBERT_9550_landmark3_no_3_512_last_visit_all_landmarks_True_20250805_173731_.pt with AUC: 0.9301, F1: 0.6765, Val Loss: 0.2333
2025-08-05 17:41:55,861: Landmark 3 | Epoch 2/20 | Train Loss: 0.2279 | Val Loss: 0.2069 | Validation AUC: 0.9414 | F1-Score: 0.6834
2025-08-05 17:41:56,182: New best model saved at /cluster/work/projects/ec12/michechi/cache/best/best_model_Charangan_MedBERT_9550_landmark3_no_3_512_last_visit_all_landmarks_True_20250805_173731_.pt with AUC: 0.9414, F1: 0.6834, Val Loss: 0.2069
2025-08-05 17:44:08,330: Landmark 3 | Epoch 3/20 | Train Loss: 0.2013 | Val Loss: 0.2058 | Validation AUC: 0.9421 | F1-Score: 0.6774
2025-08-05 17:44:08,651: New best model saved at /cluster/work/projects/ec12/michechi/cache/best/best_model_Charangan_MedBERT_9550_landmark3_no_3_512_last_visit_all_landmarks_True_20250805_173731_.pt with AUC: 0.9421, F1: 0.6774, Val Loss: 0.2058
2025-08-05 17:46:20,761: Landmark 3 | Epoch 4/20 | Train Loss: 0.1795 | Val Loss: 0.2073 | Validation AUC: 0.9456 | F1-Score: 0.7094
2025-08-05 17:46:20,762: No improvement in epoch 4. Current best AUC: 0.9421, F1: 0.6774, Val Loss: 0.2058. Epochs without improvement: 1/1
2025-08-05 17:46:20,762: Early stopping triggered at epoch 4. Best AUC: 0.9421, F1: 0.6774, Val Loss: 0.2058
2025-08-05 17:46:21,015: Tempo impiegato per Landmark 3: 529.5 secondi
2025-08-05 17:46:21,016: Tempo medio per epoca: 132.4 secondi
2025-08-05 17:46:21,017: Loading best model from /cluster/work/projects/ec12/michechi/cache/best/best_model_Charangan_MedBERT_9550_landmark3_no_3_512_last_visit_all_landmarks_True_20250805_173731_.pt for final evaluation on test set
2025-08-05 17:46:31,194: Final Test AUC (Landmark 3): 0.9374 | Test F1-Score: 0.7146
2025-08-05 17:46:31,195: Saving results to results_medical_True_Charangan_MedBERT_last_visit_visits3_9550_512_no_20250805_174631.csv
Using device: cuda
   Landmark Val AUC  ... Validation Loss Training Time (s)
0         1  0.8061  ...          0.3331             549.9
1         2  0.8655  ...          0.3004             404.9
2         3  0.9421  ...          0.2058             529.5

[3 rows x 9 columns]

Job 1841283 consumed 9.0 billing hours from project ec12.

Submitted 2025-08-05T17:17:44; waited 23.0 seconds in the queue after becoming eligible to run.

Requested wallclock time: 3.0 hours
Elapsed wallclock time:   28.5 minutes

Job exited normally.

Task and CPU statistics:
ID             CPUs  Tasks  CPU util                Start   Elapsed  Exit status
1841283          16            0.0 %  2025-08-05T17:18:07  1710.0 s  0
1841283.batch    16      1     6.2 %  2025-08-05T17:18:07  1710.0 s  0

Used CPU time:   28.4 CPU minutes
Unused CPU time: 7.1 CPU hours

Memory statistics, in GiB:
ID              Alloc   Usage
1841283          32.0        
1841283.batch    32.0    16.9

GPU usage stats:
Job 1841283 completed at Tue Aug 5 17:46:37 CEST 2025
