Starting job 68736 on gpu-1-76 on Olivia at Tue Dec 23 19:24:05 CET 2025

INFO:    gocryptfs not found, will not be able to use gocryptfs

A module that was compiled using NumPy 1.x cannot be run in
NumPy 2.4.0 as it may crash. To support both 1.x and 2.x
versions of NumPy, modules must be compiled with NumPy 2.0.
Some module may need to rebuild instead e.g. with 'pybind11>=2.12'.

If you are a user of the module, the easiest solution will be to
downgrade to 'numpy<2' or try to upgrade the affected module.
We expect that some modules will need time to support NumPy 2.

Traceback (most recent call last):  File "/cluster/home/michechi/MIMICIV/src/./Finetuning_FOX_time_simulation_tiny.py", line 10, in <module>
    import torch
  File "/usr/local/lib/python3.12/dist-packages/torch/__init__.py", line 2476, in <module>
    from torch import (
  File "/usr/local/lib/python3.12/dist-packages/torch/export/__init__.py", line 67, in <module>
    from .dynamic_shapes import Constraint, Dim, dims, ShapesCollection
  File "/usr/local/lib/python3.12/dist-packages/torch/export/dynamic_shapes.py", line 23, in <module>
    from .exported_program import ExportedProgram
  File "/usr/local/lib/python3.12/dist-packages/torch/export/exported_program.py", line 26, in <module>
    from torch._higher_order_ops.utils import autograd_not_implemented
  File "/usr/local/lib/python3.12/dist-packages/torch/_higher_order_ops/__init__.py", line 1, in <module>
    from torch._higher_order_ops.cond import cond
  File "/usr/local/lib/python3.12/dist-packages/torch/_higher_order_ops/cond.py", line 6, in <module>
    import torch._subclasses.functional_tensor
  File "/usr/local/lib/python3.12/dist-packages/torch/_subclasses/functional_tensor.py", line 45, in <module>
    class FunctionalTensor(torch.Tensor):
  File "/usr/local/lib/python3.12/dist-packages/torch/_subclasses/functional_tensor.py", line 294, in FunctionalTensor
    cpu = _conversion_method_template(device=torch.device("cpu"))
/usr/local/lib/python3.12/dist-packages/torch/_subclasses/functional_tensor.py:294: UserWarning: Failed to initialize NumPy: 
A module that was compiled using NumPy 1.x cannot be run in
NumPy 2.4.0 as it may crash. To support both 1.x and 2.x
versions of NumPy, modules must be compiled with NumPy 2.0.
Some module may need to rebuild instead e.g. with 'pybind11>=2.12'.

If you are a user of the module, the easiest solution will be to
downgrade to 'numpy<2' or try to upgrade the affected module.
We expect that some modules will need time to support NumPy 2.

 (Triggered internally at /opt/pytorch/pytorch/torch/csrc/utils/tensor_numpy.cpp:84.)
  cpu = _conversion_method_template(device=torch.device("cpu"))
Traceback (most recent call last):
  File "/cluster/home/michechi/MIMICIV/src/./Finetuning_FOX_time_simulation_tiny.py", line 14, in <module>
    from transformers import (
  File "/usr/local/lib/python3.12/dist-packages/transformers/utils/import_utils.py", line 2317, in __getattr__
    module = self._get_module(self._class_to_module[name])
             ^^^^^^^^^^^^^^^^^^^^^^^^^^^^^^^^^^^^^^^^^^^^^
  File "/usr/local/lib/python3.12/dist-packages/transformers/utils/import_utils.py", line 2347, in _get_module
    raise e
  File "/usr/local/lib/python3.12/dist-packages/transformers/utils/import_utils.py", line 2345, in _get_module
    return importlib.import_module("." + module_name, self.__name__)
           ^^^^^^^^^^^^^^^^^^^^^^^^^^^^^^^^^^^^^^^^^^^^^^^^^^^^^^^^^
  File "/usr/lib/python3.12/importlib/__init__.py", line 90, in import_module
    return _bootstrap._gcd_import(name[level:], package, level)
           ^^^^^^^^^^^^^^^^^^^^^^^^^^^^^^^^^^^^^^^^^^^^^^^^^^^^
  File "/usr/local/lib/python3.12/dist-packages/transformers/models/auto/tokenization_auto.py", line 40, in <module>
    from .auto_factory import _LazyAutoMapping
  File "/usr/local/lib/python3.12/dist-packages/transformers/models/auto/auto_factory.py", line 43, in <module>
    from ...generation import GenerationMixin
  File "/usr/local/lib/python3.12/dist-packages/transformers/utils/import_utils.py", line 2317, in __getattr__
    module = self._get_module(self._class_to_module[name])
             ^^^^^^^^^^^^^^^^^^^^^^^^^^^^^^^^^^^^^^^^^^^^^
  File "/usr/local/lib/python3.12/dist-packages/transformers/utils/import_utils.py", line 2347, in _get_module
    raise e
  File "/usr/local/lib/python3.12/dist-packages/transformers/utils/import_utils.py", line 2345, in _get_module
    return importlib.import_module("." + module_name, self.__name__)
           ^^^^^^^^^^^^^^^^^^^^^^^^^^^^^^^^^^^^^^^^^^^^^^^^^^^^^^^^^
  File "/usr/lib/python3.12/importlib/__init__.py", line 90, in import_module
    return _bootstrap._gcd_import(name[level:], package, level)
           ^^^^^^^^^^^^^^^^^^^^^^^^^^^^^^^^^^^^^^^^^^^^^^^^^^^^
  File "/usr/local/lib/python3.12/dist-packages/transformers/generation/utils.py", line 43, in <module>
    from ..masking_utils import create_masks_for_generate
  File "/usr/local/lib/python3.12/dist-packages/transformers/masking_utils.py", line 40, in <module>
    from torch._dynamo._trace_wrapped_higher_order_op import TransformGetItemToIndex
ImportError: cannot import name 'TransformGetItemToIndex' from 'torch._dynamo._trace_wrapped_higher_order_op' (/usr/local/lib/python3.12/dist-packages/torch/_dynamo/_trace_wrapped_higher_order_op.py)
srun: error: gpu-1-76: task 0: Exited with exit code 1
srun: Terminating StepId=68736.0

Job 68736 consumed 0.0 billing hours and 0.0 GPU hours from project nn12048k.

Submitted 2025-12-23T19:23:52; waited 13.0 seconds in the queue after becoming eligible to run.

Requested wallclock time: 30.0 minutes
Elapsed wallclock time:   8.0 seconds

Job failed.

Task and CPU statistics:
ID                 CPUs  Tasks  CPU util                Start  Elapsed  Exit status
68736                 1            0.0 %  2025-12-23T19:24:05    8.0 s  1
68736.batch           1      1     3.1 %  2025-12-23T19:24:05    8.0 s  1
68736.singularity     1      1     0.0 %  2025-12-23T19:24:06    7.0 s  1

Used CPU time:   0.2 CPU seconds
Unused CPU time: 7.8 CPU seconds

Memory statistics, in GiB:
ID                  Alloc   Usage
68736                 2.0        
68736.batch           2.0     0.0
68736.singularity     2.0     1.7

Job 68736 completed at Tue Dec 23 19:24:13 CET 2025
