Starting job 1853853 on gpu-9 on fox at Wed Aug 13 16:17:34 CEST 2025

2025-08-13 16:17:59,464: Argument CI: False
2025-08-13 16:17:59,465: Argument all_landmarks: True
2025-08-13 16:17:59,465: Argument batch_size: 8
2025-08-13 16:17:59,465: Argument cache_dir: '/cluster/work/projects/ec12/michechi/cache'
2025-08-13 16:17:59,465: Argument early: 'loss'
2025-08-13 16:17:59,465: Argument epochs: 20
2025-08-13 16:17:59,465: Argument gradient_accumulation_steps: 1
2025-08-13 16:17:59,465: Argument input_csv: '/fp/homes01/u01/ec-michelec/MIMICIV/data/splitted/splitted/landmark_df_evo.csv'
2025-08-13 16:17:59,465: Argument lr: 2e-05
2025-08-13 16:17:59,465: Argument max_length: 2048
2025-08-13 16:17:59,465: Argument max_visits: 4
2025-08-13 16:17:59,466: Argument model_name: 'answerdotai/ModernBERT-large'
2025-08-13 16:17:59,466: Argument model_type: 'general'
2025-08-13 16:17:59,466: Argument patience: 1
2025-08-13 16:17:59,466: Argument peft: False
2025-08-13 16:17:59,466: Argument prompt_type: 'compact_no_time'
2025-08-13 16:17:59,466: Argument seed: 4550
2025-08-13 16:17:59,466: Argument test_csv: '/fp/homes01/u01/ec-michelec/MIMICIV/data/splitted/splitted/landmark_evo_test_dod.csv'
2025-08-13 16:17:59,466: Argument train_csv: '/fp/homes01/u01/ec-michelec/MIMICIV/data/splitted/splitted/landmark_evo_train_dod.csv'
2025-08-13 16:17:59,466: Argument use_quantization: False
2025-08-13 16:17:59,466: Argument val_csv: '/fp/homes01/u01/ec-michelec/MIMICIV/data/splitted/splitted/landmark_evo_vali_dod.csv'
2025-08-13 16:17:59,466: Argument when_counting_death: 'landmark'
2025-08-13 16:17:59,544: Using prompt type: compact_no_time
/fp/homes01/u01/ec-michelec/MIMICIV/src/Finetuning_rfct.py:79: DtypeWarning: Columns (16,17,18,19) have mixed types. Specify dtype option on import or set low_memory=False.
  full_train_df = pd.read_csv(args.train_csv, na_values=['', 'None', 'NaN', 'na', 'nan']).fillna('')
/fp/homes01/u01/ec-michelec/MIMICIV/src/Finetuning_rfct.py:81: DtypeWarning: Columns (16,17,18,19) have mixed types. Specify dtype option on import or set low_memory=False.
  full_test_df = pd.read_csv(args.test_csv, na_values=['', 'None', 'NaN', 'na', 'nan']).fillna('')
2025-08-13 16:18:36,458: Processing all landmarks from 1 to 4
2025-08-13 16:18:36,458: Preparing data for Landmark 1
2025-08-13 16:18:42,425: We will use 90% of the memory on device 0 for storing the model, and 10% for the buffer to avoid OOM. You can set `max_memory` in to a higher value to use more memory (at your own risk).
Some weights of ModernBertForSequenceClassification were not initialized from the model checkpoint at answerdotai/ModernBERT-large and are newly initialized: ['classifier.bias', 'classifier.weight']
You should probably TRAIN this model on a down-stream task to be able to use it for predictions and inference.
2025-08-13 16:18:47,709: Example train text: You are a Doctor.
What is the probability of death in the next 90 days for 43-year-old F patient?
Visit type: EMERGENCY

DIAGNOSIS HISTORY:
Diagnoses: Diverticulitis of colon (without mention of hemorrhage); Acute kidney failure, unspecified; Abscess of intestine; Other postoperative infection; Cellulitis and abscess of trunk; Methicillin susceptible Staphylococcus aureus in conditions classified elsewhere and of unspecified site; Removal of other organ (partial) (total) causing abnormal patient reaction, or later complication, without mention of misadventure at time of operation; Hypovolemia; Nausea with vomiting.
PRESCRIPTIONS HISTORY:
Medications: NS; Potassium Chloride; OxycoDONE (Immediate Release) ; Magnesium Citrate; SW; Magnesium Sulfate; Prochlorperazine; Lorazepam; HYDROmorphone (Dilaudid); Iso-Osmotic Dextrose; Piperacillin-Tazobactam Na; Potassium Chl 20 mEq / 1000 mL D5 1/2 NS; Insulin; LR; Acetaminophen; Ondansetron; Ketorolac; OxycoDONE-Acetaminophen Elixir; Sodium Chloride 0.9%  Flush; Docusate Sodium; Hydrocodone-Acetaminophen; D5W; Clindamycin; Fluticasone Propionate NASAL; Ciprofloxacin; Pantoprazole; Metoclopramide; Calcium Carbonate; Vancomycin; Cephalexin; Heparin; Bupivacaine 0.5%; Promethazine HCl; D5 1/2NS; Hydrocortisone (Rectal) 2.5% Cream; Morphine Sulfate; Escitalopram Oxalate; Maalox/Diphenhydramine/Lidocaine; Nafcillin; HydrOXYzine; MetRONIDAZOLE (FLagyl); Ibuprofen.
PROCEDURES HISTORY:
Procedures: Open and other sigmoidectomy.
2025-08-13 16:18:47,771: Average train text length: 134.15 words
2025-08-13 16:18:47,771: Average validation text length: 138.37 words
2025-08-13 16:18:47,771: Average test text length: 135.44 words
2025-08-13 16:18:47,771: Training on 8040 samples, validating on 894, testing on 2234 samples
2025-08-13 16:18:55,246: Fine-tuning at Landmark 1
2025-08-13 16:18:55,250: Early stopping criterion: loss
/fp/homes01/u01/ec-michelec/ModernBERT/lib64/python3.9/site-packages/networkx/utils/backends.py:135: RuntimeWarning: networkx backend defined more than once: nx-loopback
  backends.update(_get_backends("networkx.backends"))
2025-08-13 16:30:10,636: Landmark 1 | Epoch 1/20 | Train Loss: 0.4480 | Val Loss: 0.0717 | Validation AUC: 0.6386 | F1-Score: 0.0000
2025-08-13 16:30:11,162: New best model saved at /cluster/work/projects/ec12/michechi/cache/best/best_model_answerdotai_ModernBERT-large_4550_landmark1_compact_no_time_4_2048_landmark_all_landmarks_True_20250813_161855_.pt with AUC: 0.6386, F1: 0.0000, Val Loss: 0.0717
2025-08-13 16:41:05,164: Landmark 1 | Epoch 2/20 | Train Loss: 0.0726 | Val Loss: 0.0646 | Validation AUC: 0.6677 | F1-Score: 0.0000
2025-08-13 16:41:05,699: New best model saved at /cluster/work/projects/ec12/michechi/cache/best/best_model_answerdotai_ModernBERT-large_4550_landmark1_compact_no_time_4_2048_landmark_all_landmarks_True_20250813_161855_.pt with AUC: 0.6677, F1: 0.0000, Val Loss: 0.0646
2025-08-13 16:51:59,537: Landmark 1 | Epoch 3/20 | Train Loss: 0.0694 | Val Loss: 0.0642 | Validation AUC: 0.7190 | F1-Score: 0.0000
2025-08-13 16:52:00,059: New best model saved at /cluster/work/projects/ec12/michechi/cache/best/best_model_answerdotai_ModernBERT-large_4550_landmark1_compact_no_time_4_2048_landmark_all_landmarks_True_20250813_161855_.pt with AUC: 0.7190, F1: 0.0000, Val Loss: 0.0642
2025-08-13 17:02:54,498: Landmark 1 | Epoch 4/20 | Train Loss: 0.0696 | Val Loss: 0.0643 | Validation AUC: 0.7321 | F1-Score: 0.0000
2025-08-13 17:02:54,499: No improvement in epoch 4. Current best AUC: 0.7190, F1: 0.0000, Val Loss: 0.0642. Epochs without improvement: 1/1
2025-08-13 17:02:54,499: Early stopping triggered at epoch 4. Best AUC: 0.7190, F1: 0.0000, Val Loss: 0.0642
2025-08-13 17:02:55,214: Tempo impiegato per Landmark 1: 2640.0 secondi
2025-08-13 17:02:55,215: Tempo medio per epoca: 660.0 secondi
2025-08-13 17:02:55,216: Loading best model from /cluster/work/projects/ec12/michechi/cache/best/best_model_answerdotai_ModernBERT-large_4550_landmark1_compact_no_time_4_2048_landmark_all_landmarks_True_20250813_161855_.pt for final evaluation on test set
2025-08-13 17:03:42,648: Final Test AUC (Landmark 1): 0.7412 | Test F1-Score: 0.0000
2025-08-13 17:03:42,649: Preparing data for Landmark 2
2025-08-13 17:03:44,832: We will use 90% of the memory on device 0 for storing the model, and 10% for the buffer to avoid OOM. You can set `max_memory` in to a higher value to use more memory (at your own risk).
Some weights of ModernBertForSequenceClassification were not initialized from the model checkpoint at answerdotai/ModernBERT-large and are newly initialized: ['classifier.bias', 'classifier.weight']
You should probably TRAIN this model on a down-stream task to be able to use it for predictions and inference.
2025-08-13 17:03:54,479: Example train text: You are a Doctor.
What is the probability of death in the next 90 days for 43-year-old F patient?
Visit type: EMERGENCY

DIAGNOSIS HISTORY:
Diagnoses: Esophageal reflux; Diverticulosis of colon (without mention of hemorrhage); Other specified aftercare following surgery.
PRESCRIPTIONS HISTORY:
Medications: LR; Ranitidine; Acetaminophen; Escitalopram Oxalate; Promethazine; Heparin; Ondansetron ODT; Potassium Chl 20 mEq / 1000 mL D5 1/2 NS; Pantoprazole; Sodium Chloride 0.9%  Flush; Fluticasone Propionate NASAL; Ondansetron.
PROCEDURES HISTORY:
Procedures: .
2025-08-13 17:03:54,540: Average train text length: 139.42 words
2025-08-13 17:03:54,540: Average validation text length: 140.03 words
2025-08-13 17:03:54,540: Average test text length: 139.35 words
2025-08-13 17:03:54,540: Training on 8040 samples, validating on 894, testing on 2234 samples
2025-08-13 17:04:03,066: Fine-tuning at Landmark 2
2025-08-13 17:04:03,081: Early stopping criterion: loss
2025-08-13 17:14:54,117: Landmark 2 | Epoch 1/20 | Train Loss: 0.4951 | Val Loss: 0.1497 | Validation AUC: 0.7016 | F1-Score: 0.0000
2025-08-13 17:14:54,693: New best model saved at /cluster/work/projects/ec12/michechi/cache/best/best_model_answerdotai_ModernBERT-large_4550_landmark2_compact_no_time_4_2048_landmark_all_landmarks_True_20250813_170403_.pt with AUC: 0.7016, F1: 0.0000, Val Loss: 0.1497
2025-08-13 17:25:45,697: Landmark 2 | Epoch 2/20 | Train Loss: 0.1714 | Val Loss: 0.1399 | Validation AUC: 0.7207 | F1-Score: 0.0000
2025-08-13 17:25:46,223: New best model saved at /cluster/work/projects/ec12/michechi/cache/best/best_model_answerdotai_ModernBERT-large_4550_landmark2_compact_no_time_4_2048_landmark_all_landmarks_True_20250813_170403_.pt with AUC: 0.7207, F1: 0.0000, Val Loss: 0.1399
2025-08-13 17:36:37,405: Landmark 2 | Epoch 3/20 | Train Loss: 0.1665 | Val Loss: 0.1435 | Validation AUC: 0.7315 | F1-Score: 0.0000
2025-08-13 17:36:37,405: No improvement in epoch 3. Current best AUC: 0.7207, F1: 0.0000, Val Loss: 0.1399. Epochs without improvement: 1/1
2025-08-13 17:36:37,405: Early stopping triggered at epoch 3. Best AUC: 0.7207, F1: 0.0000, Val Loss: 0.1399
2025-08-13 17:36:38,041: Tempo impiegato per Landmark 2: 1955.0 secondi
2025-08-13 17:36:38,042: Tempo medio per epoca: 651.7 secondi
2025-08-13 17:36:38,044: Loading best model from /cluster/work/projects/ec12/michechi/cache/best/best_model_answerdotai_ModernBERT-large_4550_landmark2_compact_no_time_4_2048_landmark_all_landmarks_True_20250813_170403_.pt for final evaluation on test set
2025-08-13 17:37:25,348: Final Test AUC (Landmark 2): 0.7447 | Test F1-Score: 0.0000
2025-08-13 17:37:25,348: Preparing data for Landmark 3
2025-08-13 17:37:27,575: We will use 90% of the memory on device 0 for storing the model, and 10% for the buffer to avoid OOM. You can set `max_memory` in to a higher value to use more memory (at your own risk).
Some weights of ModernBertForSequenceClassification were not initialized from the model checkpoint at answerdotai/ModernBERT-large and are newly initialized: ['classifier.bias', 'classifier.weight']
You should probably TRAIN this model on a down-stream task to be able to use it for predictions and inference.
2025-08-13 17:37:34,401: Example train text: You are a Doctor.
What is the probability of death in the next 90 days for 46-year-old F patient?
Visit type: NORMAL

DIAGNOSIS HISTORY:
Diagnoses: Chest pain, unspecified; Orthostatic hypotension.
PRESCRIPTIONS HISTORY:
Medications: Potassium Chl 20 mEq / 1000 mL D5 1/2 NS; LR; Acetaminophen; Ondansetron; Sodium Chloride 0.9%  Flush; Fluticasone Propionate NASAL; Pantoprazole; Heparin; Escitalopram Oxalate; .
PROCEDURES HISTORY:
Procedures: .
2025-08-13 17:37:34,482: Average train text length: 160.21 words
2025-08-13 17:37:34,482: Average validation text length: 161.16 words
2025-08-13 17:37:34,482: Average test text length: 159.10 words
2025-08-13 17:37:34,482: Training on 8040 samples, validating on 894, testing on 2234 samples
2025-08-13 17:37:43,020: Fine-tuning at Landmark 3
2025-08-13 17:37:43,038: Early stopping criterion: loss
2025-08-13 17:48:33,558: Landmark 3 | Epoch 1/20 | Train Loss: 0.5786 | Val Loss: 0.2818 | Validation AUC: 0.7525 | F1-Score: 0.0000
2025-08-13 17:48:34,090: New best model saved at /cluster/work/projects/ec12/michechi/cache/best/best_model_answerdotai_ModernBERT-large_4550_landmark3_compact_no_time_4_2048_landmark_all_landmarks_True_20250813_173743_.pt with AUC: 0.7525, F1: 0.0000, Val Loss: 0.2818
2025-08-13 17:59:24,687: Landmark 3 | Epoch 2/20 | Train Loss: 0.2805 | Val Loss: 0.2682 | Validation AUC: 0.8310 | F1-Score: 0.0000
2025-08-13 17:59:25,217: New best model saved at /cluster/work/projects/ec12/michechi/cache/best/best_model_answerdotai_ModernBERT-large_4550_landmark3_compact_no_time_4_2048_landmark_all_landmarks_True_20250813_173743_.pt with AUC: 0.8310, F1: 0.0000, Val Loss: 0.2682
2025-08-13 18:10:15,640: Landmark 3 | Epoch 3/20 | Train Loss: 0.2581 | Val Loss: 0.2513 | Validation AUC: 0.8293 | F1-Score: 0.0645
2025-08-13 18:10:16,175: New best model saved at /cluster/work/projects/ec12/michechi/cache/best/best_model_answerdotai_ModernBERT-large_4550_landmark3_compact_no_time_4_2048_landmark_all_landmarks_True_20250813_173743_.pt with AUC: 0.8293, F1: 0.0645, Val Loss: 0.2513
2025-08-13 18:21:06,697: Landmark 3 | Epoch 4/20 | Train Loss: 0.2481 | Val Loss: 0.2415 | Validation AUC: 0.8492 | F1-Score: 0.1053
2025-08-13 18:21:07,235: New best model saved at /cluster/work/projects/ec12/michechi/cache/best/best_model_answerdotai_ModernBERT-large_4550_landmark3_compact_no_time_4_2048_landmark_all_landmarks_True_20250813_173743_.pt with AUC: 0.8492, F1: 0.1053, Val Loss: 0.2415
2025-08-13 18:31:57,213: Landmark 3 | Epoch 5/20 | Train Loss: 0.2385 | Val Loss: 0.2442 | Validation AUC: 0.8438 | F1-Score: 0.1800
2025-08-13 18:31:57,214: No improvement in epoch 5. Current best AUC: 0.8492, F1: 0.1053, Val Loss: 0.2415. Epochs without improvement: 1/1
2025-08-13 18:31:57,214: Early stopping triggered at epoch 5. Best AUC: 0.8492, F1: 0.1053, Val Loss: 0.2415
2025-08-13 18:31:57,772: Tempo impiegato per Landmark 3: 3254.7 secondi
2025-08-13 18:31:57,772: Tempo medio per epoca: 650.9 secondi
2025-08-13 18:31:57,774: Loading best model from /cluster/work/projects/ec12/michechi/cache/best/best_model_answerdotai_ModernBERT-large_4550_landmark3_compact_no_time_4_2048_landmark_all_landmarks_True_20250813_173743_.pt for final evaluation on test set
2025-08-13 18:32:44,936: Final Test AUC (Landmark 3): 0.8230 | Test F1-Score: 0.1217
2025-08-13 18:32:44,936: Preparing data for Landmark 4
2025-08-13 18:32:46,742: We will use 90% of the memory on device 0 for storing the model, and 10% for the buffer to avoid OOM. You can set `max_memory` in to a higher value to use more memory (at your own risk).
Some weights of ModernBertForSequenceClassification were not initialized from the model checkpoint at answerdotai/ModernBERT-large and are newly initialized: ['classifier.bias', 'classifier.weight']
You should probably TRAIN this model on a down-stream task to be able to use it for predictions and inference.
2025-08-13 18:32:51,699: Example train text: You are a Doctor.
What is the probability of death in the next 90 days for 47-year-old F patient?
Visit type: NORMAL

DIAGNOSIS HISTORY:
Diagnoses: Other specified disorders of intestine; Ulceration of intestine; Other and unspecified ovarian cyst; Diverticulosis of colon (without mention of hemorrhage); Intestinal bypass or anastomosis status; Anxiety state, unspecified; Esophageal reflux.
PRESCRIPTIONS HISTORY:
Medications: Potassium Chl 20 mEq / 1000 mL D5 1/2 NS; LR; Acetaminophen; Ondansetron; Sodium Chloride 0.9%  Flush; Fluticasone Propionate NASAL; Pantoprazole; Heparin; Escitalopram Oxalate; Ondansetron ODT; Calcium Carbonate; Senna; Vitamin D; Omeprazole; HYDROmorphone (Dilaudid); Desitin; 0.45% Sodium Chloride; 0.9% Sodium Chloride; Docusate Sodium; Lorazepam; Multivitamins; Influenza Virus Vaccine; Golytely; Neutra-Phos; Fish Oil (Omega 3); Naproxen; Ranitidine; Ketorolac.
PROCEDURES HISTORY:
Procedures: ; Closed [endoscopic] biopsy of large intestine.
2025-08-13 18:32:51,798: Average train text length: 189.71 words
2025-08-13 18:32:51,799: Average validation text length: 190.61 words
2025-08-13 18:32:51,799: Average test text length: 190.21 words
2025-08-13 18:32:51,799: Training on 8040 samples, validating on 894, testing on 2234 samples
2025-08-13 18:33:01,286: Fine-tuning at Landmark 4
2025-08-13 18:33:01,306: Early stopping criterion: loss
2025-08-13 18:43:51,511: Landmark 4 | Epoch 1/20 | Train Loss: 0.6425 | Val Loss: 0.4836 | Validation AUC: 0.7661 | F1-Score: 0.4373
2025-08-13 18:43:52,086: New best model saved at /cluster/work/projects/ec12/michechi/cache/best/best_model_answerdotai_ModernBERT-large_4550_landmark4_compact_no_time_4_2048_landmark_all_landmarks_True_20250813_183301_.pt with AUC: 0.7661, F1: 0.4373, Val Loss: 0.4836
2025-08-13 18:54:41,462: Landmark 4 | Epoch 2/20 | Train Loss: 0.3864 | Val Loss: 0.3397 | Validation AUC: 0.8624 | F1-Score: 0.4291
2025-08-13 18:54:42,015: New best model saved at /cluster/work/projects/ec12/michechi/cache/best/best_model_answerdotai_ModernBERT-large_4550_landmark4_compact_no_time_4_2048_landmark_all_landmarks_True_20250813_183301_.pt with AUC: 0.8624, F1: 0.4291, Val Loss: 0.3397
2025-08-13 19:05:31,960: Landmark 4 | Epoch 3/20 | Train Loss: 0.3457 | Val Loss: 0.3120 | Validation AUC: 0.8903 | F1-Score: 0.4836
2025-08-13 19:05:32,531: New best model saved at /cluster/work/projects/ec12/michechi/cache/best/best_model_answerdotai_ModernBERT-large_4550_landmark4_compact_no_time_4_2048_landmark_all_landmarks_True_20250813_183301_.pt with AUC: 0.8903, F1: 0.4836, Val Loss: 0.3120
2025-08-13 19:16:22,842: Landmark 4 | Epoch 4/20 | Train Loss: 0.3155 | Val Loss: 0.2921 | Validation AUC: 0.9097 | F1-Score: 0.6667
2025-08-13 19:16:23,385: New best model saved at /cluster/work/projects/ec12/michechi/cache/best/best_model_answerdotai_ModernBERT-large_4550_landmark4_compact_no_time_4_2048_landmark_all_landmarks_True_20250813_183301_.pt with AUC: 0.9097, F1: 0.6667, Val Loss: 0.2921
2025-08-13 19:27:13,223: Landmark 4 | Epoch 5/20 | Train Loss: 0.3003 | Val Loss: 0.2745 | Validation AUC: 0.9164 | F1-Score: 0.6601
2025-08-13 19:27:13,771: New best model saved at /cluster/work/projects/ec12/michechi/cache/best/best_model_answerdotai_ModernBERT-large_4550_landmark4_compact_no_time_4_2048_landmark_all_landmarks_True_20250813_183301_.pt with AUC: 0.9164, F1: 0.6601, Val Loss: 0.2745
2025-08-13 19:38:03,897: Landmark 4 | Epoch 6/20 | Train Loss: 0.2879 | Val Loss: 0.3280 | Validation AUC: 0.9201 | F1-Score: 0.6601
2025-08-13 19:38:03,897: No improvement in epoch 6. Current best AUC: 0.9164, F1: 0.6601, Val Loss: 0.2745. Epochs without improvement: 1/1
2025-08-13 19:38:03,897: Early stopping triggered at epoch 6. Best AUC: 0.9164, F1: 0.6601, Val Loss: 0.2745
2025-08-13 19:38:04,345: Tempo impiegato per Landmark 4: 3903.1 secondi
2025-08-13 19:38:04,346: Tempo medio per epoca: 650.5 secondi
2025-08-13 19:38:04,348: Loading best model from /cluster/work/projects/ec12/michechi/cache/best/best_model_answerdotai_ModernBERT-large_4550_landmark4_compact_no_time_4_2048_landmark_all_landmarks_True_20250813_183301_.pt for final evaluation on test set
2025-08-13 19:38:51,463: Final Test AUC (Landmark 4): 0.8993 | Test F1-Score: 0.6039
2025-08-13 19:38:51,464: Saving results to results_general_True_answerdotai_ModernBERT-large_landmark_visits4_4550_2048_compact_no_time_20250813_193851.csv
Using device: cuda
Using device: cuda
Using device: cuda
Using device: cuda
   Landmark Val AUC  ... Validation Loss Training Time (s)
0         1  0.7190  ...          0.0642            2640.0
1         2  0.7207  ...          0.1399            1955.0
2         3  0.8492  ...          0.2415            3254.7
3         4  0.9164  ...          0.2745            3903.1

[4 rows x 9 columns]

Job 1853853 consumed 63.8 billing hours from project ec12.

Submitted 2025-08-13T16:17:14; waited 20.0 seconds in the queue after becoming eligible to run.

Requested wallclock time: 10.0 hours
Elapsed wallclock time:   3.4 hours

Job exited normally.

Task and CPU statistics:
ID             CPUs  Tasks  CPU util                Start  Elapsed  Exit status
1853853          16            0.0 %  2025-08-13T16:17:34    3.4 h  0
1853853.batch    16      1     7.7 %  2025-08-13T16:17:34    3.4 h  0

Used CPU time:   4.1 CPU hours
Unused CPU time: 2.1 CPU days

Memory statistics, in GiB:
ID              Alloc   Usage
1853853          32.0        
1853853.batch    32.0    14.8

GPU usage stats:
Job 1853853 completed at Wed Aug 13 19:38:57 CEST 2025
