Starting job 2051096 on gpu-13 on Fox at Sat Oct 18 11:39:27 CEST 2025


[notice] A new release of pip is available: 23.3.2 -> 25.2
[notice] To update, run: pip install --upgrade pip

Using device: cuda

============================================================
Loading Data...
============================================================
Loading data from:
  X: /fp/homes01/u01/ec-michelec/MIMICIV/data/simulation/X_train_5.csv
  y: /fp/homes01/u01/ec-michelec/MIMICIV/data/simulation/y_train_5.csv
  Shape X: (400000, 1), Shape y: (400000, 1)
  Columns X: ['Sequences']
  Columns y: ['Outcome']
  Loaded 400000 sequences
  Label distribution: 0=224381, 1=175619
  Example sequence: RXYZARQOOEXXCBWWQBJR...
Loading data from:
  X: /fp/homes01/u01/ec-michelec/MIMICIV/data/simulation/X_val_5.csv
  y: /fp/homes01/u01/ec-michelec/MIMICIV/data/simulation/y_val_5.csv
  Shape X: (50000, 1), Shape y: (50000, 1)
  Columns X: ['Sequences']
  Columns y: ['Outcome']
  Loaded 50000 sequences
  Label distribution: 0=28106, 1=21894
  Example sequence: QEEKVERZXACMFSMMWLZH...
Loading data from:
  X: /fp/homes01/u01/ec-michelec/MIMICIV/data/simulation/X_test_5.csv
  y: /fp/homes01/u01/ec-michelec/MIMICIV/data/simulation/y_test_5.csv
  Shape X: (50000, 1), Shape y: (50000, 1)
  Columns X: ['Sequences']
  Columns y: ['Outcome']
  Loaded 50000 sequences
  Label distribution: 0=28021, 1=21979
  Example sequence: RAEYYMMUCMHWDBQKQPPP...

============================================================
Creating Datasets...
============================================================
Auto-detected max_seq_len: 20
  Created vocabulary with 28 tokens
  Sample tokens: ['<PAD>', '<UNK>', 'A', 'B', 'C', 'D', 'E', 'F', 'G', 'H']

============================================================
Initializing Model: gru
============================================================
Total parameters: 175,489
Trainable parameters: 175,489

============================================================
Starting Training...
============================================================
Epoch 1/20 (38.2s) - Train: Loss=0.6545, AUC=0.6433 - Val: Loss=0.6447, AUC=0.6601, Acc=0.6484
 New best model! Val AUC: 0.6601
Epoch 2/20 (34.3s) - Train: Loss=0.6372, AUC=0.6711 - Val: Loss=0.6309, AUC=0.6765, Acc=0.6726
 New best model! Val AUC: 0.6765
Epoch 3/20 (36.1s) - Train: Loss=0.6324, AUC=0.6756 - Val: Loss=0.6297, AUC=0.6761, Acc=0.6721
 New best model! Val AUC: 0.6761
Epoch 4/20 (34.5s) - Train: Loss=0.6306, AUC=0.6777 - Val: Loss=0.6281, AUC=0.6783, Acc=0.6751
 New best model! Val AUC: 0.6783
Epoch 5/20 (33.9s) - Train: Loss=0.6289, AUC=0.6791 - Val: Loss=0.6281, AUC=0.6774, Acc=0.6794
 New best model! Val AUC: 0.6774
Epoch 6/20 (33.3s) - Train: Loss=0.6290, AUC=0.6791 - Val: Loss=0.6265, AUC=0.6805, Acc=0.6774
 New best model! Val AUC: 0.6805
Epoch 7/20 (34.6s) - Train: Loss=0.6285, AUC=0.6790 - Val: Loss=0.6252, AUC=0.6798, Acc=0.6793
 New best model! Val AUC: 0.6798
Epoch 8/20 (33.9s) - Train: Loss=0.6288, AUC=0.6786 - Val: Loss=0.6257, AUC=0.6788, Acc=0.6792
 New best model! Val AUC: 0.6788
Epoch 9/20 (34.7s) - Train: Loss=0.6287, AUC=0.6786 - Val: Loss=0.6258, AUC=0.6795, Acc=0.6827
 New best model! Val AUC: 0.6795
Epoch 10/20 (35.2s) - Train: Loss=0.6294, AUC=0.6777 - Val: Loss=0.6264, AUC=0.6809, Acc=0.6817
 New best model! Val AUC: 0.6809
Epoch 11/20 (35.2s) - Train: Loss=0.6321, AUC=0.6767 - Val: Loss=0.6290, AUC=0.6774, Acc=0.6786
 New best model! Val AUC: 0.6774
Epoch 12/20 (34.6s) - Train: Loss=0.6302, AUC=0.6783 - Val: Loss=0.6269, AUC=0.6777, Acc=0.6778
 New best model! Val AUC: 0.6777
Epoch 13/20 (34.9s) - Train: Loss=0.6332, AUC=0.6745 - Val: Loss=0.6270, AUC=0.6784, Acc=0.6798
 New best model! Val AUC: 0.6784
Epoch 14/20 (34.6s) - Train: Loss=0.6324, AUC=0.6759 - Val: Loss=0.6271, AUC=0.6791, Acc=0.6784
 New best model! Val AUC: 0.6791
Epoch 15/20 (34.2s) - Train: Loss=0.6324, AUC=0.6761 - Val: Loss=0.6279, AUC=0.6781, Acc=0.6780
 New best model! Val AUC: 0.6781
Epoch 16/20 (34.1s) - Train: Loss=0.6328, AUC=0.6754 - Val: Loss=0.6290, AUC=0.6780, Acc=0.6737
 New best model! Val AUC: 0.6780
Epoch 17/20 (33.8s) - Train: Loss=0.6335, AUC=0.6750 - Val: Loss=0.6358, AUC=0.6699, Acc=0.6612
 New best model! Val AUC: 0.6699
Epoch 18/20 (33.7s) - Train: Loss=0.6381, AUC=0.6692 - Val: Loss=0.6354, AUC=0.6717, Acc=0.6640
 New best model! Val AUC: 0.6717
Epoch 19/20 (34.4s) - Train: Loss=0.6393, AUC=0.6681 - Val: Loss=0.6331, AUC=0.6728, Acc=0.6704
 New best model! Val AUC: 0.6728
Epoch 20/20 (35.8s) - Train: Loss=0.6405, AUC=0.6668 - Val: Loss=0.6398, AUC=0.6675, Acc=0.6623
 New best model! Val AUC: 0.6675

============================================================
Final Test Evaluation...
============================================================

Test Results:
  Loss: 0.6379
  AUC: 0.6716
  Accuracy: 0.6630
  F1: 0.5647

Classification Report:
              precision    recall  f1-score   support

         0.0       0.67      0.79      0.73     28021
         1.0       0.65      0.50      0.56     21979

    accuracy                           0.66     50000
   macro avg       0.66      0.65      0.64     50000
weighted avg       0.66      0.66      0.65     50000


============================================================
Training completed! Final test AUC: 0.6716
============================================================

Job 2051096 consumed 4.2 billing hours from project ec12.

Submitted 2025-10-18T11:39:09; waited 18.0 seconds in the queue after becoming eligible to run.

Requested wallclock time: 10.0 hours
Elapsed wallclock time:   13.2 minutes

Job exited normally.

Task and CPU statistics:
ID             CPUs  Tasks  CPU util                Start  Elapsed  Exit status
2051096          16            0.0 %  2025-10-18T11:39:27  793.0 s  0
2051096.batch    16      1     9.3 %  2025-10-18T11:39:27  793.0 s  0

Used CPU time:   19.6 CPU minutes
Unused CPU time: 3.2 CPU hours

Memory statistics, in GiB:
ID              Alloc   Usage
2051096          32.0        
2051096.batch    32.0     1.3

Job 2051096 completed at Sat Oct 18 11:52:40 CEST 2025
