Starting job 1835939 on gpu-8 on fox at Tue Jul 29 12:32:24 CEST 2025

2025-07-29 12:32:45,272: Argument CI: False
2025-07-29 12:32:45,273: Argument all_landmarks: True
2025-07-29 12:32:45,273: Argument batch_size: 8
2025-07-29 12:32:45,273: Argument cache_dir: '/cluster/work/projects/ec12/michechi/cache'
2025-07-29 12:32:45,273: Argument early: 'loss'
2025-07-29 12:32:45,273: Argument epochs: 20
2025-07-29 12:32:45,273: Argument gradient_accumulation_steps: 1
2025-07-29 12:32:45,273: Argument input_csv: '/fp/homes01/u01/ec-michelec/MIMICIV/data/splitted/splitted/landmark_df_evo.csv'
2025-07-29 12:32:45,273: Argument lr: 2e-05
2025-07-29 12:32:45,273: Argument max_length: 512
2025-07-29 12:32:45,273: Argument max_visits: 3
2025-07-29 12:32:45,273: Argument model_name: 'Charangan/MedBERT'
2025-07-29 12:32:45,273: Argument model_type: 'medical'
2025-07-29 12:32:45,273: Argument patience: 1
2025-07-29 12:32:45,273: Argument peft: False
2025-07-29 12:32:45,273: Argument prompt_type: 'compact'
2025-07-29 12:32:45,273: Argument seed: 9550
2025-07-29 12:32:45,273: Argument test_csv: '/fp/homes01/u01/ec-michelec/MIMICIV/data/splitted/splitted/landmark_evo_test.csv'
2025-07-29 12:32:45,274: Argument train_csv: '/fp/homes01/u01/ec-michelec/MIMICIV/data/splitted/splitted/landmark_evo_train.csv'
2025-07-29 12:32:45,274: Argument use_quantization: False
2025-07-29 12:32:45,274: Argument val_csv: '/fp/homes01/u01/ec-michelec/MIMICIV/data/splitted/splitted/landmark_evo_vali.csv'
2025-07-29 12:32:45,291: Using prompt type: compact
/fp/homes01/u01/ec-michelec/MIMICIV/src/Finetuning_rfct.py:77: DtypeWarning: Columns (16,17,18,19) have mixed types. Specify dtype option on import or set low_memory=False.
  full_train_df = pd.read_csv(args.train_csv, na_values=['', 'None', 'NaN', 'na', 'nan']).fillna('')
/fp/homes01/u01/ec-michelec/MIMICIV/src/Finetuning_rfct.py:79: DtypeWarning: Columns (16,17,18,19) have mixed types. Specify dtype option on import or set low_memory=False.
  full_test_df = pd.read_csv(args.test_csv, na_values=['', 'None', 'NaN', 'na', 'nan']).fillna('')
2025-07-29 12:33:23,079: Processing all landmarks from 1 to 3
2025-07-29 12:33:23,080: Preparing data for Landmark 1
Could not set the permissions on the file '/cluster/work/projects/ec12/michechi/cache/models--Charangan--MedBERT/blobs/ad1db983cb2c81b61c33614285f8189f4e931b8e.incomplete'. Error: [Errno 2] No such file or directory: '/cluster/work/projects/ec12/michechi/cache/models--Charangan--MedBERT/blobs/ad1db983cb2c81b61c33614285f8189f4e931b8e.incomplete'.
Continuing without setting permissions.
2025-07-29 12:33:23,328: Could not set the permissions on the file '/cluster/work/projects/ec12/michechi/cache/models--Charangan--MedBERT/blobs/ad1db983cb2c81b61c33614285f8189f4e931b8e.incomplete'. Error: [Errno 2] No such file or directory: '/cluster/work/projects/ec12/michechi/cache/models--Charangan--MedBERT/blobs/ad1db983cb2c81b61c33614285f8189f4e931b8e.incomplete'.
Continuing without setting permissions.
Traceback (most recent call last):
  File "/cluster/software/EL9/easybuild/software/Python/3.10.8-GCCcore-12.2.0/lib/python3.10/shutil.py", line 815, in move
    os.rename(src, real_dst)
FileNotFoundError: [Errno 2] No such file or directory: '/cluster/work/projects/ec12/michechi/cache/models--Charangan--MedBERT/blobs/ad1db983cb2c81b61c33614285f8189f4e931b8e.incomplete' -> '/cluster/work/projects/ec12/michechi/cache/models--Charangan--MedBERT/blobs/ad1db983cb2c81b61c33614285f8189f4e931b8e'

During handling of the above exception, another exception occurred:

Traceback (most recent call last):
  File "/fp/projects01/ec30/software/easybuild/software/nlpl-huggingface-hub/0.27.1-foss-2022b-Python-3.10.8/lib/python3.10/site-packages/huggingface_hub/file_download.py", line 1606, in _copy_no_matter_what
    shutil.copy2(src, dst)
  File "/cluster/software/EL9/easybuild/software/Python/3.10.8-GCCcore-12.2.0/lib/python3.10/shutil.py", line 434, in copy2
    copyfile(src, dst, follow_symlinks=follow_symlinks)
  File "/cluster/software/EL9/easybuild/software/Python/3.10.8-GCCcore-12.2.0/lib/python3.10/shutil.py", line 254, in copyfile
    with open(src, 'rb') as fsrc:
FileNotFoundError: [Errno 2] No such file or directory: '/cluster/work/projects/ec12/michechi/cache/models--Charangan--MedBERT/blobs/ad1db983cb2c81b61c33614285f8189f4e931b8e.incomplete'

During handling of the above exception, another exception occurred:

Traceback (most recent call last):
  File "/fp/homes01/u01/ec-michelec/MIMICIV/src/Finetuning_rfct.py", line 221, in <module>
    main()
  File "/fp/homes01/u01/ec-michelec/MIMICIV/src/Finetuning_rfct.py", line 124, in main
    tokenizer = load_tokenizer(args.model_name, args.model_type, hf_token, args.cache_dir)    
  File "/fp/homes01/u01/ec-michelec/MIMICIV/src/models_training.py", line 19, in load_tokenizer
    tokenizer = AutoTokenizer.from_pretrained(
  File "/fp/projects01/ec30/software/easybuild/software/nlpl-transformers/4.47.1-foss-2022b-Python-3.10.8/lib/python3.10/site-packages/transformers/models/auto/tokenization_auto.py", line 858, in from_pretrained
    tokenizer_config = get_tokenizer_config(pretrained_model_name_or_path, **kwargs)
  File "/fp/projects01/ec30/software/easybuild/software/nlpl-transformers/4.47.1-foss-2022b-Python-3.10.8/lib/python3.10/site-packages/transformers/models/auto/tokenization_auto.py", line 690, in get_tokenizer_config
    resolved_config_file = cached_file(
  File "/fp/projects01/ec30/software/easybuild/software/nlpl-transformers/4.47.1-foss-2022b-Python-3.10.8/lib/python3.10/site-packages/transformers/utils/hub.py", line 403, in cached_file
    resolved_file = hf_hub_download(
  File "/fp/projects01/ec30/software/easybuild/software/nlpl-huggingface-hub/0.27.1-foss-2022b-Python-3.10.8/lib/python3.10/site-packages/huggingface_hub/utils/_validators.py", line 114, in _inner_fn
    return fn(*args, **kwargs)
  File "/fp/projects01/ec30/software/easybuild/software/nlpl-huggingface-hub/0.27.1-foss-2022b-Python-3.10.8/lib/python3.10/site-packages/huggingface_hub/file_download.py", line 860, in hf_hub_download
    return _hf_hub_download_to_cache_dir(
  File "/fp/projects01/ec30/software/easybuild/software/nlpl-huggingface-hub/0.27.1-foss-2022b-Python-3.10.8/lib/python3.10/site-packages/huggingface_hub/file_download.py", line 1009, in _hf_hub_download_to_cache_dir
    _download_to_tmp_and_move(
  File "/fp/projects01/ec30/software/easybuild/software/nlpl-huggingface-hub/0.27.1-foss-2022b-Python-3.10.8/lib/python3.10/site-packages/huggingface_hub/file_download.py", line 1553, in _download_to_tmp_and_move
    _chmod_and_move(incomplete_path, destination_path)
  File "/fp/projects01/ec30/software/easybuild/software/nlpl-huggingface-hub/0.27.1-foss-2022b-Python-3.10.8/lib/python3.10/site-packages/huggingface_hub/file_download.py", line 1595, in _chmod_and_move
    shutil.move(str(src), str(dst), copy_function=_copy_no_matter_what)
  File "/cluster/software/EL9/easybuild/software/Python/3.10.8-GCCcore-12.2.0/lib/python3.10/shutil.py", line 835, in move
    copy_function(src, real_dst)
  File "/fp/projects01/ec30/software/easybuild/software/nlpl-huggingface-hub/0.27.1-foss-2022b-Python-3.10.8/lib/python3.10/site-packages/huggingface_hub/file_download.py", line 1609, in _copy_no_matter_what
    shutil.copyfile(src, dst)
  File "/cluster/software/EL9/easybuild/software/Python/3.10.8-GCCcore-12.2.0/lib/python3.10/shutil.py", line 254, in copyfile
    with open(src, 'rb') as fsrc:
FileNotFoundError: [Errno 2] No such file or directory: '/cluster/work/projects/ec12/michechi/cache/models--Charangan--MedBERT/blobs/ad1db983cb2c81b61c33614285f8189f4e931b8e.incomplete'

Job 1835939 consumed 0.3 billing hours from project ec12.

Submitted 2025-07-29T12:31:54; waited 30.0 seconds in the queue after becoming eligible to run.

Requested wallclock time: 24.0 hours
Elapsed wallclock time:   1.0 minutes

Job failed.

Task and CPU statistics:
ID             CPUs  Tasks  CPU util                Start  Elapsed  Exit status
1835939          16            0.0 %  2025-07-29T12:32:24   61.0 s  1
1835939.batch    16      1     5.3 %  2025-07-29T12:32:24   61.0 s  1

Used CPU time:   52.0 CPU seconds
Unused CPU time: 15.4 CPU minutes

Memory statistics, in GiB:
ID              Alloc   Usage
1835939          32.0        
1835939.batch    32.0     1.8

GPU usage stats:
Job 1835939 completed at Tue Jul 29 12:33:26 CEST 2025
