Starting job 1690492 on gpu-9 on fox at Fri Jun 13 09:12:32 CEST 2025

2025-06-13 09:13:05,284: Argument batch_size: 8
2025-06-13 09:13:05,284: Argument cache_dir: '/cluster/work/projects/ec403/ec-michechi/Project_M'
2025-06-13 09:13:05,284: Argument early: 'loss'
2025-06-13 09:13:05,284: Argument epochs: 20
2025-06-13 09:13:05,284: Argument input_csv: '/cluster/work/projects/ec403/ec-michechi/Project_M/data/landmark_df_evo.csv'
2025-06-13 09:13:05,284: Argument lr: 2e-05
2025-06-13 09:13:05,285: Argument max_length: 512
2025-06-13 09:13:05,285: Argument max_visits: 1
2025-06-13 09:13:05,285: Argument model_name: 'emilyalsentzer/Bio_ClinicalBERT'
2025-06-13 09:13:05,285: Argument model_type: 'medbert'
2025-06-13 09:13:05,285: Argument patience: 3
2025-06-13 09:13:05,285: Argument peft: False
2025-06-13 09:13:05,285: Argument prompt_type: 'naive'
2025-06-13 09:13:05,285: Argument seed: 9550
2025-06-13 09:13:05,285: Argument test_csv: '/cluster/work/projects/ec403/ec-michechi/Project_M/data/landmark_evo_test.csv'
2025-06-13 09:13:05,285: Argument train_csv: '/cluster/work/projects/ec403/ec-michechi/Project_M/data/landmark_evo_train.csv'
2025-06-13 09:13:05,285: Argument val_csv: '/cluster/work/projects/ec403/ec-michechi/Project_M/data/landmark_evo_vali.csv'
/fp/projects01/ec30/software/easybuild/software/nlpl-pytorch/2.1.2-foss-2022b-cuda-12.0.0-Python-3.10.8/lib/python3.10/site-packages/torch/_utils.py:831: UserWarning: TypedStorage is deprecated. It will be removed in the future and UntypedStorage will be the only storage class. This should only matter to you if you are using storages directly.  To access UntypedStorage directly, use tensor.untyped_storage() instead of tensor.storage()
  return self.fget.__get__(instance, owner)()
Some weights of BertForSequenceClassification were not initialized from the model checkpoint at emilyalsentzer/Bio_ClinicalBERT and are newly initialized: ['classifier.bias', 'classifier.weight']
You should probably TRAIN this model on a down-stream task to be able to use it for predictions and inference.
2025-06-13 09:13:08,879: Using prompt type: naive
2025-06-13 09:13:08,879: Model type: medbert, Model name: emilyalsentzer/Bio_ClinicalBERT
/fp/homes01/u01/ec-michechi/Project_M/MIMICIV/src/Finetuning.py:398: DtypeWarning: Columns (16,17,18,19) have mixed types. Specify dtype option on import or set low_memory=False.
  full_train_df = pd.read_csv(args.train_csv, na_values=['', 'None', 'NaN', 'na', 'nan']).fillna('')
2025-06-13 09:13:45,451: Preparing data for Landmark 1
2025-06-13 09:13:52,433: Average train text length: 439.83 words
2025-06-13 09:13:52,435: Average validation text length: 445.46 words
2025-06-13 09:13:52,435: Average test text length: 441.73 words
2025-06-13 09:13:52,435: Training on 88767 samples, validating on 9864, testing on 24658 samples
2025-06-13 09:17:05,285: Fine-tuning at Landmark 1
2025-06-13 09:17:05,947: Early stopping criterion: loss
2025-06-13 09:48:39,740: Landmark 1 | Epoch 1/20 | Train Loss: 0.1489 | Val Loss: 0.1227 | Validation AUC: 0.9664 | F1-Score: 0.6828
2025-06-13 10:20:14,420: Landmark 1 | Epoch 2/20 | Train Loss: 0.1142 | Val Loss: 0.1055 | Validation AUC: 0.9691 | F1-Score: 0.7314
2025-06-13 10:51:48,187: Landmark 1 | Epoch 3/20 | Train Loss: 0.1092 | Val Loss: 0.1259 | Validation AUC: 0.9650 | F1-Score: 0.7409
2025-06-13 11:23:21,832: Landmark 1 | Epoch 4/20 | Train Loss: 0.1000 | Val Loss: 0.1031 | Validation AUC: 0.9682 | F1-Score: 0.7394
2025-06-13 11:54:55,068: Landmark 1 | Epoch 5/20 | Train Loss: 0.0950 | Val Loss: 0.1067 | Validation AUC: 0.9679 | F1-Score: 0.7464
2025-06-13 12:26:28,056: Landmark 1 | Epoch 6/20 | Train Loss: 0.0892 | Val Loss: 0.1101 | Validation AUC: 0.9665 | F1-Score: 0.7503
2025-06-13 12:57:59,873: Landmark 1 | Epoch 7/20 | Train Loss: 0.0819 | Val Loss: 0.1071 | Validation AUC: 0.9620 | F1-Score: 0.7630
2025-06-13 12:57:59,874: Early stopping triggered at epoch 7
2025-06-13 12:58:01,000: Tempo impiegato per Landmark 1: 13255.7 secondi
2025-06-13 12:58:01,005: Tempo medio per epoca: 1893.7 secondi
2025-06-13 13:00:50,649: Final Test AUC (Landmark 1): 0.9688 | Test F1-Score: 0.7330
2025-06-13 13:00:50,680: Saving results to results_medbert_emilyalsentzer_Bio_ClinicalBERT_visits1_20250613_130050.csv
   Landmark Val AUC  ... Validation Loss Training Time (s)
0         1  0.9682  ...          0.1031           13255.7

[1 rows x 9 columns]

Job 1690492 consumed 72.4 billing hours from project ec403.

Submitted 2025-06-13T09:12:31; waited 0.0 seconds in the queue after becoming eligible to run.

Requested wallclock time: 24.0 hours
Elapsed wallclock time:   3.8 hours

Job exited normally.

Task and CPU statistics:
ID             CPUs  Tasks  CPU util                Start  Elapsed  Exit status
1690492          16            0.0 %  2025-06-13T09:12:31    3.8 h  0
1690492.batch    16      1     6.2 %  2025-06-13T09:12:31    3.8 h  0

Used CPU time:   3.8 CPU hours
Unused CPU time: 2.4 CPU days

Memory statistics, in GiB:
ID              Alloc   Usage
1690492          32.0        
1690492.batch    32.0    26.6

GPU usage stats:
Job 1690492 completed at Fri Jun 13 13:01:04 CEST 2025
