Starting job 1838383 on gpu-2 on fox at Fri Aug 1 17:21:57 CEST 2025

2025-08-01 17:22:25,993: Argument CI: False
2025-08-01 17:22:25,993: Argument all_landmarks: True
2025-08-01 17:22:25,994: Argument batch_size: 8
2025-08-01 17:22:25,994: Argument cache_dir: '/cluster/work/projects/ec12/michechi/cache'
2025-08-01 17:22:25,994: Argument early: 'loss'
2025-08-01 17:22:25,994: Argument epochs: 20
2025-08-01 17:22:25,994: Argument gradient_accumulation_steps: 1
2025-08-01 17:22:25,994: Argument input_csv: '/fp/homes01/u01/ec-michelec/MIMICIV/data/splitted/splitted/landmark_df_evo.csv'
2025-08-01 17:22:25,994: Argument lr: 2e-05
2025-08-01 17:22:25,994: Argument max_length: 512
2025-08-01 17:22:25,994: Argument max_visits: 3
2025-08-01 17:22:25,994: Argument model_name: 'emilyalsentzer/Bio_ClinicalBERT'
2025-08-01 17:22:25,994: Argument model_type: 'medical'
2025-08-01 17:22:25,994: Argument patience: 1
2025-08-01 17:22:25,994: Argument peft: False
2025-08-01 17:22:25,994: Argument prompt_type: 'compact_no_time_rnd'
2025-08-01 17:22:25,994: Argument seed: 5550
2025-08-01 17:22:25,994: Argument test_csv: '/fp/homes01/u01/ec-michelec/MIMICIV/data/splitted/splitted/landmark_evo_test_dod.csv'
2025-08-01 17:22:25,994: Argument train_csv: '/fp/homes01/u01/ec-michelec/MIMICIV/data/splitted/splitted/landmark_evo_train_dod.csv'
2025-08-01 17:22:25,994: Argument use_quantization: False
2025-08-01 17:22:25,994: Argument val_csv: '/fp/homes01/u01/ec-michelec/MIMICIV/data/splitted/splitted/landmark_evo_vali_dod.csv'
2025-08-01 17:22:25,994: Argument when_counting_death: 'landmark'
2025-08-01 17:22:26,012: Using prompt type: compact_no_time_rnd
/fp/homes01/u01/ec-michelec/MIMICIV/src/Finetuning_rfct.py:79: DtypeWarning: Columns (16,17,18,19) have mixed types. Specify dtype option on import or set low_memory=False.
  full_train_df = pd.read_csv(args.train_csv, na_values=['', 'None', 'NaN', 'na', 'nan']).fillna('')
/fp/homes01/u01/ec-michelec/MIMICIV/src/Finetuning_rfct.py:81: DtypeWarning: Columns (16,17,18,19) have mixed types. Specify dtype option on import or set low_memory=False.
  full_test_df = pd.read_csv(args.test_csv, na_values=['', 'None', 'NaN', 'na', 'nan']).fillna('')
2025-08-01 17:23:03,371: Processing all landmarks from 1 to 3
2025-08-01 17:23:03,371: Preparing data for Landmark 1
/fp/projects01/ec30/software/easybuild/software/nlpl-pytorch/2.1.2-foss-2022b-cuda-12.0.0-Python-3.10.8/lib/python3.10/site-packages/torch/_utils.py:831: UserWarning: TypedStorage is deprecated. It will be removed in the future and UntypedStorage will be the only storage class. This should only matter to you if you are using storages directly.  To access UntypedStorage directly, use tensor.untyped_storage() instead of tensor.storage()
  return self.fget.__get__(instance, owner)()
Some weights of BertForSequenceClassification were not initialized from the model checkpoint at emilyalsentzer/Bio_ClinicalBERT and are newly initialized: ['classifier.bias', 'classifier.weight']
You should probably TRAIN this model on a down-stream task to be able to use it for predictions and inference.
2025-08-01 17:23:09,985: Average train text length: 133.90 words
2025-08-01 17:23:09,985: Average validation text length: 133.07 words
2025-08-01 17:23:09,985: Average test text length: 134.65 words
2025-08-01 17:23:09,985: Training on 14472 samples, validating on 1608, testing on 4020 samples
2025-08-01 17:23:23,625: Fine-tuning at Landmark 1
2025-08-01 17:23:24,478: Early stopping criterion: loss
2025-08-01 17:25:39,832: Landmark 1 | Epoch 1/20 | Train Loss: 0.1699 | Val Loss: 0.1273 | Validation AUC: 0.8627 | F1-Score: 0.0000
2025-08-01 17:25:40,194: New best model saved at /cluster/work/projects/ec12/michechi/cache/best/best_model_emilyalsentzer_Bio_ClinicalBERT_5550_landmark1_compact_no_time_rnd_3_512_landmark_all_landmarks_True_20250801_172324_.pt with AUC: 0.8627, F1: 0.0000, Val Loss: 0.1273
2025-08-01 17:27:55,562: Landmark 1 | Epoch 2/20 | Train Loss: 0.1121 | Val Loss: 0.1112 | Validation AUC: 0.8860 | F1-Score: 0.0000
2025-08-01 17:27:55,890: New best model saved at /cluster/work/projects/ec12/michechi/cache/best/best_model_emilyalsentzer_Bio_ClinicalBERT_5550_landmark1_compact_no_time_rnd_3_512_landmark_all_landmarks_True_20250801_172324_.pt with AUC: 0.8860, F1: 0.0000, Val Loss: 0.1112
2025-08-01 17:30:11,232: Landmark 1 | Epoch 3/20 | Train Loss: 0.1026 | Val Loss: 0.1155 | Validation AUC: 0.8743 | F1-Score: 0.0000
2025-08-01 17:30:11,232: No improvement in epoch 3. Current best AUC: 0.8860, F1: 0.0000, Val Loss: 0.1112. Epochs without improvement: 1/1
2025-08-01 17:30:11,232: Early stopping triggered at epoch 3. Best AUC: 0.8860, F1: 0.0000, Val Loss: 0.1112
2025-08-01 17:30:11,500: Tempo impiegato per Landmark 1: 407.9 secondi
2025-08-01 17:30:11,501: Tempo medio per epoca: 136.0 secondi
2025-08-01 17:30:11,502: Loading best model from /cluster/work/projects/ec12/michechi/cache/best/best_model_emilyalsentzer_Bio_ClinicalBERT_5550_landmark1_compact_no_time_rnd_3_512_landmark_all_landmarks_True_20250801_172324_.pt for final evaluation on test set
2025-08-01 17:30:22,699: Final Test AUC (Landmark 1): 0.8651 | Test F1-Score: 0.0000
2025-08-01 17:30:22,700: Preparing data for Landmark 2
Using device: cuda
Some weights of BertForSequenceClassification were not initialized from the model checkpoint at emilyalsentzer/Bio_ClinicalBERT and are newly initialized: ['classifier.bias', 'classifier.weight']
You should probably TRAIN this model on a down-stream task to be able to use it for predictions and inference.
2025-08-01 17:30:29,515: Average train text length: 137.85 words
2025-08-01 17:30:29,515: Average validation text length: 137.77 words
2025-08-01 17:30:29,515: Average test text length: 136.01 words
2025-08-01 17:30:29,515: Training on 14472 samples, validating on 1608, testing on 4020 samples
2025-08-01 17:30:43,929: Fine-tuning at Landmark 2
2025-08-01 17:30:43,933: Early stopping criterion: loss
2025-08-01 17:32:58,993: Landmark 2 | Epoch 1/20 | Train Loss: 0.2523 | Val Loss: 0.1975 | Validation AUC: 0.9074 | F1-Score: 0.0000
2025-08-01 17:32:59,309: New best model saved at /cluster/work/projects/ec12/michechi/cache/best/best_model_emilyalsentzer_Bio_ClinicalBERT_5550_landmark2_compact_no_time_rnd_3_512_landmark_all_landmarks_True_20250801_173043_.pt with AUC: 0.9074, F1: 0.0000, Val Loss: 0.1975
2025-08-01 17:35:14,875: Landmark 2 | Epoch 2/20 | Train Loss: 0.1959 | Val Loss: 0.1646 | Validation AUC: 0.9144 | F1-Score: 0.2800
2025-08-01 17:35:15,206: New best model saved at /cluster/work/projects/ec12/michechi/cache/best/best_model_emilyalsentzer_Bio_ClinicalBERT_5550_landmark2_compact_no_time_rnd_3_512_landmark_all_landmarks_True_20250801_173043_.pt with AUC: 0.9144, F1: 0.2800, Val Loss: 0.1646
2025-08-01 17:37:30,809: Landmark 2 | Epoch 3/20 | Train Loss: 0.1792 | Val Loss: 0.1628 | Validation AUC: 0.9142 | F1-Score: 0.3558
2025-08-01 17:37:31,115: New best model saved at /cluster/work/projects/ec12/michechi/cache/best/best_model_emilyalsentzer_Bio_ClinicalBERT_5550_landmark2_compact_no_time_rnd_3_512_landmark_all_landmarks_True_20250801_173043_.pt with AUC: 0.9142, F1: 0.3558, Val Loss: 0.1628
2025-08-01 17:39:46,691: Landmark 2 | Epoch 4/20 | Train Loss: 0.1580 | Val Loss: 0.1703 | Validation AUC: 0.8980 | F1-Score: 0.3558
2025-08-01 17:39:46,691: No improvement in epoch 4. Current best AUC: 0.9142, F1: 0.3558, Val Loss: 0.1628. Epochs without improvement: 1/1
2025-08-01 17:39:46,691: Early stopping triggered at epoch 4. Best AUC: 0.9142, F1: 0.3558, Val Loss: 0.1628
2025-08-01 17:39:46,938: Tempo impiegato per Landmark 2: 543.0 secondi
2025-08-01 17:39:46,938: Tempo medio per epoca: 135.8 secondi
2025-08-01 17:39:46,940: Loading best model from /cluster/work/projects/ec12/michechi/cache/best/best_model_emilyalsentzer_Bio_ClinicalBERT_5550_landmark2_compact_no_time_rnd_3_512_landmark_all_landmarks_True_20250801_173043_.pt for final evaluation on test set
2025-08-01 17:39:58,126: Final Test AUC (Landmark 2): 0.8931 | Test F1-Score: 0.3393
2025-08-01 17:39:58,126: Preparing data for Landmark 3
Using device: cuda
Some weights of BertForSequenceClassification were not initialized from the model checkpoint at emilyalsentzer/Bio_ClinicalBERT and are newly initialized: ['classifier.bias', 'classifier.weight']
You should probably TRAIN this model on a down-stream task to be able to use it for predictions and inference.
2025-08-01 17:40:07,562: Average train text length: 180.40 words
2025-08-01 17:40:07,563: Average validation text length: 176.07 words
2025-08-01 17:40:07,563: Average test text length: 180.19 words
2025-08-01 17:40:07,563: Training on 14472 samples, validating on 1608, testing on 4020 samples
2025-08-01 17:40:25,952: Fine-tuning at Landmark 3
2025-08-01 17:40:25,959: Early stopping criterion: loss
2025-08-01 17:42:42,098: Landmark 3 | Epoch 1/20 | Train Loss: 0.3063 | Val Loss: 0.1978 | Validation AUC: 0.9462 | F1-Score: 0.6649
2025-08-01 17:42:42,471: New best model saved at /cluster/work/projects/ec12/michechi/cache/best/best_model_emilyalsentzer_Bio_ClinicalBERT_5550_landmark3_compact_no_time_rnd_3_512_landmark_all_landmarks_True_20250801_174025_.pt with AUC: 0.9462, F1: 0.6649, Val Loss: 0.1978
2025-08-01 17:44:58,683: Landmark 3 | Epoch 2/20 | Train Loss: 0.2116 | Val Loss: 0.2013 | Validation AUC: 0.9500 | F1-Score: 0.7098
2025-08-01 17:44:58,683: No improvement in epoch 2. Current best AUC: 0.9462, F1: 0.6649, Val Loss: 0.1978. Epochs without improvement: 1/1
2025-08-01 17:44:58,683: Early stopping triggered at epoch 2. Best AUC: 0.9462, F1: 0.6649, Val Loss: 0.1978
2025-08-01 17:44:58,943: Tempo impiegato per Landmark 3: 273.0 secondi
2025-08-01 17:44:58,944: Tempo medio per epoca: 136.5 secondi
2025-08-01 17:44:58,945: Loading best model from /cluster/work/projects/ec12/michechi/cache/best/best_model_emilyalsentzer_Bio_ClinicalBERT_5550_landmark3_compact_no_time_rnd_3_512_landmark_all_landmarks_True_20250801_174025_.pt for final evaluation on test set
2025-08-01 17:45:10,148: Final Test AUC (Landmark 3): 0.9440 | Test F1-Score: 0.6866
2025-08-01 17:45:10,150: Saving results to results_medical_True_emilyalsentzer_Bio_ClinicalBERT_landmark_visits3_5550_512_compact_no_time_rnd_20250801_174510.csv
Using device: cuda
   Landmark Val AUC  ... Validation Loss Training Time (s)
0         1  0.8860  ...          0.1112             407.9
1         2  0.9142  ...          0.1628             543.0
2         3  0.9462  ...          0.1978             273.0

[3 rows x 9 columns]

Job 1838383 consumed 7.4 billing hours from project ec12.

Submitted 2025-08-01T16:54:23; waited 27.6 minutes in the queue after becoming eligible to run.

Requested wallclock time: 6.0 hours
Elapsed wallclock time:   23.3 minutes

Job exited normally.

Task and CPU statistics:
ID             CPUs  Tasks  CPU util                Start   Elapsed  Exit status
1838383          16            0.0 %  2025-08-01T17:21:57  1397.0 s  0
1838383.batch    16      1     6.1 %  2025-08-01T17:21:57  1397.0 s  0

Used CPU time:   22.9 CPU minutes
Unused CPU time: 5.8 CPU hours

Memory statistics, in GiB:
ID              Alloc   Usage
1838383          32.0        
1838383.batch    32.0     9.6

GPU usage stats:
Job 1838383 completed at Fri Aug 1 17:45:15 CEST 2025
